[32m[I/rtdm.ofw] Booting RT-Thread on physical CPU 0x0[0m
[32m[I/rtdm.ofw] Machine model: linux,dummy-virt[0m
[32m[I/rtdm.ofw] Memory node(0) ranges: 0x0000000040000000 - 0x0000000080000000[0m
[32m[I/mm.memblock] System memory:[0m
[32m[I/mm.memblock]                    [0x0000000040000000, 0x0000000080000000][0m
[32m[I/mm.memblock] Reserved memory:[0m
[32m[I/mm.memblock]                    [0x0000000040200000, 0x0000000040335000][0m
[32m[I/mm.memblock]                    [0x0000000040335000, 0x0000000044335000][0m
[32m[I/mm.memblock]                    [0x0000000044335000, 0x0000000044535000][0m
[32m[I/mm.memblock]                    [0x0000000044535000, 0x0000000044635000][0m
[32m[I/mm.memblock] physical memory region [0x0000000040000000-0x0000000040200000] installed to system page[0m
[32m[I/mm.memblock] physical memory region [0x0000000044635000-0x0000000080000000] installed to system page[0m
[32m[I/mm.memblock] 1002 MB memory installed to system page[0m
[32m[I/osi.psci] Using PSCI v1.1 Function IDs[0m
[32m[I/rtdm.ofw] Console: uart0 (<no-node>)[0m

 \ | /
- RT -     Thread Operating System
 / | \     5.2.2 build Aug 21 2026 02:00:46
 2006 - 2024 Copyright by RT-Thread team
lwIP-2.1.2 initialized!
[32m[I/sal.skt] Socket Abstraction Layer initialize success.[0m
[32m[I/rtdm.mnt] File system initialization done[0m
Axvisor RT-Thread guest ready
TASK3_RTOS_READY ip=192.168.77.30 port=9877
msh />rtbench_stability 300
msh />RTBENCH_STABILITY_BEGIN seconds=300 expected=299999
[32m[I/rtipic.srv] server starting on 192.168.77.30:9876[0m
RTIPC_SERVER_READY ip=192.168.77.30 port=9876
[32m[I/rtipic.srv] listening...[0m
RTBENCH metric=stability_jitter run=1 expected=299999 collected=299999 missing=0 p50_ns=624 p95_ns=3200 p99_ns=10608 p99_9_ns=37280 max_ns=176432 miss_100us=15 miss_500us=0 miss_1ms=0 mean_ns=1171
RTBENCH metric=callback_exec run=1 expected=299999 collected=299999 missing=0 p50_ns=112 p95_ns=176 p99_ns=448 p99_9_ns=8336 max_ns=36672 miss_100us=0 miss_500us=0 miss_1ms=0 mean_ns=143
RTBENCH_STABILITY_END status=PASS expected=299999 collected=299999 missing=0
RTBENCH_STABILITY_DONE
