root=/dev/nvme0n1 rw init=/bin/sh
VM Load @PA:0x40200000
VM Load Offset: 0xffff0000c0200000
Memory Map:
  Free   0x00000040000000 - 0x00000040200000 (2 MiB)
  KImg   0x00000040200000 - 0x00000043a00000 (56 MiB)
  Free   0x00000043a00000 - 0x00000240000000 (7.94 GiB)
Initialize RAM allocator: 0x43a00000..0x240000000
Reserving CPU-local areas
CPU-local area stride: 0x44000 bytes
Total CPU-local allocation: 0x110000 bytes (4 CPUs)
Flushed RAM used range to memory map: 0x43a00000..0x43b00000, current: 0x43b00000
Flushed RAM used range to memory map: 0x43b00000..0x43c10000, current: 0x43c10000
CPU-local areas allocated at 0x43b00000 - 0x43c10000
EL: 2
Mapping early memory regions...
Ram                 : [0x0000000040000000, 0x0000000240000000) -> [0x0000000040000000, 0x0000000240000000) (8 GiB)
KImage              : [0x0000ffff80000000, 0x0000ffff83800000) -> [0x0000000040200000, 0x0000000043a00000) (56 MiB)
PerCpu              : [0x0000ff0043b00000, 0x0000ff0043c10000) -> [0x0000000043b00000, 0x0000000043c10000) (1.06 MiB)
Debug serial        : [0x0000000009000000, 0x0000000009001000) -> [0x0000000009000000, 0x0000000009001000) (4 KiB)
Boot page table at physical address: PA:0x43c10000
Setting up table registers...
MMU Entry point at physical address: 0x4045c500
Trap vector at 0xffff80260000
Memory Map:
  MMIO   0x00000009000000 - 0x00000009001000 (4 KiB)
  Free   0x00000040000000 - 0x00000040200000 (2 MiB)
  KImg   0x00000040200000 - 0x00000043a00000 (56 MiB)
  Rsv    0x00000043a00000 - 0x00000043b00000 (1 MiB)
  PerCPU 0x00000043b00000 - 0x00000043c10000 (1.06 MiB)
  Rsv    0x00000043c10000 - 0x00000043c1a000 (40 KiB)
  Free   0x00000043c1a000 - 0x00000240000000 (7.94 GiB)
Jumping to main entry point at 0xffff8024432c with SP 0x0000ff0043b44000

       d8888                            .d88888b.   .d8888b.
      d88888                           d88P" "Y88b d88P  Y88b
     d88P888                           888     888 Y88b.
    d88P 888 888d888  .d8888b  .d88b.  888     888  "Y888b.
   d88P  888 888P"   d88P"    d8P  Y8b 888     888     "Y88b.
  d88P   888 888     888      88888888 888     888       "888
 d8888888888 888     Y88b.    Y8b.     Y88b. .d88P Y88b  d88P
d88P     888 888      "Y8888P  "Y8888   "Y88888P"   "Y8888P"

arch = aarch64
platform = linux,dummy-virt
target = aarch64-unknown-none-softfloat
build_mode = 
log_level = info
backtrace = false
smp = 3

[37m[  0.048481 ax_runtime:220] [32mLogging is enabled.[m
[m[37m[  0.048769 ax_runtime:221] [32mPrimary CPU 0 started, arg = 0x43a00000.[m
[m[37m[  0.048850 ax_runtime:223] [32mFound physcial memory regions:[m
[m[37m[  0.049571 ax_runtime:225] [32m  [PA:0x9000000, PA:0x9001000) mmio (READ | WRITE | DEVICE | RESERVED)[m
[m[37m[  0.049744 ax_runtime:225] [32m  [PA:0x40000000, PA:0x40200000) free memory (READ | WRITE | FREE)[m
[m[37m[  0.049852 ax_runtime:225] [32m  [PA:0x40200000, PA:0x43a00000) reserved (READ | WRITE | EXECUTE | RESERVED)[m
[m[37m[  0.049954 ax_runtime:225] [32m  [PA:0x43a00000, PA:0x43b00000) reserved (READ | WRITE | EXECUTE | RESERVED)[m
[m[37m[  0.050049 ax_runtime:225] [32m  [PA:0x43b00000, PA:0x43c10000) reserved (READ | WRITE | EXECUTE | RESERVED)[m
[m[37m[  0.050145 ax_runtime:225] [32m  [PA:0x43c10000, PA:0x43c1a000) reserved (READ | WRITE | EXECUTE | RESERVED)[m
[m[37m[  0.050240 ax_runtime:225] [32m  [PA:0x43c1a000, PA:0x240000000) free memory (READ | WRITE | FREE)[m
[m[37m[  0.050343 ax_runtime:373] [32mInitialize global memory allocator...[m
[m[37m[  0.050423 ax_runtime:374] [32m  use buddy-slab-allocator allocator.[m
[m[37m[  0.050568 ax_alloc::buddy_slab:158] [32mInitialize global memory allocator, start_vaddr: 0x43c1a000, size: 0x1fc3e6000[m
[m[37m[  0.055739 ax_alloc::buddy_slab:424] [32mglobal allocator initialized[m
[m[37m[  0.055872 ax_alloc::buddy_slab:168] [32mAdd memory region, start_vaddr: 0x40000000, size: 0x200000[m
[m[37m[  0.056005 buddy_slab_allocator::global:151] [32mGlobalAllocator: skip region 0x40000000+0x200000, no allocator-visible memory after 2097152 alignment[m
[m[37m[  0.056257 ax_runtime:260] [32mkernel aspace: [VA:0x0, VA:0xffffffffffffffff)[m
[m[37m[  0.056393 ax_mm:103] [32mInitialize virtual memory management...[m
[m[37m[  0.564120 ax_runtime:272] [32mInitialize platform devices...[m
[m[37m[  0.569225 someboot::arch::power:23] [32mPower management method : SMC[m
[m[37m[  0.569381 somehal::driver:5] [32mInitializing rdrive with FDT at 0x43a00000[m
[m[37m[  0.579794 somehal::arch::gic::v3:284] [32mGICv3 CPU 0 EOI mode: two_step=true[m
[m[37m[  0.585457 ax_task::api:137] [32mInitialize scheduling...[m
[m[37m[  0.586518 ax_task::api:145] [32m  use Round-robin scheduler.[m
[m[37m[  0.586792 ax_runtime:298] [32mInitialize interrupt handlers...[m
[m[37m[  0.588493 ax_runtime::devices:2] [32mProbe platform devices...[m
[m[37m[  0.609271 ax_driver::block::nvme:42] [32mNVMe PCI endpoint 0000:00:01.0: BAR0=0x8000000000..0x8000004000, int_pin=1, int_line=0[m
[m[37m[  0.620390 nvme_driver::nvme:161] [32mNVME @0x8000000000 deferred init, version: 1.4.0[m
[m[37m[  0.620903 ax_driver::block::nvme:74] [32mNVMe block device registered at 0000:00:01.0 with 65 MSI-X vectors[m
[m[37m[  0.625554 ax_fs_ng::block::runtime::lifecycle::device:300] [32mblock device nvme IRQ source 0 (IrqId { domain: IrqDomainId(9), hwirq: HwIrq(0) }) fixed to CPU 0 for queue mask 0x0[m
[m[37m[  0.644727 ax_fs_ng::block::runtime::hctx:177] [32mblock hctx 0 bound to CPU 0 with hardware depth 63[m
[m[37m[  0.645154 ax_fs_ng::block::runtime::lifecycle::device:300] [32mblock device nvme IRQ source 1 (IrqId { domain: IrqDomainId(9), hwirq: HwIrq(1) }) fixed to CPU 0 for queue mask 0x1[m
[m[37m[  0.650467 ax_fs_ng::root:341] [32m    raw device fs=Some(Ext4)[m
[m[37m[  0.650644 ax_fs_ng::root:372] [32m  block device 0 (nvme) has no usable partition table; treating the whole disk as a candidate[m
[m[37m[  0.651002 ax_fs_ng::root:481] [32m  matched root by raw device path on disk0 raw device[m
[m[37m[  0.651378 ax_fs_ng:86] [32mInitialize filesystem subsystem...[m
[m[37m[  0.651457 ax_fs_ng:87] [32m  selected root device: disk0 raw device[m
[m[37m[  0.653994 rsext4::crc32c::arm64:54] [33mID_AA64ISAR0_EL1[19:16]: 0x1[m
[m[37m[  0.654088 rsext4::crc32c::arm64:57] [33mHardware CRC32C support detected.[m
[m[37m[  0.659355 rsext4::ext4::mount:331] [32m/lost+found exists (superblock hint inode=11)[m
[m[37m[  0.660359 rsext4::ext4::mount:466] [32mExt4 filesystem mounted[m
[m[37m[  0.660445 rsext4::ext4::mount:467] [32m  - block size: 4096 bytes[m
[m[37m[  0.660525 rsext4::ext4::mount:468] [32m  - total blocks: 8192[m
[m[37m[  0.660599 rsext4::ext4::mount:469] [32m  - free blocks: 1226[m
[m[37m[  0.660675 rsext4::ext4::mount:470] [32m  - total inodes: 8192[m
[m[37m[  0.660747 rsext4::ext4::mount:471] [32m  - free inodes: 8151[m
[m[37m[  0.660829 rsext4::ext4::sync:13] [32mSyncing filesystem...[m
[m[37m[  0.666845 rsext4::ext4::mount:550] [32mExt4 filesystem mounted[m
[m[37m[  0.667278 ax_fs_ng:99] [32m  filesystem type: "ext4"[m
[m[37m[  0.674699 somehal::arch::gic::v3:284] [32mGICv3 CPU 1 EOI mode: two_step=true[m
[m[37m[  0.675237 ax_runtime::mp:79] [32mSecondary CPU 1 started.[m
[m[37m[  0.675793 ax_runtime::mp:110] [32mSecondary CPU 1 init OK.[m
[m[37m[  0.681583 somehal::arch::gic::v3:284] [32mGICv3 CPU 2 EOI mode: two_step=true[m
[m[37m[  0.681802 ax_runtime::mp:79] [32mSecondary CPU 2 started.[m
[m[37m[  0.681840 ax_runtime:346] [32mPrimary CPU 0 init OK.[m
[m[37m[  0.682178 ax_runtime::mp:110] [32mSecondary CPU 2 init OK.[m
[m[37m[  0.688745 0:4 ax_fs_ng::block::runtime::hctx:177] [32mblock hctx 1 bound to CPU 1 with hardware depth 63[m
[m[37m[  0.688961 0:4 ax_fs_ng::block::runtime::hctx:177] [32mblock hctx 2 bound to CPU 2 with hardware depth 63[m
[m[37m[  0.689284 0:4 ax_fs_ng::block::runtime::lifecycle::device:300] [32mblock device nvme IRQ source 2 (IrqId { domain: IrqDomainId(9), hwirq: HwIrq(2) }) fixed to CPU 1 for queue mask 0x2[m
[m[37m[  0.689589 0:4 ax_fs_ng::block::runtime::lifecycle::device:300] [32mblock device nvme IRQ source 3 (IrqId { domain: IrqDomainId(9), hwirq: HwIrq(3) }) fixed to CPU 2 for queue mask 0x4[m
[m[37m[  0.690921 0:2 ax_fs_ng::block::runtime::lifecycle::device:385] [32mblock device nvme online with 3 hctxs across 3 CPUs[m
[m

       d8888            888     888  d8b
      d88888            888     888  Y8P
     d88P888            888     888
    d88P 888  888  888  Y88b   d88P  888  .d8888b    .d88b.   888d888
   d88P  888  `Y8bd8P'   Y88b d88P   888  88K       d88""88b  888P"
  d88P   888    X88K      Y88o88P    888  "Y8888b.  888  888  888
 d8888888888  .d8""8b.     Y888P     888       X88  Y88..88P  888
d88P     888  888  888      Y8P      888   88888P'   "Y88P"   888


by AxVisor Team

[37m[  0.693053 0:2 axvisor:73] [32mStarting virtualization...[m
[m[37m[  0.693190 0:2 axvm::host::arceos:349] [32mEnabling hardware virtualization support on all cores...[m
[m[37m[  0.693365 0:2 axvm::host::arceos:355] [32mCore 0 is initializing hardware virtualization support...[m
[m[37m[  0.693507 0:2 axvm::timer:318] [32mInitializing AxVM timer wheel...[m
[m[37m[  0.697615 0:2 axvm::host::arceos:357] [32mHardware virtualization support enabled on core 0[m
[m[37m[  0.698026 1:15 axvm::host::arceos:367] [32mCore 1 is initializing hardware virtualization support...[m
[m[37m[  0.698093 0:2 axvm::host::arceos:383] [32mWaiting for all cores to enable hardware virtualization...[m
[m[37m[  0.698325 1:15 axvm::timer:318] [32mInitializing AxVM timer wheel...[m
[m[37m[  0.698102 2:16 axvm::host::arceos:367] [32mCore 2 is initializing hardware virtualization support...[m
[m[37m[  0.698863 2:16 axvm::timer:318] [32mInitializing AxVM timer wheel...[m
[m[37m[  0.699135 1:15 axvm::host::arceos:370] [32mHardware virtualization support enabled on core 1[m
[m[37m[  0.699240 2:16 axvm::host::arceos:370] [32mHardware virtualization support enabled on core 2[m
[m[37m[  0.699948 0:2 axvm::host::arceos:399] [32mAll cores have enabled hardware virtualization support.[m
[m[37m[  0.703300 0:2 axvisor::manager:143] [32mNOT find dir: /guest/vm_default in filesystem[m
[m[37m[  0.703505 0:2 axvisor::config:90] [32mUsing static VM configs.[m
[m[37m[  0.716384 0:2 axvm::arch::aarch64::fdt::core:79] [32mVM[1] virtual GIC follows host firmware resources: GuestGicProfile { compatible: "arm,gic-v3", node_path: "/intc@8000000", node_phandle: Some(32773), distributor: GuestMmioRegion { base: 134217728, length: 65536 }, cpu_region: Redistributors(GuestGicRedistributorProfile { regions: [GuestMmioRegion { base: 134873088, length: 16121856 }], stride: 131072 }), its: [GuestItsProfile { id: ItsId(0), node_path: "/intc@8000000/its@8080000", node_phandle: Some(32774), registers: GuestMmioRegion { base: 134742016, length: 131072 } }] }[m
[m[37m[  0.718799 0:2 axvm::arch::aarch64::fdt::core:93] [32mVM[1] architectural timer follows host firmware PPIs[m
[m[37m[  0.722838 0:2 axvm::arch::aarch64::fdt::core::parser:442] [32mCPU node: /cpus/cpu@0, node_id: 0x0, hardware_cpu_id: 0x0[m
[m[37m[  0.723043 0:2 axvm::arch::aarch64::fdt::core::parser:442] [32mCPU node: /cpus/cpu@1, node_id: 0x1, hardware_cpu_id: 0x1[m
[m[37m[  0.723218 0:2 axvm::arch::aarch64::fdt::core::parser:442] [32mCPU node: /cpus/cpu@2, node_id: 0x2, hardware_cpu_id: 0x2[m
[m[37m[  0.723376 0:2 axvm::arch::aarch64::fdt::core::parser:442] [32mCPU node: /cpus/cpu@3, node_id: 0x3, hardware_cpu_id: 0x3[m
[m[37m[  0.723588 0:2 axvm::arch::aarch64::fdt::core::parser:449] [32mFound 4 host CPU nodes[m
[m[37m[  0.724188 0:2 axvm::arch::aarch64::fdt::core:144] [32mVM[1] DTB not found, generating from the VM configuration[m
[m[37m[  0.736312 0:2 axvm::arch::aarch64::fdt::core::device:96] [32mFound excluded devices: ["/virtio_mmio@a000000", "/virtio_mmio@a000200", "/virtio_mmio@a000400", "/virtio_mmio@a000600", "/virtio_mmio@a000800", "/virtio_mmio@a000a00", "/virtio_mmio@a000c00", "/virtio_mmio@a000e00", "/virtio_mmio@a001000", "/virtio_mmio@a001200", "/virtio_mmio@a001400", "/virtio_mmio@a001600", "/virtio_mmio@a001800", "/virtio_mmio@a001a00", "/virtio_mmio@a001c00", "/virtio_mmio@a001e00", "/virtio_mmio@a002000", "/virtio_mmio@a002200", "/virtio_mmio@a002400", "/virtio_mmio@a002600", "/virtio_mmio@a002800", "/virtio_mmio@a002a00", "/virtio_mmio@a002c00", "/virtio_mmio@a002e00", "/virtio_mmio@a003000", "/virtio_mmio@a003200", "/virtio_mmio@a003400", "/virtio_mmio@a003600", "/virtio_mmio@a003800", "/virtio_mmio@a003a00", "/virtio_mmio@a003c00", "/virtio_mmio@a003e00", "/pcie@10000000", "/pl061@9030000", "/pl031@9010000", "/gpio-key-poweroff", "/intc@8000000", "/pl011@9000000", "/timer", "/intc@8000000/its@8080000"][m
[m[37m[  0.744988 0:2 axvm::arch::aarch64::fdt::core::device:96] [32mFound excluded devices: ["/virtio_mmio@a000000", "/virtio_mmio@a000200", "/virtio_mmio@a000400", "/virtio_mmio@a000600", "/virtio_mmio@a000800", "/virtio_mmio@a000a00", "/virtio_mmio@a000c00", "/virtio_mmio@a000e00", "/virtio_mmio@a001000", "/virtio_mmio@a001200", "/virtio_mmio@a001400", "/virtio_mmio@a001600", "/virtio_mmio@a001800", "/virtio_mmio@a001a00", "/virtio_mmio@a001c00", "/virtio_mmio@a001e00", "/virtio_mmio@a002000", "/virtio_mmio@a002200", "/virtio_mmio@a002400", "/virtio_mmio@a002600", "/virtio_mmio@a002800", "/virtio_mmio@a002a00", "/virtio_mmio@a002c00", "/virtio_mmio@a002e00", "/virtio_mmio@a003000", "/virtio_mmio@a003200", "/virtio_mmio@a003400", "/virtio_mmio@a003600", "/virtio_mmio@a003800", "/virtio_mmio@a003a00", "/virtio_mmio@a003c00", "/virtio_mmio@a003e00", "/pcie@10000000", "/pl061@9030000", "/pl031@9010000", "/gpio-key-poweroff", "/intc@8000000", "/pl011@9000000", "/timer", "/intc@8000000/its@8080000"][m
[m[37m[  0.747144 0:2 axvisor::config:137] [32mCreating VM[1] "linux-net"[m
[m[37m[  0.747616 0:2 axvm::arch::aarch64::vgic::plan:214] [32massigned_spis: 0 passthrough interrupts configured[m
[m[37m[  0.759284 0:2 axvm::vm:821] [32mVM created: id=1[m
[m[37m[  0.760262 0:2 axvisor::config:149] [32mVM[1] created success, loading images...[m
[m[37m[  0.841275 0:2 axvm::boot::images:137] [32mLoading ramdisk image from memory (2947584 bytes) into GPA @0x8c000000[m
[m[37m[  0.858376 0:2 axdevice::device:1232] [32mDeviceRuntime: registered device id=0[m
[m[37m[  0.858713 0:2 axdevice::device:1232] [32mDeviceRuntime: registered device id=1[m
[m[37m[  0.858878 0:2 axdevice::device:1232] [32mDeviceRuntime: registered device id=2[m
[m[37m[  0.860152 0:2 axdevice::device:1232] [32mDeviceRuntime: registered device id=3[m
[m[37m[  0.861582 0:2 axdevice::device:1232] [32mDeviceRuntime: registered device id=4[m
[m[37m[  0.864045 0:2 axvm::vm::prepare:82] [32mVM setup: id=1[m
[m[37m[  0.867429 0:2 axvm::arch::aarch64::fdt::core:79] [32mVM[3] virtual GIC follows host firmware resources: GuestGicProfile { compatible: "arm,gic-v3", node_path: "/intc@8000000", node_phandle: Some(32773), distributor: GuestMmioRegion { base: 134217728, length: 65536 }, cpu_region: Redistributors(GuestGicRedistributorProfile { regions: [GuestMmioRegion { base: 134873088, length: 16121856 }], stride: 131072 }), its: [GuestItsProfile { id: ItsId(0), node_path: "/intc@8000000/its@8080000", node_phandle: Some(32774), registers: GuestMmioRegion { base: 134742016, length: 131072 } }] }[m
[m[37m[  0.868436 0:2 axvm::arch::aarch64::fdt::core:93] [32mVM[3] architectural timer follows host firmware PPIs[m
[m[37m[  0.872326 0:2 axvm::arch::aarch64::fdt::core::parser:442] [32mCPU node: /cpus/cpu@0, node_id: 0x0, hardware_cpu_id: 0x0[m
[m[37m[  0.872501 0:2 axvm::arch::aarch64::fdt::core::parser:442] [32mCPU node: /cpus/cpu@1, node_id: 0x1, hardware_cpu_id: 0x1[m
[m[37m[  0.872671 0:2 axvm::arch::aarch64::fdt::core::parser:442] [32mCPU node: /cpus/cpu@2, node_id: 0x2, hardware_cpu_id: 0x2[m
[m[37m[  0.872835 0:2 axvm::arch::aarch64::fdt::core::parser:442] [32mCPU node: /cpus/cpu@3, node_id: 0x3, hardware_cpu_id: 0x3[m
[m[37m[  0.873021 0:2 axvm::arch::aarch64::fdt::core::parser:449] [32mFound 4 host CPU nodes[m
[m[37m[  0.873153 0:2 axvm::arch::aarch64::fdt::core:144] [32mVM[3] DTB not found, generating from the VM configuration[m
[m[37m[  0.881492 0:2 axvm::arch::aarch64::fdt::core::device:96] [32mFound excluded devices: ["/virtio_mmio@a000000", "/virtio_mmio@a000200", "/virtio_mmio@a000400", "/virtio_mmio@a000600", "/virtio_mmio@a000800", "/virtio_mmio@a000a00", "/virtio_mmio@a000c00", "/virtio_mmio@a000e00", "/virtio_mmio@a001000", "/virtio_mmio@a001200", "/virtio_mmio@a001400", "/virtio_mmio@a001600", "/virtio_mmio@a001800", "/virtio_mmio@a001a00", "/virtio_mmio@a001c00", "/virtio_mmio@a001e00", "/virtio_mmio@a002000", "/virtio_mmio@a002200", "/virtio_mmio@a002400", "/virtio_mmio@a002600", "/virtio_mmio@a002800", "/virtio_mmio@a002a00", "/virtio_mmio@a002c00", "/virtio_mmio@a002e00", "/virtio_mmio@a003000", "/virtio_mmio@a003200", "/virtio_mmio@a003400", "/virtio_mmio@a003600", "/virtio_mmio@a003800", "/virtio_mmio@a003a00", "/virtio_mmio@a003c00", "/virtio_mmio@a003e00", "/pcie@10000000", "/pl061@9030000", "/pl031@9010000", "/gpio-key-poweroff", "/intc@8000000", "/pl011@9000000", "/timer", "/intc@8000000/its@8080000"][m
[m[37m[  0.887992 0:2 axvm::arch::aarch64::fdt::core::device:96] [32mFound excluded devices: ["/virtio_mmio@a000000", "/virtio_mmio@a000200", "/virtio_mmio@a000400", "/virtio_mmio@a000600", "/virtio_mmio@a000800", "/virtio_mmio@a000a00", "/virtio_mmio@a000c00", "/virtio_mmio@a000e00", "/virtio_mmio@a001000", "/virtio_mmio@a001200", "/virtio_mmio@a001400", "/virtio_mmio@a001600", "/virtio_mmio@a001800", "/virtio_mmio@a001a00", "/virtio_mmio@a001c00", "/virtio_mmio@a001e00", "/virtio_mmio@a002000", "/virtio_mmio@a002200", "/virtio_mmio@a002400", "/virtio_mmio@a002600", "/virtio_mmio@a002800", "/virtio_mmio@a002a00", "/virtio_mmio@a002c00", "/virtio_mmio@a002e00", "/virtio_mmio@a003000", "/virtio_mmio@a003200", "/virtio_mmio@a003400", "/virtio_mmio@a003600", "/virtio_mmio@a003800", "/virtio_mmio@a003a00", "/virtio_mmio@a003c00", "/virtio_mmio@a003e00", "/pcie@10000000", "/pl061@9030000", "/pl031@9010000", "/gpio-key-poweroff", "/intc@8000000", "/pl011@9000000", "/timer", "/intc@8000000/its@8080000"][m
[m[37m[  0.889781 0:2 axvisor::config:137] [32mCreating VM[3] "rtthread-net"[m
[m[37m[  0.889893 0:2 axvm::arch::aarch64::vgic::plan:214] [32massigned_spis: 0 passthrough interrupts configured[m
[m[37m[  0.891140 0:2 axvm::vm:821] [32mVM created: id=3[m
[m[37m[  0.891303 0:2 axvisor::config:149] [32mVM[3] created success, loading images...[m
[m[37m[  0.896070 0:2 axdevice::device:1232] [32mDeviceRuntime: registered device id=0[m
[m[37m[  0.896186 0:2 axdevice::device:1232] [32mDeviceRuntime: registered device id=1[m
[m[37m[  0.896291 0:2 axdevice::device:1232] [32mDeviceRuntime: registered device id=2[m
[m[37m[  0.896470 0:2 axdevice::device:1232] [32mDeviceRuntime: registered device id=3[m
[m[37m[  0.896917 0:2 axdevice::device:1232] [32mDeviceRuntime: registered device id=4[m
[m[37m[  0.897120 0:2 axvm::vm::prepare:82] [32mVM setup: id=3[m
[m[37m[  0.897317 0:2 axvm::runtime:42] [32mInitializing VMM...[m
[m[37m[  0.897827 0:2 axvm::runtime:53] [32mVMM starting, booting VMs...[m
[m[37m[  0.898025 0:2 axvm::vm:1046] [32mStarting VM[1][m
[m[37m[  0.898213 0:2 axvm::runtime::vcpus:343] [32mSpawning task for VM[1] VCpu[0][m
[m[37m[  0.898579 0:2 axvm::runtime::vcpus:360] [32mVCpu task Task(19, "VM[1]-VCpu[0]") created cpumask: [0, 1, ][m
[m[37m[  0.900397 0:2 axvm::runtime:61] [32mVM[1] boot success[m
[m[37m[  0.900490 0:2 axvm::vm:1046] [32mStarting VM[3][m
[m[37m[  0.900576 0:2 axvm::runtime::vcpus:343] [32mSpawning task for VM[3] VCpu[0][m
[m[37m[  0.900744 0:2 axvm::runtime::vcpus:360] [32mVCpu task Task(21, "VM[3]-VCpu[0]") created cpumask: [2, ][m
[m[37m[  0.901054 0:2 axvm::runtime:61] [32mVM[3] boot success[m
[m[37m[  0.901217 2:21 axvm::runtime::vcpus:414] [32mVM[3] VCpu[0] waiting for running[m
[m[37m[  0.901527 2:21 axvm::runtime::vcpus:456] [32mVM[3] VCpu[0] running...[m
[m[37m[  0.902354 0:2 axvisor:89] [32m[OK] Default guest initialized[m
[m[37m[  0.902798 0:19 axvm::runtime::vcpus:414] [32mVM[1] VCpu[0] waiting for running[m
[m[37m[  0.902882 0:19 axvm::runtime::vcpus:456] [32mVM[1] VCpu[0] running...[m
[m[VM 3] [32m[I/rtdm.ofw] Booting RT-Thread on physical CPU 0x0[0m
[VM 3] [32m[I/rtdm.ofw] Machine model: linux,dummy-virt[0m
[VM 3] [32m[I/rtdm.ofw] Memory node(0) ranges: 0x00000000a0000000 - 0x00000000b0000000[0m
[VM 3] [32m[I/mm.memblock] System memory:[0m
[VM 3] [32m[I/mm.memblock]                    [0x00000000a0000000, 0x00000000b0000000][0m
[VM 3] [32m[I/mm.memblock] Reserved memory:[0m
[VM 3] [32m[I/mm.memblock]                    [0x00000000a0000000, 0x00000000a0100000][0m
[VM 3] [32m[I/mm.memblock]                    [0x00000000a0100000, 0x00000000a4100000][0m
[VM 3] [32m[I/mm.memblock]                    [0x00000000a4100000, 0x00000000a4300000][0m
[37m[  0.947591 0:19 axvm::runtime::hvc:258] [32mVM[1] PSCI_FEATURES function_id=0x80000000[m
[m[37m[  0.948301 0:19 axvm::runtime::hvc:258] [32mVM[1] PSCI_FEATURES function_id=0xc4000001[m
[m[37m[  0.948595 0:19 axvm::runtime::hvc:258] [32mVM[1] PSCI_FEATURES function_id=0xc400000e[m
[m[37m[  0.948827 0:19 axvm::runtime::hvc:258] [32mVM[1] PSCI_FEATURES function_id=0xc4000012[m
[m[37m[  0.949053 0:19 axvm::runtime::hvc:258] [32mVM[1] PSCI_FEATURES function_id=0xc4000015[m
[m[VM 3] [32m[I/mm.memblock]                    [0x00000000a4300000, 0x00000000a4301000][0m
[VM 3] [32m[I/mm.memblock] physical memory region [0x00000000a4301000-0x00000000b0000000] installed to system page[0m
[VM 3] [32m[I/mm.memblock] 198 MB memory installed to system page[0m
[VM 3] [32m[I/osi.psci] Using PSCI v1.1 Function IDs[0m
[VM 3] [32m[I/rtdm.ofw] Console: uart0 (<no-node>)[0m
[VM 3] 
[VM 3]  \ | /
[VM 3] - RT -     Thread Operating System
[VM 3]  / | \     5.2.2 build Aug 15 2026 23:55:41
[VM 3]  2006 - 2024 Copyright by RT-Thread team
[VM 3] lwIP-2.1.2 initialized!
[37m[  1.037067 0:19 axvisor::virtio_net:501] [33mvirtio-net drops an ingress frame: NotReady[m
[m[VM 3] [32m[I/sal.skt] Socket Abstraction Layer initialize success.[0m
[VM 3] [32m[I/rtdm.mnt] File system initialization done[0m
[37m[  1.057192 0:19 axvm::runtime::hvc:272] [32mVM[1] PSCI_CPU_ON target=0x1 entry=0x81e3f570 context=0x0[m
[m[37m[  1.057722 0:19 axvm::runtime::vcpus:343] [32mSpawning task for VM[1] VCpu[1][m
[m[37m[  1.057860 0:19 axvm::runtime::vcpus:360] [32mVCpu task Task(24, "VM[1]-VCpu[1]") created cpumask: [0, 1, ][m
[m[37m[  1.058312 0:24 axvm::runtime::vcpus:414] [32mVM[1] VCpu[1] waiting for running[m
[m[37m[  1.058723 0:24 axvm::runtime::vcpus:456] [32mVM[1] VCpu[1] running...[m
[m[VM 3] Axvisor RT-Thread guest ready
[VM 1] [    0.000000] Booting Linux on physical CPU 0x0000000000 [0x410fd083]
[VM 1] [    0.000000] Linux version 6.18.0-rc6-gfd95357fd8c6-dirty (runner@s1lqc) (aarch64-linux-gnu-gcc (Ubuntu 13.3.0-6ubuntu2~24.04) 13.3.0, GNU ld (GNU Binutils for Ubuntu) 2.42) #25 SMP PREEMPT Fri Mar 20 11:22:05 CST 2026
[VM 1] [    0.000000] KASLR disabled due to lack of seed
[VM 1] [    0.000000] Machine model: linux,dummy-virt
[VM 1] [    0.000000] efi: UEFI not found.
[VM 1] [    0.000000] OF: reserved mem: Reserved memory: No reserved-memory node in the DT
[VM 1] [    0.000000] NUMA: Faking a node at [mem 0x0000000080000000-0x000000009fffffff]
[VM 1] [    0.000000] NODE_DATA(0) allocated [mem 0x9ff06f40-0x9ff095bf]
[VM 1] [    0.000000] Zone ranges:
[VM 1] [    0.000000]   DMA      [mem 0x0000000080000000-0x000000009fffffff]
[VM 1] [    0.000000]   DMA32    empty
[VM 1] [    0.000000]   Normal   empty
[VM 1] [    0.000000] Movable zone start for each node
[VM 1] [    0.000000] Early memory node ranges
[VM 1] [    0.000000]   node   0: [mem 0x0000000080000000-0x000000009fffffff]
[VM 1] [    0.000000] Initmem setup node 0 [mem 0x0000000080000000-0x000000009fffffff]
[VM 1] [    0.000000] cma: Reserved 32 MiB at 0x000000009d600000
[VM 1] [    0.000000] psci: probing for conduit method from DT.
[VM 1] [    0.000000] psci: PSCIv1.1 detected in firmware.
[VM 1] [    0.000000] psci: Using standard PSCI v0.2 function IDs
[VM 1] [    0.000000] psci: Trusted OS migration not required
[VM 1] [    0.000000] psci: SMC Calling Convention v65535.65535
[VM 1] [    0.000000] percpu: Embedded 25 pages/cpu s62488 r8192 d31720 u102400
[VM 1] [    0.000000] Detected PIPT I-cache on CPU0
[VM 1] [    0.000000] CPU features: detected: GICv3 CPU interface
[VM 1] [    0.000000] CPU features: detected: Spectre-v2
[VM 1] [    0.000000] CPU features: detected: Spectre-v3a
[VM 1] [    0.000000] CPU features: detected: Spectre-v4
[VM 1] [    0.000000] CPU features: detected: Spectre-BHB
[VM 1] [    0.000000] CPU features: detected: ARM erratum 1742098
[VM 1] [    0.000000] CPU features: detected: ARM errata 1165522, 1319367, or 1530923
[VM 1] [    0.000000] alternatives: applying boot alternatives
[VM 1] [    0.000000] Kernel command line: 
[VM 1] [    0.000000] printk: log buffer data + meta data: 131072 + 458752 = 589824 bytes
[VM 1] [    0.000000] Dentry cache hash table entries: 65536 (order: 7, 524288 bytes, linear)
[VM 1] [    0.000000] Inode-cache hash table entries: 32768 (order: 6, 262144 bytes, linear)
[VM 1] [    0.000000] software IO TLB: SWIOTLB bounce buffer size adjusted to 0MB
[VM 1] [    0.000000] software IO TLB: area num 2.
[VM 1] [    0.000000] software IO TLB: mapped [mem 0x000000009d540000-0x000000009d5c0000] (0MB)
[VM 1] [    0.000000] Fallback order for Node 0: 0 
[VM 1] [    0.000000] Built 1 zonelists, mobility grouping on.  Total pages: 131072
[VM 1] [    0.000000] Policy zone: DMA
[VM 1] [    0.000000] mem auto-init: stack:all(zero), heap alloc:off, heap free:off
[VM 1] [    0.000000] SLUB: HWalign=64, Order=0-3, MinObjects=0, CPUs=2, Nodes=1
[VM 1] [    0.000000] rcu: Preemptible hierarchical RCU implementation.
[VM 1] [    0.000000] rcu: 	RCU event tracing is enabled.
[VM 1] [    0.000000] rcu: 	RCU restricting CPUs from NR_CPUS=512 to nr_cpu_ids=2.
[VM 1] [    0.000000] 	Trampoline variant of Tasks RCU enabled.
[VM 1] [    0.000000] 	Tracing variant of Tasks RCU enabled.
[VM 1] [    0.000000] rcu: RCU calculated value of scheduler-enlistment delay is 25 jiffies.
[VM 1] [    0.000000] rcu: Adjusting geometry for rcu_fanout_leaf=16, nr_cpu_ids=2
[VM 1] [    0.000000] RCU Tasks: Setting shift to 1 and lim to 1 rcu_task_cb_adjust=1 rcu_task_cpu_ids=2.
[VM 1] [    0.000000] RCU Tasks Trace: Setting shift to 1 and lim to 1 rcu_task_cb_adjust=1 rcu_task_cpu_ids=2.
[VM 1] [    0.000000] NR_IRQS: 64, nr_irqs: 64, preallocated irqs: 0
[VM 1] [    0.000000] GICv3: 256 SPIs implemented
[VM 1] [    0.000000] GICv3: 0 Extended SPIs implemented
[VM 1] [    0.000000] Root IRQ handler: gic_handle_irq
[VM 1] [    0.000000] GICv3: GICv3 features: 16 PPIs, RSS
[VM 1] [    0.000000] GICv3: GICD_CTLR.DS=0, SCR_EL3.FIQ=0
[VM 1] [    0.000000] GICv3: CPU0: found redistributor 0 region 0:0x00000000080a0000
[VM 1] [    0.000000] ITS [mem 0x08080000-0x0809ffff]
[VM 1] [    0.000000] ITS@0x0000000008080000: allocated 8192 Devices @83050000 (indirect, esz 8, psz 64K, shr 1)
[VM 1] [    0.000000] ITS@0x0000000008080000: allocated 8192 Interrupt Collections @83060000 (flat, esz 8, psz 64K, shr 1)
[VM 1] [    0.000000] GICv3: using LPI property table @0x0000000083070000
[VM 1] [    0.000000] GICv3: CPU0: using allocated LPI pending table @0x0000000083080000
[VM 1] [    0.000000] rcu: srcu_init: Setting srcu_struct sizes based on contention.
[VM 1] [    0.000000] arch_timer: cp15 timer running at 62.50MHz (virt).
[VM 1] [    0.000000] clocksource: arch_sys_counter: mask: 0x1ffffffffffffff max_cycles: 0x1cd42e208c, max_idle_ns: 881590405314 ns
[VM 1] [    0.000039] sched_clock: 57 bits at 63MHz, resolution 16ns, wraps every 4398046511096ns
[VM 1] [    0.003289] Console: colour dummy device 80x25
[VM 1] [    0.006136] printk: legacy console [tty0] enabled
[VM 1] [    0.008810] Calibrating delay loop (skipped), value calculated using timer frequency.. 125.00 BogoMIPS (lpj=250000)
[VM 1] [    0.009369] pid_max: default: 32768 minimum: 301
[VM 1] [    0.010425] LSM: initializing lsm=capability
[VM 1] [    0.012833] Mount-cache hash table entries: 1024 (order: 1, 8192 bytes, linear)
[VM 1] [    0.012878] Mountpoint-cache hash table entries: 1024 (order: 1, 8192 bytes, linear)
[VM 1] [    0.029669] /cpus/cpu-map/socket0/cluster0/core2: Can't get CPU for leaf core
[VM 1] [    0.031764] cacheinfo: Unable to detect cache hierarchy for CPU 0
[VM 1] [    0.038595] rcu: Hierarchical SRCU implementation.
[VM 1] [    0.038641] rcu: 	Max phase no-delay instances is 1000.
[VM 1] [    0.039726] Timer migration: 1 hierarchy levels; 8 children per group; 1 crossnode level
[VM 1] [    0.040908] fsl-mc MSI: its@8080000 domain created
[VM 1] [    0.041544] EFI services will not be available.
[VM 1] [    0.042030] smp: Bringing up secondary CPUs ...
[VM 1] [    0.046818] Detected PIPT I-cache on CPU1
[VM 1] [    0.047545] GICv3: CPU1: found redistributor 1 region 0:0x00000000080c0000
[VM 1] [    0.048929] GICv3: CPU1: using allocated LPI pending table @0x0000000083090000
[VM 1] [    0.050371] CPU1: Booted secondary processor 0x0000000001 [0x410fd083]
[VM 1] [    0.057516] smp: Brought up 1 node, 2 CPUs
[VM 1] [    0.057591] SMP: Total of 2 processors activated.
[VM 1] [    0.057616] CPU: All CPU(s) started at EL1
[VM 1] [    0.057779] CPU features: detected: 32-bit EL0 Support
[VM 1] [    0.057795] CPU features: detected: 32-bit EL1 Support
[VM 1] [    0.057836] CPU features: detected: CRC32 instructions
[VM 1] [    0.057944] CPU features: detected: PMUv3
[VM 1] [    0.090938] alternatives: applying system-wide alternatives
[VM 1] [    0.116968] Memory: 426520K/524288K available (17920K kernel code, 5422K rwdata, 12940K rodata, 11648K init, 690K bss, 62540K reserved, 32768K cma-reserved)
[VM 1] [    0.138608] devtmpfs: initialized
[VM 1] [    0.153702] clocksource: jiffies: mask: 0xffffffff max_cycles: 0xffffffff, max_idle_ns: 7645041785100000 ns
[VM 1] [    0.156044] posixtimers hash table entries: 1024 (order: 2, 16384 bytes, linear)
[VM 1] [    0.156249] futex hash table entries: 512 (32768 bytes on 1 NUMA nodes, total 32 KiB, linear).
[VM 1] [    0.157681] 20544 pages in range for non-PLT usage
[VM 1] [    0.157710] 512064 pages in range for PLT usage
[VM 1] [    0.159292] pinctrl core: initialized pinctrl subsystem
[VM 1] [    0.164573] DMI not present or invalid.
[VM 1] [    0.236928] NET: Registered PF_NETLINK/PF_ROUTE protocol family
[VM 1] [    0.245004] DMA: preallocated 128 KiB GFP_KERNEL pool for atomic allocations
[VM 1] [    0.247102] DMA: preallocated 128 KiB GFP_KERNEL|GFP_DMA pool for atomic allocations
[VM 1] [    0.248148] DMA: preallocated 128 KiB GFP_KERNEL|GFP_DMA32 pool for atomic allocations
[VM 1] [    0.248329] audit: initializing netlink subsys (disabled)
[VM 1] [    0.253168] thermal_sys: Registered thermal governor 'step_wise'
[VM 1] [    0.253198] thermal_sys: Registered thermal governor 'power_allocator'
[VM 1] [    0.253434] cpuidle: using governor menu
[VM 1] [    0.254079] hw-breakpoint: found 6 breakpoint and 4 watchpoint registers.
[VM 1] [    0.254870] audit: type=2000 audit(0.164:1): state=initialized audit_enabled=0 res=1
[VM 1] [    0.255894] ASID allocator initialised with 65536 entries
[VM 1] [    0.259567] Serial: AMBA PL011 UART driver
[VM 1] [    0.274503] 9000000.pl011: ttyAMA0 at MMIO 0x9000000 (irq = 13, base_baud = 0) is a PL011 rev1
[VM 1] [    0.278075] printk: console [ttyAMA0] enabled
[VM 1] [    0.342500] HugeTLB: registered 1.00 GiB page size, pre-allocated 0 pages
[VM 1] [    0.342541] HugeTLB: 0 KiB vmemmap can be freed for a 1.00 GiB page
[VM 1] [    0.342571] HugeTLB: registered 32.0 MiB page size, pre-allocated 0 pages
[VM 1] [    0.342583] HugeTLB: 0 KiB vmemmap can be freed for a 32.0 MiB page
[VM 1] [    0.342596] HugeTLB: registered 2.00 MiB page size, pre-allocated 0 pages
[VM 1] [    0.342607] HugeTLB: 0 KiB vmemmap can be freed for a 2.00 MiB page
[VM 1] [    0.342619] HugeTLB: registered 64.0 KiB page size, pre-allocated 0 pages
[VM 1] [    0.342630] HugeTLB: 0 KiB vmemmap can be freed for a 64.0 KiB page
[VM 1] [    0.446973] ACPI: Interpreter disabled.
[VM 1] [    0.451104] iommu: Default domain type: Translated
[VM 1] [    0.451156] iommu: DMA domain TLB invalidation policy: strict mode
[VM 1] [    0.456440] SCSI subsystem initialized
[VM 1] [    0.468174] usbcore: registered new interface driver usbfs
[VM 1] [    0.468367] usbcore: registered new interface driver hub
[VM 1] [    0.468459] usbcore: registered new device driver usb
[VM 1] [    0.469030] pps_core: LinuxPPS API ver. 1 registered
[VM 1] [    0.469048] pps_core: Software ver. 5.3.6 - Copyright 2005-2007 Rodolfo Giometti <giometti@linux.it>
[VM 1] [    0.469091] PTP clock support registered
[VM 3] msh />[32m[I/rtipic.srv] server starting on 192.168.77.30:9876[0m
[VM 1] [    0.469217] EDAC MC: Ver: 3.0.0
[VM 3] [32m[I/rtipic.srv] listening...[0m
[VM 1] [    0.477371] scmi_core: SCMI protocol bus registered
[VM 1] [    0.494724] FPGA manager framework
[VM 1] [    0.503805] vgaarb: loaded
[VM 1] [    0.541987] clocksource: Switched to clocksource arch_sys_counter
[VM 1] [    0.554696] VFS: Disk quotas dquot_6.6.0

[Axvisor] attached VM[3] console; use Ctrl+X, then h to return to the shell
rtbench_stability 300
RTBENCH_STABILITY_BEGIN seconds=300 expected=299999
msh />[32m[I/rtipic.srv] client connected[0m
[32m[I/rtipic.srv] stats: msgs=2613 bytes=111KB conn=1[0m
[32m[I/rtipic.srv] proto: state=3 tx=1297 rx=1297 retrans=0 timeouts=0 dup=0 reorder=0 errors=0 acks=1297[0m
[32m[I/rtipic.srv] stats: msgs=6841 bytes=292KB conn=1[0m
[32m[I/rtipic.srv] proto: state=3 tx=3396 rx=3396 retrans=0 timeouts=0 dup=0 reorder=0 errors=0 acks=3396[0m
[32m[I/rtipic.srv] stats: msgs=10965 bytes=468KB conn=1[0m
[32m[I/rtipic.srv] proto: state=3 tx=5443 rx=5443 retrans=0 timeouts=0 dup=0 reorder=0 errors=0 acks=5443[0m
[32m[I/rtipic.srv] stats: msgs=14974 bytes=640KB conn=1[0m
[32m[I/rtipic.srv] proto: state=3 tx=7433 rx=7433 retrans=0 timeouts=0 dup=0 reorder=0 errors=0 acks=7433[0m
[32m[I/rtipic.srv] stats: msgs=19386 bytes=828KB conn=1[0m
[32m[I/rtipic.srv] proto: state=3 tx=9624 rx=9624 retrans=0 timeouts=0 dup=0 reorder=0 errors=0 acks=9624[0m
[32m[I/rtipic.srv] stats: msgs=23362 bytes=998KB conn=1[0m
[32m[I/rtipic.srv] proto: state=3 tx=11597 rx=11597 retrans=0 timeouts=0 dup=0 reorder=0 errors=0 acks=11597[0m
[32m[I/rtipic.srv] stats: msgs=27123 bytes=1159KB conn=1[0m
[32m[I/rtipic.srv] proto: state=3 tx=13463 rx=13463 retrans=0 timeouts=0 dup=0 reorder=0 errors=0 acks=13463[0m
[32m[I/rtipic.srv] stats: msgs=30926 bytes=1321KB conn=1[0m
[32m[I/rtipic.srv] proto: state=3 tx=15349 rx=15349 retrans=0 timeouts=0 dup=0 reorder=0 errors=0 acks=15349[0m
[32m[I/rtipic.srv] stats: msgs=35081 bytes=1499KB conn=1[0m
[32m[I/rtipic.srv] proto: state=3 tx=17412 rx=17412 retrans=0 timeouts=0 dup=0 reorder=0 errors=0 acks=17412[0m
[32m[I/rtipic.srv] stats: msgs=39069 bytes=1669KB conn=1[0m
[32m[I/rtipic.srv] proto: state=3 tx=19391 rx=19391 retrans=0 timeouts=0 dup=0 reorder=0 errors=0 acks=19391[0m
[32m[I/rtipic.srv] stats: msgs=43159 bytes=1844KB conn=1[0m
[32m[I/rtipic.srv] proto: state=3 tx=21421 rx=21421 retrans=0 timeouts=0 dup=0 reorder=0 errors=0 acks=21421[0m
[32m[I/rtipic.srv] stats: msgs=47235 bytes=2018KB conn=1[0m
[32m[I/rtipic.srv] proto: state=3 tx=23444 rx=23444 retrans=0 timeouts=0 dup=0 reorder=0 errors=0 acks=23444[0m
[32m[I/rtipic.srv] stats: msgs=51202 bytes=2188KB conn=1[0m
[32m[I/rtipic.srv] proto: state=3 tx=25413 rx=25413 retrans=0 timeouts=0 dup=0 reorder=0 errors=0 acks=25413[0m
[32m[I/rtipic.srv] stats: msgs=55368 bytes=2366KB conn=1[0m
[32m[I/rtipic.srv] proto: state=3 tx=27481 rx=27481 retrans=0 timeouts=0 dup=0 reorder=0 errors=0 acks=27481[0m
[32m[I/rtipic.srv] stats: msgs=59640 bytes=2549KB conn=1[0m
[32m[I/rtipic.srv] proto: state=3 tx=29602 rx=29602 retrans=0 timeouts=0 dup=0 reorder=0 errors=0 acks=29602[0m
[32m[I/rtipic.srv] stats: msgs=63608 bytes=3013KB conn=1[0m
[32m[I/rtipic.srv] proto: state=3 tx=31571 rx=31571 retrans=0 timeouts=0 dup=0 reorder=0 errors=0 acks=31571[0m
[32m[I/rtipic.srv] stats: msgs=67314 bytes=3516KB conn=1[0m
[32m[I/rtipic.srv] proto: state=3 tx=33409 rx=33409 retrans=0 timeouts=0 dup=0 reorder=0 errors=0 acks=33409[0m
[32m[I/rtipic.srv] stats: msgs=71076 bytes=4026KB conn=1[0m
[32m[I/rtipic.srv] proto: state=3 tx=35276 rx=35276 retrans=0 timeouts=0 dup=0 reorder=0 errors=0 acks=35275[0m
[32m[I/rtipic.srv] stats: msgs=74853 bytes=4539KB conn=1[0m
[32m[I/rtipic.srv] proto: state=3 tx=37149 rx=37149 retrans=0 timeouts=0 dup=0 reorder=0 errors=0 acks=37149[0m
[32m[I/rtipic.srv] stats: msgs=78667 bytes=5057KB conn=1[0m
[32m[I/rtipic.srv] proto: state=3 tx=39041 rx=39041 retrans=0 timeouts=0 dup=0 reorder=0 errors=0 acks=39041[0m
[32m[I/rtipic.srv] stats: msgs=82493 bytes=5576KB conn=1[0m
[32m[I/rtipic.srv] proto: state=3 tx=40939 rx=40939 retrans=0 timeouts=0 dup=0 reorder=0 errors=0 acks=40939[0m
[32m[I/rtipic.srv] stats: msgs=86437 bytes=6111KB conn=1[0m
[32m[I/rtipic.srv] proto: state=3 tx=42896 rx=42896 retrans=0 timeouts=0 dup=0 reorder=0 errors=0 acks=42896[0m
[32m[I/rtipic.srv] stats: msgs=90412 bytes=6651KB conn=1[0m
[32m[I/rtipic.srv] proto: state=3 tx=44869 rx=44869 retrans=0 timeouts=0 dup=0 reorder=0 errors=0 acks=44869[0m
[32m[I/rtipic.srv] stats: msgs=94250 bytes=7172KB conn=1[0m
[32m[I/rtipic.srv] proto: state=3 tx=46773 rx=46773 retrans=0 timeouts=0 dup=0 reorder=0 errors=0 acks=46773[0m
[32m[I/rtipic.srv] stats: msgs=98067 bytes=7690KB conn=1[0m
[32m[I/rtipic.srv] proto: state=3 tx=48667 rx=48667 retrans=0 timeouts=0 dup=0 reorder=0 errors=0 acks=48667[0m
[32m[I/rtipic.srv] stats: msgs=101893 bytes=8210KB conn=1[0m
[32m[I/rtipic.srv] proto: state=3 tx=50565 rx=50565 retrans=0 timeouts=0 dup=0 reorder=0 errors=0 acks=50565[0m
[32m[I/rtipic.srv] stats: msgs=105827 bytes=8744KB conn=1[0m
[32m[I/rtipic.srv] proto: state=3 tx=52518 rx=52518 retrans=0 timeouts=0 dup=0 reorder=0 errors=0 acks=52517[0m
[32m[I/rtipic.srv] stats: msgs=109570 bytes=9252KB conn=1[0m
[32m[I/rtipic.srv] proto: state=3 tx=54374 rx=54374 retrans=0 timeouts=0 dup=0 reorder=0 errors=0 acks=54374[0m
[32m[I/rtipic.srv] stats: msgs=113788 bytes=9825KB conn=1[0m
[32m[I/rtipic.srv] proto: state=3 tx=56468 rx=56468 retrans=0 timeouts=0 dup=0 reorder=0 errors=0 acks=56468[0m
[32m[I/rtipic.srv] stats: msgs=117802 bytes=10370KB conn=1[0m
[32m[I/rtipic.srv] proto: state=3 tx=58460 rx=58460 retrans=0 timeouts=0 dup=0 reorder=0 errors=0 acks=58460[0m
RTBENCH metric=stability_jitter run=1 expected=299999 collected=299999 missing=0 p50_ns=48368 p95_ns=283344 p99_ns=381520 p99_9_ns=476704 max_ns=2613968 miss_100us=84451 miss_500us=151 miss_1ms=3 mean_ns=87398
RTBENCH metric=callback_exec run=1 expected=299999 collected=299999 missing=0 p50_ns=512 p95_ns=752 p99_ns=1856 p99_9_ns=5424 max_ns=173344 miss_100us=65 miss_500us=0 miss_1ms=0 mean_ns=589
RTBENCH_STABILITY_END status=FAIL expected=299999 collected=299999 missing=0
RTBENCH_STABILITY_DONE

[Axvisor] attached VM[1] console; use Ctrl+X, then h to return to the shell
[    0.554777] VFS: Dquot-cache hash table entries: 512 (order 0, 4096 bytes)
[    0.567621] pnp: PnP ACPI: disabled
[    0.610918] NET: Registered PF_INET protocol family
[    0.612081] IP idents hash table entries: 8192 (order: 4, 65536 bytes, linear)
[    0.614077] tcp_listen_portaddr_hash hash table entries: 256 (order: 0, 4096 bytes, linear)
[    0.614137] Table-perturb hash table entries: 65536 (order: 6, 262144 bytes, linear)
[    0.614182] TCP established hash table entries: 4096 (order: 3, 32768 bytes, linear)
[    0.614288] TCP bind hash table entries: 4096 (order: 5, 131072 bytes, linear)
[    0.614386] TCP: Hash tables configured (established 4096 bind 4096)
[    0.614998] UDP hash table entries: 256 (order: 2, 16384 bytes, linear)
[    0.615130] UDP-Lite hash table entries: 256 (order: 2, 16384 bytes, linear)
[    0.630531] NET: Registered PF_UNIX/PF_LOCAL protocol family
[    0.657232] RPC: Registered named UNIX socket transport module.
[    0.657284] RPC: Registered udp transport module.
[    0.657298] RPC: Registered tcp transport module.
[    0.657310] RPC: Registered tcp-with-tls transport module.
[    0.657323] RPC: Registered tcp NFSv4.1 backchannel transport module.
[    0.657391] PCI: CLS 0 bytes, default 64
[    0.667966] Unpacking initramfs...
[    0.706695] Freeing initrd memory: 2876K
[    0.778023] kvm [1]: HYP mode not available
[    0.780146] Initialise system trusted keyrings
[    0.786169] workingset: timestamp_bits=42 max_order=17 bucket_order=0
[    0.787279] squashfs: version 4.0 (2009/01/31) Phillip Lougher
[    0.788229] NFS: Registering the id_resolver key type
[    0.788435] Key type id_resolver registered
[    0.788458] Key type id_legacy registered
[    0.788635] nfs4filelayout_init: NFSv4 File Layout Driver Registering...
[    0.788682] nfs4flexfilelayout_init: NFSv4 Flexfile Layout Driver Registering...
[    0.789153] 9p: Installing v9fs 9p2000 file system support
[    0.847415] Key type asymmetric registered
[    0.847475] Asymmetric key parser 'x509' registered
[    0.847659] Block layer SCSI generic (bsg) driver version 0.4 loaded (major 244)
[    0.847749] io scheduler mq-deadline registered
[    0.847792] io scheduler kyber registered
[    0.847978] io scheduler bfq registered
[    0.894101] ledtrig-cpu: registered to indicate activity on CPUs
[    0.968004] Serial: 8250/16550 driver, 4 ports, IRQ sharing enabled
[    0.971625] msm_serial: driver initialized
[    0.971873] SuperH (H)SCI(F) driver initialized
[    0.971949] STM32 USART driver initialized
[    1.077870] loop: module loaded
[    1.079089] megasas: 07.734.00.00-rc1
[    1.085065] tun: Universal TUN/TAP device driver, 1.6
[    1.236818] thunder_xcv, ver 1.0
[    1.236910] thunder_bgx, ver 1.0
[    1.236973] nicpf, ver 1.0
eth0      Link encap:Ethernet  HWaddr 34:54:00:4D:00:01  [    1.238156] e1000: Intel(R) PRO/1000 Network Driver
[    1.238177] e1000: Copyright (c) 1999-2006 Intel Corporation.
[    1.238242] e1000e: Intel(R) PRO/1000 Network Driver

[    1.238255] e1000e: Copyright(c) 1999 - 2015 Intel Corporation.
[    1.238310] igb: Intel(R) Gigabit Ethernet Network Driver
          BROADCAST MULTICAST  MTU:1500  Metric:1[    1.238328] igb: Copyright (c) 2007-2014 Intel Corporation.
[    1.238391] igbvf: Intel(R) Gigabit Virtual Function Network Driver

[    1.238406] igbvf: Copyright (c) 2009 - 2012 Intel Corporation.
[    1.238637] sky2: driver version 1.30
[    1.246128] VFIO - User Level meta-driver version: 0.3
          RX packets:0 errors:0 dropped:0 overruns:0 frame:0[    1.248874] usbcore: registered new interface driver usb-storage
[    1.251317] i2c_dev: i2c /dev entries driver

[    1.255457] sdhci: Secure Digital Host Controller Interface driver
[    1.255479] sdhci: Copyright(c) Pierre Ossman
[    1.290696] Synopsys Designware Multimedia Card Interface Driver
          TX packets:0 errors:0 dropped:0 overruns:0 carrier:0[    1.291229] sdhci-pltfm: SDHCI platform and OF driver helper
[    1.293403] SMCCC: SOC_ID: ARCH_SOC_ID not implemented, skipping ....

[    1.294723] usbcore: registered new interface driver usbhid
[    1.294745] usbhid: USB HID core driver
[    1.310109] NET: Registered PF_PACKET protocol family
          collisions:0 txqueuelen:1000 [    1.310830] 9pnet: Installing 9P2000 support
[    1.310992] Key type dns_resolver registered

[    1.371975] registered taskstats version 1
[    1.374210] Loading compiled-in X.509 certificates
[    1.416132] Demotion targets for Node 0: null
          RX bytes:0 (0.0 B)  TX bytes:0 (0.0 B)[    1.419173] clk: Disabling unused clocks
[    1.419303] PM: genpd: Disabling unused power domains

[    1.710631] Freeing unused kernel memory: 11648K
[    1.732257] Run /init as init process

lo        Link encap:Local Loopback  
          LOOPBACK  MTU:65536  Metric:1
          RX packets:0 errors:0 dropped:0 overruns:0 frame:0
          TX packets:0 errors:0 dropped:0 overruns:0 carrier:0
          collisions:0 txqueuelen:1000 
          RX bytes:0 (0.0 B)  TX bytes:0 (0.0 B)

Linux network guest ready: 192.168.77.11/24
eth0      Link encap:Ethernet  HWaddr 34:54:00:4D:00:01  
          inet addr:192.168.77.11  Bcast:0.0.0.0  Mask:255.255.255.0
          UP BROADCAST RUNNING MULTICAST  MTU:1500  Metric:1
          RX packets:0 errors:0 dropped:0 overruns:0 frame:0
          TX packets:0 errors:0 dropped:0 overruns:0 carrier:0
          collisions:0 txqueuelen:1000 
          RX bytes:0 (0.0 B)  TX bytes:0 (0.0 B)

PING 192.168.77.30 (192.168.77.30): 56 data bytes
64 bytes from 192.168.77.30: seq=0 ttl=255 time=11.643 ms

--- 192.168.77.30 ping statistics ---
1 packets transmitted, 1 packets received, 0% packet loss
round-trip min/avg/max = 11.643/11.643/11.643 ms
Linux reached RT-Thread at 192.168.77.30
Linux network counters before RT-IPC:
Ip: Forwarding DefaultTTL InReceives InHdrErrors InAddrErrors ForwDatagrams InUnknownProtos InDiscards InDelivers OutRequests OutDiscards OutNoRoutes ReasmTimeout ReasmReqds ReasmOKs ReasmFails FragOKs FragFails FragCreates OutTransmits
Ip: 2 64 1 0 0 0 0 0 1 1 0 0 0 0 0 0 0 0 0 1
Icmp: InMsgs InErrors InCsumErrors InDestUnreachs InTimeExcds InParmProbs InSrcQuenchs InRedirects InEchos InEchoReps InTimestamps InTimestampReps InAddrMasks InAddrMaskReps OutMsgs OutErrors OutRateLimitGlobal OutRateLimitHost OutDestUnreachs OutTimeExcds OutParmProbs OutSrcQuenchs OutRedirects OutEchos OutEchoReps OutTimestamps OutTimestampReps OutAddrMasks OutAddrMaskReps
Icmp: 1 0 0 0 0 0 0 0 0 1 0 0 0 0 1 0 0 0 0 0 0 0 0 1 0 0 0 0 0
IcmpMsg: InType0 OutType8
IcmpMsg: 1 1
Tcp: RtoAlgorithm RtoMin RtoMax MaxConn ActiveOpens PassiveOpens AttemptFails EstabResets CurrEstab InSegs OutSegs RetransSegs InErrs OutRsts InCsumErrors
Tcp: 1 200 120000 -1 0 0 0 0 0 0 0 0 0 0 0
Udp: InDatagrams NoPorts InErrors OutDatagrams RcvbufErrors SndbufErrors InCsumErrors IgnoredMulti MemErrors
Udp: 0 0 0 0 0 0 0 0 0
UdpLite: InDatagrams NoPorts InErrors OutDatagrams RcvbufErrors SndbufErrors InCsumErrors IgnoredMulti MemErrors
UdpLite: 0 0 0 0 0 0 0 0 0
Starting RT-IPC benchmark...
=== RT-IPC Benchmark Client ===
Target: 192.168.77.30:9876, count=30000 per size

[client] fault profile: none
[client] connecting...
[client] connected!

--- Payload 64B ---
[progress] size=64 idx=1034 sent=1035 recv=1035 state=3 tx=1035 rx=1035 retrans=0 timeouts=0 dup=0 reorder=0 errors=0 acks=1035 stall=0ms
[progress] size=64 idx=2110 sent=2111 recv=2110 state=3 tx=2111 rx=2110 retrans=0 timeouts=0 dup=0 reorder=0 errors=0 acks=2111 stall=2ms
[progress] size=64 idx=3126 sent=3127 recv=3126 state=3 tx=3127 rx=3126 retrans=0 timeouts=0 dup=0 reorder=0 errors=0 acks=3127 stall=2ms
[progress] size=64 idx=4108 sent=4109 recv=4109 state=3 tx=4109 rx=4109 retrans=0 timeouts=0 dup=0 reorder=0 errors=0 acks=4109 stall=0ms
[progress] size=64 idx=5123 sent=5124 recv=5124 state=3 tx=5124 rx=5124 retrans=0 timeouts=0 dup=0 reorder=0 errors=0 acks=5124 stall=1ms
[progress] size=64 idx=6170 sent=6171 recv=6171 state=3 tx=6171 rx=6171 retrans=0 timeouts=0 dup=0 reorder=0 errors=0 acks=6171 stall=0ms
[progress] size=64 idx=7190 sent=7191 recv=7190 state=3 tx=7191 rx=7190 retrans=0 timeouts=0 dup=0 reorder=0 errors=0 acks=7191 stall=2ms
[progress] size=64 idx=8161 sent=8162 recv=8162 state=3 tx=8162 rx=8162 retrans=0 timeouts=0 dup=0 reorder=0 errors=0 acks=8162 stall=1ms
[progress] size=64 idx=9258 sent=9259 recv=9258 state=3 tx=9259 rx=9258 retrans=0 timeouts=0 dup=0 reorder=0 errors=0 acks=9258 stall=19ms
[progress] size=64 idx=10334 sent=10335 recv=10335 state=3 tx=10335 rx=10335 retrans=0 timeouts=0 dup=0 reorder=0 errors=0 acks=10335 stall=1ms[   56.311601] random: crng init done

[progress] size=64 idx=11359 sent=11360 recv=11359 state=3 tx=11360 rx=11359 retrans=0 timeouts=0 dup=0 reorder=0 errors=0 acks=11360 stall=2ms
[progress] size=64 idx=12236 sent=12237 recv=12237 state=3 tx=12237 rx=12237 retrans=0 timeouts=0 dup=0 reorder=0 errors=0 acks=12237 stall=0ms
[progress] size=64 idx=13225 sent=13226 recv=13225 state=3 tx=13226 rx=13225 retrans=0 timeouts=0 dup=0 reorder=0 errors=0 acks=13226 stall=2ms
[progress] size=64 idx=14155 sent=14156 recv=14156 state=3 tx=14156 rx=14156 retrans=0 timeouts=0 dup=0 reorder=0 errors=0 acks=14156 stall=0ms
[client] fault injection: force disconnect at request=15000
[client] reconnect complete recovery_ms=216 attempts=1
[progress] size=64 idx=15069 sent=15070 recv=15070 state=3 tx=15070 rx=15070 retrans=0 timeouts=0 dup=0 reorder=0 errors=0 acks=15070 stall=0ms
[progress] size=64 idx=16072 sent=16073 recv=16073 state=3 tx=16073 rx=16073 retrans=0 timeouts=0 dup=0 reorder=0 errors=0 acks=16073 stall=0ms
[progress] size=64 idx=17154 sent=17155 recv=17154 state=3 tx=17155 rx=17154 retrans=0 timeouts=0 dup=0 reorder=0 errors=0 acks=17155 stall=2ms
[progress] size=64 idx=18102 sent=18103 recv=18103 state=3 tx=18103 rx=18103 retrans=0 timeouts=0 dup=0 reorder=0 errors=0 acks=18103 stall=0ms
[progress] size=64 idx=19096 sent=19097 recv=19097 state=3 tx=19097 rx=19097 retrans=0 timeouts=0 dup=0 reorder=0 errors=0 acks=19097 stall=0ms
[progress] size=64 idx=20063 sent=20064 recv=20063 state=3 tx=20064 rx=20063 retrans=0 timeouts=0 dup=0 reorder=0 errors=0 acks=20064 stall=3ms
[progress] size=64 idx=21100 sent=21101 recv=21100 state=3 tx=21101 rx=21100 retrans=0 timeouts=0 dup=0 reorder=0 errors=0 acks=21101 stall=2ms
[progress] size=64 idx=22205 sent=22206 recv=22205 state=3 tx=22206 rx=22205 retrans=0 timeouts=0 dup=0 reorder=0 errors=0 acks=22206 stall=3ms
[progress] size=64 idx=23179 sent=23180 recv=23180 state=3 tx=23180 rx=23180 retrans=0 timeouts=0 dup=0 reorder=0 errors=0 acks=23180 stall=1ms
[progress] size=64 idx=24141 sent=24142 recv=24142 state=3 tx=24142 rx=24142 retrans=0 timeouts=0 dup=0 reorder=0 errors=0 acks=24142 stall=0ms
[progress] size=64 idx=25174 sent=25175 recv=25174 state=3 tx=25175 rx=25174 retrans=0 timeouts=0 dup=0 reorder=0 errors=0 acks=25175 stall=2ms
[progress] size=64 idx=26170 sent=26171 recv=26170 state=3 tx=26171 rx=26170 retrans=0 timeouts=0 dup=0 reorder=0 errors=0 acks=26171 stall=2ms
[progress] size=64 idx=27216 sent=27217 recv=27217 state=3 tx=27217 rx=27217 retrans=0 timeouts=0 dup=0 reorder=0 errors=0 acks=27217 stall=0ms
[progress] size=64 idx=28258 sent=28259 recv=28258 state=3 tx=28259 rx=28258 retrans=0 timeouts=0 dup=0 reorder=0 errors=0 acks=28259 stall=2ms
[progress] size=64 idx=29293 sent=29294 recv=29293 state=3 tx=29294 rx=29293 retrans=0 timeouts=0 dup=0 reorder=0 errors=0 acks=29294 stall=2ms
  sent=30000  recv=30000  loss=0%
  RTT: min=0ms avg=4ms max=47ms P50=2ms P95=23ms P99=23ms P99.9=24ms
  throughput=12.63KiB/s
  request_timeouts=0 protocol_errors=0 reconnects=1
  transport: retrans=0 timeouts=0 dup=0 reorder=0 errors=0

--- Payload 256B ---
[progress] size=256 idx=1015 sent=1016 recv=1015 state=3 tx=31016 rx=31015 retrans=0 timeouts=0 dup=0 reorder=0 errors=0 acks=31016 stall=2ms
[progress] size=256 idx=1932 sent=1933 recv=1933 state=3 tx=31933 rx=31933 retrans=0 timeouts=0 dup=0 reorder=0 errors=0 acks=31933 stall=0ms
[progress] size=256 idx=2825 sent=2826 recv=2826 state=3 tx=32826 rx=32826 retrans=0 timeouts=0 dup=0 reorder=0 errors=0 acks=32826 stall=0ms
[progress] size=256 idx=3804 sent=3805 recv=3805 state=3 tx=33805 rx=33805 retrans=0 timeouts=0 dup=0 reorder=0 errors=0 acks=33805 stall=1ms
[progress] size=256 idx=4725 sent=4726 recv=4725 state=3 tx=34726 rx=34725 retrans=0 timeouts=0 dup=0 reorder=0 errors=0 acks=34726 stall=3ms
[progress] size=256 idx=5643 sent=5644 recv=5644 state=3 tx=35644 rx=35644 retrans=0 timeouts=0 dup=0 reorder=0 errors=0 acks=35644 stall=1ms
[progress] size=256 idx=6610 sent=6611 recv=6611 state=3 tx=36611 rx=36611 retrans=0 timeouts=0 dup=0 reorder=0 errors=0 acks=36611 stall=1ms
[progress] size=256 idx=7524 sent=7525 recv=7525 state=3 tx=37525 rx=37525 retrans=0 timeouts=0 dup=0 reorder=0 errors=0 acks=37525 stall=1ms
[progress] size=256 idx=8482 sent=8483 recv=8483 state=3 tx=38483 rx=38483 retrans=0 timeouts=0 dup=0 reorder=0 errors=0 acks=38483 stall=0ms
[progress] size=256 idx=9452 sent=9453 recv=9453 state=3 tx=39453 rx=39453 retrans=0 timeouts=0 dup=0 reorder=0 errors=0 acks=39453 stall=0ms
[progress] size=256 idx=10372 sent=10373 recv=10373 state=3 tx=40373 rx=40373 retrans=0 timeouts=0 dup=0 reorder=0 errors=0 acks=40373 stall=0ms
[progress] size=256 idx=11335 sent=11336 recv=11336 state=3 tx=41336 rx=41336 retrans=0 timeouts=0 dup=0 reorder=0 errors=0 acks=41336 stall=0ms
[progress] size=256 idx=12322 sent=12323 recv=12323 state=3 tx=42323 rx=42323 retrans=0 timeouts=0 dup=0 reorder=0 errors=0 acks=42323 stall=0ms
[progress] size=256 idx=13292 sent=13293 recv=13292 state=3 tx=43293 rx=43292 retrans=0 timeouts=0 dup=0 reorder=0 errors=0 acks=43293 stall=3ms
[progress] size=256 idx=14327 sent=14328 recv=14327 state=3 tx=44328 rx=44327 retrans=0 timeouts=0 dup=0 reorder=0 errors=0 acks=44328 stall=13ms
[progress] size=256 idx=15257 sent=15258 recv=15258 state=3 tx=45258 rx=45258 retrans=0 timeouts=0 dup=0 reorder=0 errors=0 acks=45258 stall=0ms
[progress] size=256 idx=16178 sent=16179 recv=16178 state=3 tx=46179 rx=46178 retrans=0 timeouts=0 dup=0 reorder=0 errors=0 acks=46179 stall=6ms
[progress] size=256 idx=17199 sent=17200 recv=17199 state=3 tx=47200 rx=47199 retrans=0 timeouts=0 dup=0 reorder=0 errors=0 acks=47200 stall=3ms
[progress] size=256 idx=18154 sent=18155 recv=18155 state=3 tx=48155 rx=48155 retrans=0 timeouts=0 dup=0 reorder=0 errors=0 acks=48155 stall=0ms
[progress] size=256 idx=19034 sent=19035 recv=19035 state=3 tx=49035 rx=49035 retrans=0 timeouts=0 dup=0 reorder=0 errors=0 acks=49035 stall=0ms
[progress] size=256 idx=19977 sent=19978 recv=19978 state=3 tx=49978 rx=49978 retrans=0 timeouts=0 dup=0 reorder=0 errors=0 acks=49978 stall=0ms
[progress] size=256 idx=21000 sent=21001 recv=21000 state=3 tx=51001 rx=51000 retrans=0 timeouts=0 dup=0 reorder=0 errors=0 acks=51001 stall=3ms
[progress] size=256 idx=21953 sent=21954 recv=21954 state=3 tx=51954 rx=51954 retrans=0 timeouts=0 dup=0 reorder=0 errors=0 acks=51954 stall=0ms
[progress] size=256 idx=22898 sent=22899 recv=22899 state=3 tx=52899 rx=52899 retrans=0 timeouts=0 dup=0 reorder=0 errors=0 acks=52899 stall=0ms
[progress] size=256 idx=23850 sent=23851 recv=23850 state=3 tx=53851 rx=53850 retrans=0 timeouts=0 dup=0 reorder=0 errors=0 acks=53851 stall=2ms
[progress] size=256 idx=24819 sent=24820 recv=24820 state=3 tx=54820 rx=54820 retrans=0 timeouts=0 dup=0 reorder=0 errors=0 acks=54820 stall=0ms
[progress] size=256 idx=25835 sent=25836 recv=25836 state=3 tx=55836 rx=55836 retrans=0 timeouts=0 dup=0 reorder=0 errors=0 acks=55836 stall=0ms
[progress] size=256 idx=26862 sent=26863 recv=26863 state=3 tx=56863 rx=56863 retrans=0 timeouts=0 dup=0 reorder=0 errors=0 acks=56863 stall=0ms
[progress] size=256 idx=27848 sent=27849 recv=27849 state=3 tx=57849 rx=57849 retrans=0 timeouts=0 dup=0 reorder=0 errors=0 acks=57849 stall=0ms
[progress] size=256 idx=28567 sent=28568 recv=28568 state=3 tx=58568 rx=58568 retrans=3 timeouts=0 dup=0 reorder=0 errors=0 acks=58571 stall=0ms
[progress] size=256 idx=29512 sent=29513 recv=29513 state=3 tx=59513 rx=59513 retrans=3 timeouts=0 dup=0 reorder=0 errors=0 acks=59516 stall=1ms
  sent=30000  recv=30000  loss=0%
  RTT: min=0ms avg=4ms max=1647ms P50=2ms P95=23ms P99=23ms P99.9=23ms
  throughput=47.54KiB/s
  request_timeouts=0 protocol_errors=0 reconnects=0
  transport: retrans=3 timeouts=0 dup=0 reorder=0 errors=0

--- Payload 1024B ---
[progress] size=1024 idx=838 sent=839 recv=839 state=3 tx=60839 rx=60839 retrans=3 timeouts=0 dup=0 reorder=0 errors=0 acks=60842 stall=0ms
[progress] size=1024 idx=1676 sent=1677 recv=1676 state=3 tx=61677 rx=61676 retrans=3 timeouts=0 dup=0 reorder=0 errors=0 acks=61680 stall=2ms
[progress] size=1024 idx=2647 sent=2648 recv=2647 state=3 tx=62648 rx=62647 retrans=3 timeouts=0 dup=0 reorder=0 errors=0 acks=62651 stall=4ms
[progress] size=1024 idx=3597 sent=3598 recv=3597 state=3 tx=63598 rx=63597 retrans=3 timeouts=0 dup=0 reorder=0 errors=0 acks=63601 stall=2ms
[progress] size=1024 idx=4460 sent=4461 recv=4460 state=3 tx=64461 rx=64460 retrans=3 timeouts=0 dup=0 reorder=0 errors=0 acks=64464 stall=2ms
[progress] size=1024 idx=5436 sent=5437 recv=5436 state=3 tx=65437 rx=65436 retrans=3 timeouts=0 dup=0 reorder=0 errors=0 acks=65440 stall=2ms
[progress] size=1024 idx=6291 sent=6292 recv=6291 state=3 tx=66292 rx=66291 retrans=3 timeouts=0 dup=0 reorder=0 errors=0 acks=66295 stall=2ms
[progress] size=1024 idx=7189 sent=7190 recv=7190 state=3 tx=67190 rx=67190 retrans=3 timeouts=0 dup=0 reorder=0 errors=0 acks=67193 stall=0ms
[progress] size=1024 idx=8081 sent=8082 recv=8081 state=3 tx=68082 rx=68081 retrans=3 timeouts=0 dup=0 reorder=0 errors=0 acks=68085 stall=2ms
[progress] size=1024 idx=9004 sent=9005 recv=9004 state=3 tx=69005 rx=69004 retrans=3 timeouts=0 dup=0 reorder=0 errors=0 acks=69008 stall=3ms
[progress] size=1024 idx=9844 sent=9845 recv=9845 state=3 tx=69845 rx=69845 retrans=3 timeouts=0 dup=0 reorder=0 errors=0 acks=69848 stall=1ms
[progress] size=1024 idx=10799 sent=10800 recv=10799 state=3 tx=70800 rx=70799 retrans=3 timeouts=0 dup=0 reorder=0 errors=0 acks=70803 stall=2ms
[progress] size=1024 idx=11691 sent=11692 recv=11691 state=3 tx=71692 rx=71691 retrans=3 timeouts=0 dup=0 reorder=0 errors=0 acks=71695 stall=2ms
[progress] size=1024 idx=12583 sent=12584 recv=12583 state=3 tx=72584 rx=72583 retrans=3 timeouts=0 dup=0 reorder=0 errors=0 acks=72587 stall=2ms
[progress] size=1024 idx=13463 sent=13464 recv=13463 state=3 tx=73464 rx=73463 retrans=3 timeouts=0 dup=0 reorder=0 errors=0 acks=73467 stall=2ms
[progress] size=1024 idx=14367 sent=14368 recv=14367 state=3 tx=74368 rx=74367 retrans=3 timeouts=0 dup=0 reorder=0 errors=0 acks=74371 stall=3ms
[progress] size=1024 idx=15239 sent=15240 recv=15240 state=3 tx=75240 rx=75240 retrans=3 timeouts=0 dup=0 reorder=0 errors=0 acks=75243 stall=0ms
[progress] size=1024 idx=16160 sent=16161 recv=16160 state=3 tx=76161 rx=76160 retrans=3 timeouts=0 dup=0 reorder=0 errors=0 acks=76164 stall=2ms
[progress] size=1024 idx=17201 sent=17202 recv=17201 state=3 tx=77202 rx=77201 retrans=3 timeouts=0 dup=0 reorder=0 errors=0 acks=77205 stall=2ms
[progress] size=1024 idx=18169 sent=18170 recv=18170 state=3 tx=78170 rx=78170 retrans=3 timeouts=0 dup=0 reorder=0 errors=0 acks=78173 stall=0ms
[progress] size=1024 idx=19144 sent=19145 recv=19144 state=3 tx=79145 rx=79144 retrans=3 timeouts=0 dup=0 reorder=0 errors=0 acks=79147 stall=3ms
[progress] size=1024 idx=20021 sent=20022 recv=20022 state=3 tx=80022 rx=80022 retrans=3 timeouts=0 dup=0 reorder=0 errors=0 acks=80025 stall=0ms
[progress] size=1024 idx=21003 sent=21004 recv=21003 state=3 tx=81004 rx=81003 retrans=3 timeouts=0 dup=0 reorder=0 errors=0 acks=81007 stall=9ms
[progress] size=1024 idx=21847 sent=21848 recv=21848 state=3 tx=81848 rx=81848 retrans=3 timeouts=0 dup=0 reorder=0 errors=0 acks=81851 stall=0ms
[progress] size=1024 idx=22925 sent=22926 recv=22926 state=3 tx=82926 rx=82926 retrans=3 timeouts=0 dup=0 reorder=0 errors=0 acks=82929 stall=0ms
[progress] size=1024 idx=23829 sent=23830 recv=23830 state=3 tx=83830 rx=83830 retrans=3 timeouts=0 dup=0 reorder=0 errors=0 acks=83833 stall=0ms
[progress] size=1024 idx=24851 sent=24852 recv=24852 state=3 tx=84852 rx=84852 retrans=3 timeouts=0 dup=0 reorder=0 errors=0 acks=84855 stall=1ms
[progress] size=1024 idx=25779 sent=25780 recv=25779 state=3 tx=85780 rx=85779 retrans=3 timeouts=0 dup=0 reorder=0 errors=0 acks=85783 stall=2ms
[progress] size=1024 idx=26767 sent=26768 recv=26767 state=3 tx=86768 rx=86767 retrans=3 timeouts=0 dup=0 reorder=0 errors=0 acks=86771 stall=3ms
[progress] size=1024 idx=27649 sent=27650 recv=27650 state=3 tx=87650 rx=87650 retrans=3 timeouts=0 dup=0 reorder=0 errors=0 acks=87653 stall=0ms
[progress] size=1024 idx=28487 sent=28488 recv=28487 state=3 tx=88488 rx=88487 retrans=3 timeouts=0 dup=0 reorder=0 errors=0 acks=88491 stall=3ms
[progress] size=1024 idx=29321 sent=29322 recv=29321 state=3 tx=89322 rx=89321 retrans=3 timeouts=0 dup=0 reorder=0 errors=0 acks=89324 stall=3ms
  sent=30000  recv=30000  loss=0%
  RTT: min=0ms avg=4ms max=368ms P50=2ms P95=23ms P99=23ms P99.9=23ms
  throughput=182.93KiB/s
  request_timeouts=0 protocol_errors=0 reconnects=0
  transport: retrans=0 timeouts=0 dup=0 reorder=0 errors=0

========================================
ALL TESTS COMPLETE
========================================
RT-IPC client exited with rc=0
Linux network counters after RT-IPC:
Ip: Forwarding DefaultTTL InReceives InHdrErrors InAddrErrors ForwDatagrams InUnknownProtos InDiscards InDelivers OutRequests OutDiscards OutNoRoutes ReasmTimeout ReasmReqds ReasmOKs ReasmFails FragOKs FragFails FragCreates OutTransmits
Ip: 2 64 181399 0 0 0 0 0 181399 181400 0 0 0 0 