root=/dev/nvme0n1 rw init=/bin/sh
VM Load @PA:0x40200000
VM Load Offset: 0xffff0000c0200000
Memory Map:
  Free   0x00000040000000 - 0x00000040200000 (2 MiB)
  KImg   0x00000040200000 - 0x00000043a00000 (56 MiB)
  Free   0x00000043a00000 - 0x00000240000000 (7.94 GiB)
Initialize RAM allocator: 0x43a00000..0x240000000
Reserving CPU-local areas
CPU-local area stride: 0x44000 bytes
Total CPU-local allocation: 0x110000 bytes (4 CPUs)
Flushed RAM used range to memory map: 0x43a00000..0x43b00000, current: 0x43b00000
Flushed RAM used range to memory map: 0x43b00000..0x43c10000, current: 0x43c10000
CPU-local areas allocated at 0x43b00000 - 0x43c10000
EL: 2
Mapping early memory regions...
Ram                 : [0x0000000040000000, 0x0000000240000000) -> [0x0000000040000000, 0x0000000240000000) (8 GiB)
KImage              : [0x0000ffff80000000, 0x0000ffff83800000) -> [0x0000000040200000, 0x0000000043a00000) (56 MiB)
PerCpu              : [0x0000ff0043b00000, 0x0000ff0043c10000) -> [0x0000000043b00000, 0x0000000043c10000) (1.06 MiB)
Debug serial        : [0x0000000009000000, 0x0000000009001000) -> [0x0000000009000000, 0x0000000009001000) (4 KiB)
Boot page table at physical address: PA:0x43c10000
Setting up table registers...
MMU Entry point at physical address: 0x4045c53c
Trap vector at 0xffff80260000
Memory Map:
  MMIO   0x00000009000000 - 0x00000009001000 (4 KiB)
  Free   0x00000040000000 - 0x00000040200000 (2 MiB)
  KImg   0x00000040200000 - 0x00000043a00000 (56 MiB)
  Rsv    0x00000043a00000 - 0x00000043b00000 (1 MiB)
  PerCPU 0x00000043b00000 - 0x00000043c10000 (1.06 MiB)
  Rsv    0x00000043c10000 - 0x00000043c1a000 (40 KiB)
  Free   0x00000043c1a000 - 0x00000240000000 (7.94 GiB)
Jumping to main entry point at 0xffff80244368 with SP 0x0000ff0043b44000

       d8888                            .d88888b.   .d8888b.
      d88888                           d88P" "Y88b d88P  Y88b
     d88P888                           888     888 Y88b.
    d88P 888 888d888  .d8888b  .d88b.  888     888  "Y888b.
   d88P  888 888P"   d88P"    d8P  Y8b 888     888     "Y88b.
  d88P   888 888     888      88888888 888     888       "888
 d8888888888 888     Y88b.    Y8b.     Y88b. .d88P Y88b  d88P
d88P     888 888      "Y8888P  "Y8888   "Y88888P"   "Y8888P"

arch = aarch64
platform = linux,dummy-virt
target = aarch64-unknown-none-softfloat
build_mode = 
log_level = info
backtrace = false
smp = 3

[37m[  0.048031 ax_runtime:220] [32mLogging is enabled.[m
[m[37m[  0.048320 ax_runtime:221] [32mPrimary CPU 0 started, arg = 0x43a00000.[m
[m[37m[  0.048403 ax_runtime:223] [32mFound physcial memory regions:[m
[m[37m[  0.049126 ax_runtime:225] [32m  [PA:0x9000000, PA:0x9001000) mmio (READ | WRITE | DEVICE | RESERVED)[m
[m[37m[  0.049304 ax_runtime:225] [32m  [PA:0x40000000, PA:0x40200000) free memory (READ | WRITE | FREE)[m
[m[37m[  0.049415 ax_runtime:225] [32m  [PA:0x40200000, PA:0x43a00000) reserved (READ | WRITE | EXECUTE | RESERVED)[m
[m[37m[  0.049515 ax_runtime:225] [32m  [PA:0x43a00000, PA:0x43b00000) reserved (READ | WRITE | EXECUTE | RESERVED)[m
[m[37m[  0.049613 ax_runtime:225] [32m  [PA:0x43b00000, PA:0x43c10000) reserved (READ | WRITE | EXECUTE | RESERVED)[m
[m[37m[  0.049710 ax_runtime:225] [32m  [PA:0x43c10000, PA:0x43c1a000) reserved (READ | WRITE | EXECUTE | RESERVED)[m
[m[37m[  0.049810 ax_runtime:225] [32m  [PA:0x43c1a000, PA:0x240000000) free memory (READ | WRITE | FREE)[m
[m[37m[  0.049914 ax_runtime:373] [32mInitialize global memory allocator...[m
[m[37m[  0.049996 ax_runtime:374] [32m  use buddy-slab-allocator allocator.[m
[m[37m[  0.050143 ax_alloc::buddy_slab:158] [32mInitialize global memory allocator, start_vaddr: 0x43c1a000, size: 0x1fc3e6000[m
[m[37m[  0.055470 ax_alloc::buddy_slab:424] [32mglobal allocator initialized[m
[m[37m[  0.055600 ax_alloc::buddy_slab:168] [32mAdd memory region, start_vaddr: 0x40000000, size: 0x200000[m
[m[37m[  0.055731 buddy_slab_allocator::global:151] [32mGlobalAllocator: skip region 0x40000000+0x200000, no allocator-visible memory after 2097152 alignment[m
[m[37m[  0.055988 ax_runtime:260] [32mkernel aspace: [VA:0x0, VA:0xffffffffffffffff)[m
[m[37m[  0.056122 ax_mm:103] [32mInitialize virtual memory management...[m
[m[37m[  0.610520 ax_runtime:272] [32mInitialize platform devices...[m
[m[37m[  0.615729 someboot::arch::power:23] [32mPower management method : SMC[m
[m[37m[  0.615903 somehal::driver:5] [32mInitializing rdrive with FDT at 0x43a00000[m
[m[37m[  0.626595 somehal::arch::gic::v3:284] [32mGICv3 CPU 0 EOI mode: two_step=true[m
[m[37m[  0.632324 ax_task::api:137] [32mInitialize scheduling...[m
[m[37m[  0.633378 ax_task::api:145] [32m  use Round-robin scheduler.[m
[m[37m[  0.633652 ax_runtime:298] [32mInitialize interrupt handlers...[m
[m[37m[  0.635337 ax_runtime::devices:2] [32mProbe platform devices...[m
[m[37m[  0.657341 ax_driver::block::nvme:42] [32mNVMe PCI endpoint 0000:00:01.0: BAR0=0x8000000000..0x8000004000, int_pin=1, int_line=0[m
[m[37m[  0.667966 nvme_driver::nvme:161] [32mNVME @0x8000000000 deferred init, version: 1.4.0[m
[m[37m[  0.668467 ax_driver::block::nvme:74] [32mNVMe block device registered at 0000:00:01.0 with 65 MSI-X vectors[m
[m[37m[  0.673044 ax_fs_ng::block::runtime::lifecycle::device:300] [32mblock device nvme IRQ source 0 (IrqId { domain: IrqDomainId(9), hwirq: HwIrq(0) }) fixed to CPU 0 for queue mask 0x0[m
[m[37m[  0.690837 ax_fs_ng::block::runtime::hctx:177] [32mblock hctx 0 bound to CPU 0 with hardware depth 63[m
[m[37m[  0.691265 ax_fs_ng::block::runtime::lifecycle::device:300] [32mblock device nvme IRQ source 1 (IrqId { domain: IrqDomainId(9), hwirq: HwIrq(1) }) fixed to CPU 0 for queue mask 0x1[m
[m[37m[  0.696672 ax_fs_ng::root:341] [32m    raw device fs=Some(Ext4)[m
[m[37m[  0.696857 ax_fs_ng::root:372] [32m  block device 0 (nvme) has no usable partition table; treating the whole disk as a candidate[m
[m[37m[  0.697195 ax_fs_ng::root:481] [32m  matched root by raw device path on disk0 raw device[m
[m[37m[  0.697547 ax_fs_ng:86] [32mInitialize filesystem subsystem...[m
[m[37m[  0.697626 ax_fs_ng:87] [32m  selected root device: disk0 raw device[m
[m[37m[  0.700141 rsext4::crc32c::arm64:54] [33mID_AA64ISAR0_EL1[19:16]: 0x1[m
[m[37m[  0.700238 rsext4::crc32c::arm64:57] [33mHardware CRC32C support detected.[m
[m[37m[  0.705589 rsext4::ext4::mount:331] [32m/lost+found exists (superblock hint inode=11)[m
[m[37m[  0.706560 rsext4::ext4::mount:466] [32mExt4 filesystem mounted[m
[m[37m[  0.706646 rsext4::ext4::mount:467] [32m  - block size: 4096 bytes[m
[m[37m[  0.706728 rsext4::ext4::mount:468] [32m  - total blocks: 8192[m
[m[37m[  0.706807 rsext4::ext4::mount:469] [32m  - free blocks: 1226[m
[m[37m[  0.706881 rsext4::ext4::mount:470] [32m  - total inodes: 8192[m
[m[37m[  0.706956 rsext4::ext4::mount:471] [32m  - free inodes: 8151[m
[m[37m[  0.707039 rsext4::ext4::sync:13] [32mSyncing filesystem...[m
[m[37m[  0.712873 rsext4::ext4::mount:550] [32mExt4 filesystem mounted[m
[m[37m[  0.713299 ax_fs_ng:99] [32m  filesystem type: "ext4"[m
[m[37m[  0.720325 somehal::arch::gic::v3:284] [32mGICv3 CPU 1 EOI mode: two_step=true[m
[m[37m[  0.720572 ax_runtime::mp:79] [32mSecondary CPU 1 started.[m
[m[37m[  0.721040 ax_runtime::mp:110] [32mSecondary CPU 1 init OK.[m
[m[37m[  0.726733 somehal::arch::gic::v3:284] [32mGICv3 CPU 2 EOI mode: two_step=true[m
[m[37m[  0.726996 ax_runtime::mp:79] [32mSecondary CPU 2 started.[m
[m[37m[  0.727062 ax_runtime:346] [32mPrimary CPU 0 init OK.[m
[m[37m[  0.727349 ax_runtime::mp:110] [32mSecondary CPU 2 init OK.[m
[m[37m[  0.733682 0:4 ax_fs_ng::block::runtime::hctx:177] [32mblock hctx 1 bound to CPU 1 with hardware depth 63[m
[m[37m[  0.733869 0:4 ax_fs_ng::block::runtime::hctx:177] [32mblock hctx 2 bound to CPU 2 with hardware depth 63[m
[m[37m[  0.734161 0:4 ax_fs_ng::block::runtime::lifecycle::device:300] [32mblock device nvme IRQ source 2 (IrqId { domain: IrqDomainId(9), hwirq: HwIrq(2) }) fixed to CPU 1 for queue mask 0x2[m
[m[37m[  0.734419 0:4 ax_fs_ng::block::runtime::lifecycle::device:300] [32mblock device nvme IRQ source 3 (IrqId { domain: IrqDomainId(9), hwirq: HwIrq(3) }) fixed to CPU 2 for queue mask 0x4[m
[m[37m[  0.735751 0:2 ax_fs_ng::block::runtime::lifecycle::device:385] [32mblock device nvme online with 3 hctxs across 3 CPUs[m
[m

       d8888            888     888  d8b
      d88888            888     888  Y8P
     d88P888            888     888
    d88P 888  888  888  Y88b   d88P  888  .d8888b    .d88b.   888d888
   d88P  888  `Y8bd8P'   Y88b d88P   888  88K       d88""88b  888P"
  d88P   888    X88K      Y88o88P    888  "Y8888b.  888  888  888
 d8888888888  .d8""8b.     Y888P     888       X88  Y88..88P  888
d88P     888  888  888      Y8P      888   88888P'   "Y88P"   888


by AxVisor Team

[37m[  0.737732 0:2 axvisor:73] [32mStarting virtualization...[m
[m[37m[  0.737853 0:2 axvm::host::arceos:349] [32mEnabling hardware virtualization support on all cores...[m
[m[37m[  0.738002 0:2 axvm::host::arceos:355] [32mCore 0 is initializing hardware virtualization support...[m
[m[37m[  0.738114 0:2 axvm::timer:318] [32mInitializing AxVM timer wheel...[m
[m[37m[  0.742340 0:2 axvm::host::arceos:357] [32mHardware virtualization support enabled on core 0[m
[m[37m[  0.742661 1:15 axvm::host::arceos:367] [32mCore 1 is initializing hardware virtualization support...[m
[m[37m[  0.742787 0:2 axvm::host::arceos:383] [32mWaiting for all cores to enable hardware virtualization...[m
[m[37m[  0.742799 1:15 axvm::timer:318] [32mInitializing AxVM timer wheel...[m
[m[37m[  0.742803 2:16 axvm::host::arceos:367] [32mCore 2 is initializing hardware virtualization support...[m
[m[37m[  0.743221 2:16 axvm::timer:318] [32mInitializing AxVM timer wheel...[m
[m[37m[  0.743231 1:15 axvm::host::arceos:370] [32mHardware virtualization support enabled on core 1[m
[m[37m[  0.743506 2:16 axvm::host::arceos:370] [32mHardware virtualization support enabled on core 2[m
[m[37m[  0.743658 0:2 axvm::host::arceos:399] [32mAll cores have enabled hardware virtualization support.[m
[m[37m[  0.747859 0:2 axvisor::manager:143] [32mNOT find dir: /guest/vm_default in filesystem[m
[m[37m[  0.748040 0:2 axvisor::config:90] [32mUsing static VM configs.[m
[m[37m[  0.760914 0:2 axvm::arch::aarch64::fdt::core:79] [32mVM[1] virtual GIC follows host firmware resources: GuestGicProfile { compatible: "arm,gic-v3", node_path: "/intc@8000000", node_phandle: Some(32773), distributor: GuestMmioRegion { base: 134217728, length: 65536 }, cpu_region: Redistributors(GuestGicRedistributorProfile { regions: [GuestMmioRegion { base: 134873088, length: 16121856 }], stride: 131072 }), its: [GuestItsProfile { id: ItsId(0), node_path: "/intc@8000000/its@8080000", node_phandle: Some(32774), registers: GuestMmioRegion { base: 134742016, length: 131072 } }] }[m
[m[37m[  0.763154 0:2 axvm::arch::aarch64::fdt::core:93] [32mVM[1] architectural timer follows host firmware PPIs[m
[m[37m[  0.767274 0:2 axvm::arch::aarch64::fdt::core::parser:442] [32mCPU node: /cpus/cpu@0, node_id: 0x0, hardware_cpu_id: 0x0[m
[m[37m[  0.767473 0:2 axvm::arch::aarch64::fdt::core::parser:442] [32mCPU node: /cpus/cpu@1, node_id: 0x1, hardware_cpu_id: 0x1[m
[m[37m[  0.767615 0:2 axvm::arch::aarch64::fdt::core::parser:442] [32mCPU node: /cpus/cpu@2, node_id: 0x2, hardware_cpu_id: 0x2[m
[m[37m[  0.767739 0:2 axvm::arch::aarch64::fdt::core::parser:442] [32mCPU node: /cpus/cpu@3, node_id: 0x3, hardware_cpu_id: 0x3[m
[m[37m[  0.767922 0:2 axvm::arch::aarch64::fdt::core::parser:449] [32mFound 4 host CPU nodes[m
[m[37m[  0.768283 0:2 axvm::arch::aarch64::fdt::core:144] [32mVM[1] DTB not found, generating from the VM configuration[m
[m[37m[  0.780952 0:2 axvm::arch::aarch64::fdt::core::device:96] [32mFound excluded devices: ["/virtio_mmio@a000000", "/virtio_mmio@a000200", "/virtio_mmio@a000400", "/virtio_mmio@a000600", "/virtio_mmio@a000800", "/virtio_mmio@a000a00", "/virtio_mmio@a000c00", "/virtio_mmio@a000e00", "/virtio_mmio@a001000", "/virtio_mmio@a001200", "/virtio_mmio@a001400", "/virtio_mmio@a001600", "/virtio_mmio@a001800", "/virtio_mmio@a001a00", "/virtio_mmio@a001c00", "/virtio_mmio@a001e00", "/virtio_mmio@a002000", "/virtio_mmio@a002200", "/virtio_mmio@a002400", "/virtio_mmio@a002600", "/virtio_mmio@a002800", "/virtio_mmio@a002a00", "/virtio_mmio@a002c00", "/virtio_mmio@a002e00", "/virtio_mmio@a003000", "/virtio_mmio@a003200", "/virtio_mmio@a003400", "/virtio_mmio@a003600", "/virtio_mmio@a003800", "/virtio_mmio@a003a00", "/virtio_mmio@a003c00", "/virtio_mmio@a003e00", "/pcie@10000000", "/pl061@9030000", "/pl031@9010000", "/gpio-key-poweroff", "/intc@8000000", "/pl011@9000000", "/timer", "/intc@8000000/its@8080000"][m
[m[37m[  0.789356 0:2 axvm::arch::aarch64::fdt::core::device:96] [32mFound excluded devices: ["/virtio_mmio@a000000", "/virtio_mmio@a000200", "/virtio_mmio@a000400", "/virtio_mmio@a000600", "/virtio_mmio@a000800", "/virtio_mmio@a000a00", "/virtio_mmio@a000c00", "/virtio_mmio@a000e00", "/virtio_mmio@a001000", "/virtio_mmio@a001200", "/virtio_mmio@a001400", "/virtio_mmio@a001600", "/virtio_mmio@a001800", "/virtio_mmio@a001a00", "/virtio_mmio@a001c00", "/virtio_mmio@a001e00", "/virtio_mmio@a002000", "/virtio_mmio@a002200", "/virtio_mmio@a002400", "/virtio_mmio@a002600", "/virtio_mmio@a002800", "/virtio_mmio@a002a00", "/virtio_mmio@a002c00", "/virtio_mmio@a002e00", "/virtio_mmio@a003000", "/virtio_mmio@a003200", "/virtio_mmio@a003400", "/virtio_mmio@a003600", "/virtio_mmio@a003800", "/virtio_mmio@a003a00", "/virtio_mmio@a003c00", "/virtio_mmio@a003e00", "/pcie@10000000", "/pl061@9030000", "/pl031@9010000", "/gpio-key-poweroff", "/intc@8000000", "/pl011@9000000", "/timer", "/intc@8000000/its@8080000"][m
[m[37m[  0.791171 0:2 axvisor::config:137] [32mCreating VM[1] "linux-net"[m
[m[37m[  0.791626 0:2 axvm::arch::aarch64::vgic::plan:214] [32massigned_spis: 0 passthrough interrupts configured[m
[m[37m[  0.803185 0:2 axvm::vm:821] [32mVM created: id=1[m
[m[37m[  0.804174 0:2 axvisor::config:149] [32mVM[1] created success, loading images...[m
[m[37m[  0.885176 0:2 axvm::boot::images:137] [32mLoading ramdisk image from memory (2948608 bytes) into GPA @0x8c000000[m
[m[37m[  0.902224 0:2 axdevice::device:1232] [32mDeviceRuntime: registered device id=0[m
[m[37m[  0.902531 0:2 axdevice::device:1232] [32mDeviceRuntime: registered device id=1[m
[m[37m[  0.902668 0:2 axdevice::device:1232] [32mDeviceRuntime: registered device id=2[m
[m[37m[  0.903908 0:2 axdevice::device:1232] [32mDeviceRuntime: registered device id=3[m
[m[37m[  0.905326 0:2 axdevice::device:1232] [32mDeviceRuntime: registered device id=4[m
[m[37m[  0.907781 0:2 axvm::vm::prepare:82] [32mVM setup: id=1[m
[m[37m[  0.911176 0:2 axvm::arch::aarch64::fdt::core:79] [32mVM[3] virtual GIC follows host firmware resources: GuestGicProfile { compatible: "arm,gic-v3", node_path: "/intc@8000000", node_phandle: Some(32773), distributor: GuestMmioRegion { base: 134217728, length: 65536 }, cpu_region: Redistributors(GuestGicRedistributorProfile { regions: [GuestMmioRegion { base: 134873088, length: 16121856 }], stride: 131072 }), its: [GuestItsProfile { id: ItsId(0), node_path: "/intc@8000000/its@8080000", node_phandle: Some(32774), registers: GuestMmioRegion { base: 134742016, length: 131072 } }] }[m
[m[37m[  0.911785 0:2 axvm::arch::aarch64::fdt::core:93] [32mVM[3] architectural timer follows host firmware PPIs[m
[m[37m[  0.915314 0:2 axvm::arch::aarch64::fdt::core::parser:442] [32mCPU node: /cpus/cpu@0, node_id: 0x0, hardware_cpu_id: 0x0[m
[m[37m[  0.915446 0:2 axvm::arch::aarch64::fdt::core::parser:442] [32mCPU node: /cpus/cpu@1, node_id: 0x1, hardware_cpu_id: 0x1[m
[m[37m[  0.915572 0:2 axvm::arch::aarch64::fdt::core::parser:442] [32mCPU node: /cpus/cpu@2, node_id: 0x2, hardware_cpu_id: 0x2[m
[m[37m[  0.915695 0:2 axvm::arch::aarch64::fdt::core::parser:442] [32mCPU node: /cpus/cpu@3, node_id: 0x3, hardware_cpu_id: 0x3[m
[m[37m[  0.915850 0:2 axvm::arch::aarch64::fdt::core::parser:449] [32mFound 4 host CPU nodes[m
[m[37m[  0.915952 0:2 axvm::arch::aarch64::fdt::core:144] [32mVM[3] DTB not found, generating from the VM configuration[m
[m[37m[  0.924372 0:2 axvm::arch::aarch64::fdt::core::device:96] [32mFound excluded devices: ["/virtio_mmio@a000000", "/virtio_mmio@a000200", "/virtio_mmio@a000400", "/virtio_mmio@a000600", "/virtio_mmio@a000800", "/virtio_mmio@a000a00", "/virtio_mmio@a000c00", "/virtio_mmio@a000e00", "/virtio_mmio@a001000", "/virtio_mmio@a001200", "/virtio_mmio@a001400", "/virtio_mmio@a001600", "/virtio_mmio@a001800", "/virtio_mmio@a001a00", "/virtio_mmio@a001c00", "/virtio_mmio@a001e00", "/virtio_mmio@a002000", "/virtio_mmio@a002200", "/virtio_mmio@a002400", "/virtio_mmio@a002600", "/virtio_mmio@a002800", "/virtio_mmio@a002a00", "/virtio_mmio@a002c00", "/virtio_mmio@a002e00", "/virtio_mmio@a003000", "/virtio_mmio@a003200", "/virtio_mmio@a003400", "/virtio_mmio@a003600", "/virtio_mmio@a003800", "/virtio_mmio@a003a00", "/virtio_mmio@a003c00", "/virtio_mmio@a003e00", "/pcie@10000000", "/pl061@9030000", "/pl031@9010000", "/gpio-key-poweroff", "/intc@8000000", "/pl011@9000000", "/timer", "/intc@8000000/its@8080000"][m
[m[37m[  0.930673 0:2 axvm::arch::aarch64::fdt::core::device:96] [32mFound excluded devices: ["/virtio_mmio@a000000", "/virtio_mmio@a000200", "/virtio_mmio@a000400", "/virtio_mmio@a000600", "/virtio_mmio@a000800", "/virtio_mmio@a000a00", "/virtio_mmio@a000c00", "/virtio_mmio@a000e00", "/virtio_mmio@a001000", "/virtio_mmio@a001200", "/virtio_mmio@a001400", "/virtio_mmio@a001600", "/virtio_mmio@a001800", "/virtio_mmio@a001a00", "/virtio_mmio@a001c00", "/virtio_mmio@a001e00", "/virtio_mmio@a002000", "/virtio_mmio@a002200", "/virtio_mmio@a002400", "/virtio_mmio@a002600", "/virtio_mmio@a002800", "/virtio_mmio@a002a00", "/virtio_mmio@a002c00", "/virtio_mmio@a002e00", "/virtio_mmio@a003000", "/virtio_mmio@a003200", "/virtio_mmio@a003400", "/virtio_mmio@a003600", "/virtio_mmio@a003800", "/virtio_mmio@a003a00", "/virtio_mmio@a003c00", "/virtio_mmio@a003e00", "/pcie@10000000", "/pl061@9030000", "/pl031@9010000", "/gpio-key-poweroff", "/intc@8000000", "/pl011@9000000", "/timer", "/intc@8000000/its@8080000"][m
[m[37m[  0.932177 0:2 axvisor::config:137] [32mCreating VM[3] "rtthread-net"[m
[m[37m[  0.932272 0:2 axvm::arch::aarch64::vgic::plan:214] [32massigned_spis: 0 passthrough interrupts configured[m
[m[37m[  0.933498 0:2 axvm::vm:821] [32mVM created: id=3[m
[m[37m[  0.933654 0:2 axvisor::config:149] [32mVM[3] created success, loading images...[m
[m[37m[  0.938399 0:2 axdevice::device:1232] [32mDeviceRuntime: registered device id=0[m
[m[37m[  0.938491 0:2 axdevice::device:1232] [32mDeviceRuntime: registered device id=1[m
[m[37m[  0.938571 0:2 axdevice::device:1232] [32mDeviceRuntime: registered device id=2[m
[m[37m[  0.938724 0:2 axdevice::device:1232] [32mDeviceRuntime: registered device id=3[m
[m[37m[  0.939148 0:2 axdevice::device:1232] [32mDeviceRuntime: registered device id=4[m
[m[37m[  0.939318 0:2 axvm::vm::prepare:82] [32mVM setup: id=3[m
[m[37m[  0.939494 0:2 axvm::runtime:42] [32mInitializing VMM...[m
[m[37m[  0.939997 0:2 axvm::runtime:53] [32mVMM starting, booting VMs...[m
[m[37m[  0.940157 0:2 axvm::vm:1046] [32mStarting VM[1][m
[m[37m[  0.940278 0:2 axvm::runtime::vcpus:343] [32mSpawning task for VM[1] VCpu[0][m
[m[37m[  0.940618 0:2 axvm::runtime::vcpus:360] [32mVCpu task Task(19, "VM[1]-VCpu[0]") created cpumask: [0, 1, ][m
[m[37m[  0.942412 0:2 axvm::runtime:61] [32mVM[1] boot success[m
[m[37m[  0.942485 0:2 axvm::vm:1046] [32mStarting VM[3][m
[m[37m[  0.942543 0:2 axvm::runtime::vcpus:343] [32mSpawning task for VM[3] VCpu[0][m
[m[37m[  0.942636 0:2 axvm::runtime::vcpus:360] [32mVCpu task Task(21, "VM[3]-VCpu[0]") created cpumask: [2, ][m
[m[37m[  0.942921 0:2 axvm::runtime:61] [32mVM[3] boot success[m
[m[37m[  0.943137 2:21 axvm::runtime::vcpus:414] [32mVM[3] VCpu[0] waiting for running[m
[m[37m[  0.943497 2:21 axvm::runtime::vcpus:456] [32mVM[3] VCpu[0] running...[m
[m[37m[  0.944251 0:2 axvisor:89] [32m[OK] Default guest initialized[m
[m[37m[  0.944718 0:19 axvm::runtime::vcpus:414] [32mVM[1] VCpu[0] waiting for running[m
[m[37m[  0.944817 0:19 axvm::runtime::vcpus:456] [32mVM[1] VCpu[0] running...[m
[m[VM 3] [32m[I/rtdm.ofw] Booting RT-Thread on physical CPU 0x0[0m
[VM 3] [32m[I/rtdm.ofw] Machine model: linux,dummy-virt[0m
[VM 3] [32m[I/rtdm.ofw] Memory node(0) ranges: 0x00000000a0000000 - 0x00000000b0000000[0m
[VM 3] [32m[I/mm.memblock] System memory:[0m
[VM 3] [32m[I/mm.memblock]                    [0x00000000a0000000, 0x00000000b0000000][0m
[VM 3] [32m[I/mm.memblock] Reserved memory:[0m
[VM 3] [32m[I/mm.memblock]                    [0x00000000a0000000, 0x00000000a0102000][0m
[VM 3] [32m[I/mm.memblock]                    [0x00000000a0102000, 0x00000000a4102000][0m
[37m[  0.990878 0:19 axvm::runtime::hvc:258] [32mVM[1] PSCI_FEATURES function_id=0x80000000[m
[m[37m[  0.991547 0:19 axvm::runtime::hvc:258] [32mVM[1] PSCI_FEATURES function_id=0xc4000001[m
[m[37m[  0.991841 0:19 axvm::runtime::hvc:258] [32mVM[1] PSCI_FEATURES function_id=0xc400000e[m
[m[37m[  0.992085 0:19 axvm::runtime::hvc:258] [32mVM[1] PSCI_FEATURES function_id=0xc4000012[m
[m[37m[  0.992310 0:19 axvm::runtime::hvc:258] [32mVM[1] PSCI_FEATURES function_id=0xc4000015[m
[VM 3] [32m[I/mm.memblock]                    [0x00000000a4102000, 0x00000000a4302000][0m
[m[VM 3] [32m[I/mm.memblock]                    [0x00000000a4302000, 0x00000000a4303000][0m
[VM 3] [32m[I/mm.memblock] physical memory region [0x00000000a4303000-0x00000000b0000000] installed to system page[0m
[VM 3] [32m[I/mm.memblock] 198 MB memory installed to system page[0m
[VM 3] [32m[I/osi.psci] Using PSCI v1.1 Function IDs[0m
[VM 3] [32m[I/rtdm.ofw] Console: uart0 (<no-node>)[0m
[VM 3] 
[VM 3]  \ | /
[VM 3] - RT -     Thread Operating System
[VM 3]  / | \     5.2.2 build Aug 16 2026 07:27:32
[VM 3]  2006 - 2024 Copyright by RT-Thread team
[VM 3] lwIP-2.1.2 initialized!
[37m[  1.091063 0:19 axvisor::virtio_net:501] [33mvirtio-net drops an ingress frame: NotReady[m
[m[VM 3] [32m[I/sal.skt] Socket Abstraction Layer initialize success.[0m
[37m[  1.103366 0:19 axvm::runtime::hvc:272] [32mVM[1] PSCI_CPU_ON target=0x1 entry=0x81e3f570 context=0x0[m
[m[37m[  1.103869 0:19 axvm::runtime::vcpus:343] [32mSpawning task for VM[1] VCpu[1][m
[m[37m[  1.104025 0:19 axvm::runtime::vcpus:360] [32mVCpu task Task(24, "VM[1]-VCpu[1]") created cpumask: [0, 1, ][m
[m[37m[  1.104461 0:24 axvm::runtime::vcpus:414] [32mVM[1] VCpu[1] waiting for running[m
[m[37m[  1.104881 0:24 axvm::runtime::vcpus:456] [32mVM[1] VCpu[1] running...[m
[m[VM 3] [32m[I/rtdm.mnt] File system initialization done[0m
[VM 3] Axvisor RT-Thread guest ready
[VM 1] [    0.000000] Booting Linux on physical CPU 0x0000000000 [0x410fd083]
[VM 1] [    0.000000] Linux version 6.18.0-rc6-gfd95357fd8c6-dirty (runner@s1lqc) (aarch64-linux-gnu-gcc (Ubuntu 13.3.0-6ubuntu2~24.04) 13.3.0, GNU ld (GNU Binutils for Ubuntu) 2.42) #25 SMP PREEMPT Fri Mar 20 11:22:05 CST 2026
[VM 1] [    0.000000] KASLR disabled due to lack of seed
[VM 1] [    0.000000] Machine model: linux,dummy-virt
[VM 1] [    0.000000] efi: UEFI not found.
[VM 1] [    0.000000] OF: reserved mem: Reserved memory: No reserved-memory node in the DT
[VM 1] [    0.000000] NUMA: Faking a node at [mem 0x0000000080000000-0x000000009fffffff]
[VM 1] [    0.000000] NODE_DATA(0) allocated [mem 0x9ff06f40-0x9ff095bf]
[VM 1] [    0.000000] Zone ranges:
[VM 1] [    0.000000]   DMA      [mem 0x0000000080000000-0x000000009fffffff]
[VM 1] [    0.000000]   DMA32    empty
[VM 1] [    0.000000]   Normal   empty
[VM 1] [    0.000000] Movable zone start for each node
[VM 1] [    0.000000] Early memory node ranges
[VM 1] [    0.000000]   node   0: [mem 0x0000000080000000-0x000000009fffffff]
[VM 1] [    0.000000] Initmem setup node 0 [mem 0x0000000080000000-0x000000009fffffff]
[VM 1] [    0.000000] cma: Reserved 32 MiB at 0x000000009d600000
[VM 1] [    0.000000] psci: probing for conduit method from DT.
[VM 1] [    0.000000] psci: PSCIv1.1 detected in firmware.
[VM 1] [    0.000000] psci: Using standard PSCI v0.2 function IDs
[VM 1] [    0.000000] psci: Trusted OS migration not required
[VM 1] [    0.000000] psci: SMC Calling Convention v65535.65535
[VM 1] [    0.000000] percpu: Embedded 25 pages/cpu s62488 r8192 d31720 u102400
[VM 1] [    0.000000] Detected PIPT I-cache on CPU0
[VM 1] [    0.000000] CPU features: detected: GICv3 CPU interface
[VM 1] [    0.000000] CPU features: detected: Spectre-v2
[VM 1] [    0.000000] CPU features: detected: Spectre-v3a
[VM 1] [    0.000000] CPU features: detected: Spectre-v4
[VM 1] [    0.000000] CPU features: detected: Spectre-BHB
[VM 1] [    0.000000] CPU features: detected: ARM erratum 1742098
[VM 1] [    0.000000] CPU features: detected: ARM errata 1165522, 1319367, or 1530923
[VM 1] [    0.000000] alternatives: applying boot alternatives
[VM 1] [    0.000000] Kernel command line: 
[VM 1] [    0.000000] printk: log buffer data + meta data: 131072 + 458752 = 589824 bytes
[VM 1] [    0.000000] Dentry cache hash table entries: 65536 (order: 7, 524288 bytes, linear)
[VM 1] [    0.000000] Inode-cache hash table entries: 32768 (order: 6, 262144 bytes, linear)
[VM 1] [    0.000000] software IO TLB: SWIOTLB bounce buffer size adjusted to 0MB
[VM 1] [    0.000000] software IO TLB: area num 2.
[VM 1] [    0.000000] software IO TLB: mapped [mem 0x000000009d540000-0x000000009d5c0000] (0MB)
[VM 1] [    0.000000] Fallback order for Node 0: 0 
[VM 1] [    0.000000] Built 1 zonelists, mobility grouping on.  Total pages: 131072
[VM 1] [    0.000000] Policy zone: DMA
[VM 1] [    0.000000] mem auto-init: stack:all(zero), heap alloc:off, heap free:off
[VM 1] [    0.000000] SLUB: HWalign=64, Order=0-3, MinObjects=0, CPUs=2, Nodes=1
[VM 1] [    0.000000] rcu: Preemptible hierarchical RCU implementation.
[VM 1] [    0.000000] rcu: 	RCU event tracing is enabled.
[VM 1] [    0.000000] rcu: 	RCU restricting CPUs from NR_CPUS=512 to nr_cpu_ids=2.
[VM 1] [    0.000000] 	Trampoline variant of Tasks RCU enabled.
[VM 1] [    0.000000] 	Tracing variant of Tasks RCU enabled.
[VM 1] [    0.000000] rcu: RCU calculated value of scheduler-enlistment delay is 25 jiffies.
[VM 1] [    0.000000] rcu: Adjusting geometry for rcu_fanout_leaf=16, nr_cpu_ids=2
[VM 1] [    0.000000] RCU Tasks: Setting shift to 1 and lim to 1 rcu_task_cb_adjust=1 rcu_task_cpu_ids=2.
[VM 1] [    0.000000] RCU Tasks Trace: Setting shift to 1 and lim to 1 rcu_task_cb_adjust=1 rcu_task_cpu_ids=2.
[VM 1] [    0.000000] NR_IRQS: 64, nr_irqs: 64, preallocated irqs: 0
[VM 1] [    0.000000] GICv3: 256 SPIs implemented
[VM 1] [    0.000000] GICv3: 0 Extended SPIs implemented
[VM 1] [    0.000000] Root IRQ handler: gic_handle_irq
[VM 1] [    0.000000] GICv3: GICv3 features: 16 PPIs, RSS
[VM 1] [    0.000000] GICv3: GICD_CTLR.DS=0, SCR_EL3.FIQ=0
[VM 1] [    0.000000] GICv3: CPU0: found redistributor 0 region 0:0x00000000080a0000
[VM 1] [    0.000000] ITS [mem 0x08080000-0x0809ffff]
[VM 1] [    0.000000] ITS@0x0000000008080000: allocated 8192 Devices @83050000 (indirect, esz 8, psz 64K, shr 1)
[VM 1] [    0.000000] ITS@0x0000000008080000: allocated 8192 Interrupt Collections @83060000 (flat, esz 8, psz 64K, shr 1)
[VM 1] [    0.000000] GICv3: using LPI property table @0x0000000083070000
[VM 1] [    0.000000] GICv3: CPU0: using allocated LPI pending table @0x0000000083080000
[VM 1] [    0.000000] rcu: srcu_init: Setting srcu_struct sizes based on contention.
[VM 1] [    0.000000] arch_timer: cp15 timer running at 62.50MHz (virt).
[VM 1] [    0.000000] clocksource: arch_sys_counter: mask: 0x1ffffffffffffff max_cycles: 0x1cd42e208c, max_idle_ns: 881590405314 ns
[VM 1] [    0.000039] sched_clock: 57 bits at 63MHz, resolution 16ns, wraps every 4398046511096ns
[VM 1] [    0.003259] Console: colour dummy device 80x25
[VM 1] [    0.005922] printk: legacy console [tty0] enabled
[VM 1] [    0.008734] Calibrating delay loop (skipped), value calculated using timer frequency.. 125.00 BogoMIPS (lpj=250000)
[VM 1] [    0.008840] pid_max: default: 32768 minimum: 301
[VM 1] [    0.010355] LSM: initializing lsm=capability
[VM 1] [    0.012756] Mount-cache hash table entries: 1024 (order: 1, 8192 bytes, linear)
[VM 1] [    0.012802] Mountpoint-cache hash table entries: 1024 (order: 1, 8192 bytes, linear)
[VM 3] msh />[32m[I/rtipic.srv] server starting on 192.168.77.30:9876[0m
[VM 1] [    0.029382] /cpus/cpu-map/socket0/cluster0/core2: Can't get CPU for leaf core
[VM 3] [32m[I/rtipic.srv] listening...[0m
[VM 1] [    0.030024] cacheinfo: Unable to detect cache hierarchy for CPU 0
[VM 1] [    0.038583] rcu: Hierarchical SRCU implementation.
[VM 1] [    0.038630] rcu: 	Max phase no-delay instances is 1000.
[VM 1] [    0.039899] Timer migration: 1 hierarchy levels; 8 children per group; 1 crossnode level
[VM 1] [    0.041078] fsl-mc MSI: its@8080000 domain created

[Axvisor] attached VM[3] console; use Ctrl+X, then h to return to the shell
rtbench_stability 300
RTBENCH_STABILITY_BEGIN seconds=300 expected=299999
msh />[32m[I/rtipic.srv] client connected[0m
[32m[I/rtipic.srv] stats: msgs=117 bytes=5KB conn=1[0m
[32m[I/rtipic.srv] proto: state=3 tx=58 rx=58 retrans=0 timeouts=0 dup=0 reorder=0 errors=0 acks=58[0m
[32m[I/rtipic.srv] stats: msgs=4597 bytes=232KB conn=1[0m
[32m[I/rtipic.srv] proto: state=3 tx=2283 rx=2283 retrans=0 timeouts=0 dup=0 reorder=0 errors=0 acks=2283[0m
[32m[I/rtipic.srv] stats: msgs=9122 bytes=461KB conn=1[0m
[32m[I/rtipic.srv] proto: state=3 tx=4531 rx=4531 retrans=0 timeouts=0 dup=0 reorder=0 errors=0 acks=4530[0m
[32m[I/rtipic.srv] stats: msgs=13874 bytes=701KB conn=1[0m
[32m[I/rtipic.srv] proto: state=3 tx=6892 rx=6892 retrans=0 timeouts=0 dup=0 reorder=0 errors=0 acks=6892[0m
[32m[I/rtipic.srv] stats: msgs=18730 bytes=947KB conn=1[0m
[32m[I/rtipic.srv] proto: state=3 tx=9305 rx=9305 retrans=0 timeouts=0 dup=0 reorder=0 errors=0 acks=9305[0m
[32m[I/rtipic.srv] stats: msgs=23263 bytes=1176KB conn=1[0m
[32m[I/rtipic.srv] proto: state=3 tx=11557 rx=11557 retrans=0 timeouts=0 dup=0 reorder=0 errors=0 acks=11557[0m
[32m[I/rtipic.srv] stats: msgs=28056 bytes=1419KB conn=1[0m
[32m[I/rtipic.srv] proto: state=3 tx=13939 rx=13939 retrans=0 timeouts=0 dup=0 reorder=0 errors=0 acks=13938[0m
[32m[I/rtipic.srv] client connected[0m
[33m[W/rtipic.srv] client disconnected[0m
[32m[I/rtipic.srv] stats: msgs=32803 bytes=1659KB conn=1[0m
[32m[I/rtipic.srv] proto: state=3 tx=16297 rx=16297 retrans=0 timeouts=0 dup=0 reorder=0 errors=0 acks=16297[0m
[32m[I/rtipic.srv] stats: msgs=37634 bytes=1903KB conn=1[0m
[32m[I/rtipic.srv] proto: state=3 tx=18698 rx=18698 retrans=0 timeouts=0 dup=0 reorder=0 errors=0 acks=18697[0m
[32m[I/rtipic.srv] stats: msgs=42505 bytes=2150KB conn=1[0m
[32m[I/rtipic.srv] proto: state=3 tx=21118 rx=21118 retrans=0 timeouts=0 dup=0 reorder=0 errors=0 acks=21118[0m
[32m[I/rtipic.srv] stats: msgs=47459 bytes=2400KB conn=1[0m
[32m[I/rtipic.srv] proto: state=3 tx=23580 rx=23580 retrans=0 timeouts=0 dup=0 reorder=0 errors=0 acks=23580[0m
[32m[I/rtipic.srv] stats: msgs=52180 bytes=2639KB conn=1[0m
[32m[I/rtipic.srv] proto: state=3 tx=25926 rx=25926 retrans=0 timeouts=0 dup=0 reorder=0 errors=0 acks=25925[0m
[32m[I/rtipic.srv] stats: msgs=56718 bytes=2869KB conn=1[0m
[32m[I/rtipic.srv] proto: state=3 tx=28180 rx=28180 retrans=0 timeouts=0 dup=0 reorder=0 errors=0 acks=28180[0m
[32m[I/rtipic.srv] stats: msgs=61346 bytes=3192KB conn=1[0m
[32m[I/rtipic.srv] proto: state=3 tx=30479 rx=30479 retrans=0 timeouts=0 dup=0 reorder=0 errors=0 acks=30479[0m
[32m[I/rtipic.srv] stats: msgs=66473 bytes=3930KB conn=1[0m
[32m[I/rtipic.srv] proto: state=3 tx=33028 rx=33028 retrans=0 timeouts=0 dup=0 reorder=0 errors=0 acks=33027[0m
[32m[I/rtipic.srv] stats: msgs=71274 bytes=4620KB conn=1[0m
[32m[I/rtipic.srv] proto: state=3 tx=35413 rx=35413 retrans=0 timeouts=0 dup=0 reorder=0 errors=0 acks=35413[0m
[32m[I/rtipic.srv] stats: msgs=75920 bytes=5288KB conn=1[0m
[32m[I/rtipic.srv] proto: state=3 tx=37721 rx=37721 retrans=0 timeouts=0 dup=0 reorder=0 errors=0 acks=37721[0m
[32m[I/rtipic.srv] stats: msgs=80700 bytes=5975KB conn=1[0m
[32m[I/rtipic.srv] proto: state=3 tx=40096 rx=40096 retrans=0 timeouts=0 dup=0 reorder=0 errors=0 acks=40096[0m
[32m[I/rtipic.srv] stats: msgs=85171 bytes=6617KB conn=1[0m
[32m[I/rtipic.srv] proto: state=3 tx=42317 rx=42317 retrans=0 timeouts=0 dup=0 reorder=0 errors=0 acks=42316[0m
[32m[I/rtipic.srv] stats: msgs=89834 bytes=7288KB conn=1[0m
[32m[I/rtipic.srv] proto: state=3 tx=44634 rx=44634 retrans=0 timeouts=0 dup=0 reorder=0 errors=0 acks=44633[0m
[32m[I/rtipic.srv] stats: msgs=94721 bytes=7990KB conn=1[0m
[32m[I/rtipic.srv] proto: state=3 tx=47063 rx=47063 retrans=0 timeouts=0 dup=0 reorder=0 errors=0 acks=47062[0m
[32m[I/rtipic.srv] stats: msgs=99792 bytes=8719KB conn=1[0m
[32m[I/rtipic.srv] proto: state=3 tx=49583 rx=49583 retrans=0 timeouts=0 dup=0 reorder=0 errors=0 acks=49583[0m
[32m[I/rtipic.srv] stats: msgs=104814 bytes=9441KB conn=1[0m
[32m[I/rtipic.srv] proto: state=3 tx=52079 rx=52079 retrans=0 timeouts=0 dup=0 reorder=0 errors=0 acks=52079[0m
[32m[I/rtipic.srv] stats: msgs=109948 bytes=10180KB conn=1[0m
[32m[I/rtipic.srv] proto: state=3 tx=54631 rx=54631 retrans=0 timeouts=0 dup=0 reorder=0 errors=0 acks=54631[0m
[32m[I/rtipic.srv] stats: msgs=114776 bytes=10874KB conn=1[0m
[32m[I/rtipic.srv] proto: state=3 tx=57030 rx=57030 retrans=0 timeouts=0 dup=0 reorder=0 errors=0 acks=57030[0m
[32m[I/rtipic.srv] stats: msgs=119546 bytes=11559KB conn=1[0m
[32m[I/rtipic.srv] proto: state=3 tx=59400 rx=59400 retrans=0 timeouts=0 dup=0 reorder=0 errors=0 acks=59400[0m
[32m[I/rtipic.srv] stats: msgs=124880 bytes=13866KB conn=1[0m
[32m[I/rtipic.srv] proto: state=3 tx=62052 rx=62052 retrans=0 timeouts=0 dup=0 reorder=0 errors=0 acks=62052[0m
[32m[I/rtipic.srv] stats: msgs=130368 bytes=16702KB conn=1[0m
[32m[I/rtipic.srv] proto: state=3 tx=64781 rx=64781 retrans=0 timeouts=0 dup=0 reorder=0 errors=0 acks=64781[0m
[32m[I/rtipic.srv] stats: msgs=135589 bytes=19400KB conn=1[0m
[32m[I/rtipic.srv] proto: state=3 tx=67377 rx=67377 retrans=0 timeouts=0 dup=0 reorder=0 errors=0 acks=67377[0m
[32m[I/rtipic.srv] stats: msgs=141088 bytes=22242KB conn=1[0m
[32m[I/rtipic.srv] proto: state=3 tx=70112 rx=70112 retrans=0 timeouts=0 dup=0 reorder=0 errors=0 acks=70111[0m
RTBENCH metric=stability_jitter run=1 expected=299999 collected=299999 missing=0 p50_ns=37760 p95_ns=302640 p99_ns=391936 p99_9_ns=476640 max_ns=2872016 miss_100us=101102 miss_500us=167 miss_1ms=14 mean_ns=90112
RTBENCH metric=callback_exec run=1 expected=299999 collected=299999 missing=0 p50_ns=544 p95_ns=800 p99_ns=1200 p99_9_ns=5664 max_ns=204560 miss_100us=45 miss_500us=0 miss_1ms=0 mean_ns=608
RTBENCH_STABILITY_END status=FAIL expected=299999 collected=299999 missing=0
RTBENCH_STABILITY_DONE

[Axvisor] attached VM[1] console; use Ctrl+X, then h to return to the shell
4039] usbcore: registered new interface driver hub
[    0.544132] usbcore: registered new device driver usb

[    0.544715] pps_core: LinuxPPS API ver. 1 registered
[    0.544734] pps_core: Software ver. 5.3.6 - Copyright 2005-2007 Rodolfo Giometti <giometti@linux.it>
[    0.544776] PTP clock support registered
          RX packets:0 errors:0 dropped:0 overruns:0 frame:0[    0.544904] EDAC MC: Ver: 3.0.0
[    0.545729] scmi_core: SCMI protocol bus registered

[    0.547410] FPGA manager framework
[    0.553742] vgaarb: loaded
[    0.617003] clocksource: Switched to clocksource arch_sys_counter
          TX packets:0 errors:0 dropped:0 overruns:0 carrier:0[    0.617958] VFS: Disk quotas dquot_6.6.0
[    0.618023] VFS: Dquot-cache hash table entries: 512 (order 0, 4096 bytes)

[    0.654546] pnp: PnP ACPI: disabled
[    0.755575] NET: Registered PF_INET protocol family
[    0.757122] IP idents hash table entries: 8192 (order: 4, 65536 bytes, linear)
          collisions:0 txqueuelen:1000 [    0.759211] tcp_listen_portaddr_hash hash table entries: 256 (order: 0, 4096 bytes, linear)
[    0.759271] Table-perturb hash table entries: 65536 (order: 6, 262144 bytes, linear)

[    0.759320] TCP established hash table entries: 4096 (order: 3, 32768 bytes, linear)
[    0.759433] TCP bind hash table entries: 4096 (order: 5, 131072 bytes, linear)
[    0.759529] TCP: Hash tables configured (established 4096 bind 4096)
          RX bytes:0 (0.0 B)  TX bytes:0 (0.0 B)[    0.760144] UDP hash table entries: 256 (order: 2, 16384 bytes, linear)
[    0.760351] UDP-Lite hash table entries: 256 (order: 2, 16384 bytes, linear)
[    0.760979] NET: Registered PF_UNIX/PF_LOCAL protocol family

[    0.762595] RPC: Registered named UNIX socket transport module.
[    0.762636] RPC: Registered udp transport module.
[    0.762650] RPC: Registered tcp transport module.
[    0.762662] RPC: Registered tcp-with-tls transport module.
[    0.762674] RPC: Registered tcp NFSv4.1 backchannel transport module.

[    0.762737] PCI: CLS 0 bytes, default 64
[    0.765098] Unpacking initramfs...
[    0.777818] kvm [1]: HYP mode not available
[    0.779903] Initialise system trusted keyrings
[    0.798649] Freeing initrd memory: 2876K
[    0.799193] workingset: timestamp_bits=42 max_order=17 bucket_order=0
[    0.800296] squashfs: version 4.0 (2009/01/31) Phillip Lougher
[    0.808173] NFS: Registering the id_resolver key type
[    0.808437] Key type id_resolver registered
[    0.808463] Key type id_legacy registered
[    0.808644] nfs4filelayout_init: NFSv4 File Layout Driver Registering...
[    0.808691] nfs4flexfilelayout_init: NFSv4 Flexfile Layout Driver Registering...
[    0.809172] 9p: Installing v9fs 9p2000 file system support
[    0.893846] Key type asymmetric registered
Linux network guest ready: 192.168.77.11/24[    0.893913] Asymmetric key parser 'x509' registered
[    0.894093] Block layer SCSI generic (bsg) driver version 0.4 loaded (major 244)

[    0.894188] io scheduler mq-deadline registered
[    0.894231] io scheduler kyber registered
[    0.894420] io scheduler bfq registered
[    0.977400] ledtrig-cpu: registered to indicate activity on CPUs
[    1.052207] Serial: 8250/16550 driver, 4 ports, IRQ sharing enabled
[    1.055902] msm_serial: driver initialized
[    1.056159] SuperH (H)SCI(F) driver initialized
[    1.056239] STM32 USART driver initialized
[    1.096556] loop: module loaded
[    1.117820] megasas: 07.734.00.00-rc1
[    1.164255] tun: Universal TUN/TAP device driver, 1.6
[    1.288197] thunder_xcv, ver 1.0
[    1.288303] thunder_bgx, ver 1.0
eth0      Link encap:Ethernet  HWaddr 34:54:00:4D:00:01  [    1.288370] nicpf, ver 1.0
[    1.289630] e1000: Intel(R) PRO/1000 Network Driver

[    1.289652] e1000: Copyright (c) 1999-2006 Intel Corporation.
[    1.289724] e1000e: Intel(R) PRO/1000 Network Driver
[    1.289737] e1000e: Copyright(c) 1999 - 2015 Intel Corporation.
          inet addr:192.168.77.11  Bcast:0.0.0.0  Mask:255.255.255.0[    1.289796] igb: Intel(R) Gigabit Ethernet Network Driver
[    1.289810] igb: Copyright (c) 2007-2014 Intel Corporation.

[    1.289875] igbvf: Intel(R) Gigabit Virtual Function Network Driver
[    1.289890] igbvf: Copyright (c) 2009 - 2012 Intel Corporation.
[    1.290134] sky2: driver version 1.30
          UP BROADCAST RUNNING MULTICAST  MTU:1500  Metric:1[    1.309347] VFIO - User Level meta-driver version: 0.3
[    1.312183] usbcore: registered new interface driver usb-storage

[    1.314776] i2c_dev: i2c /dev entries driver
[    1.339558] sdhci: Secure Digital Host Controller Interface driver
[    1.339594] sdhci: Copyright(c) Pierre Ossman
          RX packets:0 errors:0 dropped:0 overruns:0 frame:0[    1.340020] Synopsys Designware Multimedia Card Interface Driver
[    1.340566] sdhci-pltfm: SDHCI platform and OF driver helper

[    1.342806] SMCCC: SOC_ID: ARCH_SOC_ID not implemented, skipping ....
[    1.344164] usbcore: registered new interface driver usbhid
[    1.344186] usbhid: USB HID core driver
          TX packets:0 errors:0 dropped:0 overruns:0 carrier:0[    1.369807] NET: Registered PF_PACKET protocol family
[    1.370527] 9pnet: Installing 9P2000 support

[    1.370698] Key type dns_resolver registered
[    1.394482] registered taskstats version 1
[    1.396383] Loading compiled-in X.509 certificates
          collisions:0 txqueuelen:1000 [    1.469098] Demotion targets for Node 0: null
[    1.472250] clk: Disabling unused clocks

[    1.472384] PM: genpd: Disabling unused power domains
[    1.867640] Freeing unused kernel memory: 11648K
[    1.910830] Run /init as init process
          RX bytes:0 (0.0 B)  TX bytes:0 (0.0 B)

PING 192.168.77.30 (192.168.77.30): 56 data bytes
64 bytes from 192.168.77.30: seq=0 ttl=255 time=14.596 ms

--- 192.168.77.30 ping statistics ---
1 packets transmitted, 1 packets received, 0% packet loss
round-trip min/avg/max = 14.596/14.596/14.596 ms
Linux reached RT-Thread at 192.168.77.30
Linux network counters before RT-IPC:
Ip: Forwarding DefaultTTL InReceives InHdrErrors InAddrErrors ForwDatagrams InUnknownProtos InDiscards InDelivers OutRequests OutDiscards OutNoRoutes ReasmTimeout ReasmReqds ReasmOKs ReasmFails FragOKs FragFails FragCreates OutTransmits
Ip: 2 64 1 0 0 0 0 0 1 1 0 0 0 0 0 0 0 0 0 1
Icmp: InMsgs InErrors InCsumErrors InDestUnreachs InTimeExcds InParmProbs InSrcQuenchs InRedirects InEchos InEchoReps InTimestamps InTimestampReps InAddrMasks InAddrMaskReps OutMsgs OutErrors OutRateLimitGlobal OutRateLimitHost OutDestUnreachs OutTimeExcds OutParmProbs OutSrcQuenchs OutRedirects OutEchos OutEchoReps OutTimestamps OutTimestampReps OutAddrMasks OutAddrMaskReps
Icmp: 1 0 0 0 0 0 0 0 0 1 0 0 0 0 1 0 0 0 0 0 0 0 0 1 0 0 0 0 0
IcmpMsg: InType0 OutType8
IcmpMsg: 1 1
Tcp: RtoAlgorithm RtoMin RtoMax MaxConn ActiveOpens PassiveOpens AttemptFails EstabResets CurrEstab InSegs OutSegs RetransSegs InErrs OutRsts InCsumErrors
Tcp: 1 200 120000 -1 0 0 0 0 0 0 0 0 0 0 0
Udp: InDatagrams NoPorts InErrors OutDatagrams RcvbufErrors SndbufErrors InCsumErrors IgnoredMulti MemErrors
Udp: 0 0 0 0 0 0 0 0 0
UdpLite: InDatagrams NoPorts InErrors OutDatagrams RcvbufErrors SndbufErrors InCsumErrors IgnoredMulti MemErrors
UdpLite: 0 0 0 0 0 0 0 0 0
Starting RT-IPC benchmark...
=== RT-IPC Benchmark Client ===
Target: 192.168.77.30:9876, count=30000 per size

[client] fault profile: none
[   11.886997] random: crng init done
[client] connecting...
[client] connected!

--- Payload 64B ---
[progress] size=64 idx=1102 sent=1103 recv=1102 state=3 tx=1103 rx=1102 retrans=0 timeouts=0 dup=0 reorder=0 errors=0 acks=1103 stall=3ms
[progress] size=64 idx=2255 sent=2256 recv=2256 state=3 tx=2256 rx=2256 retrans=0 timeouts=0 dup=0 reorder=0 errors=0 acks=2256 stall=0ms
[progress] size=64 idx=3366 sent=3367 recv=3367 state=3 tx=3367 rx=3367 retrans=0 timeouts=0 dup=0 reorder=0 errors=0 acks=3367 stall=0ms
[progress] size=64 idx=4502 sent=4503 recv=4502 state=3 tx=4503 rx=4502 retrans=0 timeouts=0 dup=0 reorder=0 errors=0 acks=4503 stall=2ms
[progress] size=64 idx=5713 sent=5714 recv=5713 state=3 tx=5714 rx=5713 retrans=0 timeouts=0 dup=0 reorder=0 errors=0 acks=5714 stall=2ms
[progress] size=64 idx=6860 sent=6861 recv=6861 state=3 tx=6861 rx=6861 retrans=0 timeouts=0 dup=0 reorder=0 errors=0 acks=6861 stall=0ms
[progress] size=64 idx=8096 sent=8097 recv=8097 state=3 tx=8097 rx=8097 retrans=0 timeouts=0 dup=0 reorder=0 errors=0 acks=8097 stall=0ms
[progress] size=64 idx=9276 sent=9277 recv=9276 state=3 tx=9277 rx=9276 retrans=0 timeouts=0 dup=0 reorder=0 errors=0 acks=9277 stall=2ms
[progress] size=64 idx=10422 sent=10423 recv=10422 state=3 tx=10423 rx=10422 retrans=0 timeouts=0 dup=0 reorder=0 errors=0 acks=10423 stall=3ms
[progress] size=64 idx=11538 sent=11539 recv=11538 state=3 tx=11539 rx=11538 retrans=0 timeouts=0 dup=0 reorder=0 errors=0 acks=11539 stall=2ms
[progress] size=64 idx=12740 sent=12741 recv=12740 state=3 tx=12741 rx=12740 retrans=0 timeouts=0 dup=0 reorder=0 errors=0 acks=12741 stall=3ms
[progress] size=64 idx=13901 sent=13902 recv=13902 state=3 tx=13902 rx=13902 retrans=0 timeouts=0 dup=0 reorder=0 errors=0 acks=13902 stall=0ms
[client] fault injection: force disconnect at request=15000
[client] reconnect complete recovery_ms=202 attempts=1
[progress] size=64 idx=15081 sent=15082 recv=15082 state=3 tx=15082 rx=15082 retrans=0 timeouts=0 dup=0 reorder=0 errors=0 acks=15082 stall=0ms
[progress] size=64 idx=16274 sent=16275 recv=16274 state=3 tx=16275 rx=16274 retrans=0 timeouts=0 dup=0 reorder=0 errors=0 acks=16275 stall=3ms
[progress] size=64 idx=17500 sent=17501 recv=17501 state=3 tx=17501 rx=17501 retrans=0 timeouts=0 dup=0 reorder=0 errors=0 acks=17501 stall=0ms
[progress] size=64 idx=18685 sent=18686 recv=18685 state=3 tx=18686 rx=18685 retrans=0 timeouts=0 dup=0 reorder=0 errors=0 acks=18686 stall=3ms
[progress] size=64 idx=19928 sent=19929 recv=19928 state=3 tx=19929 rx=19928 retrans=0 timeouts=0 dup=0 reorder=0 errors=0 acks=19929 stall=2ms
[progress] size=64 idx=21102 sent=21103 recv=21102 state=3 tx=21103 rx=21102 retrans=0 timeouts=0 dup=0 reorder=0 errors=0 acks=21103 stall=2ms
[progress] size=64 idx=22350 sent=22351 recv=22350 state=3 tx=22351 rx=22350 retrans=0 timeouts=0 dup=0 reorder=0 errors=0 acks=22351 stall=3ms
[progress] size=64 idx=23554 sent=23555 recv=23555 state=3 tx=23555 rx=23555 retrans=0 timeouts=0 dup=0 reorder=0 errors=0 acks=23555 stall=0ms
[progress] size=64 idx=24710 sent=24711 recv=24710 state=3 tx=24711 rx=24710 retrans=0 timeouts=0 dup=0 reorder=0 errors=0 acks=24711 stall=2ms
[progress] size=64 idx=25902 sent=25903 recv=25902 state=3 tx=25903 rx=25902 retrans=0 timeouts=0 dup=0 reorder=0 errors=0 acks=25903 stall=2ms
[progress] size=64 idx=26994 sent=26995 recv=26995 state=3 tx=26995 rx=26995 retrans=0 timeouts=0 dup=0 reorder=0 errors=0 acks=26995 stall=0ms
[progress] size=64 idx=28153 sent=28154 recv=28153 state=3 tx=28154 rx=28153 retrans=0 timeouts=0 dup=0 reorder=0 errors=0 acks=28154 stall=2ms
[progress] size=64 idx=29207 sent=29208 recv=29208 state=3 tx=29208 rx=29208 retrans=0 timeouts=0 dup=0 reorder=0 errors=0 acks=29208 stall=0ms
  sent=30000  recv=30000  loss=0%
  RTT: min=0ms avg=3ms max=234ms P50=3ms P95=23ms P99=24ms P99.9=30ms
  throughput=14.64KiB/s
  request_timeouts=0 protocol_errors=0 reconnects=1
  transport: retrans=0 timeouts=0 dup=0 reorder=0 errors=0

--- Payload 256B ---
[progress] size=256 idx=1205 sent=1206 recv=1205 state=3 tx=31206 rx=31205 retrans=0 timeouts=0 dup=0 reorder=0 errors=0 acks=31206 stall=3ms
[progress] size=256 idx=2535 sent=2536 recv=2535 state=3 tx=32536 rx=32535 retrans=0 timeouts=0 dup=0 reorder=0 errors=0 acks=32536 stall=10ms
[progress] size=256 idx=3739 sent=3740 recv=3740 state=3 tx=33740 rx=33740 retrans=0 timeouts=0 dup=0 reorder=0 errors=0 acks=33740 stall=0ms
[progress] size=256 idx=4962 sent=4963 recv=4963 state=3 tx=34963 rx=34963 retrans=0 timeouts=0 dup=0 reorder=0 errors=0 acks=34963 stall=0ms
[progress] size=256 idx=6135 sent=6136 recv=6136 state=3 tx=36136 rx=36136 retrans=0 timeouts=0 dup=0 reorder=0 errors=0 acks=36136 stall=0ms
[progress] size=256 idx=7246 sent=7247 recv=7247 state=3 tx=37247 rx=37247 retrans=0 timeouts=0 dup=0 reorder=0 errors=0 acks=37247 stall=0ms
[progress] size=256 idx=8447 sent=8448 recv=8447 state=3 tx=38448 rx=38447 retrans=0 timeouts=0 dup=0 reorder=0 errors=0 acks=38448 stall=3ms
[progress] size=256 idx=9600 sent=9601 recv=9600 state=3 tx=39601 rx=39600 retrans=0 timeouts=0 dup=0 reorder=0 errors=0 acks=39601 stall=3ms
[progress] size=256 idx=10723 sent=10724 recv=10724 state=3 tx=40724 rx=40724 retrans=0 timeouts=0 dup=0 reorder=0 errors=0 acks=40724 stall=0ms
[progress] size=256 idx=11851 sent=11852 recv=11851 state=3 tx=41852 rx=41851 retrans=0 timeouts=0 dup=0 reorder=0 errors=0 acks=41852 stall=3ms
[progress] size=256 idx=13019 sent=13020 recv=13020 state=3 tx=43020 rx=43020 retrans=0 timeouts=0 dup=0 reorder=0 errors=0 acks=43020 stall=0ms
[progress] size=256 idx=14143 sent=14144 recv=14144 state=3 tx=44144 rx=44144 retrans=0 timeouts=0 dup=0 reorder=0 errors=0 acks=44144 stall=0ms
[progress] size=256 idx=15383 sent=15384 recv=15384 state=3 tx=45384 rx=45384 retrans=0 timeouts=0 dup=0 reorder=0 errors=0 acks=45384 stall=0ms
[progress] size=256 idx=16617 sent=16618 recv=16618 state=3 tx=46618 rx=46618 retrans=0 timeouts=0 dup=0 reorder=0 errors=0 acks=46618 stall=0ms
[progress] size=256 idx=17811 sent=17812 recv=17811 state=3 tx=47812 rx=47811 retrans=0 timeouts=0 dup=0 reorder=0 errors=0 acks=47812 stall=2ms
[progress] size=256 idx=19122 sent=19123 recv=19122 state=3 tx=49123 rx=49122 retrans=0 timeouts=0 dup=0 reorder=0 errors=0 acks=49122 stall=3ms
[  220.277065] hrtimer: interrupt took 40253856 ns
[progress] size=256 idx=20325 sent=20326 recv=20325 state=3 tx=50326 rx=50325 retrans=0 timeouts=0 dup=0 reorder=0 errors=0 acks=50326 stall=2ms
[progress] size=256 idx=21637 sent=21638 recv=21637 state=3 tx=51638 rx=51637 retrans=0 timeouts=0 dup=0 reorder=0 errors=0 acks=51638 stall=2ms
[progress] size=256 idx=22843 sent=22844 recv=22843 state=3 tx=52844 rx=52843 retrans=0 timeouts=0 dup=0 reorder=0 errors=0 acks=52844 stall=10ms
[progress] size=256 idx=24071 sent=24072 recv=24071 state=3 tx=54072 rx=54071 retrans=0 timeouts=0 dup=0 reorder=0 errors=0 acks=54072 stall=10ms
[progress] size=256 idx=25371 sent=25372 recv=25371 state=3 tx=55372 rx=55371 retrans=0 timeouts=0 dup=0 reorder=0 errors=0 acks=55372 stall=4ms
[progress] size=256 idx=26596 sent=26597 recv=26596 state=3 tx=56597 rx=56596 retrans=0 timeouts=0 dup=0 reorder=0 errors=0 acks=56597 stall=3ms
[progress] size=256 idx=27742 sent=27743 recv=27742 state=3 tx=57743 rx=57742 retrans=0 timeouts=0 dup=0 reorder=0 errors=0 acks=57743 stall=2ms
[progress] size=256 idx=28904 sent=28905 recv=28905 state=3 tx=58905 rx=58905 retrans=0 timeouts=0 dup=0 reorder=0 errors=0 acks=58905 stall=0ms
  sent=30000  recv=30000  loss=0%
  RTT: min=0ms avg=3ms max=104ms P50=3ms P95=23ms P99=24ms P99.9=31ms
  throughput=60.35KiB/s
  request_timeouts=0 protocol_errors=0 reconnects=0
  transport: retrans=0 timeouts=0 dup=0 reorder=0 errors=0

--- Payload 1024B ---
[progress] size=1024 idx=1283 sent=1284 recv=1284 state=3 tx=61284 rx=61284 retrans=0 timeouts=0 dup=0 reorder=0 errors=0 acks=61284 stall=0ms
[progress] size=1024 idx=2725 sent=2726 recv=2725 state=3 tx=62726 rx=62725 retrans=0 timeouts=0 dup=0 reorder=0 errors=0 acks=62726 stall=3ms
[progress] size=1024 idx=4073 sent=4074 recv=4074 state=3 tx=64074 rx=64074 retrans=0 timeouts=0 dup=0 reorder=0 errors=0 acks=64074 stall=0ms
[progress] size=1024 idx=5372 sent=5373 recv=5373 state=3 tx=65373 rx=65373 retrans=0 timeouts=0 dup=0 reorder=0 errors=0 acks=65373 stall=0ms
[progress] size=1024 idx=6677 sent=6678 recv=6677 state=3 tx=66678 rx=66677 retrans=0 timeouts=0 dup=0 reorder=0 errors=0 acks=66678 stall=2ms
[progress] size=1024 idx=8005 sent=8006 recv=8005 state=3 tx=68006 rx=68005 retrans=0 timeouts=0 dup=0 reorder=0 errors=0 acks=68006 stall=3ms
[progress] size=1024 idx=9357 sent=9358 recv=9357 state=3 tx=69358 rx=69357 retrans=0 timeouts=0 dup=0 reorder=0 errors=0 acks=69358 stall=3ms
[progress] size=1024 idx=10267 sent=10268 recv=10268 state=3 tx=70268 rx=70268 retrans=3 timeouts=0 dup=0 reorder=0 errors=0 acks=70268 stall=0ms
[progress] size=1024 idx=11610 sent=11611 recv=11610 state=3 tx=71611 rx=71610 retrans=3 timeouts=0 dup=0 reorder=0 errors=0 acks=71611 stall=2ms
[progress] size=1024 idx=12956 sent=12957 recv=12956 state=3 tx=72957 rx=72956 retrans=3 timeouts=0 dup=0 reorder=0 errors=0 acks=72957 stall=2ms
[progress] size=1024 idx=14289 sent=14290 recv=14289 state=3 tx=74290 rx=74289 retrans=3 timeouts=0 dup=0 reorder=0 errors=0 acks=74290 stall=2ms
[progress] size=1024 idx=15578 sent=15579 recv=15578 state=3 tx=75579 rx=75578 retrans=3 timeouts=0 dup=0 reorder=0 errors=0 acks=75579 stall=3ms
[progress] size=1024 idx=16907 sent=16908 recv=16907 state=3 tx=76908 rx=76907 retrans=3 timeouts=0 dup=0 reorder=0 errors=0 acks=76908 stall=3ms
[progress] size=1024 idx=18246 sent=18247 recv=18247 state=3 tx=78247 rx=78247 retrans=3 timeouts=0 dup=0 reorder=0 errors=0 acks=78247 stall=0ms
[progress] size=1024 idx=19555 sent=19556 recv=19555 state=3 tx=79556 rx=79555 retrans=3 timeouts=0 dup=0 reorder=0 errors=0 acks=79556 stall=3ms
[progress] size=1024 idx=20942 sent=20943 recv=20943 state=3 tx=80943 rx=80943 retrans=3 timeouts=0 dup=0 reorder=0 errors=0 acks=80943 stall=0ms
[progress] size=1024 idx=22325 sent=22326 recv=22325 state=3 tx=82326 rx=82325 retrans=3 timeouts=0 dup=0 reorder=0 errors=0 acks=82326 stall=2ms
[progress] size=1024 idx=23645 sent=23646 recv=23645 state=3 tx=83646 rx=83645 retrans=3 timeouts=0 dup=0 reorder=0 errors=0 acks=83646 stall=2ms
[progress] size=1024 idx=25008 sent=25009 recv=25008 state=3 tx=85009 rx=85008 retrans=3 timeouts=0 dup=0 reorder=0 errors=0 acks=85009 stall=2ms
[progress] size=1024 idx=26370 sent=26371 recv=26370 state=3 tx=86371 rx=86370 retrans=3 timeouts=0 dup=0 reorder=0 errors=0 acks=86371 stall=2ms
[progress] size=1024 idx=27741 sent=27742 recv=27741 state=3 tx=87742 rx=87741 retrans=3 timeouts=0 dup=0 reorder=0 errors=0 acks=87742 stall=2ms
[progress] size=1024 idx=29067 sent=29068 recv=29068 state=3 tx=89068 rx=89068 retrans=3 timeouts=0 dup=0 reorder=0 errors=0 acks=89068 stall=0ms
  sent=30000  recv=30000  loss=0%
  RTT: min=1ms avg=3ms max=1724ms P50=3ms P95=8ms P99=24ms P99.9=29ms
  throughput=264.08KiB/s
  request_timeouts=0 protocol_errors=0 reconnects=0
  transport: retrans=3 timeouts=0 dup=0 reorder=0 errors=0

========================================
ALL TESTS COMPLETE
========================================
RT-IPC client exited with rc=0
Linux network counters after RT-IPC:
Ip: Forwarding DefaultTTL InReceives InHdrErrors InAddrErrors ForwDat