root=/dev/nvme0n1 rw init=/bin/sh
VM Load @PA:0x40200000
VM Load Offset: 0xffff0000c0200000
Memory Map:
  Free   0x00000040000000 - 0x00000040200000 (2 MiB)
  KImg   0x00000040200000 - 0x00000043a00000 (56 MiB)
  Free   0x00000043a00000 - 0x00000240000000 (7.94 GiB)
Initialize RAM allocator: 0x43a00000..0x240000000
Reserving CPU-local areas
CPU-local area stride: 0x44000 bytes
Total CPU-local allocation: 0x110000 bytes (4 CPUs)
Flushed RAM used range to memory map: 0x43a00000..0x43b00000, current: 0x43b00000
Flushed RAM used range to memory map: 0x43b00000..0x43c10000, current: 0x43c10000
CPU-local areas allocated at 0x43b00000 - 0x43c10000
EL: 2
Mapping early memory regions...
Ram                 : [0x0000000040000000, 0x0000000240000000) -> [0x0000000040000000, 0x0000000240000000) (8 GiB)
KImage              : [0x0000ffff80000000, 0x0000ffff83800000) -> [0x0000000040200000, 0x0000000043a00000) (56 MiB)
PerCpu              : [0x0000ff0043b00000, 0x0000ff0043c10000) -> [0x0000000043b00000, 0x0000000043c10000) (1.06 MiB)
Debug serial        : [0x0000000009000000, 0x0000000009001000) -> [0x0000000009000000, 0x0000000009001000) (4 KiB)
Boot page table at physical address: PA:0x43c10000
Setting up table registers...
MMU Entry point at physical address: 0x4045c500
Trap vector at 0xffff80260000
Memory Map:
  MMIO   0x00000009000000 - 0x00000009001000 (4 KiB)
  Free   0x00000040000000 - 0x00000040200000 (2 MiB)
  KImg   0x00000040200000 - 0x00000043a00000 (56 MiB)
  Rsv    0x00000043a00000 - 0x00000043b00000 (1 MiB)
  PerCPU 0x00000043b00000 - 0x00000043c10000 (1.06 MiB)
  Rsv    0x00000043c10000 - 0x00000043c1a000 (40 KiB)
  Free   0x00000043c1a000 - 0x00000240000000 (7.94 GiB)
Jumping to main entry point at 0xffff8024432c with SP 0x0000ff0043b44000

       d8888                            .d88888b.   .d8888b.
      d88888                           d88P" "Y88b d88P  Y88b
     d88P888                           888     888 Y88b.
    d88P 888 888d888  .d8888b  .d88b.  888     888  "Y888b.
   d88P  888 888P"   d88P"    d8P  Y8b 888     888     "Y88b.
  d88P   888 888     888      88888888 888     888       "888
 d8888888888 888     Y88b.    Y8b.     Y88b. .d88P Y88b  d88P
d88P     888 888      "Y8888P  "Y8888   "Y88888P"   "Y8888P"

arch = aarch64
platform = linux,dummy-virt
target = aarch64-unknown-none-softfloat
build_mode = 
log_level = info
backtrace = false
smp = 3

[37m[  0.048855 ax_runtime:220] [32mLogging is enabled.[m
[m[37m[  0.049145 ax_runtime:221] [32mPrimary CPU 0 started, arg = 0x43a00000.[m
[m[37m[  0.049229 ax_runtime:223] [32mFound physcial memory regions:[m
[m[37m[  0.049961 ax_runtime:225] [32m  [PA:0x9000000, PA:0x9001000) mmio (READ | WRITE | DEVICE | RESERVED)[m
[m[37m[  0.050138 ax_runtime:225] [32m  [PA:0x40000000, PA:0x40200000) free memory (READ | WRITE | FREE)[m
[m[37m[  0.050249 ax_runtime:225] [32m  [PA:0x40200000, PA:0x43a00000) reserved (READ | WRITE | EXECUTE | RESERVED)[m
[m[37m[  0.050353 ax_runtime:225] [32m  [PA:0x43a00000, PA:0x43b00000) reserved (READ | WRITE | EXECUTE | RESERVED)[m
[m[37m[  0.050451 ax_runtime:225] [32m  [PA:0x43b00000, PA:0x43c10000) reserved (READ | WRITE | EXECUTE | RESERVED)[m
[m[37m[  0.050548 ax_runtime:225] [32m  [PA:0x43c10000, PA:0x43c1a000) reserved (READ | WRITE | EXECUTE | RESERVED)[m
[m[37m[  0.050645 ax_runtime:225] [32m  [PA:0x43c1a000, PA:0x240000000) free memory (READ | WRITE | FREE)[m
[m[37m[  0.050751 ax_runtime:373] [32mInitialize global memory allocator...[m
[m[37m[  0.050833 ax_runtime:374] [32m  use buddy-slab-allocator allocator.[m
[m[37m[  0.050981 ax_alloc::buddy_slab:158] [32mInitialize global memory allocator, start_vaddr: 0x43c1a000, size: 0x1fc3e6000[m
[m[37m[  0.056318 ax_alloc::buddy_slab:424] [32mglobal allocator initialized[m
[m[37m[  0.056448 ax_alloc::buddy_slab:168] [32mAdd memory region, start_vaddr: 0x40000000, size: 0x200000[m
[m[37m[  0.056581 buddy_slab_allocator::global:151] [32mGlobalAllocator: skip region 0x40000000+0x200000, no allocator-visible memory after 2097152 alignment[m
[m[37m[  0.056836 ax_runtime:260] [32mkernel aspace: [VA:0x0, VA:0xffffffffffffffff)[m
[m[37m[  0.056974 ax_mm:103] [32mInitialize virtual memory management...[m
[m[37m[  0.618102 ax_runtime:272] [32mInitialize platform devices...[m
[m[37m[  0.623299 someboot::arch::power:23] [32mPower management method : SMC[m
[m[37m[  0.623463 somehal::driver:5] [32mInitializing rdrive with FDT at 0x43a00000[m
[m[37m[  0.634164 somehal::arch::gic::v3:284] [32mGICv3 CPU 0 EOI mode: two_step=true[m
[m[37m[  0.639871 ax_task::api:137] [32mInitialize scheduling...[m
[m[37m[  0.640944 ax_task::api:145] [32m  use Round-robin scheduler.[m
[m[37m[  0.641220 ax_runtime:298] [32mInitialize interrupt handlers...[m
[m[37m[  0.642939 ax_runtime::devices:2] [32mProbe platform devices...[m
[m[37m[  0.665243 ax_driver::block::nvme:42] [32mNVMe PCI endpoint 0000:00:01.0: BAR0=0x8000000000..0x8000004000, int_pin=1, int_line=0[m
[m[37m[  0.675918 nvme_driver::nvme:161] [32mNVME @0x8000000000 deferred init, version: 1.4.0[m
[m[37m[  0.676422 ax_driver::block::nvme:74] [32mNVMe block device registered at 0000:00:01.0 with 65 MSI-X vectors[m
[m[37m[  0.680978 ax_fs_ng::block::runtime::lifecycle::device:300] [32mblock device nvme IRQ source 0 (IrqId { domain: IrqDomainId(9), hwirq: HwIrq(0) }) fixed to CPU 0 for queue mask 0x0[m
[m[37m[  0.698749 ax_fs_ng::block::runtime::hctx:177] [32mblock hctx 0 bound to CPU 0 with hardware depth 63[m
[m[37m[  0.699161 ax_fs_ng::block::runtime::lifecycle::device:300] [32mblock device nvme IRQ source 1 (IrqId { domain: IrqDomainId(9), hwirq: HwIrq(1) }) fixed to CPU 0 for queue mask 0x1[m
[m[37m[  0.704621 ax_fs_ng::root:341] [32m    raw device fs=Some(Ext4)[m
[m[37m[  0.704798 ax_fs_ng::root:372] [32m  block device 0 (nvme) has no usable partition table; treating the whole disk as a candidate[m
[m[37m[  0.705136 ax_fs_ng::root:481] [32m  matched root by raw device path on disk0 raw device[m
[m[37m[  0.705493 ax_fs_ng:86] [32mInitialize filesystem subsystem...[m
[m[37m[  0.705571 ax_fs_ng:87] [32m  selected root device: disk0 raw device[m
[m[37m[  0.708107 rsext4::crc32c::arm64:54] [33mID_AA64ISAR0_EL1[19:16]: 0x1[m
[m[37m[  0.708208 rsext4::crc32c::arm64:57] [33mHardware CRC32C support detected.[m
[m[37m[  0.713410 rsext4::ext4::mount:331] [32m/lost+found exists (superblock hint inode=11)[m
[m[37m[  0.714349 rsext4::ext4::mount:466] [32mExt4 filesystem mounted[m
[m[37m[  0.714443 rsext4::ext4::mount:467] [32m  - block size: 4096 bytes[m
[m[37m[  0.714526 rsext4::ext4::mount:468] [32m  - total blocks: 8192[m
[m[37m[  0.714602 rsext4::ext4::mount:469] [32m  - free blocks: 1226[m
[m[37m[  0.714683 rsext4::ext4::mount:470] [32m  - total inodes: 8192[m
[m[37m[  0.714757 rsext4::ext4::mount:471] [32m  - free inodes: 8151[m
[m[37m[  0.714839 rsext4::ext4::sync:13] [32mSyncing filesystem...[m
[m[37m[  0.720803 rsext4::ext4::mount:550] [32mExt4 filesystem mounted[m
[m[37m[  0.721238 ax_fs_ng:99] [32m  filesystem type: "ext4"[m
[m[37m[  0.728621 somehal::arch::gic::v3:284] [32mGICv3 CPU 1 EOI mode: two_step=true[m
[m[37m[  0.728934 ax_runtime::mp:79] [32mSecondary CPU 1 started.[m
[m[37m[  0.729406 ax_runtime::mp:110] [32mSecondary CPU 1 init OK.[m
[m[37m[  0.735211 somehal::arch::gic::v3:284] [32mGICv3 CPU 2 EOI mode: two_step=true[m
[m[37m[  0.735469 ax_runtime::mp:79] [32mSecondary CPU 2 started.[m
[m[37m[  0.735505 ax_runtime:346] [32mPrimary CPU 0 init OK.[m
[m[37m[  0.735815 ax_runtime::mp:110] [32mSecondary CPU 2 init OK.[m
[m[37m[  0.742369 0:4 ax_fs_ng::block::runtime::hctx:177] [32mblock hctx 1 bound to CPU 1 with hardware depth 63[m
[m[37m[  0.742613 0:4 ax_fs_ng::block::runtime::hctx:177] [32mblock hctx 2 bound to CPU 2 with hardware depth 63[m
[m[37m[  0.742957 0:4 ax_fs_ng::block::runtime::lifecycle::device:300] [32mblock device nvme IRQ source 2 (IrqId { domain: IrqDomainId(9), hwirq: HwIrq(2) }) fixed to CPU 1 for queue mask 0x2[m
[m[37m[  0.743289 0:4 ax_fs_ng::block::runtime::lifecycle::device:300] [32mblock device nvme IRQ source 3 (IrqId { domain: IrqDomainId(9), hwirq: HwIrq(3) }) fixed to CPU 2 for queue mask 0x4[m
[m[37m[  0.744670 0:2 ax_fs_ng::block::runtime::lifecycle::device:385] [32mblock device nvme online with 3 hctxs across 3 CPUs[m
[m

       d8888            888     888  d8b
      d88888            888     888  Y8P
     d88P888            888     888
    d88P 888  888  888  Y88b   d88P  888  .d8888b    .d88b.   888d888
   d88P  888  `Y8bd8P'   Y88b d88P   888  88K       d88""88b  888P"
  d88P   888    X88K      Y88o88P    888  "Y8888b.  888  888  888
 d8888888888  .d8""8b.     Y888P     888       X88  Y88..88P  888
d88P     888  888  888      Y8P      888   88888P'   "Y88P"   888


by AxVisor Team

[37m[  0.746816 0:2 axvisor:73] [32mStarting virtualization...[m
[m[37m[  0.746954 0:2 axvm::host::arceos:349] [32mEnabling hardware virtualization support on all cores...[m
[m[37m[  0.747133 0:2 axvm::host::arceos:355] [32mCore 0 is initializing hardware virtualization support...[m
[m[37m[  0.747276 0:2 axvm::timer:318] [32mInitializing AxVM timer wheel...[m
[m[37m[  0.751599 0:2 axvm::host::arceos:357] [32mHardware virtualization support enabled on core 0[m
[m[37m[  0.752007 1:15 axvm::host::arceos:367] [32mCore 1 is initializing hardware virtualization support...[m
[m[37m[  0.752077 0:2 axvm::host::arceos:383] [32mWaiting for all cores to enable hardware virtualization...[m
[m[37m[  0.752310 1:15 axvm::timer:318] [32mInitializing AxVM timer wheel...[m
[m[37m[  0.752131 2:16 axvm::host::arceos:367] [32mCore 2 is initializing hardware virtualization support...[m
[m[37m[  0.752798 2:16 axvm::timer:318] [32mInitializing AxVM timer wheel...[m
[m[37m[  0.752962 1:15 axvm::host::arceos:370] [32mHardware virtualization support enabled on core 1[m
[m[37m[  0.753038 2:16 axvm::host::arceos:370] [32mHardware virtualization support enabled on core 2[m
[m[37m[  0.753687 0:2 axvm::host::arceos:399] [32mAll cores have enabled hardware virtualization support.[m
[m[37m[  0.757073 0:2 axvisor::manager:143] [32mNOT find dir: /guest/vm_default in filesystem[m
[m[37m[  0.757283 0:2 axvisor::config:90] [32mUsing static VM configs.[m
[m[37m[  0.770375 0:2 axvm::arch::aarch64::fdt::core:79] [32mVM[1] virtual GIC follows host firmware resources: GuestGicProfile { compatible: "arm,gic-v3", node_path: "/intc@8000000", node_phandle: Some(32773), distributor: GuestMmioRegion { base: 134217728, length: 65536 }, cpu_region: Redistributors(GuestGicRedistributorProfile { regions: [GuestMmioRegion { base: 134873088, length: 16121856 }], stride: 131072 }), its: [GuestItsProfile { id: ItsId(0), node_path: "/intc@8000000/its@8080000", node_phandle: Some(32774), registers: GuestMmioRegion { base: 134742016, length: 131072 } }] }[m
[m[37m[  0.772950 0:2 axvm::arch::aarch64::fdt::core:93] [32mVM[1] architectural timer follows host firmware PPIs[m
[m[37m[  0.777218 0:2 axvm::arch::aarch64::fdt::core::parser:442] [32mCPU node: /cpus/cpu@0, node_id: 0x0, hardware_cpu_id: 0x0[m
[m[37m[  0.777426 0:2 axvm::arch::aarch64::fdt::core::parser:442] [32mCPU node: /cpus/cpu@1, node_id: 0x1, hardware_cpu_id: 0x1[m
[m[37m[  0.777610 0:2 axvm::arch::aarch64::fdt::core::parser:442] [32mCPU node: /cpus/cpu@2, node_id: 0x2, hardware_cpu_id: 0x2[m
[m[37m[  0.777772 0:2 axvm::arch::aarch64::fdt::core::parser:442] [32mCPU node: /cpus/cpu@3, node_id: 0x3, hardware_cpu_id: 0x3[m
[m[37m[  0.777988 0:2 axvm::arch::aarch64::fdt::core::parser:449] [32mFound 4 host CPU nodes[m
[m[37m[  0.778385 0:2 axvm::arch::aarch64::fdt::core:144] [32mVM[1] DTB not found, generating from the VM configuration[m
[m[37m[  0.791429 0:2 axvm::arch::aarch64::fdt::core::device:96] [32mFound excluded devices: ["/virtio_mmio@a000000", "/virtio_mmio@a000200", "/virtio_mmio@a000400", "/virtio_mmio@a000600", "/virtio_mmio@a000800", "/virtio_mmio@a000a00", "/virtio_mmio@a000c00", "/virtio_mmio@a000e00", "/virtio_mmio@a001000", "/virtio_mmio@a001200", "/virtio_mmio@a001400", "/virtio_mmio@a001600", "/virtio_mmio@a001800", "/virtio_mmio@a001a00", "/virtio_mmio@a001c00", "/virtio_mmio@a001e00", "/virtio_mmio@a002000", "/virtio_mmio@a002200", "/virtio_mmio@a002400", "/virtio_mmio@a002600", "/virtio_mmio@a002800", "/virtio_mmio@a002a00", "/virtio_mmio@a002c00", "/virtio_mmio@a002e00", "/virtio_mmio@a003000", "/virtio_mmio@a003200", "/virtio_mmio@a003400", "/virtio_mmio@a003600", "/virtio_mmio@a003800", "/virtio_mmio@a003a00", "/virtio_mmio@a003c00", "/virtio_mmio@a003e00", "/pcie@10000000", "/pl061@9030000", "/pl031@9010000", "/gpio-key-poweroff", "/intc@8000000", "/pl011@9000000", "/timer", "/intc@8000000/its@8080000"][m
[m[37m[  0.800456 0:2 axvm::arch::aarch64::fdt::core::device:96] [32mFound excluded devices: ["/virtio_mmio@a000000", "/virtio_mmio@a000200", "/virtio_mmio@a000400", "/virtio_mmio@a000600", "/virtio_mmio@a000800", "/virtio_mmio@a000a00", "/virtio_mmio@a000c00", "/virtio_mmio@a000e00", "/virtio_mmio@a001000", "/virtio_mmio@a001200", "/virtio_mmio@a001400", "/virtio_mmio@a001600", "/virtio_mmio@a001800", "/virtio_mmio@a001a00", "/virtio_mmio@a001c00", "/virtio_mmio@a001e00", "/virtio_mmio@a002000", "/virtio_mmio@a002200", "/virtio_mmio@a002400", "/virtio_mmio@a002600", "/virtio_mmio@a002800", "/virtio_mmio@a002a00", "/virtio_mmio@a002c00", "/virtio_mmio@a002e00", "/virtio_mmio@a003000", "/virtio_mmio@a003200", "/virtio_mmio@a003400", "/virtio_mmio@a003600", "/virtio_mmio@a003800", "/virtio_mmio@a003a00", "/virtio_mmio@a003c00", "/virtio_mmio@a003e00", "/pcie@10000000", "/pl061@9030000", "/pl031@9010000", "/gpio-key-poweroff", "/intc@8000000", "/pl011@9000000", "/timer", "/intc@8000000/its@8080000"][m
[m[37m[  0.802674 0:2 axvisor::config:137] [32mCreating VM[1] "linux-net"[m
[m[37m[  0.803155 0:2 axvm::arch::aarch64::vgic::plan:214] [32massigned_spis: 0 passthrough interrupts configured[m
[m[37m[  0.814907 0:2 axvm::vm:821] [32mVM created: id=1[m
[m[37m[  0.815900 0:2 axvisor::config:149] [32mVM[1] created success, loading images...[m
[m[37m[  0.906841 0:2 axvm::boot::images:137] [32mLoading ramdisk image from memory (2948608 bytes) into GPA @0x8c000000[m
[m[37m[  0.924508 0:2 axdevice::device:1232] [32mDeviceRuntime: registered device id=0[m
[m[37m[  0.924846 0:2 axdevice::device:1232] [32mDeviceRuntime: registered device id=1[m
[m[37m[  0.925011 0:2 axdevice::device:1232] [32mDeviceRuntime: registered device id=2[m
[m[37m[  0.926309 0:2 axdevice::device:1232] [32mDeviceRuntime: registered device id=3[m
[m[37m[  0.927720 0:2 axdevice::device:1232] [32mDeviceRuntime: registered device id=4[m
[m[37m[  0.930333 0:2 axvm::vm::prepare:82] [32mVM setup: id=1[m
[m[37m[  0.933891 0:2 axvm::arch::aarch64::fdt::core:79] [32mVM[3] virtual GIC follows host firmware resources: GuestGicProfile { compatible: "arm,gic-v3", node_path: "/intc@8000000", node_phandle: Some(32773), distributor: GuestMmioRegion { base: 134217728, length: 65536 }, cpu_region: Redistributors(GuestGicRedistributorProfile { regions: [GuestMmioRegion { base: 134873088, length: 16121856 }], stride: 131072 }), its: [GuestItsProfile { id: ItsId(0), node_path: "/intc@8000000/its@8080000", node_phandle: Some(32774), registers: GuestMmioRegion { base: 134742016, length: 131072 } }] }[m
[m[37m[  0.934673 0:2 axvm::arch::aarch64::fdt::core:93] [32mVM[3] architectural timer follows host firmware PPIs[m
[m[37m[  0.938255 0:2 axvm::arch::aarch64::fdt::core::parser:442] [32mCPU node: /cpus/cpu@0, node_id: 0x0, hardware_cpu_id: 0x0[m
[m[37m[  0.938429 0:2 axvm::arch::aarch64::fdt::core::parser:442] [32mCPU node: /cpus/cpu@1, node_id: 0x1, hardware_cpu_id: 0x1[m
[m[37m[  0.938591 0:2 axvm::arch::aarch64::fdt::core::parser:442] [32mCPU node: /cpus/cpu@2, node_id: 0x2, hardware_cpu_id: 0x2[m
[m[37m[  0.938749 0:2 axvm::arch::aarch64::fdt::core::parser:442] [32mCPU node: /cpus/cpu@3, node_id: 0x3, hardware_cpu_id: 0x3[m
[m[37m[  0.938932 0:2 axvm::arch::aarch64::fdt::core::parser:449] [32mFound 4 host CPU nodes[m
[m[37m[  0.939056 0:2 axvm::arch::aarch64::fdt::core:144] [32mVM[3] DTB not found, generating from the VM configuration[m
[m[37m[  0.947626 0:2 axvm::arch::aarch64::fdt::core::device:96] [32mFound excluded devices: ["/virtio_mmio@a000000", "/virtio_mmio@a000200", "/virtio_mmio@a000400", "/virtio_mmio@a000600", "/virtio_mmio@a000800", "/virtio_mmio@a000a00", "/virtio_mmio@a000c00", "/virtio_mmio@a000e00", "/virtio_mmio@a001000", "/virtio_mmio@a001200", "/virtio_mmio@a001400", "/virtio_mmio@a001600", "/virtio_mmio@a001800", "/virtio_mmio@a001a00", "/virtio_mmio@a001c00", "/virtio_mmio@a001e00", "/virtio_mmio@a002000", "/virtio_mmio@a002200", "/virtio_mmio@a002400", "/virtio_mmio@a002600", "/virtio_mmio@a002800", "/virtio_mmio@a002a00", "/virtio_mmio@a002c00", "/virtio_mmio@a002e00", "/virtio_mmio@a003000", "/virtio_mmio@a003200", "/virtio_mmio@a003400", "/virtio_mmio@a003600", "/virtio_mmio@a003800", "/virtio_mmio@a003a00", "/virtio_mmio@a003c00", "/virtio_mmio@a003e00", "/pcie@10000000", "/pl061@9030000", "/pl031@9010000", "/gpio-key-poweroff", "/intc@8000000", "/pl011@9000000", "/timer", "/intc@8000000/its@8080000"][m
[m[37m[  0.954222 0:2 axvm::arch::aarch64::fdt::core::device:96] [32mFound excluded devices: ["/virtio_mmio@a000000", "/virtio_mmio@a000200", "/virtio_mmio@a000400", "/virtio_mmio@a000600", "/virtio_mmio@a000800", "/virtio_mmio@a000a00", "/virtio_mmio@a000c00", "/virtio_mmio@a000e00", "/virtio_mmio@a001000", "/virtio_mmio@a001200", "/virtio_mmio@a001400", "/virtio_mmio@a001600", "/virtio_mmio@a001800", "/virtio_mmio@a001a00", "/virtio_mmio@a001c00", "/virtio_mmio@a001e00", "/virtio_mmio@a002000", "/virtio_mmio@a002200", "/virtio_mmio@a002400", "/virtio_mmio@a002600", "/virtio_mmio@a002800", "/virtio_mmio@a002a00", "/virtio_mmio@a002c00", "/virtio_mmio@a002e00", "/virtio_mmio@a003000", "/virtio_mmio@a003200", "/virtio_mmio@a003400", "/virtio_mmio@a003600", "/virtio_mmio@a003800", "/virtio_mmio@a003a00", "/virtio_mmio@a003c00", "/virtio_mmio@a003e00", "/pcie@10000000", "/pl061@9030000", "/pl031@9010000", "/gpio-key-poweroff", "/intc@8000000", "/pl011@9000000", "/timer", "/intc@8000000/its@8080000"][m
[m[37m[  0.956159 0:2 axvisor::config:137] [32mCreating VM[3] "rtthread-net"[m
[m[37m[  0.956285 0:2 axvm::arch::aarch64::vgic::plan:214] [32massigned_spis: 0 passthrough interrupts configured[m
[m[37m[  0.957591 0:2 axvm::vm:821] [32mVM created: id=3[m
[m[37m[  0.957766 0:2 axvisor::config:149] [32mVM[3] created success, loading images...[m
[m[37m[  0.962679 0:2 axdevice::device:1232] [32mDeviceRuntime: registered device id=0[m
[m[37m[  0.962795 0:2 axdevice::device:1232] [32mDeviceRuntime: registered device id=1[m
[m[37m[  0.962898 0:2 axdevice::device:1232] [32mDeviceRuntime: registered device id=2[m
[m[37m[  0.963087 0:2 axdevice::device:1232] [32mDeviceRuntime: registered device id=3[m
[m[37m[  0.963568 0:2 axdevice::device:1232] [32mDeviceRuntime: registered device id=4[m
[m[37m[  0.963793 0:2 axvm::vm::prepare:82] [32mVM setup: id=3[m
[m[37m[  0.964034 0:2 axvm::runtime:42] [32mInitializing VMM...[m
[m[37m[  0.964561 0:2 axvm::runtime:53] [32mVMM starting, booting VMs...[m
[m[37m[  0.964756 0:2 axvm::vm:1046] [32mStarting VM[1][m
[m[37m[  0.964895 0:2 axvm::runtime::vcpus:343] [32mSpawning task for VM[1] VCpu[0][m
[m[37m[  0.965265 0:2 axvm::runtime::vcpus:360] [32mVCpu task Task(19, "VM[1]-VCpu[0]") created cpumask: [0, 1, ][m
[m[37m[  0.967204 0:2 axvm::runtime:61] [32mVM[1] boot success[m
[m[37m[  0.967306 0:2 axvm::vm:1046] [32mStarting VM[3][m
[m[37m[  0.967380 0:2 axvm::runtime::vcpus:343] [32mSpawning task for VM[3] VCpu[0][m
[m[37m[  0.967497 0:2 axvm::runtime::vcpus:360] [32mVCpu task Task(21, "VM[3]-VCpu[0]") created cpumask: [2, ][m
[m[37m[  0.967811 0:2 axvm::runtime:61] [32mVM[3] boot success[m
[m[37m[  0.968172 2:21 axvm::runtime::vcpus:414] [32mVM[3] VCpu[0] waiting for running[m
[m[37m[  0.968725 2:21 axvm::runtime::vcpus:456] [32mVM[3] VCpu[0] running...[m
[m[37m[  0.969139 0:2 axvisor:89] [32m[OK] Default guest initialized[m
[m[37m[  0.969613 0:19 axvm::runtime::vcpus:414] [32mVM[1] VCpu[0] waiting for running[m
[m[37m[  0.969698 0:19 axvm::runtime::vcpus:456] [32mVM[1] VCpu[0] running...[m
[m[VM 3] [32m[I/rtdm.ofw] Booting RT-Thread on physical CPU 0x0[0m
[VM 3] [32m[I/rtdm.ofw] Machine model: linux,dummy-virt[0m
[VM 3] [32m[I/rtdm.ofw] Memory node(0) ranges: 0x00000000a0000000 - 0x00000000b0000000[0m
[VM 3] [32m[I/mm.memblock] System memory:[0m
[VM 3] [32m[I/mm.memblock]                    [0x00000000a0000000, 0x00000000b0000000][0m
[VM 3] [32m[I/mm.memblock] Reserved memory:[0m
[VM 3] [32m[I/mm.memblock]                    [0x00000000a0000000, 0x00000000a0102000][0m
[VM 3] [32m[I/mm.memblock]                    [0x00000000a0102000, 0x00000000a4102000][0m
[VM 3] [32m[I/mm.memblock]                    [0x00000000a4102000, 0x00000000a4302000][0m
[37m[  1.020565 0:19 axvm::runtime::hvc:258] [32mVM[1] PSCI_FEATURES function_id=0x80000000[m
[m[37m[  1.021273 0:19 axvm::runtime::hvc:258] [32mVM[1] PSCI_FEATURES function_id=0xc4000001[m
[m[37m[  1.021614 0:19 axvm::runtime::hvc:258] [32mVM[1] PSCI_FEATURES function_id=0xc400000e[m
[m[37m[  1.021881 0:19 axvm::runtime::hvc:258] [32mVM[1] PSCI_FEATURES function_id=0xc4000012[m
[m[37m[  1.022141 0:19 axvm::runtime::hvc:258] [32mVM[1] PSCI_FEATURES function_id=0xc4000015[m
[m[VM 3] [32m[I/mm.memblock]                    [0x00000000a4302000, 0x00000000a4303000][0m
[VM 3] [32m[I/mm.memblock] physical memory region [0x00000000a4303000-0x00000000b0000000] installed to system page[0m
[VM 3] [32m[I/mm.memblock] 198 MB memory installed to system page[0m
[VM 3] [32m[I/osi.psci] Using PSCI v1.1 Function IDs[0m
[VM 3] [32m[I/rtdm.ofw] Console: uart0 (<no-node>)[0m
[VM 3] 
[VM 3]  \ | /
[VM 3] - RT -     Thread Operating System
[VM 3]  / | \     5.2.2 build Aug 16 2026 06:59:55
[VM 3]  2006 - 2024 Copyright by RT-Thread team
[VM 3] lwIP-2.1.2 initialized!
[37m[  1.115226 0:19 axvisor::virtio_net:501] [33mvirtio-net drops an ingress frame: NotReady[m
[m[VM 3] [32m[I/sal.skt] Socket Abstraction Layer initialize success.[0m
[VM 3] [32m[I/rtdm.mnt] File system initialization done[0m
[VM 3] Axvisor RT-Thread guest ready
[37m[  1.177593 0:19 axvm::runtime::hvc:272] [32mVM[1] PSCI_CPU_ON target=0x1 entry=0x81e3f570 context=0x0[m
[m[37m[  1.178178 0:19 axvm::runtime::vcpus:343] [32mSpawning task for VM[1] VCpu[1][m
[m[37m[  1.178357 0:19 axvm::runtime::vcpus:360] [32mVCpu task Task(24, "VM[1]-VCpu[1]") created cpumask: [0, 1, ][m
[m[37m[  1.178825 0:24 axvm::runtime::vcpus:414] [32mVM[1] VCpu[1] waiting for running[m
[m[37m[  1.179249 0:24 axvm::runtime::vcpus:456] [32mVM[1] VCpu[1] running...[m
[m[VM 1] [    0.000000] Booting Linux on physical CPU 0x0000000000 [0x410fd083]
[VM 1] [    0.000000] Linux version 6.18.0-rc6-gfd95357fd8c6-dirty (runner@s1lqc) (aarch64-linux-gnu-gcc (Ubuntu 13.3.0-6ubuntu2~24.04) 13.3.0, GNU ld (GNU Binutils for Ubuntu) 2.42) #25 SMP PREEMPT Fri Mar 20 11:22:05 CST 2026
[VM 1] [    0.000000] KASLR disabled due to lack of seed
[VM 1] [    0.000000] Machine model: linux,dummy-virt
[VM 1] [    0.000000] efi: UEFI not found.
[VM 1] [    0.000000] OF: reserved mem: Reserved memory: No reserved-memory node in the DT
[VM 1] [    0.000000] NUMA: Faking a node at [mem 0x0000000080000000-0x000000009fffffff]
[VM 1] [    0.000000] NODE_DATA(0) allocated [mem 0x9ff06f40-0x9ff095bf]
[VM 1] [    0.000000] Zone ranges:
[VM 1] [    0.000000]   DMA      [mem 0x0000000080000000-0x000000009fffffff]
[VM 1] [    0.000000]   DMA32    empty
[VM 1] [    0.000000]   Normal   empty
[VM 1] [    0.000000] Movable zone start for each node
[VM 1] [    0.000000] Early memory node ranges
[VM 1] [    0.000000]   node   0: [mem 0x0000000080000000-0x000000009fffffff]
[VM 1] [    0.000000] Initmem setup node 0 [mem 0x0000000080000000-0x000000009fffffff]
[VM 1] [    0.000000] cma: Reserved 32 MiB at 0x000000009d600000
[VM 1] [    0.000000] psci: probing for conduit method from DT.
[VM 1] [    0.000000] psci: PSCIv1.1 detected in firmware.
[VM 1] [    0.000000] psci: Using standard PSCI v0.2 function IDs
[VM 1] [    0.000000] psci: Trusted OS migration not required
[VM 1] [    0.000000] psci: SMC Calling Convention v65535.65535
[VM 1] [    0.000000] percpu: Embedded 25 pages/cpu s62488 r8192 d31720 u102400
[VM 1] [    0.000000] Detected PIPT I-cache on CPU0
[VM 1] [    0.000000] CPU features: detected: GICv3 CPU interface
[VM 1] [    0.000000] CPU features: detected: Spectre-v2
[VM 1] [    0.000000] CPU features: detected: Spectre-v3a
[VM 1] [    0.000000] CPU features: detected: Spectre-v4
[VM 1] [    0.000000] CPU features: detected: Spectre-BHB
[VM 1] [    0.000000] CPU features: detected: ARM erratum 1742098
[VM 1] [    0.000000] CPU features: detected: ARM errata 1165522, 1319367, or 1530923
[VM 1] [    0.000000] alternatives: applying boot alternatives
[VM 1] [    0.000000] Kernel command line: 
[VM 1] [    0.000000] printk: log buffer data + meta data: 131072 + 458752 = 589824 bytes
[VM 1] [    0.000000] Dentry cache hash table entries: 65536 (order: 7, 524288 bytes, linear)
[VM 1] [    0.000000] Inode-cache hash table entries: 32768 (order: 6, 262144 bytes, linear)
[VM 1] [    0.000000] software IO TLB: SWIOTLB bounce buffer size adjusted to 0MB
[VM 1] [    0.000000] software IO TLB: area num 2.
[VM 1] [    0.000000] software IO TLB: mapped [mem 0x000000009d540000-0x000000009d5c0000] (0MB)
[VM 1] [    0.000000] Fallback order for Node 0: 0 
[VM 1] [    0.000000] Built 1 zonelists, mobility grouping on.  Total pages: 131072
[VM 1] [    0.000000] Policy zone: DMA
[VM 1] [    0.000000] mem auto-init: stack:all(zero), heap alloc:off, heap free:off
[VM 1] [    0.000000] SLUB: HWalign=64, Order=0-3, MinObjects=0, CPUs=2, Nodes=1
[VM 1] [    0.000000] rcu: Preemptible hierarchical RCU implementation.
[VM 1] [    0.000000] rcu: 	RCU event tracing is enabled.
[VM 1] [    0.000000] rcu: 	RCU restricting CPUs from NR_CPUS=512 to nr_cpu_ids=2.
[VM 1] [    0.000000] 	Trampoline variant of Tasks RCU enabled.
[VM 1] [    0.000000] 	Tracing variant of Tasks RCU enabled.
[VM 1] [    0.000000] rcu: RCU calculated value of scheduler-enlistment delay is 25 jiffies.
[VM 1] [    0.000000] rcu: Adjusting geometry for rcu_fanout_leaf=16, nr_cpu_ids=2
[VM 1] [    0.000000] RCU Tasks: Setting shift to 1 and lim to 1 rcu_task_cb_adjust=1 rcu_task_cpu_ids=2.
[VM 1] [    0.000000] RCU Tasks Trace: Setting shift to 1 and lim to 1 rcu_task_cb_adjust=1 rcu_task_cpu_ids=2.
[VM 1] [    0.000000] NR_IRQS: 64, nr_irqs: 64, preallocated irqs: 0
[VM 1] [    0.000000] GICv3: 256 SPIs implemented
[VM 1] [    0.000000] GICv3: 0 Extended SPIs implemented
[VM 1] [    0.000000] Root IRQ handler: gic_handle_irq
[VM 1] [    0.000000] GICv3: GICv3 features: 16 PPIs, RSS
[VM 1] [    0.000000] GICv3: GICD_CTLR.DS=0, SCR_EL3.FIQ=0
[VM 1] [    0.000000] GICv3: CPU0: found redistributor 0 region 0:0x00000000080a0000
[VM 1] [    0.000000] ITS [mem 0x08080000-0x0809ffff]
[VM 1] [    0.000000] ITS@0x0000000008080000: allocated 8192 Devices @83050000 (indirect, esz 8, psz 64K, shr 1)
[VM 1] [    0.000000] ITS@0x0000000008080000: allocated 8192 Interrupt Collections @83060000 (flat, esz 8, psz 64K, shr 1)
[VM 1] [    0.000000] GICv3: using LPI property table @0x0000000083070000
[VM 1] [    0.000000] GICv3: CPU0: using allocated LPI pending table @0x0000000083080000
[VM 1] [    0.000000] rcu: srcu_init: Setting srcu_struct sizes based on contention.
[VM 1] [    0.000000] arch_timer: cp15 timer running at 62.50MHz (virt).
[VM 1] [    0.000000] clocksource: arch_sys_counter: mask: 0x1ffffffffffffff max_cycles: 0x1cd42e208c, max_idle_ns: 881590405314 ns
[VM 1] [    0.000040] sched_clock: 57 bits at 63MHz, resolution 16ns, wraps every 4398046511096ns
[VM 1] [    0.005879] Console: colour dummy device 80x25
[VM 1] [    0.006161] printk: legacy console [tty0] enabled
[VM 1] [    0.009234] Calibrating delay loop (skipped), value calculated using timer frequency.. 125.00 BogoMIPS (lpj=250000)
[VM 1] [    0.009349] pid_max: default: 32768 minimum: 301
[VM 1] [    0.010389] LSM: initializing lsm=capability
[VM 1] [    0.013773] Mount-cache hash table entries: 1024 (order: 1, 8192 bytes, linear)
[VM 1] [    0.013826] Mountpoint-cache hash table entries: 1024 (order: 1, 8192 bytes, linear)
[VM 1] [    0.031921] /cpus/cpu-map/socket0/cluster0/core2: Can't get CPU for leaf core
[VM 1] [    0.032557] cacheinfo: Unable to detect cache hierarchy for CPU 0
[VM 1] [    0.082001] rcu: Hierarchical SRCU implementation.
[VM 1] [    0.082090] rcu: 	Max phase no-delay instances is 1000.
[VM 1] [    0.083139] Timer migration: 1 hierarchy levels; 8 children per group; 1 crossnode level
[VM 1] [    0.084426] fsl-mc MSI: its@8080000 domain created
[VM 1] [    0.085565] EFI services will not be available.
[VM 1] [    0.086210] smp: Bringing up secondary CPUs ...
[VM 1] [    0.090177] Detected PIPT I-cache on CPU1
[VM 1] [    0.090974] GICv3: CPU1: found redistributor 1 region 0:0x00000000080c0000
[VM 1] [    0.092381] GICv3: CPU1: using allocated LPI pending table @0x0000000083090000
[VM 1] [    0.094233] CPU1: Booted secondary processor 0x0000000001 [0x410fd083]
[VM 1] [    0.101199] smp: Brought up 1 node, 2 CPUs
[VM 1] [    0.101274] SMP: Total of 2 processors activated.
[VM 1] [    0.101299] CPU: All CPU(s) started at EL1
[VM 1] [    0.101481] CPU features: detected: 32-bit EL0 Support
[VM 1] [    0.101498] CPU features: detected: 32-bit EL1 Support
[VM 1] [    0.101540] CPU features: detected: CRC32 instructions
[VM 1] [    0.101650] CPU features: detected: PMUv3
[VM 1] [    0.154600] alternatives: applying system-wide alternatives
[VM 1] [    0.192104] Memory: 426520K/524288K available (17920K kernel code, 5422K rwdata, 12940K rodata, 11648K init, 690K bss, 62540K reserved, 32768K cma-reserved)
[VM 1] [    0.216426] devtmpfs: initialized
[VM 1] [    0.235995] clocksource: jiffies: mask: 0xffffffff max_cycles: 0xffffffff, max_idle_ns: 7645041785100000 ns
[VM 1] [    0.236386] posixtimers hash table entries: 1024 (order: 2, 16384 bytes, linear)
[VM 1] [    0.236564] futex hash table entries: 512 (32768 bytes on 1 NUMA nodes, total 32 KiB, linear).
[VM 1] [    0.237855] 20544 pages in range for non-PLT usage
[VM 1] [    0.237884] 512064 pages in range for PLT usage
[VM 1] [    0.240674] pinctrl core: initialized pinctrl subsystem
[VM 1] [    0.247997] DMI not present or invalid.
[VM 1] [    0.318353] NET: Registered PF_NETLINK/PF_ROUTE protocol family
[VM 1] [    0.328211] DMA: preallocated 128 KiB GFP_KERNEL pool for atomic allocations
[VM 1] [    0.329848] DMA: preallocated 128 KiB GFP_KERNEL|GFP_DMA pool for atomic allocations
[VM 1] [    0.330962] DMA: preallocated 128 KiB GFP_KERNEL|GFP_DMA32 pool for atomic allocations
[VM 1] [    0.331131] audit: initializing netlink subsys (disabled)
[VM 1] [    0.337346] thermal_sys: Registered thermal governor 'step_wise'
[VM 1] [    0.337377] thermal_sys: Registered thermal governor 'power_allocator'
[VM 1] [    0.337924] audit: type=2000 audit(0.144:1): state=initialized audit_enabled=0 res=1
[VM 1] [    0.339574] cpuidle: using governor menu
[VM 1] [    0.340369] hw-breakpoint: found 6 breakpoint and 4 watchpoint registers.
[VM 1] [    0.341349] ASID allocator initialised with 65536 entries
[VM 1] [    0.345634] Serial: AMBA PL011 UART driver
[VM 1] [    0.363900] 9000000.pl011: ttyAMA0 at MMIO 0x9000000 (irq = 13, base_baud = 0) is a PL011 rev1
[VM 1] [    0.366612] printk: console [ttyAMA0] enabled
[VM 1] [    0.426756] HugeTLB: registered 1.00 GiB page size, pre-allocated 0 pages
[VM 1] [    0.426796] HugeTLB: 0 KiB vmemmap can be freed for a 1.00 GiB page
[VM 1] [    0.426826] HugeTLB: registered 32.0 MiB page size, pre-allocated 0 pages
[VM 1] [    0.426839] HugeTLB: 0 KiB vmemmap can be freed for a 32.0 MiB page
[VM 1] [    0.426851] HugeTLB: registered 2.00 MiB page size, pre-allocated 0 pages
[VM 1] [    0.426863] HugeTLB: 0 KiB vmemmap can be freed for a 2.00 MiB page
[VM 1] [    0.426876] HugeTLB: registered 64.0 KiB page size, pre-allocated 0 pages
[VM 1] [    0.426887] HugeTLB: 0 KiB vmemmap can be freed for a 64.0 KiB page
[VM 1] [    0.550918] ACPI: Interpreter disabled.
[VM 3] msh />[32m[I/rtipic.srv] server starting on 192.168.77.30:9876[0m
[VM 3] [32m[I/rtipic.srv] listening...[0m
[VM 1] [    0.571967] iommu: Default domain type: Translated
[VM 1] [    0.572020] iommu: DMA domain TLB invalidation policy: strict mode
[VM 1] [    0.641076] SCSI subsystem initialized
[VM 1] [    0.642625] usbcore: registered new interface driver usbfs
[VM 1] [    0.673073] usbcore: registered new interface driver hub
[VM 1] [    0.673197] usbcore: registered new device driver usb
[VM 1] [    0.673836] pps_core: LinuxPPS API ver. 1 registered

[Axvisor] attached VM[3] console; use Ctrl+X, then h to return to the shell
rtbench_stability 10
RTBENCH_STABILITY_BEGIN seconds=10 expected=9999
msh />[32m[I/rtipic.srv] client connected[0m
[32m[I/rtipic.srv] stats: msgs=1008 bytes=50KB conn=1[0m
[32m[I/rtipic.srv] proto: state=3 tx=500 rx=500 retrans=0 timeouts=0 dup=0 reorder=0 errors=0 acks=500[0m
[32m[I/rtipic.srv] client connected[0m
[33m[W/rtipic.srv] client disconnected[0m
RTBENCH metric=stability_jitter run=1 expected=9999 collected=9999 missing=0 p50_ns=39824 p95_ns=169744 p99_ns=293584 p99_9_ns=433584 max_ns=523808 miss_100us=1213 miss_500us=2 miss_1ms=0 mean_ns=55983
RTBENCH metric=callback_exec run=1 expected=9999 collected=9999 missing=0 p50_ns=480 p95_ns=720 p99_ns=944 p99_9_ns=5120 max_ns=155088 miss_100us=4 miss_500us=0 miss_1ms=0 mean_ns=580
RTBENCH_STABILITY_END status=PASS expected=9999 collected=9999 missing=0
RTBENCH_STABILITY_DONE

[Axvisor] attached VM[1] console; use Ctrl+X, then h to return to the shell
[    0.673856] pps_core: Software ver. 5.3.6 - Copyright 2005-2007 Rodolfo Giometti <giometti@linux.it>
[    0.673902] PTP clock support registered
[    0.693319] EDAC MC: Ver: 3.0.0
[    0.694995] scmi_core: SCMI protocol bus registered
[    0.696292] FPGA manager framework
[    0.723422] vgaarb: loaded
[    0.771500] clocksource: Switched to clocksource arch_sys_counter
[    0.772507] VFS: Disk quotas dquot_6.6.0
[    0.772572] VFS: Dquot-cache hash table entries: 512 (order 0, 4096 bytes)
[    0.813275] pnp: PnP ACPI: disabled
[    0.893414] NET: Registered PF_INET protocol family
[    0.894546] IP idents hash table entries: 8192 (order: 4, 65536 bytes, linear)
[    0.916930] tcp_listen_portaddr_hash hash table entries: 256 (order: 0, 4096 bytes, linear)
[    0.917013] Table-perturb hash table entries: 65536 (order: 6, 262144 bytes, linear)
[    0.917061] TCP established hash table entries: 4096 (order: 3, 32768 bytes, linear)
[    0.917184] TCP bind hash table entries: 4096 (order: 5, 131072 bytes, linear)
[    0.917303] TCP: Hash tables configured (established 4096 bind 4096)
eth0      Link encap:Ethernet  HWaddr 34:54:00:4D:00:01  [    0.917982] UDP hash table entries: 256 (order: 2, 16384 bytes, linear)
[    0.918119] UDP-Lite hash table entries: 256 (order: 2, 16384 bytes, linear)
[    0.918799] NET: Registered PF_UNIX/PF_LOCAL protocol family
[    0.935260] RPC: Registered named UNIX socket transport module.

          BROADCAST MULTICAST  MTU:1500  Metric:1
          RX packets:0 errors:0 dropped:0 overruns:0 frame:0
          TX packets:0 errors:0 dropped:0 overruns:0 carrier:0
          collisions:0 txqueuelen:1000 
          RX bytes:0 (0.0 B)  TX bytes:0 (0.0 B)

lo        Link encap:Local Loopback  [    0.935320] RPC: Registered udp transport module.
[    0.935335] RPC: Registered tcp transport module.

[    0.935347] RPC: Registered tcp-with-tls transport module.
[    0.935359] RPC: Registered tcp NFSv4.1 backchannel transport module.
[    0.935429] PCI: CLS 0 bytes, default 64
          LOOPBACK  MTU:65536  Metric:1[    0.937588] Unpacking initramfs...
[    0.956295] Freeing initrd memory: 2876K

[    0.963737] kvm [1]: HYP mode not available
[    0.965838] Initialise system trusted keyrings
[    0.973400] workingset: timestamp_bits=42 max_order=17 bucket_order=0
          RX packets:0 errors:0 dropped:0 overruns:0 frame:0[    0.974556] squashfs: version 4.0 (2009/01/31) Phillip Lougher
[    0.975539] NFS: Registering the id_resolver key type

[    0.975747] Key type id_resolver registered
[    0.975771] Key type id_legacy registered
[    0.975951] nfs4filelayout_init: NFSv4 File Layout Driver Registering...
          TX packets:0 errors:0 dropped:0 overruns:0 carrier:0[    0.976001] nfs4flexfilelayout_init: NFSv4 Flexfile Layout Driver Registering...
[    0.976448] 9p: Installing v9fs 9p2000 file system support

[    1.046147] Key type asymmetric registered
[    1.046209] Asymmetric key parser 'x509' registered
[    1.046395] Block layer SCSI generic (bsg) driver version 0.4 loaded (major 244)
          collisions:0 txqueuelen:1000 [    1.046492] io scheduler mq-deadline registered
[    1.046536] io scheduler kyber registered

[    1.046727] io scheduler bfq registered
[    1.099513] ledtrig-cpu: registered to indicate activity on CPUs
[    1.218494] Serial: 8250/16550 driver, 4 ports, IRQ sharing enabled
          RX bytes:0 (0.0 B)  TX bytes:0 (0.0 B)[    1.222004] msm_serial: driver initialized
[    1.222297] SuperH (H)SCI(F) driver initialized

[    1.222371] STM32 USART driver initialized
[    1.271187] loop: module loaded
[    1.272328] megasas: 07.734.00.00-rc1
[    1.302193] tun: Universal TUN/TAP device driver, 1.6
[    1.396130] thunder_xcv, ver 1.0

[    1.396223] thunder_bgx, ver 1.0
[    1.396285] nicpf, ver 1.0
[    1.397450] e1000: Intel(R) PRO/1000 Network Driver
[    1.397470] e1000: Copyright (c) 1999-2006 Intel Corporation.
[    1.397539] e1000e: Intel(R) PRO/1000 Network Driver
[    1.397553] e1000e: Copyright(c) 1999 - 2015 Intel Corporation.
[    1.397614] igb: Intel(R) Gigabit Ethernet Network Driver
[    1.397629] igb: Copyright (c) 2007-2014 Intel Corporation.
[    1.397687] igbvf: Intel(R) Gigabit Virtual Function Network Driver
[    1.397702] igbvf: Copyright (c) 2009 - 2012 Intel Corporation.
[    1.397925] sky2: driver version 1.30
[    1.411512] VFIO - User Level meta-driver version: 0.3
[    1.425197] usbcore: registered new interface driver usb-storage
[    1.427540] i2c_dev: i2c /dev entries driver
[    1.431380] sdhci: Secure Digital Host Controller Interface driver
[    1.431402] sdhci: Copyright(c) Pierre Ossman
[    1.431752] Synopsys Designware Multimedia Card Interface Driver
[    1.432198] sdhci-pltfm: SDHCI platform and OF driver helper
[    1.503772] SMCCC: SOC_ID: ARCH_SOC_ID not implemented, skipping ....
[    1.505801] usbcore: registered new interface driver usbhid
[    1.505863] usbhid: USB HID core driver
[    1.510920] NET: Registered PF_PACKET protocol family
[    1.511731] 9pnet: Installing 9P2000 support
Linux network guest ready: 192.168.77.11/24[    1.511965] Key type dns_resolver registered
[    1.574737] registered taskstats version 1

[    1.576779] Loading compiled-in X.509 certificates
[    1.623600] Demotion targets for Node 0: null
[    1.626673] clk: Disabling unused clocks
[    1.626808] PM: genpd: Disabling unused power domains
[    1.911006] Freeing unused kernel memory: 11648K
[    1.914941] Run /init as init process
eth0      Link encap:Ethernet  HWaddr 34:54:00:4D:00:01  
          inet addr:192.168.77.11  Bcast:0.0.0.0  Mask:255.255.255.0
          UP BROADCAST RUNNING MULTICAST  MTU:1500  Metric:1
          RX packets:0 errors:0 dropped:0 overruns:0 frame:0
          TX packets:0 errors:0 dropped:0 overruns:0 carrier:0
          collisions:0 txqueuelen:1000 
          RX bytes:0 (0.0 B)  TX bytes:0 (0.0 B)

PING 192.168.77.30 (192.168.77.30): 56 data bytes
64 bytes from 192.168.77.30: seq=0 ttl=255 time=13.208 ms

--- 192.168.77.30 ping statistics ---
1 packets transmitted, 1 packets received, 0% packet loss
round-trip min/avg/max = 13.208/13.208/13.208 ms
Linux reached RT-Thread at 192.168.77.30
Linux network counters before RT-IPC:
Ip: Forwarding DefaultTTL InReceives InHdrErrors InAddrErrors ForwDatagrams InUnknownProtos InDiscards InDelivers OutRequests OutDiscards OutNoRoutes ReasmTimeout ReasmReqds ReasmOKs ReasmFails FragOKs FragFails FragCreates OutTransmits
Ip: 2 64 1 0 0 0 0 0 1 1 0 0 0 0 0 0 0 0 0 1
Icmp: InMsgs InErrors InCsumErrors InDestUnreachs InTimeExcds InParmProbs InSrcQuenchs InRedirects InEchos InEchoReps InTimestamps InTimestampReps InAddrMasks InAddrMaskReps OutMsgs OutErrors OutRateLimitGlobal OutRateLimitHost OutDestUnreachs OutTimeExcds OutParmProbs OutSrcQuenchs OutRedirects OutEchos OutEchoReps OutTimestamps OutTimestampReps OutAddrMasks OutAddrMaskReps
Icmp: 1 0 0 0 0 0 0 0 0 1 0 0 0 0 1 0 0 0 0 0 0 0 0 1 0 0 0 0 0
IcmpMsg: InType0 OutType8
IcmpMsg: 1 1
Tcp: RtoAlgorithm RtoMin RtoMax MaxConn ActiveOpens PassiveOpens AttemptFails EstabResets CurrEstab InSegs OutSegs RetransSegs InErrs OutRsts InCsumErrors
Tcp: 1 200 120000 -1 0 0 0 0 0 0 0 0 0 0 0
Udp: InDatagrams NoPorts InErrors OutDatagrams RcvbufErrors SndbufErrors InCsumErrors IgnoredMulti MemErrors
Udp: 0 0 0 0 0 0 0 0 0
UdpLite: InDatagrams NoPorts InErrors OutDatagrams RcvbufErrors SndbufErrors InCsumErrors IgnoredMulti MemErrors
UdpLite: 0 0 0 0 0 0 0 0 0
Starting RT-IPC benchmark...
=== RT-IPC Benchmark Client ===
Target: 192.168.77.30:9876, count=1000 per size

[client] fault profile: none
[    9.213144] random: crng init done
[client] connecting...
[client] connected!

--- Payload 64B ---
[client] fault injection: force disconnect at request=500
[client] reconnect complete recovery_ms=208 attempts=1
[progress] size=64 idx=849 sent=850 recv=849 state=3 tx=850 rx=849 retrans=0 timeouts=0 dup=0 reorder=0 errors=0 acks=850 stall=2ms
  sent=1000  recv=1000  loss=0%
  RTT: min=0ms avg=5ms max=111ms P50=3ms P95=23ms P99=23ms P99.9=29ms
  throughput=10.61KiB/s
  request_timeouts=0 protocol_errors=0 reconnects=1
  transport: retrans=0 timeouts=0 dup=0 reorder=0 errors=0

--- Payload 256B ---
[progress] size=256 idx=836 sent=837 recv=837 state=3 tx=1837 rx=1837 retrans=0 timeouts=0 dup=0 reorder=0 errors=0 acks=1837 stall=0ms
  sent=1000  recv=1000  loss=0%
  RTT: min=1ms avg=5ms max=24ms P50=2ms P95=23ms P99=23ms P99.9=24ms
  throughput=42.25KiB/s
  request_timeouts=0 protocol_errors=0 reconnects=0
  transport: retrans=0 timeouts=0 dup=0 reorder=0 errors=0

--- Payload 1024B ---
[progress] size=1024 idx=771 sent=772 recv=772 state=3 tx=2772 rx=2772 retrans=0 timeouts=0 dup=0 reorder=0 errors=0 acks=2772 stall=0ms
  sent=1000  recv=1000  loss=0%
  RTT: min=1ms avg=6ms max=350ms P50=3ms P95=23ms P99=23ms P99.9=26ms
  throughput=156.91KiB/s
  request_timeouts=0 protocol_errors=0 reconnects=0
  transport: retrans=0 timeouts=0 dup=0 reorder=0 errors=0

========================================
ALL TESTS COMPLETE
========================================
RT-IPC client exited with rc=0
Linux network counters after RT-IPC:
Ip: Forwarding DefaultTTL InReceives InHdrErrors InAddrErrors ForwDatagrams InUnknownProtos InDiscards InDelivers OutRequests OutDiscards OutNoRoutes ReasmTimeout ReasmReqds ReasmOKs ReasmFails FragOKs FragFails FragCreates OutTransmits
Ip: 2 64 6056 0 0 0 0 0 6056 6056 0 0 0 0 0 0 0 0 0 6056
Icmp: InMsgs InError