qemu-system-aarch64: -serial unix:/tmp/tmp.tF7SEsSAgJ/serial.sock,server=on,wait=on: info: QEMU waiting for connection on: disconnected:unix:/tmp/tmp.tF7SEsSAgJ/serial.sock,server=on
qemu-system-aarch64: warning: hub 77 is not connected to host network
ax_cpu2_timer_late_take host_ns=2403731385061636 raw_count=0x3bfaba7 offset=0x3670768 cval=0x580f8f late_ticks=38064
ax_cpu2_timer_late_assert host_ns=2403731385785378 raw_count=0x3c05c5b offset=0x3670768 cval=0x580f8f late_ticks=83300
ax_cpu2_timer_late_assert host_ns=2403731416052007 raw_count=0x3dd39ab offset=0x3670768 cval=0x759feb late_ticks=37464
ax_cpu2_timer_late_take host_ns=2403731416058567 raw_count=0x3dd3b42 offset=0x3670768 cval=0x759feb late_ticks=37871
ax_cpu2_timer_late_assert host_ns=2403731431521377 raw_count=0x3ebfa5e offset=0x3670768 cval=0x83ee07 late_ticks=66799
ax_cpu2_timer_late_take host_ns=2403731431525477 raw_count=0x3ebfb5c offset=0x3670768 cval=0x83ee07 late_ticks=67053
ax_cpu2_timer_late_assert host_ns=2403731936705765 raw_count=0x5cdc267 offset=0x3670768 cval=0x261b87b late_ticks=328324
ax_cpu2_timer_late_take host_ns=2403731936716345 raw_count=0x5cdc4fa offset=0x3670768 cval=0x261b87b late_ticks=328983
ax_cpu2_timer_late_assert host_ns=2403732079982513 raw_count=0x6566612 offset=0x3670768 cval=0x2eedd4b late_ticks=33119
ax_cpu2_timer_late_assert host_ns=2403733503526844 raw_count=0xba3ff14 offset=0x3670768 cval=0x83820d7 late_ticks=317141
ax_cpu2_timer_late_take host_ns=2403733503539574 raw_count=0xba4022e offset=0x3670768 cval=0x83820d7 late_ticks=317935
ax_cpu2_timer_late_assert host_ns=2403733705310401 raw_count=0xc646ea3 offset=0x3670768 cval=0x8fc95cf late_ticks=53612
ax_cpu2_timer_late_assert host_ns=2403733705981213 raw_count=0xc651268 offset=0x3670768 cval=0x8fd89f3 late_ticks=33037
ax_cpu2_timer_late_take host_ns=2403733707328238 raw_count=0xc665b45 offset=0x3670768 cval=0x8fd89f3 late_ticks=117226
ax_cpu2_timer_late_assert host_ns=2403738084972290 raw_count=0x1cb53407 offset=0x3670768 cval=0x194dadbf late_ticks=32480
ax_cpu2_timer_late_assert host_ns=2403738324969249 raw_count=0x1d9a1509 offset=0x3670768 cval=0x1a328f7f late_ticks=32290
ax_cpu2_timer_late_assert host_ns=2403738491990231 raw_count=0x1e395da5 offset=0x3670768 cval=0x1ad1d2fb late_ticks=33602
ax_cpu2_timer_late_assert host_ns=2403739530970270 raw_count=0x221836e1 offset=0x3670768 cval=0x1eb0b117 late_ticks=32354
ax_cpu2_timer_late_assert host_ns=2403739590968964 raw_count=0x22516eff offset=0x3670768 cval=0x1ee9e987 late_ticks=32272
ax_cpu2_timer_late_take host_ns=2403739590991595 raw_count=0x22517485 offset=0x3670768 cval=0x1ee9e987 late_ticks=33686
ax_cpu2_timer_late_assert host_ns=2403739909991448 raw_count=0x2381ad58 offset=0x3670768 cval=0x201a2263 late_ticks=33677
ax_cpu2_timer_late_assert host_ns=2403740293959302 raw_count=0x24efdb80 offset=0x3670768 cval=0x21885863 late_ticks=31669
ax_cpu2_timer_late_assert host_ns=2403740322966416 raw_count=0x250b8550 offset=0x3670768 cval=0x21a40077 late_ticks=32113
ax_cpu2_timer_late_assert host_ns=2403740593972223 raw_count=0x260df8d6 offset=0x3670768 cval=0x22a67293 late_ticks=32475
ax_cpu2_timer_late_assert host_ns=2403740683966095 raw_count=0x2663cc00 offset=0x3670768 cval=0x22fc473b late_ticks=32093
ax_cpu2_timer_late_assert host_ns=2403741376962198 raw_count=0x28f8b080 offset=0x3670768 cval=0x25912caf late_ticks=31849
ax_cpu2_timer_late_assert host_ns=2403741385071634 raw_count=0x29006c58 offset=0x3670768 cval=0x2598cdcf late_ticks=38689
ax_cpu2_timer_late_assert host_ns=2403741507002139 raw_count=0x2974b489 offset=0x3670768 cval=0x260d26f7 late_ticks=34346
ax_cpu2_timer_late_assert host_ns=2403741551966904 raw_count=0x299f9642 offset=0x3670768 cval=0x2638114b late_ticks=32143
ax_cpu2_timer_late_assert host_ns=2403742044965709 raw_count=0x2b75bf4c offset=0x3670768 cval=0x280e3a9f late_ticks=32069
ax_cpu2_timer_late_assert host_ns=2403743388987103 raw_count=0x30778185 offset=0x3670768 cval=0x2d0ff79f late_ticks=33406
ax_cpu2_timer_late_take host_ns=2403743465550560 raw_count=0x30c085c7 offset=0x3670768 cval=0x2d58724f late_ticks=68624
ax_cpu2_timer_late_assert host_ns=2403743465681670 raw_count=0x30c0a5c8 offset=0x3670768 cval=0x2d58724f late_ticks=76817
ax_cpu2_timer_late_assert host_ns=2403743884952894 raw_count=0x32507eeb offset=0x3670768 cval=0x2ee8fd5f late_ticks=31268
ax_cpu2_timer_late_assert host_ns=2403743893054330 raw_count=0x325838ce offset=0x3670768 cval=0x2ef09e7f late_ticks=37607
ax_cpu2_timer_late_take host_ns=2403743893060580 raw_count=0x32583a54 offset=0x3670768 cval=0x2ef09e7f late_ticks=37997
ax_cpu2_timer_late_assert host_ns=2403743895407058 raw_count=0x325a7734 offset=0x3670768 cval=0x2ef286c7 late_ticks=59653
ax_cpu2_timer_late_assert host_ns=2403743896402541 raw_count=0x325b6a3e offset=0x3670768 cval=0x2ef37aeb late_ticks=59371
ax_cpu2_timer_late_assert host_ns=2403743898445238 raw_count=0x325d5cf3 offset=0x3670768 cval=0x2ef56333 late_ticks=62040
ax_cpu2_timer_late_take host_ns=2403743898463288 raw_count=0x325d6159 offset=0x3670768 cval=0x2ef56333 late_ticks=63166
ax_cpu2_timer_late_assert host_ns=2403743901083676 raw_count=0x325fe119 offset=0x3670768 cval=0x2ef83f9f late_ticks=39442
ax_cpu2_timer_late_assert host_ns=2403744760969341 raw_count=0x3593ee1e offset=0x3670768 cval=0x322c688f late_ticks=32295
ax_cpu2_timer_late_assert host_ns=2403744771970187 raw_count=0x359e6be0 offset=0x3670768 cval=0x3236e61b late_ticks=32349
ax_cpu2_timer_late_assert host_ns=2403744908953209 raw_count=0x36210eff offset=0x3670768 cval=0x32b98d5f late_ticks=31288
ax_cpu2_timer_late_assert host_ns=2403744969975365 raw_count=0x365b40fb offset=0x3670768 cval=0x32f3b9f3 late_ticks=32672
ax_cpu2_timer_late_assert host_ns=2403745125953689 raw_count=0x36f001a1 offset=0x3670768 cval=0x33887fe3 late_ticks=31318
ax_cpu2_timer_late_assert host_ns=2403745384985874 raw_count=0x37e709e8 offset=0x3670768 cval=0x347f804f late_ticks=33329
ax_cpu2_timer_late_assert host_ns=2403745716979444 raw_count=0x3923a706 offset=0x3670768 cval=0x35bc1eff late_ticks=32927
ax_cpu2_timer_late_assert host_ns=2403745969968450 raw_count=0x3a14ebeb offset=0x3670768 cval=0x36ad6693 late_ticks=32240
ax_cpu2_timer_late_assert host_ns=2403746001970613 raw_count=0x3a3370f3 offset=0x3670768 cval=0x36cbeb13 late_ticks=32376
ax_cpu2_timer_late_assert host_ns=2403746178963123 raw_count=0x3adc3c02 offset=0x3670768 cval=0x3774b7f7 late_ticks=31907
ax_cpu2_timer_late_assert host_ns=2403746834963856 raw_count=0x3d4dd870 offset=0x3670768 cval=0x39e65437 late_ticks=31953
qemu-system-aarch64: terminating on signal 15 from pid 1426203 (/bin/bash)
