root=/dev/nvme0n1 rw init=/bin/sh
VM Load @PA:0x40200000
VM Load Offset: 0xffff0000c0200000
Memory Map:
  Free   0x00000040000000 - 0x00000040200000 (2 MiB)
  KImg   0x00000040200000 - 0x00000043a00000 (56 MiB)
  Free   0x00000043a00000 - 0x00000240000000 (7.94 GiB)
Initialize RAM allocator: 0x43a00000..0x240000000
Reserving CPU-local areas
CPU-local area stride: 0x44000 bytes
Total CPU-local allocation: 0x110000 bytes (4 CPUs)
Flushed RAM used range to memory map: 0x43a00000..0x43b00000, current: 0x43b00000
Flushed RAM used range to memory map: 0x43b00000..0x43c10000, current: 0x43c10000
CPU-local areas allocated at 0x43b00000 - 0x43c10000
EL: 2
Mapping early memory regions...
Ram                 : [0x0000000040000000, 0x0000000240000000) -> [0x0000000040000000, 0x0000000240000000) (8 GiB)
KImage              : [0x0000ffff80000000, 0x0000ffff83800000) -> [0x0000000040200000, 0x0000000043a00000) (56 MiB)
PerCpu              : [0x0000ff0043b00000, 0x0000ff0043c10000) -> [0x0000000043b00000, 0x0000000043c10000) (1.06 MiB)
Debug serial        : [0x0000000009000000, 0x0000000009001000) -> [0x0000000009000000, 0x0000000009001000) (4 KiB)
Boot page table at physical address: PA:0x43c10000
Setting up table registers...
MMU Entry point at physical address: 0x4045c500
Trap vector at 0xffff80260000
Memory Map:
  MMIO   0x00000009000000 - 0x00000009001000 (4 KiB)
  Free   0x00000040000000 - 0x00000040200000 (2 MiB)
  KImg   0x00000040200000 - 0x00000043a00000 (56 MiB)
  Rsv    0x00000043a00000 - 0x00000043b00000 (1 MiB)
  PerCPU 0x00000043b00000 - 0x00000043c10000 (1.06 MiB)
  Rsv    0x00000043c10000 - 0x00000043c1a000 (40 KiB)
  Free   0x00000043c1a000 - 0x00000240000000 (7.94 GiB)
Jumping to main entry point at 0xffff8024432c with SP 0x0000ff0043b44000

       d8888                            .d88888b.   .d8888b.
      d88888                           d88P" "Y88b d88P  Y88b
     d88P888                           888     888 Y88b.
    d88P 888 888d888  .d8888b  .d88b.  888     888  "Y888b.
   d88P  888 888P"   d88P"    d8P  Y8b 888     888     "Y88b.
  d88P   888 888     888      88888888 888     888       "888
 d8888888888 888     Y88b.    Y8b.     Y88b. .d88P Y88b  d88P
d88P     888 888      "Y8888P  "Y8888   "Y88888P"   "Y8888P"

arch = aarch64
platform = linux,dummy-virt
target = aarch64-unknown-none-softfloat
build_mode = 
log_level = info
backtrace = false
smp = 3

[37m[  0.049999 ax_runtime:220] [32mLogging is enabled.[m
[m[37m[  0.050291 ax_runtime:221] [32mPrimary CPU 0 started, arg = 0x43a00000.[m
[m[37m[  0.050375 ax_runtime:223] [32mFound physcial memory regions:[m
[m[37m[  0.052865 ax_runtime:225] [32m  [PA:0x9000000, PA:0x9001000) mmio (READ | WRITE | DEVICE | RESERVED)[m
[m[37m[  0.053049 ax_runtime:225] [32m  [PA:0x40000000, PA:0x40200000) free memory (READ | WRITE | FREE)[m
[m[37m[  0.053159 ax_runtime:225] [32m  [PA:0x40200000, PA:0x43a00000) reserved (READ | WRITE | EXECUTE | RESERVED)[m
[m[37m[  0.053258 ax_runtime:225] [32m  [PA:0x43a00000, PA:0x43b00000) reserved (READ | WRITE | EXECUTE | RESERVED)[m
[m[37m[  0.053354 ax_runtime:225] [32m  [PA:0x43b00000, PA:0x43c10000) reserved (READ | WRITE | EXECUTE | RESERVED)[m
[m[37m[  0.053450 ax_runtime:225] [32m  [PA:0x43c10000, PA:0x43c1a000) reserved (READ | WRITE | EXECUTE | RESERVED)[m
[m[37m[  0.053549 ax_runtime:225] [32m  [PA:0x43c1a000, PA:0x240000000) free memory (READ | WRITE | FREE)[m
[m[37m[  0.053652 ax_runtime:373] [32mInitialize global memory allocator...[m
[m[37m[  0.053733 ax_runtime:374] [32m  use buddy-slab-allocator allocator.[m
[m[37m[  0.053878 ax_alloc::buddy_slab:158] [32mInitialize global memory allocator, start_vaddr: 0x43c1a000, size: 0x1fc3e6000[m
[m[37m[  0.065861 ax_alloc::buddy_slab:424] [32mglobal allocator initialized[m
[m[37m[  0.066018 ax_alloc::buddy_slab:168] [32mAdd memory region, start_vaddr: 0x40000000, size: 0x200000[m
[m[37m[  0.066153 buddy_slab_allocator::global:151] [32mGlobalAllocator: skip region 0x40000000+0x200000, no allocator-visible memory after 2097152 alignment[m
[m[37m[  0.066410 ax_runtime:260] [32mkernel aspace: [VA:0x0, VA:0xffffffffffffffff)[m
[m[37m[  0.066581 ax_mm:103] [32mInitialize virtual memory management...[m
[m[37m[  0.577924 ax_runtime:272] [32mInitialize platform devices...[m
[m[37m[  0.583066 someboot::arch::power:23] [32mPower management method : SMC[m
[m[37m[  0.583230 somehal::driver:5] [32mInitializing rdrive with FDT at 0x43a00000[m
[m[37m[  0.593674 somehal::arch::gic::v3:284] [32mGICv3 CPU 0 EOI mode: two_step=true[m
[m[37m[  0.600010 ax_task::api:137] [32mInitialize scheduling...[m
[m[37m[  0.601072 ax_task::api:145] [32m  use Round-robin scheduler.[m
[m[37m[  0.601345 ax_runtime:298] [32mInitialize interrupt handlers...[m
[m[37m[  0.603022 ax_runtime::devices:2] [32mProbe platform devices...[m
[m[37m[  0.623605 ax_driver::block::nvme:42] [32mNVMe PCI endpoint 0000:00:01.0: BAR0=0x8000000000..0x8000004000, int_pin=1, int_line=0[m
[m[37m[  0.634174 nvme_driver::nvme:161] [32mNVME @0x8000000000 deferred init, version: 1.4.0[m
[m[37m[  0.634674 ax_driver::block::nvme:74] [32mNVMe block device registered at 0000:00:01.0 with 65 MSI-X vectors[m
[m[37m[  0.640434 ax_fs_ng::block::runtime::lifecycle::device:300] [32mblock device nvme IRQ source 0 (IrqId { domain: IrqDomainId(9), hwirq: HwIrq(0) }) fixed to CPU 0 for queue mask 0x0[m
[m[37m[  0.658703 ax_fs_ng::block::runtime::hctx:177] [32mblock hctx 0 bound to CPU 0 with hardware depth 63[m
[m[37m[  0.659114 ax_fs_ng::block::runtime::lifecycle::device:300] [32mblock device nvme IRQ source 1 (IrqId { domain: IrqDomainId(9), hwirq: HwIrq(1) }) fixed to CPU 0 for queue mask 0x1[m
[m[37m[  0.670641 ax_fs_ng::root:341] [32m    raw device fs=Some(Ext4)[m
[m[37m[  0.670814 ax_fs_ng::root:372] [32m  block device 0 (nvme) has no usable partition table; treating the whole disk as a candidate[m
[m[37m[  0.671140 ax_fs_ng::root:481] [32m  matched root by raw device path on disk0 raw device[m
[m[37m[  0.671483 ax_fs_ng:86] [32mInitialize filesystem subsystem...[m
[m[37m[  0.671563 ax_fs_ng:87] [32m  selected root device: disk0 raw device[m
[m[37m[  0.674014 rsext4::crc32c::arm64:54] [33mID_AA64ISAR0_EL1[19:16]: 0x1[m
[m[37m[  0.674111 rsext4::crc32c::arm64:57] [33mHardware CRC32C support detected.[m
[m[37m[  0.680004 rsext4::ext4::mount:331] [32m/lost+found exists (superblock hint inode=11)[m
[m[37m[  0.681011 rsext4::ext4::mount:466] [32mExt4 filesystem mounted[m
[m[37m[  0.681094 rsext4::ext4::mount:467] [32m  - block size: 4096 bytes[m
[m[37m[  0.681174 rsext4::ext4::mount:468] [32m  - total blocks: 8192[m
[m[37m[  0.681249 rsext4::ext4::mount:469] [32m  - free blocks: 1226[m
[m[37m[  0.681322 rsext4::ext4::mount:470] [32m  - total inodes: 8192[m
[m[37m[  0.681396 rsext4::ext4::mount:471] [32m  - free inodes: 8151[m
[m[37m[  0.681477 rsext4::ext4::sync:13] [32mSyncing filesystem...[m
[m[37m[  0.687205 rsext4::ext4::mount:550] [32mExt4 filesystem mounted[m
[m[37m[  0.687627 ax_fs_ng:99] [32m  filesystem type: "ext4"[m
[m[37m[  0.695810 somehal::arch::gic::v3:284] [32mGICv3 CPU 1 EOI mode: two_step=true[m
[m[37m[  0.696103 ax_runtime::mp:79] [32mSecondary CPU 1 started.[m
[m[37m[  0.696647 ax_runtime::mp:110] [32mSecondary CPU 1 init OK.[m
[m[37m[  0.702353 somehal::arch::gic::v3:284] [32mGICv3 CPU 2 EOI mode: two_step=true[m
[m[37m[  0.702469 ax_runtime::mp:79] [32mSecondary CPU 2 started.[m
[m[37m[  0.702510 ax_runtime:346] [32mPrimary CPU 0 init OK.[m
[m[37m[  0.702656 ax_runtime::mp:110] [32mSecondary CPU 2 init OK.[m
[m[37m[  0.710854 0:4 ax_fs_ng::block::runtime::hctx:177] [32mblock hctx 1 bound to CPU 1 with hardware depth 63[m
[m[37m[  0.711068 0:4 ax_fs_ng::block::runtime::hctx:177] [32mblock hctx 2 bound to CPU 2 with hardware depth 63[m
[m[37m[  0.711391 0:4 ax_fs_ng::block::runtime::lifecycle::device:300] [32mblock device nvme IRQ source 2 (IrqId { domain: IrqDomainId(9), hwirq: HwIrq(2) }) fixed to CPU 1 for queue mask 0x2[m
[m[37m[  0.711702 0:4 ax_fs_ng::block::runtime::lifecycle::device:300] [32mblock device nvme IRQ source 3 (IrqId { domain: IrqDomainId(9), hwirq: HwIrq(3) }) fixed to CPU 2 for queue mask 0x4[m
[m[37m[  0.713115 0:2 ax_fs_ng::block::runtime::lifecycle::device:385] [32mblock device nvme online with 3 hctxs across 3 CPUs[m
[m

       d8888            888     888  d8b
      d88888            888     888  Y8P
     d88P888            888     888
    d88P 888  888  888  Y88b   d88P  888  .d8888b    .d88b.   888d888
   d88P  888  `Y8bd8P'   Y88b d88P   888  88K       d88""88b  888P"
  d88P   888    X88K      Y88o88P    888  "Y8888b.  888  888  888
 d8888888888  .d8""8b.     Y888P     888       X88  Y88..88P  888
d88P     888  888  888      Y8P      888   88888P'   "Y88P"   888


by AxVisor Team

[37m[  0.715228 0:2 axvisor:73] [32mStarting virtualization...[m
[m[37m[  0.715362 0:2 axvm::host::arceos:349] [32mEnabling hardware virtualization support on all cores...[m
[m[37m[  0.715539 0:2 axvm::host::arceos:355] [32mCore 0 is initializing hardware virtualization support...[m
[m[37m[  0.715680 0:2 axvm::timer:318] [32mInitializing AxVM timer wheel...[m
[m[37m[  0.719851 0:2 axvm::host::arceos:357] [32mHardware virtualization support enabled on core 0[m
[m[37m[  0.720300 1:15 axvm::host::arceos:367] [32mCore 1 is initializing hardware virtualization support...[m
[m[37m[  0.720552 1:15 axvm::timer:318] [32mInitializing AxVM timer wheel...[m
[m[37m[  0.720871 0:2 axvm::host::arceos:383] [32mWaiting for all cores to enable hardware virtualization...[m
[m[37m[  0.720957 1:15 axvm::host::arceos:370] [32mHardware virtualization support enabled on core 1[m
[m[37m[  0.720878 2:16 axvm::host::arceos:367] [32mCore 2 is initializing hardware virtualization support...[m
[m[37m[  0.721343 2:16 axvm::timer:318] [32mInitializing AxVM timer wheel...[m
[m[37m[  0.721628 2:16 axvm::host::arceos:370] [32mHardware virtualization support enabled on core 2[m
[m[37m[  0.721784 0:2 axvm::host::arceos:399] [32mAll cores have enabled hardware virtualization support.[m
[m[37m[  0.726244 0:2 axvisor::manager:143] [32mNOT find dir: /guest/vm_default in filesystem[m
[m[37m[  0.726451 0:2 axvisor::config:90] [32mUsing static VM configs.[m
[m[37m[  0.740176 0:2 axvm::arch::aarch64::fdt::core:79] [32mVM[1] virtual GIC follows host firmware resources: GuestGicProfile { compatible: "arm,gic-v3", node_path: "/intc@8000000", node_phandle: Some(32773), distributor: GuestMmioRegion { base: 134217728, length: 65536 }, cpu_region: Redistributors(GuestGicRedistributorProfile { regions: [GuestMmioRegion { base: 134873088, length: 16121856 }], stride: 131072 }), its: [GuestItsProfile { id: ItsId(0), node_path: "/intc@8000000/its@8080000", node_phandle: Some(32774), registers: GuestMmioRegion { base: 134742016, length: 131072 } }] }[m
[m[37m[  0.742680 0:2 axvm::arch::aarch64::fdt::core:93] [32mVM[1] architectural timer follows host firmware PPIs[m
[m[37m[  0.746816 0:2 axvm::arch::aarch64::fdt::core::parser:442] [32mCPU node: /cpus/cpu@0, node_id: 0x0, hardware_cpu_id: 0x0[m
[m[37m[  0.747022 0:2 axvm::arch::aarch64::fdt::core::parser:442] [32mCPU node: /cpus/cpu@1, node_id: 0x1, hardware_cpu_id: 0x1[m
[m[37m[  0.747211 0:2 axvm::arch::aarch64::fdt::core::parser:442] [32mCPU node: /cpus/cpu@2, node_id: 0x2, hardware_cpu_id: 0x2[m
[m[37m[  0.747379 0:2 axvm::arch::aarch64::fdt::core::parser:442] [32mCPU node: /cpus/cpu@3, node_id: 0x3, hardware_cpu_id: 0x3[m
[m[37m[  0.747607 0:2 axvm::arch::aarch64::fdt::core::parser:449] [32mFound 4 host CPU nodes[m
[m[37m[  0.747993 0:2 axvm::arch::aarch64::fdt::core:144] [32mVM[1] DTB not found, generating from the VM configuration[m
[m[37m[  0.760912 0:2 axvm::arch::aarch64::fdt::core::device:96] [32mFound excluded devices: ["/virtio_mmio@a000000", "/virtio_mmio@a000200", "/virtio_mmio@a000400", "/virtio_mmio@a000600", "/virtio_mmio@a000800", "/virtio_mmio@a000a00", "/virtio_mmio@a000c00", "/virtio_mmio@a000e00", "/virtio_mmio@a001000", "/virtio_mmio@a001200", "/virtio_mmio@a001400", "/virtio_mmio@a001600", "/virtio_mmio@a001800", "/virtio_mmio@a001a00", "/virtio_mmio@a001c00", "/virtio_mmio@a001e00", "/virtio_mmio@a002000", "/virtio_mmio@a002200", "/virtio_mmio@a002400", "/virtio_mmio@a002600", "/virtio_mmio@a002800", "/virtio_mmio@a002a00", "/virtio_mmio@a002c00", "/virtio_mmio@a002e00", "/virtio_mmio@a003000", "/virtio_mmio@a003200", "/virtio_mmio@a003400", "/virtio_mmio@a003600", "/virtio_mmio@a003800", "/virtio_mmio@a003a00", "/virtio_mmio@a003c00", "/virtio_mmio@a003e00", "/pcie@10000000", "/pl061@9030000", "/pl031@9010000", "/gpio-key-poweroff", "/intc@8000000", "/pl011@9000000", "/timer", "/intc@8000000/its@8080000"][m
[m[37m[  0.769570 0:2 axvm::arch::aarch64::fdt::core::device:96] [32mFound excluded devices: ["/virtio_mmio@a000000", "/virtio_mmio@a000200", "/virtio_mmio@a000400", "/virtio_mmio@a000600", "/virtio_mmio@a000800", "/virtio_mmio@a000a00", "/virtio_mmio@a000c00", "/virtio_mmio@a000e00", "/virtio_mmio@a001000", "/virtio_mmio@a001200", "/virtio_mmio@a001400", "/virtio_mmio@a001600", "/virtio_mmio@a001800", "/virtio_mmio@a001a00", "/virtio_mmio@a001c00", "/virtio_mmio@a001e00", "/virtio_mmio@a002000", "/virtio_mmio@a002200", "/virtio_mmio@a002400", "/virtio_mmio@a002600", "/virtio_mmio@a002800", "/virtio_mmio@a002a00", "/virtio_mmio@a002c00", "/virtio_mmio@a002e00", "/virtio_mmio@a003000", "/virtio_mmio@a003200", "/virtio_mmio@a003400", "/virtio_mmio@a003600", "/virtio_mmio@a003800", "/virtio_mmio@a003a00", "/virtio_mmio@a003c00", "/virtio_mmio@a003e00", "/pcie@10000000", "/pl061@9030000", "/pl031@9010000", "/gpio-key-poweroff", "/intc@8000000", "/pl011@9000000", "/timer", "/intc@8000000/its@8080000"][m
[m[37m[  0.771718 0:2 axvisor::config:137] [32mCreating VM[1] "linux-net"[m
[m[37m[  0.772192 0:2 axvm::arch::aarch64::vgic::plan:214] [32massigned_spis: 0 passthrough interrupts configured[m
[m[37m[  0.784490 0:2 axvm::vm:821] [32mVM created: id=1[m
[m[37m[  0.785473 0:2 axvisor::config:149] [32mVM[1] created success, loading images...[m
[m[37m[  0.878832 0:2 axvm::boot::images:137] [32mLoading ramdisk image from memory (2947584 bytes) into GPA @0x8c000000[m
[m[37m[  0.897629 0:2 axdevice::device:1232] [32mDeviceRuntime: registered device id=0[m
[m[37m[  0.897967 0:2 axdevice::device:1232] [32mDeviceRuntime: registered device id=1[m
[m[37m[  0.898127 0:2 axdevice::device:1232] [32mDeviceRuntime: registered device id=2[m
[m[37m[  0.899397 0:2 axdevice::device:1232] [32mDeviceRuntime: registered device id=3[m
[m[37m[  0.900778 0:2 axdevice::device:1232] [32mDeviceRuntime: registered device id=4[m
[m[37m[  0.903870 0:2 axvm::vm::prepare:82] [32mVM setup: id=1[m
[m[37m[  0.907285 0:2 axvm::arch::aarch64::fdt::core:79] [32mVM[3] virtual GIC follows host firmware resources: GuestGicProfile { compatible: "arm,gic-v3", node_path: "/intc@8000000", node_phandle: Some(32773), distributor: GuestMmioRegion { base: 134217728, length: 65536 }, cpu_region: Redistributors(GuestGicRedistributorProfile { regions: [GuestMmioRegion { base: 134873088, length: 16121856 }], stride: 131072 }), its: [GuestItsProfile { id: ItsId(0), node_path: "/intc@8000000/its@8080000", node_phandle: Some(32774), registers: GuestMmioRegion { base: 134742016, length: 131072 } }] }[m
[m[37m[  0.908084 0:2 axvm::arch::aarch64::fdt::core:93] [32mVM[3] architectural timer follows host firmware PPIs[m
[m[37m[  0.911589 0:2 axvm::arch::aarch64::fdt::core::parser:442] [32mCPU node: /cpus/cpu@0, node_id: 0x0, hardware_cpu_id: 0x0[m
[m[37m[  0.911762 0:2 axvm::arch::aarch64::fdt::core::parser:442] [32mCPU node: /cpus/cpu@1, node_id: 0x1, hardware_cpu_id: 0x1[m
[m[37m[  0.911926 0:2 axvm::arch::aarch64::fdt::core::parser:442] [32mCPU node: /cpus/cpu@2, node_id: 0x2, hardware_cpu_id: 0x2[m
[m[37m[  0.912089 0:2 axvm::arch::aarch64::fdt::core::parser:442] [32mCPU node: /cpus/cpu@3, node_id: 0x3, hardware_cpu_id: 0x3[m
[m[37m[  0.912274 0:2 axvm::arch::aarch64::fdt::core::parser:449] [32mFound 4 host CPU nodes[m
[m[37m[  0.912403 0:2 axvm::arch::aarch64::fdt::core:144] [32mVM[3] DTB not found, generating from the VM configuration[m
[m[37m[  0.920732 0:2 axvm::arch::aarch64::fdt::core::device:96] [32mFound excluded devices: ["/virtio_mmio@a000000", "/virtio_mmio@a000200", "/virtio_mmio@a000400", "/virtio_mmio@a000600", "/virtio_mmio@a000800", "/virtio_mmio@a000a00", "/virtio_mmio@a000c00", "/virtio_mmio@a000e00", "/virtio_mmio@a001000", "/virtio_mmio@a001200", "/virtio_mmio@a001400", "/virtio_mmio@a001600", "/virtio_mmio@a001800", "/virtio_mmio@a001a00", "/virtio_mmio@a001c00", "/virtio_mmio@a001e00", "/virtio_mmio@a002000", "/virtio_mmio@a002200", "/virtio_mmio@a002400", "/virtio_mmio@a002600", "/virtio_mmio@a002800", "/virtio_mmio@a002a00", "/virtio_mmio@a002c00", "/virtio_mmio@a002e00", "/virtio_mmio@a003000", "/virtio_mmio@a003200", "/virtio_mmio@a003400", "/virtio_mmio@a003600", "/virtio_mmio@a003800", "/virtio_mmio@a003a00", "/virtio_mmio@a003c00", "/virtio_mmio@a003e00", "/pcie@10000000", "/pl061@9030000", "/pl031@9010000", "/gpio-key-poweroff", "/intc@8000000", "/pl011@9000000", "/timer", "/intc@8000000/its@8080000"][m
[m[37m[  0.926973 0:2 axvm::arch::aarch64::fdt::core::device:96] [32mFound excluded devices: ["/virtio_mmio@a000000", "/virtio_mmio@a000200", "/virtio_mmio@a000400", "/virtio_mmio@a000600", "/virtio_mmio@a000800", "/virtio_mmio@a000a00", "/virtio_mmio@a000c00", "/virtio_mmio@a000e00", "/virtio_mmio@a001000", "/virtio_mmio@a001200", "/virtio_mmio@a001400", "/virtio_mmio@a001600", "/virtio_mmio@a001800", "/virtio_mmio@a001a00", "/virtio_mmio@a001c00", "/virtio_mmio@a001e00", "/virtio_mmio@a002000", "/virtio_mmio@a002200", "/virtio_mmio@a002400", "/virtio_mmio@a002600", "/virtio_mmio@a002800", "/virtio_mmio@a002a00", "/virtio_mmio@a002c00", "/virtio_mmio@a002e00", "/virtio_mmio@a003000", "/virtio_mmio@a003200", "/virtio_mmio@a003400", "/virtio_mmio@a003600", "/virtio_mmio@a003800", "/virtio_mmio@a003a00", "/virtio_mmio@a003c00", "/virtio_mmio@a003e00", "/pcie@10000000", "/pl061@9030000", "/pl031@9010000", "/gpio-key-poweroff", "/intc@8000000", "/pl011@9000000", "/timer", "/intc@8000000/its@8080000"][m
[m[37m[  0.928415 0:2 axvisor::config:137] [32mCreating VM[3] "rtthread-net"[m
[m[37m[  0.928508 0:2 axvm::arch::aarch64::vgic::plan:214] [32massigned_spis: 0 passthrough interrupts configured[m
[m[37m[  0.929728 0:2 axvm::vm:821] [32mVM created: id=3[m
[m[37m[  0.929880 0:2 axvisor::config:149] [32mVM[3] created success, loading images...[m
[m[37m[  0.936091 0:2 axdevice::device:1232] [32mDeviceRuntime: registered device id=0[m
[m[37m[  0.936185 0:2 axdevice::device:1232] [32mDeviceRuntime: registered device id=1[m
[m[37m[  0.936264 0:2 axdevice::device:1232] [32mDeviceRuntime: registered device id=2[m
[m[37m[  0.936425 0:2 axdevice::device:1232] [32mDeviceRuntime: registered device id=3[m
[m[37m[  0.936867 0:2 axdevice::device:1232] [32mDeviceRuntime: registered device id=4[m
[m[37m[  0.937048 0:2 axvm::vm::prepare:82] [32mVM setup: id=3[m
[m[37m[  0.937222 0:2 axvm::runtime:42] [32mInitializing VMM...[m
[m[37m[  0.937718 0:2 axvm::runtime:53] [32mVMM starting, booting VMs...[m
[m[37m[  0.937891 0:2 axvm::vm:1046] [32mStarting VM[1][m
[m[37m[  0.938010 0:2 axvm::runtime::vcpus:343] [32mSpawning task for VM[1] VCpu[0][m
[m[37m[  0.938350 0:2 axvm::runtime::vcpus:360] [32mVCpu task Task(19, "VM[1]-VCpu[0]") created cpumask: [0, 1, ][m
[m[37m[  0.940219 0:2 axvm::runtime:61] [32mVM[1] boot success[m
[m[37m[  0.940291 0:2 axvm::vm:1046] [32mStarting VM[3][m
[m[37m[  0.940348 0:2 axvm::runtime::vcpus:343] [32mSpawning task for VM[3] VCpu[0][m
[m[37m[  0.940440 0:2 axvm::runtime::vcpus:360] [32mVCpu task Task(21, "VM[3]-VCpu[0]") created cpumask: [2, ][m
[m[37m[  0.940716 0:2 axvm::runtime:61] [32mVM[3] boot success[m
[m[37m[  0.940900 2:21 axvm::runtime::vcpus:414] [32mVM[3] VCpu[0] waiting for running[m
[m[37m[  0.941247 2:21 axvm::runtime::vcpus:456] [32mVM[3] VCpu[0] running...[m
[m[37m[  0.942032 0:2 axvisor:89] [32m[OK] Default guest initialized[m
[m[37m[  0.942533 0:19 axvm::runtime::vcpus:414] [32mVM[1] VCpu[0] waiting for running[m
[m[37m[  0.942694 0:19 axvm::runtime::vcpus:456] [32mVM[1] VCpu[0] running...[m
[m[VM 3] [32m[I/rtdm.ofw] Booting RT-Thread on physical CPU 0x0[0m
[VM 3] [32m[I/rtdm.ofw] Machine model: linux,dummy-virt[0m
[VM 3] [32m[I/rtdm.ofw] Memory node(0) ranges: 0x00000000a0000000 - 0x00000000b0000000[0m
[VM 3] [32m[I/mm.memblock] System memory:[0m
[VM 3] [32m[I/mm.memblock]                    [0x00000000a0000000, 0x00000000b0000000][0m
[VM 3] [32m[I/mm.memblock] Reserved memory:[0m
[VM 3] [32m[I/mm.memblock]                    [0x00000000a0000000, 0x00000000a0102000][0m
[VM 3] [32m[I/mm.memblock]                    [0x00000000a0102000, 0x00000000a4102000][0m
[VM 3] [32m[I/mm.memblock]                    [0x00000000a4102000, 0x00000000a4302000][0m
[37m[  0.989514 0:19 axvm::runtime::hvc:258] [32mVM[1] PSCI_FEATURES function_id=0x80000000[m
[m[37m[  0.990177 0:19 axvm::runtime::hvc:258] [32mVM[1] PSCI_FEATURES function_id=0xc4000001[m
[m[37m[  0.990453 0:19 axvm::runtime::hvc:258] [32mVM[1] PSCI_FEATURES function_id=0xc400000e[m
[m[37m[  0.990686 0:19 axvm::runtime::hvc:258] [32mVM[1] PSCI_FEATURES function_id=0xc4000012[m
[m[37m[  0.990893 0:19 axvm::runtime::hvc:258] [32mVM[1] PSCI_FEATURES function_id=0xc4000015[m
[m[VM 3] [32m[I/mm.memblock]                    [0x00000000a4302000, 0x00000000a4303000][0m
[VM 3] [32m[I/mm.memblock] physical memory region [0x00000000a4303000-0x00000000b0000000] installed to system page[0m
[VM 3] [32m[I/mm.memblock] 198 MB memory installed to system page[0m
[VM 3] [32m[I/osi.psci] Using PSCI v1.1 Function IDs[0m
[VM 3] [32m[I/rtdm.ofw] Console: uart0 (<no-node>)[0m
[VM 3] 
[VM 3]  \ | /
[VM 3] - RT -     Thread Operating System
[VM 3]  / | \     5.2.2 build Aug 15 2026 23:02:18
[VM 3]  2006 - 2024 Copyright by RT-Thread team
[VM 3] lwIP-2.1.2 initialized!
[37m[  1.081618 0:19 axvisor::virtio_net:501] [33mvirtio-net drops an ingress frame: NotReady[m
[m[VM 3] [32m[I/sal.skt] Socket Abstraction Layer initialize success.[0m
[VM 3] [32m[I/rtdm.mnt] File system initialization done[0m
[37m[  1.102430 0:19 axvm::runtime::hvc:272] [32mVM[1] PSCI_CPU_ON target=0x1 entry=0x81e3f570 context=0x0[m
[m[37m[  1.103008 0:19 axvm::runtime::vcpus:343] [32mSpawning task for VM[1] VCpu[1][m
[m[37m[  1.103146 0:19 axvm::runtime::vcpus:360] [32mVCpu task Task(24, "VM[1]-VCpu[1]") created cpumask: [0, 1, ][m
[m[37m[  1.103572 0:24 axvm::runtime::vcpus:414] [32mVM[1] VCpu[1] waiting for running[m
[m[37m[  1.103979 0:24 axvm::runtime::vcpus:456] [32mVM[1] VCpu[1] running...[m
[m[VM 3] Axvisor RT-Thread guest ready
[VM 1] [    0.000000] Booting Linux on physical CPU 0x0000000000 [0x410fd083]
[VM 1] [    0.000000] Linux version 6.18.0-rc6-gfd95357fd8c6-dirty (runner@s1lqc) (aarch64-linux-gnu-gcc (Ubuntu 13.3.0-6ubuntu2~24.04) 13.3.0, GNU ld (GNU Binutils for Ubuntu) 2.42) #25 SMP PREEMPT Fri Mar 20 11:22:05 CST 2026
[VM 1] [    0.000000] KASLR disabled due to lack of seed
[VM 1] [    0.000000] Machine model: linux,dummy-virt
[VM 1] [    0.000000] efi: UEFI not found.
[VM 1] [    0.000000] OF: reserved mem: Reserved memory: No reserved-memory node in the DT
[VM 1] [    0.000000] NUMA: Faking a node at [mem 0x0000000080000000-0x000000009fffffff]
[VM 1] [    0.000000] NODE_DATA(0) allocated [mem 0x9ff06f40-0x9ff095bf]
[VM 1] [    0.000000] Zone ranges:
[VM 1] [    0.000000]   DMA      [mem 0x0000000080000000-0x000000009fffffff]
[VM 1] [    0.000000]   DMA32    empty
[VM 1] [    0.000000]   Normal   empty
[VM 1] [    0.000000] Movable zone start for each node
[VM 1] [    0.000000] Early memory node ranges
[VM 1] [    0.000000]   node   0: [mem 0x0000000080000000-0x000000009fffffff]
[VM 1] [    0.000000] Initmem setup node 0 [mem 0x0000000080000000-0x000000009fffffff]
[VM 1] [    0.000000] cma: Reserved 32 MiB at 0x000000009d600000
[VM 1] [    0.000000] psci: probing for conduit method from DT.
[VM 1] [    0.000000] psci: PSCIv1.1 detected in firmware.
[VM 1] [    0.000000] psci: Using standard PSCI v0.2 function IDs
[VM 1] [    0.000000] psci: Trusted OS migration not required
[VM 1] [    0.000000] psci: SMC Calling Convention v65535.65535
[VM 1] [    0.000000] percpu: Embedded 25 pages/cpu s62488 r8192 d31720 u102400
[VM 1] [    0.000000] Detected PIPT I-cache on CPU0
[VM 1] [    0.000000] CPU features: detected: GICv3 CPU interface
[VM 1] [    0.000000] CPU features: detected: Spectre-v2
[VM 1] [    0.000000] CPU features: detected: Spectre-v3a
[VM 1] [    0.000000] CPU features: detected: Spectre-v4
[VM 1] [    0.000000] CPU features: detected: Spectre-BHB
[VM 1] [    0.000000] CPU features: detected: ARM erratum 1742098
[VM 1] [    0.000000] CPU features: detected: ARM errata 1165522, 1319367, or 1530923
[VM 1] [    0.000000] alternatives: applying boot alternatives
[VM 1] [    0.000000] Kernel command line: 
[VM 1] [    0.000000] printk: log buffer data + meta data: 131072 + 458752 = 589824 bytes
[VM 1] [    0.000000] Dentry cache hash table entries: 65536 (order: 7, 524288 bytes, linear)
[VM 1] [    0.000000] Inode-cache hash table entries: 32768 (order: 6, 262144 bytes, linear)
[VM 1] [    0.000000] software IO TLB: SWIOTLB bounce buffer size adjusted to 0MB
[VM 1] [    0.000000] software IO TLB: area num 2.
[VM 1] [    0.000000] software IO TLB: mapped [mem 0x000000009d540000-0x000000009d5c0000] (0MB)
[VM 1] [    0.000000] Fallback order for Node 0: 0 
[VM 1] [    0.000000] Built 1 zonelists, mobility grouping on.  Total pages: 131072
[VM 1] [    0.000000] Policy zone: DMA
[VM 1] [    0.000000] mem auto-init: stack:all(zero), heap alloc:off, heap free:off
[VM 1] [    0.000000] SLUB: HWalign=64, Order=0-3, MinObjects=0, CPUs=2, Nodes=1
[VM 1] [    0.000000] rcu: Preemptible hierarchical RCU implementation.
[VM 1] [    0.000000] rcu: 	RCU event tracing is enabled.
[VM 1] [    0.000000] rcu: 	RCU restricting CPUs from NR_CPUS=512 to nr_cpu_ids=2.
[VM 1] [    0.000000] 	Trampoline variant of Tasks RCU enabled.
[VM 1] [    0.000000] 	Tracing variant of Tasks RCU enabled.
[VM 1] [    0.000000] rcu: RCU calculated value of scheduler-enlistment delay is 25 jiffies.
[VM 1] [    0.000000] rcu: Adjusting geometry for rcu_fanout_leaf=16, nr_cpu_ids=2
[VM 1] [    0.000000] RCU Tasks: Setting shift to 1 and lim to 1 rcu_task_cb_adjust=1 rcu_task_cpu_ids=2.
[VM 1] [    0.000000] RCU Tasks Trace: Setting shift to 1 and lim to 1 rcu_task_cb_adjust=1 rcu_task_cpu_ids=2.
[VM 1] [    0.000000] NR_IRQS: 64, nr_irqs: 64, preallocated irqs: 0
[VM 1] [    0.000000] GICv3: 256 SPIs implemented
[VM 1] [    0.000000] GICv3: 0 Extended SPIs implemented
[VM 1] [    0.000000] Root IRQ handler: gic_handle_irq
[VM 1] [    0.000000] GICv3: GICv3 features: 16 PPIs, RSS
[VM 1] [    0.000000] GICv3: GICD_CTLR.DS=0, SCR_EL3.FIQ=0
[VM 1] [    0.000000] GICv3: CPU0: found redistributor 0 region 0:0x00000000080a0000
[VM 1] [    0.000000] ITS [mem 0x08080000-0x0809ffff]
[VM 1] [    0.000000] ITS@0x0000000008080000: allocated 8192 Devices @83050000 (indirect, esz 8, psz 64K, shr 1)
[VM 1] [    0.000000] ITS@0x0000000008080000: allocated 8192 Interrupt Collections @83060000 (flat, esz 8, psz 64K, shr 1)
[VM 1] [    0.000000] GICv3: using LPI property table @0x0000000083070000
[VM 1] [    0.000000] GICv3: CPU0: using allocated LPI pending table @0x0000000083080000
[VM 1] [    0.000000] rcu: srcu_init: Setting srcu_struct sizes based on contention.
[VM 1] [    0.000000] arch_timer: cp15 timer running at 62.50MHz (virt).
[VM 1] [    0.000000] clocksource: arch_sys_counter: mask: 0x1ffffffffffffff max_cycles: 0x1cd42e208c, max_idle_ns: 881590405314 ns
[VM 1] [    0.000039] sched_clock: 57 bits at 63MHz, resolution 16ns, wraps every 4398046511096ns
[VM 1] [    0.003224] Console: colour dummy device 80x25
[VM 1] [    0.005958] printk: legacy console [tty0] enabled
[VM 1] [    0.008592] Calibrating delay loop (skipped), value calculated using timer frequency.. 125.00 BogoMIPS (lpj=250000)
[VM 1] [    0.008700] pid_max: default: 32768 minimum: 301
[VM 1] [    0.010186] LSM: initializing lsm=capability
[VM 1] [    0.012555] Mount-cache hash table entries: 1024 (order: 1, 8192 bytes, linear)
[VM 1] [    0.012601] Mountpoint-cache hash table entries: 1024 (order: 1, 8192 bytes, linear)
[VM 1] [    0.029772] /cpus/cpu-map/socket0/cluster0/core2: Can't get CPU for leaf core
[VM 1] [    0.031834] cacheinfo: Unable to detect cache hierarchy for CPU 0
[VM 1] [    0.039500] rcu: Hierarchical SRCU implementation.
[VM 1] [    0.039546] rcu: 	Max phase no-delay instances is 1000.
[VM 1] [    0.040309] Timer migration: 1 hierarchy levels; 8 children per group; 1 crossnode level
[VM 1] [    0.041449] fsl-mc MSI: its@8080000 domain created
[VM 1] [    0.042064] EFI services will not be available.
[VM 1] [    0.042534] smp: Bringing up secondary CPUs ...
[VM 1] [    0.047359] Detected PIPT I-cache on CPU1
[VM 1] [    0.048093] GICv3: CPU1: found redistributor 1 region 0:0x00000000080c0000
[VM 1] [    0.049483] GICv3: CPU1: using allocated LPI pending table @0x0000000083090000
[VM 1] [    0.050946] CPU1: Booted secondary processor 0x0000000001 [0x410fd083]
[VM 1] [    0.057966] smp: Brought up 1 node, 2 CPUs
[VM 1] [    0.058039] SMP: Total of 2 processors activated.
[VM 1] [    0.058063] CPU: All CPU(s) started at EL1
[VM 1] [    0.058230] CPU features: detected: 32-bit EL0 Support
[VM 1] [    0.058246] CPU features: detected: 32-bit EL1 Support
[VM 1] [    0.058287] CPU features: detected: CRC32 instructions
[VM 1] [    0.058395] CPU features: detected: PMUv3
[VM 1] [    0.092128] alternatives: applying system-wide alternatives
[VM 1] [    0.134255] Memory: 426520K/524288K available (17920K kernel code, 5422K rwdata, 12940K rodata, 11648K init, 690K bss, 62540K reserved, 32768K cma-reserved)
[VM 1] [    0.158009] devtmpfs: initialized
[VM 1] [    0.175174] clocksource: jiffies: mask: 0xffffffff max_cycles: 0xffffffff, max_idle_ns: 7645041785100000 ns
[VM 1] [    0.175919] posixtimers hash table entries: 1024 (order: 2, 16384 bytes, linear)
[VM 1] [    0.176110] futex hash table entries: 512 (32768 bytes on 1 NUMA nodes, total 32 KiB, linear).
[VM 1] [    0.177484] 20544 pages in range for non-PLT usage
[VM 1] [    0.177513] 512064 pages in range for PLT usage
[VM 1] [    0.180880] pinctrl core: initialized pinctrl subsystem
[VM 1] [    0.187691] DMI not present or invalid.
[VM 1] [    0.248209] NET: Registered PF_NETLINK/PF_ROUTE protocol family
[VM 1] [    0.258050] DMA: preallocated 128 KiB GFP_KERNEL pool for atomic allocations
[VM 1] [    0.259272] DMA: preallocated 128 KiB GFP_KERNEL|GFP_DMA pool for atomic allocations
[VM 1] [    0.261017] DMA: preallocated 128 KiB GFP_KERNEL|GFP_DMA32 pool for atomic allocations
[VM 1] [    0.261207] audit: initializing netlink subsys (disabled)
[VM 1] [    0.268303] thermal_sys: Registered thermal governor 'step_wise'
[VM 1] [    0.268337] thermal_sys: Registered thermal governor 'power_allocator'
[VM 1] [    0.268585] cpuidle: using governor menu
[VM 1] [    0.269242] hw-breakpoint: found 6 breakpoint and 4 watchpoint registers.
[VM 1] [    0.269993] audit: type=2000 audit(0.172:1): state=initialized audit_enabled=0 res=1
[VM 1] [    0.270937] ASID allocator initialised with 65536 entries
[VM 1] [    0.274674] Serial: AMBA PL011 UART driver
[VM 1] [    0.292998] 9000000.pl011: ttyAMA0 at MMIO 0x9000000 (irq = 13, base_baud = 0) is a PL011 rev1
[VM 1] [    0.297026] printk: console [ttyAMA0] enabled
[VM 1] [    0.427152] HugeTLB: registered 1.00 GiB page size, pre-allocated 0 pages
[VM 1] [    0.427193] HugeTLB: 0 KiB vmemmap can be freed for a 1.00 GiB page
[VM 1] [    0.427227] HugeTLB: registered 32.0 MiB page size, pre-allocated 0 pages
[VM 1] [    0.427240] HugeTLB: 0 KiB vmemmap can be freed for a 32.0 MiB page
[VM 1] [    0.427252] HugeTLB: registered 2.00 MiB page size, pre-allocated 0 pages
[VM 1] [    0.427263] HugeTLB: 0 KiB vmemmap can be freed for a 2.00 MiB page
[VM 1] [    0.427276] HugeTLB: registered 64.0 KiB page size, pre-allocated 0 pages
[VM 1] [    0.427287] HugeTLB: 0 KiB vmemmap can be freed for a 64.0 KiB page
[VM 1] [    0.602828] ACPI: Interpreter disabled.
[VM 1] [    0.652674] iommu: Default domain type: Translated
[VM 1] [    0.652727] iommu: DMA domain TLB invalidation policy: strict mode
[VM 1] [    0.664060] SCSI subsystem initialized
[VM 1] [    0.690594] usbcore: registered new interface driver usbfs
[VM 1] [    0.690787] usbcore: registered new interface driver hub
[VM 1] [    0.690875] usbcore: registered new device driver usb
[VM 1] [    0.691492] pps_core: LinuxPPS API ver. 1 registered
[VM 1] [    0.691512] pps_core: Software ver. 5.3.6 - Copyright 2005-2007 Rodolfo Giometti <giometti@linux.it>
[VM 1] [    0.691562] PTP clock support registered
[VM 1] [    0.691696] EDAC MC: Ver: 3.0.0
[VM 1] [    0.695914] scmi_core: SCMI protocol bus registered
[VM 1] [    0.697167] FPGA manager framework
[VM 1] [    0.704162] vgaarb: loaded
[VM 1] [    0.747998] clocksource: Switched to clocksource arch_sys_counter
[VM 3] msh />[32m[I/rtipic.srv] server starting on 192.168.77.30:9876[0m
[VM 1] [    0.748924] VFS: Disk quotas dquot_6.6.0
[VM 3] [32m[I/rtipic.srv] listening...[0m
[VM 1] [    0.748986] VFS: Dquot-cache hash table entries: 512 (order 0, 4096 bytes)
[VM 1] [    0.784999] pnp: PnP ACPI: disabled
[VM 1] [    0.893145] NET: Registered PF_INET protocol family
[VM 1] [    0.894182] IP idents hash table entries: 8192 (order: 4, 65536 bytes, linear)
[VM 1] [    0.913412] tcp_listen_portaddr_hash hash table entries: 256 (order: 0, 4096 bytes, linear)
[VM 1] [    0.913487] Table-perturb hash table entries: 65536 (order: 6, 262144 bytes, linear)
[VM 1] [    0.913536] TCP established hash table entries: 4096 (order: 3, 32768 bytes, linear)

[Axvisor] attached VM[3] console; use Ctrl+X, then h to return to the shell
rtbench_stability 10
RTBENCH_STABILITY_BEGIN seconds=10 expected=9999
msh />[32m[I/rtipic.srv] client connected[0m
[32m[I/rtipic.srv] stats: msgs=2463 bytes=146KB conn=1[0m
[32m[I/rtipic.srv] proto: state=3 tx=1222 rx=1222 retrans=0 timeouts=0 dup=0 reorder=0 errors=0 acks=1222[0m
RTBENCH metric=stability_jitter run=1 expected=9999 collected=9999 missing=0 p50_ns=43744 p95_ns=267840 p99_ns=330464 p99_9_ns=429568 max_ns=1258336 miss_100us=2042 miss_500us=2 miss_1ms=1 mean_ns=73647
RTBENCH metric=callback_exec run=1 expected=9999 collected=9999 missing=0 p50_ns=480 p95_ns=608 p99_ns=736 p99_9_ns=3504 max_ns=153344 miss_100us=2 miss_500us=0 miss_1ms=0 mean_ns=540
RTBENCH_STABILITY_END status=FAIL expected=9999 collected=9999 missing=0
RTBENCH_STABILITY_DONE

[Axvisor] attached VM[1] console; use Ctrl+X, then h to return to the shell
[    0.913656] TCP bind hash table entries: 4096 (order: 5, 131072 bytes, linear)
[    0.914450] TCP: Hash tables configured (established 4096 bind 4096)
[    0.915097] UDP hash table entries: 256 (order: 2, 16384 bytes, linear)
[    0.915235] UDP-Lite hash table entries: 256 (order: 2, 16384 bytes, linear)
[    0.936882] NET: Registered PF_UNIX/PF_LOCAL protocol family
[    0.947428] RPC: Registered named UNIX socket transport module.
[    0.947482] RPC: Registered udp transport module.
[    0.947496] RPC: Registered tcp transport module.
[    0.947509] RPC: Registered tcp-with-tls transport module.
[    0.947521] RPC: Registered tcp NFSv4.1 backchannel transport module.
[    0.947589] PCI: CLS 0 bytes, default 64
[    0.949703] Unpacking initramfs...
[    0.969070] Freeing initrd memory: 2876K
[    0.976181] kvm [1]: HYP mode not available
[    0.978314] Initialise system trusted keyrings
[    1.000449] workingset: timestamp_bits=42 max_order=17 bucket_order=0
[    1.001588] squashfs: version 4.0 (2009/01/31) Phillip Lougher
[    1.002995] NFS: Registering the id_resolver key type
[    1.003231] Key type id_resolver registered
[    1.003256] Key type id_legacy registered
[    1.003438] nfs4filelayout_init: NFSv4 File Layout Driver Registering...
[    1.003487] nfs4flexfilelayout_init: NFSv4 Flexfile Layout Driver Registering...
[    1.003955] 9p: Installing v9fs 9p2000 file system support
[    1.072650] Key type asymmetric registered
[    1.072710] Asymmetric key parser 'x509' registered
[    1.072893] Block layer SCSI generic (bsg) driver version 0.4 loaded (major 244)
[    1.072984] io scheduler mq-deadline registered
[    1.073027] io scheduler kyber registered
[    1.073217] io scheduler bfq registered
[    1.116174] ledtrig-cpu: registered to indicate activity on CPUs
[    1.251246] Serial: 8250/16550 driver, 4 ports, IRQ sharing enabled
[    1.254757] msm_serial: driver initialized
[    1.254997] SuperH (H)SCI(F) driver initialized
[    1.255069] STM32 USART driver initialized
[    1.351910] loop: module loaded
[    1.353105] megasas: 07.734.00.00-rc1
[    1.372776] tun: Universal TUN/TAP device driver, 1.6
[    1.478588] thunder_xcv, ver 1.0
[    1.478681] thunder_bgx, ver 1.0
eth0      Link encap:Ethernet  HWaddr 34:54:00:4D:00:01  [    1.478744] nicpf, ver 1.0
[    1.484307] e1000: Intel(R) PRO/1000 Network Driver
[    1.484344] e1000: Copyright (c) 1999-2006 Intel Corporation.

[    1.484483] e1000e: Intel(R) PRO/1000 Network Driver
[    1.484499] e1000e: Copyright(c) 1999 - 2015 Intel Corporation.
          BROADCAST MULTICAST  MTU:1500  Metric:1[    1.484562] igb: Intel(R) Gigabit Ethernet Network Driver
[    1.484576] igb: Copyright (c) 2007-2014 Intel Corporation.

[    1.484636] igbvf: Intel(R) Gigabit Virtual Function Network Driver
[    1.484650] igbvf: Copyright (c) 2009 - 2012 Intel Corporation.
[    1.484926] sky2: driver version 1.30
          RX packets:0 errors:0 dropped:0 overruns:0 frame:0[    1.497647] VFIO - User Level meta-driver version: 0.3
[    1.512683] usbcore: registered new interface driver usb-storage

[    1.515012] i2c_dev: i2c /dev entries driver
[    1.529451] sdhci: Secure Digital Host Controller Interface driver
[    1.529487] sdhci: Copyright(c) Pierre Ossman
[    1.529851] Synopsys Designware Multimedia Card Interface Driver
[    1.530307] sdhci-pltfm: SDHCI platform and OF driver helper
          TX packets:0 errors:0 dropped:0 overruns:0 carrier:0[    1.532315] SMCCC: SOC_ID: ARCH_SOC_ID not implemented, skipping ....
[    1.533578] usbcore: registered new interface driver usbhid

[    1.533598] usbhid: USB HID core driver
[    1.562714] NET: Registered PF_PACKET protocol family
[    1.563425] 9pnet: Installing 9P2000 support
          collisions:0 txqueuelen:1000 [    1.563587] Key type dns_resolver registered
[    1.632938] registered taskstats version 1

[    1.635118] Loading compiled-in X.509 certificates
[    1.685990] Demotion targets for Node 0: null
[    1.706355] clk: Disabling unused clocks
          RX bytes:0 (0.0 B)  TX bytes:0 (0.0 B)[    1.706501] PM: genpd: Disabling unused power domains
[    1.954305] Freeing unused kernel memory: 11648K

[    1.987565] Run /init as init process

lo        Link encap:Local Loopback  
          LOOPBACK  MTU:65536  Metric:1
          RX packets:0 errors:0 dropped:0 overruns:0 frame:0
          TX packets:0 errors:0 dropped:0 overruns:0 carrier:0
          collisions:0 txqueuelen:1000 
          RX bytes:0 (0.0 B)  TX bytes:0 (0.0 B)

Linux network guest ready: 192.168.77.11/24
eth0      Link encap:Ethernet  HWaddr 34:54:00:4D:00:01  
          inet addr:192.168.77.11  Bcast:0.0.0.0  Mask:255.255.255.0
          UP BROADCAST RUNNING MULTICAST  MTU:1500  Metric:1
          RX packets:0 errors:0 dropped:0 overruns:0 frame:0
          TX packets:0 errors:0 dropped:0 overruns:0 carrier:0
          collisions:0 txqueuelen:1000 
          RX bytes:0 (0.0 B)  TX bytes:0 (0.0 B)

PING 192.168.77.30 (192.168.77.30): 56 data bytes
64 bytes from 192.168.77.30: seq=0 ttl=255 time=13.322 ms

--- 192.168.77.30 ping statistics ---
1 packets transmitted, 1 packets received, 0% packet loss
round-trip min/avg/max = 13.322/13.322/13.322 ms
Linux reached RT-Thread at 192.168.77.30
Linux network counters before RT-IPC:
Ip: Forwarding DefaultTTL InReceives InHdrErrors InAddrErrors ForwDatagrams InUnknownProtos InDiscards InDelivers OutRequests OutDiscards OutNoRoutes ReasmTimeout ReasmReqds ReasmOKs ReasmFails FragOKs FragFails FragCreates OutTransmits
Ip: 2 64 1 0 0 0 0 0 1 1 0 0 0 0 0 0 0 0 0 1
Icmp: InMsgs InErrors InCsumErrors InDestUnreachs InTimeExcds InParmProbs InSrcQuenchs InRedirects InEchos InEchoReps InTimestamps InTimestampReps InAddrMasks InAddrMaskReps OutMsgs OutErrors OutRateLimitGlobal OutRateLimitHost OutDestUnreachs OutTimeExcds OutParmProbs OutSrcQuenchs OutRedirects OutEchos OutEchoReps OutTimestamps OutTimestampReps OutAddrMasks OutAddrMaskReps
Icmp: 1 0 0 0 0 0 0 0 0 1 0 0 0 0 1 0 0 0 0 0 0 0 0 1 0 0 0 0 0
IcmpMsg: InType0 OutType8
IcmpMsg: 1 1
Tcp: RtoAlgorithm RtoMin RtoMax MaxConn ActiveOpens PassiveOpens AttemptFails EstabResets CurrEstab InSegs OutSegs RetransSegs InErrs OutRsts InCsumErrors
Tcp: 1 200 120000 -1 0 0 0 0 0 0 0 0 0 0 0
Udp: InDatagrams NoPorts InErrors OutDatagrams RcvbufErrors SndbufErrors InCsumErrors IgnoredMulti MemErrors
Udp: 0 0 0 0 0 0 0 0 0
UdpLite: InDatagrams NoPorts InErrors OutDatagrams RcvbufErrors SndbufErrors InCsumErrors IgnoredMulti MemErrors
UdpLite: 0 0 0 0 0 0 0 0 0
Starting RT-IPC benchmark...
=== RT-IPC Benchmark Client ===
Target: 192.168.77.30:9876, count=1000 per size

[client] fault profile: none
[client] connecting...
[client] connected!

--- Payload 64B ---
[client] fault injection: force disconnect at request=500
[client] reconnect complete recovery_ms=216 attempts=1
[progress] size=64 idx=944 sent=945 recv=945 state=3 tx=945 rx=945 retrans=0 timeouts=0 dup=0 reorder=0 errors=0 acks=945 stall=0ms
  sent=1000  recv=1000  loss=0%
  RTT: min=0ms avg=4ms max=23ms P50=2ms P95=23ms P99=23ms P99.9=23ms
  throughput=11.71KiB/s
  request_timeouts=0 protocol_errors=0 reconnects=1
  transport: retrans=0 timeouts=0 dup=0 reorder=0 errors=0

--- Payload 256B ---
[progress] size=256 idx=900 sent=901 recv=901 state=3 tx=1901 rx=1901 retrans=0 timeouts=0 dup=0 reorder=0 errors=0 acks=1901 stall=0ms
  sent=1000  recv=1000  loss=0%
  RTT: min=1ms avg=5ms max=111ms P50=2ms P95=23ms P99=23ms P99.9=27ms
  throughput=44.82KiB/s
  request_timeouts=0 protocol_errors=0 reconnects=0
  transport: retrans=0 timeouts=0 dup=0 reorder=0 errors=0

--- Payload 1024B ---
[progress] size=1024 idx=990 sent=991 recv=991 state=3 tx=2991 rx=2991 retrans=0 timeouts=0 dup=0 reorder=0 errors=0 acks=2991 stall=0ms
  sent=1000  recv=1000  loss=0%
  RTT: min=1ms avg=4ms max=24ms P50=2ms P95=23ms P99=23ms P99.9=23ms
  throughput=198.49KiB/s
  request_timeouts=0 protocol_errors=0 reconnects=0
  transport: retrans=0 timeouts=0 dup=0 reorder=0 errors=0

========================================
ALL TESTS COMPLETE
========================================
RT-IPC client exited with rc=0
Linux network counters after RT-IPC:
Ip: Forwarding DefaultTTL InReceives InHdrErrors InAddrErrors ForwDatagrams InUnknownProtos InDiscards InDelivers OutRequests OutDiscards OutNoRoutes ReasmTimeout ReasmReqds ReasmOKs ReasmFails FragOKs FragFails FragCreates OutTransmits
Ip: 2 64 6049 0 0 0 0 0 6049 6050 0 0 0 0 0 0 0 0 0 6050
Icmp: InMsgs InErrors InCsumErrors InDestUnreachs InTimeExcds InParmProbs InSrcQuenchs InRedirects InEchos InEchoReps InTimestamps InTimestampReps InAddrMasks InAddrMaskReps OutMsgs OutErrors OutRateLimitGlobal OutRateLimitHost OutDestUnr