root=/dev/nvme0n1 rw init=/bin/sh
VM Load @PA:0x40200000
VM Load Offset: 0xffff0000c0200000
Memory Map:
  Free   0x00000040000000 - 0x00000040200000 (2 MiB)
  KImg   0x00000040200000 - 0x00000043a00000 (56 MiB)
  Free   0x00000043a00000 - 0x00000240000000 (7.94 GiB)
Initialize RAM allocator: 0x43a00000..0x240000000
Reserving CPU-local areas
CPU-local area stride: 0x44000 bytes
Total CPU-local allocation: 0x110000 bytes (4 CPUs)
Flushed RAM used range to memory map: 0x43a00000..0x43b00000, current: 0x43b00000
Flushed RAM used range to memory map: 0x43b00000..0x43c10000, current: 0x43c10000
CPU-local areas allocated at 0x43b00000 - 0x43c10000
EL: 2
Mapping early memory regions...
Ram                 : [0x0000000040000000, 0x0000000240000000) -> [0x0000000040000000, 0x0000000240000000) (8 GiB)
KImage              : [0x0000ffff80000000, 0x0000ffff83800000) -> [0x0000000040200000, 0x0000000043a00000) (56 MiB)
PerCpu              : [0x0000ff0043b00000, 0x0000ff0043c10000) -> [0x0000000043b00000, 0x0000000043c10000) (1.06 MiB)
Debug serial        : [0x0000000009000000, 0x0000000009001000) -> [0x0000000009000000, 0x0000000009001000) (4 KiB)
Boot page table at physical address: PA:0x43c10000
Setting up table registers...
MMU Entry point at physical address: 0x4045c500
Trap vector at 0xffff80260000
Memory Map:
  MMIO   0x00000009000000 - 0x00000009001000 (4 KiB)
  Free   0x00000040000000 - 0x00000040200000 (2 MiB)
  KImg   0x00000040200000 - 0x00000043a00000 (56 MiB)
  Rsv    0x00000043a00000 - 0x00000043b00000 (1 MiB)
  PerCPU 0x00000043b00000 - 0x00000043c10000 (1.06 MiB)
  Rsv    0x00000043c10000 - 0x00000043c1a000 (40 KiB)
  Free   0x00000043c1a000 - 0x00000240000000 (7.94 GiB)
Jumping to main entry point at 0xffff8024432c with SP 0x0000ff0043b44000

       d8888                            .d88888b.   .d8888b.
      d88888                           d88P" "Y88b d88P  Y88b
     d88P888                           888     888 Y88b.
    d88P 888 888d888  .d8888b  .d88b.  888     888  "Y888b.
   d88P  888 888P"   d88P"    d8P  Y8b 888     888     "Y88b.
  d88P   888 888     888      88888888 888     888       "888
 d8888888888 888     Y88b.    Y8b.     Y88b. .d88P Y88b  d88P
d88P     888 888      "Y8888P  "Y8888   "Y88888P"   "Y8888P"

arch = aarch64
platform = linux,dummy-virt
target = aarch64-unknown-none-softfloat
build_mode = 
log_level = info
backtrace = false
smp = 3

[37m[  0.049402 ax_runtime:220] [32mLogging is enabled.[m
[m[37m[  0.049687 ax_runtime:221] [32mPrimary CPU 0 started, arg = 0x43a00000.[m
[m[37m[  0.049769 ax_runtime:223] [32mFound physcial memory regions:[m
[m[37m[  0.050479 ax_runtime:225] [32m  [PA:0x9000000, PA:0x9001000) mmio (READ | WRITE | DEVICE | RESERVED)[m
[m[37m[  0.050651 ax_runtime:225] [32m  [PA:0x40000000, PA:0x40200000) free memory (READ | WRITE | FREE)[m
[m[37m[  0.050760 ax_runtime:225] [32m  [PA:0x40200000, PA:0x43a00000) reserved (READ | WRITE | EXECUTE | RESERVED)[m
[m[37m[  0.050859 ax_runtime:225] [32m  [PA:0x43a00000, PA:0x43b00000) reserved (READ | WRITE | EXECUTE | RESERVED)[m
[m[37m[  0.050954 ax_runtime:225] [32m  [PA:0x43b00000, PA:0x43c10000) reserved (READ | WRITE | EXECUTE | RESERVED)[m
[m[37m[  0.051048 ax_runtime:225] [32m  [PA:0x43c10000, PA:0x43c1a000) reserved (READ | WRITE | EXECUTE | RESERVED)[m
[m[37m[  0.051144 ax_runtime:225] [32m  [PA:0x43c1a000, PA:0x240000000) free memory (READ | WRITE | FREE)[m
[m[37m[  0.051246 ax_runtime:373] [32mInitialize global memory allocator...[m
[m[37m[  0.051328 ax_runtime:374] [32m  use buddy-slab-allocator allocator.[m
[m[37m[  0.051472 ax_alloc::buddy_slab:158] [32mInitialize global memory allocator, start_vaddr: 0x43c1a000, size: 0x1fc3e6000[m
[m[37m[  0.056635 ax_alloc::buddy_slab:424] [32mglobal allocator initialized[m
[m[37m[  0.056762 ax_alloc::buddy_slab:168] [32mAdd memory region, start_vaddr: 0x40000000, size: 0x200000[m
[m[37m[  0.056892 buddy_slab_allocator::global:151] [32mGlobalAllocator: skip region 0x40000000+0x200000, no allocator-visible memory after 2097152 alignment[m
[m[37m[  0.057142 ax_runtime:260] [32mkernel aspace: [VA:0x0, VA:0xffffffffffffffff)[m
[m[37m[  0.057271 ax_mm:103] [32mInitialize virtual memory management...[m
[m[37m[  0.590897 ax_runtime:272] [32mInitialize platform devices...[m
[m[37m[  0.596000 someboot::arch::power:23] [32mPower management method : SMC[m
[m[37m[  0.596159 somehal::driver:5] [32mInitializing rdrive with FDT at 0x43a00000[m
[m[37m[  0.606715 somehal::arch::gic::v3:284] [32mGICv3 CPU 0 EOI mode: two_step=true[m
[m[37m[  0.612310 ax_task::api:137] [32mInitialize scheduling...[m
[m[37m[  0.613368 ax_task::api:145] [32m  use Round-robin scheduler.[m
[m[37m[  0.613640 ax_runtime:298] [32mInitialize interrupt handlers...[m
[m[37m[  0.615331 ax_runtime::devices:2] [32mProbe platform devices...[m
[m[37m[  0.636812 ax_driver::block::nvme:42] [32mNVMe PCI endpoint 0000:00:01.0: BAR0=0x8000000000..0x8000004000, int_pin=1, int_line=0[m
[m[37m[  0.647193 nvme_driver::nvme:161] [32mNVME @0x8000000000 deferred init, version: 1.4.0[m
[m[37m[  0.647691 ax_driver::block::nvme:74] [32mNVMe block device registered at 0000:00:01.0 with 65 MSI-X vectors[m
[m[37m[  0.652191 ax_fs_ng::block::runtime::lifecycle::device:300] [32mblock device nvme IRQ source 0 (IrqId { domain: IrqDomainId(9), hwirq: HwIrq(0) }) fixed to CPU 0 for queue mask 0x0[m
[m[37m[  0.669389 ax_fs_ng::block::runtime::hctx:177] [32mblock hctx 0 bound to CPU 0 with hardware depth 63[m
[m[37m[  0.669794 ax_fs_ng::block::runtime::lifecycle::device:300] [32mblock device nvme IRQ source 1 (IrqId { domain: IrqDomainId(9), hwirq: HwIrq(1) }) fixed to CPU 0 for queue mask 0x1[m
[m[37m[  0.675201 ax_fs_ng::root:341] [32m    raw device fs=Some(Ext4)[m
[m[37m[  0.675385 ax_fs_ng::root:372] [32m  block device 0 (nvme) has no usable partition table; treating the whole disk as a candidate[m
[m[37m[  0.675720 ax_fs_ng::root:481] [32m  matched root by raw device path on disk0 raw device[m
[m[37m[  0.676070 ax_fs_ng:86] [32mInitialize filesystem subsystem...[m
[m[37m[  0.676147 ax_fs_ng:87] [32m  selected root device: disk0 raw device[m
[m[37m[  0.678673 rsext4::crc32c::arm64:54] [33mID_AA64ISAR0_EL1[19:16]: 0x1[m
[m[37m[  0.678770 rsext4::crc32c::arm64:57] [33mHardware CRC32C support detected.[m
[m[37m[  0.683960 rsext4::ext4::mount:331] [32m/lost+found exists (superblock hint inode=11)[m
[m[37m[  0.684888 rsext4::ext4::mount:466] [32mExt4 filesystem mounted[m
[m[37m[  0.685002 rsext4::ext4::mount:467] [32m  - block size: 4096 bytes[m
[m[37m[  0.685085 rsext4::ext4::mount:468] [32m  - total blocks: 8192[m
[m[37m[  0.685160 rsext4::ext4::mount:469] [32m  - free blocks: 1226[m
[m[37m[  0.685234 rsext4::ext4::mount:470] [32m  - total inodes: 8192[m
[m[37m[  0.685312 rsext4::ext4::mount:471] [32m  - free inodes: 8151[m
[m[37m[  0.685395 rsext4::ext4::sync:13] [32mSyncing filesystem...[m
[m[37m[  0.691214 rsext4::ext4::mount:550] [32mExt4 filesystem mounted[m
[m[37m[  0.691635 ax_fs_ng:99] [32m  filesystem type: "ext4"[m
[m[37m[  0.698965 somehal::arch::gic::v3:284] [32mGICv3 CPU 1 EOI mode: two_step=true[m
[m[37m[  0.699425 ax_runtime::mp:79] [32mSecondary CPU 1 started.[m
[m[37m[  0.699959 ax_runtime::mp:110] [32mSecondary CPU 1 init OK.[m
[m[37m[  0.705615 somehal::arch::gic::v3:284] [32mGICv3 CPU 2 EOI mode: two_step=true[m
[m[37m[  0.705776 ax_runtime::mp:79] [32mSecondary CPU 2 started.[m
[m[37m[  0.705812 ax_runtime:346] [32mPrimary CPU 0 init OK.[m
[m[37m[  0.705994 ax_runtime::mp:110] [32mSecondary CPU 2 init OK.[m
[m[37m[  0.712309 0:4 ax_fs_ng::block::runtime::hctx:177] [32mblock hctx 1 bound to CPU 1 with hardware depth 63[m
[m[37m[  0.712490 0:4 ax_fs_ng::block::runtime::hctx:177] [32mblock hctx 2 bound to CPU 2 with hardware depth 63[m
[m[37m[  0.712779 0:4 ax_fs_ng::block::runtime::lifecycle::device:300] [32mblock device nvme IRQ source 2 (IrqId { domain: IrqDomainId(9), hwirq: HwIrq(2) }) fixed to CPU 1 for queue mask 0x2[m
[m[37m[  0.713033 0:4 ax_fs_ng::block::runtime::lifecycle::device:300] [32mblock device nvme IRQ source 3 (IrqId { domain: IrqDomainId(9), hwirq: HwIrq(3) }) fixed to CPU 2 for queue mask 0x4[m
[m[37m[  0.714344 0:2 ax_fs_ng::block::runtime::lifecycle::device:385] [32mblock device nvme online with 3 hctxs across 3 CPUs[m
[m

       d8888            888     888  d8b
      d88888            888     888  Y8P
     d88P888            888     888
    d88P 888  888  888  Y88b   d88P  888  .d8888b    .d88b.   888d888
   d88P  888  `Y8bd8P'   Y88b d88P   888  88K       d88""88b  888P"
  d88P   888    X88K      Y88o88P    888  "Y8888b.  888  888  888
 d8888888888  .d8""8b.     Y888P     888       X88  Y88..88P  888
d88P     888  888  888      Y8P      888   88888P'   "Y88P"   888


by AxVisor Team

[37m[  0.716359 0:2 axvisor:73] [32mStarting virtualization...[m
[m[37m[  0.716479 0:2 axvm::host::arceos:349] [32mEnabling hardware virtualization support on all cores...[m
[m[37m[  0.716627 0:2 axvm::host::arceos:355] [32mCore 0 is initializing hardware virtualization support...[m
[m[37m[  0.716741 0:2 axvm::timer:318] [32mInitializing AxVM timer wheel...[m
[m[37m[  0.720943 0:2 axvm::host::arceos:357] [32mHardware virtualization support enabled on core 0[m
[m[37m[  0.721356 1:15 axvm::host::arceos:367] [32mCore 1 is initializing hardware virtualization support...[m
[m[37m[  0.721406 0:2 axvm::host::arceos:383] [32mWaiting for all cores to enable hardware virtualization...[m
[m[37m[  0.721438 2:16 axvm::host::arceos:367] [32mCore 2 is initializing hardware virtualization support...[m
[m[37m[  0.721547 1:15 axvm::timer:318] [32mInitializing AxVM timer wheel...[m
[m[37m[  0.721759 2:16 axvm::timer:318] [32mInitializing AxVM timer wheel...[m
[m[37m[  0.722261 2:16 axvm::host::arceos:370] [32mHardware virtualization support enabled on core 2[m
[m[37m[  0.722285 1:15 axvm::host::arceos:370] [32mHardware virtualization support enabled on core 1[m
[m[37m[  0.722618 0:2 axvm::host::arceos:399] [32mAll cores have enabled hardware virtualization support.[m
[m[37m[  0.726101 0:2 axvisor::manager:143] [32mNOT find dir: /guest/vm_default in filesystem[m
[m[37m[  0.726281 0:2 axvisor::config:90] [32mUsing static VM configs.[m
[m[37m[  0.739282 0:2 axvm::arch::aarch64::fdt::core:79] [32mVM[1] virtual GIC follows host firmware resources: GuestGicProfile { compatible: "arm,gic-v3", node_path: "/intc@8000000", node_phandle: Some(32773), distributor: GuestMmioRegion { base: 134217728, length: 65536 }, cpu_region: Redistributors(GuestGicRedistributorProfile { regions: [GuestMmioRegion { base: 134873088, length: 16121856 }], stride: 131072 }), its: [GuestItsProfile { id: ItsId(0), node_path: "/intc@8000000/its@8080000", node_phandle: Some(32774), registers: GuestMmioRegion { base: 134742016, length: 131072 } }] }[m
[m[37m[  0.741620 0:2 axvm::arch::aarch64::fdt::core:93] [32mVM[1] architectural timer follows host firmware PPIs[m
[m[37m[  0.745929 0:2 axvm::arch::aarch64::fdt::core::parser:442] [32mCPU node: /cpus/cpu@0, node_id: 0x0, hardware_cpu_id: 0x0[m
[m[37m[  0.746122 0:2 axvm::arch::aarch64::fdt::core::parser:442] [32mCPU node: /cpus/cpu@1, node_id: 0x1, hardware_cpu_id: 0x1[m
[m[37m[  0.746264 0:2 axvm::arch::aarch64::fdt::core::parser:442] [32mCPU node: /cpus/cpu@2, node_id: 0x2, hardware_cpu_id: 0x2[m
[m[37m[  0.746392 0:2 axvm::arch::aarch64::fdt::core::parser:442] [32mCPU node: /cpus/cpu@3, node_id: 0x3, hardware_cpu_id: 0x3[m
[m[37m[  0.746570 0:2 axvm::arch::aarch64::fdt::core::parser:449] [32mFound 4 host CPU nodes[m
[m[37m[  0.746931 0:2 axvm::arch::aarch64::fdt::core:144] [32mVM[1] DTB not found, generating from the VM configuration[m
[m[37m[  0.759740 0:2 axvm::arch::aarch64::fdt::core::device:96] [32mFound excluded devices: ["/virtio_mmio@a000000", "/virtio_mmio@a000200", "/virtio_mmio@a000400", "/virtio_mmio@a000600", "/virtio_mmio@a000800", "/virtio_mmio@a000a00", "/virtio_mmio@a000c00", "/virtio_mmio@a000e00", "/virtio_mmio@a001000", "/virtio_mmio@a001200", "/virtio_mmio@a001400", "/virtio_mmio@a001600", "/virtio_mmio@a001800", "/virtio_mmio@a001a00", "/virtio_mmio@a001c00", "/virtio_mmio@a001e00", "/virtio_mmio@a002000", "/virtio_mmio@a002200", "/virtio_mmio@a002400", "/virtio_mmio@a002600", "/virtio_mmio@a002800", "/virtio_mmio@a002a00", "/virtio_mmio@a002c00", "/virtio_mmio@a002e00", "/virtio_mmio@a003000", "/virtio_mmio@a003200", "/virtio_mmio@a003400", "/virtio_mmio@a003600", "/virtio_mmio@a003800", "/virtio_mmio@a003a00", "/virtio_mmio@a003c00", "/virtio_mmio@a003e00", "/pcie@10000000", "/pl061@9030000", "/pl031@9010000", "/gpio-key-poweroff", "/intc@8000000", "/pl011@9000000", "/timer", "/intc@8000000/its@8080000"][m
[m[37m[  0.768385 0:2 axvm::arch::aarch64::fdt::core::device:96] [32mFound excluded devices: ["/virtio_mmio@a000000", "/virtio_mmio@a000200", "/virtio_mmio@a000400", "/virtio_mmio@a000600", "/virtio_mmio@a000800", "/virtio_mmio@a000a00", "/virtio_mmio@a000c00", "/virtio_mmio@a000e00", "/virtio_mmio@a001000", "/virtio_mmio@a001200", "/virtio_mmio@a001400", "/virtio_mmio@a001600", "/virtio_mmio@a001800", "/virtio_mmio@a001a00", "/virtio_mmio@a001c00", "/virtio_mmio@a001e00", "/virtio_mmio@a002000", "/virtio_mmio@a002200", "/virtio_mmio@a002400", "/virtio_mmio@a002600", "/virtio_mmio@a002800", "/virtio_mmio@a002a00", "/virtio_mmio@a002c00", "/virtio_mmio@a002e00", "/virtio_mmio@a003000", "/virtio_mmio@a003200", "/virtio_mmio@a003400", "/virtio_mmio@a003600", "/virtio_mmio@a003800", "/virtio_mmio@a003a00", "/virtio_mmio@a003c00", "/virtio_mmio@a003e00", "/pcie@10000000", "/pl061@9030000", "/pl031@9010000", "/gpio-key-poweroff", "/intc@8000000", "/pl011@9000000", "/timer", "/intc@8000000/its@8080000"][m
[m[37m[  0.770211 0:2 axvisor::config:137] [32mCreating VM[1] "linux-net"[m
[m[37m[  0.770673 0:2 axvm::arch::aarch64::vgic::plan:214] [32massigned_spis: 0 passthrough interrupts configured[m
[m[37m[  0.782416 0:2 axvm::vm:821] [32mVM created: id=1[m
[m[37m[  0.783389 0:2 axvisor::config:149] [32mVM[1] created success, loading images...[m
[m[37m[  0.874694 0:2 axvm::boot::images:137] [32mLoading ramdisk image from memory (2948608 bytes) into GPA @0x8c000000[m
[m[37m[  0.891782 0:2 axdevice::device:1232] [32mDeviceRuntime: registered device id=0[m
[m[37m[  0.892096 0:2 axdevice::device:1232] [32mDeviceRuntime: registered device id=1[m
[m[37m[  0.892235 0:2 axdevice::device:1232] [32mDeviceRuntime: registered device id=2[m
[m[37m[  0.893495 0:2 axdevice::device:1232] [32mDeviceRuntime: registered device id=3[m
[m[37m[  0.894864 0:2 axdevice::device:1232] [32mDeviceRuntime: registered device id=4[m
[m[37m[  0.897449 0:2 axvm::vm::prepare:82] [32mVM setup: id=1[m
[m[37m[  0.900897 0:2 axvm::arch::aarch64::fdt::core:79] [32mVM[3] virtual GIC follows host firmware resources: GuestGicProfile { compatible: "arm,gic-v3", node_path: "/intc@8000000", node_phandle: Some(32773), distributor: GuestMmioRegion { base: 134217728, length: 65536 }, cpu_region: Redistributors(GuestGicRedistributorProfile { regions: [GuestMmioRegion { base: 134873088, length: 16121856 }], stride: 131072 }), its: [GuestItsProfile { id: ItsId(0), node_path: "/intc@8000000/its@8080000", node_phandle: Some(32774), registers: GuestMmioRegion { base: 134742016, length: 131072 } }] }[m
[m[37m[  0.901511 0:2 axvm::arch::aarch64::fdt::core:93] [32mVM[3] architectural timer follows host firmware PPIs[m
[m[37m[  0.905083 0:2 axvm::arch::aarch64::fdt::core::parser:442] [32mCPU node: /cpus/cpu@0, node_id: 0x0, hardware_cpu_id: 0x0[m
[m[37m[  0.905217 0:2 axvm::arch::aarch64::fdt::core::parser:442] [32mCPU node: /cpus/cpu@1, node_id: 0x1, hardware_cpu_id: 0x1[m
[m[37m[  0.905346 0:2 axvm::arch::aarch64::fdt::core::parser:442] [32mCPU node: /cpus/cpu@2, node_id: 0x2, hardware_cpu_id: 0x2[m
[m[37m[  0.905470 0:2 axvm::arch::aarch64::fdt::core::parser:442] [32mCPU node: /cpus/cpu@3, node_id: 0x3, hardware_cpu_id: 0x3[m
[m[37m[  0.905617 0:2 axvm::arch::aarch64::fdt::core::parser:449] [32mFound 4 host CPU nodes[m
[m[37m[  0.905717 0:2 axvm::arch::aarch64::fdt::core:144] [32mVM[3] DTB not found, generating from the VM configuration[m
[m[37m[  0.914284 0:2 axvm::arch::aarch64::fdt::core::device:96] [32mFound excluded devices: ["/virtio_mmio@a000000", "/virtio_mmio@a000200", "/virtio_mmio@a000400", "/virtio_mmio@a000600", "/virtio_mmio@a000800", "/virtio_mmio@a000a00", "/virtio_mmio@a000c00", "/virtio_mmio@a000e00", "/virtio_mmio@a001000", "/virtio_mmio@a001200", "/virtio_mmio@a001400", "/virtio_mmio@a001600", "/virtio_mmio@a001800", "/virtio_mmio@a001a00", "/virtio_mmio@a001c00", "/virtio_mmio@a001e00", "/virtio_mmio@a002000", "/virtio_mmio@a002200", "/virtio_mmio@a002400", "/virtio_mmio@a002600", "/virtio_mmio@a002800", "/virtio_mmio@a002a00", "/virtio_mmio@a002c00", "/virtio_mmio@a002e00", "/virtio_mmio@a003000", "/virtio_mmio@a003200", "/virtio_mmio@a003400", "/virtio_mmio@a003600", "/virtio_mmio@a003800", "/virtio_mmio@a003a00", "/virtio_mmio@a003c00", "/virtio_mmio@a003e00", "/pcie@10000000", "/pl061@9030000", "/pl031@9010000", "/gpio-key-poweroff", "/intc@8000000", "/pl011@9000000", "/timer", "/intc@8000000/its@8080000"][m
[m[37m[  0.920667 0:2 axvm::arch::aarch64::fdt::core::device:96] [32mFound excluded devices: ["/virtio_mmio@a000000", "/virtio_mmio@a000200", "/virtio_mmio@a000400", "/virtio_mmio@a000600", "/virtio_mmio@a000800", "/virtio_mmio@a000a00", "/virtio_mmio@a000c00", "/virtio_mmio@a000e00", "/virtio_mmio@a001000", "/virtio_mmio@a001200", "/virtio_mmio@a001400", "/virtio_mmio@a001600", "/virtio_mmio@a001800", "/virtio_mmio@a001a00", "/virtio_mmio@a001c00", "/virtio_mmio@a001e00", "/virtio_mmio@a002000", "/virtio_mmio@a002200", "/virtio_mmio@a002400", "/virtio_mmio@a002600", "/virtio_mmio@a002800", "/virtio_mmio@a002a00", "/virtio_mmio@a002c00", "/virtio_mmio@a002e00", "/virtio_mmio@a003000", "/virtio_mmio@a003200", "/virtio_mmio@a003400", "/virtio_mmio@a003600", "/virtio_mmio@a003800", "/virtio_mmio@a003a00", "/virtio_mmio@a003c00", "/virtio_mmio@a003e00", "/pcie@10000000", "/pl061@9030000", "/pl031@9010000", "/gpio-key-poweroff", "/intc@8000000", "/pl011@9000000", "/timer", "/intc@8000000/its@8080000"][m
[m[37m[  0.922142 0:2 axvisor::config:137] [32mCreating VM[3] "rtthread-net"[m
[m[37m[  0.922236 0:2 axvm::arch::aarch64::vgic::plan:214] [32massigned_spis: 0 passthrough interrupts configured[m
[m[37m[  0.923521 0:2 axvm::vm:821] [32mVM created: id=3[m
[m[37m[  0.923680 0:2 axvisor::config:149] [32mVM[3] created success, loading images...[m
[m[37m[  0.928475 0:2 axdevice::device:1232] [32mDeviceRuntime: registered device id=0[m
[m[37m[  0.928567 0:2 axdevice::device:1232] [32mDeviceRuntime: registered device id=1[m
[m[37m[  0.928646 0:2 axdevice::device:1232] [32mDeviceRuntime: registered device id=2[m
[m[37m[  0.928802 0:2 axdevice::device:1232] [32mDeviceRuntime: registered device id=3[m
[m[37m[  0.929231 0:2 axdevice::device:1232] [32mDeviceRuntime: registered device id=4[m
[m[37m[  0.929422 0:2 axvm::vm::prepare:82] [32mVM setup: id=3[m
[m[37m[  0.929600 0:2 axvm::runtime:42] [32mInitializing VMM...[m
[m[37m[  0.930102 0:2 axvm::runtime:53] [32mVMM starting, booting VMs...[m
[m[37m[  0.930278 0:2 axvm::vm:1046] [32mStarting VM[1][m
[m[37m[  0.930403 0:2 axvm::runtime::vcpus:343] [32mSpawning task for VM[1] VCpu[0][m
[m[37m[  0.930749 0:2 axvm::runtime::vcpus:360] [32mVCpu task Task(19, "VM[1]-VCpu[0]") created cpumask: [0, 1, ][m
[m[37m[  0.932519 0:2 axvm::runtime:61] [32mVM[1] boot success[m
[m[37m[  0.932591 0:2 axvm::vm:1046] [32mStarting VM[3][m
[m[37m[  0.932648 0:2 axvm::runtime::vcpus:343] [32mSpawning task for VM[3] VCpu[0][m
[m[37m[  0.932743 0:2 axvm::runtime::vcpus:360] [32mVCpu task Task(21, "VM[3]-VCpu[0]") created cpumask: [2, ][m
[m[37m[  0.933023 0:2 axvm::runtime:61] [32mVM[3] boot success[m
[m[37m[  0.933183 2:21 axvm::runtime::vcpus:414] [32mVM[3] VCpu[0] waiting for running[m
[m[37m[  0.933499 2:21 axvm::runtime::vcpus:456] [32mVM[3] VCpu[0] running...[m
[m[37m[  0.934345 0:2 axvisor:89] [32m[OK] Default guest initialized[m
[m[37m[  0.934817 0:19 axvm::runtime::vcpus:414] [32mVM[1] VCpu[0] waiting for running[m
[m[37m[  0.934903 0:19 axvm::runtime::vcpus:456] [32mVM[1] VCpu[0] running...[m
[m[VM 3] [32m[I/rtdm.ofw] Booting RT-Thread on physical CPU 0x0[0m
[VM 3] [32m[I/rtdm.ofw] Machine model: linux,dummy-virt[0m
[VM 3] [32m[I/rtdm.ofw] Memory node(0) ranges: 0x00000000a0000000 - 0x00000000b0000000[0m
[VM 3] [32m[I/mm.memblock] System memory:[0m
[VM 3] [32m[I/mm.memblock]                    [0x00000000a0000000, 0x00000000b0000000][0m
[VM 3] [32m[I/mm.memblock] Reserved memory:[0m
[VM 3] [32m[I/mm.memblock]                    [0x00000000a0000000, 0x00000000a0102000][0m
[VM 3] [32m[I/mm.memblock]                    [0x00000000a0102000, 0x00000000a4102000][0m
[VM 3] [32m[I/mm.memblock]                    [0x00000000a4102000, 0x00000000a4302000][0m
[37m[  0.980200 0:19 axvm::runtime::hvc:258] [32mVM[1] PSCI_FEATURES function_id=0x80000000[m
[m[37m[  0.980943 0:19 axvm::runtime::hvc:258] [32mVM[1] PSCI_FEATURES function_id=0xc4000001[m
[m[37m[  0.981330 0:19 axvm::runtime::hvc:258] [32mVM[1] PSCI_FEATURES function_id=0xc400000e[m
[m[37m[  0.981618 0:19 axvm::runtime::hvc:258] [32mVM[1] PSCI_FEATURES function_id=0xc4000012[m
[m[37m[  0.981840 0:19 axvm::runtime::hvc:258] [32mVM[1] PSCI_FEATURES function_id=0xc4000015[m
[m[VM 3] [32m[I/mm.memblock]                    [0x00000000a4302000, 0x00000000a4303000][0m
[VM 3] [32m[I/mm.memblock] physical memory region [0x00000000a4303000-0x00000000b0000000] installed to system page[0m
[VM 3] [32m[I/mm.memblock] 198 MB memory installed to system page[0m
[VM 3] [32m[I/osi.psci] Using PSCI v1.1 Function IDs[0m
[VM 3] [32m[I/rtdm.ofw] Console: uart0 (<no-node>)[0m
[VM 3] 
[VM 3]  \ | /
[VM 3] - RT -     Thread Operating System
[VM 3]  / | \     5.2.2 build Aug 16 2026 06:46:49
[VM 3]  2006 - 2024 Copyright by RT-Thread team
[VM 3] lwIP-2.1.2 initialized!
[37m[  1.070320 0:19 axvisor::virtio_net:501] [33mvirtio-net drops an ingress frame: NotReady[m
[m[VM 3] [32m[I/sal.skt] Socket Abstraction Layer initialize success.[0m
[VM 3] [32m[I/rtdm.mnt] File system initialization done[0m
[VM 3] Axvisor RT-Thread guest ready
[37m[  1.097681 0:19 axvm::runtime::hvc:272] [32mVM[1] PSCI_CPU_ON target=0x1 entry=0x81e3f570 context=0x0[m
[m[37m[  1.098206 0:19 axvm::runtime::vcpus:343] [32mSpawning task for VM[1] VCpu[1][m
[m[37m[  1.098364 0:19 axvm::runtime::vcpus:360] [32mVCpu task Task(24, "VM[1]-VCpu[1]") created cpumask: [0, 1, ][m
[m[37m[  1.098778 0:24 axvm::runtime::vcpus:414] [32mVM[1] VCpu[1] waiting for running[m
[m[37m[  1.099159 0:24 axvm::runtime::vcpus:456] [32mVM[1] VCpu[1] running...[m
[m[VM 1] [    0.000000] Booting Linux on physical CPU 0x0000000000 [0x410fd083]
[VM 1] [    0.000000] Linux version 6.18.0-rc6-gfd95357fd8c6-dirty (runner@s1lqc) (aarch64-linux-gnu-gcc (Ubuntu 13.3.0-6ubuntu2~24.04) 13.3.0, GNU ld (GNU Binutils for Ubuntu) 2.42) #25 SMP PREEMPT Fri Mar 20 11:22:05 CST 2026
[VM 1] [    0.000000] KASLR disabled due to lack of seed
[VM 1] [    0.000000] Machine model: linux,dummy-virt
[VM 1] [    0.000000] efi: UEFI not found.
[VM 1] [    0.000000] OF: reserved mem: Reserved memory: No reserved-memory node in the DT
[VM 1] [    0.000000] NUMA: Faking a node at [mem 0x0000000080000000-0x000000009fffffff]
[VM 1] [    0.000000] NODE_DATA(0) allocated [mem 0x9ff06f40-0x9ff095bf]
[VM 1] [    0.000000] Zone ranges:
[VM 1] [    0.000000]   DMA      [mem 0x0000000080000000-0x000000009fffffff]
[VM 1] [    0.000000]   DMA32    empty
[VM 1] [    0.000000]   Normal   empty
[VM 1] [    0.000000] Movable zone start for each node
[VM 1] [    0.000000] Early memory node ranges
[VM 1] [    0.000000]   node   0: [mem 0x0000000080000000-0x000000009fffffff]
[VM 1] [    0.000000] Initmem setup node 0 [mem 0x0000000080000000-0x000000009fffffff]
[VM 1] [    0.000000] cma: Reserved 32 MiB at 0x000000009d600000
[VM 1] [    0.000000] psci: probing for conduit method from DT.
[VM 1] [    0.000000] psci: PSCIv1.1 detected in firmware.
[VM 1] [    0.000000] psci: Using standard PSCI v0.2 function IDs
[VM 1] [    0.000000] psci: Trusted OS migration not required
[VM 1] [    0.000000] psci: SMC Calling Convention v65535.65535
[VM 1] [    0.000000] percpu: Embedded 25 pages/cpu s62488 r8192 d31720 u102400
[VM 1] [    0.000000] Detected PIPT I-cache on CPU0
[VM 1] [    0.000000] CPU features: detected: GICv3 CPU interface
[VM 1] [    0.000000] CPU features: detected: Spectre-v2
[VM 1] [    0.000000] CPU features: detected: Spectre-v3a
[VM 1] [    0.000000] CPU features: detected: Spectre-v4
[VM 1] [    0.000000] CPU features: detected: Spectre-BHB
[VM 1] [    0.000000] CPU features: detected: ARM erratum 1742098
[VM 1] [    0.000000] CPU features: detected: ARM errata 1165522, 1319367, or 1530923
[VM 1] [    0.000000] alternatives: applying boot alternatives
[VM 1] [    0.000000] Kernel command line: 
[VM 1] [    0.000000] printk: log buffer data + meta data: 131072 + 458752 = 589824 bytes
[VM 1] [    0.000000] Dentry cache hash table entries: 65536 (order: 7, 524288 bytes, linear)
[VM 1] [    0.000000] Inode-cache hash table entries: 32768 (order: 6, 262144 bytes, linear)
[VM 1] [    0.000000] software IO TLB: SWIOTLB bounce buffer size adjusted to 0MB
[VM 1] [    0.000000] software IO TLB: area num 2.
[VM 1] [    0.000000] software IO TLB: mapped [mem 0x000000009d540000-0x000000009d5c0000] (0MB)
[VM 1] [    0.000000] Fallback order for Node 0: 0 
[VM 1] [    0.000000] Built 1 zonelists, mobility grouping on.  Total pages: 131072
[VM 1] [    0.000000] Policy zone: DMA
[VM 1] [    0.000000] mem auto-init: stack:all(zero), heap alloc:off, heap free:off
[VM 1] [    0.000000] SLUB: HWalign=64, Order=0-3, MinObjects=0, CPUs=2, Nodes=1
[VM 1] [    0.000000] rcu: Preemptible hierarchical RCU implementation.
[VM 1] [    0.000000] rcu: 	RCU event tracing is enabled.
[VM 1] [    0.000000] rcu: 	RCU restricting CPUs from NR_CPUS=512 to nr_cpu_ids=2.
[VM 1] [    0.000000] 	Trampoline variant of Tasks RCU enabled.
[VM 1] [    0.000000] 	Tracing variant of Tasks RCU enabled.
[VM 1] [    0.000000] rcu: RCU calculated value of scheduler-enlistment delay is 25 jiffies.
[VM 1] [    0.000000] rcu: Adjusting geometry for rcu_fanout_leaf=16, nr_cpu_ids=2
[VM 1] [    0.000000] RCU Tasks: Setting shift to 1 and lim to 1 rcu_task_cb_adjust=1 rcu_task_cpu_ids=2.
[VM 1] [    0.000000] RCU Tasks Trace: Setting shift to 1 and lim to 1 rcu_task_cb_adjust=1 rcu_task_cpu_ids=2.
[VM 1] [    0.000000] NR_IRQS: 64, nr_irqs: 64, preallocated irqs: 0
[VM 1] [    0.000000] GICv3: 256 SPIs implemented
[VM 1] [    0.000000] GICv3: 0 Extended SPIs implemented
[VM 1] [    0.000000] Root IRQ handler: gic_handle_irq
[VM 1] [    0.000000] GICv3: GICv3 features: 16 PPIs, RSS
[VM 1] [    0.000000] GICv3: GICD_CTLR.DS=0, SCR_EL3.FIQ=0
[VM 1] [    0.000000] GICv3: CPU0: found redistributor 0 region 0:0x00000000080a0000
[VM 1] [    0.000000] ITS [mem 0x08080000-0x0809ffff]
[VM 1] [    0.000000] ITS@0x0000000008080000: allocated 8192 Devices @83050000 (indirect, esz 8, psz 64K, shr 1)
[VM 1] [    0.000000] ITS@0x0000000008080000: allocated 8192 Interrupt Collections @83060000 (flat, esz 8, psz 64K, shr 1)
[VM 1] [    0.000000] GICv3: using LPI property table @0x0000000083070000
[VM 1] [    0.000000] GICv3: CPU0: using allocated LPI pending table @0x0000000083080000
[VM 1] [    0.000000] rcu: srcu_init: Setting srcu_struct sizes based on contention.
[VM 1] [    0.000000] arch_timer: cp15 timer running at 62.50MHz (virt).
[VM 1] [    0.000000] clocksource: arch_sys_counter: mask: 0x1ffffffffffffff max_cycles: 0x1cd42e208c, max_idle_ns: 881590405314 ns
[VM 1] [    0.000040] sched_clock: 57 bits at 63MHz, resolution 16ns, wraps every 4398046511096ns
[VM 1] [    0.003353] Console: colour dummy device 80x25
[VM 1] [    0.005932] printk: legacy console [tty0] enabled
[VM 1] [    0.008655] Calibrating delay loop (skipped), value calculated using timer frequency.. 125.00 BogoMIPS (lpj=250000)
[VM 1] [    0.008764] pid_max: default: 32768 minimum: 301
[VM 1] [    0.010339] LSM: initializing lsm=capability
[VM 1] [    0.013046] Mount-cache hash table entries: 1024 (order: 1, 8192 bytes, linear)
[VM 1] [    0.013095] Mountpoint-cache hash table entries: 1024 (order: 1, 8192 bytes, linear)
[VM 1] [    0.032902] /cpus/cpu-map/socket0/cluster0/core2: Can't get CPU for leaf core
[VM 1] [    0.033547] cacheinfo: Unable to detect cache hierarchy for CPU 0
[VM 1] [    0.041796] rcu: Hierarchical SRCU implementation.
[VM 1] [    0.041845] rcu: 	Max phase no-delay instances is 1000.
[VM 1] [    0.043363] Timer migration: 1 hierarchy levels; 8 children per group; 1 crossnode level
[VM 1] [    0.045044] fsl-mc MSI: its@8080000 domain created
[VM 1] [    0.045898] EFI services will not be available.
[VM 1] [    0.046495] smp: Bringing up secondary CPUs ...
[VM 1] [    0.050087] Detected PIPT I-cache on CPU1
[VM 1] [    0.050853] GICv3: CPU1: found redistributor 1 region 0:0x00000000080c0000
[VM 1] [    0.052216] GICv3: CPU1: using allocated LPI pending table @0x0000000083090000
[VM 1] [    0.053732] CPU1: Booted secondary processor 0x0000000001 [0x410fd083]
[VM 1] [    0.061259] smp: Brought up 1 node, 2 CPUs
[VM 1] [    0.061338] SMP: Total of 2 processors activated.
[VM 1] [    0.061363] CPU: All CPU(s) started at EL1
[VM 1] [    0.061531] CPU features: detected: 32-bit EL0 Support
[VM 1] [    0.061547] CPU features: detected: 32-bit EL1 Support
[VM 1] [    0.061599] CPU features: detected: CRC32 instructions
[VM 1] [    0.061712] CPU features: detected: PMUv3
[VM 1] [    0.101598] alternatives: applying system-wide alternatives
[VM 1] [    0.146133] Memory: 426520K/524288K available (17920K kernel code, 5422K rwdata, 12940K rodata, 11648K init, 690K bss, 62540K reserved, 32768K cma-reserved)
[VM 1] [    0.170163] devtmpfs: initialized
[VM 1] [    0.187449] clocksource: jiffies: mask: 0xffffffff max_cycles: 0xffffffff, max_idle_ns: 7645041785100000 ns
[VM 1] [    0.188726] posixtimers hash table entries: 1024 (order: 2, 16384 bytes, linear)
[VM 1] [    0.188961] futex hash table entries: 512 (32768 bytes on 1 NUMA nodes, total 32 KiB, linear).
[VM 1] [    0.190575] 20544 pages in range for non-PLT usage
[VM 1] [    0.190615] 512064 pages in range for PLT usage
[VM 1] [    0.192396] pinctrl core: initialized pinctrl subsystem
[VM 1] [    0.200368] DMI not present or invalid.
[VM 1] [    0.266167] NET: Registered PF_NETLINK/PF_ROUTE protocol family
[VM 1] [    0.274666] DMA: preallocated 128 KiB GFP_KERNEL pool for atomic allocations
[VM 1] [    0.277064] DMA: preallocated 128 KiB GFP_KERNEL|GFP_DMA pool for atomic allocations
[VM 1] [    0.278139] DMA: preallocated 128 KiB GFP_KERNEL|GFP_DMA32 pool for atomic allocations
[VM 1] [    0.278305] audit: initializing netlink subsys (disabled)
[VM 1] [    0.283911] thermal_sys: Registered thermal governor 'step_wise'
[VM 1] [    0.283940] thermal_sys: Registered thermal governor 'power_allocator'
[VM 1] [    0.285914] audit: type=2000 audit(0.136:1): state=initialized audit_enabled=0 res=1
[VM 1] [    0.286996] cpuidle: using governor menu
[VM 1] [    0.287787] hw-breakpoint: found 6 breakpoint and 4 watchpoint registers.
[VM 1] [    0.288728] ASID allocator initialised with 65536 entries
[VM 1] [    0.292403] Serial: AMBA PL011 UART driver
[VM 1] [    0.308790] 9000000.pl011: ttyAMA0 at MMIO 0x9000000 (irq = 13, base_baud = 0) is a PL011 rev1
[VM 1] [    0.312122] printk: console [ttyAMA0] enabled
[VM 1] [    0.409814] HugeTLB: registered 1.00 GiB page size, pre-allocated 0 pages
[VM 1] [    0.409855] HugeTLB: 0 KiB vmemmap can be freed for a 1.00 GiB page
[VM 1] [    0.409886] HugeTLB: registered 32.0 MiB page size, pre-allocated 0 pages
[VM 1] [    0.409899] HugeTLB: 0 KiB vmemmap can be freed for a 32.0 MiB page
[VM 1] [    0.409911] HugeTLB: registered 2.00 MiB page size, pre-allocated 0 pages
[VM 1] [    0.409923] HugeTLB: 0 KiB vmemmap can be freed for a 2.00 MiB page
[VM 1] [    0.409935] HugeTLB: registered 64.0 KiB page size, pre-allocated 0 pages
[VM 1] [    0.409946] HugeTLB: 0 KiB vmemmap can be freed for a 64.0 KiB page
[VM 1] [    0.552281] ACPI: Interpreter disabled.
[VM 1] [    0.598753] iommu: Default domain type: Translated
[VM 1] [    0.598807] iommu: DMA domain TLB invalidation policy: strict mode
[VM 1] [    0.629458] SCSI subsystem initialized
[VM 1] [    0.649349] usbcore: registered new interface driver usbfs
[VM 1] [    0.649541] usbcore: registered new interface driver hub
[VM 1] [    0.649641] usbcore: registered new device driver usb
[VM 1] [    0.650247] pps_core: LinuxPPS API ver. 1 registered
[VM 1] [    0.650268] pps_core: Software ver. 5.3.6 - Copyright 2005-2007 Rodolfo Giometti <giometti@linux.it>
[VM 1] [    0.650311] PTP clock support registered
[VM 1] [    0.650447] EDAC MC: Ver: 3.0.0
[VM 1] [    0.655060] scmi_core: SCMI protocol bus registered
[VM 1] [    0.723363] FPGA manager framework
[VM 1] [    0.749266] vgaarb: loaded
[VM 3] msh />[32m[I/rtipic.srv] server starting on 192.168.77.30:9876[0m
[VM 3] [32m[I/rtipic.srv] listening...[0m
[VM 1] [    0.791134] clocksource: Switched to clocksource arch_sys_counter

[Axvisor] attached VM[3] console; use Ctrl+X, then h to return to the shell
rtbench_stability 300
RTBENCH_STABILITY_BEGIN seconds=300 expected=299999
msh />[32m[I/rtipic.srv] client connected[0m
[32m[I/rtipic.srv] stats: msgs=1177 bytes=59KB conn=1[0m
[32m[I/rtipic.srv] proto: state=3 tx=585 rx=585 retrans=0 timeouts=0 dup=0 reorder=0 errors=0 acks=584[0m
[32m[I/rtipic.srv] stats: msgs=5264 bytes=266KB conn=1[0m
[32m[I/rtipic.srv] proto: state=3 tx=2613 rx=2613 retrans=0 timeouts=0 dup=0 reorder=0 errors=0 acks=2613[0m
[32m[I/rtipic.srv] stats: msgs=9572 bytes=483KB conn=1[0m
[32m[I/rtipic.srv] proto: state=3 tx=4752 rx=4752 retrans=0 timeouts=0 dup=0 reorder=0 errors=0 acks=4752[0m
[32m[I/rtipic.srv] stats: msgs=13892 bytes=702KB conn=1[0m
[32m[I/rtipic.srv] proto: state=3 tx=6897 rx=6897 retrans=0 timeouts=0 dup=0 reorder=0 errors=0 acks=6897[0m
[32m[I/rtipic.srv] stats: msgs=18111 bytes=915KB conn=1[0m
[32m[I/rtipic.srv] proto: state=3 tx=8992 rx=8992 retrans=0 timeouts=0 dup=0 reorder=0 errors=0 acks=8992[0m
[32m[I/rtipic.srv] stats: msgs=22080 bytes=1116KB conn=1[0m
[32m[I/rtipic.srv] proto: state=3 tx=10962 rx=10962 retrans=0 timeouts=0 dup=0 reorder=0 errors=0 acks=10961[0m
[32m[I/rtipic.srv] stats: msgs=26383 bytes=1333KB conn=1[0m
[32m[I/rtipic.srv] proto: state=3 tx=13097 rx=13098 retrans=1 timeouts=0 dup=1 reorder=0 errors=0 acks=13097[0m
[32m[I/rtipic.srv] client connected[0m
[33m[W/rtipic.srv] client disconnected[0m
[32m[I/rtipic.srv] stats: msgs=30714 bytes=1552KB conn=1[0m
[32m[I/rtipic.srv] proto: state=3 tx=15248 rx=15249 retrans=1 timeouts=0 dup=1 reorder=0 errors=0 acks=15248[0m
[32m[I/rtipic.srv] stats: msgs=35246 bytes=1782KB conn=1[0m
[32m[I/rtipic.srv] proto: state=3 tx=17499 rx=17500 retrans=1 timeouts=0 dup=1 reorder=0 errors=0 acks=17499[0m
[32m[I/rtipic.srv] stats: msgs=39612 bytes=2002KB conn=1[0m
[32m[I/rtipic.srv] proto: state=3 tx=19666 rx=19668 retrans=2 timeouts=0 dup=2 reorder=0 errors=0 acks=19666[0m
[32m[I/rtipic.srv] stats: msgs=43813 bytes=2215KB conn=1[0m
[32m[I/rtipic.srv] proto: state=3 tx=21753 rx=21755 retrans=2 timeouts=0 dup=2 reorder=0 errors=0 acks=21752[0m
[32m[I/rtipic.srv] stats: msgs=48070 bytes=2430KB conn=1[0m
[32m[I/rtipic.srv] proto: state=3 tx=23866 rx=23868 retrans=2 timeouts=0 dup=2 reorder=0 errors=0 acks=23866[0m
[32m[I/rtipic.srv] stats: msgs=52411 bytes=2650KB conn=1[0m
[32m[I/rtipic.srv] proto: state=3 tx=26022 rx=26024 retrans=2 timeouts=0 dup=2 reorder=0 errors=0 acks=26021[0m
[32m[I/rtipic.srv] stats: msgs=57166 bytes=2890KB conn=1[0m
[32m[I/rtipic.srv] proto: state=3 tx=28384 rx=28386 retrans=2 timeouts=0 dup=2 reorder=0 errors=0 acks=28384[0m
[32m[I/rtipic.srv] stats: msgs=61788 bytes=3251KB conn=1[0m
[32m[I/rtipic.srv] proto: state=3 tx=30680 rx=30682 retrans=2 timeouts=0 dup=2 reorder=0 errors=0 acks=30680[0m
[32m[I/rtipic.srv] stats: msgs=66385 bytes=3912KB conn=1[0m
[32m[I/rtipic.srv] proto: state=3 tx=32964 rx=32966 retrans=2 timeouts=0 dup=2 reorder=0 errors=0 acks=32964[0m
[32m[I/rtipic.srv] stats: msgs=70609 bytes=4519KB conn=1[0m
[32m[I/rtipic.srv] proto: state=3 tx=35061 rx=35063 retrans=2 timeouts=0 dup=2 reorder=0 errors=0 acks=35061[0m
[32m[I/rtipic.srv] stats: msgs=74594 bytes=5091KB conn=1[0m
[32m[I/rtipic.srv] proto: state=3 tx=37039 rx=37041 retrans=2 timeouts=0 dup=2 reorder=0 errors=0 acks=37038[0m
[32m[I/rtipic.srv] stats: msgs=78767 bytes=5691KB conn=1[0m
[32m[I/rtipic.srv] proto: state=3 tx=39110 rx=39112 retrans=2 timeouts=0 dup=2 reorder=0 errors=0 acks=39110[0m
[32m[I/rtipic.srv] stats: msgs=83052 bytes=6306KB conn=1[0m
[32m[I/rtipic.srv] proto: state=3 tx=41238 rx=41240 retrans=2 timeouts=0 dup=2 reorder=0 errors=0 acks=41237[0m
[32m[I/rtipic.srv] stats: msgs=87553 bytes=6953KB conn=1[0m
[32m[I/rtipic.srv] proto: state=3 tx=43473 rx=43475 retrans=2 timeouts=0 dup=2 reorder=0 errors=0 acks=43473[0m
[32m[I/rtipic.srv] stats: msgs=91730 bytes=7553KB conn=1[0m
[32m[I/rtipic.srv] proto: state=3 tx=45547 rx=45549 retrans=2 timeouts=0 dup=2 reorder=0 errors=0 acks=45547[0m
[32m[I/rtipic.srv] stats: msgs=95941 bytes=8158KB conn=1[0m
[32m[I/rtipic.srv] proto: state=3 tx=47638 rx=47640 retrans=2 timeouts=0 dup=2 reorder=0 errors=0 acks=47637[0m
[32m[I/rtipic.srv] stats: msgs=99899 bytes=8726KB conn=1[0m
[32m[I/rtipic.srv] proto: state=3 tx=49601 rx=49603 retrans=3 timeouts=0 dup=2 reorder=0 errors=0 acks=49601[0m
[32m[I/rtipic.srv] stats: msgs=103618 bytes=9260KB conn=1[0m
[32m[I/rtipic.srv] proto: state=3 tx=51445 rx=51447 retrans=4 timeouts=0 dup=2 reorder=0 errors=0 acks=51445[0m
[32m[I/rtipic.srv] stats: msgs=107539 bytes=9823KB conn=1[0m
[32m[I/rtipic.srv] proto: state=3 tx=53391 rx=53393 retrans=4 timeouts=0 dup=2 reorder=0 errors=0 acks=53390[0m
[32m[I/rtipic.srv] stats: msgs=111913 bytes=10451KB conn=1[0m
[32m[I/rtipic.srv] proto: state=3 tx=55563 rx=55565 retrans=4 timeouts=0 dup=2 reorder=0 errors=0 acks=55563[0m
[32m[I/rtipic.srv] stats: msgs=116593 bytes=11124KB conn=1[0m
[32m[I/rtipic.srv] proto: state=3 tx=57888 rx=57890 retrans=4 timeouts=0 dup=2 reorder=0 errors=0 acks=57888[0m
[32m[I/rtipic.srv] stats: msgs=121728 bytes=12193KB conn=1[0m
[32m[I/rtipic.srv] proto: state=3 tx=60441 rx=60443 retrans=4 timeouts=0 dup=2 reorder=0 errors=0 acks=60440[0m
RTBENCH metric=stability_jitter run=1 expected=299999 collected=299999 missing=0 p50_ns=55008 p95_ns=285008 p99_ns=390032 p99_9_ns=476384 max_ns=2001056 miss_100us=97571 miss_500us=182 miss_1ms=1 mean_ns=96157
RTBENCH metric=callback_exec run=1 expected=299999 collected=299999 missing=0 p50_ns=528 p95_ns=704 p99_ns=2000 p99_9_ns=5920 max_ns=258912 miss_100us=162 miss_500us=0 miss_1ms=0 mean_ns=637
RTBENCH_STABILITY_END status=FAIL expected=299999 collected=299999 missing=0
RTBENCH_STABILITY_DONE
[32m[I/rtipic.srv] stats: msgs=127052 bytes=14944KB conn=1[0m
[32m[I/rtipic.srv] p

[Axvisor] attached VM[1] console; use Ctrl+X, then h to return to the shell
[    0.792167] VFS: Disk quotas dquot_6.6.0
[    0.792235] VFS: Dquot-cache hash table entries: 512 (order 0, 4096 bytes)
[    0.897095] pnp: PnP ACPI: disabled
[    1.013016] NET: Registered PF_INET protocol family
[    1.014112] IP idents hash table entries: 8192 (order: 4, 65536 bytes, linear)
[    1.034599] tcp_listen_portaddr_hash hash table entries: 256 (order: 0, 4096 bytes, linear)
[    1.034681] Table-perturb hash table entries: 65536 (order: 6, 262144 bytes, linear)
[    1.034730] TCP established hash table entries: 4096 (order: 3, 32768 bytes, linear)
[    1.034851] TCP bind hash table entries: 4096 (order: 5, 131072 bytes, linear)
[    1.034968] TCP: Hash tables configured (established 4096 bind 4096)
[    1.046429] UDP hash table entries: 256 (order: 2, 16384 bytes, linear)
[    1.046604] UDP-Lite hash table entries: 256 (order: 2, 16384 bytes, linear)
[    1.047295] NET: Registered PF_UNIX/PF_LOCAL protocol family
[    1.049384] RPC: Registered named UNIX socket transport module.
[    1.049436] RPC: Registered udp transport module.
[    1.049451] RPC: Registered tcp transport module.
[    1.049463] RPC: Registered tcp-with-tls transport module.
[    1.049475] RPC: Registered tcp NFSv4.1 backchannel transport module.
[    1.049543] PCI: CLS 0 bytes, default 64
[    1.052623] Unpacking initramfs...
eth0      Link encap:Ethernet  HWaddr 34:54:00:4D:00:01  [    1.073827] Freeing initrd memory: 2876K
[    1.093266] kvm [1]: HYP mode not available
[    1.113477] Initialise system trusted keyrings

[    1.137729] workingset: timestamp_bits=42 max_order=17 bucket_order=0
[    1.138932] squashfs: version 4.0 (2009/01/31) Phillip Lougher
          BROADCAST MULTICAST  MTU:1500  Metric:1[    1.145934] NFS: Registering the id_resolver key type
[    1.146181] Key type id_resolver registered

[    1.146207] Key type id_legacy registered
[    1.146408] nfs4filelayout_init: NFSv4 File Layout Driver Registering...
          RX packets:0 errors:0 dropped:0 overruns:0 frame:0[    1.146459] nfs4flexfilelayout_init: NFSv4 Flexfile Layout Driver Registering...
[    1.146946] 9p: Installing v9fs 9p2000 file system support

[    1.194183] Key type asymmetric registered
[    1.194245] Asymmetric key parser 'x509' registered
[    1.194426] Block layer SCSI generic (bsg) driver version 0.4 loaded (major 244)
          TX packets:0 errors:0 dropped:0 overruns:0 carrier:0[    1.194520] io scheduler mq-deadline registered
[    1.194568] io scheduler kyber registered

[    1.194766] io scheduler bfq registered
[    1.233090] ledtrig-cpu: registered to indicate activity on CPUs
[    1.311699] Serial: 8250/16550 driver, 4 ports, IRQ sharing enabled
          collisions:0 txqueuelen:1000 [    1.326092] msm_serial: driver initialized
[    1.326373] SuperH (H)SCI(F) driver initialized

[    1.326450] STM32 USART driver initialized
[    1.368702] loop: module loaded
[    1.374151] megasas: 07.734.00.00-rc1
          RX bytes:0 (0.0 B)  TX bytes:0 (0.0 B)[    1.391002] tun: Universal TUN/TAP device driver, 1.6
[    1.477442] thunder_xcv, ver 1.0

[    1.477535] thunder_bgx, ver 1.0
[    1.477611] nicpf, ver 1.0
[    1.478773] e1000: Intel(R) PRO/1000 Network Driver
[    1.478793] e1000: Copyright (c) 1999-2006 Intel Corporation.
[    1.478861] e1000e: Intel(R) PRO/1000 Network Driver

[    1.478874] e1000e: Copyright(c) 1999 - 2015 Intel Corporation.
[    1.478936] igb: Intel(R) Gigabit Ethernet Network Driver
[    1.478950] igb: Copyright (c) 2007-2014 Intel Corporation.
lo        Link encap:Local Loopback  [    1.479005] igbvf: Intel(R) Gigabit Virtual Function Network Driver
[    1.479020] igbvf: Copyright (c) 2009 - 2012 Intel Corporation.

[    1.479251] sky2: driver version 1.30
[    1.493230] VFIO - User Level meta-driver version: 0.3
[    1.522315] usbcore: registered new interface driver usb-storage
[    1.524709] i2c_dev: i2c /dev entries driver
          LOOPBACK  MTU:65536  Metric:1[    1.560692] sdhci: Secure Digital Host Controller Interface driver
[    1.560728] sdhci: Copyright(c) Pierre Ossman

[    1.561077] Synopsys Designware Multimedia Card Interface Driver
[    1.561532] sdhci-pltfm: SDHCI platform and OF driver helper
[    1.563581] SMCCC: SOC_ID: ARCH_SOC_ID not implemented, skipping ....
          RX packets:0 errors:0 dropped:0 overruns:0 frame:0[    1.564890] usbcore: registered new interface driver usbhid
[    1.564912] usbhid: USB HID core driver

[    1.581201] NET: Registered PF_PACKET protocol family
[    1.581928] 9pnet: Installing 9P2000 support
[    1.582089] Key type dns_resolver registered
          TX packets:0 errors:0 dropped:0 overruns:0 carrier:0[    1.641606] registered taskstats version 1
[    1.642445] Loading compiled-in X.509 certificates

[    1.696028] Demotion targets for Node 0: null
[    1.699275] clk: Disabling unused clocks
[    1.699409] PM: genpd: Disabling unused power domains
          collisions:0 txqueuelen:1000 [    1.971922] Freeing unused kernel memory: 11648K
[    1.987670] Run /init as init process

          RX bytes:0 (0.0 B)  TX bytes:0 (0.0 B)

Linux network guest ready: 192.168.77.11/24
eth0      Link encap:Ethernet  HWaddr 34:54:00:4D:00:01  
          inet addr:192.168.77.11  Bcast:0.0.0.0  Mask:255.255.255.0
          UP BROADCAST RUNNING MULTICAST  MTU:1500  Metric:1
          RX packets:0 errors:0 dropped:0 overruns:0 frame:0
          TX packets:0 errors:0 dropped:0 overruns:0 carrier:0
          collisions:0 txqueuelen:1000 
          RX bytes:0 (0.0 B)  TX bytes:0 (0.0 B)

PING 192.168.77.30 (192.168.77.30): 56 data bytes
64 bytes from 192.168.77.30: seq=0 ttl=255 time=11.788 ms

--- 192.168.77.30 ping statistics ---
1 packets transmitted, 1 packets received, 0% packet loss
round-trip min/avg/max = 11.788/11.788/11.788 ms
Linux reached RT-Thread at 192.168.77.30
Linux network counters before RT-IPC:
Ip: Forwarding DefaultTTL InReceives InHdrErrors InAddrErrors ForwDatagrams InUnknownProtos InDiscards InDelivers OutRequests OutDiscards OutNoRoutes ReasmTimeout ReasmReqds ReasmOKs ReasmFails FragOKs FragFails FragCreates OutTransmits
Ip: 2 64 1 0 0 0 0 0 1 1 0 0 0 0 0 0 0 0 0 1
Icmp: InMsgs InErrors InCsumErrors InDestUnreachs InTimeExcds InParmProbs InSrcQuenchs InRedirects InEchos InEchoReps InTimestamps InTimestampReps InAddrMasks InAddrMaskReps OutMsgs OutErrors OutRateLimitGlobal OutRateLimitHost OutDestUnreachs OutTimeExcds OutParmProbs OutSrcQuenchs OutRedirects OutEchos OutEchoReps OutTimestamps OutTimestampReps OutAddrMasks OutAddrMaskReps
Icmp: 1 0 0 0 0 0 0 0 0 1 0 0 0 0 1 0 0 0 0 0 0 0 0 1 0 0 0 0 0
IcmpMsg: InType0 OutType8
IcmpMsg: 1 1
Tcp: RtoAlgorithm RtoMin RtoMax MaxConn ActiveOpens PassiveOpens AttemptFails EstabResets CurrEstab InSegs OutSegs RetransSegs InErrs OutRsts InCsumErrors
Tcp: 1 200 120000 -1 0 0 0 0 0 0 0 0 0 0 0
Udp: InDatagrams NoPorts InErrors OutDatagrams RcvbufErrors SndbufErrors InCsumErrors IgnoredMulti MemErrors
Udp: 0 0 0 0 0 0 0 0 0
UdpLite: InDatagrams NoPorts InErrors OutDatagrams RcvbufErrors SndbufErrors InCsumErrors IgnoredMulti MemErrors
UdpLite: 0 0 0 0 0 0 0 0 0
Starting RT-IPC benchmark...
=== RT-IPC Benchmark Client ===
Target: 192.168.77.30:9876, count=30000 per size

[client] fault profile: none
[    9.195995] random: crng init done
[client] connecting...
[client] connected!

--- Payload 64B ---
[progress] size=64 idx=1060 sent=1061 recv=1060 state=3 tx=1061 rx=1060 retrans=0 timeouts=0 dup=0 reorder=0 errors=0 acks=1060 stall=13ms
[progress] size=64 idx=2137 sent=2138 recv=2138 state=3 tx=2138 rx=2138 retrans=0 timeouts=0 dup=0 reorder=0 errors=0 acks=2138 stall=0ms
[progress] size=64 idx=3113 sent=3114 recv=3114 state=3 tx=3114 rx=3114 retrans=0 timeouts=0 dup=0 reorder=0 errors=0 acks=3114 stall=0ms
[progress] size=64 idx=4166 sent=4167 recv=4166 state=3 tx=4167 rx=4166 retrans=0 timeouts=0 dup=0 reorder=0 errors=0 acks=4167 stall=2ms
[progress] size=64 idx=5238 sent=5239 recv=5239 state=3 tx=5239 rx=5239 retrans=0 timeouts=0 dup=0 reorder=0 errors=0 acks=5239 stall=0ms
[progress] size=64 idx=6336 sent=6337 recv=6336 state=3 tx=6337 rx=6336 retrans=0 timeouts=0 dup=0 reorder=0 errors=0 acks=6337 stall=2ms
[progress] size=64 idx=7370 sent=7371 recv=7371 state=3 tx=7371 rx=7371 retrans=0 timeouts=0 dup=0 reorder=0 errors=0 acks=7371 stall=0ms
[progress] size=64 idx=8380 sent=8381 recv=8381 state=3 tx=8381 rx=8381 retrans=0 timeouts=0 dup=0 reorder=0 errors=0 acks=8381 stall=0ms
[progress] size=64 idx=9397 sent=9398 recv=9397 state=3 tx=9398 rx=9397 retrans=0 timeouts=0 dup=0 reorder=0 errors=0 acks=9397 stall=232ms
[progress] size=64 idx=10422 sent=10423 recv=10422 state=3 tx=10423 rx=10422 retrans=0 timeouts=0 dup=0 reorder=0 errors=0 acks=10423 stall=5ms
[progress] size=64 idx=11460 sent=11461 recv=11461 state=3 tx=11461 rx=11461 retrans=0 timeouts=0 dup=0 reorder=0 errors=0 acks=11461 stall=0ms
[progress] size=64 idx=12449 sent=12450 recv=12449 state=3 tx=12450 rx=12450 retrans=1 timeouts=0 dup=1 reorder=0 errors=0 acks=12450 stall=2ms
[progress] size=64 idx=13588 sent=13589 recv=13588 state=3 tx=13589 rx=13589 retrans=1 timeouts=0 dup=1 reorder=0 errors=0 acks=13589 stall=3ms
[progress] size=64 idx=14761 sent=14762 recv=14761 state=3 tx=14762 rx=14762 retrans=1 timeouts=0 dup=1 reorder=0 errors=0 acks=14762 stall=2ms
[client] fault injection: force disconnect at request=15000
[client] reconnect complete recovery_ms=218 attempts=1
[progress] size=64 idx=15783 sent=15784 recv=15783 state=3 tx=15784 rx=15784 retrans=1 timeouts=0 dup=1 reorder=0 errors=0 acks=15784 stall=3ms
[progress] size=64 idx=16830 sent=16831 recv=16831 state=3 tx=16831 rx=16832 retrans=1 timeouts=0 dup=1 reorder=0 errors=0 acks=16831 stall=0ms
[progress] size=64 idx=18026 sent=18027 recv=18026 state=3 tx=18027 rx=18027 retrans=1 timeouts=0 dup=1 reorder=0 errors=0 acks=18027 stall=2ms
[progress] size=64 idx=19056 sent=19057 recv=19057 state=3 tx=19057 rx=19059 retrans=2 timeouts=0 dup=2 reorder=0 errors=0 acks=19057 stall=0ms
[progress] size=64 idx=20176 sent=20177 recv=20177 state=3 tx=20177 rx=20179 retrans=2 timeouts=0 dup=2 reorder=0 errors=0 acks=20177 stall=0ms
[progress] size=64 idx=21199 sent=21200 recv=21200 state=3 tx=21200 rx=21202 retrans=2 timeouts=0 dup=2 reorder=0 errors=0 acks=21200 stall=0ms
[progress] size=64 idx=22194 sent=22195 recv=22194 state=3 tx=22195 rx=22196 retrans=2 timeouts=0 dup=2 reorder=0 errors=0 acks=22195 stall=2ms
[progress] size=64 idx=23284 sent=23285 recv=23285 state=3 tx=23285 rx=23287 retrans=2 timeouts=0 dup=2 reorder=0 errors=0 acks=23285 stall=0ms
[progress] size=64 idx=24427 sent=24428 recv=24428 state=3 tx=24428 rx=24430 retrans=2 timeouts=0 dup=2 reorder=0 errors=0 acks=24428 stall=0ms
[progress] size=64 idx=25491 sent=25492 recv=25491 state=3 tx=25492 rx=25493 retrans=2 timeouts=0 dup=2 reorder=0 errors=0 acks=25492 stall=2ms
[progress] size=64 idx=26546 sent=26547 recv=26547 state=3 tx=26547 rx=26549 retrans=2 timeouts=0 dup=2 reorder=0 errors=0 acks=26547 stall=0ms
[progress] size=64 idx=27706 sent=27707 recv=27706 state=3 tx=27707 rx=27708 retrans=2 timeouts=0 dup=2 reorder=0 errors=0 acks=27707 stall=2ms
[progress] size=64 idx=28925 sent=28926 recv=28925 state=3 tx=28926 rx=28927 retrans=2 timeouts=0 dup=2 reorder=0 errors=0 acks=28926 stall=2ms
  sent=30000  recv=30000  loss=0%
  RTT: min=0ms avg=4ms max=574ms P50=2ms P95=23ms P99=23ms P99.9=24ms
  throughput=13.43KiB/s
  request_timeouts=0 protocol_errors=0 reconnects=1
  transport: retrans=2 timeouts=0 dup=2 reorder=0 errors=0

--- Payload 256B ---
[progress] size=256 idx=1078 sent=1079 recv=1079 state=3 tx=31079 rx=31081 retrans=2 timeouts=0 dup=2 reorder=0 errors=0 acks=31079 stall=0ms
[progress] size=256 idx=2212 sent=2213 recv=2212 state=3 tx=32213 rx=32214 retrans=2 timeouts=0 dup=2 reorder=0 errors=0 acks=32213 stall=2ms
[progress] size=256 idx=3329 sent=3330 recv=3330 state=3 tx=33330 rx=33332 retrans=2 timeouts=0 dup=2 reorder=0 errors=0 acks=33330 stall=0ms
[progress] size=256 idx=4401 sent=4402 recv=4401 state=3 tx=34402 rx=34403 retrans=2 timeouts=0 dup=2 reorder=0 errors=0 acks=34402 stall=2ms
[progress] size=256 idx=5404 sent=5405 recv=5405 state=3 tx=35405 rx=35407 retrans=2 timeouts=0 dup=2 reorder=0 errors=0 acks=35405 stall=0ms
[progress] size=256 idx=6448 sent=6449 recv=6449 state=3 tx=36449 rx=36451 retrans=2 timeouts=0 dup=2 reorder=0 errors=0 acks=36449 stall=0ms
[progress] size=256 idx=7382 sent=7383 recv=7383 state=3 tx=37383 rx=37385 retrans=2 timeouts=0 dup=2 reorder=0 errors=0 acks=37383 stall=0ms
[progress] size=256 idx=8523 sent=8524 recv=8524 state=3 tx=38524 rx=38526 retrans=2 timeouts=0 dup=2 reorder=0 errors=0 acks=38524 stall=0ms
[progress] size=256 idx=9411 sent=9412 recv=9411 state=3 tx=39412 rx=39413 retrans=2 timeouts=0 dup=2 reorder=0 errors=0 acks=39412 stall=3ms
[progress] size=256 idx=10565 sent=10566 recv=10565 state=3 tx=40566 rx=40567 retrans=2 timeouts=0 dup=2 reorder=0 errors=0 acks=40566 stall=2ms
[progress] size=256 idx=11599 sent=11600 recv=11600 state=3 tx=41600 rx=41602 retrans=2 timeouts=0 dup=2 reorder=0 errors=0 acks=41600 stall=0ms
[progress] size=256 idx=12803 sent=12804 recv=12804 state=3 tx=42804 rx=42806 retrans=2 timeouts=0 dup=2 reorder=0 errors=0 acks=42804 stall=0ms
[progress] size=256 idx=13844 sent=13845 recv=13844 state=3 tx=43845 rx=43846 retrans=2 timeouts=0 dup=2 reorder=0 errors=0 acks=43845 stall=2ms
[progress] size=256 idx=14892 sent=14893 recv=14892 state=3 tx=44893 rx=44894 retrans=2 timeouts=0 dup=2 reorder=0 errors=0 acks=44893 stall=2ms
[progress] size=256 idx=15905 sent=15906 recv=15905 state=3 tx=45906 rx=45907 retrans=2 timeouts=0 dup=2 reorder=0 errors=0 acks=45906 stall=2ms
[progress] size=256 idx=16919 sent=16920 recv=16919 state=3 tx=46920 rx=46921 retrans=2 timeouts=0 dup=2 reorder=0 errors=0 acks=46920 stall=2ms
[progress] size=256 idx=17869 sent=17870 recv=17869 state=3 tx=47870 rx=47872 retrans=2 timeouts=0 dup=3 reorder=0 errors=0 acks=47870 stall=3ms
[progress] size=256 idx=18921 sent=18922 recv=18922 state=3 tx=48922 rx=48925 retrans=2 timeouts=0 dup=3 reorder=0 errors=0 acks=48922 stall=0ms
[progress] size=256 idx=19948 sent=19949 recv=19949 state=3 tx=49949 rx=49952 retrans=2 timeouts=0 dup=3 reorder=0 errors=0 acks=49949 stall=0ms
[progress] size=256 idx=20910 sent=20911 recv=20910 state=3 tx=50911 rx=50913 retrans=2 timeouts=0 dup=3 reorder=0 errors=0 acks=50910 stall=432ms
[progress] size=256 idx=21813 sent=21814 recv=21814 state=3 tx=51814 rx=51818 retrans=2 timeouts=0 dup=4 reorder=0 errors=0 acks=51814 stall=0ms
[progress] size=256 idx=22733 sent=22734 recv=22734 state=3 tx=52734 rx=52738 retrans=2 timeouts=0 dup=4 reorder=0 errors=0 acks=52734 stall=0ms
[progress] size=256 idx=23714 sent=23715 recv=23714 state=3 tx=53715 rx=53718 retrans=2 timeouts=0 dup=4 reorder=0 errors=0 acks=53715 stall=2ms
[progress] size=256 idx=24848 sent=24849 recv=24849 state=3 tx=54849 rx=54853 retrans=2 timeouts=0 dup=4 reorder=0 errors=0 acks=54849 stall=0ms
[progress] size=256 idx=25928 sent=25929 recv=25929 state=3 tx=55929 rx=55933 retrans=2 timeouts=0 dup=4 reorder=0 errors=0 acks=55929 stall=0ms
[progress] size=256 idx=27054 sent=27055 recv=27054 state=3 tx=57055 rx=57058 retrans=2 timeouts=0 dup=4 reorder=0 errors=0 acks=57055 stall=2ms
[progress] size=256 idx=28209 sent=28210 recv=28209 state=3 tx=58210 rx=58213 retrans=2 timeouts=0 dup=4 reorder=0 errors=0 acks=58210 stall=10ms
[progress] size=256 idx=29495 sent=29496 recv=29496 state=3 tx=59496 rx=59500 retrans=2 timeouts=0 dup=4 reorder=0 errors=0 acks=59496 stall=0ms
  sent=30000  recv=30000  loss=0%
  RTT: min=0ms avg=4ms max=797ms P50=2ms P95=23ms P99=23ms P99.9=24ms
  throughput=52.80KiB/s
  request_timeouts=0 protocol_errors=0 reconnects=0
  transport: retrans=0 timeouts=0 dup=2 reorder=0 errors=0

--- Payload 1024B ---
[progress] size=1024 idx=1406 sent=1407 recv=1407 state=3 tx=61407 rx=61411 retrans=2 timeouts=0 dup=4 reorder=0 errors=0 acks=61407 stall=0ms
[progress] size=1024 idx=2753 sent=2754 recv=2753 state=3 tx=62754 rx=62757 retrans=2 timeouts=0 dup=4 reorder=0 errors=0 acks=62754 stall=2ms
[progress] size=1024 idx=3539 sent=3540 recv=3539 state=3 tx=63540 rx=63543 retrans=5 timeouts=0 dup=4 reorder=0 errors=0 acks=63539 stall=386ms
[progress] size=1024 idx=4541 sent=4542 recv=4541 state=3 tx=64542 rx=64545 retrans=5 timeouts=0 dup=4 reorder=0 errors=0 acks=64542 stall=3ms
[progress] size=1024 idx=5766 sent=5767 recv=5766 state=3 tx=65767 rx=65770 retrans=5 timeouts=0 dup=4 reorder=0 errors=0 acks=65767 stall=3ms
[progress] size=1024 idx=6787 sent=6788 recv=6787 state=3 tx=66788 rx=66792 retrans=6 timeouts=0 dup=5 reorder=0 errors=0 acks=66788 stall=4ms
[progress] size=1024 idx=7866 sent=7867 recv=7867 state=3 tx=67867 rx=67872 retrans=6 timeouts=0 dup=5 reorder=0 errors=0 acks=67867 stall=0ms
[progress] size=1024 idx=8943 sent=8944 recv=8944 state=3 tx=68944 rx=68949 retrans=6 timeouts=0 dup=5 reorder=0 errors=0 acks=68944 stall=0ms
[progress] size=1024 idx=10068 sent=10069 recv=10068 state=3 tx=70069 rx=70073 retrans=6 timeouts=0 dup=5 reorder=0 errors=0 acks=70069 stall=2ms
[progress] size=1024 idx=11182 sent=11183 recv=11183 state=3 tx=71183 rx=71188 retrans=6 timeouts=0 dup=5 reorder=0 errors=0 acks=71183 stall=0ms
[progress] size=1024 idx=12334 sent=12335 recv=12334 state=3 tx=72335 rx=72339 retrans=6 timeouts=0 dup=5 reorder=0 errors=0 acks=72335 stall=2ms
[progress] size=1024 idx=13539 sent=13540 recv=13540 state=3 tx=73540 rx=73545 retrans=6 timeouts=0 dup=5 reorder=0 errors=0 acks=73540 stall=0ms
[progress] size=1024 idx=14741 sent=14742 recv=14741 state=3 tx=74742 rx=74746 retrans=6 timeouts=0 dup=5 reorder=0 errors=0 acks=74742 stall=3ms
[progress] size=1024 idx=15915 sent=15916 recv=15916 state=3 tx=75916 rx=75921 retrans=6 timeouts=0 dup=5 reorder=0 errors=0 acks=75916 stall=0ms
[progress] size=1024 idx=17171 sent=17172 recv=17172 state=3 tx=77172 rx=77177 retrans=6 timeouts=0 dup=5 reorder=0 errors=0 acks=77172 stall=0ms
[progress] size=1024 idx=18250 sent=18251 recv=18250 state=3 tx=78251 rx=78255 retrans=6 timeouts=0 dup=5 reorder=0 errors=0 acks=78251 stall=2ms
[progress] size=1024 idx=19290 sent=19291 recv=19290 state=3 tx=79291 rx=79295 retrans=6 timeouts=0 dup=5 reorder=0 errors=0 acks=79291 stall=2ms
[progress] size=1024 idx=20561 sent=20562 recv=20561 state=3 tx=80562 rx=80566 retrans=6 timeouts=0 dup=5 reorder=0 errors=0 acks=80562 stall=3ms
[progress] size=1024 idx=21823 sent=21824 recv=21823 state=3 tx=81824 rx=81828 retrans=6 timeouts=0 dup=5 reorder=0 errors=0 acks=81824 stall=2ms
[progress] size=1024 idx=23147 sent=23148 recv=23148 state=3 tx=83148 rx=83153 retrans=6 timeouts=0 dup=5 reorder=0 errors=0 acks=83148 stall=0ms
[progress] size=1024 idx=24253 sent=24254 recv=24253 state=3 tx=84254 rx=84258 retrans=6 timeouts=0 dup=5 reorder=0 errors=0 acks=84254 stall=2ms
[progress] size=1024 idx=25487 sent=25488 recv=25488 state=3 tx=85488 rx=85493 retrans=6 timeouts=0 dup=5 reorder=0 errors=0 acks=85488 stall=0ms
[progress] size=1024 idx=26648 sent=26649 recv=26648 state=3 tx=86649 rx=86653 retrans=6 timeouts=0 dup=5 reorder=0 errors=0 acks=86649 stall=2ms
[progress] size=1024 idx=27911 sent=27912 recv=27911 state=3 tx=87912 rx=87916 retrans=6 timeouts=0 dup=5 reorder=0 errors=0 acks=87912 stall=2ms
[progress] size=1024 idx=29112 sent=29113 recv=29112 state=3 tx=89113 rx=89117 retrans=6 timeouts=0 dup=5 reorder=0 errors=0 acks=89113 stall=2ms
  sent=30000  recv=30000  loss=0%
  RTT: min=0ms avg=4ms max=1681ms P50=2ms P95=23ms P99=23ms P99.9=24ms
  throughput=232.79KiB/s
  request_timeouts=0 protocol_errors=0 reconnects=0
  transport: retrans=4 timeouts=0 dup=1 reorder=0 errors=0

========================================
ALL TESTS COMPLETE
========================================
RT-IPC client exited with rc=0
Linux network counters after RT-IPC:
Ip: Forwarding DefaultTTL InReceives InHdrErrors InAddrErrors ForwDatagrams InUnknownProtos InDiscards InDelivers OutRequests OutDiscards OutNoRoutes ReasmTimeout ReasmReqds ReasmOKs ReasmF