root=/dev/nvme0n1 rw init=/bin/sh
VM Load @PA:0x40200000
VM Load Offset: 0xffff0000c0200000
Memory Map:
  Free   0x00000040000000 - 0x00000040200000 (2 MiB)
  KImg   0x00000040200000 - 0x00000043a00000 (56 MiB)
  Free   0x00000043a00000 - 0x00000240000000 (7.94 GiB)
Initialize RAM allocator: 0x43a00000..0x240000000
Reserving CPU-local areas
CPU-local area stride: 0x44000 bytes
Total CPU-local allocation: 0x110000 bytes (4 CPUs)
Flushed RAM used range to memory map: 0x43a00000..0x43b00000, current: 0x43b00000
Flushed RAM used range to memory map: 0x43b00000..0x43c10000, current: 0x43c10000
CPU-local areas allocated at 0x43b00000 - 0x43c10000
EL: 2
Mapping early memory regions...
Ram                 : [0x0000000040000000, 0x0000000240000000) -> [0x0000000040000000, 0x0000000240000000) (8 GiB)
KImage              : [0x0000ffff80000000, 0x0000ffff83800000) -> [0x0000000040200000, 0x0000000043a00000) (56 MiB)
PerCpu              : [0x0000ff0043b00000, 0x0000ff0043c10000) -> [0x0000000043b00000, 0x0000000043c10000) (1.06 MiB)
Debug serial        : [0x0000000009000000, 0x0000000009001000) -> [0x0000000009000000, 0x0000000009001000) (4 KiB)
Boot page table at physical address: PA:0x43c10000
Setting up table registers...
MMU Entry point at physical address: 0x4045c500
Trap vector at 0xffff80260000
Memory Map:
  MMIO   0x00000009000000 - 0x00000009001000 (4 KiB)
  Free   0x00000040000000 - 0x00000040200000 (2 MiB)
  KImg   0x00000040200000 - 0x00000043a00000 (56 MiB)
  Rsv    0x00000043a00000 - 0x00000043b00000 (1 MiB)
  PerCPU 0x00000043b00000 - 0x00000043c10000 (1.06 MiB)
  Rsv    0x00000043c10000 - 0x00000043c1a000 (40 KiB)
  Free   0x00000043c1a000 - 0x00000240000000 (7.94 GiB)
Jumping to main entry point at 0xffff8024432c with SP 0x0000ff0043b44000

       d8888                            .d88888b.   .d8888b.
      d88888                           d88P" "Y88b d88P  Y88b
     d88P888                           888     888 Y88b.
    d88P 888 888d888  .d8888b  .d88b.  888     888  "Y888b.
   d88P  888 888P"   d88P"    d8P  Y8b 888     888     "Y88b.
  d88P   888 888     888      88888888 888     888       "888
 d8888888888 888     Y88b.    Y8b.     Y88b. .d88P Y88b  d88P
d88P     888 888      "Y8888P  "Y8888   "Y88888P"   "Y8888P"

arch = aarch64
platform = linux,dummy-virt
target = aarch64-unknown-none-softfloat
build_mode = 
log_level = info
backtrace = false
smp = 3

[37m[  0.048941 ax_runtime:220] [32mLogging is enabled.[m
[m[37m[  0.049229 ax_runtime:221] [32mPrimary CPU 0 started, arg = 0x43a00000.[m
[m[37m[  0.049311 ax_runtime:223] [32mFound physcial memory regions:[m
[m[37m[  0.050025 ax_runtime:225] [32m  [PA:0x9000000, PA:0x9001000) mmio (READ | WRITE | DEVICE | RESERVED)[m
[m[37m[  0.050196 ax_runtime:225] [32m  [PA:0x40000000, PA:0x40200000) free memory (READ | WRITE | FREE)[m
[m[37m[  0.050304 ax_runtime:225] [32m  [PA:0x40200000, PA:0x43a00000) reserved (READ | WRITE | EXECUTE | RESERVED)[m
[m[37m[  0.050402 ax_runtime:225] [32m  [PA:0x43a00000, PA:0x43b00000) reserved (READ | WRITE | EXECUTE | RESERVED)[m
[m[37m[  0.050496 ax_runtime:225] [32m  [PA:0x43b00000, PA:0x43c10000) reserved (READ | WRITE | EXECUTE | RESERVED)[m
[m[37m[  0.050591 ax_runtime:225] [32m  [PA:0x43c10000, PA:0x43c1a000) reserved (READ | WRITE | EXECUTE | RESERVED)[m
[m[37m[  0.050685 ax_runtime:225] [32m  [PA:0x43c1a000, PA:0x240000000) free memory (READ | WRITE | FREE)[m
[m[37m[  0.050787 ax_runtime:373] [32mInitialize global memory allocator...[m
[m[37m[  0.050866 ax_runtime:374] [32m  use buddy-slab-allocator allocator.[m
[m[37m[  0.051012 ax_alloc::buddy_slab:158] [32mInitialize global memory allocator, start_vaddr: 0x43c1a000, size: 0x1fc3e6000[m
[m[37m[  0.056122 ax_alloc::buddy_slab:424] [32mglobal allocator initialized[m
[m[37m[  0.056249 ax_alloc::buddy_slab:168] [32mAdd memory region, start_vaddr: 0x40000000, size: 0x200000[m
[m[37m[  0.056380 buddy_slab_allocator::global:151] [32mGlobalAllocator: skip region 0x40000000+0x200000, no allocator-visible memory after 2097152 alignment[m
[m[37m[  0.056628 ax_runtime:260] [32mkernel aspace: [VA:0x0, VA:0xffffffffffffffff)[m
[m[37m[  0.056763 ax_mm:103] [32mInitialize virtual memory management...[m
[m[37m[  0.564423 ax_runtime:272] [32mInitialize platform devices...[m
[m[37m[  0.569537 someboot::arch::power:23] [32mPower management method : SMC[m
[m[37m[  0.569694 somehal::driver:5] [32mInitializing rdrive with FDT at 0x43a00000[m
[m[37m[  0.580145 somehal::arch::gic::v3:284] [32mGICv3 CPU 0 EOI mode: two_step=true[m
[m[37m[  0.585864 ax_task::api:137] [32mInitialize scheduling...[m
[m[37m[  0.586921 ax_task::api:145] [32m  use Round-robin scheduler.[m
[m[37m[  0.587209 ax_runtime:298] [32mInitialize interrupt handlers...[m
[m[37m[  0.588902 ax_runtime::devices:2] [32mProbe platform devices...[m
[m[37m[  0.609491 ax_driver::block::nvme:42] [32mNVMe PCI endpoint 0000:00:01.0: BAR0=0x8000000000..0x8000004000, int_pin=1, int_line=0[m
[m[37m[  0.619985 nvme_driver::nvme:161] [32mNVME @0x8000000000 deferred init, version: 1.4.0[m
[m[37m[  0.620480 ax_driver::block::nvme:74] [32mNVMe block device registered at 0000:00:01.0 with 65 MSI-X vectors[m
[m[37m[  0.625013 ax_fs_ng::block::runtime::lifecycle::device:300] [32mblock device nvme IRQ source 0 (IrqId { domain: IrqDomainId(9), hwirq: HwIrq(0) }) fixed to CPU 0 for queue mask 0x0[m
[m[37m[  0.642983 ax_fs_ng::block::runtime::hctx:177] [32mblock hctx 0 bound to CPU 0 with hardware depth 63[m
[m[37m[  0.643410 ax_fs_ng::block::runtime::lifecycle::device:300] [32mblock device nvme IRQ source 1 (IrqId { domain: IrqDomainId(9), hwirq: HwIrq(1) }) fixed to CPU 0 for queue mask 0x1[m
[m[37m[  0.648826 ax_fs_ng::root:341] [32m    raw device fs=Some(Ext4)[m
[m[37m[  0.649008 ax_fs_ng::root:372] [32m  block device 0 (nvme) has no usable partition table; treating the whole disk as a candidate[m
[m[37m[  0.649342 ax_fs_ng::root:481] [32m  matched root by raw device path on disk0 raw device[m
[m[37m[  0.649690 ax_fs_ng:86] [32mInitialize filesystem subsystem...[m
[m[37m[  0.649768 ax_fs_ng:87] [32m  selected root device: disk0 raw device[m
[m[37m[  0.652308 rsext4::crc32c::arm64:54] [33mID_AA64ISAR0_EL1[19:16]: 0x1[m
[m[37m[  0.652404 rsext4::crc32c::arm64:57] [33mHardware CRC32C support detected.[m
[m[37m[  0.657751 rsext4::ext4::mount:331] [32m/lost+found exists (superblock hint inode=11)[m
[m[37m[  0.658737 rsext4::ext4::mount:466] [32mExt4 filesystem mounted[m
[m[37m[  0.658822 rsext4::ext4::mount:467] [32m  - block size: 4096 bytes[m
[m[37m[  0.658902 rsext4::ext4::mount:468] [32m  - total blocks: 8192[m
[m[37m[  0.658985 rsext4::ext4::mount:469] [32m  - free blocks: 1226[m
[m[37m[  0.659059 rsext4::ext4::mount:470] [32m  - total inodes: 8192[m
[m[37m[  0.659133 rsext4::ext4::mount:471] [32m  - free inodes: 8151[m
[m[37m[  0.659215 rsext4::ext4::sync:13] [32mSyncing filesystem...[m
[m[37m[  0.665105 rsext4::ext4::mount:550] [32mExt4 filesystem mounted[m
[m[37m[  0.665530 ax_fs_ng:99] [32m  filesystem type: "ext4"[m
[m[37m[  0.672824 somehal::arch::gic::v3:284] [32mGICv3 CPU 1 EOI mode: two_step=true[m
[m[37m[  0.673276 ax_runtime::mp:79] [32mSecondary CPU 1 started.[m
[m[37m[  0.673740 ax_runtime::mp:110] [32mSecondary CPU 1 init OK.[m
[m[37m[  0.679540 somehal::arch::gic::v3:284] [32mGICv3 CPU 2 EOI mode: two_step=true[m
[m[37m[  0.679791 ax_runtime::mp:79] [32mSecondary CPU 2 started.[m
[m[37m[  0.679831 ax_runtime:346] [32mPrimary CPU 0 init OK.[m
[m[37m[  0.680152 ax_runtime::mp:110] [32mSecondary CPU 2 init OK.[m
[m[37m[  0.686750 0:4 ax_fs_ng::block::runtime::hctx:177] [32mblock hctx 1 bound to CPU 1 with hardware depth 63[m
[m[37m[  0.686968 0:4 ax_fs_ng::block::runtime::hctx:177] [32mblock hctx 2 bound to CPU 2 with hardware depth 63[m
[m[37m[  0.687311 0:4 ax_fs_ng::block::runtime::lifecycle::device:300] [32mblock device nvme IRQ source 2 (IrqId { domain: IrqDomainId(9), hwirq: HwIrq(2) }) fixed to CPU 1 for queue mask 0x2[m
[m[37m[  0.687621 0:4 ax_fs_ng::block::runtime::lifecycle::device:300] [32mblock device nvme IRQ source 3 (IrqId { domain: IrqDomainId(9), hwirq: HwIrq(3) }) fixed to CPU 2 for queue mask 0x4[m
[m[37m[  0.689040 0:2 ax_fs_ng::block::runtime::lifecycle::device:385] [32mblock device nvme online with 3 hctxs across 3 CPUs[m
[m

       d8888            888     888  d8b
      d88888            888     888  Y8P
     d88P888            888     888
    d88P 888  888  888  Y88b   d88P  888  .d8888b    .d88b.   888d888
   d88P  888  `Y8bd8P'   Y88b d88P   888  88K       d88""88b  888P"
  d88P   888    X88K      Y88o88P    888  "Y8888b.  888  888  888
 d8888888888  .d8""8b.     Y888P     888       X88  Y88..88P  888
d88P     888  888  888      Y8P      888   88888P'   "Y88P"   888


by AxVisor Team

[37m[  0.691154 0:2 axvisor:73] [32mStarting virtualization...[m
[m[37m[  0.691289 0:2 axvm::host::arceos:349] [32mEnabling hardware virtualization support on all cores...[m
[m[37m[  0.691463 0:2 axvm::host::arceos:355] [32mCore 0 is initializing hardware virtualization support...[m
[m[37m[  0.691602 0:2 axvm::timer:318] [32mInitializing AxVM timer wheel...[m
[m[37m[  0.695748 0:2 axvm::host::arceos:357] [32mHardware virtualization support enabled on core 0[m
[m[37m[  0.696162 1:15 axvm::host::arceos:367] [32mCore 1 is initializing hardware virtualization support...[m
[m[37m[  0.696236 0:2 axvm::host::arceos:383] [32mWaiting for all cores to enable hardware virtualization...[m
[m[37m[  0.696397 1:15 axvm::timer:318] [32mInitializing AxVM timer wheel...[m
[m[37m[  0.696251 2:16 axvm::host::arceos:367] [32mCore 2 is initializing hardware virtualization support...[m
[m[37m[  0.696887 2:16 axvm::timer:318] [32mInitializing AxVM timer wheel...[m
[m[37m[  0.697141 1:15 axvm::host::arceos:370] [32mHardware virtualization support enabled on core 1[m
[m[37m[  0.697297 2:16 axvm::host::arceos:370] [32mHardware virtualization support enabled on core 2[m
[m[37m[  0.697495 0:2 axvm::host::arceos:399] [32mAll cores have enabled hardware virtualization support.[m
[m[37m[  0.701685 0:2 axvisor::manager:143] [32mNOT find dir: /guest/vm_default in filesystem[m
[m[37m[  0.701893 0:2 axvisor::config:90] [32mUsing static VM configs.[m
[m[37m[  0.714840 0:2 axvm::arch::aarch64::fdt::core:79] [32mVM[1] virtual GIC follows host firmware resources: GuestGicProfile { compatible: "arm,gic-v3", node_path: "/intc@8000000", node_phandle: Some(32773), distributor: GuestMmioRegion { base: 134217728, length: 65536 }, cpu_region: Redistributors(GuestGicRedistributorProfile { regions: [GuestMmioRegion { base: 134873088, length: 16121856 }], stride: 131072 }), its: [GuestItsProfile { id: ItsId(0), node_path: "/intc@8000000/its@8080000", node_phandle: Some(32774), registers: GuestMmioRegion { base: 134742016, length: 131072 } }] }[m
[m[37m[  0.717208 0:2 axvm::arch::aarch64::fdt::core:93] [32mVM[1] architectural timer follows host firmware PPIs[m
[m[37m[  0.721324 0:2 axvm::arch::aarch64::fdt::core::parser:442] [32mCPU node: /cpus/cpu@0, node_id: 0x0, hardware_cpu_id: 0x0[m
[m[37m[  0.721527 0:2 axvm::arch::aarch64::fdt::core::parser:442] [32mCPU node: /cpus/cpu@1, node_id: 0x1, hardware_cpu_id: 0x1[m
[m[37m[  0.721708 0:2 axvm::arch::aarch64::fdt::core::parser:442] [32mCPU node: /cpus/cpu@2, node_id: 0x2, hardware_cpu_id: 0x2[m
[m[37m[  0.721869 0:2 axvm::arch::aarch64::fdt::core::parser:442] [32mCPU node: /cpus/cpu@3, node_id: 0x3, hardware_cpu_id: 0x3[m
[m[37m[  0.722103 0:2 axvm::arch::aarch64::fdt::core::parser:449] [32mFound 4 host CPU nodes[m
[m[37m[  0.722488 0:2 axvm::arch::aarch64::fdt::core:144] [32mVM[1] DTB not found, generating from the VM configuration[m
[m[37m[  0.734973 0:2 axvm::arch::aarch64::fdt::core::device:96] [32mFound excluded devices: ["/virtio_mmio@a000000", "/virtio_mmio@a000200", "/virtio_mmio@a000400", "/virtio_mmio@a000600", "/virtio_mmio@a000800", "/virtio_mmio@a000a00", "/virtio_mmio@a000c00", "/virtio_mmio@a000e00", "/virtio_mmio@a001000", "/virtio_mmio@a001200", "/virtio_mmio@a001400", "/virtio_mmio@a001600", "/virtio_mmio@a001800", "/virtio_mmio@a001a00", "/virtio_mmio@a001c00", "/virtio_mmio@a001e00", "/virtio_mmio@a002000", "/virtio_mmio@a002200", "/virtio_mmio@a002400", "/virtio_mmio@a002600", "/virtio_mmio@a002800", "/virtio_mmio@a002a00", "/virtio_mmio@a002c00", "/virtio_mmio@a002e00", "/virtio_mmio@a003000", "/virtio_mmio@a003200", "/virtio_mmio@a003400", "/virtio_mmio@a003600", "/virtio_mmio@a003800", "/virtio_mmio@a003a00", "/virtio_mmio@a003c00", "/virtio_mmio@a003e00", "/pcie@10000000", "/pl061@9030000", "/pl031@9010000", "/gpio-key-poweroff", "/intc@8000000", "/pl011@9000000", "/timer", "/intc@8000000/its@8080000"][m
[m[37m[  0.743578 0:2 axvm::arch::aarch64::fdt::core::device:96] [32mFound excluded devices: ["/virtio_mmio@a000000", "/virtio_mmio@a000200", "/virtio_mmio@a000400", "/virtio_mmio@a000600", "/virtio_mmio@a000800", "/virtio_mmio@a000a00", "/virtio_mmio@a000c00", "/virtio_mmio@a000e00", "/virtio_mmio@a001000", "/virtio_mmio@a001200", "/virtio_mmio@a001400", "/virtio_mmio@a001600", "/virtio_mmio@a001800", "/virtio_mmio@a001a00", "/virtio_mmio@a001c00", "/virtio_mmio@a001e00", "/virtio_mmio@a002000", "/virtio_mmio@a002200", "/virtio_mmio@a002400", "/virtio_mmio@a002600", "/virtio_mmio@a002800", "/virtio_mmio@a002a00", "/virtio_mmio@a002c00", "/virtio_mmio@a002e00", "/virtio_mmio@a003000", "/virtio_mmio@a003200", "/virtio_mmio@a003400", "/virtio_mmio@a003600", "/virtio_mmio@a003800", "/virtio_mmio@a003a00", "/virtio_mmio@a003c00", "/virtio_mmio@a003e00", "/pcie@10000000", "/pl061@9030000", "/pl031@9010000", "/gpio-key-poweroff", "/intc@8000000", "/pl011@9000000", "/timer", "/intc@8000000/its@8080000"][m
[m[37m[  0.745418 0:2 axvisor::config:137] [32mCreating VM[1] "linux-net"[m
[m[37m[  0.745870 0:2 axvm::arch::aarch64::vgic::plan:214] [32massigned_spis: 0 passthrough interrupts configured[m
[m[37m[  0.757471 0:2 axvm::vm:821] [32mVM created: id=1[m
[m[37m[  0.758459 0:2 axvisor::config:149] [32mVM[1] created success, loading images...[m
[m[37m[  0.838591 0:2 axvm::boot::images:137] [32mLoading ramdisk image from memory (2947072 bytes) into GPA @0x8c000000[m
[m[37m[  0.855878 0:2 axdevice::device:1232] [32mDeviceRuntime: registered device id=0[m
[m[37m[  0.856196 0:2 axdevice::device:1232] [32mDeviceRuntime: registered device id=1[m
[m[37m[  0.856331 0:2 axdevice::device:1232] [32mDeviceRuntime: registered device id=2[m
[m[37m[  0.857577 0:2 axdevice::device:1232] [32mDeviceRuntime: registered device id=3[m
[m[37m[  0.859004 0:2 axdevice::device:1232] [32mDeviceRuntime: registered device id=4[m
[m[37m[  0.861456 0:2 axvm::vm::prepare:82] [32mVM setup: id=1[m
[m[37m[  0.864794 0:2 axvm::arch::aarch64::fdt::core:79] [32mVM[3] virtual GIC follows host firmware resources: GuestGicProfile { compatible: "arm,gic-v3", node_path: "/intc@8000000", node_phandle: Some(32773), distributor: GuestMmioRegion { base: 134217728, length: 65536 }, cpu_region: Redistributors(GuestGicRedistributorProfile { regions: [GuestMmioRegion { base: 134873088, length: 16121856 }], stride: 131072 }), its: [GuestItsProfile { id: ItsId(0), node_path: "/intc@8000000/its@8080000", node_phandle: Some(32774), registers: GuestMmioRegion { base: 134742016, length: 131072 } }] }[m
[m[37m[  0.865404 0:2 axvm::arch::aarch64::fdt::core:93] [32mVM[3] architectural timer follows host firmware PPIs[m
[m[37m[  0.868841 0:2 axvm::arch::aarch64::fdt::core::parser:442] [32mCPU node: /cpus/cpu@0, node_id: 0x0, hardware_cpu_id: 0x0[m
[m[37m[  0.868971 0:2 axvm::arch::aarch64::fdt::core::parser:442] [32mCPU node: /cpus/cpu@1, node_id: 0x1, hardware_cpu_id: 0x1[m
[m[37m[  0.869095 0:2 axvm::arch::aarch64::fdt::core::parser:442] [32mCPU node: /cpus/cpu@2, node_id: 0x2, hardware_cpu_id: 0x2[m
[m[37m[  0.869216 0:2 axvm::arch::aarch64::fdt::core::parser:442] [32mCPU node: /cpus/cpu@3, node_id: 0x3, hardware_cpu_id: 0x3[m
[m[37m[  0.869359 0:2 axvm::arch::aarch64::fdt::core::parser:449] [32mFound 4 host CPU nodes[m
[m[37m[  0.869459 0:2 axvm::arch::aarch64::fdt::core:144] [32mVM[3] DTB not found, generating from the VM configuration[m
[m[37m[  0.877609 0:2 axvm::arch::aarch64::fdt::core::device:96] [32mFound excluded devices: ["/virtio_mmio@a000000", "/virtio_mmio@a000200", "/virtio_mmio@a000400", "/virtio_mmio@a000600", "/virtio_mmio@a000800", "/virtio_mmio@a000a00", "/virtio_mmio@a000c00", "/virtio_mmio@a000e00", "/virtio_mmio@a001000", "/virtio_mmio@a001200", "/virtio_mmio@a001400", "/virtio_mmio@a001600", "/virtio_mmio@a001800", "/virtio_mmio@a001a00", "/virtio_mmio@a001c00", "/virtio_mmio@a001e00", "/virtio_mmio@a002000", "/virtio_mmio@a002200", "/virtio_mmio@a002400", "/virtio_mmio@a002600", "/virtio_mmio@a002800", "/virtio_mmio@a002a00", "/virtio_mmio@a002c00", "/virtio_mmio@a002e00", "/virtio_mmio@a003000", "/virtio_mmio@a003200", "/virtio_mmio@a003400", "/virtio_mmio@a003600", "/virtio_mmio@a003800", "/virtio_mmio@a003a00", "/virtio_mmio@a003c00", "/virtio_mmio@a003e00", "/pcie@10000000", "/pl061@9030000", "/pl031@9010000", "/gpio-key-poweroff", "/intc@8000000", "/pl011@9000000", "/timer", "/intc@8000000/its@8080000"][m
[m[37m[  0.883667 0:2 axvm::arch::aarch64::fdt::core::device:96] [32mFound excluded devices: ["/virtio_mmio@a000000", "/virtio_mmio@a000200", "/virtio_mmio@a000400", "/virtio_mmio@a000600", "/virtio_mmio@a000800", "/virtio_mmio@a000a00", "/virtio_mmio@a000c00", "/virtio_mmio@a000e00", "/virtio_mmio@a001000", "/virtio_mmio@a001200", "/virtio_mmio@a001400", "/virtio_mmio@a001600", "/virtio_mmio@a001800", "/virtio_mmio@a001a00", "/virtio_mmio@a001c00", "/virtio_mmio@a001e00", "/virtio_mmio@a002000", "/virtio_mmio@a002200", "/virtio_mmio@a002400", "/virtio_mmio@a002600", "/virtio_mmio@a002800", "/virtio_mmio@a002a00", "/virtio_mmio@a002c00", "/virtio_mmio@a002e00", "/virtio_mmio@a003000", "/virtio_mmio@a003200", "/virtio_mmio@a003400", "/virtio_mmio@a003600", "/virtio_mmio@a003800", "/virtio_mmio@a003a00", "/virtio_mmio@a003c00", "/virtio_mmio@a003e00", "/pcie@10000000", "/pl061@9030000", "/pl031@9010000", "/gpio-key-poweroff", "/intc@8000000", "/pl011@9000000", "/timer", "/intc@8000000/its@8080000"][m
[m[37m[  0.885162 0:2 axvisor::config:137] [32mCreating VM[3] "rtthread-net"[m
[m[37m[  0.885254 0:2 axvm::arch::aarch64::vgic::plan:214] [32massigned_spis: 0 passthrough interrupts configured[m
[m[37m[  0.886453 0:2 axvm::vm:821] [32mVM created: id=3[m
[m[37m[  0.886611 0:2 axvisor::config:149] [32mVM[3] created success, loading images...[m
[m[37m[  0.891343 0:2 axdevice::device:1232] [32mDeviceRuntime: registered device id=0[m
[m[37m[  0.891434 0:2 axdevice::device:1232] [32mDeviceRuntime: registered device id=1[m
[m[37m[  0.891511 0:2 axdevice::device:1232] [32mDeviceRuntime: registered device id=2[m
[m[37m[  0.891664 0:2 axdevice::device:1232] [32mDeviceRuntime: registered device id=3[m
[m[37m[  0.892091 0:2 axdevice::device:1232] [32mDeviceRuntime: registered device id=4[m
[m[37m[  0.892255 0:2 axvm::vm::prepare:82] [32mVM setup: id=3[m
[m[37m[  0.892427 0:2 axvm::runtime:42] [32mInitializing VMM...[m
[m[37m[  0.892916 0:2 axvm::runtime:53] [32mVMM starting, booting VMs...[m
[m[37m[  0.893094 0:2 axvm::vm:1046] [32mStarting VM[1][m
[m[37m[  0.893212 0:2 axvm::runtime::vcpus:343] [32mSpawning task for VM[1] VCpu[0][m
[m[37m[  0.893548 0:2 axvm::runtime::vcpus:360] [32mVCpu task Task(19, "VM[1]-VCpu[0]") created cpumask: [0, 1, ][m
[m[37m[  0.895347 0:2 axvm::runtime:61] [32mVM[1] boot success[m
[m[37m[  0.895419 0:2 axvm::vm:1046] [32mStarting VM[3][m
[m[37m[  0.895475 0:2 axvm::runtime::vcpus:343] [32mSpawning task for VM[3] VCpu[0][m
[m[37m[  0.895566 0:2 axvm::runtime::vcpus:360] [32mVCpu task Task(21, "VM[3]-VCpu[0]") created cpumask: [2, ][m
[m[37m[  0.895853 0:2 axvm::runtime:61] [32mVM[3] boot success[m
[m[37m[  0.896070 2:21 axvm::runtime::vcpus:414] [32mVM[3] VCpu[0] waiting for running[m
[m[37m[  0.896419 2:21 axvm::runtime::vcpus:456] [32mVM[3] VCpu[0] running...[m
[m[37m[  0.897175 0:2 axvisor:89] [32m[OK] Default guest initialized[m
[m[37m[  0.897660 0:19 axvm::runtime::vcpus:414] [32mVM[1] VCpu[0] waiting for running[m
[m[37m[  0.897774 0:19 axvm::runtime::vcpus:456] [32mVM[1] VCpu[0] running...[m
[m[VM 3] PQR[32m[I/rtdm.ofw] Booting RT-Thread on physical CPU 0x0[0m
[VM 3] [32m[I/rtdm.ofw] Machine model: linux,dummy-virt[0m
[VM 3] [32m[I/rtdm.ofw] Memory node(0) ranges: 0x00000000a0000000 - 0x00000000b0000000[0m
[VM 3] [32m[I/mm.memblock] System memory:[0m
[VM 3] [32m[I/mm.memblock]                    [0x00000000a0000000, 0x00000000b0000000][0m
[VM 3] [32m[I/mm.memblock] Reserved memory:[0m
[VM 3] [32m[I/mm.memblock]                    [0x00000000a0000000, 0x00000000a0102000][0m
[VM 3] [32m[I/mm.memblock]                    [0x00000000a0102000, 0x00000000a4102000][0m
[37m[  0.943272 0:19 axvm::runtime::hvc:258] [32mVM[1] PSCI_FEATURES function_id=0x80000000[m
[m[37m[  0.943897 0:19 axvm::runtime::hvc:258] [32mVM[1] PSCI_FEATURES function_id=0xc4000001[m
[m[37m[  0.944174 0:19 axvm::runtime::hvc:258] [32mVM[1] PSCI_FEATURES function_id=0xc400000e[m
[m[37m[  0.944391 0:19 axvm::runtime::hvc:258] [32mVM[1] PSCI_FEATURES function_id=0xc4000012[m
[m[37m[  0.944607 0:19 axvm::runtime::hvc:258] [32mVM[1] PSCI_FEATURES function_id=0xc4000015[m
[m[VM 3] [32m[I/mm.memblock]                    [0x00000000a4102000, 0x00000000a4302000][0m
[VM 3] [32m[I/mm.memblock]                    [0x00000000a4302000, 0x00000000a4303000][0m
[VM 3] [32m[I/mm.memblock] physical memory region [0x00000000a4303000-0x00000000b0000000] installed to system page[0m
[VM 3] [32m[I/mm.memblock] 198 MB memory installed to system page[0m
[VM 3] [32m[I/osi.psci] Using PSCI v1.1 Function IDs[0m
[VM 3] [32m[I/rtdm.ofw] Console: uart0 (<no-node>)[0m
[VM 3] 
[VM 3]  \ | /
[VM 3] - RT -     Thread Operating System
[VM 3]  / | \     5.2.2 build Aug 15 2026 21:23:04
[VM 3]  2006 - 2024 Copyright by RT-Thread team
[VM 3] lwIP-2.1.2 initialized!
[37m[  1.035773 0:19 axvisor::virtio_net:501] [33mvirtio-net drops an ingress frame: NotReady[m
[m[VM 3] [32m[I/sal.skt] Socket Abstraction Layer initialize success.[0m
[37m[  1.051567 0:19 axvm::runtime::hvc:272] [32mVM[1] PSCI_CPU_ON target=0x1 entry=0x81e3f570 context=0x0[m
[m[37m[  1.052095 0:19 axvm::runtime::vcpus:343] [32mSpawning task for VM[1] VCpu[1][m
[m[37m[  1.052245 0:19 axvm::runtime::vcpus:360] [32mVCpu task Task(24, "VM[1]-VCpu[1]") created cpumask: [0, 1, ][m
[m[37m[  1.052648 0:24 axvm::runtime::vcpus:414] [32mVM[1] VCpu[1] waiting for running[m
[m[37m[  1.053060 0:24 axvm::runtime::vcpus:456] [32mVM[1] VCpu[1] running...[m
[m[VM 3] [32m[I/rtdm.mnt] File system initialization done[0m
[VM 3] Axvisor RT-Thread guest ready
[VM 1] [    0.000000] Booting Linux on physical CPU 0x0000000000 [0x410fd083]
[VM 1] [    0.000000] Linux version 6.18.0-rc6-gfd95357fd8c6-dirty (runner@s1lqc) (aarch64-linux-gnu-gcc (Ubuntu 13.3.0-6ubuntu2~24.04) 13.3.0, GNU ld (GNU Binutils for Ubuntu) 2.42) #25 SMP PREEMPT Fri Mar 20 11:22:05 CST 2026
[VM 1] [    0.000000] KASLR disabled due to lack of seed
[VM 1] [    0.000000] Machine model: linux,dummy-virt
[VM 1] [    0.000000] efi: UEFI not found.
[VM 1] [    0.000000] OF: reserved mem: Reserved memory: No reserved-memory node in the DT
[VM 1] [    0.000000] NUMA: Faking a node at [mem 0x0000000080000000-0x000000009fffffff]
[VM 1] [    0.000000] NODE_DATA(0) allocated [mem 0x9ff06f40-0x9ff095bf]
[VM 1] [    0.000000] Zone ranges:
[VM 1] [    0.000000]   DMA      [mem 0x0000000080000000-0x000000009fffffff]
[VM 1] [    0.000000]   DMA32    empty
[VM 1] [    0.000000]   Normal   empty
[VM 1] [    0.000000] Movable zone start for each node
[VM 1] [    0.000000] Early memory node ranges
[VM 1] [    0.000000]   node   0: [mem 0x0000000080000000-0x000000009fffffff]
[VM 1] [    0.000000] Initmem setup node 0 [mem 0x0000000080000000-0x000000009fffffff]
[VM 1] [    0.000000] cma: Reserved 32 MiB at 0x000000009d600000
[VM 1] [    0.000000] psci: probing for conduit method from DT.
[VM 1] [    0.000000] psci: PSCIv1.1 detected in firmware.
[VM 1] [    0.000000] psci: Using standard PSCI v0.2 function IDs
[VM 1] [    0.000000] psci: Trusted OS migration not required
[VM 1] [    0.000000] psci: SMC Calling Convention v65535.65535
[VM 1] [    0.000000] percpu: Embedded 25 pages/cpu s62488 r8192 d31720 u102400
[VM 1] [    0.000000] Detected PIPT I-cache on CPU0
[VM 1] [    0.000000] CPU features: detected: GICv3 CPU interface
[VM 1] [    0.000000] CPU features: detected: Spectre-v2
[VM 1] [    0.000000] CPU features: detected: Spectre-v3a
[VM 1] [    0.000000] CPU features: detected: Spectre-v4
[VM 1] [    0.000000] CPU features: detected: Spectre-BHB
[VM 1] [    0.000000] CPU features: detected: ARM erratum 1742098
[VM 1] [    0.000000] CPU features: detected: ARM errata 1165522, 1319367, or 1530923
[VM 1] [    0.000000] alternatives: applying boot alternatives
[VM 1] [    0.000000] Kernel command line: 
[VM 1] [    0.000000] printk: log buffer data + meta data: 131072 + 458752 = 589824 bytes
[VM 1] [    0.000000] Dentry cache hash table entries: 65536 (order: 7, 524288 bytes, linear)
[VM 1] [    0.000000] Inode-cache hash table entries: 32768 (order: 6, 262144 bytes, linear)
[VM 1] [    0.000000] software IO TLB: SWIOTLB bounce buffer size adjusted to 0MB
[VM 1] [    0.000000] software IO TLB: area num 2.
[VM 1] [    0.000000] software IO TLB: mapped [mem 0x000000009d540000-0x000000009d5c0000] (0MB)
[VM 1] [    0.000000] Fallback order for Node 0: 0 
[VM 1] [    0.000000] Built 1 zonelists, mobility grouping on.  Total pages: 131072
[VM 1] [    0.000000] Policy zone: DMA
[VM 1] [    0.000000] mem auto-init: stack:all(zero), heap alloc:off, heap free:off
[VM 1] [    0.000000] SLUB: HWalign=64, Order=0-3, MinObjects=0, CPUs=2, Nodes=1
[VM 1] [    0.000000] rcu: Preemptible hierarchical RCU implementation.
[VM 1] [    0.000000] rcu: 	RCU event tracing is enabled.
[VM 1] [    0.000000] rcu: 	RCU restricting CPUs from NR_CPUS=512 to nr_cpu_ids=2.
[VM 1] [    0.000000] 	Trampoline variant of Tasks RCU enabled.
[VM 1] [    0.000000] 	Tracing variant of Tasks RCU enabled.
[VM 1] [    0.000000] rcu: RCU calculated value of scheduler-enlistment delay is 25 jiffies.
[VM 1] [    0.000000] rcu: Adjusting geometry for rcu_fanout_leaf=16, nr_cpu_ids=2
[VM 1] [    0.000000] RCU Tasks: Setting shift to 1 and lim to 1 rcu_task_cb_adjust=1 rcu_task_cpu_ids=2.
[VM 1] [    0.000000] RCU Tasks Trace: Setting shift to 1 and lim to 1 rcu_task_cb_adjust=1 rcu_task_cpu_ids=2.
[VM 1] [    0.000000] NR_IRQS: 64, nr_irqs: 64, preallocated irqs: 0
[VM 1] [    0.000000] GICv3: 256 SPIs implemented
[VM 1] [    0.000000] GICv3: 0 Extended SPIs implemented
[VM 1] [    0.000000] Root IRQ handler: gic_handle_irq
[VM 1] [    0.000000] GICv3: GICv3 features: 16 PPIs, RSS
[VM 1] [    0.000000] GICv3: GICD_CTLR.DS=0, SCR_EL3.FIQ=0
[VM 1] [    0.000000] GICv3: CPU0: found redistributor 0 region 0:0x00000000080a0000
[VM 1] [    0.000000] ITS [mem 0x08080000-0x0809ffff]
[VM 1] [    0.000000] ITS@0x0000000008080000: allocated 8192 Devices @83050000 (indirect, esz 8, psz 64K, shr 1)
[VM 1] [    0.000000] ITS@0x0000000008080000: allocated 8192 Interrupt Collections @83060000 (flat, esz 8, psz 64K, shr 1)
[VM 1] [    0.000000] GICv3: using LPI property table @0x0000000083070000
[VM 1] [    0.000000] GICv3: CPU0: using allocated LPI pending table @0x0000000083080000
[VM 1] [    0.000000] rcu: srcu_init: Setting srcu_struct sizes based on contention.
[VM 1] [    0.000000] arch_timer: cp15 timer running at 62.50MHz (virt).
[VM 1] [    0.000000] clocksource: arch_sys_counter: mask: 0x1ffffffffffffff max_cycles: 0x1cd42e208c, max_idle_ns: 881590405314 ns
[VM 1] [    0.000039] sched_clock: 57 bits at 63MHz, resolution 16ns, wraps every 4398046511096ns
[VM 1] [    0.005879] Console: colour dummy device 80x25
[VM 1] [    0.006158] printk: legacy console [tty0] enabled
[VM 1] [    0.008757] Calibrating delay loop (skipped), value calculated using timer frequency.. 125.00 BogoMIPS (lpj=250000)
[VM 1] [    0.008862] pid_max: default: 32768 minimum: 301
[VM 1] [    0.010316] LSM: initializing lsm=capability
[VM 1] [    0.012887] Mount-cache hash table entries: 1024 (order: 1, 8192 bytes, linear)
[VM 1] [    0.012935] Mountpoint-cache hash table entries: 1024 (order: 1, 8192 bytes, linear)
[VM 1] [    0.029431] /cpus/cpu-map/socket0/cluster0/core2: Can't get CPU for leaf core
[VM 1] [    0.030034] cacheinfo: Unable to detect cache hierarchy for CPU 0
[VM 1] [    0.038028] rcu: Hierarchical SRCU implementation.
[VM 1] [    0.038078] rcu: 	Max phase no-delay instances is 1000.
[VM 1] [    0.038702] Timer migration: 1 hierarchy levels; 8 children per group; 1 crossnode level
[VM 1] [    0.040344] fsl-mc MSI: its@8080000 domain created
[VM 1] [    0.041205] EFI services will not be available.
[VM 1] [    0.041778] smp: Bringing up secondary CPUs ...
[VM 1] [    0.045944] Detected PIPT I-cache on CPU1
[VM 1] [    0.046708] GICv3: CPU1: found redistributor 1 region 0:0x00000000080c0000
[VM 1] [    0.048135] GICv3: CPU1: using allocated LPI pending table @0x0000000083090000
[VM 1] [    0.049646] CPU1: Booted secondary processor 0x0000000001 [0x410fd083]
[VM 1] [    0.057296] smp: Brought up 1 node, 2 CPUs
[VM 1] [    0.057372] SMP: Total of 2 processors activated.
[VM 1] [    0.057397] CPU: All CPU(s) started at EL1
[VM 1] [    0.057560] CPU features: detected: 32-bit EL0 Support
[VM 1] [    0.057576] CPU features: detected: 32-bit EL1 Support
[VM 1] [    0.057616] CPU features: detected: CRC32 instructions
[VM 1] [    0.057723] CPU features: detected: PMUv3
[VM 1] [    0.086122] alternatives: applying system-wide alternatives
[VM 1] [    0.113139] Memory: 426520K/524288K available (17920K kernel code, 5422K rwdata, 12940K rodata, 11648K init, 690K bss, 62540K reserved, 32768K cma-reserved)
[VM 1] [    0.134455] devtmpfs: initialized
[VM 1] [    0.150140] clocksource: jiffies: mask: 0xffffffff max_cycles: 0xffffffff, max_idle_ns: 7645041785100000 ns
[VM 1] [    0.151140] posixtimers hash table entries: 1024 (order: 2, 16384 bytes, linear)
[VM 1] [    0.151354] futex hash table entries: 512 (32768 bytes on 1 NUMA nodes, total 32 KiB, linear).
[VM 1] [    0.152800] 20544 pages in range for non-PLT usage
[VM 1] [    0.152829] 512064 pages in range for PLT usage
[VM 1] [    0.155548] pinctrl core: initialized pinctrl subsystem
[VM 1] [    0.161861] DMI not present or invalid.
[VM 1] [    0.222110] NET: Registered PF_NETLINK/PF_ROUTE protocol family
[VM 1] [    0.230044] DMA: preallocated 128 KiB GFP_KERNEL pool for atomic allocations
[VM 1] [    0.232167] DMA: preallocated 128 KiB GFP_KERNEL|GFP_DMA pool for atomic allocations
[VM 1] [    0.233211] DMA: preallocated 128 KiB GFP_KERNEL|GFP_DMA32 pool for atomic allocations
[VM 1] [    0.233373] audit: initializing netlink subsys (disabled)
[VM 1] [    0.238164] thermal_sys: Registered thermal governor 'step_wise'
[VM 1] [    0.238200] thermal_sys: Registered thermal governor 'power_allocator'
[VM 1] [    0.238437] cpuidle: using governor menu
[VM 1] [    0.239080] hw-breakpoint: found 6 breakpoint and 4 watchpoint registers.
[VM 1] [    0.240116] audit: type=2000 audit(0.168:1): state=initialized audit_enabled=0 res=1
[VM 1] [    0.241124] ASID allocator initialised with 65536 entries
[VM 1] [    0.245418] Serial: AMBA PL011 UART driver
[VM 1] [    0.260381] 9000000.pl011: ttyAMA0 at MMIO 0x9000000 (irq = 13, base_baud = 0) is a PL011 rev1
[VM 1] [    0.264170] printk: console [ttyAMA0] enabled
[VM 1] [    0.302529] HugeTLB: registered 1.00 GiB page size, pre-allocated 0 pages
[VM 1] [    0.302568] HugeTLB: 0 KiB vmemmap can be freed for a 1.00 GiB page
[VM 1] [    0.302598] HugeTLB: registered 32.0 MiB page size, pre-allocated 0 pages
[VM 1] [    0.302610] HugeTLB: 0 KiB vmemmap can be freed for a 32.0 MiB page
[VM 1] [    0.302622] HugeTLB: registered 2.00 MiB page size, pre-allocated 0 pages
[VM 1] [    0.302634] HugeTLB: 0 KiB vmemmap can be freed for a 2.00 MiB page
[VM 1] [    0.302646] HugeTLB: registered 64.0 KiB page size, pre-allocated 0 pages
[VM 1] [    0.302657] HugeTLB: 0 KiB vmemmap can be freed for a 64.0 KiB page
[VM 1] [    0.440185] ACPI: Interpreter disabled.
[VM 1] [    0.455050] iommu: Default domain type: Translated
[VM 1] [    0.455102] iommu: DMA domain TLB invalidation policy: strict mode
[VM 1] [    0.480006] SCSI subsystem initialized
[VM 1] [    0.482252] usbcore: registered new interface driver usbfs
[VM 1] [    0.482432] usbcore: registered new interface driver hub
[VM 1] [    0.482518] usbcore: registered new device driver usb
[VM 1] [    0.483074] pps_core: LinuxPPS API ver. 1 registered
[VM 1] [    0.483091] pps_core: Software ver. 5.3.6 - Copyright 2005-2007 Rodolfo Giometti <giometti@linux.it>
[VM 1] [    0.483132] PTP clock support registered
[VM 1] [    0.483341] EDAC MC: Ver: 3.0.0
[VM 1] [    0.484122] scmi_core: SCMI protocol bus registered
[VM 1] [    0.485191] FPGA manager framework
[VM 3] msh />[32m[I/rtipic.srv] server starting on 192.168.77.30:9876[0m
[VM 1] [    0.506574] vgaarb: loaded
[VM 3] [32m[I/rtipic.srv] listening...[0m
[VM 1] [    0.557211] clocksource: Switched to clocksource arch_sys_counter
[VM 1] [    0.558129] VFS: Disk quotas dquot_6.6.0
[VM 1] [    0.558195] VFS: Dquot-cache hash table entries: 512 (order 0, 4096 bytes)
[VM 1] [    0.610140] pnp: PnP ACPI: disabled
[VM 1] [    0.714859] NET: Registered PF_INET protocol family

[Axvisor] attached VM[3] console; use Ctrl+X, then h to return to the shell
rtbench_stability 300
RTBENCH_STABILITY_BEGIN seconds=300 expected=299999
msh />[32m[I/rtipic.srv] client connected[0m
[32m[I/rtipic.srv] stats: msgs=2281 bytes=97KB conn=1[0m
[32m[I/rtipic.srv] proto: state=3 tx=1132 rx=1132 retrans=0 timeouts=0 dup=0 reorder=0 errors=0 acks=1131[0m
[32m[I/rtipic.srv] stats: msgs=6427 bytes=274KB conn=1[0m
[32m[I/rtipic.srv] proto: state=3 tx=3189 rx=3189 retrans=0 timeouts=0 dup=0 reorder=0 errors=0 acks=3189[0m
[32m[I/rtipic.srv] stats: msgs=10895 bytes=465KB conn=1[0m
[32m[I/rtipic.srv] proto: state=3 tx=5409 rx=5409 retrans=0 timeouts=0 dup=0 reorder=0 errors=0 acks=5408[0m
[32m[I/rtipic.srv] stats: msgs=15566 bytes=665KB conn=1[0m
[32m[I/rtipic.srv] proto: state=3 tx=7729 rx=7729 retrans=0 timeouts=0 dup=0 reorder=0 errors=0 acks=7729[0m
[32m[I/rtipic.srv] stats: msgs=19896 bytes=850KB conn=1[0m
[32m[I/rtipic.srv] proto: state=3 tx=9879 rx=9879 retrans=0 timeouts=0 dup=0 reorder=0 errors=0 acks=9879[0m
[32m[I/rtipic.srv] stats: msgs=24557 bytes=1049KB conn=1[0m
[32m[I/rtipic.srv] proto: state=3 tx=12195 rx=12195 retrans=0 timeouts=0 dup=0 reorder=0 errors=0 acks=12194[0m
[32m[I/rtipic.srv] stats: msgs=29357 bytes=1255KB conn=1[0m
[32m[I/rtipic.srv] proto: state=3 tx=14580 rx=14580 retrans=0 timeouts=0 dup=0 reorder=0 errors=0 acks=14580[0m
[32m[I/rtipic.srv] stats: msgs=33987 bytes=1453KB conn=1[0m
[32m[I/rtipic.srv] proto: state=3 tx=16880 rx=16880 retrans=0 timeouts=0 dup=0 reorder=0 errors=0 acks=16880[0m
[32m[I/rtipic.srv] stats: msgs=38308 bytes=1638KB conn=1[0m
[32m[I/rtipic.srv] proto: state=3 tx=19026 rx=19026 retrans=0 timeouts=0 dup=0 reorder=0 errors=0 acks=19026[0m
[32m[I/rtipic.srv] stats: msgs=42820 bytes=1830KB conn=1[0m
[32m[I/rtipic.srv] proto: state=3 tx=21267 rx=21267 retrans=0 timeouts=0 dup=0 reorder=0 errors=0 acks=21267[0m
[32m[I/rtipic.srv] stats: msgs=47027 bytes=2010KB conn=1[0m
[32m[I/rtipic.srv] proto: state=3 tx=23356 rx=23356 retrans=0 timeouts=0 dup=0 reorder=0 errors=0 acks=23355[0m
[32m[I/rtipic.srv] stats: msgs=51036 bytes=2182KB conn=1[0m
[32m[I/rtipic.srv] proto: state=3 tx=25345 rx=25345 retrans=0 timeouts=0 dup=0 reorder=0 errors=0 acks=25345[0m
[32m[I/rtipic.srv] stats: msgs=54931 bytes=2348KB conn=1[0m
[32m[I/rtipic.srv] proto: state=3 tx=27277 rx=27278 retrans=1 timeouts=0 dup=1 reorder=0 errors=0 acks=27278[0m
[37m[142.390787 2:21 axvisor::virtio_net:230] [33mvirtio-net TX[1] 118 bytes dropped: SourceMacViolation (total 1)[m
[m[32m[I/rtipic.srv] stats: msgs=59142 bytes=2528KB conn=1[0m
[32m[I/rtipic.srv] proto: state=3 tx=29368 rx=29369 retrans=2 timeouts=0 dup=1 reorder=0 errors=0 acks=29368[0m
[32m[I/rtipic.srv] stats: msgs=64369 bytes=3120KB conn=1[0m
[32m[I/rtipic.srv] proto: state=3 tx=31966 rx=31967 retrans=2 timeouts=0 dup=1 reorder=0 errors=0 acks=31967[0m
[32m[I/rtipic.srv] stats: msgs=70024 bytes=3890KB conn=1[0m
[32m[I/rtipic.srv] proto: state=3 tx=34779 rx=34780 retrans=2 timeouts=0 dup=1 reorder=0 errors=0 acks=34780[0m
[32m[I/rtipic.srv] stats: msgs=75492 bytes=4634KB conn=1[0m
[32m[I/rtipic.srv] proto: state=3 tx=37498 rx=37499 retrans=2 timeouts=0 dup=1 reorder=0 errors=0 acks=37499[0m
[32m[I/rtipic.srv] stats: msgs=80791 bytes=5355KB conn=1[0m
[32m[I/rtipic.srv] proto: state=3 tx=40133 rx=40134 retrans=2 timeouts=0 dup=1 reorder=0 errors=0 acks=40133[0m
[32m[I/rtipic.srv] stats: msgs=86730 bytes=6163KB conn=1[0m
[32m[I/rtipic.srv] proto: state=3 tx=43086 rx=43088 retrans=3 timeouts=0 dup=2 reorder=0 errors=0 acks=43088[0m
[32m[I/rtipic.srv] stats: msgs=91503 bytes=6812KB conn=1[0m
[32m[I/rtipic.srv] proto: state=3 tx=45457 rx=45460 retrans=4 timeouts=0 dup=3 reorder=0 errors=0 acks=45460[0m
[32m[I/rtipic.srv] stats: msgs=96435 bytes=7482KB conn=1[0m
[32m[I/rtipic.srv] proto: state=3 tx=47908 rx=47911 retrans=4 timeouts=0 dup=3 reorder=0 errors=0 acks=47911[0m
[32m[I/rtipic.srv] stats: msgs=100805 bytes=8076KB conn=1[0m
[32m[I/rtipic.srv] proto: state=3 tx=50078 rx=50081 retrans=4 timeouts=0 dup=3 reorder=0 errors=0 acks=50081[0m
[32m[I/rtipic.srv] stats: msgs=105953 bytes=8776KB conn=1[0m
[32m[I/rtipic.srv] proto: state=3 tx=52637 rx=52640 retrans=4 timeouts=0 dup=3 reorder=0 errors=0 acks=52640[0m
[32m[I/rtipic.srv] stats: msgs=111685 bytes=9556KB conn=1[0m
[32m[I/rtipic.srv] proto: state=3 tx=55488 rx=55491 retrans=4 timeouts=0 dup=3 reorder=0 errors=0 acks=55491[0m
[32m[I/rtipic.srv] stats: msgs=117017 bytes=10281KB conn=1[0m
[32m[I/rtipic.srv] proto: state=3 tx=58139 rx=58142 retrans=4 timeouts=0 dup=3 reorder=0 errors=0 acks=58142[0m
[32m[I/rtipic.srv] stats: msgs=123233 bytes=12052KB conn=1[0m
[32m[I/rtipic.srv] proto: state=3 tx=61233 rx=61236 retrans=4 timeouts=0 dup=3 reorder=0 errors=0 acks=61235[0m
[32m[I/rtipic.srv] stats: msgs=129987 bytes=15493KB conn=1[0m
[32m[I/rtipic.srv] proto: state=3 tx=64595 rx=64598 retrans=4 timeouts=0 dup=3 reorder=0 errors=0 acks=64597[0m
[32m[I/rtipic.srv] stats: msgs=135882 bytes=18494KB conn=1[0m
[32m[I/rtipic.srv] proto: state=3 tx=67527 rx=67530 retrans=4 timeouts=0 dup=3 reorder=0 errors=0 acks=67530[0m
[32m[I/rtipic.srv] stats: msgs=142297 bytes=21763KB conn=1[0m
[32m[I/rtipic.srv] proto: state=3 tx=70720 rx=70723 retrans=4 timeouts=0 dup=3 reorder=0 errors=0 acks=70722[0m
[32m[I/rtipic.srv] stats: msgs=148956 bytes=25155KB conn=1[0m
[32m[I/rtipic.srv] proto: state=3 tx=74034 rx=74037 retrans=4 timeouts=0 dup=3 reorder=0 errors=0 acks=74037[0m
RTBENCH metric=stability_jitter run=1 expected=299999 collected=299999 missing=0 p50_ns=64560 p95_ns=288000 p99_ns=373872 p99_9_ns=457440 max_ns=997808 miss_100us=108925 miss_500us=73 miss_1ms=0 mean_ns=98966
RTBENCH metric=callback_exec run=1 expected=299999 collected=299999 missing=0 p50_ns=528 p95_ns=704 p99_ns=1088 p99_9_ns=10624 max_ns=337616 miss_100us=185 miss_500us=0 miss_1ms=0 mean_ns=637
RTBENCH_STABILITY_END status=PASS expected=299999 collected=299999 missing=0
RTBENCH_STABILITY_DONE

[Axvisor] attached VM[1] console; use Ctrl+X, then h to return to the shell
[    0.715967] IP idents hash table entries: 8192 (order: 4, 65536 bytes, linear)
[    0.718020] tcp_listen_portaddr_hash hash table entries: 256 (order: 0, 4096 bytes, linear)
[    0.718088] Table-perturb hash table entries: 65536 (order: 6, 262144 bytes, linear)
[    0.718133] TCP established hash table entries: 4096 (order: 3, 32768 bytes, linear)
[    0.718246] TCP bind hash table entries: 4096 (order: 5, 131072 bytes, linear)
[    0.718341] TCP: Hash tables configured (established 4096 bind 4096)
[    0.718963] UDP hash table entries: 256 (order: 2, 16384 bytes, linear)
[    0.719093] UDP-Lite hash table entries: 256 (order: 2, 16384 bytes, linear)
[    0.719705] NET: Registered PF_UNIX/PF_LOCAL protocol family
[    0.722231] RPC: Registered named UNIX socket transport module.
[    0.722282] RPC: Registered udp transport module.
[    0.722297] RPC: Registered tcp transport module.
[    0.722309] RPC: Registered tcp-with-tls transport module.
[    0.722321] RPC: Registered tcp NFSv4.1 backchannel transport module.
[    0.722387] PCI: CLS 0 bytes, default 64
[    0.724642] Unpacking initramfs...
[    0.741741] kvm [1]: HYP mode not available
[    0.744436] Initialise system trusted keyrings
[    0.771107] workingset: timestamp_bits=42 max_order=17 bucket_order=0
[    0.772263] squashfs: version 4.0 (2009/01/31) Phillip Lougher
[    0.779497] Freeing initrd memory: 2876K
[    0.793365] NFS: Registering the id_resolver key type
[    0.793599] Key type id_resolver registered
[    0.793624] Key type id_legacy registered
[    0.793809] nfs4filelayout_init: NFSv4 File Layout Driver Registering...
[    0.793858] nfs4flexfilelayout_init: NFSv4 Flexfile Layout Driver Registering...
eth0      Link encap:Ethernet  HWaddr 34:54:00:4D:00:01  [    0.794314] 9p: Installing v9fs 9p2000 file system support
[    0.913007] Key type asymmetric registered
[    0.913066] Asymmetric key parser 'x509' registered

[    0.913253] Block layer SCSI generic (bsg) driver version 0.4 loaded (major 244)
[    0.913345] io scheduler mq-deadline registered
          BROADCAST MULTICAST  MTU:1500  Metric:1[    0.913388] io scheduler kyber registered
[    0.913576] io scheduler bfq registered

[    0.957168] ledtrig-cpu: registered to indicate activity on CPUs
[    1.106933] Serial: 8250/16550 driver, 4 ports, IRQ sharing enabled
[    1.142100] msm_serial: driver initialized
          RX packets:0 errors:0 dropped:0 overruns:0 frame:0[    1.142471] SuperH (H)SCI(F) driver initialized
[    1.142555] STM32 USART driver initialized

[    1.169610] loop: module loaded
[    1.191712] megasas: 07.734.00.00-rc1
[    1.197776] tun: Universal TUN/TAP device driver, 1.6
          TX packets:0 errors:0 dropped:0 overruns:0 carrier:0[    1.392062] thunder_xcv, ver 1.0
[    1.392159] thunder_bgx, ver 1.0

[    1.392236] nicpf, ver 1.0
[    1.393638] e1000: Intel(R) PRO/1000 Network Driver
[    1.393661] e1000: Copyright (c) 1999-2006 Intel Corporation.
[    1.393748] e1000e: Intel(R) PRO/1000 Network Driver
          collisions:0 txqueuelen:1000 [    1.393764] e1000e: Copyright(c) 1999 - 2015 Intel Corporation.
[    1.393836] igb: Intel(R) Gigabit Ethernet Network Driver

[    1.393853] igb: Copyright (c) 2007-2014 Intel Corporation.
[    1.393925] igbvf: Intel(R) Gigabit Virtual Function Network Driver
[    1.393942] igbvf: Copyright (c) 2009 - 2012 Intel Corporation.
          RX bytes:0 (0.0 B)  TX bytes:0 (0.0 B)[    1.394242] sky2: driver version 1.30
[    1.395651] VFIO - User Level meta-driver version: 0.3

[    1.398848] usbcore: registered new interface driver usb-storage
[    1.418309] i2c_dev: i2c /dev entries driver
[    1.433737] sdhci: Secure Digital Host Controller Interface driver
[    1.433772] sdhci: Copyright(c) Pierre Ossman
[    1.434208] Synopsys Designware Multimedia Card Interface Driver

[    1.434762] sdhci-pltfm: SDHCI platform and OF driver helper
[    1.437067] SMCCC: SOC_ID: ARCH_SOC_ID not implemented, skipping ....
[    1.438476] usbcore: registered new interface driver usbhid
[    1.438500] usbhid: USB HID core driver
[    1.448741] NET: Registered PF_PACKET protocol family
lo        Link encap:Local Loopback  [    1.449441] 9pnet: Installing 9P2000 support
[    1.449605] Key type dns_resolver registered

[    1.552741] registered taskstats version 1
[    1.554975] Loading compiled-in X.509 certificates
[    1.581327] Demotion targets for Node 0: null
          LOOPBACK  MTU:65536  Metric:1[    1.592166] clk: Disabling unused clocks
[    1.592312] PM: genpd: Disabling unused power domains

[    1.895426] Freeing unused kernel memory: 11648K
[    1.904397] Run /init as init process
          RX packets:0 errors:0 dropped:0 overruns:0 frame:0
          TX packets:0 errors:0 dropped:0 overruns:0 carrier:0
          collisions:0 txqueuelen:1000 
          RX bytes:0 (0.0 B)  TX bytes:0 (0.0 B)

Linux network guest ready: 192.168.77.11/24
eth0      Link encap:Ethernet  HWaddr 34:54:00:4D:00:01  
          inet addr:192.168.77.11  Bcast:0.0.0.0  Mask:255.255.255.0
          UP BROADCAST RUNNING MULTICAST  MTU:1500  Metric:1
          RX packets:0 errors:0 dropped:0 overruns:0 frame:0
          TX packets:0 errors:0 dropped:0 overruns:0 carrier:0
          collisions:0 txqueuelen:1000 
          RX bytes:0 (0.0 B)  TX bytes:0 (0.0 B)

PING 192.168.77.30 (192.168.77.30): 56 data bytes
64 bytes from 192.168.77.30: seq=0 ttl=255 time=11.880 ms

--- 192.168.77.30 ping statistics ---
1 packets transmitted, 1 packets received, 0% packet loss
round-trip min/avg/max = 11.880/11.880/11.880 ms
Linux reached RT-Thread at 192.168.77.30
Linux network counters before RT-IPC:
Ip: Forwarding DefaultTTL InReceives InHdrErrors InAddrErrors ForwDatagrams InUnknownProtos InDiscards InDelivers OutRequests OutDiscards OutNoRoutes ReasmTimeout ReasmReqds ReasmOKs ReasmFails FragOKs FragFails FragCreates OutTransmits
Ip: 2 64 1 0 0 0 0 0 1 1 0 0 0 0 0 0 0 0 0 1
Icmp: InMsgs InErrors InCsumErrors InDestUnreachs InTimeExcds InParmProbs InSrcQuenchs InRedirects InEchos InEchoReps InTimestamps InTimestampReps InAddrMasks InAddrMaskReps OutMsgs OutErrors OutRateLimitGlobal OutRateLimitHost OutDestUnreachs OutTimeExcds OutParmProbs OutSrcQuenchs OutRedirects OutEchos OutEchoReps OutTimestamps OutTimestampReps OutAddrMasks OutAddrMaskReps
Icmp: 1 0 0 0 0 0 0 0 0 1 0 0 0 0 1 0 0 0 0 0 0 0 0 1 0 0 0 0 0
IcmpMsg: InType0 OutType8
IcmpMsg: 1 1
Tcp: RtoAlgorithm RtoMin RtoMax MaxConn ActiveOpens PassiveOpens AttemptFails EstabResets CurrEstab InSegs OutSegs RetransSegs InErrs OutRsts InCsumErrors
Tcp: 1 200 120000 -1 0 0 0 0 0 0 0 0 0 0 0
Udp: InDatagrams NoPorts InErrors OutDatagrams RcvbufErrors SndbufErrors InCsumErrors IgnoredMulti MemErrors
Udp: 0 0 0 0 0 0 0 0 0
UdpLite: InDatagrams NoPorts InErrors OutDatagrams RcvbufErrors SndbufErrors InCsumErrors IgnoredMulti MemErrors
UdpLite: 0 0 0 0 0 0 0 0 0
Starting RT-IPC benchmark...
=== RT-IPC Benchmark Client ===
Target: 192.168.77.30:9876, count=30000 per size

[client] connecting...
[client] connected!

--- Payload 64B ---
[progress] size=64 idx=999 sent=1000 recv=999 state=3 tx=1000 rx=999 retrans=0 timeouts=0 dup=0 reorder=0 errors=0 acks=1000 stall=2ms
[progress] size=64 idx=1850 sent=1851 recv=1851 state=3 tx=1851 rx=1851 retrans=0 timeouts=0 dup=0 reorder=0 errors=0 acks=1851 stall=0ms
[progress] size=64 idx=2865 sent=2866 recv=2866 state=3 tx=2866 rx=2866 retrans=0 timeouts=0 dup=0 reorder=0 errors=0 acks=2866 stall=0ms
[progress] size=64 idx=3948 sent=3949 recv=3949 state=3 tx=3949 rx=3949 retrans=0 timeouts=0 dup=0 reorder=0 errors=0 acks=3949 stall=0ms
[progress] size=64 idx=5098 sent=5099 recv=5098 state=3 tx=5099 rx=5098 retrans=0 timeouts=0 dup=0 reorder=0 errors=0 acks=5099 stall=2ms
[progress] size=64 idx=6229 sent=6230 recv=6229 state=3 tx=6230 rx=6229 retrans=0 timeouts=0 dup=0 reorder=0 errors=0 acks=6230 stall=2ms
[progress] size=64 idx=7391 sent=7392 recv=7392 state=3 tx=7392 rx=7392 retrans=0 timeouts=0 dup=0 reorder=0 errors=0 acks=7392 stall=0ms
[progress] size=64 idx=8618 sent=8619 recv=8619 state=3 tx=8619 rx=8619 retrans=0 timeouts=0 dup=0 reorder=0 errors=0 acks=8619 stall=0ms
[progress] size=64 idx=9653 sent=9654 recv=9654 state=3 tx=9654 rx=9654 retrans=0 timeouts=0 dup=0 reorder=0 errors=0 acks=9654 stall=0ms
[progress] size=64 idx=10609 sent=10610 recv=10610 state=3 tx=10610 rx=10610 retrans=0 timeouts=0 dup=0 reorder=0 errors=0 acks=10610 stall=0ms
[   56.714161] random: crng init done
[progress] size=64 idx=11826 sent=11827 recv=11827 state=3 tx=11827 rx=11827 retrans=0 timeouts=0 dup=0 reorder=0 errors=0 acks=11827 stall=0ms
[progress] size=64 idx=13185 sent=13186 recv=13186 state=3 tx=13186 rx=13186 retrans=0 timeouts=0 dup=0 reorder=0 errors=0 acks=13186 stall=0ms
[progress] size=64 idx=14336 sent=14337 recv=14337 state=3 tx=14337 rx=14337 retrans=0 timeouts=0 dup=0 reorder=0 errors=0 acks=14337 stall=0ms
[client] fault injection: force disconnect at request=15000
[client] reconnect complete recovery_ms=205 attempts=1
[progress] size=64 idx=15512 sent=15513 recv=15512 state=3 tx=15513 rx=15512 retrans=0 timeouts=0 dup=0 reorder=0 errors=0 acks=15513 stall=3ms
[progress] size=64 idx=16705 sent=16706 recv=16706 state=3 tx=16706 rx=16706 retrans=0 timeouts=0 dup=0 reorder=0 errors=0 acks=16706 stall=0ms
[progress] size=64 idx=17748 sent=17749 recv=17749 state=3 tx=17749 rx=17749 retrans=0 timeouts=0 dup=0 reorder=0 errors=0 acks=17749 stall=0ms
[progress] size=64 idx=18771 sent=18772 recv=18771 state=3 tx=18772 rx=18771 retrans=0 timeouts=0 dup=0 reorder=0 errors=0 acks=18772 stall=2ms
[progress] size=64 idx=19899 sent=19900 recv=19899 state=3 tx=19900 rx=19899 retrans=0 timeouts=0 dup=0 reorder=0 errors=0 acks=19900 stall=2ms
[progress] size=64 idx=21032 sent=21033 recv=21032 state=3 tx=21033 rx=21032 retrans=0 timeouts=0 dup=0 reorder=0 errors=0 acks=21033 stall=2ms
[progress] size=64 idx=22038 sent=22039 recv=22038 state=3 tx=22039 rx=22038 retrans=0 timeouts=0 dup=0 reorder=0 errors=0 acks=22038 stall=276ms
[progress] size=64 idx=23118 sent=23119 recv=23118 state=3 tx=23119 rx=23118 retrans=0 timeouts=0 dup=0 reorder=0 errors=0 acks=23119 stall=2ms
[progress] size=64 idx=24080 sent=24081 recv=24081 state=3 tx=24081 rx=24081 retrans=0 timeouts=0 dup=0 reorder=0 errors=0 acks=24081 stall=0ms
[progress] size=64 idx=25150 sent=25151 recv=25150 state=3 tx=25151 rx=25150 retrans=0 timeouts=0 dup=0 reorder=0 errors=0 acks=25151 stall=3ms
[progress] size=64 idx=26046 sent=26047 recv=26046 state=3 tx=26047 rx=26047 retrans=1 timeouts=0 dup=1 reorder=0 errors=0 acks=26048 stall=2ms
[progress] size=64 idx=27030 sent=27031 recv=27031 state=3 tx=27031 rx=27032 retrans=1 timeouts=0 dup=1 reorder=0 errors=0 acks=27032 stall=0ms
[progress] size=64 idx=28074 sent=28075 recv=28075 state=3 tx=28075 rx=28076 retrans=1 timeouts=0 dup=1 reorder=0 errors=0 acks=28076 stall=1ms
[progress] size=64 idx=29281 sent=29282 recv=29281 state=3 tx=29282 rx=29282 retrans=1 timeouts=0 dup=1 reorder=0 errors=0 acks=29283 stall=2ms
  sent=30000  recv=30000  loss=0%
  RTT: min=0ms avg=4ms max=882ms P50=2ms P95=23ms P99=23ms P99.9=24ms
  throughput=13.49KiB/s
  request_timeouts=0 protocol_errors=0 reconnects=1
  transport: retrans=1 timeouts=0 dup=1 reorder=0 errors=0

--- Payload 256B ---
[progress] size=256 idx=1420 sent=1421 recv=1421 state=3 tx=31421 rx=31422 retrans=1 timeouts=0 dup=1 reorder=0 errors=0 acks=31422 stall=0ms
[progress] size=256 idx=2652 sent=2653 recv=2653 state=3 tx=32653 rx=32654 retrans=1 timeouts=0 dup=1 reorder=0 errors=0 acks=32654 stall=0ms
[progress] size=256 idx=4089 sent=4090 recv=4089 state=3 tx=34090 rx=34090 retrans=1 timeouts=0 dup=1 reorder=0 errors=0 acks=34091 stall=2ms
[progress] size=256 idx=5396 sent=5397 recv=5397 state=3 tx=35397 rx=35398 retrans=1 timeouts=0 dup=1 reorder=0 errors=0 acks=35398 stall=0ms
[progress] size=256 idx=6791 sent=6792 recv=6792 state=3 tx=36792 rx=36793 retrans=1 timeouts=0 dup=1 reorder=0 errors=0 acks=36793 stall=0ms
[progress] size=256 idx=8122 sent=8123 recv=8123 state=3 tx=38123 rx=38124 retrans=1 timeouts=0 dup=1 reorder=0 errors=0 acks=38124 stall=0ms
[progress] size=256 idx=9565 sent=9566 recv=9566 state=3 tx=39566 rx=39567 retrans=1 timeouts=0 dup=1 reorder=0 errors=0 acks=39567 stall=0ms
[progress] size=256 idx=11026 sent=11027 recv=11027 state=3 tx=41027 rx=41028 retrans=1 timeouts=0 dup=1 reorder=0 errors=0 acks=41028 stall=0ms
[progress] size=256 idx=12390 sent=12391 recv=12390 state=3 tx=42391 rx=42392 retrans=2 timeouts=0 dup=2 reorder=0 errors=0 acks=42393 stall=2ms
[progress] size=256 idx=13946 sent=13947 recv=13947 state=3 tx=43947 rx=43949 retrans=2 timeouts=0 dup=2 reorder=0 errors=0 acks=43949 stall=0ms
[progress] size=256 idx=14929 sent=14930 recv=14929 state=3 tx=44930 rx=44932 retrans=3 timeouts=0 dup=3 reorder=0 errors=0 acks=44933 stall=2ms
[progress] size=256 idx=16179 sent=16180 recv=16179 state=3 tx=46180 rx=46182 retrans=3 timeouts=0 dup=3 reorder=0 errors=0 acks=46183 stall=2ms
[progress] size=256 idx=17381 sent=17382 recv=17382 state=3 tx=47382 rx=47385 retrans=3 timeouts=0 dup=3 reorder=0 errors=0 acks=47385 stall=0ms
[progress] size=256 idx=18548 sent=18549 recv=18549 state=3 tx=48549 rx=48552 retrans=3 timeouts=0 dup=3 reorder=0 errors=0 acks=48552 stall=0ms
[progress] size=256 idx=19548 sent=19549 recv=19548 state=3 tx=49549 rx=49551 retrans=3 timeouts=0 dup=3 reorder=0 errors=0 acks=49552 stall=3ms
[progress] size=256 idx=20819 sent=20820 recv=20819 state=3 tx=50820 rx=50822 retrans=3 timeouts=0 dup=3 reorder=0 errors=0 acks=50823 stall=3ms
[progress] size=256 idx=22066 sent=22067 recv=22066 state=3 tx=52067 rx=52069 retrans=3 timeouts=0 dup=3 reorder=0 errors=0 acks=52070 stall=3ms
[progress] size=256 idx=23544 sent=23545 recv=23545 state=3 tx=53545 rx=53548 retrans=3 timeouts=0 dup=3 reorder=0 errors=0 acks=53548 stall=0ms
[progress] size=256 idx=24915 sent=24916 recv=24916 state=3 tx=54916 rx=54919 retrans=3 timeouts=0 dup=3 reorder=0 errors=0 acks=54919 stall=1ms
[progress] size=256 idx=26162 sent=26163 recv=26163 state=3 tx=56163 rx=56166 retrans=3 timeouts=0 dup=3 reorder=0 errors=0 acks=56166 stall=0ms
[progress] size=256 idx=27610 sent=27611 recv=27610 state=3 tx=57611 rx=57613 retrans=3 timeouts=0 dup=3 reorder=0 errors=0 acks=57614 stall=3ms
[progress] size=256 idx=29021 sent=29022 recv=29022 state=3 tx=59022 rx=59025 retrans=3 timeouts=0 dup=3 reorder=0 errors=0 acks=59025 stall=0ms
  sent=30000  recv=30000  loss=0%
  RTT: min=0ms avg=3ms max=603ms P50=2ms P95=23ms P99=23ms P99.9=23ms
  throughput=66.07KiB/s
  request_timeouts=0 protocol_errors=0 reconnects=0
  transport: retrans=2 timeouts=0 dup=2 reorder=0 errors=0

--- Payload 1024B ---
[progress] size=1024 idx=1652 sent=1653 recv=1652 state=3 tx=61653 rx=61655 retrans=3 timeouts=0 dup=3 reorder=0 errors=0 acks=61656 stall=2ms
[progress] size=1024 idx=3350 sent=3351 recv=3350 state=3 tx=63351 rx=63353 retrans=3 timeouts=0 dup=3 reorder=0 errors=0 acks=63354 stall=12ms
[progress] size=1024 idx=4957 sent=4958 recv=4957 state=3 tx=64958 rx=64960 retrans=3 timeouts=0 dup=3 reorder=0 errors=0 acks=64961 stall=2ms
[progress] size=1024 idx=6291 sent=6292 recv=6291 state=3 tx=66292 rx=66294 retrans=3 timeouts=0 dup=3 reorder=0 errors=0 acks=66295 stall=2ms
[progress] size=1024 idx=7914 sent=7915 recv=7914 state=3 tx=67915 rx=67917 retrans=3 timeouts=0 dup=3 reorder=0 errors=0 acks=67918 stall=25ms
[progress] size=1024 idx=9541 sent=9542 recv=9541 state=3 tx=69542 rx=69544 retrans=3 timeouts=0 dup=3 reorder=0 errors=0 acks=69545 stall=24ms
[progress] size=1024 idx=11098 sent=11099 recv=11098 state=3 tx=71099 rx=71101 retrans=3 timeouts=0 dup=3 reorder=0 errors=0 acks=71102 stall=3ms
[progress] size=1024 idx=12762 sent=12763 recv=12763 state=3 tx=72763 rx=72766 retrans=3 timeouts=0 dup=3 reorder=0 errors=0 acks=72766 stall=0ms
[progress] size=1024 idx=14045 sent=14046 recv=14045 state=3 tx=74046 rx=74048 retrans=3 timeouts=0 dup=3 reorder=0 errors=0 acks=74049 stall=1176ms
[progress] size=1024 idx=15256 sent=15257 recv=15256 state=3 tx=75257 rx=75260 retrans=3 timeouts=0 dup=4 reorder=0 errors=0 acks=75260 stall=3ms
[progress] size=1024 idx=17068 sent=17069 recv=17068 state=3 tx=77069 rx=77072 retrans=3 timeouts=0 dup=4 reorder=0 errors=0 acks=77072 stall=2ms
[progress] size=1024 idx=18843 sent=18844 recv=18843 state=3 tx=78844 rx=78847 retrans=3 timeouts=0 dup=4 reorder=0 errors=0 acks=78847 stall=11ms
[progress] size=1024 idx=20582 sent=20583 recv=20582 state=3 tx=80583 rx=80586 retrans=3 timeouts=0 dup=4 reorder=0 errors=0 acks=80586 stall=2ms
[progress] size=1024 idx=22391 sent=22392 recv=22391 state=3 tx=82392 rx=82395 retrans=3 timeouts=0 dup=4 reorder=0 errors=0 acks=82395 stall=3ms
[progress] size=1024 idx=24128 sent=24129 recv=24128 state=3 tx=84129 rx=84132 retrans=3 timeouts=0 dup=4 reorder=0 errors=0 acks=84132 stall=2ms
[progress] size=1024 idx=25904 sent=25905 recv=25904 state=3 tx=85905 rx=85908 retrans=3 timeouts=0 dup=4 reorder=0 errors=0 acks=85908 stall=10ms
[progress] size=1024 idx=27550 sent=27551 recv=27550 state=3 tx=87551 rx=87554 retrans=3 timeouts=0 dup=4 reorder=0 errors=0 acks=87554 stall=24ms
[progress] size=1024 idx=29274 sent=29275 recv=29274 state=3 tx=89275 rx=89278 retrans=3 timeouts=0 dup=4 reorder=0 errors=0 acks=89278 stall=2ms
  sent=30000  recv=30000  loss=0%
  RTT: min=0ms avg=2ms max=1633ms P50=2ms P95=3ms P99=22ms P99.9=25ms
  throughput=325.41KiB/s
  request_timeouts=0 protocol_errors=0 reconnects=0
  transport: retrans=0 timeouts=0 dup=1 reorder=0 errors=0

========================================
ALL TESTS COMPLETE
========================================
RT-IPC client exited with rc=0
Linux network counters after RT-IPC:
