qemu-system-aarch64: -serial unix:/tmp/tmp.SxzI9JNIcn/serial.sock,server=on,wait=on: info: QEMU waiting for connection on: disconnected:unix:/tmp/tmp.SxzI9JNIcn/serial.sock,server=on
qemu-system-aarch64: warning: hub 77 is not connected to host network
ax_cpu2_timer_late_take host_ns=2404067730072687 raw_count=0x3b1c862 offset=0x3548772 cval=0x5cc221 late_ticks=32463
ax_cpu2_timer_late_assert host_ns=2404067730792579 raw_count=0x3b27823 offset=0x3548772 cval=0x5cc221 late_ticks=77456
ax_cpu2_timer_late_assert host_ns=2404067773668148 raw_count=0x3db5bcc offset=0x3548772 cval=0x85c42d late_ticks=69677
ax_cpu2_timer_late_take host_ns=2404067773675178 raw_count=0x3db5d84 offset=0x3548772 cval=0x85c42d late_ticks=70117
ax_cpu2_timer_late_assert host_ns=2404067848072649 raw_count=0x42250f6 offset=0x3548772 cval=0xcd4ab9 late_ticks=32459
ax_cpu2_timer_late_assert host_ns=2404068606068976 raw_count=0x6f532a9 offset=0x3548772 cval=0x3a02d51 late_ticks=32230
ax_cpu2_timer_late_assert host_ns=2404070072212310 raw_count=0xc6b6bcf offset=0x3548772 cval=0x9164379 late_ticks=41188
ax_cpu2_timer_late_take host_ns=2404070072222890 raw_count=0xc6b6e63 offset=0x3548772 cval=0x9164379 late_ticks=41848
ax_cpu2_timer_late_assert host_ns=2404070073070122 raw_count=0xc6c3d3c offset=0x3548772 cval=0x917379d late_ticks=32301
ax_cpu2_timer_late_take host_ns=2404070075161387 raw_count=0xc6e3bcb offset=0x3548772 cval=0x917379d late_ticks=163004
ax_cpu2_timer_late_assert host_ns=2404071656174791 raw_count=0x12520166 offset=0x3548772 cval=0xefce239 late_ticks=38843
ax_cpu2_timer_late_take host_ns=2404071656190701 raw_count=0x12520547 offset=0x3548772 cval=0xefce239 late_ticks=39836
ax_cpu2_timer_late_assert host_ns=2404072498044177 raw_count=0x1574dfec offset=0x3548772 cval=0x121df859 late_ticks=155681
ax_cpu2_timer_late_take host_ns=2404072498059137 raw_count=0x1574e393 offset=0x3548772 cval=0x121df859 late_ticks=156616
ax_cpu2_timer_late_assert host_ns=2404073018160513 raw_count=0x1764e574 offset=0x3548772 cval=0x140fc9c1 late_ticks=37953
ax_cpu2_timer_late_take host_ns=2404073018180753 raw_count=0x1764ea63 offset=0x3548772 cval=0x140fc9c1 late_ticks=39216
ax_cpu2_timer_late_assert host_ns=2404073943072349 raw_count=0x1ad6f5ff offset=0x3548772 cval=0x1781efd5 late_ticks=32440
ax_cpu2_timer_late_assert host_ns=2404073951058029 raw_count=0x1ade93a0 offset=0x3548772 cval=0x178990f5 late_ticks=31545
ax_cpu2_timer_late_assert host_ns=2404074546076034 raw_count=0x1d1607b1 offset=0x3548772 cval=0x19c100a1 late_ticks=32670
ax_cpu2_timer_late_assert host_ns=2404074560057430 raw_count=0x1d235d1f offset=0x3548772 cval=0x19ce5a99 late_ticks=31508
ax_cpu2_timer_late_assert host_ns=2404074562136166 raw_count=0x1d2558a0 offset=0x3548772 cval=0x19d042e1 late_ticks=36429
ax_cpu2_timer_late_take host_ns=2404074562144546 raw_count=0x1d255aab offset=0x3548772 cval=0x19d042e1 late_ticks=36952
ax_cpu2_timer_late_assert host_ns=2404074629054236 raw_count=0x1d652a0c offset=0x3548772 cval=0x1a10284d late_ticks=31309
ax_cpu2_timer_late_assert host_ns=2404074652167345 raw_count=0x1d7b34eb offset=0x3548772 cval=0x1a261789 late_ticks=38384
ax_cpu2_timer_late_assert host_ns=2404074822063507 raw_count=0x1e1d3b72 offset=0x3548772 cval=0x1ac83771 late_ticks=31887
ax_cpu2_timer_late_assert host_ns=2404074945088600 raw_count=0x1e928edf offset=0x3548772 cval=0x1b3d84bd late_ticks=33456
ax_cpu2_timer_late_assert host_ns=2404075212054370 raw_count=0x1f91280f offset=0x3548772 cval=0x1c3c2649 late_ticks=31316
ax_cpu2_timer_late_take host_ns=2404075212068830 raw_count=0x1f912b96 offset=0x3548772 cval=0x1c3c2649 late_ticks=32219
ax_cpu2_timer_late_take host_ns=2404075301055706 raw_count=0x1fe608e6 offset=0x3548772 cval=0x1c9106cd late_ticks=31399
ax_cpu2_timer_late_assert host_ns=2404075301158177 raw_count=0x1fe621eb offset=0x3548772 cval=0x1c9106cd late_ticks=37804
ax_cpu2_timer_late_assert host_ns=2404075552055305 raw_count=0x20d5681a offset=0x3548772 cval=0x1d806619 late_ticks=31375
ax_cpu2_timer_late_take host_ns=2404075552070195 raw_count=0x20d56bbc offset=0x3548772 cval=0x1d806619 late_ticks=32305
ax_cpu2_timer_late_assert host_ns=2404075621082391 raw_count=0x21173c6c offset=0x3548772 cval=0x1dc233cd late_ticks=33069
ax_cpu2_timer_late_take host_ns=2404075732054033 raw_count=0x2181111a offset=0x3548772 cval=0x1e2c0f69 late_ticks=31295
ax_cpu2_timer_late_assert host_ns=2404075732161803 raw_count=0x21812b6a offset=0x3548772 cval=0x1e2c0f69 late_ticks=38031
ax_cpu2_timer_late_assert host_ns=2404075935082699 raw_count=0x2242b0a6 offset=0x3548772 cval=0x1eeda7f5 late_ticks=33087
ax_cpu2_timer_late_assert host_ns=2404075942071487 raw_count=0x22495ae6 offset=0x3548772 cval=0x1ef454f1 late_ticks=32387
ax_cpu2_timer_late_assert host_ns=2404076082058873 raw_count=0x22cedb81 offset=0x3548772 cval=0x1f79d8a1 late_ticks=31598
ax_cpu2_timer_late_assert host_ns=2404076116095210 raw_count=0x22ef5128 offset=0x3548772 cval=0x1f9a4569 late_ticks=33869
ax_cpu2_timer_late_assert host_ns=2404076569062282 raw_count=0x249f4cd2 offset=0x3548772 cval=0x214a491d late_ticks=31811
ax_cpu2_timer_late_assert host_ns=2404076621088774 raw_count=0x24d0ea9a offset=0x3548772 cval=0x217be06d late_ticks=33467
ax_cpu2_timer_late_assert host_ns=2404076625101535 raw_count=0x24d4be47 offset=0x3548772 cval=0x217fb0fd late_ticks=34264
ax_cpu2_timer_late_take host_ns=2404076625121035 raw_count=0x24d4c30a offset=0x3548772 cval=0x217fb0fd late_ticks=35483
ax_cpu2_timer_late_take host_ns=2404076862056017 raw_count=0x25b6b87e offset=0x3548772 cval=0x2261b651 late_ticks=31419
ax_cpu2_timer_late_assert host_ns=2404076862159667 raw_count=0x25b6d1cc offset=0x3548772 cval=0x2261b651 late_ticks=37897
ax_cpu2_timer_late_assert host_ns=2404076906205539 raw_count=0x25e0d32f offset=0x3548772 cval=0x228bac81 late_ticks=40764
ax_cpu2_timer_late_assert host_ns=2404076955075134 raw_count=0x260f6e3e offset=0x3548772 cval=0x22ba6765 late_ticks=32615
ax_cpu2_timer_late_assert host_ns=2404077132054553 raw_count=0x26b8361b offset=0x3548772 cval=0x23633449 late_ticks=31328
ax_cpu2_timer_late_take host_ns=2404077132067823 raw_count=0x26b83958 offset=0x3548772 cval=0x23633449 late_ticks=32157
ax_cpu2_timer_late_assert host_ns=2404077172095345 raw_count=0x26de65b1 offset=0x3548772 cval=0x238959e9 late_ticks=33878
ax_cpu2_timer_late_assert host_ns=2404077232055118 raw_count=0x2717944f offset=0x3548772 cval=0x23c29259 late_ticks=31364
ax_cpu2_timer_late_take host_ns=2404077232067788 raw_count=0x27179765 offset=0x3548772 cval=0x23c29259 late_ticks=32154
ax_cpu2_timer_late_assert host_ns=2404077625065627 raw_count=0x288e6224 offset=0x3548772 cval=0x25395d9d late_ticks=32021
ax_cpu2_timer_late_take host_ns=2404077625078207 raw_count=0x288e6535 offset=0x3548772 cval=0x25395d9d late_ticks=32806
ax_cpu2_timer_late_assert host_ns=2404077695061274 raw_count=0x28d122eb offset=0x3548772 cval=0x257c1f75 late_ticks=31748
ax_cpu2_timer_late_assert host_ns=2404077952058198 raw_count=0x29c63a4f offset=0x3548772 cval=0x26713799 late_ticks=31556
ax_cpu2_timer_late_take host_ns=2404077952074168 raw_count=0x29c63e34 offset=0x3548772 cval=0x26713799 late_ticks=32553
ax_cpu2_timer_late_assert host_ns=2404077998058354 raw_count=0x29f218d1 offset=0x3548772 cval=0x269d1611 late_ticks=31566
ax_cpu2_timer_late_assert host_ns=2404078373056297 raw_count=0x2b57b90c offset=0x3548772 cval=0x2802b6cd late_ticks=31437
ax_cpu2_timer_late_assert host_ns=2404078392071076 raw_count=0x2b69db53 offset=0x3548772 cval=0x2814d579 late_ticks=32360
ax_cpu2_timer_late_assert host_ns=2404078615053342 raw_count=0x2c3e825b offset=0x3548772 cval=0x28e980d5 late_ticks=31252
ax_cpu2_timer_late_assert host_ns=2404078687059325 raw_count=0x2c832df2 offset=0x3548772 cval=0x292e2af5 late_ticks=31627
ax_cpu2_timer_late_assert host_ns=2404078732071489 raw_count=0x2cae1b3e offset=0x3548772 cval=0x29591549 late_ticks=32387
ax_cpu2_timer_late_take host_ns=2404078732088719 raw_count=0x2cae1f72 offset=0x3548772 cval=0x29591549 late_ticks=33463
ax_cpu2_timer_late_assert host_ns=2404078763091528 raw_count=0x2ccbb07e offset=0x3548772 cval=0x2976a5a5 late_ticks=33639
ax_cpu2_timer_late_assert host_ns=2404078892064925 raw_count=0x2d46b023 offset=0x3548772 cval=0x29f1abc9 late_ticks=31976
ax_cpu2_timer_late_take host_ns=2404078892087396 raw_count=0x2d46b59f offset=0x3548772 cval=0x29f1abc9 late_ticks=33380
ax_cpu2_timer_late_assert host_ns=2404078902068811 raw_count=0x2d503a7f offset=0x3548772 cval=0x29fb3531 late_ticks=32220
ax_cpu2_timer_late_assert host_ns=2404079276063631 raw_count=0x2eb4e5d3 offset=0x3548772 cval=0x2b5fe1c9 late_ticks=31896
ax_cpu2_timer_late_assert host_ns=2404079365079627 raw_count=0x2f09ca3f offset=0x3548772 cval=0x2bb4c24d late_ticks=32896
ax_cpu2_timer_late_assert host_ns=2404079461253701 raw_count=0x2f65823e offset=0x3548772 cval=0x2c104fcd late_ticks=43775
ax_cpu2_timer_late_assert host_ns=2404079469056491 raw_count=0x2f6cf339 offset=0x3548772 cval=0x2c17f0ed late_ticks=31450
ax_cpu2_timer_late_take host_ns=2404079469068021 raw_count=0x2f6cf609 offset=0x3548772 cval=0x2c17f0ed late_ticks=32170
ax_cpu2_timer_late_assert host_ns=2404079471074246 raw_count=0x2f6edfd6 offset=0x3548772 cval=0x2c19d935 late_ticks=32559
ax_cpu2_timer_late_assert host_ns=2404079631083982 raw_count=0x300778b7 offset=0x3548772 cval=0x2cb26fb5 late_ticks=33168
ax_cpu2_timer_late_take host_ns=2404079631210562 raw_count=0x3007979d offset=0x3548772 cval=0x2cb26fb5 late_ticks=41078
ax_cpu2_timer_late_assert host_ns=2404079841058155 raw_count=0x30cfb7f1 offset=0x3548772 cval=0x2d7ab53d late_ticks=31554
ax_cpu2_timer_late_assert host_ns=2404080257266431 raw_count=0x325ca54a offset=0x3548772 cval=0x2f076fbd late_ticks=44571
ax_cpu2_timer_late_assert host_ns=2404080259256756 raw_count=0x325e8b36 offset=0x3548772 cval=0x2f095805 late_ticks=43967
ax_cpu2_timer_late_assert host_ns=2404080261413732 raw_count=0x326099d1 offset=0x3548772 cval=0x2f0a4c29 late_ticks=116278
ax_cpu2_timer_late_assert host_ns=2404080302062595 raw_count=0x32875dd9 offset=0x3548772 cval=0x2f325a11 late_ticks=31830
ax_cpu2_timer_late_assert host_ns=2404080386066698 raw_count=0x32d77aaa offset=0x3548772 cval=0x2f8275e1 late_ticks=32087
ax_cpu2_timer_late_assert host_ns=2404080456056816 raw_count=0x331a3a18 offset=0x3548772 cval=0x2fc537b9 late_ticks=31469
ax_cpu2_timer_late_assert host_ns=2404080772071757 raw_count=0x34479a2e offset=0x3548772 cval=0x30f29429 late_ticks=32403
ax_cpu2_timer_late_assert host_ns=2404081117055992 raw_count=0x35909ad9 offset=0x3548772 cval=0x323b98ad late_ticks=31418
ax_cpu2_timer_late_assert host_ns=2404081120069230 raw_count=0x35937a80 offset=0x3548772 cval=0x323e7519 late_ticks=32245
ax_cpu2_timer_late_assert host_ns=2404081208057443 raw_count=0x35e76400 offset=0x3548772 cval=0x32926179 late_ticks=31509
ax_cpu2_timer_late_assert host_ns=2404081414058366 raw_count=0x36abd931 offset=0x3548772 cval=0x3356d671 late_ticks=31566
ax_cpu2_timer_late_assert host_ns=2404081455107400 raw_count=0x36d2feee offset=0x3548772 cval=0x337df035 late_ticks=34631
ax_cpu2_timer_late_assert host_ns=2404081557053918 raw_count=0x37343837 offset=0x3548772 cval=0x33df368d late_ticks=31288
ax_cpu2_timer_late_assert host_ns=2404081766112818 raw_count=0x37fb97fd offset=0x3548772 cval=0x34a687f1 late_ticks=34970
ax_cpu2_timer_late_assert host_ns=2404081777053686 raw_count=0x38060719 offset=0x3548772 cval=0x34b1057d late_ticks=31274
ax_cpu2_timer_late_assert host_ns=2404081971059158 raw_count=0x38bf0bb7 offset=0x3548772 cval=0x356a08c5 late_ticks=31616
ax_cpu2_timer_late_assert host_ns=2404082111054363 raw_count=0x39448e3c offset=0x3548772 cval=0x35ef8c75 late_ticks=31317
ax_cpu2_timer_late_take host_ns=2404082166019222 raw_count=0x3978f963 offset=0x3548772 cval=0x362123c5 late_ticks=216620
ax_cpu2_timer_late_assert host_ns=2404082166179603 raw_count=0x3979208b offset=0x3548772 cval=0x362123c5 late_ticks=226644
ax_cpu2_timer_late_assert host_ns=2404082168056097 raw_count=0x397aeaac offset=0x3548772 cval=0x3625e879 late_ticks=31425
ax_cpu2_timer_late_take host_ns=2404082168077177 raw_count=0x397aefd0 offset=0x3548772 cval=0x3625e879 late_ticks=32741
ax_cpu2_timer_late_assert host_ns=2404082182093353 raw_count=0x39884dbc offset=0x3548772 cval=0x36334271 late_ticks=33753
ax_cpu2_timer_late_assert host_ns=2404082195158096 raw_count=0x3994c35f offset=0x3548772 cval=0x363fa845 late_ticks=37800
ax_cpu2_timer_late_assert host_ns=2404082209135182 raw_count=0x39a217c0 offset=0x3548772 cval=0x364d023d late_ticks=36369
ax_cpu2_timer_late_take host_ns=2404082209154132 raw_count=0x39a21c5f offset=0x3548772 cval=0x364d023d late_ticks=37552
ax_cpu2_timer_late_assert host_ns=2404082212080359 raw_count=0x39a4e6c8 offset=0x3548772 cval=0x364fdea9 late_ticks=32941
ax_cpu2_timer_late_take host_ns=2404082212091109 raw_count=0x39a4e967 offset=0x3548772 cval=0x364fdea9 late_ticks=33612
ax_cpu2_timer_late_assert host_ns=2404082845055863 raw_count=0x3c008dd1 offset=0x3548772 cval=0x38ab8bad late_ticks=31410
ax_cpu2_timer_late_assert host_ns=2404082862167966 raw_count=0x3c10df93 offset=0x3548772 cval=0x38bbc211 late_ticks=38416
ax_cpu2_timer_late_assert host_ns=2404083092176649 raw_count=0x3cec3a0a offset=0x3548772 cval=0x39971a69 late_ticks=38959
ax_cpu2_timer_late_assert host_ns=2404083212078893 raw_count=0x3d5e930c offset=0x3548772 cval=0x3a098b49 late_ticks=32849
ax_cpu2_timer_late_assert host_ns=2404083242107049 raw_count=0x3d7b3624 offset=0x3548772 cval=0x3a262781 late_ticks=34609
ax_cpu2_timer_late_assert host_ns=2404083311059374 raw_count=0x3dbcf835 offset=0x3548772 cval=0x3a67f535 late_ticks=31630
ax_cpu2_timer_late_assert host_ns=2404083391067936 raw_count=0x3e09458b offset=0x3548772 cval=0x3ab44075 late_ticks=32164
ax_cpu2_timer_late_assert host_ns=2404083638075912 raw_count=0x3ef4d63a offset=0x3548772 cval=0x3b9fcf31 late_ticks=32663
ax_cpu2_timer_late_assert host_ns=2404084292065558 raw_count=0x416487ac offset=0x3548772 cval=0x3e0f8329 late_ticks=32017
ax_cpu2_timer_late_assert host_ns=2404084572139107 raw_count=0x426fa100 offset=0x3548772 cval=0x3f1a8a89 late_ticks=36613
ax_cpu2_timer_late_assert host_ns=2404084677108823 raw_count=0x42d3bc5f offset=0x3548772 cval=0x3f7ead4d late_ticks=34720
ax_cpu2_timer_late_assert host_ns=2404084712072661 raw_count=0x42f51477 offset=0x3548772 cval=0x3fa00e39 late_ticks=32460
ax_cpu2_timer_late_assert host_ns=2404084924056278 raw_count=0x43bf3e47 offset=0x3548772 cval=0x406a3c09 late_ticks=31436
qemu-system-aarch64: terminating on signal 15 from pid 1438294 (/bin/bash)
