[32m[I/rtdm.ofw] Booting RT-Thread on physical CPU 0x0[0m
[32m[I/rtdm.ofw] Machine model: linux,dummy-virt[0m
[32m[I/rtdm.ofw] Memory node(0) ranges: 0x0000000040000000 - 0x0000000080000000[0m
[32m[I/mm.memblock] System memory:[0m
[32m[I/mm.memblock]                    [0x0000000040000000, 0x0000000080000000][0m
[32m[I/mm.memblock] Reserved memory:[0m
[32m[I/mm.memblock]                    [0x0000000040200000, 0x0000000040335000][0m
[32m[I/mm.memblock]                    [0x0000000040335000, 0x0000000044335000][0m
[32m[I/mm.memblock]                    [0x0000000044335000, 0x0000000044535000][0m
[32m[I/mm.memblock]                    [0x0000000044535000, 0x0000000044635000][0m
[32m[I/mm.memblock] physical memory region [0x0000000040000000-0x0000000040200000] installed to system page[0m
[32m[I/mm.memblock] physical memory region [0x0000000044635000-0x0000000080000000] installed to system page[0m
[32m[I/mm.memblock] 1002 MB memory installed to system page[0m
[32m[I/osi.psci] Using PSCI v1.1 Function IDs[0m
[32m[I/rtdm.ofw] Console: uart0 (<no-node>)[0m

 \ | /
- RT -     Thread Operating System
 / | \     5.2.2 build Aug 20 2026 17:05:09
 2006 - 2024 Copyright by RT-Thread team
lwIP-2.1.2 initialized!
[32m[I/sal.skt] Socket Abstraction Layer initialize success.[0m
[32m[I/rtdm.mnt] File system initialization done[0m
Axvisor RT-Thread guest ready
TASK3_RTOS_READY ip=192.168.77.30 port=9877
msh />benchmark 1000
msh />RTBENCH_BEGIN samples=1000 frequency=62500000
RTBENCH metric=timer_jitter run=1 expected=1000 collected=1000 missing=0 p50_ns=480 p95_ns=4240 p99_ns=12544 p99_9_ns=29600 max_ns=30112 miss_100us=0 miss_500us=0 miss_1ms=0 mean_ns=1094
RTBENCH metric=callback_exec run=1 expected=1000 collected=1000 missing=0 p50_ns=96 p95_ns=192 p99_ns=1664 p99_9_ns=8768 max_ns=32944 miss_100us=0 miss_500us=0 miss_1ms=0 mean_ns=182
[32m[I/rtipic.srv] server starting on 192.168.77.30:9876[0m
RTIPC_SERVER_READY ip=192.168.77.30 port=9876
[32m[I/rtipic.srv] listening...[0m
RTBENCH metric=timer_jitter run=2 expected=1000 collected=1000 missing=0 p50_ns=592 p95_ns=3744 p99_ns=23968 p99_9_ns=44384 max_ns=47808 miss_100us=0 miss_500us=0 miss_1ms=0 mean_ns=1442
RTBENCH metric=callback_exec run=2 expected=1000 collected=1000 missing=0 p50_ns=112 p95_ns=144 p99_ns=640 p99_9_ns=9488 max_ns=9536 miss_100us=0 miss_500us=0 miss_1ms=0 mean_ns=177
RTBENCH metric=timer_jitter run=3 expected=1000 collected=1000 missing=0 p50_ns=656 p95_ns=6352 p99_ns=19216 p99_9_ns=37136 max_ns=43648 miss_100us=0 miss_500us=0 miss_1ms=0 mean_ns=1620
RTBENCH metric=callback_exec run=3 expected=1000 collected=1000 missing=0 p50_ns=112 p95_ns=272 p99_ns=4368 p99_9_ns=9584 max_ns=9632 miss_100us=0 miss_500us=0 miss_1ms=0 mean_ns=245
RTBENCH metric=preemption run=1 expected=1000 collected=1000 missing=0 p50_ns=2064 p95_ns=2496 p99_ns=4480 p99_9_ns=11744 max_ns=15808 miss_100us=0 miss_500us=0 miss_1ms=0 mean_ns=2189
RTBENCH metric=irq run=1 expected=1000 collected=1000 missing=0 p50_ns=1712 p95_ns=5136 p99_ns=11280 p99_9_ns=11568 max_ns=56656 miss_100us=0 miss_500us=0 miss_1ms=0 mean_ns=2295
RTBENCH metric=irq_to_task run=1 expected=1000 collected=1000 missing=0 p50_ns=3040 p95_ns=3104 p99_ns=4896 p99_9_ns=9792 max_ns=33104 miss_100us=0 miss_500us=0 miss_1ms=0 mean_ns=3131
RTBENCH metric=irq_disabled_duration run=1 expected=1000 collected=1000 missing=0 p50_ns=288 p95_ns=304 p99_ns=304 p99_9_ns=2800 max_ns=23792 miss_100us=0 miss_500us=0 miss_1ms=0 mean_ns=311
RTBENCH metric=mutex_inversion run=1 expected=1000 collected=1000 missing=0 p50_ns=8128 p95_ns=13520 p99_ns=15072 p99_9_ns=28224 max_ns=33968 miss_100us=0 miss_500us=0 miss_1ms=0 mean_ns=7168
RTBENCH metric=wake_under_load run=1 expected=1000 collected=1000 missing=0 p50_ns=1696 p95_ns=1728 p99_ns=1760 p99_9_ns=11824 max_ns=19856 miss_100us=0 miss_500us=0 miss_1ms=0 mean_ns=1744
RTBENCH_NET_READY port=9878 expected=1000
RTBENCH metric=net_event_latency run=1 expected=1000 collected=1000 missing=0 p50_ns=29232 p95_ns=43376 p99_ns=79904 p99_9_ns=113296 max_ns=137824 miss_100us=2 miss_500us=0 miss_1ms=0 mean_ns=31369
RTBENCH_NET_DIAGNOSTIC irq_dropped=0 irq_coalesced=0 probe_received=1000 probe_acked=1000 probe_no_irq=0 probe_duplicates=0
RTBENCH_END status=PASS
