[I/rtdm.ofw] Booting RT-Thread on physical CPU 0x0
[I/rtdm.ofw] Machine model: linux,dummy-virt
[I/rtdm.ofw] Memory node(0) ranges: 0x00000000a0000000 - 0x00000000b0000000
[I/mm.memblock] System memory:
[I/mm.memblock]                    [0x00000000a0000000, 0x00000000b0000000]
[I/mm.memblock] Reserved memory:
[I/mm.memblock]                    [0x00000000a0000000, 0x00000000a0135000]
[I/mm.memblock]                    [0x00000000a0135000, 0x00000000a4135000]
[I/mm.memblock]                    [0x00000000a4135000, 0x00000000a4335000]
[I/mm.memblock]                    [0x00000000a4335000, 0x00000000a4336000]
[I/mm.memblock] physical memory region [0x00000000a4336000-0x00000000b0000000] installed to system page
[I/mm.memblock] 197 MB memory installed to system page
[I/osi.psci] Using PSCI v1.1 Function IDs
[I/rtdm.ofw] Console: uart0 (<no-node>)

 \ | /
- RT -     Thread Operating System
 / | \     5.2.2 build Aug 20 2026 17:04:31
 2006 - 2024 Copyright by RT-Thread team
lwIP-2.1.2 initialized!
[I/sal.skt] Socket Abstraction Layer initialize success.
[I/rtdm.mnt] File system initialization done
Axvisor RT-Thread guest ready
TASK3_RTOS_READY ip=192.168.77.30 port=9877
msh />[I/rtipic.srv] server starting on 192.168.77.30:9876
RTIPC_SERVER_READY ip=192.168.77.30 port=9876
RTBENCH_NET_PROBE_READY listen=9879 count=1000
RTBENCH_NET_PROBE_TRIGGERED count=1000
RTBENCH_NET_PROBE_END sent=1000 retries=0
RTBENCH metric=timer_jitter run=1 expected=1000 collected=1000 missing=0 p50_ns=4544 p95_ns=16864 p99_ns=52608 p99_9_ns=328864 max_ns=353520 miss_100us=4 miss_500us=0 miss_1ms=0 mean_ns=6987
RTBENCH metric=callback_exec run=1 expected=1000 collected=1000 missing=0 p50_ns=544 p95_ns=976 p99_ns=1376 p99_9_ns=5920 max_ns=44192 miss_100us=0 miss_500us=0 miss_1ms=0 mean_ns=678
RTBENCH metric=timer_jitter run=2 expected=1000 collected=1000 missing=0 p50_ns=3088 p95_ns=18240 p99_ns=51984 p99_9_ns=59808 max_ns=66048 miss_100us=0 miss_500us=0 miss_1ms=0 mean_ns=5581
RTBENCH metric=callback_exec run=2 expected=1000 collected=1000 missing=0 p50_ns=480 p95_ns=624 p99_ns=784 p99_9_ns=1376 max_ns=1760 miss_100us=0 miss_500us=0 miss_1ms=0 mean_ns=504
RTBENCH metric=timer_jitter run=3 expected=1000 collected=1000 missing=0 p50_ns=3440 p95_ns=190080 p99_ns=309600 p99_9_ns=342768 max_ns=347056 miss_100us=69 miss_500us=0 miss_1ms=0 mean_ns=22830
RTBENCH metric=callback_exec run=3 expected=1000 collected=1000 missing=0 p50_ns=480 p95_ns=624 p99_ns=784 p99_9_ns=3248 max_ns=3376 miss_100us=0 miss_500us=0 miss_1ms=0 mean_ns=505
RTBENCH metric=preemption run=1 expected=1000 collected=1000 missing=0 p50_ns=4224 p95_ns=4768 p99_ns=6992 p99_9_ns=1039920 max_ns=1040656 miss_100us=6 miss_500us=4 miss_1ms=2 mean_ns=7553
RTBENCH metric=irq run=1 expected=1000 collected=1000 missing=0 p50_ns=75440 p95_ns=95616 p99_ns=288368 p99_9_ns=410528 max_ns=1529360 miss_100us=48 miss_500us=1 miss_1ms=1 mean_ns=85235
RTBENCH metric=irq_to_task run=1 expected=1000 collected=1000 missing=0 p50_ns=76720 p95_ns=285776 p99_ns=919040 p99_9_ns=968256 max_ns=1544784 miss_100us=113 miss_500us=43 miss_1ms=1 mean_ns=120164
RTBENCH metric=irq_disabled_duration run=1 expected=1000 collected=1000 missing=0 p50_ns=224 p95_ns=240 p99_ns=240 p99_9_ns=2304 max_ns=21456 miss_100us=0 miss_500us=0 miss_1ms=0 mean_ns=250
RTBENCH metric=mutex_inversion run=1 expected=1000 collected=1000 missing=0 p50_ns=11312 p95_ns=13920 p99_ns=247296 p99_9_ns=1649584 max_ns=1722688 miss_100us=19 miss_500us=9 miss_1ms=6 mean_ns=20322
RTBENCH metric=wake_under_load run=1 expected=1000 collected=1000 missing=0 p50_ns=1536 p95_ns=1968 p99_ns=3296 p99_9_ns=7920 max_ns=199312 miss_100us=1 miss_500us=0 miss_1ms=0 mean_ns=1809
RTBENCH_NET_READY port=9878 expected=1000
RTBENCH metric=net_event_latency run=1 expected=1000 collected=1000 missing=0 p50_ns=854688 p95_ns=1722720 p99_ns=1907680 p99_9_ns=1977328 max_ns=1978272 miss_100us=1000 miss_500us=762 miss_1ms=162 mean_ns=808486
RTBENCH_NET_DIAGNOSTIC irq_dropped=0 irq_coalesced=0 probe_received=1000 probe_acked=1000 probe_no_irq=0 probe_duplicates=0
RTBENCH_END status=PASS
TASK3_RTOS_FINAL requests=9 errors=0 duplicates=0 applied_steps=3 retries=0
