[32m[I/rtdm.ofw] Booting RT-Thread on physical CPU 0x0[0m
[32m[I/rtdm.ofw] Machine model: linux,dummy-virt[0m
[32m[I/rtdm.ofw] Memory node(0) ranges: 0x0000000040000000 - 0x0000000080000000[0m
[32m[I/mm.memblock] System memory:[0m
[32m[I/mm.memblock]                    [0x0000000040000000, 0x0000000080000000][0m
[32m[I/mm.memblock] Reserved memory:[0m
[32m[I/mm.memblock]                    [0x0000000040200000, 0x0000000040335000][0m
[32m[I/mm.memblock]                    [0x0000000040335000, 0x0000000044335000][0m
[32m[I/mm.memblock]                    [0x0000000044335000, 0x0000000044535000][0m
[32m[I/mm.memblock]                    [0x0000000044535000, 0x0000000044635000][0m
[32m[I/mm.memblock] physical memory region [0x0000000040000000-0x0000000040200000] installed to system page[0m
[32m[I/mm.memblock] physical memory region [0x0000000044635000-0x0000000080000000] installed to system page[0m
[32m[I/mm.memblock] 1002 MB memory installed to system page[0m
[32m[I/osi.psci] Using PSCI v1.1 Function IDs[0m
[32m[I/rtdm.ofw] Console: uart0 (<no-node>)[0m

 \ | /
- RT -     Thread Operating System
 / | \     5.2.2 build Aug 20 2026 22:54:37
 2006 - 2024 Copyright by RT-Thread team
lwIP-2.1.2 initialized!
[32m[I/sal.skt] Socket Abstraction Layer initialize success.[0m
[32m[I/rtdm.mnt] File system initialization done[0m
Axvisor RT-Thread guest ready
TASK3_RTOS_READY ip=192.168.77.30 port=9877
msh />benchmark 1000
msh />RTBENCH_BEGIN samples=1000 frequency=62500000
RTBENCH metric=timer_jitter run=1 expected=1000 collected=1000 missing=0 p50_ns=512 p95_ns=4000 p99_ns=29488 p99_9_ns=300752 max_ns=319104 miss_100us=4 miss_500us=0 miss_1ms=0 mean_ns=2361
RTBENCH metric=callback_exec run=1 expected=1000 collected=1000 missing=0 p50_ns=96 p95_ns=128 p99_ns=224 p99_9_ns=3376 max_ns=35024 miss_100us=0 miss_500us=0 miss_1ms=0 mean_ns=145
[32m[I/rtipic.srv] server starting on 192.168.77.30:9876[0m
RTIPC_SERVER_READY ip=192.168.77.30 port=9876
[32m[I/rtipic.srv] listening...[0m
RTBENCH metric=timer_jitter run=2 expected=1000 collected=1000 missing=0 p50_ns=672 p95_ns=7168 p99_ns=57552 p99_9_ns=295280 max_ns=1051600 miss_100us=7 miss_500us=1 miss_1ms=1 mean_ns=3840
RTBENCH metric=callback_exec run=2 expected=1000 collected=1000 missing=0 p50_ns=112 p95_ns=176 p99_ns=512 p99_9_ns=9456 max_ns=9488 miss_100us=0 miss_500us=0 miss_1ms=0 mean_ns=178
RTBENCH metric=timer_jitter run=3 expected=1000 collected=1000 missing=0 p50_ns=528 p95_ns=3632 p99_ns=28416 p99_9_ns=185280 max_ns=200848 miss_100us=2 miss_500us=0 miss_1ms=0 mean_ns=1738
RTBENCH metric=callback_exec run=3 expected=1000 collected=1000 missing=0 p50_ns=112 p95_ns=144 p99_ns=448 p99_9_ns=9424 max_ns=9520 miss_100us=0 miss_500us=0 miss_1ms=0 mean_ns=149
RTBENCH metric=preemption run=1 expected=1000 collected=1000 missing=0 p50_ns=1888 p95_ns=2192 p99_ns=3568 p99_9_ns=12400 max_ns=15616 miss_100us=0 miss_500us=0 miss_1ms=0 mean_ns=1985
RTBENCH metric=irq run=1 expected=1000 collected=1000 missing=0 p50_ns=1600 p95_ns=1760 p99_ns=4384 p99_9_ns=5408 max_ns=56256 miss_100us=0 miss_500us=0 miss_1ms=0 mean_ns=1702
RTBENCH metric=irq_to_task run=1 expected=1000 collected=1000 missing=0 p50_ns=2896 p95_ns=2928 p99_ns=3536 p99_9_ns=18368 max_ns=29440 miss_100us=0 miss_500us=0 miss_1ms=0 mean_ns=2979
RTBENCH metric=irq_disabled_duration run=1 expected=1000 collected=1000 missing=0 p50_ns=288 p95_ns=288 p99_ns=304 p99_9_ns=512 max_ns=23216 miss_100us=0 miss_500us=0 miss_1ms=0 mean_ns=304
RTBENCH metric=mutex_inversion run=1 expected=1000 collected=1000 missing=0 p50_ns=2416 p95_ns=13168 p99_ns=14688 p99_9_ns=26336 max_ns=45504 miss_100us=0 miss_500us=0 miss_1ms=0 mean_ns=6949
RTBENCH metric=wake_under_load run=1 expected=1000 collected=1000 missing=0 p50_ns=1648 p95_ns=1680 p99_ns=1824 p99_9_ns=4320 max_ns=9552 miss_100us=0 miss_500us=0 miss_1ms=0 mean_ns=1663
RTBENCH_NET_READY port=9878 expected=1000
RTBENCH metric=net_event_latency run=1 expected=1000 collected=1000 missing=0 p50_ns=38080 p95_ns=48608 p99_ns=52752 p99_9_ns=80496 max_ns=99792 miss_100us=0 miss_500us=0 miss_1ms=0 mean_ns=39547
RTBENCH_NET_DIAGNOSTIC irq_dropped=0 irq_coalesced=1000 probe_received=1999 probe_acked=1999 probe_no_irq=0 probe_duplicates=999
RTBENCH_END status=PASS
