[I/rtdm.ofw] Booting RT-Thread on physical CPU 0x0
[I/rtdm.ofw] Machine model: linux,dummy-virt
[I/rtdm.ofw] Memory node(0) ranges: 0x0000000040000000 - 0x0000000080000000
[I/mm.memblock] System memory:
[I/mm.memblock]                    [0x0000000040000000, 0x0000000080000000]
[I/mm.memblock] Reserved memory:
[I/mm.memblock]                    [0x0000000040200000, 0x0000000040335000]
[I/mm.memblock]                    [0x0000000040335000, 0x0000000044335000]
[I/mm.memblock]                    [0x0000000044335000, 0x0000000044535000]
[I/mm.memblock]                    [0x0000000044535000, 0x0000000044536000]
[I/mm.memblock] physical memory region [0x0000000040000000-0x0000000040200000] installed to system page
[I/mm.memblock] physical memory region [0x0000000044536000-0x0000000080000000] installed to system page
[I/mm.memblock] 1003 MB memory installed to system page
[I/osi.psci] Using PSCI v1.1 Function IDs
[I/rtdm.ofw] Console: uart0 (<no-node>)

 \ | /
- RT -     Thread Operating System
 / | \     5.2.2 build Aug 20 2026 22:54:37
 2006 - 2024 Copyright by RT-Thread team
lwIP-2.1.2 initialized!
[I/sal.skt] Socket Abstraction Layer initialize success.
[I/rtdm.mnt] File system initialization done
Axvisor RT-Thread guest ready
TASK3_RTOS_READY ip=192.168.77.30 port=9877
msh />[I/rtipic.srv] server starting on 192.168.77.30:9876
RTIPC_SERVER_READY ip=192.168.77.30 port=9876
[I/rtipic.srv] listening...
RTBENCH_NET_PROBE_READY listen=9879 count=1000
RTBENCH_NET_PROBE_TRIGGERED count=1000
RTBENCH metric=timer_jitter run=1 expected=1000 collected=1000 missing=0 p50_ns=3680 p95_ns=15808 p99_ns=85936 p99_9_ns=647504 max_ns=673440 miss_100us=7 miss_500us=2 miss_1ms=0 mean_ns=8019
RTBENCH metric=callback_exec run=1 expected=1000 collected=1000 missing=0 p50_ns=464 p95_ns=624 p99_ns=1904 p99_9_ns=3840 max_ns=41856 miss_100us=0 miss_500us=0 miss_1ms=0 mean_ns=545
RTBENCH metric=timer_jitter run=2 expected=1000 collected=1000 missing=0 p50_ns=3200 p95_ns=9904 p99_ns=36560 p99_9_ns=334176 max_ns=388640 miss_100us=6 miss_500us=0 miss_1ms=0 mean_ns=5385
RTBENCH metric=callback_exec run=2 expected=1000 collected=1000 missing=0 p50_ns=480 p95_ns=704 p99_ns=800 p99_9_ns=2112 max_ns=2128 miss_100us=0 miss_500us=0 miss_1ms=0 mean_ns=503
RTBENCH metric=timer_jitter run=3 expected=1000 collected=1000 missing=0 p50_ns=2880 p95_ns=11760 p99_ns=45232 p99_9_ns=158736 max_ns=178208 miss_100us=8 miss_500us=0 miss_1ms=0 mean_ns=5217
RTBENCH metric=callback_exec run=3 expected=1000 collected=1000 missing=0 p50_ns=480 p95_ns=672 p99_ns=800 p99_9_ns=2128 max_ns=2192 miss_100us=0 miss_500us=0 miss_1ms=0 mean_ns=507
RTBENCH metric=preemption run=1 expected=1000 collected=1000 missing=0 p50_ns=4944 p95_ns=5440 p99_ns=5728 p99_9_ns=8688 max_ns=11632 miss_100us=0 miss_500us=0 miss_1ms=0 mean_ns=4825
RTBENCH metric=irq run=1 expected=1000 collected=1000 missing=0 p50_ns=74944 p95_ns=77200 p99_ns=80960 p99_9_ns=92960 max_ns=260784 miss_100us=1 miss_500us=0 miss_1ms=0 mean_ns=75269
RTBENCH metric=irq_to_task run=1 expected=1000 collected=1000 missing=0 p50_ns=78784 p95_ns=279456 p99_ns=287200 p99_9_ns=434928 max_ns=509168 miss_100us=93 miss_500us=1 miss_1ms=0 mean_ns=98311
RTBENCH metric=irq_disabled_duration run=1 expected=1000 collected=1000 missing=0 p50_ns=240 p95_ns=336 p99_ns=384 p99_9_ns=21120 max_ns=219136 miss_100us=1 miss_500us=0 miss_1ms=0 mean_ns=491
RTBENCH metric=mutex_inversion run=1 expected=1000 collected=1000 missing=0 p50_ns=7040 p95_ns=12848 p99_ns=220368 p99_9_ns=262176 max_ns=263056 miss_100us=11 miss_500us=0 miss_1ms=0 mean_ns=8833
RTBENCH metric=wake_under_load run=1 expected=1000 collected=1000 missing=0 p50_ns=1600 p95_ns=2032 p99_ns=2416 p99_9_ns=8272 max_ns=206832 miss_100us=1 miss_500us=0 miss_1ms=0 mean_ns=1869
TASK3_RTOS_FINAL requests=9 errors=0 duplicates=0 applied_steps=3 retries=0
RTBENCH metric=net_event_latency run=1 expected=1000 collected=1000 missing=0 p50_ns=771504 p95_ns=816224 p99_ns=1227760 p99_9_ns=5787184 max_ns=6788768 miss_100us=1000 miss_500us=752 miss_1ms=15 mean_ns=674377
RTBENCH_END status=PASS
