task2.count=2 task2.fault=none task3.frames=3 task3.fault=normal rtbench.net.count=2
VM Load @PA:0x80000000
VM Load Offset: 0x100000000
Memory Map:
  KImg   0x00000080000000 - 0x00000082600000 (38 MiB)
  Free   0x00000082600000 - 0x000000a0000000 (474 MiB)
Initialize RAM allocator: 0x82600000..0xa0000000
Reserving CPU-local areas
CPU-local area stride: 0x41000 bytes
Total CPU-local allocation: 0x82000 bytes (2 CPUs)
Flushed RAM used range to memory map: 0x82600000..0x82601000, current: 0x82601000
Flushed RAM used range to memory map: 0x82601000..0x82683000, current: 0x82683000
CPU-local areas allocated at 0x82601000 - 0x82683000
EL: 1
Mapping early memory regions...
Ram                 : [0xffff000080000000, 0xffff0000a0000000) -> [0x0000000080000000, 0x00000000a0000000) (512 MiB)
KImage              : [0xffffffff80000000, 0xffffffff82600000) -> [0x0000000080000000, 0x0000000082600000) (38 MiB)
PerCpu              : [0xffffff0082601000, 0xffffff0082683000) -> [0x0000000082601000, 0x0000000082683000) (520 KiB)
Debug serial        : [0xffff000009000000, 0xffff000009001000) -> [0x0000000009000000, 0x0000000009001000) (4 KiB)
Boot page table at physical address: PA:0x82683000
Setting up table registers...
MMU Entry point at physical address: 0x80329988
Trap vector at 0xffffffff80327800
Memory Map:
  MMIO   0x00000009000000 - 0x00000009001000 (4 KiB)
  KImg   0x00000080000000 - 0x00000082600000 (38 MiB)
  Rsv    0x00000082600000 - 0x00000082601000 (4 KiB)
  PerCPU 0x00000082601000 - 0x00000082683000 (520 KiB)
  Rsv    0x00000082683000 - 0x0000008268d000 (40 KiB)
  Free   0x0000008268d000 - 0x000000a0000000 (473.45 MiB)
Jumping to main entry point at 0xffffffff8030c594 with SP 0xffffff0082642000

       d8888                            .d88888b.   .d8888b.
      d88888                           d88P" "Y88b d88P  Y88b
     d88P888                           888     888 Y88b.
    d88P 888 888d888  .d8888b  .d88b.  888     888  "Y888b.
   d88P  888 888P"   d88P"    d8P  Y8b 888     888     "Y88b.
  d88P   888 888     888      88888888 888     888       "888
 d8888888888 888     Y88b.    Y8b.     Y88b. .d88P Y88b  d88P
d88P     888 888      "Y8888P  "Y8888   "Y88888P"   "Y8888P"

arch = aarch64
platform = linux,dummy-virt
target = aarch64-unknown-none-softfloat
build_mode = 
log_level = info
backtrace = false
smp = 2

Boot at 1970-01-01 00:00:00.905273728 UTC

Initialized 6 tracepoints
kmod subsystem initialized
STARRY_SMP_READY configured=2 online=0-1 nproc=2
STARRY_NET_READY ip=192.168.77.11 peer=192.168.77.30
TASK3_STARRY_NET_PROBE_READY count=2
TASK2_STARRY_BEGIN port=9876
RTBENCH_NET_PROBE_READY listen=9879 count=2
=== RT-IPC Benchmark Client ===
Target: 192.168.77.30:9876, count=2 per size

[client] fault profile: none
[client] connecting...
[client] connected!

--- Payload 64B ---
  sent=2  recv=2  loss=0%
  RTT: min=5ms avg=6ms max=7ms P50=5ms P95=5ms P99=5ms P99.9=5ms
  throughput=10.42KiB/s
  request_timeouts=0 protocol_errors=0 reconnects=0
  transport: retrans=0 timeouts=0 dup=0 reorder=0 errors=0

--- Payload 256B ---
  sent=2  recv=2  loss=0%
  RTT: min=7ms avg=17ms max=28ms P50=7ms P95=7ms P99=7ms P99.9=7ms
  throughput=14.29KiB/s
  request_timeouts=0 protocol_errors=0 reconnects=0
  transport: retrans=0 timeouts=0 dup=0 reorder=0 errors=0

--- Payload 1024B ---
  sent=2  recv=2  loss=0%
  RTT: min=9ms avg=14ms max=19ms P50=9ms P95=9ms P99=9ms P99.9=9ms
  throughput=68.97KiB/s
  request_timeouts=0 protocol_errors=0 reconnects=0
  transport: retrans=0 timeouts=0 dup=0 reorder=0 errors=0

========================================
ALL TESTS COMPLETE
========================================
RT-IPC client exited with rc=0
TASK2_STARRY_END status=PASS
TASK3_STARRY_READY ip=192.168.77.11 peer=192.168.77.30:9877
TASK3_FRAME_CSV=FIXED,0,0,2,2,21649,1950,0,0,0,0,44,6390,0,0,0
TASK3_FRAME_CSV=FIXED,1,1461,2,2,16624,1571,0,0,0,0,27,3539,0,0,0
TASK3_FRAME_CSV=FIXED,2,2900,2,2,32767,1571,0,0,0,0,27,3253,0,0,0
TASK3_FRAME_CSV=AI,0,0,2,2,21649,1571,0,0,0,0,27,5257,0,0,0
TASK3_FRAME_CSV=AI,1,1461,2,2,16624,1783,0,0,0,0,27,3340,0,0,0
TASK3_FRAME_CSV=AI,2,2900,2,2,32767,1702,0,0,0,0,27,5044,0,0,0
TASK3_SUMMARY_JSON={"schema":1,"frames_per_mode":3,"records":6,"elapsed_us":438736,"requests":6,"successes":6,"success_rate":1.000000,"application_errors":0,"application_timeouts":0,"transport_retries":0,"duplicates":0,"recovered":0,"reconnects":0,"injected_drops":0,"classification":{"correct":3,"total":3,"accuracy":1.000000,"confusion_matrix":[[0,0,0],[0,3,0],[0,0,0]]},"inference_us":{"min":1571,"mean":1691,"p50":1571,"p95":1950,"p99":1950,"max":1950},"round_trip_us":{"min":3253,"mean":4470,"p50":3539,"p95":6390,"p99":6390,"max":6390},"tracking_error_q15":{"fixed":{"min":0,"mean":1453,"p50":1461,"p95":2900,"p99":2900,"max":2900},"ai":{"min":0,"mean":1453,"p50":1461,"p95":2900,"p99":2900,"max":2900}},"settling":{"fixed":{"direction_changes":0,"successes":0,"mean_frames":0,"max_frames":0},"ai":{"direction_changes":0,"successes":0,"mean_frames":0,"max_frames":0}},"effective_payload_bytes_per_second":328}
TASK3_STARRY_END status=PASS
TASK123_STARRY_END status=PASS
