root=/dev/nvme0n1 rw init=/bin/sh
VM Load @PA:0x40200000
VM Load Offset: 0xffff0000c0200000
Memory Map:
  Free   0x00000040000000 - 0x00000040200000 (2 MiB)
  KImg   0x00000040200000 - 0x00000043a00000 (56 MiB)
  Free   0x00000043a00000 - 0x00000240000000 (7.94 GiB)
Initialize RAM allocator: 0x43a00000..0x240000000
Reserving CPU-local areas
CPU-local area stride: 0x44000 bytes
Total CPU-local allocation: 0x110000 bytes (4 CPUs)
Flushed RAM used range to memory map: 0x43a00000..0x43b00000, current: 0x43b00000
Flushed RAM used range to memory map: 0x43b00000..0x43c10000, current: 0x43c10000
CPU-local areas allocated at 0x43b00000 - 0x43c10000
EL: 2
Mapping early memory regions...
Ram                 : [0x0000000040000000, 0x0000000240000000) -> [0x0000000040000000, 0x0000000240000000) (8 GiB)
KImage              : [0x0000ffff80000000, 0x0000ffff83800000) -> [0x0000000040200000, 0x0000000043a00000) (56 MiB)
PerCpu              : [0x0000ff0043b00000, 0x0000ff0043c10000) -> [0x0000000043b00000, 0x0000000043c10000) (1.06 MiB)
Debug serial        : [0x0000000009000000, 0x0000000009001000) -> [0x0000000009000000, 0x0000000009001000) (4 KiB)
Boot page table at physical address: PA:0x43c10000
Setting up table registers...
MMU Entry point at physical address: 0x4045c53c
Trap vector at 0xffff80260000
Memory Map:
  MMIO   0x00000009000000 - 0x00000009001000 (4 KiB)
  Free   0x00000040000000 - 0x00000040200000 (2 MiB)
  KImg   0x00000040200000 - 0x00000043a00000 (56 MiB)
  Rsv    0x00000043a00000 - 0x00000043b00000 (1 MiB)
  PerCPU 0x00000043b00000 - 0x00000043c10000 (1.06 MiB)
  Rsv    0x00000043c10000 - 0x00000043c1a000 (40 KiB)
  Free   0x00000043c1a000 - 0x00000240000000 (7.94 GiB)
Jumping to main entry point at 0xffff80244368 with SP 0x0000ff0043b44000

       d8888                            .d88888b.   .d8888b.
      d88888                           d88P" "Y88b d88P  Y88b
     d88P888                           888     888 Y88b.
    d88P 888 888d888  .d8888b  .d88b.  888     888  "Y888b.
   d88P  888 888P"   d88P"    d8P  Y8b 888     888     "Y88b.
  d88P   888 888     888      88888888 888     888       "888
 d8888888888 888     Y88b.    Y8b.     Y88b. .d88P Y88b  d88P
d88P     888 888      "Y8888P  "Y8888   "Y88888P"   "Y8888P"

arch = aarch64
platform = linux,dummy-virt
target = aarch64-unknown-none-softfloat
build_mode = 
log_level = info
backtrace = false
smp = 3

[37m[  0.047966 ax_runtime:220] [32mLogging is enabled.[m
[m[37m[  0.048252 ax_runtime:221] [32mPrimary CPU 0 started, arg = 0x43a00000.[m
[m[37m[  0.048334 ax_runtime:223] [32mFound physcial memory regions:[m
[m[37m[  0.049046 ax_runtime:225] [32m  [PA:0x9000000, PA:0x9001000) mmio (READ | WRITE | DEVICE | RESERVED)[m
[m[37m[  0.049217 ax_runtime:225] [32m  [PA:0x40000000, PA:0x40200000) free memory (READ | WRITE | FREE)[m
[m[37m[  0.049327 ax_runtime:225] [32m  [PA:0x40200000, PA:0x43a00000) reserved (READ | WRITE | EXECUTE | RESERVED)[m
[m[37m[  0.049425 ax_runtime:225] [32m  [PA:0x43a00000, PA:0x43b00000) reserved (READ | WRITE | EXECUTE | RESERVED)[m
[m[37m[  0.049521 ax_runtime:225] [32m  [PA:0x43b00000, PA:0x43c10000) reserved (READ | WRITE | EXECUTE | RESERVED)[m
[m[37m[  0.049616 ax_runtime:225] [32m  [PA:0x43c10000, PA:0x43c1a000) reserved (READ | WRITE | EXECUTE | RESERVED)[m
[m[37m[  0.049711 ax_runtime:225] [32m  [PA:0x43c1a000, PA:0x240000000) free memory (READ | WRITE | FREE)[m
[m[37m[  0.049815 ax_runtime:373] [32mInitialize global memory allocator...[m
[m[37m[  0.049896 ax_runtime:374] [32m  use buddy-slab-allocator allocator.[m
[m[37m[  0.050040 ax_alloc::buddy_slab:158] [32mInitialize global memory allocator, start_vaddr: 0x43c1a000, size: 0x1fc3e6000[m
[m[37m[  0.055235 ax_alloc::buddy_slab:424] [32mglobal allocator initialized[m
[m[37m[  0.055372 ax_alloc::buddy_slab:168] [32mAdd memory region, start_vaddr: 0x40000000, size: 0x200000[m
[m[37m[  0.055504 buddy_slab_allocator::global:151] [32mGlobalAllocator: skip region 0x40000000+0x200000, no allocator-visible memory after 2097152 alignment[m
[m[37m[  0.055756 ax_runtime:260] [32mkernel aspace: [VA:0x0, VA:0xffffffffffffffff)[m
[m[37m[  0.055901 ax_mm:103] [32mInitialize virtual memory management...[m
[m[37m[  0.572560 ax_runtime:272] [32mInitialize platform devices...[m
[m[37m[  0.577820 someboot::arch::power:23] [32mPower management method : SMC[m
[m[37m[  0.577987 somehal::driver:5] [32mInitializing rdrive with FDT at 0x43a00000[m
[m[37m[  0.588583 somehal::arch::gic::v3:284] [32mGICv3 CPU 0 EOI mode: two_step=true[m
[m[37m[  0.594377 ax_task::api:137] [32mInitialize scheduling...[m
[m[37m[  0.595431 ax_task::api:145] [32m  use Round-robin scheduler.[m
[m[37m[  0.595704 ax_runtime:298] [32mInitialize interrupt handlers...[m
[m[37m[  0.597394 ax_runtime::devices:2] [32mProbe platform devices...[m
[m[37m[  0.618091 ax_driver::block::nvme:42] [32mNVMe PCI endpoint 0000:00:01.0: BAR0=0x8000000000..0x8000004000, int_pin=1, int_line=0[m
[m[37m[  0.628335 nvme_driver::nvme:161] [32mNVME @0x8000000000 deferred init, version: 1.4.0[m
[m[37m[  0.628839 ax_driver::block::nvme:74] [32mNVMe block device registered at 0000:00:01.0 with 65 MSI-X vectors[m
[m[37m[  0.633776 ax_fs_ng::block::runtime::lifecycle::device:300] [32mblock device nvme IRQ source 0 (IrqId { domain: IrqDomainId(9), hwirq: HwIrq(0) }) fixed to CPU 0 for queue mask 0x0[m
[m[37m[  0.650844 ax_fs_ng::block::runtime::hctx:177] [32mblock hctx 0 bound to CPU 0 with hardware depth 63[m
[m[37m[  0.651255 ax_fs_ng::block::runtime::lifecycle::device:300] [32mblock device nvme IRQ source 1 (IrqId { domain: IrqDomainId(9), hwirq: HwIrq(1) }) fixed to CPU 0 for queue mask 0x1[m
[m[37m[  0.656686 ax_fs_ng::root:341] [32m    raw device fs=Some(Ext4)[m
[m[37m[  0.656873 ax_fs_ng::root:372] [32m  block device 0 (nvme) has no usable partition table; treating the whole disk as a candidate[m
[m[37m[  0.657235 ax_fs_ng::root:481] [32m  matched root by raw device path on disk0 raw device[m
[m[37m[  0.657588 ax_fs_ng:86] [32mInitialize filesystem subsystem...[m
[m[37m[  0.657666 ax_fs_ng:87] [32m  selected root device: disk0 raw device[m
[m[37m[  0.660198 rsext4::crc32c::arm64:54] [33mID_AA64ISAR0_EL1[19:16]: 0x1[m
[m[37m[  0.660294 rsext4::crc32c::arm64:57] [33mHardware CRC32C support detected.[m
[m[37m[  0.666393 rsext4::ext4::mount:331] [32m/lost+found exists (superblock hint inode=11)[m
[m[37m[  0.667329 rsext4::ext4::mount:466] [32mExt4 filesystem mounted[m
[m[37m[  0.667416 rsext4::ext4::mount:467] [32m  - block size: 4096 bytes[m
[m[37m[  0.667497 rsext4::ext4::mount:468] [32m  - total blocks: 8192[m
[m[37m[  0.667571 rsext4::ext4::mount:469] [32m  - free blocks: 1226[m
[m[37m[  0.667645 rsext4::ext4::mount:470] [32m  - total inodes: 8192[m
[m[37m[  0.667719 rsext4::ext4::mount:471] [32m  - free inodes: 8151[m
[m[37m[  0.667804 rsext4::ext4::sync:13] [32mSyncing filesystem...[m
[m[37m[  0.673466 rsext4::ext4::mount:550] [32mExt4 filesystem mounted[m
[m[37m[  0.673892 ax_fs_ng:99] [32m  filesystem type: "ext4"[m
[m[37m[  0.681799 somehal::arch::gic::v3:284] [32mGICv3 CPU 1 EOI mode: two_step=true[m
[m[37m[  0.682050 ax_runtime::mp:79] [32mSecondary CPU 1 started.[m
[m[37m[  0.682525 ax_runtime::mp:110] [32mSecondary CPU 1 init OK.[m
[m[37m[  0.688321 somehal::arch::gic::v3:284] [32mGICv3 CPU 2 EOI mode: two_step=true[m
[m[37m[  0.688537 ax_runtime::mp:79] [32mSecondary CPU 2 started.[m
[m[37m[  0.688601 ax_runtime:346] [32mPrimary CPU 0 init OK.[m
[m[37m[  0.688877 ax_runtime::mp:110] [32mSecondary CPU 2 init OK.[m
[m[37m[  0.700854 0:4 ax_fs_ng::block::runtime::hctx:177] [32mblock hctx 1 bound to CPU 1 with hardware depth 63[m
[m[37m[  0.701148 0:4 ax_fs_ng::block::runtime::hctx:177] [32mblock hctx 2 bound to CPU 2 with hardware depth 63[m
[m[37m[  0.701548 0:4 ax_fs_ng::block::runtime::lifecycle::device:300] [32mblock device nvme IRQ source 2 (IrqId { domain: IrqDomainId(9), hwirq: HwIrq(2) }) fixed to CPU 1 for queue mask 0x2[m
[m[37m[  0.701896 0:4 ax_fs_ng::block::runtime::lifecycle::device:300] [32mblock device nvme IRQ source 3 (IrqId { domain: IrqDomainId(9), hwirq: HwIrq(3) }) fixed to CPU 2 for queue mask 0x4[m
[m[37m[  0.703457 0:2 ax_fs_ng::block::runtime::lifecycle::device:385] [32mblock device nvme online with 3 hctxs across 3 CPUs[m
[m

       d8888            888     888  d8b
      d88888            888     888  Y8P
     d88P888            888     888
    d88P 888  888  888  Y88b   d88P  888  .d8888b    .d88b.   888d888
   d88P  888  `Y8bd8P'   Y88b d88P   888  88K       d88""88b  888P"
  d88P   888    X88K      Y88o88P    888  "Y8888b.  888  888  888
 d8888888888  .d8""8b.     Y888P     888       X88  Y88..88P  888
d88P     888  888  888      Y8P      888   88888P'   "Y88P"   888


by AxVisor Team

[37m[  0.705806 0:2 axvisor:73] [32mStarting virtualization...[m
[m[37m[  0.705954 0:2 axvm::host::arceos:349] [32mEnabling hardware virtualization support on all cores...[m
[m[37m[  0.706144 0:2 axvm::host::arceos:355] [32mCore 0 is initializing hardware virtualization support...[m
[m[37m[  0.706297 0:2 axvm::timer:318] [32mInitializing AxVM timer wheel...[m
[m[37m[  0.710742 0:2 axvm::host::arceos:357] [32mHardware virtualization support enabled on core 0[m
[m[37m[  0.711127 1:15 axvm::host::arceos:367] [32mCore 1 is initializing hardware virtualization support...[m
[m[37m[  0.711243 1:15 axvm::timer:318] [32mInitializing AxVM timer wheel...[m
[m[37m[  0.711387 0:2 axvm::host::arceos:383] [32mWaiting for all cores to enable hardware virtualization...[m
[m[37m[  0.711400 2:16 axvm::host::arceos:367] [32mCore 2 is initializing hardware virtualization support...[m
[m[37m[  0.711612 1:15 axvm::host::arceos:370] [32mHardware virtualization support enabled on core 1[m
[m[37m[  0.711718 2:16 axvm::timer:318] [32mInitializing AxVM timer wheel...[m
[m[37m[  0.712142 2:16 axvm::host::arceos:370] [32mHardware virtualization support enabled on core 2[m
[m[37m[  0.712351 0:2 axvm::host::arceos:399] [32mAll cores have enabled hardware virtualization support.[m
[m[37m[  0.715909 0:2 axvisor::manager:143] [32mNOT find dir: /guest/vm_default in filesystem[m
[m[37m[  0.716086 0:2 axvisor::config:90] [32mUsing static VM configs.[m
[m[37m[  0.734011 0:2 axvm::arch::aarch64::fdt::core:79] [32mVM[1] virtual GIC follows host firmware resources: GuestGicProfile { compatible: "arm,gic-v3", node_path: "/intc@8000000", node_phandle: Some(32773), distributor: GuestMmioRegion { base: 134217728, length: 65536 }, cpu_region: Redistributors(GuestGicRedistributorProfile { regions: [GuestMmioRegion { base: 134873088, length: 16121856 }], stride: 131072 }), its: [GuestItsProfile { id: ItsId(0), node_path: "/intc@8000000/its@8080000", node_phandle: Some(32774), registers: GuestMmioRegion { base: 134742016, length: 131072 } }] }[m
[m[37m[  0.736306 0:2 axvm::arch::aarch64::fdt::core:93] [32mVM[1] architectural timer follows host firmware PPIs[m
[m[37m[  0.740417 0:2 axvm::arch::aarch64::fdt::core::parser:442] [32mCPU node: /cpus/cpu@0, node_id: 0x0, hardware_cpu_id: 0x0[m
[m[37m[  0.740582 0:2 axvm::arch::aarch64::fdt::core::parser:442] [32mCPU node: /cpus/cpu@1, node_id: 0x1, hardware_cpu_id: 0x1[m
[m[37m[  0.740723 0:2 axvm::arch::aarch64::fdt::core::parser:442] [32mCPU node: /cpus/cpu@2, node_id: 0x2, hardware_cpu_id: 0x2[m
[m[37m[  0.740858 0:2 axvm::arch::aarch64::fdt::core::parser:442] [32mCPU node: /cpus/cpu@3, node_id: 0x3, hardware_cpu_id: 0x3[m
[m[37m[  0.741037 0:2 axvm::arch::aarch64::fdt::core::parser:449] [32mFound 4 host CPU nodes[m
[m[37m[  0.741399 0:2 axvm::arch::aarch64::fdt::core:144] [32mVM[1] DTB not found, generating from the VM configuration[m
[m[37m[  0.758902 0:2 axvm::arch::aarch64::fdt::core::device:96] [32mFound excluded devices: ["/virtio_mmio@a000000", "/virtio_mmio@a000200", "/virtio_mmio@a000400", "/virtio_mmio@a000600", "/virtio_mmio@a000800", "/virtio_mmio@a000a00", "/virtio_mmio@a000c00", "/virtio_mmio@a000e00", "/virtio_mmio@a001000", "/virtio_mmio@a001200", "/virtio_mmio@a001400", "/virtio_mmio@a001600", "/virtio_mmio@a001800", "/virtio_mmio@a001a00", "/virtio_mmio@a001c00", "/virtio_mmio@a001e00", "/virtio_mmio@a002000", "/virtio_mmio@a002200", "/virtio_mmio@a002400", "/virtio_mmio@a002600", "/virtio_mmio@a002800", "/virtio_mmio@a002a00", "/virtio_mmio@a002c00", "/virtio_mmio@a002e00", "/virtio_mmio@a003000", "/virtio_mmio@a003200", "/virtio_mmio@a003400", "/virtio_mmio@a003600", "/virtio_mmio@a003800", "/virtio_mmio@a003a00", "/virtio_mmio@a003c00", "/virtio_mmio@a003e00", "/pcie@10000000", "/pl061@9030000", "/pl031@9010000", "/gpio-key-poweroff", "/intc@8000000", "/pl011@9000000", "/timer", "/intc@8000000/its@8080000"][m
[m[37m[  0.767361 0:2 axvm::arch::aarch64::fdt::core::device:96] [32mFound excluded devices: ["/virtio_mmio@a000000", "/virtio_mmio@a000200", "/virtio_mmio@a000400", "/virtio_mmio@a000600", "/virtio_mmio@a000800", "/virtio_mmio@a000a00", "/virtio_mmio@a000c00", "/virtio_mmio@a000e00", "/virtio_mmio@a001000", "/virtio_mmio@a001200", "/virtio_mmio@a001400", "/virtio_mmio@a001600", "/virtio_mmio@a001800", "/virtio_mmio@a001a00", "/virtio_mmio@a001c00", "/virtio_mmio@a001e00", "/virtio_mmio@a002000", "/virtio_mmio@a002200", "/virtio_mmio@a002400", "/virtio_mmio@a002600", "/virtio_mmio@a002800", "/virtio_mmio@a002a00", "/virtio_mmio@a002c00", "/virtio_mmio@a002e00", "/virtio_mmio@a003000", "/virtio_mmio@a003200", "/virtio_mmio@a003400", "/virtio_mmio@a003600", "/virtio_mmio@a003800", "/virtio_mmio@a003a00", "/virtio_mmio@a003c00", "/virtio_mmio@a003e00", "/pcie@10000000", "/pl061@9030000", "/pl031@9010000", "/gpio-key-poweroff", "/intc@8000000", "/pl011@9000000", "/timer", "/intc@8000000/its@8080000"][m
[m[37m[  0.769207 0:2 axvisor::config:137] [32mCreating VM[1] "linux-net"[m
[m[37m[  0.769665 0:2 axvm::arch::aarch64::vgic::plan:214] [32massigned_spis: 0 passthrough interrupts configured[m
[m[37m[  0.782820 0:2 axvm::vm:821] [32mVM created: id=1[m
[m[37m[  0.783877 0:2 axvisor::config:149] [32mVM[1] created success, loading images...[m
[m[37m[  0.877691 0:2 axvm::boot::images:137] [32mLoading ramdisk image from memory (2948608 bytes) into GPA @0x8c000000[m
[m[37m[  0.895498 0:2 axdevice::device:1232] [32mDeviceRuntime: registered device id=0[m
[m[37m[  0.895808 0:2 axdevice::device:1232] [32mDeviceRuntime: registered device id=1[m
[m[37m[  0.895945 0:2 axdevice::device:1232] [32mDeviceRuntime: registered device id=2[m
[m[37m[  0.897194 0:2 axdevice::device:1232] [32mDeviceRuntime: registered device id=3[m
[m[37m[  0.898552 0:2 axdevice::device:1232] [32mDeviceRuntime: registered device id=4[m
[m[37m[  0.901134 0:2 axvm::vm::prepare:82] [32mVM setup: id=1[m
[m[37m[  0.904512 0:2 axvm::arch::aarch64::fdt::core:79] [32mVM[3] virtual GIC follows host firmware resources: GuestGicProfile { compatible: "arm,gic-v3", node_path: "/intc@8000000", node_phandle: Some(32773), distributor: GuestMmioRegion { base: 134217728, length: 65536 }, cpu_region: Redistributors(GuestGicRedistributorProfile { regions: [GuestMmioRegion { base: 134873088, length: 16121856 }], stride: 131072 }), its: [GuestItsProfile { id: ItsId(0), node_path: "/intc@8000000/its@8080000", node_phandle: Some(32774), registers: GuestMmioRegion { base: 134742016, length: 131072 } }] }[m
[m[37m[  0.905116 0:2 axvm::arch::aarch64::fdt::core:93] [32mVM[3] architectural timer follows host firmware PPIs[m
[m[37m[  0.908634 0:2 axvm::arch::aarch64::fdt::core::parser:442] [32mCPU node: /cpus/cpu@0, node_id: 0x0, hardware_cpu_id: 0x0[m
[m[37m[  0.908766 0:2 axvm::arch::aarch64::fdt::core::parser:442] [32mCPU node: /cpus/cpu@1, node_id: 0x1, hardware_cpu_id: 0x1[m
[m[37m[  0.908910 0:2 axvm::arch::aarch64::fdt::core::parser:442] [32mCPU node: /cpus/cpu@2, node_id: 0x2, hardware_cpu_id: 0x2[m
[m[37m[  0.909042 0:2 axvm::arch::aarch64::fdt::core::parser:442] [32mCPU node: /cpus/cpu@3, node_id: 0x3, hardware_cpu_id: 0x3[m
[m[37m[  0.909189 0:2 axvm::arch::aarch64::fdt::core::parser:449] [32mFound 4 host CPU nodes[m
[m[37m[  0.909288 0:2 axvm::arch::aarch64::fdt::core:144] [32mVM[3] DTB not found, generating from the VM configuration[m
[m[37m[  0.917623 0:2 axvm::arch::aarch64::fdt::core::device:96] [32mFound excluded devices: ["/virtio_mmio@a000000", "/virtio_mmio@a000200", "/virtio_mmio@a000400", "/virtio_mmio@a000600", "/virtio_mmio@a000800", "/virtio_mmio@a000a00", "/virtio_mmio@a000c00", "/virtio_mmio@a000e00", "/virtio_mmio@a001000", "/virtio_mmio@a001200", "/virtio_mmio@a001400", "/virtio_mmio@a001600", "/virtio_mmio@a001800", "/virtio_mmio@a001a00", "/virtio_mmio@a001c00", "/virtio_mmio@a001e00", "/virtio_mmio@a002000", "/virtio_mmio@a002200", "/virtio_mmio@a002400", "/virtio_mmio@a002600", "/virtio_mmio@a002800", "/virtio_mmio@a002a00", "/virtio_mmio@a002c00", "/virtio_mmio@a002e00", "/virtio_mmio@a003000", "/virtio_mmio@a003200", "/virtio_mmio@a003400", "/virtio_mmio@a003600", "/virtio_mmio@a003800", "/virtio_mmio@a003a00", "/virtio_mmio@a003c00", "/virtio_mmio@a003e00", "/pcie@10000000", "/pl061@9030000", "/pl031@9010000", "/gpio-key-poweroff", "/intc@8000000", "/pl011@9000000", "/timer", "/intc@8000000/its@8080000"][m
[m[37m[  0.923712 0:2 axvm::arch::aarch64::fdt::core::device:96] [32mFound excluded devices: ["/virtio_mmio@a000000", "/virtio_mmio@a000200", "/virtio_mmio@a000400", "/virtio_mmio@a000600", "/virtio_mmio@a000800", "/virtio_mmio@a000a00", "/virtio_mmio@a000c00", "/virtio_mmio@a000e00", "/virtio_mmio@a001000", "/virtio_mmio@a001200", "/virtio_mmio@a001400", "/virtio_mmio@a001600", "/virtio_mmio@a001800", "/virtio_mmio@a001a00", "/virtio_mmio@a001c00", "/virtio_mmio@a001e00", "/virtio_mmio@a002000", "/virtio_mmio@a002200", "/virtio_mmio@a002400", "/virtio_mmio@a002600", "/virtio_mmio@a002800", "/virtio_mmio@a002a00", "/virtio_mmio@a002c00", "/virtio_mmio@a002e00", "/virtio_mmio@a003000", "/virtio_mmio@a003200", "/virtio_mmio@a003400", "/virtio_mmio@a003600", "/virtio_mmio@a003800", "/virtio_mmio@a003a00", "/virtio_mmio@a003c00", "/virtio_mmio@a003e00", "/pcie@10000000", "/pl061@9030000", "/pl031@9010000", "/gpio-key-poweroff", "/intc@8000000", "/pl011@9000000", "/timer", "/intc@8000000/its@8080000"][m
[m[37m[  0.925170 0:2 axvisor::config:137] [32mCreating VM[3] "rtthread-net"[m
[m[37m[  0.925263 0:2 axvm::arch::aarch64::vgic::plan:214] [32massigned_spis: 0 passthrough interrupts configured[m
[m[37m[  0.926480 0:2 axvm::vm:821] [32mVM created: id=3[m
[m[37m[  0.926633 0:2 axvisor::config:149] [32mVM[3] created success, loading images...[m
[m[37m[  0.931388 0:2 axdevice::device:1232] [32mDeviceRuntime: registered device id=0[m
[m[37m[  0.931480 0:2 axdevice::device:1232] [32mDeviceRuntime: registered device id=1[m
[m[37m[  0.931559 0:2 axdevice::device:1232] [32mDeviceRuntime: registered device id=2[m
[m[37m[  0.931711 0:2 axdevice::device:1232] [32mDeviceRuntime: registered device id=3[m
[m[37m[  0.932136 0:2 axdevice::device:1232] [32mDeviceRuntime: registered device id=4[m
[m[37m[  0.932307 0:2 axvm::vm::prepare:82] [32mVM setup: id=3[m
[m[37m[  0.932485 0:2 axvm::runtime:42] [32mInitializing VMM...[m
[m[37m[  0.933007 0:2 axvm::runtime:53] [32mVMM starting, booting VMs...[m
[m[37m[  0.933164 0:2 axvm::vm:1046] [32mStarting VM[1][m
[m[37m[  0.933284 0:2 axvm::runtime::vcpus:343] [32mSpawning task for VM[1] VCpu[0][m
[m[37m[  0.933625 0:2 axvm::runtime::vcpus:360] [32mVCpu task Task(19, "VM[1]-VCpu[0]") created cpumask: [0, 1, ][m
[m[37m[  0.935520 0:2 axvm::runtime:61] [32mVM[1] boot success[m
[m[37m[  0.935593 0:2 axvm::vm:1046] [32mStarting VM[3][m
[m[37m[  0.935650 0:2 axvm::runtime::vcpus:343] [32mSpawning task for VM[3] VCpu[0][m
[m[37m[  0.935743 0:2 axvm::runtime::vcpus:360] [32mVCpu task Task(21, "VM[3]-VCpu[0]") created cpumask: [2, ][m
[m[37m[  0.936025 0:2 axvm::runtime:61] [32mVM[3] boot success[m
[m[37m[  0.936419 2:21 axvm::runtime::vcpus:414] [32mVM[3] VCpu[0] waiting for running[m
[m[37m[  0.937046 2:21 axvm::runtime::vcpus:456] [32mVM[3] VCpu[0] running...[m
[m[37m[  0.937366 0:2 axvisor:89] [32m[OK] Default guest initialized[m
[m[37m[  0.937827 0:19 axvm::runtime::vcpus:414] [32mVM[1] VCpu[0] waiting for running[m
[m[37m[  0.937914 0:19 axvm::runtime::vcpus:456] [32mVM[1] VCpu[0] running...[m
[m[VM 3] [32m[I/rtdm.ofw] Booting RT-Thread on physical CPU 0x0[0m
[VM 3] [32m[I/rtdm.ofw] Machine model: linux,dummy-virt[0m
[VM 3] [32m[I/rtdm.ofw] Memory node(0) ranges: 0x00000000a0000000 - 0x00000000b0000000[0m
[VM 3] [32m[I/mm.memblock] System memory:[0m
[VM 3] [32m[I/mm.memblock]                    [0x00000000a0000000, 0x00000000b0000000][0m
[VM 3] [32m[I/mm.memblock] Reserved memory:[0m
[VM 3] [32m[I/mm.memblock]                    [0x00000000a0000000, 0x00000000a0102000][0m
[VM 3] [32m[I/mm.memblock]                    [0x00000000a0102000, 0x00000000a4102000][0m
[VM 3] [32m[I/mm.memblock]                    [0x00000000a4102000, 0x00000000a4302000][0m
[37m[  0.985301 0:19 axvm::runtime::hvc:258] [32mVM[1] PSCI_FEATURES function_id=0x80000000[m
[m[37m[  0.985920 0:19 axvm::runtime::hvc:258] [32mVM[1] PSCI_FEATURES function_id=0xc4000001[m
[m[37m[  0.986172 0:19 axvm::runtime::hvc:258] [32mVM[1] PSCI_FEATURES function_id=0xc400000e[m
[m[37m[  0.986398 0:19 axvm::runtime::hvc:258] [32mVM[1] PSCI_FEATURES function_id=0xc4000012[m
[m[37m[  0.986619 0:19 axvm::runtime::hvc:258] [32mVM[1] PSCI_FEATURES function_id=0xc4000015[m
[m[VM 3] [32m[I/mm.memblock]                    [0x00000000a4302000, 0x00000000a4303000][0m
[VM 3] [32m[I/mm.memblock] physical memory region [0x00000000a4303000-0x00000000b0000000] installed to system page[0m
[VM 3] [32m[I/mm.memblock] 198 MB memory installed to system page[0m
[VM 3] [32m[I/osi.psci] Using PSCI v1.1 Function IDs[0m
[VM 3] [32m[I/rtdm.ofw] Console: uart0 (<no-node>)[0m
[VM 3] 
[VM 3]  \ | /
[VM 3] - RT -     Thread Operating System
[VM 3]  / | \     5.2.2 build Aug 16 2026 15:22:47
[VM 3]  2006 - 2024 Copyright by RT-Thread team
[VM 3] lwIP-2.1.2 initialized!
[37m[  1.073571 0:19 axvisor::virtio_net:499] [33mvirtio-net drops an ingress frame: NotReady[m
[m[VM 3] [32m[I/sal.skt] Socket Abstraction Layer initialize success.[0m
[VM 3] [32m[I/rtdm.mnt] File system initialization done[0m
[VM 3] Axvisor RT-Thread guest ready
[37m[  1.096294 0:19 axvm::runtime::hvc:272] [32mVM[1] PSCI_CPU_ON target=0x1 entry=0x81e3f570 context=0x0[m
[m[37m[  1.096788 0:19 axvm::runtime::vcpus:343] [32mSpawning task for VM[1] VCpu[1][m
[m[37m[  1.096937 0:19 axvm::runtime::vcpus:360] [32mVCpu task Task(24, "VM[1]-VCpu[1]") created cpumask: [0, 1, ][m
[m[37m[  1.097397 0:24 axvm::runtime::vcpus:414] [32mVM[1] VCpu[1] waiting for running[m
[m[37m[  1.097827 0:24 axvm::runtime::vcpus:456] [32mVM[1] VCpu[1] running...[m
[m[VM 1] [    0.000000] Booting Linux on physical CPU 0x0000000000 [0x410fd083]
[VM 1] [    0.000000] Linux version 6.18.0-rc6-gfd95357fd8c6-dirty (runner@s1lqc) (aarch64-linux-gnu-gcc (Ubuntu 13.3.0-6ubuntu2~24.04) 13.3.0, GNU ld (GNU Binutils for Ubuntu) 2.42) #25 SMP PREEMPT Fri Mar 20 11:22:05 CST 2026
[VM 1] [    0.000000] KASLR disabled due to lack of seed
[VM 1] [    0.000000] Machine model: linux,dummy-virt
[VM 1] [    0.000000] efi: UEFI not found.
[VM 1] [    0.000000] OF: reserved mem: Reserved memory: No reserved-memory node in the DT
[VM 1] [    0.000000] NUMA: Faking a node at [mem 0x0000000080000000-0x000000009fffffff]
[VM 1] [    0.000000] NODE_DATA(0) allocated [mem 0x9ff06f40-0x9ff095bf]
[VM 1] [    0.000000] Zone ranges:
[VM 1] [    0.000000]   DMA      [mem 0x0000000080000000-0x000000009fffffff]
[VM 1] [    0.000000]   DMA32    empty
[VM 1] [    0.000000]   Normal   empty
[VM 1] [    0.000000] Movable zone start for each node
[VM 1] [    0.000000] Early memory node ranges
[VM 1] [    0.000000]   node   0: [mem 0x0000000080000000-0x000000009fffffff]
[VM 1] [    0.000000] Initmem setup node 0 [mem 0x0000000080000000-0x000000009fffffff]
[VM 1] [    0.000000] cma: Reserved 32 MiB at 0x000000009d600000
[VM 1] [    0.000000] psci: probing for conduit method from DT.
[VM 1] [    0.000000] psci: PSCIv1.1 detected in firmware.
[VM 1] [    0.000000] psci: Using standard PSCI v0.2 function IDs
[VM 1] [    0.000000] psci: Trusted OS migration not required
[VM 1] [    0.000000] psci: SMC Calling Convention v65535.65535
[VM 1] [    0.000000] percpu: Embedded 25 pages/cpu s62488 r8192 d31720 u102400
[VM 1] [    0.000000] Detected PIPT I-cache on CPU0
[VM 1] [    0.000000] CPU features: detected: GICv3 CPU interface
[VM 1] [    0.000000] CPU features: detected: Spectre-v2
[VM 1] [    0.000000] CPU features: detected: Spectre-v3a
[VM 1] [    0.000000] CPU features: detected: Spectre-v4
[VM 1] [    0.000000] CPU features: detected: Spectre-BHB
[VM 1] [    0.000000] CPU features: detected: ARM erratum 1742098
[VM 1] [    0.000000] CPU features: detected: ARM errata 1165522, 1319367, or 1530923
[VM 1] [    0.000000] alternatives: applying boot alternatives
[VM 1] [    0.000000] Kernel command line: 
[VM 1] [    0.000000] printk: log buffer data + meta data: 131072 + 458752 = 589824 bytes
[VM 1] [    0.000000] Dentry cache hash table entries: 65536 (order: 7, 524288 bytes, linear)
[VM 1] [    0.000000] Inode-cache hash table entries: 32768 (order: 6, 262144 bytes, linear)
[VM 1] [    0.000000] software IO TLB: SWIOTLB bounce buffer size adjusted to 0MB
[VM 1] [    0.000000] software IO TLB: area num 2.
[VM 1] [    0.000000] software IO TLB: mapped [mem 0x000000009d540000-0x000000009d5c0000] (0MB)
[VM 1] [    0.000000] Fallback order for Node 0: 0 
[VM 1] [    0.000000] Built 1 zonelists, mobility grouping on.  Total pages: 131072
[VM 1] [    0.000000] Policy zone: DMA
[VM 1] [    0.000000] mem auto-init: stack:all(zero), heap alloc:off, heap free:off
[VM 1] [    0.000000] SLUB: HWalign=64, Order=0-3, MinObjects=0, CPUs=2, Nodes=1
[VM 1] [    0.000000] rcu: Preemptible hierarchical RCU implementation.
[VM 1] [    0.000000] rcu: 	RCU event tracing is enabled.
[VM 1] [    0.000000] rcu: 	RCU restricting CPUs from NR_CPUS=512 to nr_cpu_ids=2.
[VM 1] [    0.000000] 	Trampoline variant of Tasks RCU enabled.
[VM 1] [    0.000000] 	Tracing variant of Tasks RCU enabled.
[VM 1] [    0.000000] rcu: RCU calculated value of scheduler-enlistment delay is 25 jiffies.
[VM 1] [    0.000000] rcu: Adjusting geometry for rcu_fanout_leaf=16, nr_cpu_ids=2
[VM 1] [    0.000000] RCU Tasks: Setting shift to 1 and lim to 1 rcu_task_cb_adjust=1 rcu_task_cpu_ids=2.
[VM 1] [    0.000000] RCU Tasks Trace: Setting shift to 1 and lim to 1 rcu_task_cb_adjust=1 rcu_task_cpu_ids=2.
[VM 1] [    0.000000] NR_IRQS: 64, nr_irqs: 64, preallocated irqs: 0
[VM 1] [    0.000000] GICv3: 256 SPIs implemented
[VM 1] [    0.000000] GICv3: 0 Extended SPIs implemented
[VM 1] [    0.000000] Root IRQ handler: gic_handle_irq
[VM 1] [    0.000000] GICv3: GICv3 features: 16 PPIs, RSS
[VM 1] [    0.000000] GICv3: GICD_CTLR.DS=0, SCR_EL3.FIQ=0
[VM 1] [    0.000000] GICv3: CPU0: found redistributor 0 region 0:0x00000000080a0000
[VM 1] [    0.000000] ITS [mem 0x08080000-0x0809ffff]
[VM 1] [    0.000000] ITS@0x0000000008080000: allocated 8192 Devices @83050000 (indirect, esz 8, psz 64K, shr 1)
[VM 1] [    0.000000] ITS@0x0000000008080000: allocated 8192 Interrupt Collections @83060000 (flat, esz 8, psz 64K, shr 1)
[VM 1] [    0.000000] GICv3: using LPI property table @0x0000000083070000
[VM 1] [    0.000000] GICv3: CPU0: using allocated LPI pending table @0x0000000083080000
[VM 1] [    0.000000] rcu: srcu_init: Setting srcu_struct sizes based on contention.
[VM 1] [    0.000000] arch_timer: cp15 timer running at 62.50MHz (virt).
[VM 1] [    0.000000] clocksource: arch_sys_counter: mask: 0x1ffffffffffffff max_cycles: 0x1cd42e208c, max_idle_ns: 881590405314 ns
[VM 1] [    0.000039] sched_clock: 57 bits at 63MHz, resolution 16ns, wraps every 4398046511096ns
[VM 1] [    0.003227] Console: colour dummy device 80x25
[VM 1] [    0.005860] printk: legacy console [tty0] enabled
[VM 1] [    0.008667] Calibrating delay loop (skipped), value calculated using timer frequency.. 125.00 BogoMIPS (lpj=250000)
[VM 1] [    0.008772] pid_max: default: 32768 minimum: 301
[VM 1] [    0.010214] LSM: initializing lsm=capability
[VM 1] [    0.012780] Mount-cache hash table entries: 1024 (order: 1, 8192 bytes, linear)
[VM 1] [    0.012827] Mountpoint-cache hash table entries: 1024 (order: 1, 8192 bytes, linear)
[VM 1] [    0.032490] /cpus/cpu-map/socket0/cluster0/core2: Can't get CPU for leaf core
[VM 1] [    0.033116] cacheinfo: Unable to detect cache hierarchy for CPU 0
[VM 1] [    0.040764] rcu: Hierarchical SRCU implementation.
[VM 1] [    0.040810] rcu: 	Max phase no-delay instances is 1000.
[VM 1] [    0.041436] Timer migration: 1 hierarchy levels; 8 children per group; 1 crossnode level
[VM 1] [    0.042592] fsl-mc MSI: its@8080000 domain created
[VM 1] [    0.043233] EFI services will not be available.
[VM 1] [    0.044145] smp: Bringing up secondary CPUs ...
[VM 3] msh />[32m[I/rtipic.srv] server starting on 192.168.77.30:9876[0m
[VM 3] [32m[I/rtipic.srv] listening...[0m

[Axvisor] attached VM[3] console; use Ctrl+X, then h to return to the shell
rtbench_stability 300
RTBENCH_STABILITY_BEGIN seconds=300 expected=299999
msh />[32m[I/rtipic.srv] stats: msgs=0 bytes=0KB conn=0[0m
[32m[I/rtipic.srv] proto: state=0 tx=0 rx=0 retrans=0 timeouts=0 dup=0 reorder=0 errors=0 acks=0[0m
[32m[I/rtipic.srv] client connected[0m
[32m[I/rtipic.srv] stats: msgs=3913 bytes=197KB conn=1[0m
[32m[I/rtipic.srv] proto: state=3 tx=1942 rx=1942 retrans=0 timeouts=0 dup=0 reorder=0 errors=0 acks=1942[0m
[32m[I/rtipic.srv] stats: msgs=7285 bytes=368KB conn=1[0m
[32m[I/rtipic.srv] proto: state=3 tx=3613 rx=3613 retrans=0 timeouts=0 dup=0 reorder=0 errors=0 acks=3613[0m
[32m[I/rtipic.srv] stats: msgs=10752 bytes=543KB conn=1[0m
[32m[I/rtipic.srv] proto: state=3 tx=5332 rx=5332 retrans=0 timeouts=0 dup=0 reorder=0 errors=0 acks=5332[0m
[32m[I/rtipic.srv] stats: msgs=14168 bytes=715KB conn=1[0m
[32m[I/rtipic.srv] proto: state=3 tx=7025 rx=7025 retrans=0 timeouts=0 dup=0 reorder=0 errors=0 acks=7025[0m
[32m[I/rtipic.srv] stats: msgs=17708 bytes=894KB conn=1[0m
[32m[I/rtipic.srv] proto: state=3 tx=8780 rx=8780 retrans=0 timeouts=0 dup=0 reorder=0 errors=0 acks=8780[0m
[32m[I/rtipic.srv] stats: msgs=20956 bytes=1058KB conn=1[0m
[32m[I/rtipic.srv] proto: state=3 tx=10389 rx=10389 retrans=0 timeouts=0 dup=0 reorder=0 errors=0 acks=10389[0m
[32m[I/rtipic.srv] stats: msgs=24458 bytes=1235KB conn=1[0m
[32m[I/rtipic.srv] proto: state=3 tx=12125 rx=12125 retrans=0 timeouts=0 dup=0 reorder=0 errors=0 acks=12125[0m
[32m[I/rtipic.srv] stats: msgs=29110 bytes=1470KB conn=1[0m
[32m[I/rtipic.srv] proto: state=3 tx=14436 rx=14436 retrans=0 timeouts=0 dup=0 reorder=0 errors=0 acks=14436[0m
[32m[I/rtipic.srv] client connected[0m
[33m[W/rtipic.srv] client disconnected[0m
[32m[I/rtipic.srv] stats: msgs=32314 bytes=1632KB conn=1[0m
[32m[I/rtipic.srv] proto: state=3 tx=16024 rx=16024 retrans=0 timeouts=0 dup=0 reorder=0 errors=0 acks=16024[0m
[32m[I/rtipic.srv] stats: msgs=35805 bytes=1809KB conn=1[0m
[32m[I/rtipic.srv] proto: state=3 tx=17755 rx=17755 retrans=0 timeouts=0 dup=0 reorder=0 errors=0 acks=17754[0m
[32m[I/rtipic.srv] stats: msgs=39498 bytes=1995KB conn=1[0m
[32m[I/rtipic.srv] proto: state=3 tx=19586 rx=19586 retrans=0 timeouts=0 dup=0 reorder=0 errors=0 acks=19586[0m
[32m[I/rtipic.srv] stats: msgs=43349 bytes=2190KB conn=1[0m
[32m[I/rtipic.srv] proto: state=3 tx=21497 rx=21497 retrans=0 timeouts=0 dup=0 reorder=0 errors=0 acks=21497[0m
[32m[I/rtipic.srv] stats: msgs=47179 bytes=2383KB conn=1[0m
[32m[I/rtipic.srv] proto: state=3 tx=23397 rx=23397 retrans=0 timeouts=0 dup=0 reorder=0 errors=0 acks=23397[0m
[32m[I/rtipic.srv] stats: msgs=51564 bytes=2605KB conn=1[0m
[32m[I/rtipic.srv] proto: state=3 tx=25575 rx=25575 retrans=0 timeouts=0 dup=0 reorder=0 errors=0 acks=25574[0m
[32m[I/rtipic.srv] stats: msgs=56442 bytes=2852KB conn=1[0m
[32m[I/rtipic.srv] proto: state=3 tx=27999 rx=27999 retrans=0 timeouts=0 dup=0 reorder=0 errors=0 acks=27998[0m
[32m[I/rtipic.srv] stats: msgs=61321 bytes=3178KB conn=1[0m
[32m[I/rtipic.srv] proto: state=3 tx=30423 rx=30423 retrans=0 timeouts=0 dup=0 reorder=0 errors=0 acks=30423[0m
[32m[I/rtipic.srv] stats: msgs=66164 bytes=3874KB conn=1[0m
[32m[I/rtipic.srv] proto: state=3 tx=32830 rx=32830 retrans=0 timeouts=0 dup=0 reorder=0 errors=0 acks=32830[0m
[32m[I/rtipic.srv] stats: msgs=71626 bytes=4660KB conn=1[0m
[32m[I/rtipic.srv] proto: state=3 tx=35546 rx=35546 retrans=0 timeouts=0 dup=0 reorder=0 errors=0 acks=35546[0m
[32m[I/rtipic.srv] stats: msgs=76699 bytes=5390KB conn=1[0m
[32m[I/rtipic.srv] proto: state=3 tx=38068 rx=38068 retrans=0 timeouts=0 dup=0 reorder=0 errors=0 acks=38068[0m
[32m[I/rtipic.srv] stats: msgs=81539 bytes=6085KB conn=1[0m
[32m[I/rtipic.srv] proto: state=3 tx=40473 rx=40473 retrans=0 timeouts=0 dup=0 reorder=0 errors=0 acks=40473[0m
[32m[I/rtipic.srv] stats: msgs=86537 bytes=6804KB conn=1[0m
[32m[I/rtipic.srv] proto: state=3 tx=42957 rx=42957 retrans=0 timeouts=0 dup=0 reorder=0 errors=0 acks=42957[0m
[32m[I/rtipic.srv] stats: msgs=91339 bytes=7494KB conn=1[0m
[32m[I/rtipic.srv] proto: state=3 tx=45343 rx=45343 retrans=0 timeouts=0 dup=0 reorder=0 errors=0 acks=45343[0m
[32m[I/rtipic.srv] stats: msgs=96292 bytes=8206KB conn=1[0m
[32m[I/rtipic.srv] proto: state=3 tx=47805 rx=47805 retrans=0 timeouts=0 dup=0 reorder=0 errors=0 acks=47804[0m
[32m[I/rtipic.srv] stats: msgs=101648 bytes=8977KB conn=1[0m
[32m[I/rtipic.srv] proto: state=3 tx=50468 rx=50468 retrans=0 timeouts=0 dup=0 reorder=0 errors=0 acks=50467[0m
[32m[I/rtipic.srv] stats: msgs=105372 bytes=9511KB conn=1[0m
[32m[I/rtipic.srv] proto: state=3 tx=52315 rx=52315 retrans=0 timeouts=0 dup=0 reorder=0 errors=0 acks=52315[0m
[32m[I/rtipic.srv] stats: msgs=109164 bytes=10056KB conn=1[0m
[32m[I/rtipic.srv] proto: state=3 tx=54196 rx=54196 retrans=0 timeouts=0 dup=0 reorder=0 errors=0 acks=54196[0m
[32m[I/rtipic.srv] stats: msgs=112572 bytes=10544KB conn=1[0m
[32m[I/rtipic.srv] proto: state=3 tx=55885 rx=55885 retrans=0 timeouts=0 dup=0 reorder=0 errors=0 acks=55885[0m
[32m[I/rtipic.srv] stats: msgs=116704 bytes=11138KB conn=1[0m
[32m[I/rtipic.srv] proto: state=3 tx=57936 rx=57936 retrans=0 timeouts=0 dup=0 reorder=0 errors=0 acks=57936[0m
[32m[I/rtipic.srv] stats: msgs=121230 bytes=11926KB conn=1[0m
[32m[I/rtipic.srv] proto: state=3 tx=60184 rx=60184 retrans=0 timeouts=0 dup=0 reorder=0 errors=0 acks=60184[0m
RTBENCH metric=stability_jitter run=1 expected=299999 collected=299999 missing=0 p50_ns=10256 p95_ns=258096 p99_ns=323952 p99_9_ns=396704 max_ns=2716144 miss_100us=75444 miss_500us=72 miss_1ms=3 mean_ns=61201
RTBENCH metric=callback_exec run=1 expected=299999 collected=299999 missing=0 p50_ns=528 p95_ns=800 p99_ns=3072 p99_9_ns=10352 max_ns=187760 miss_100us=74 miss_500us=0 miss_1ms=0 mean_ns=623
RTBENCH_STABILITY_END status=FAIL expected=299999 collected=299999 missing=0
RTBENCH_STABILITY_DONE

[Axvisor] attached VM[1] console; use Ctrl+X, then h to return to the shell
clocksource: Switched to clocksource arch_sys_counter
[    0.788176] VFS: Disk quotas dquot_6.6.0
[    0.788248] VFS: Dquot-cache hash table entries: 512 (order 0, 4096 bytes)

eth0      Link encap:Ethernet  HWaddr 34:54:00:4D:00:01  [    0.798274] pnp: PnP ACPI: disabled
[    0.862148] NET: Registered PF_INET protocol family

[    0.862933] IP idents hash table entries: 8192 (order: 4, 65536 bytes, linear)
[    0.864983] tcp_listen_portaddr_hash hash table entries: 256 (order: 0, 4096 bytes, linear)
[    0.865042] Table-perturb hash table entries: 65536 (order: 6, 262144 bytes, linear)
          BROADCAST MULTICAST  MTU:1500  Metric:1[    0.865090] TCP established hash table entries: 4096 (order: 3, 32768 bytes, linear)
[    0.865203] TCP bind hash table entries: 4096 (order: 5, 131072 bytes, linear)

[    0.865297] TCP: Hash tables configured (established 4096 bind 4096)
[    0.865916] UDP hash table entries: 256 (order: 2, 16384 bytes, linear)
          RX packets:0 errors:0 dropped:0 overruns:0 frame:0[    0.866049] UDP-Lite hash table entries: 256 (order: 2, 16384 bytes, linear)
[    0.889343] NET: Registered PF_UNIX/PF_LOCAL protocol family

[    0.898047] RPC: Registered named UNIX socket transport module.
[    0.898098] RPC: Registered udp transport module.
[    0.898112] RPC: Registered tcp transport module.
          TX packets:0 errors:0 dropped:0 overruns:0 carrier:0[    0.898124] RPC: Registered tcp-with-tls transport module.
[    0.898136] RPC: Registered tcp NFSv4.1 backchannel transport module.

[    0.898207] PCI: CLS 0 bytes, default 64
[    0.900593] Unpacking initramfs...
[    0.967259] kvm [1]: HYP mode not available
          collisions:0 txqueuelen:1000 [    0.969494] Initialise system trusted keyrings
[    0.972493] Freeing initrd memory: 2876K

[    0.974816] workingset: timestamp_bits=42 max_order=17 bucket_order=0
          RX bytes:0 (0.0 B)  TX bytes:0 (0.0 B)[    0.975939] squashfs: version 4.0 (2009/01/31) Phillip Lougher
[    0.997131] NFS: Registering the id_resolver key type

[    0.997390] Key type id_resolver registered
[    0.997416] Key type id_legacy registered
[    0.997605] nfs4filelayout_init: NFSv4 File Layout Driver Registering...
[    0.997657] nfs4flexfilelayout_init: NFSv4 Flexfile Layout Driver Registering...
[    0.998128] 9p: Installing v9fs 9p2000 file system support

[    1.110142] Key type asymmetric registered
[    1.110213] Asymmetric key parser 'x509' registered
[    1.110400] Block layer SCSI generic (bsg) driver version 0.4 loaded (major 244)
lo        Link encap:Local Loopback  [    1.110510] io scheduler mq-deadline registered
[    1.110558] io scheduler kyber registered

[    1.110768] io scheduler bfq registered
[    1.148706] ledtrig-cpu: registered to indicate activity on CPUs
[    1.329929] Serial: 8250/16550 driver, 4 ports, IRQ sharing enabled
          LOOPBACK  MTU:65536  Metric:1[    1.333840] msm_serial: driver initialized
[    1.334114] SuperH (H)SCI(F) driver initialized

[    1.334202] STM32 USART driver initialized
[    1.386237] loop: module loaded
[    1.408280] megasas: 07.734.00.00-rc1
          RX packets:0 errors:0 dropped:0 overruns:0 frame:0[    1.414080] tun: Universal TUN/TAP device driver, 1.6
[    1.627782] thunder_xcv, ver 1.0

[    1.627883] thunder_bgx, ver 1.0
[    1.627950] nicpf, ver 1.0
[    1.648529] e1000: Intel(R) PRO/1000 Network Driver
          TX packets:0 errors:0 dropped:0 overruns:0 carrier:0[    1.648564] e1000: Copyright (c) 1999-2006 Intel Corporation.
[    1.648649] e1000e: Intel(R) PRO/1000 Network Driver

[    1.648666] e1000e: Copyright(c) 1999 - 2015 Intel Corporation.
[    1.648728] igb: Intel(R) Gigabit Ethernet Network Driver
[    1.648742] igb: Copyright (c) 2007-2014 Intel Corporation.
          collisions:0 txqueuelen:1000 
          RX bytes:0 (0.0 B)  TX bytes:0 (0.0 B)[    1.648799] igbvf: Intel(R) Gigabit Virtual Function Network Driver
[    1.648813] igbvf: Copyright (c) 2009 - 2012 Intel Corporation.

[    1.649076] sky2: driver version 1.30
[    1.668565] VFIO - User Level meta-driver version: 0.3
[    1.671560] usbcore: registered new interface driver usb-storage
[    1.674314] i2c_dev: i2c /dev entries driver
[    1.739755] sdhci: Secure Digital Host Controller Interface driver

[    1.739796] sdhci: Copyright(c) Pierre Ossman
[    1.740259] Synopsys Designware Multimedia Card Interface Driver
[    1.740840] sdhci-pltfm: SDHCI platform and OF driver helper
[    1.743243] SMCCC: SOC_ID: ARCH_SOC_ID not implemented, skipping ....
[    1.744693] usbcore: registered new interface driver usbhid
[    1.744718] usbhid: USB HID core driver
[    1.822290] NET: Registered PF_PACKET protocol family
[    1.823026] 9pnet: Installing 9P2000 support
[    1.823218] Key type dns_resolver registered
[    1.889466] registered taskstats version 1
[    1.891711] Loading compiled-in X.509 certificates
[    1.967377] Demotion targets for Node 0: null
[    1.970745] clk: Disabling unused clocks
[    1.970889] PM: genpd: Disabling unused power domains
[    2.364112] Freeing unused kernel memory: 11648K
[    2.399463] Run /init as init process
Linux network guest ready: 192.168.77.11/24
eth0      Link encap:Ethernet  HWaddr 34:54:00:4D:00:01  
          inet addr:192.168.77.11  Bcast:0.0.0.0  Mask:255.255.255.0
          UP BROADCAST RUNNING MULTICAST  MTU:1500  Metric:1
          RX packets:0 errors:0 dropped:0 overruns:0 frame:0
          TX packets:0 errors:0 dropped:0 overruns:0 carrier:0
          collisions:0 txqueuelen:1000 
          RX bytes:0 (0.0 B)  TX bytes:0 (0.0 B)

PING 192.168.77.30 (192.168.77.30): 56 data bytes
64 bytes from 192.168.77.30: seq=0 ttl=255 time=15.882 ms

--- 192.168.77.30 ping statistics ---
1 packets transmitted, 1 packets received, 0% packet loss
round-trip min/avg/max = 15.882/15.882/15.882 ms
Linux reached RT-Thread at 192.168.77.30
Linux network counters before RT-IPC:
Ip: Forwarding DefaultTTL InReceives InHdrErrors InAddrErrors ForwDatagrams InUnknownProtos InDiscards InDelivers OutRequests OutDiscards OutNoRoutes ReasmTimeout ReasmReqds ReasmOKs ReasmFails FragOKs FragFails FragCreates OutTransmits
Ip: 2 64 1 0 0 0 0 0 1 1 0 0 0 0 0 0 0 0 0 1
Icmp: InMsgs InErrors InCsumErrors InDestUnreachs InTimeExcds InParmProbs InSrcQuenchs InRedirects InEchos InEchoReps InTimestamps InTimestampReps InAddrMasks InAddrMaskReps OutMsgs OutErrors OutRateLimitGlobal OutRateLimitHost OutDestUnreachs OutTimeExcds OutParmProbs OutSrcQuenchs OutRedirects OutEchos OutEchoReps OutTimestamps OutTimestampReps OutAddrMasks OutAddrMaskReps
Icmp: 1 0 0 0 0 0 0 0 0 1 0 0 0 0 1 0 0 0 0 0 0 0 0 1 0 0 0 0 0
IcmpMsg: InType0 OutType8
IcmpMsg: 1 1
Tcp: RtoAlgorithm RtoMin RtoMax MaxConn ActiveOpens PassiveOpens AttemptFails EstabResets CurrEstab InSegs OutSegs RetransSegs InErrs OutRsts InCsumErrors
Tcp: 1 200 120000 -1 0 0 0 0 0 0 0 0 0 0 0
Udp: InDatagrams NoPorts InErrors OutDatagrams RcvbufErrors SndbufErrors InCsumErrors IgnoredMulti MemErrors
Udp: 0 0 0 0 0 0 0 0 0
UdpLite: InDatagrams NoPorts InErrors OutDatagrams RcvbufErrors SndbufErrors InCsumErrors IgnoredMulti MemErrors
UdpLite: 0 0 0 0 0 0 0 0 0
Starting RT-IPC benchmark...
=== RT-IPC Benchmark Client ===
Target: 192.168.77.30:9876, count=30000 per size

[client] fault profile: none
[   12.168541] random: crng init done
[client] connecting...
[client] connected!

--- Payload 64B ---
[progress] size=64 idx=1010 sent=1011 recv=1010 state=3 tx=1011 rx=1010 retrans=0 timeouts=0 dup=0 reorder=0 errors=0 acks=1011 stall=2ms
[progress] size=64 idx=1958 sent=1959 recv=1959 state=3 tx=1959 rx=1959 retrans=0 timeouts=0 dup=0 reorder=0 errors=0 acks=1959 stall=0ms
[progress] size=64 idx=2791 sent=2792 recv=2792 state=3 tx=2792 rx=2792 retrans=0 timeouts=0 dup=0 reorder=0 errors=0 acks=2792 stall=1ms
[progress] size=64 idx=3642 sent=3643 recv=3643 state=3 tx=3643 rx=3643 retrans=0 timeouts=0 dup=0 reorder=0 errors=0 acks=3643 stall=0ms
[progress] size=64 idx=4525 sent=4526 recv=4525 state=3 tx=4526 rx=4525 retrans=0 timeouts=0 dup=0 reorder=0 errors=0 acks=4526 stall=2ms
[progress] size=64 idx=5354 sent=5355 recv=5355 state=3 tx=5355 rx=5355 retrans=0 timeouts=0 dup=0 reorder=0 errors=0 acks=5355 stall=0ms
[progress] size=64 idx=6206 sent=6207 recv=6207 state=3 tx=6207 rx=6207 retrans=0 timeouts=0 dup=0 reorder=0 errors=0 acks=6207 stall=0ms
[progress] size=64 idx=7057 sent=7058 recv=7058 state=3 tx=7058 rx=7058 retrans=0 timeouts=0 dup=0 reorder=0 errors=0 acks=7058 stall=0ms
[progress] size=64 idx=7920 sent=7921 recv=7920 state=3 tx=7921 rx=7920 retrans=0 timeouts=0 dup=0 reorder=0 errors=0 acks=7920 stall=2ms
[progress] size=64 idx=8812 sent=8813 recv=8813 state=3 tx=8813 rx=8813 retrans=0 timeouts=0 dup=0 reorder=0 errors=0 acks=8813 stall=0ms
[progress] size=64 idx=9640 sent=9641 recv=9640 state=3 tx=9641 rx=9640 retrans=0 timeouts=0 dup=0 reorder=0 errors=0 acks=9641 stall=2ms
[progress] size=64 idx=10408 sent=10409 recv=10408 state=3 tx=10409 rx=10408 retrans=0 timeouts=0 dup=0 reorder=0 errors=0 acks=10409 stall=2ms
[progress] size=64 idx=11317 sent=11318 recv=11317 state=3 tx=11318 rx=11317 retrans=0 timeouts=0 dup=0 reorder=0 errors=0 acks=11318 stall=2ms
[progress] size=64 idx=12147 sent=12148 recv=12147 state=3 tx=12148 rx=12147 retrans=0 timeouts=0 dup=0 reorder=0 errors=0 acks=12148 stall=2ms
[progress] size=64 idx=13162 sent=13163 recv=13163 state=3 tx=13163 rx=13163 retrans=0 timeouts=0 dup=0 reorder=0 errors=0 acks=13163 stall=0ms
[progress] size=64 idx=14470 sent=14471 recv=14471 state=3 tx=14471 rx=14471 retrans=0 timeouts=0 dup=0 reorder=0 errors=0 acks=14471 stall=0ms
[client] fault injection: force disconnect at request=15000
[client] reconnect complete recovery_ms=205 attempts=1
[progress] size=64 idx=15259 sent=15260 recv=15260 state=3 tx=15260 rx=15260 retrans=0 timeouts=0 dup=0 reorder=0 errors=0 acks=15260 stall=0ms
[progress] size=64 idx=16056 sent=16057 recv=16057 state=3 tx=16057 rx=16057 retrans=0 timeouts=0 dup=0 reorder=0 errors=0 acks=16057 stall=0ms
[progress] size=64 idx=16924 sent=16925 recv=16925 state=3 tx=16925 rx=16925 retrans=0 timeouts=0 dup=0 reorder=0 errors=0 acks=16925 stall=0ms
[progress] size=64 idx=17784 sent=17785 recv=17784 state=3 tx=17785 rx=17784 retrans=0 timeouts=0 dup=0 reorder=0 errors=0 acks=17785 stall=2ms
[progress] size=64 idx=18592 sent=18593 recv=18592 state=3 tx=18593 rx=18592 retrans=0 timeouts=0 dup=0 reorder=0 errors=0 acks=18593 stall=4ms
[progress] size=64 idx=19656 sent=19657 recv=19656 state=3 tx=19657 rx=19656 retrans=0 timeouts=0 dup=0 reorder=0 errors=0 acks=19657 stall=2ms
[progress] size=64 idx=20720 sent=20721 recv=20720 state=3 tx=20721 rx=20720 retrans=0 timeouts=0 dup=0 reorder=0 errors=0 acks=20721 stall=2ms
[progress] size=64 idx=21518 sent=21519 recv=21519 state=3 tx=21519 rx=21519 retrans=0 timeouts=0 dup=0 reorder=0 errors=0 acks=21519 stall=0ms
[progress] size=64 idx=22347 sent=22348 recv=22347 state=3 tx=22348 rx=22347 retrans=0 timeouts=0 dup=0 reorder=0 errors=0 acks=22348 stall=3ms
[progress] size=64 idx=23446 sent=23447 recv=23446 state=3 tx=23447 rx=23446 retrans=0 timeouts=0 dup=0 reorder=0 errors=0 acks=23447 stall=2ms
[progress] size=64 idx=24502 sent=24503 recv=24502 state=3 tx=24503 rx=24502 retrans=0 timeouts=0 dup=0 reorder=0 errors=0 acks=24503 stall=2ms
[progress] size=64 idx=25625 sent=25626 recv=25626 state=3 tx=25626 rx=25626 retrans=0 timeouts=0 dup=0 reorder=0 errors=0 acks=25626 stall=0ms
[progress] size=64 idx=26865 sent=26866 recv=26865 state=3 tx=26866 rx=26865 retrans=0 timeouts=0 dup=0 reorder=0 errors=0 acks=26866 stall=3ms
[progress] size=64 idx=28036 sent=28037 recv=28036 state=3 tx=28037 rx=28036 retrans=0 timeouts=0 dup=0 reorder=0 errors=0 acks=28037 stall=2ms
[progress] size=64 idx=29209 sent=29210 recv=29209 state=3 tx=29210 rx=29209 retrans=0 timeouts=0 dup=0 reorder=0 errors=0 acks=29210 stall=2ms
  sent=30000  recv=30000  loss=0%
  RTT: min=0ms avg=4ms max=40ms P50=3ms P95=23ms P99=24ms P99.9=29ms
  throughput=11.85KiB/s
  request_timeouts=0 protocol_errors=0 reconnects=1
  transport: retrans=0 timeouts=0 dup=0 reorder=0 errors=0

--- Payload 256B ---
[progress] size=256 idx=1265 sent=1266 recv=1266 state=3 tx=31266 rx=31266 retrans=0 timeouts=0 dup=0 reorder=0 errors=0 acks=31266 stall=0ms
[progress] size=256 idx=2487 sent=2488 recv=2488 state=3 tx=32488 rx=32488 retrans=0 timeouts=0 dup=0 reorder=0 errors=0 acks=32488 stall=0ms
[progress] size=256 idx=3774 sent=3775 recv=3774 state=3 tx=33775 rx=33774 retrans=0 timeouts=0 dup=0 reorder=0 errors=0 acks=33775 stall=12ms
[progress] size=256 idx=5005 sent=5006 recv=5005 state=3 tx=35006 rx=35005 retrans=0 timeouts=0 dup=0 reorder=0 errors=0 acks=35006 stall=3ms
[progress] size=256 idx=6481 sent=6482 recv=6481 state=3 tx=36482 rx=36481 retrans=0 timeouts=0 dup=0 reorder=0 errors=0 acks=36482 stall=2ms
[progress] size=256 idx=7704 sent=7705 recv=7704 state=3 tx=37705 rx=37704 retrans=0 timeouts=0 dup=0 reorder=0 errors=0 acks=37705 stall=2ms
[progress] size=256 idx=8884 sent=8885 recv=8885 state=3 tx=38885 rx=38885 retrans=0 timeouts=0 dup=0 reorder=0 errors=0 acks=38885 stall=0ms
[progress] size=256 idx=10094 sent=10095 recv=10094 state=3 tx=40095 rx=40094 retrans=0 timeouts=0 dup=0 reorder=0 errors=0 acks=40095 stall=3ms
[progress] size=256 idx=11330 sent=11331 recv=11330 state=3 tx=41331 rx=41330 retrans=0 timeouts=0 dup=0 reorder=0 errors=0 acks=41331 stall=2ms
[progress] size=256 idx=12587 sent=12588 recv=12587 state=3 tx=42588 rx=42587 retrans=0 timeouts=0 dup=0 reorder=0 errors=0 acks=42588 stall=3ms
[progress] size=256 idx=13745 sent=13746 recv=13745 state=3 tx=43746 rx=43745 retrans=0 timeouts=0 dup=0 reorder=0 errors=0 acks=43746 stall=11ms
[progress] size=256 idx=14966 sent=14967 recv=14967 state=3 tx=44967 rx=44967 retrans=0 timeouts=0 dup=0 reorder=0 errors=0 acks=44967 stall=0ms
[progress] size=256 idx=16181 sent=16182 recv=16182 state=3 tx=46182 rx=46182 retrans=0 timeouts=0 dup=0 reorder=0 errors=0 acks=46182 stall=0ms
[progress] size=256 idx=17413 sent=17414 recv=17414 state=3 tx=47414 rx=47414 retrans=0 timeouts=0 dup=0 reorder=0 errors=0 acks=47414 stall=0ms
[progress] size=256 idx=18703 sent=18704 recv=18703 state=3 tx=48704 rx=48703 retrans=0 timeouts=0 dup=0 reorder=0 errors=0 acks=48704 stall=3ms
[progress] size=256 idx=20064 sent=20065 recv=20065 state=3 tx=50065 rx=50065 retrans=0 timeouts=0 dup=0 reorder=0 errors=0 acks=50065 stall=0ms
[progress] size=256 idx=21155 sent=21156 recv=21156 state=3 tx=51156 rx=51156 retrans=0 timeouts=0 dup=0 reorder=0 errors=0 acks=51156 stall=0ms
[progress] size=256 idx=22059 sent=22060 recv=22059 state=3 tx=52060 rx=52059 retrans=0 timeouts=0 dup=0 reorder=0 errors=0 acks=52060 stall=3ms
[progress] size=256 idx=23024 sent=23025 recv=23025 state=3 tx=53025 rx=53025 retrans=0 timeouts=0 dup=0 reorder=0 errors=0 acks=53025 stall=0ms
[progress] size=256 idx=23871 sent=23872 recv=23872 state=3 tx=53872 rx=53872 retrans=0 timeouts=0 dup=0 reorder=0 errors=0 acks=53872 stall=0ms
[progress] size=256 idx=24804 sent=24805 recv=24804 state=3 tx=54805 rx=54804 retrans=0 timeouts=0 dup=0 reorder=0 errors=0 acks=54805 stall=3ms
[progress] size=256 idx=25640 sent=25641 recv=25641 state=3 tx=55641 rx=55641 retrans=0 timeouts=0 dup=0 reorder=0 errors=0 acks=55641 stall=0ms
[progress] size=256 idx=26541 sent=26542 recv=26542 state=3 tx=56542 rx=56542 retrans=0 timeouts=0 dup=0 reorder=0 errors=0 acks=56542 stall=0ms
[progress] size=256 idx=27569 sent=27570 recv=27570 state=3 tx=57570 rx=57570 retrans=0 timeouts=0 dup=0 reorder=0 errors=0 acks=57570 stall=0ms
[progress] size=256 idx=28798 sent=28799 recv=28799 state=3 tx=58799 rx=58799 retrans=0 timeouts=0 dup=0 reorder=0 errors=0 acks=58799 stall=0ms
[progress] size=256 idx=29843 sent=29844 recv=29844 state=3 tx=59844 rx=59844 retrans=0 timeouts=0 dup=0 reorder=0 errors=0 acks=59844 stall=0ms
  sent=30000  recv=30000  loss=0%
  RTT: min=0ms avg=4ms max=113ms P50=3ms P95=23ms P99=24ms P99.9=29ms
  throughput=57.30KiB/s
  request_timeouts=0 protocol_errors=0 reconnects=0
  transport: retrans=0 timeouts=0 dup=0 reorder=0 errors=0

--- Payload 1024B ---
[progress] size=1024 idx=885 sent=886 recv=886 state=3 tx=60886 rx=60886 retrans=3 timeouts=0 dup=0 reorder=0 errors=0 acks=60886 stall=1ms
[progress] size=1024 idx=2117 sent=2118 recv=2118 state=3 tx=62118 rx=62118 retrans=3 timeouts=0 dup=0 reorder=0 errors=0 acks=62118 stall=0ms
[progress] size=1024 idx=3440 sent=3441 recv=3441 state=3 tx=63441 rx=63441 retrans=3 timeouts=0 dup=0 reorder=0 errors=0 acks=63441 stall=0ms
[progress] size=1024 idx=4639 sent=4640 recv=4639 state=3 tx=64640 rx=64639 retrans=3 timeouts=0 dup=0 reorder=0 errors=0 acks=64640 stall=2ms
[progress] size=1024 idx=5875 sent=5876 recv=5875 state=3 tx=65876 rx=65875 retrans=3 timeouts=0 dup=0 reorder=0 errors=0 acks=65876 stall=2ms
[progress] size=1024 idx=7142 sent=7143 recv=7142 state=3 tx=67143 rx=67142 retrans=3 timeouts=0 dup=0 reorder=0 errors=0 acks=67143 stall=3ms
[progress] size=1024 idx=8425 sent=8426 recv=8426 state=3 tx=68426 rx=68426 retrans=3 timeouts=0 dup=0 reorder=0 errors=0 acks=68426 stall=0ms
[progress] size=1024 idx=9747 sent=9748 recv=9747 state=3 tx=69748 rx=69747 retrans=3 timeouts=0 dup=0 reorder=0 errors=0 acks=69748 stall=3ms
[progress] size=1024 idx=10991 sent=10992 recv=10991 state=3 tx=70992 rx=70991 retrans=3 timeouts=0 dup=0 reorder=0 errors=0 acks=70992 stall=2ms
[progress] size=1024 idx=12300 sent=12301 recv=12300 state=3 tx=72301 rx=72300 retrans=3 timeouts=0 dup=0 reorder=0 errors=0 acks=72301 stall=2ms
[progress] size=1024 idx=13407 sent=13408 recv=13408 state=3 tx=73408 rx=73408 retrans=3 timeouts=0 dup=0 reorder=0 errors=0 acks=73408 stall=0ms
[progress] size=1024 idx=14681 sent=14682 recv=14681 state=3 tx=74682 rx=74681 retrans=3 timeouts=0 dup=0 reorder=0 errors=0 acks=74682 stall=2ms
[progress] size=1024 idx=16043 sent=16044 recv=16043 state=3 tx=76044 rx=76043 retrans=3 timeouts=0 dup=0 reorder=0 errors=0 acks=76044 stall=2ms
[progress] size=1024 idx=17186 sent=17187 recv=17187 state=3 tx=77187 rx=77187 retrans=3 timeouts=0 dup=0 reorder=0 errors=0 acks=77187 stall=0ms
[progress] size=1024 idx=18303 sent=18304 recv=18303 state=3 tx=78304 rx=78303 retrans=3 timeouts=0 dup=0 reorder=0 errors=0 acks=78304 stall=2ms
[progress] size=1024 idx=19485 sent=19486 recv=19485 state=3 tx=79486 rx=79485 retrans=3 timeouts=0 dup=0 reorder=0 errors=0 acks=79486 stall=3ms
[progress] size=1024 idx=20954 sent=20955 recv=20955 state=3 tx=80955 rx=80955 retrans=3 timeouts=0 dup=0 reorder=0 errors=0 acks=80955 stall=0ms
[progress] size=1024 idx=22278 sent=22279 recv=22278 state=3 tx=82279 rx=82278 retrans=3 timeouts=0 dup=0 reorder=0 errors=0 acks=82279 stall=3ms
[progress] size=1024 idx=23607 sent=23608 recv=23608 state=3 tx=83608 rx=83608 retrans=3 timeouts=0 dup=0 reorder=0 errors=0 acks=83608 stall=0ms
[progress] size=1024 idx=24910 sent=24911 recv=24911 state=3 tx=84911 rx=84911 retrans=3 timeouts=0 dup=0 reorder=0 errors=0 acks=84911 stall=0ms
[progress] size=1024 idx=26334 sent=26335 recv=26335 state=3 tx=86335 rx=86335 retrans=3 timeouts=0 dup=0 reorder=0 errors=0 acks=86335 stall=0ms
[progress] size=1024 idx=27616 sent=27617 recv=27617 state=3 tx=87617 rx=87617 retrans=3 timeouts=0 dup=0 reorder=0 errors=0 acks=87617 stall=0ms
[progress] size=1024 idx=28682 sent=28683 recv=28683 state=3 tx=88683 rx=88683 retrans=3 timeouts=0 dup=0 reorder=0 errors=0 acks=88683 stall=0ms
  sent=30000  recv=30000  loss=0%
  RTT: min=0ms avg=3ms max=1656ms P50=2ms P95=13ms P99=24ms P99.9=27ms
  throughput=249.99KiB/s
  request_timeouts=0 protocol_errors=0 reconnects=0
  transport: retrans=3 timeouts=0 dup=0 reorder=0 errors=0

========================================
ALL TESTS COMPLETE
========================================
Linux network counters after RT-IPC:
Ip: Forwarding DefaultTTL InReceives InHdrErrors InAddrErrors ForwDatagrams InUnknownProtos InDiscards InDelivers OutRequests OutDiscards OutNoRoutes ReasmTimeout ReasmReqds ReasmOKs ReasmFails FragOKs FragFails FragCreates OutTransmits
Ip: 2 64 181220 0 0 0 0 0 181220 181220 0 0 0 0 0 0 0 0 0 181220
Icmp: InMsgs InErrors InCsumErrors InDestUnreachs InTimeExcds InParmProbs InSrcQuenchs InRedirects InEchos InEchoReps InTimestamps InTimestampReps InAddrMasks InAddrMaskReps OutMsgs OutErrors OutRateLimitGlobal OutRateLimitHost OutDestUnreachs OutTimeExcds OutParmProbs OutSrcQuenchs OutRedirects OutEchos OutEchoReps OutTimestamps OutTimestampReps OutAddrMasks OutAddrMaskReps
Icmp: 1 0 0 0 0 0 0 0 0 1 0 0 0 0 1 0 0 0 0 0 0 0 0 1 0 0 0 0 0
IcmpMsg: InType0 OutType8
IcmpMsg: 1 1
Tcp: RtoAlgorithm RtoMin RtoMax MaxConn ActiveOpens PassiveOpens AttemptFails EstabResets CurrEstab InSegs OutSegs RetransSegs InErrs OutRsts InCsumErrors
Tcp: 1 200 120000 -1 0 0 0 0 0 0 0 0 0 0 0
Udp: InDatagrams NoPorts InErrors OutDatagrams RcvbufErrors SndbufErrors InCsumErrors IgnoredMulti MemErrors
Udp: 181219 0 0 181219 0 0 0 0 0
UdpLite: InDatagrams NoPorts InErrors OutDatagrams RcvbufErrors SndbufErrors InCsumErrors IgnoredMulti MemErrors
UdpLite: 0 0 0 0 0 0 0 0 0
eth0      Link encap:Ethernet  HWaddr 34:54:00:4D:00:01  
          inet addr:192.168.77.11  Bcast:0.0.0.0  Mask:255.255.255.0
          UP BROADCAST RUNNING MULTICAST  MTU:1500  Metric:1
          RX packets:181230 errors:0 dropped:0 overruns:0 frame:0
          TX packets:181230 errors:0 dropped:0 overruns:0 carrier:0
          collisions:0 txqueuelen:1000 
          RX bytes:51556096 (49.1 MiB)  TX bytes:51559168 (49.1 MiB)

Linux UDP sockets after RT-IPC:
   sl  local_address rem_address   st tx_queue rx_queue tr tm->when retrnsmt   uid  timeout inode ref pointer drops            
RT-IPC client exited with rc=0
sh: can't access tty; job control turned off
~ # 