root=/dev/nvme0n1 rw init=/bin/sh
VM Load @PA:0x40200000
VM Load Offset: 0xffff0000c0200000
Memory Map:
  Free   0x00000040000000 - 0x00000040200000 (2 MiB)
  KImg   0x00000040200000 - 0x00000043a00000 (56 MiB)
  Free   0x00000043a00000 - 0x00000240000000 (7.94 GiB)
Initialize RAM allocator: 0x43a00000..0x240000000
Reserving CPU-local areas
CPU-local area stride: 0x44000 bytes
Total CPU-local allocation: 0x110000 bytes (4 CPUs)
Flushed RAM used range to memory map: 0x43a00000..0x43b00000, current: 0x43b00000
Flushed RAM used range to memory map: 0x43b00000..0x43c10000, current: 0x43c10000
CPU-local areas allocated at 0x43b00000 - 0x43c10000
EL: 2
Mapping early memory regions...
Ram                 : [0x0000000040000000, 0x0000000240000000) -> [0x0000000040000000, 0x0000000240000000) (8 GiB)
KImage              : [0x0000ffff80000000, 0x0000ffff83800000) -> [0x0000000040200000, 0x0000000043a00000) (56 MiB)
PerCpu              : [0x0000ff0043b00000, 0x0000ff0043c10000) -> [0x0000000043b00000, 0x0000000043c10000) (1.06 MiB)
Debug serial        : [0x0000000009000000, 0x0000000009001000) -> [0x0000000009000000, 0x0000000009001000) (4 KiB)
Boot page table at physical address: PA:0x43c10000
Setting up table registers...
MMU Entry point at physical address: 0x4045c53c
Trap vector at 0xffff80260000
Memory Map:
  MMIO   0x00000009000000 - 0x00000009001000 (4 KiB)
  Free   0x00000040000000 - 0x00000040200000 (2 MiB)
  KImg   0x00000040200000 - 0x00000043a00000 (56 MiB)
  Rsv    0x00000043a00000 - 0x00000043b00000 (1 MiB)
  PerCPU 0x00000043b00000 - 0x00000043c10000 (1.06 MiB)
  Rsv    0x00000043c10000 - 0x00000043c1a000 (40 KiB)
  Free   0x00000043c1a000 - 0x00000240000000 (7.94 GiB)
Jumping to main entry point at 0xffff80244368 with SP 0x0000ff0043b44000

       d8888                            .d88888b.   .d8888b.
      d88888                           d88P" "Y88b d88P  Y88b
     d88P888                           888     888 Y88b.
    d88P 888 888d888  .d8888b  .d88b.  888     888  "Y888b.
   d88P  888 888P"   d88P"    d8P  Y8b 888     888     "Y88b.
  d88P   888 888     888      88888888 888     888       "888
 d8888888888 888     Y88b.    Y8b.     Y88b. .d88P Y88b  d88P
d88P     888 888      "Y8888P  "Y8888   "Y88888P"   "Y8888P"

arch = aarch64
platform = linux,dummy-virt
target = aarch64-unknown-none-softfloat
build_mode = 
log_level = info
backtrace = false
smp = 3

[37m[  0.050064 ax_runtime:220] [32mLogging is enabled.[m
[m[37m[  0.050355 ax_runtime:221] [32mPrimary CPU 0 started, arg = 0x43a00000.[m
[m[37m[  0.050438 ax_runtime:223] [32mFound physcial memory regions:[m
[m[37m[  0.051161 ax_runtime:225] [32m  [PA:0x9000000, PA:0x9001000) mmio (READ | WRITE | DEVICE | RESERVED)[m
[m[37m[  0.051337 ax_runtime:225] [32m  [PA:0x40000000, PA:0x40200000) free memory (READ | WRITE | FREE)[m
[m[37m[  0.051447 ax_runtime:225] [32m  [PA:0x40200000, PA:0x43a00000) reserved (READ | WRITE | EXECUTE | RESERVED)[m
[m[37m[  0.051547 ax_runtime:225] [32m  [PA:0x43a00000, PA:0x43b00000) reserved (READ | WRITE | EXECUTE | RESERVED)[m
[m[37m[  0.051643 ax_runtime:225] [32m  [PA:0x43b00000, PA:0x43c10000) reserved (READ | WRITE | EXECUTE | RESERVED)[m
[m[37m[  0.051740 ax_runtime:225] [32m  [PA:0x43c10000, PA:0x43c1a000) reserved (READ | WRITE | EXECUTE | RESERVED)[m
[m[37m[  0.051836 ax_runtime:225] [32m  [PA:0x43c1a000, PA:0x240000000) free memory (READ | WRITE | FREE)[m
[m[37m[  0.051943 ax_runtime:373] [32mInitialize global memory allocator...[m
[m[37m[  0.052024 ax_runtime:374] [32m  use buddy-slab-allocator allocator.[m
[m[37m[  0.052169 ax_alloc::buddy_slab:158] [32mInitialize global memory allocator, start_vaddr: 0x43c1a000, size: 0x1fc3e6000[m
[m[37m[  0.057266 ax_alloc::buddy_slab:424] [32mglobal allocator initialized[m
[m[37m[  0.057396 ax_alloc::buddy_slab:168] [32mAdd memory region, start_vaddr: 0x40000000, size: 0x200000[m
[m[37m[  0.057528 buddy_slab_allocator::global:151] [32mGlobalAllocator: skip region 0x40000000+0x200000, no allocator-visible memory after 2097152 alignment[m
[m[37m[  0.057781 ax_runtime:260] [32mkernel aspace: [VA:0x0, VA:0xffffffffffffffff)[m
[m[37m[  0.057921 ax_mm:103] [32mInitialize virtual memory management...[m
[m[37m[  0.570782 ax_runtime:272] [32mInitialize platform devices...[m
[m[37m[  0.575935 someboot::arch::power:23] [32mPower management method : SMC[m
[m[37m[  0.576099 somehal::driver:5] [32mInitializing rdrive with FDT at 0x43a00000[m
[m[37m[  0.586570 somehal::arch::gic::v3:284] [32mGICv3 CPU 0 EOI mode: two_step=true[m
[m[37m[  0.592225 ax_task::api:137] [32mInitialize scheduling...[m
[m[37m[  0.593269 ax_task::api:145] [32m  use Round-robin scheduler.[m
[m[37m[  0.593541 ax_runtime:298] [32mInitialize interrupt handlers...[m
[m[37m[  0.595233 ax_runtime::devices:2] [32mProbe platform devices...[m
[m[37m[  0.616004 ax_driver::block::nvme:42] [32mNVMe PCI endpoint 0000:00:01.0: BAR0=0x8000000000..0x8000004000, int_pin=1, int_line=0[m
[m[37m[  0.626296 nvme_driver::nvme:161] [32mNVME @0x8000000000 deferred init, version: 1.4.0[m
[m[37m[  0.626825 ax_driver::block::nvme:74] [32mNVMe block device registered at 0000:00:01.0 with 65 MSI-X vectors[m
[m[37m[  0.631450 ax_fs_ng::block::runtime::lifecycle::device:300] [32mblock device nvme IRQ source 0 (IrqId { domain: IrqDomainId(9), hwirq: HwIrq(0) }) fixed to CPU 0 for queue mask 0x0[m
[m[37m[  0.648983 ax_fs_ng::block::runtime::hctx:177] [32mblock hctx 0 bound to CPU 0 with hardware depth 63[m
[m[37m[  0.649407 ax_fs_ng::block::runtime::lifecycle::device:300] [32mblock device nvme IRQ source 1 (IrqId { domain: IrqDomainId(9), hwirq: HwIrq(1) }) fixed to CPU 0 for queue mask 0x1[m
[m[37m[  0.654655 ax_fs_ng::root:341] [32m    raw device fs=Some(Ext4)[m
[m[37m[  0.654858 ax_fs_ng::root:372] [32m  block device 0 (nvme) has no usable partition table; treating the whole disk as a candidate[m
[m[37m[  0.655207 ax_fs_ng::root:481] [32m  matched root by raw device path on disk0 raw device[m
[m[37m[  0.655557 ax_fs_ng:86] [32mInitialize filesystem subsystem...[m
[m[37m[  0.655635 ax_fs_ng:87] [32m  selected root device: disk0 raw device[m
[m[37m[  0.658065 rsext4::crc32c::arm64:54] [33mID_AA64ISAR0_EL1[19:16]: 0x1[m
[m[37m[  0.658161 rsext4::crc32c::arm64:57] [33mHardware CRC32C support detected.[m
[m[37m[  0.663262 rsext4::ext4::mount:331] [32m/lost+found exists (superblock hint inode=11)[m
[m[37m[  0.664185 rsext4::ext4::mount:466] [32mExt4 filesystem mounted[m
[m[37m[  0.664270 rsext4::ext4::mount:467] [32m  - block size: 4096 bytes[m
[m[37m[  0.664352 rsext4::ext4::mount:468] [32m  - total blocks: 8192[m
[m[37m[  0.664427 rsext4::ext4::mount:469] [32m  - free blocks: 1226[m
[m[37m[  0.664502 rsext4::ext4::mount:470] [32m  - total inodes: 8192[m
[m[37m[  0.664575 rsext4::ext4::mount:471] [32m  - free inodes: 8151[m
[m[37m[  0.664658 rsext4::ext4::sync:13] [32mSyncing filesystem...[m
[m[37m[  0.670467 rsext4::ext4::mount:550] [32mExt4 filesystem mounted[m
[m[37m[  0.670889 ax_fs_ng:99] [32m  filesystem type: "ext4"[m
[m[37m[  0.678437 somehal::arch::gic::v3:284] [32mGICv3 CPU 1 EOI mode: two_step=true[m
[m[37m[  0.678919 ax_runtime::mp:79] [32mSecondary CPU 1 started.[m
[m[37m[  0.679573 ax_runtime::mp:110] [32mSecondary CPU 1 init OK.[m
[m[37m[  0.685416 somehal::arch::gic::v3:284] [32mGICv3 CPU 2 EOI mode: two_step=true[m
[m[37m[  0.685631 ax_runtime::mp:79] [32mSecondary CPU 2 started.[m
[m[37m[  0.685666 ax_runtime:346] [32mPrimary CPU 0 init OK.[m
[m[37m[  0.685960 ax_runtime::mp:110] [32mSecondary CPU 2 init OK.[m
[m[37m[  0.691471 0:4 ax_fs_ng::block::runtime::hctx:177] [32mblock hctx 1 bound to CPU 1 with hardware depth 63[m
[m[37m[  0.691650 0:4 ax_fs_ng::block::runtime::hctx:177] [32mblock hctx 2 bound to CPU 2 with hardware depth 63[m
[m[37m[  0.691954 0:4 ax_fs_ng::block::runtime::lifecycle::device:300] [32mblock device nvme IRQ source 2 (IrqId { domain: IrqDomainId(9), hwirq: HwIrq(2) }) fixed to CPU 1 for queue mask 0x2[m
[m[37m[  0.692218 0:4 ax_fs_ng::block::runtime::lifecycle::device:300] [32mblock device nvme IRQ source 3 (IrqId { domain: IrqDomainId(9), hwirq: HwIrq(3) }) fixed to CPU 2 for queue mask 0x4[m
[m[37m[  0.693529 0:2 ax_fs_ng::block::runtime::lifecycle::device:385] [32mblock device nvme online with 3 hctxs across 3 CPUs[m
[m

       d8888            888     888  d8b
      d88888            888     888  Y8P
     d88P888            888     888
    d88P 888  888  888  Y88b   d88P  888  .d8888b    .d88b.   888d888
   d88P  888  `Y8bd8P'   Y88b d88P   888  88K       d88""88b  888P"
  d88P   888    X88K      Y88o88P    888  "Y8888b.  888  888  888
 d8888888888  .d8""8b.     Y888P     888       X88  Y88..88P  888
d88P     888  888  888      Y8P      888   88888P'   "Y88P"   888


by AxVisor Team

[37m[  0.695512 0:2 axvisor:73] [32mStarting virtualization...[m
[m[37m[  0.695631 0:2 axvm::host::arceos:349] [32mEnabling hardware virtualization support on all cores...[m
[m[37m[  0.695764 0:2 axvm::host::arceos:355] [32mCore 0 is initializing hardware virtualization support...[m
[m[37m[  0.695894 0:2 axvm::timer:318] [32mInitializing AxVM timer wheel...[m
[m[37m[  0.700061 0:2 axvm::host::arceos:357] [32mHardware virtualization support enabled on core 0[m
[m[37m[  0.700392 1:15 axvm::host::arceos:367] [32mCore 1 is initializing hardware virtualization support...[m
[m[37m[  0.700530 0:2 axvm::host::arceos:383] [32mWaiting for all cores to enable hardware virtualization...[m
[m[37m[  0.700544 1:15 axvm::timer:318] [32mInitializing AxVM timer wheel...[m
[m[37m[  0.700530 2:16 axvm::host::arceos:367] [32mCore 2 is initializing hardware virtualization support...[m
[m[37m[  0.700959 2:16 axvm::timer:318] [32mInitializing AxVM timer wheel...[m
[m[37m[  0.700990 1:15 axvm::host::arceos:370] [32mHardware virtualization support enabled on core 1[m
[m[37m[  0.701374 2:16 axvm::host::arceos:370] [32mHardware virtualization support enabled on core 2[m
[m[37m[  0.701635 0:2 axvm::host::arceos:399] [32mAll cores have enabled hardware virtualization support.[m
[m[37m[  0.705793 0:2 axvisor::manager:143] [32mNOT find dir: /guest/vm_default in filesystem[m
[m[37m[  0.705980 0:2 axvisor::config:90] [32mUsing static VM configs.[m
[m[37m[  0.718739 0:2 axvm::arch::aarch64::fdt::core:79] [32mVM[1] virtual GIC follows host firmware resources: GuestGicProfile { compatible: "arm,gic-v3", node_path: "/intc@8000000", node_phandle: Some(32773), distributor: GuestMmioRegion { base: 134217728, length: 65536 }, cpu_region: Redistributors(GuestGicRedistributorProfile { regions: [GuestMmioRegion { base: 134873088, length: 16121856 }], stride: 131072 }), its: [GuestItsProfile { id: ItsId(0), node_path: "/intc@8000000/its@8080000", node_phandle: Some(32774), registers: GuestMmioRegion { base: 134742016, length: 131072 } }] }[m
[m[37m[  0.721001 0:2 axvm::arch::aarch64::fdt::core:93] [32mVM[1] architectural timer follows host firmware PPIs[m
[m[37m[  0.725027 0:2 axvm::arch::aarch64::fdt::core::parser:442] [32mCPU node: /cpus/cpu@0, node_id: 0x0, hardware_cpu_id: 0x0[m
[m[37m[  0.725208 0:2 axvm::arch::aarch64::fdt::core::parser:442] [32mCPU node: /cpus/cpu@1, node_id: 0x1, hardware_cpu_id: 0x1[m
[m[37m[  0.725349 0:2 axvm::arch::aarch64::fdt::core::parser:442] [32mCPU node: /cpus/cpu@2, node_id: 0x2, hardware_cpu_id: 0x2[m
[m[37m[  0.725471 0:2 axvm::arch::aarch64::fdt::core::parser:442] [32mCPU node: /cpus/cpu@3, node_id: 0x3, hardware_cpu_id: 0x3[m
[m[37m[  0.725648 0:2 axvm::arch::aarch64::fdt::core::parser:449] [32mFound 4 host CPU nodes[m
[m[37m[  0.726014 0:2 axvm::arch::aarch64::fdt::core:144] [32mVM[1] DTB not found, generating from the VM configuration[m
[m[37m[  0.738303 0:2 axvm::arch::aarch64::fdt::core::device:96] [32mFound excluded devices: ["/virtio_mmio@a000000", "/virtio_mmio@a000200", "/virtio_mmio@a000400", "/virtio_mmio@a000600", "/virtio_mmio@a000800", "/virtio_mmio@a000a00", "/virtio_mmio@a000c00", "/virtio_mmio@a000e00", "/virtio_mmio@a001000", "/virtio_mmio@a001200", "/virtio_mmio@a001400", "/virtio_mmio@a001600", "/virtio_mmio@a001800", "/virtio_mmio@a001a00", "/virtio_mmio@a001c00", "/virtio_mmio@a001e00", "/virtio_mmio@a002000", "/virtio_mmio@a002200", "/virtio_mmio@a002400", "/virtio_mmio@a002600", "/virtio_mmio@a002800", "/virtio_mmio@a002a00", "/virtio_mmio@a002c00", "/virtio_mmio@a002e00", "/virtio_mmio@a003000", "/virtio_mmio@a003200", "/virtio_mmio@a003400", "/virtio_mmio@a003600", "/virtio_mmio@a003800", "/virtio_mmio@a003a00", "/virtio_mmio@a003c00", "/virtio_mmio@a003e00", "/pcie@10000000", "/pl061@9030000", "/pl031@9010000", "/gpio-key-poweroff", "/intc@8000000", "/pl011@9000000", "/timer", "/intc@8000000/its@8080000"][m
[m[37m[  0.746626 0:2 axvm::arch::aarch64::fdt::core::device:96] [32mFound excluded devices: ["/virtio_mmio@a000000", "/virtio_mmio@a000200", "/virtio_mmio@a000400", "/virtio_mmio@a000600", "/virtio_mmio@a000800", "/virtio_mmio@a000a00", "/virtio_mmio@a000c00", "/virtio_mmio@a000e00", "/virtio_mmio@a001000", "/virtio_mmio@a001200", "/virtio_mmio@a001400", "/virtio_mmio@a001600", "/virtio_mmio@a001800", "/virtio_mmio@a001a00", "/virtio_mmio@a001c00", "/virtio_mmio@a001e00", "/virtio_mmio@a002000", "/virtio_mmio@a002200", "/virtio_mmio@a002400", "/virtio_mmio@a002600", "/virtio_mmio@a002800", "/virtio_mmio@a002a00", "/virtio_mmio@a002c00", "/virtio_mmio@a002e00", "/virtio_mmio@a003000", "/virtio_mmio@a003200", "/virtio_mmio@a003400", "/virtio_mmio@a003600", "/virtio_mmio@a003800", "/virtio_mmio@a003a00", "/virtio_mmio@a003c00", "/virtio_mmio@a003e00", "/pcie@10000000", "/pl061@9030000", "/pl031@9010000", "/gpio-key-poweroff", "/intc@8000000", "/pl011@9000000", "/timer", "/intc@8000000/its@8080000"][m
[m[37m[  0.748419 0:2 axvisor::config:137] [32mCreating VM[1] "linux-net"[m
[m[37m[  0.748870 0:2 axvm::arch::aarch64::vgic::plan:214] [32massigned_spis: 0 passthrough interrupts configured[m
[m[37m[  0.760388 0:2 axvm::vm:821] [32mVM created: id=1[m
[m[37m[  0.761354 0:2 axvisor::config:149] [32mVM[1] created success, loading images...[m
[m[37m[  0.841987 0:2 axvm::boot::images:137] [32mLoading ramdisk image from memory (2948096 bytes) into GPA @0x8c000000[m
[m[37m[  0.859700 0:2 axdevice::device:1232] [32mDeviceRuntime: registered device id=0[m
[m[37m[  0.860008 0:2 axdevice::device:1232] [32mDeviceRuntime: registered device id=1[m
[m[37m[  0.860144 0:2 axdevice::device:1232] [32mDeviceRuntime: registered device id=2[m
[m[37m[  0.861353 0:2 axdevice::device:1232] [32mDeviceRuntime: registered device id=3[m
[m[37m[  0.862731 0:2 axdevice::device:1232] [32mDeviceRuntime: registered device id=4[m
[m[37m[  0.865187 0:2 axvm::vm::prepare:82] [32mVM setup: id=1[m
[m[37m[  0.868518 0:2 axvm::arch::aarch64::fdt::core:79] [32mVM[3] virtual GIC follows host firmware resources: GuestGicProfile { compatible: "arm,gic-v3", node_path: "/intc@8000000", node_phandle: Some(32773), distributor: GuestMmioRegion { base: 134217728, length: 65536 }, cpu_region: Redistributors(GuestGicRedistributorProfile { regions: [GuestMmioRegion { base: 134873088, length: 16121856 }], stride: 131072 }), its: [GuestItsProfile { id: ItsId(0), node_path: "/intc@8000000/its@8080000", node_phandle: Some(32774), registers: GuestMmioRegion { base: 134742016, length: 131072 } }] }[m
[m[37m[  0.869123 0:2 axvm::arch::aarch64::fdt::core:93] [32mVM[3] architectural timer follows host firmware PPIs[m
[m[37m[  0.872550 0:2 axvm::arch::aarch64::fdt::core::parser:442] [32mCPU node: /cpus/cpu@0, node_id: 0x0, hardware_cpu_id: 0x0[m
[m[37m[  0.872680 0:2 axvm::arch::aarch64::fdt::core::parser:442] [32mCPU node: /cpus/cpu@1, node_id: 0x1, hardware_cpu_id: 0x1[m
[m[37m[  0.872804 0:2 axvm::arch::aarch64::fdt::core::parser:442] [32mCPU node: /cpus/cpu@2, node_id: 0x2, hardware_cpu_id: 0x2[m
[m[37m[  0.872929 0:2 axvm::arch::aarch64::fdt::core::parser:442] [32mCPU node: /cpus/cpu@3, node_id: 0x3, hardware_cpu_id: 0x3[m
[m[37m[  0.873075 0:2 axvm::arch::aarch64::fdt::core::parser:449] [32mFound 4 host CPU nodes[m
[m[37m[  0.873176 0:2 axvm::arch::aarch64::fdt::core:144] [32mVM[3] DTB not found, generating from the VM configuration[m
[m[37m[  0.881522 0:2 axvm::arch::aarch64::fdt::core::device:96] [32mFound excluded devices: ["/virtio_mmio@a000000", "/virtio_mmio@a000200", "/virtio_mmio@a000400", "/virtio_mmio@a000600", "/virtio_mmio@a000800", "/virtio_mmio@a000a00", "/virtio_mmio@a000c00", "/virtio_mmio@a000e00", "/virtio_mmio@a001000", "/virtio_mmio@a001200", "/virtio_mmio@a001400", "/virtio_mmio@a001600", "/virtio_mmio@a001800", "/virtio_mmio@a001a00", "/virtio_mmio@a001c00", "/virtio_mmio@a001e00", "/virtio_mmio@a002000", "/virtio_mmio@a002200", "/virtio_mmio@a002400", "/virtio_mmio@a002600", "/virtio_mmio@a002800", "/virtio_mmio@a002a00", "/virtio_mmio@a002c00", "/virtio_mmio@a002e00", "/virtio_mmio@a003000", "/virtio_mmio@a003200", "/virtio_mmio@a003400", "/virtio_mmio@a003600", "/virtio_mmio@a003800", "/virtio_mmio@a003a00", "/virtio_mmio@a003c00", "/virtio_mmio@a003e00", "/pcie@10000000", "/pl061@9030000", "/pl031@9010000", "/gpio-key-poweroff", "/intc@8000000", "/pl011@9000000", "/timer", "/intc@8000000/its@8080000"][m
[m[37m[  0.887802 0:2 axvm::arch::aarch64::fdt::core::device:96] [32mFound excluded devices: ["/virtio_mmio@a000000", "/virtio_mmio@a000200", "/virtio_mmio@a000400", "/virtio_mmio@a000600", "/virtio_mmio@a000800", "/virtio_mmio@a000a00", "/virtio_mmio@a000c00", "/virtio_mmio@a000e00", "/virtio_mmio@a001000", "/virtio_mmio@a001200", "/virtio_mmio@a001400", "/virtio_mmio@a001600", "/virtio_mmio@a001800", "/virtio_mmio@a001a00", "/virtio_mmio@a001c00", "/virtio_mmio@a001e00", "/virtio_mmio@a002000", "/virtio_mmio@a002200", "/virtio_mmio@a002400", "/virtio_mmio@a002600", "/virtio_mmio@a002800", "/virtio_mmio@a002a00", "/virtio_mmio@a002c00", "/virtio_mmio@a002e00", "/virtio_mmio@a003000", "/virtio_mmio@a003200", "/virtio_mmio@a003400", "/virtio_mmio@a003600", "/virtio_mmio@a003800", "/virtio_mmio@a003a00", "/virtio_mmio@a003c00", "/virtio_mmio@a003e00", "/pcie@10000000", "/pl061@9030000", "/pl031@9010000", "/gpio-key-poweroff", "/intc@8000000", "/pl011@9000000", "/timer", "/intc@8000000/its@8080000"][m
[m[37m[  0.889270 0:2 axvisor::config:137] [32mCreating VM[3] "rtthread-net"[m
[m[37m[  0.889363 0:2 axvm::arch::aarch64::vgic::plan:214] [32massigned_spis: 0 passthrough interrupts configured[m
[m[37m[  0.890603 0:2 axvm::vm:821] [32mVM created: id=3[m
[m[37m[  0.890761 0:2 axvisor::config:149] [32mVM[3] created success, loading images...[m
[m[37m[  0.895404 0:2 axdevice::device:1232] [32mDeviceRuntime: registered device id=0[m
[m[37m[  0.895501 0:2 axdevice::device:1232] [32mDeviceRuntime: registered device id=1[m
[m[37m[  0.895580 0:2 axdevice::device:1232] [32mDeviceRuntime: registered device id=2[m
[m[37m[  0.895734 0:2 axdevice::device:1232] [32mDeviceRuntime: registered device id=3[m
[m[37m[  0.896161 0:2 axdevice::device:1232] [32mDeviceRuntime: registered device id=4[m
[m[37m[  0.896330 0:2 axvm::vm::prepare:82] [32mVM setup: id=3[m
[m[37m[  0.896507 0:2 axvm::runtime:42] [32mInitializing VMM...[m
[m[37m[  0.896986 0:2 axvm::runtime:53] [32mVMM starting, booting VMs...[m
[m[37m[  0.897142 0:2 axvm::vm:1046] [32mStarting VM[1][m
[m[37m[  0.897260 0:2 axvm::runtime::vcpus:343] [32mSpawning task for VM[1] VCpu[0][m
[m[37m[  0.897580 0:2 axvm::runtime::vcpus:360] [32mVCpu task Task(19, "VM[1]-VCpu[0]") created cpumask: [0, 1, ][m
[m[37m[  0.899408 0:2 axvm::runtime:61] [32mVM[1] boot success[m
[m[37m[  0.899486 0:2 axvm::vm:1046] [32mStarting VM[3][m
[m[37m[  0.899545 0:2 axvm::runtime::vcpus:343] [32mSpawning task for VM[3] VCpu[0][m
[m[37m[  0.899668 0:2 axvm::runtime::vcpus:360] [32mVCpu task Task(21, "VM[3]-VCpu[0]") created cpumask: [2, ][m
[m[37m[  0.899960 0:2 axvm::runtime:61] [32mVM[3] boot success[m
[m[37m[  0.900126 2:21 axvm::runtime::vcpus:414] [32mVM[3] VCpu[0] waiting for running[m
[m[37m[  0.900436 2:21 axvm::runtime::vcpus:456] [32mVM[3] VCpu[0] running...[m
[m[37m[  0.901265 0:2 axvisor:89] [32m[OK] Default guest initialized[m
[m[37m[  0.901720 0:19 axvm::runtime::vcpus:414] [32mVM[1] VCpu[0] waiting for running[m
[m[37m[  0.901819 0:19 axvm::runtime::vcpus:456] [32mVM[1] VCpu[0] running...[m
[m[VM 3] [32m[I/rtdm.ofw] Booting RT-Thread on physical CPU 0x0[0m
[VM 3] [32m[I/rtdm.ofw] Machine model: linux,dummy-virt[0m
[VM 3] [32m[I/rtdm.ofw] Memory node(0) ranges: 0x00000000a0000000 - 0x00000000b0000000[0m
[VM 3] [32m[I/mm.memblock] System memory:[0m
[VM 3] [32m[I/mm.memblock]                    [0x00000000a0000000, 0x00000000b0000000][0m
[VM 3] [32m[I/mm.memblock] Reserved memory:[0m
[VM 3] [32m[I/mm.memblock]                    [0x00000000a0000000, 0x00000000a0102000][0m
[VM 3] [32m[I/mm.memblock]                    [0x00000000a0102000, 0x00000000a4102000][0m
[37m[  0.946103 0:19 axvm::runtime::hvc:258] [32mVM[1] PSCI_FEATURES function_id=0x80000000[m
[m[VM 3] [32m[I/mm.memblock]                    [0x00000000a4102000, 0x00000000a4302000][0m
[37m[  0.946793 0:19 axvm::runtime::hvc:258] [32mVM[1] PSCI_FEATURES function_id=0xc4000001[m
[m[37m[  0.947061 0:19 axvm::runtime::hvc:258] [32mVM[1] PSCI_FEATURES function_id=0xc400000e[m
[m[37m[  0.947286 0:19 axvm::runtime::hvc:258] [32mVM[1] PSCI_FEATURES function_id=0xc4000012[m
[m[37m[  0.947494 0:19 axvm::runtime::hvc:258] [32mVM[1] PSCI_FEATURES function_id=0xc4000015[m
[m[VM 3] [32m[I/mm.memblock]                    [0x00000000a4302000, 0x00000000a4303000][0m
[VM 3] [32m[I/mm.memblock] physical memory region [0x00000000a4303000-0x00000000b0000000] installed to system page[0m
[VM 3] [32m[I/mm.memblock] 198 MB memory installed to system page[0m
[VM 3] [32m[I/osi.psci] Using PSCI v1.1 Function IDs[0m
[VM 3] [32m[I/rtdm.ofw] Console: uart0 (<no-node>)[0m
[VM 3] 
[VM 3]  \ | /
[VM 3] - RT -     Thread Operating System
[VM 3]  / | \     5.2.2 build Aug 16 2026 14:11:26
[VM 3]  2006 - 2024 Copyright by RT-Thread team
[VM 3] lwIP-2.1.2 initialized!
[37m[  1.035982 0:19 axvisor::virtio_net:474] [33mvirtio-net drops an ingress frame: NotReady[m
[m[VM 3] [32m[I/sal.skt] Socket Abstraction Layer initialize success.[0m
[37m[  1.053519 0:19 axvm::runtime::hvc:272] [32mVM[1] PSCI_CPU_ON target=0x1 entry=0x81e3f570 context=0x0[m
[m[37m[  1.054023 0:19 axvm::runtime::vcpus:343] [32mSpawning task for VM[1] VCpu[1][m
[m[37m[  1.054173 0:19 axvm::runtime::vcpus:360] [32mVCpu task Task(24, "VM[1]-VCpu[1]") created cpumask: [0, 1, ][m
[m[37m[  1.054568 0:24 axvm::runtime::vcpus:414] [32mVM[1] VCpu[1] waiting for running[m
[m[VM 3] [32m[I/rtdm.mnt] File system initialization done[0m
[37m[  1.055016 0:24 axvm::runtime::vcpus:456] [32mVM[1] VCpu[1] running...[m
[m[VM 3] Axvisor RT-Thread guest ready
[VM 1] [    0.000000] Booting Linux on physical CPU 0x0000000000 [0x410fd083]
[VM 1] [    0.000000] Linux version 6.18.0-rc6-gfd95357fd8c6-dirty (runner@s1lqc) (aarch64-linux-gnu-gcc (Ubuntu 13.3.0-6ubuntu2~24.04) 13.3.0, GNU ld (GNU Binutils for Ubuntu) 2.42) #25 SMP PREEMPT Fri Mar 20 11:22:05 CST 2026
[VM 1] [    0.000000] KASLR disabled due to lack of seed
[VM 1] [    0.000000] Machine model: linux,dummy-virt
[VM 1] [    0.000000] efi: UEFI not found.
[VM 1] [    0.000000] OF: reserved mem: Reserved memory: No reserved-memory node in the DT
[VM 1] [    0.000000] NUMA: Faking a node at [mem 0x0000000080000000-0x000000009fffffff]
[VM 1] [    0.000000] NODE_DATA(0) allocated [mem 0x9ff06f40-0x9ff095bf]
[VM 1] [    0.000000] Zone ranges:
[VM 1] [    0.000000]   DMA      [mem 0x0000000080000000-0x000000009fffffff]
[VM 1] [    0.000000]   DMA32    empty
[VM 1] [    0.000000]   Normal   empty
[VM 1] [    0.000000] Movable zone start for each node
[VM 1] [    0.000000] Early memory node ranges
[VM 1] [    0.000000]   node   0: [mem 0x0000000080000000-0x000000009fffffff]
[VM 1] [    0.000000] Initmem setup node 0 [mem 0x0000000080000000-0x000000009fffffff]
[VM 1] [    0.000000] cma: Reserved 32 MiB at 0x000000009d600000
[VM 1] [    0.000000] psci: probing for conduit method from DT.
[VM 1] [    0.000000] psci: PSCIv1.1 detected in firmware.
[VM 1] [    0.000000] psci: Using standard PSCI v0.2 function IDs
[VM 1] [    0.000000] psci: Trusted OS migration not required
[VM 1] [    0.000000] psci: SMC Calling Convention v65535.65535
[VM 1] [    0.000000] percpu: Embedded 25 pages/cpu s62488 r8192 d31720 u102400
[VM 1] [    0.000000] Detected PIPT I-cache on CPU0
[VM 1] [    0.000000] CPU features: detected: GICv3 CPU interface
[VM 1] [    0.000000] CPU features: detected: Spectre-v2
[VM 1] [    0.000000] CPU features: detected: Spectre-v3a
[VM 1] [    0.000000] CPU features: detected: Spectre-v4
[VM 1] [    0.000000] CPU features: detected: Spectre-BHB
[VM 1] [    0.000000] CPU features: detected: ARM erratum 1742098
[VM 1] [    0.000000] CPU features: detected: ARM errata 1165522, 1319367, or 1530923
[VM 1] [    0.000000] alternatives: applying boot alternatives
[VM 1] [    0.000000] Kernel command line: 
[VM 1] [    0.000000] printk: log buffer data + meta data: 131072 + 458752 = 589824 bytes
[VM 1] [    0.000000] Dentry cache hash table entries: 65536 (order: 7, 524288 bytes, linear)
[VM 1] [    0.000000] Inode-cache hash table entries: 32768 (order: 6, 262144 bytes, linear)
[VM 1] [    0.000000] software IO TLB: SWIOTLB bounce buffer size adjusted to 0MB
[VM 1] [    0.000000] software IO TLB: area num 2.
[VM 1] [    0.000000] software IO TLB: mapped [mem 0x000000009d540000-0x000000009d5c0000] (0MB)
[VM 1] [    0.000000] Fallback order for Node 0: 0 
[VM 1] [    0.000000] Built 1 zonelists, mobility grouping on.  Total pages: 131072
[VM 1] [    0.000000] Policy zone: DMA
[VM 1] [    0.000000] mem auto-init: stack:all(zero), heap alloc:off, heap free:off
[VM 1] [    0.000000] SLUB: HWalign=64, Order=0-3, MinObjects=0, CPUs=2, Nodes=1
[VM 1] [    0.000000] rcu: Preemptible hierarchical RCU implementation.
[VM 1] [    0.000000] rcu: 	RCU event tracing is enabled.
[VM 1] [    0.000000] rcu: 	RCU restricting CPUs from NR_CPUS=512 to nr_cpu_ids=2.
[VM 1] [    0.000000] 	Trampoline variant of Tasks RCU enabled.
[VM 1] [    0.000000] 	Tracing variant of Tasks RCU enabled.
[VM 1] [    0.000000] rcu: RCU calculated value of scheduler-enlistment delay is 25 jiffies.
[VM 1] [    0.000000] rcu: Adjusting geometry for rcu_fanout_leaf=16, nr_cpu_ids=2
[VM 1] [    0.000000] RCU Tasks: Setting shift to 1 and lim to 1 rcu_task_cb_adjust=1 rcu_task_cpu_ids=2.
[VM 1] [    0.000000] RCU Tasks Trace: Setting shift to 1 and lim to 1 rcu_task_cb_adjust=1 rcu_task_cpu_ids=2.
[VM 1] [    0.000000] NR_IRQS: 64, nr_irqs: 64, preallocated irqs: 0
[VM 1] [    0.000000] GICv3: 256 SPIs implemented
[VM 1] [    0.000000] GICv3: 0 Extended SPIs implemented
[VM 1] [    0.000000] Root IRQ handler: gic_handle_irq
[VM 1] [    0.000000] GICv3: GICv3 features: 16 PPIs, RSS
[VM 1] [    0.000000] GICv3: GICD_CTLR.DS=0, SCR_EL3.FIQ=0
[VM 1] [    0.000000] GICv3: CPU0: found redistributor 0 region 0:0x00000000080a0000
[VM 1] [    0.000000] ITS [mem 0x08080000-0x0809ffff]
[VM 1] [    0.000000] ITS@0x0000000008080000: allocated 8192 Devices @83050000 (indirect, esz 8, psz 64K, shr 1)
[VM 1] [    0.000000] ITS@0x0000000008080000: allocated 8192 Interrupt Collections @83060000 (flat, esz 8, psz 64K, shr 1)
[VM 1] [    0.000000] GICv3: using LPI property table @0x0000000083070000
[VM 1] [    0.000000] GICv3: CPU0: using allocated LPI pending table @0x0000000083080000
[VM 1] [    0.000000] rcu: srcu_init: Setting srcu_struct sizes based on contention.
[VM 1] [    0.000000] arch_timer: cp15 timer running at 62.50MHz (virt).
[VM 1] [    0.000000] clocksource: arch_sys_counter: mask: 0x1ffffffffffffff max_cycles: 0x1cd42e208c, max_idle_ns: 881590405314 ns
[VM 1] [    0.000039] sched_clock: 57 bits at 63MHz, resolution 16ns, wraps every 4398046511096ns
[VM 3] msh />[32m[I/rtipic.srv] server starting on 192.168.77.30:9876[0m
[VM 3] [32m[I/rtipic.srv] listening...[0m
[VM 1] [    0.003237] Console: colour dummy device 80x25
[VM 1] [    0.006101] printk: legacy console [tty0] enabled
[VM 1] [    0.008721] Calibrating delay loop (skipped), value calculated using timer frequency.. 125.00 BogoMIPS (lpj=250000)

[Axvisor] attached VM[3] console; use Ctrl+X, then h to return to the shell
benchmark 1000
RTBENCH_BEGIN samples=1000 frequency=62500000
msh />RTBENCH metric=timer_jitter run=1 expected=1000 collected=1000 missing=0 p50_ns=4000 p95_ns=15568 p99_ns=58048 p99_9_ns=209904 max_ns=258208 miss_100us=7 miss_500us=0 miss_1ms=0 mean_ns=6797
RTBENCH metric=callback_exec run=1 expected=1000 collected=1000 missing=0 p50_ns=464 p95_ns=944 p99_ns=2272 p99_9_ns=9984 max_ns=43328 miss_100us=0 miss_500us=0 miss_1ms=0 mean_ns=627
RTBENCH metric=timer_jitter run=2 expected=1000 collected=1000 missing=0 p50_ns=4624 p95_ns=17232 p99_ns=25360 p99_9_ns=624352 max_ns=636336 miss_100us=3 miss_500us=2 miss_1ms=0 mean_ns=7665
RTBENCH metric=callback_exec run=2 expected=1000 collected=1000 missing=0 p50_ns=464 p95_ns=544 p99_ns=656 p99_9_ns=2048 max_ns=2048 miss_100us=0 miss_500us=0 miss_1ms=0 mean_ns=474
RTBENCH metric=timer_jitter run=3 expected=1000 collected=1000 missing=0 p50_ns=6656 p95_ns=21056 p99_ns=33600 p99_9_ns=267584 max_ns=283952 miss_100us=2 miss_500us=0 miss_1ms=0 mean_ns=8823
RTBENCH metric=callback_exec run=3 expected=1000 collected=1000 missing=0 p50_ns=464 p95_ns=624 p99_ns=864 p99_9_ns=3680 max_ns=9152 miss_100us=0 miss_500us=0 miss_1ms=0 mean_ns=499
RTBENCH metric=preemption run=1 expected=1000 collected=1000 missing=0 p50_ns=4768 p95_ns=5008 p99_ns=5280 p99_9_ns=6624 max_ns=15504 miss_100us=0 miss_500us=0 miss_1ms=0 mean_ns=4773
RTBENCH metric=irq run=1 expected=1000 collected=1000 missing=0 p50_ns=76720 p95_ns=79600 p99_ns=84112 p99_9_ns=123600 max_ns=252016 miss_100us=3 miss_500us=0 miss_1ms=0 mean_ns=77181
RTBENCH_END status=PASS

[Axvisor] attached VM[1] console; use Ctrl+X, then h to return to the shell
[    0.008827] pid_max: default: 32768 minimum: 301
[    0.010316] LSM: initializing lsm=capability
[    0.012731] Mount-cache hash table entries: 1024 (order: 1, 8192 bytes, linear)
[    0.012776] Mountpoint-cache hash table entries: 1024 (order: 1, 8192 bytes, linear)
[    0.029551] /cpus/cpu-map/socket0/cluster0/core2: Can't get CPU for leaf core
[    0.030162] cacheinfo: Unable to detect cache hierarchy for CPU 0
[    0.038079] rcu: Hierarchical SRCU implementation.
[    0.038125] rcu: 	Max phase no-delay instances is 1000.
[    0.038717] Timer migration: 1 hierarchy levels; 8 children per group; 1 crossnode level
[    0.040384] fsl-mc MSI: its@8080000 domain created
[    0.041028] EFI services will not be available.
[    0.041520] smp: Bringing up secondary CPUs ...
[    0.045235] Detected PIPT I-cache on CPU1
[    0.045980] GICv3: CPU1: found redistributor 1 region 0:0x00000000080c0000
[    0.047381] GICv3: CPU1: using allocated LPI pending table @0x0000000083090000
[    0.048889] CPU1: Booted secondary processor 0x0000000001 [0x410fd083]
[    0.057346] smp: Brought up 1 node, 2 CPUs
[    0.057424] SMP: Total of 2 processors activated.
[    0.057449] CPU: All CPU(s) started at EL1
[    0.057616] CPU features: detected: 32-bit EL0 Support
[    0.057631] CPU features: detected: 32-bit EL1 Support
[    0.057672] CPU features: detected: CRC32 instructions
[    0.057778] CPU features: detected: PMUv3
[    0.090557] alternatives: applying system-wide alternatives
[    0.126782] Memory: 426520K/524288K available (17920K kernel code, 5422K rwdata, 12940K rodata, 11648K init, 690K bss, 62540K reserved, 32768K cma-reserved)
[    0.146625] devtmpfs: initialized
[    0.165420] clocksource: jiffies: mask: 0xffffffff max_cycles: 0xffffffff, max_idle_ns: 7645041785100000 ns
[    0.165804] posixtimers hash table entries: 1024 (order: 2, 16384 bytes, linear)
[    0.166432] futex hash table entries: 512 (32768 bytes on 1 NUMA nodes, total 32 KiB, linear).
[    0.167828] 20544 pages in range for non-PLT usage
[    0.167858] 512064 pages in range for PLT usage
[    0.169510] pinctrl core: initialized pinctrl subsystem
[    0.176575] DMI not present or invalid.
[    0.266297] NET: Registered PF_NETLINK/PF_ROUTE protocol family
[    0.276055] DMA: preallocated 128 KiB GFP_KERNEL pool for atomic allocations
[    0.277670] DMA: preallocated 128 KiB GFP_KERNEL|GFP_DMA pool for atomic allocations
[    0.278895] DMA: preallocated 128 KiB GFP_KERNEL|GFP_DMA32 pool for atomic allocations
[    0.279067] audit: initializing netlink subsys (disabled)
[    0.286248] audit: type=2000 audit(0.172:1): state=initialized audit_enabled=0 res=1
[    0.287439] thermal_sys: Registered thermal governor 'step_wise'
[    0.287476] thermal_sys: Registered thermal governor 'power_allocator'
[    0.288621] cpuidle: using governor menu
[    0.289755] hw-breakpoint: found 6 breakpoint and 4 watchpoint registers.
[    0.291867] ASID allocator initialised with 65536 entries
[    0.295844] Serial: AMBA PL011 UART driver
[    0.315728] 9000000.pl011: ttyAMA0 at MMIO 0x9000000 (irq = 13, base_baud = 0) is a PL011 rev1
LINUX_SMP_READY configured=2 online=0-1 nproc=2[    0.320689] printk: console [ttyAMA0] enabled
[    0.336469] HugeTLB: registered 1.00 GiB page size, pre-allocated 0 pages

[    0.336512] HugeTLB: 0 KiB vmemmap can be freed for a 1.00 GiB page
[    0.336542] HugeTLB: registered 32.0 MiB page size, pre-allocated 0 pages
[    0.336554] HugeTLB: 0 KiB vmemmap can be freed for a 32.0 MiB page
[    0.336567] HugeTLB: registered 2.00 MiB page size, pre-allocated 0 pages
[    0.336578] HugeTLB: 0 KiB vmemmap can be freed for a 2.00 MiB page
[    0.336590] HugeTLB: registered 64.0 KiB page size, pre-allocated 0 pages
[    0.336607] HugeTLB: 0 KiB vmemmap can be freed for a 64.0 KiB page
[    0.556253] ACPI: Interpreter disabled.
[    0.559493] iommu: Default domain type: Translated
[    0.559548] iommu: DMA domain TLB invalidation policy: strict mode
[    0.586002] SCSI subsystem initialized
Linux network guest ready: 192.168.77.11/24[    0.587600] usbcore: registered new interface driver usbfs
[    0.587788] usbcore: registered new interface driver hub

[    0.587878] usbcore: registered new device driver usb
[    0.588492] pps_core: LinuxPPS API ver. 1 registered
[    0.588513] pps_core: Software ver. 5.3.6 - Copyright 2005-2007 Rodolfo Giometti <giometti@linux.it>
[    0.588559] PTP clock support registered
[    0.588698] EDAC MC: Ver: 3.0.0
PING 192.168.77.30 (192.168.77.30): 56 data bytes[    0.589833] scmi_core: SCMI protocol bus registered
[    0.591138] FPGA manager framework

[    0.608210] vgaarb: loaded
[    0.655115] clocksource: Switched to clocksource arch_sys_counter
[    0.656197] VFS: Disk quotas dquot_6.6.0
[    0.656263] VFS: Dquot-cache hash table entries: 512 (order 0, 4096 bytes)
[    0.657619] pnp: PnP ACPI: disabled
64 bytes from 192.168.77.30: seq=0 ttl=255 time=39.570 ms[    0.702191] NET: Registered PF_INET protocol family
[    0.703514] IP idents hash table entries: 8192 (order: 4, 65536 bytes, linear)

[    0.716294] tcp_listen_portaddr_hash hash table entries: 256 (order: 0, 4096 bytes, linear)
[    0.716369] Table-perturb hash table entries: 65536 (order: 6, 262144 bytes, linear)
[    0.716415] TCP established hash table entries: 4096 (order: 3, 32768 bytes, linear)
[    0.716583] TCP bind hash table entries: 4096 (order: 5, 131072 bytes, linear)
[    0.716746] TCP: Hash tables configured (established 4096 bind 4096)

[    0.717381] UDP hash table entries: 256 (order: 2, 16384 bytes, linear)
[    0.717517] UDP-Lite hash table entries: 256 (order: 2, 16384 bytes, linear)
--- 192.168.77.30 ping statistics ---[    0.718129] NET: Registered PF_UNIX/PF_LOCAL protocol family
[    0.755903] RPC: Registered named UNIX socket transport module.

[    0.755956] RPC: Registered udp transport module.
[    0.755970] RPC: Registered tcp transport module.
[    0.755982] RPC: Registered tcp-with-tls transport module.
1 packets transmitted, 1 packets received, 0% packet loss[    0.755994] RPC: Registered tcp NFSv4.1 backchannel transport module.
[    0.756061] PCI: CLS 0 bytes, default 64

[    0.758538] Unpacking initramfs...
[    0.796075] Freeing initrd memory: 2876K
[    0.861291] kvm [1]: HYP mode not available
round-trip min/avg/max = 39.570/39.570/39.570 ms[    0.863356] Initialise system trusted keyrings
[    0.864398] workingset: timestamp_bits=42 max_order=17 bucket_order=0

[    0.875840] squashfs: version 4.0 (2009/01/31) Phillip Lougher
[    0.876854] NFS: Registering the id_resolver key type
[    0.877094] Key type id_resolver registered
[    0.877118] Key type id_legacy registered
Linux reached RT-Thread at 192.168.77.30[    0.877299] nfs4filelayout_init: NFSv4 File Layout Driver Registering...

[    0.877349] nfs4flexfilelayout_init: NFSv4 Flexfile Layout Driver Registering...
[    0.877786] 9p: Installing v9fs 9p2000 file system support
[    0.948859] Key type asymmetric registered
[    0.948924] Asymmetric key parser 'x509' registered
[    0.949105] Block layer SCSI generic (bsg) driver version 0.4 loaded (major 244)
[    0.949195] io scheduler mq-deadline registered
[    0.949238] io scheduler kyber registered
[    0.949516] io scheduler bfq registered
[    1.012977] ledtrig-cpu: registered to indicate activity on CPUs
[    1.138032] Serial: 8250/16550 driver, 4 ports, IRQ sharing enabled
[    1.141666] msm_serial: driver initialized
[    1.141902] SuperH (H)SCI(F) driver initialized
[    1.141979] STM32 USART driver initialized
[    1.183245] loop: module loaded
[    1.184345] megasas: 07.734.00.00-rc1
[    1.222628] tun: Universal TUN/TAP device driver, 1.6
[    1.446555] thunder_xcv, ver 1.0
[    1.446655] thunder_bgx, ver 1.0
[    1.446727] nicpf, ver 1.0
[    1.448192] e1000: Intel(R) PRO/1000 Network Driver
[    1.448214] e1000: Copyright (c) 1999-2006 Intel Corporation.
[    1.448293] e1000e: Intel(R) PRO/1000 Network Driver
[    1.448308] e1000e: Copyright(c) 1999 - 2015 Intel Corporation.
[    1.448373] igb: Intel(R) Gigabit Ethernet Network Driver
[    1.448388] igb: Copyright (c) 2007-2014 Intel Corporation.
[    1.448457] igbvf: Intel(R) Gigabit Virtual Function Network Driver
[    1.448474] igbvf: Copyright (c) 2009 - 2012 Intel Corporation.
[    1.453151] sky2: driver version 1.30
[    1.462785] VFIO - User Level meta-driver version: 0.3
[    1.476449] usbcore: registered new interface driver usb-storage
[    1.479104] i2c_dev: i2c /dev entries driver
[    1.483553] sdhci: Secure Digital Host Controller Interface driver
[    1.483575] sdhci: Copyright(c) Pierre Ossman
[    1.483992] Synopsys Designware Multimedia Card Interface Driver
[    1.515286] sdhci-pltfm: SDHCI platform and OF driver helper
[    1.517645] SMCCC: SOC_ID: ARCH_SOC_ID not implemented, skipping ....
[    1.519052] usbcore: registered new interface driver usbhid
[    1.519077] usbhid: USB HID core driver
[    1.523928] NET: Registered PF_PACKET protocol family
[    1.557183] 9pnet: Installing 9P2000 support
[    1.557443] Key type dns_resolver registered
[    1.601163] registered taskstats version 1
[    1.603356] Loading compiled-in X.509 certificates
[    1.661236] Demotion targets for Node 0: null
[    1.664251] clk: Disabling unused clocks
[    1.664385] PM: genpd: Disabling unused power domains
[    2.062998] Freeing unused kernel memory: 11648K
[    2.154833] Run /init as init process
Starting RT-IPC benchmark...
=== RT-IPC Benchmark Client ===
Target: 192.168.77.30:9876, count=1000 per size

[client] fault profile: none
[   10.173013] random: crng init done
[client] connecting...
[client] connected!

--- Payload 64B ---
[client] fault injection: force disconnect at request=500
[client] reconnect complete recovery_ms=205 attempts=1
[progress] size=64 idx=953 sent=954 recv=953 state=3 tx=954 rx=953 retrans=0 timeouts=0 dup=0 reorder=0 errors=0 acks=954 stall=3ms
  sent=1000  recv=1000  loss=0%
  RTT: min=1ms avg=4ms max=33ms P50=3ms P95=23ms P99=24ms P99.9=30ms
  throughput=11.86KiB/s
  request_timeouts=0 protocol_errors=0 reconnects=1
  transport: retrans=0 timeouts=0 dup=0 reorder=0 errors=0

--- Payload 256B ---
[progress] size=256 idx=970 sent=971 recv=971 state=3 tx=1971 rx=1971 retrans=0 timeouts=0 dup=0 reorder=0 errors=0 acks=1971 stall=0ms
  sent=1000  recv=1000  loss=0%
  RTT: min=1ms avg=4ms max=26ms P50=3ms P95=23ms P99=24ms P99.9=24ms
  throughput=48.64KiB/s
  request_timeouts=0 protocol_errors=0 reconnects=0
  transport: retrans=0 timeouts=0 dup=0 reorder=0 errors=0

--- Payload 1024B ---
  sent=1000  recv=1000  loss=0%
  RTT: min=1ms avg=3ms max=25ms P50=3ms P95=10ms P99=24ms P99.9=25ms
  throughput=252.14KiB/s
  request_timeouts=0 protocol_errors=0 reconnects=0
  transport: retrans=0 timeouts=0 dup=0 reorder=0 errors=0

========================================
ALL TESTS COMPLETE
========================================
RT-IPC client exited with rc=0
sh: can't access tty; job control turned off
~ # 