root=/dev/nvme0n1 rw init=/bin/sh
VM Load @PA:0x40200000
VM Load Offset: 0xffff0000c0200000
Memory Map:
  Free   0x00000040000000 - 0x00000040200000 (2 MiB)
  KImg   0x00000040200000 - 0x00000043a00000 (56 MiB)
  Free   0x00000043a00000 - 0x00000240000000 (7.94 GiB)
Initialize RAM allocator: 0x43a00000..0x240000000
Reserving CPU-local areas
CPU-local area stride: 0x44000 bytes
Total CPU-local allocation: 0x110000 bytes (4 CPUs)
Flushed RAM used range to memory map: 0x43a00000..0x43b00000, current: 0x43b00000
Flushed RAM used range to memory map: 0x43b00000..0x43c10000, current: 0x43c10000
CPU-local areas allocated at 0x43b00000 - 0x43c10000
EL: 2
Mapping early memory regions...
Ram                 : [0x0000000040000000, 0x0000000240000000) -> [0x0000000040000000, 0x0000000240000000) (8 GiB)
KImage              : [0x0000ffff80000000, 0x0000ffff83800000) -> [0x0000000040200000, 0x0000000043a00000) (56 MiB)
PerCpu              : [0x0000ff0043b00000, 0x0000ff0043c10000) -> [0x0000000043b00000, 0x0000000043c10000) (1.06 MiB)
Debug serial        : [0x0000000009000000, 0x0000000009001000) -> [0x0000000009000000, 0x0000000009001000) (4 KiB)
Boot page table at physical address: PA:0x43c10000
Setting up table registers...
MMU Entry point at physical address: 0x4045c53c
Trap vector at 0xffff80260000
Memory Map:
  MMIO   0x00000009000000 - 0x00000009001000 (4 KiB)
  Free   0x00000040000000 - 0x00000040200000 (2 MiB)
  KImg   0x00000040200000 - 0x00000043a00000 (56 MiB)
  Rsv    0x00000043a00000 - 0x00000043b00000 (1 MiB)
  PerCPU 0x00000043b00000 - 0x00000043c10000 (1.06 MiB)
  Rsv    0x00000043c10000 - 0x00000043c1a000 (40 KiB)
  Free   0x00000043c1a000 - 0x00000240000000 (7.94 GiB)
Jumping to main entry point at 0xffff80244368 with SP 0x0000ff0043b44000

       d8888                            .d88888b.   .d8888b.
      d88888                           d88P" "Y88b d88P  Y88b
     d88P888                           888     888 Y88b.
    d88P 888 888d888  .d8888b  .d88b.  888     888  "Y888b.
   d88P  888 888P"   d88P"    d8P  Y8b 888     888     "Y88b.
  d88P   888 888     888      88888888 888     888       "888
 d8888888888 888     Y88b.    Y8b.     Y88b. .d88P Y88b  d88P
d88P     888 888      "Y8888P  "Y8888   "Y88888P"   "Y8888P"

arch = aarch64
platform = linux,dummy-virt
target = aarch64-unknown-none-softfloat
build_mode = 
log_level = info
backtrace = false
smp = 3

[37m[  0.052801 ax_runtime:220] [32mLogging is enabled.[m
[m[37m[  0.053087 ax_runtime:221] [32mPrimary CPU 0 started, arg = 0x43a00000.[m
[m[37m[  0.053169 ax_runtime:223] [32mFound physcial memory regions:[m
[m[37m[  0.054350 ax_runtime:225] [32m  [PA:0x9000000, PA:0x9001000) mmio (READ | WRITE | DEVICE | RESERVED)[m
[m[37m[  0.054527 ax_runtime:225] [32m  [PA:0x40000000, PA:0x40200000) free memory (READ | WRITE | FREE)[m
[m[37m[  0.054636 ax_runtime:225] [32m  [PA:0x40200000, PA:0x43a00000) reserved (READ | WRITE | EXECUTE | RESERVED)[m
[m[37m[  0.054734 ax_runtime:225] [32m  [PA:0x43a00000, PA:0x43b00000) reserved (READ | WRITE | EXECUTE | RESERVED)[m
[m[37m[  0.054827 ax_runtime:225] [32m  [PA:0x43b00000, PA:0x43c10000) reserved (READ | WRITE | EXECUTE | RESERVED)[m
[m[37m[  0.054921 ax_runtime:225] [32m  [PA:0x43c10000, PA:0x43c1a000) reserved (READ | WRITE | EXECUTE | RESERVED)[m
[m[37m[  0.055016 ax_runtime:225] [32m  [PA:0x43c1a000, PA:0x240000000) free memory (READ | WRITE | FREE)[m
[m[37m[  0.055115 ax_runtime:373] [32mInitialize global memory allocator...[m
[m[37m[  0.055194 ax_runtime:374] [32m  use buddy-slab-allocator allocator.[m
[m[37m[  0.055339 ax_alloc::buddy_slab:158] [32mInitialize global memory allocator, start_vaddr: 0x43c1a000, size: 0x1fc3e6000[m
[m[37m[  0.081694 ax_alloc::buddy_slab:424] [32mglobal allocator initialized[m
[m[37m[  0.081920 ax_alloc::buddy_slab:168] [32mAdd memory region, start_vaddr: 0x40000000, size: 0x200000[m
[m[37m[  0.082055 buddy_slab_allocator::global:151] [32mGlobalAllocator: skip region 0x40000000+0x200000, no allocator-visible memory after 2097152 alignment[m
[m[37m[  0.082310 ax_runtime:260] [32mkernel aspace: [VA:0x0, VA:0xffffffffffffffff)[m
[m[37m[  0.082484 ax_mm:103] [32mInitialize virtual memory management...[m
[m[37m[  0.597261 ax_runtime:272] [32mInitialize platform devices...[m
[m[37m[  0.602456 someboot::arch::power:23] [32mPower management method : SMC[m
[m[37m[  0.602622 somehal::driver:5] [32mInitializing rdrive with FDT at 0x43a00000[m
[m[37m[  0.613217 somehal::arch::gic::v3:284] [32mGICv3 CPU 0 EOI mode: two_step=true[m
[m[37m[  0.619459 ax_task::api:137] [32mInitialize scheduling...[m
[m[37m[  0.620507 ax_task::api:145] [32m  use Round-robin scheduler.[m
[m[37m[  0.620780 ax_runtime:298] [32mInitialize interrupt handlers...[m
[m[37m[  0.622474 ax_runtime::devices:2] [32mProbe platform devices...[m
[m[37m[  0.643131 ax_driver::block::nvme:42] [32mNVMe PCI endpoint 0000:00:01.0: BAR0=0x8000000000..0x8000004000, int_pin=1, int_line=0[m
[m[37m[  0.653479 nvme_driver::nvme:161] [32mNVME @0x8000000000 deferred init, version: 1.4.0[m
[m[37m[  0.653976 ax_driver::block::nvme:74] [32mNVMe block device registered at 0000:00:01.0 with 65 MSI-X vectors[m
[m[37m[  0.659510 ax_fs_ng::block::runtime::lifecycle::device:300] [32mblock device nvme IRQ source 0 (IrqId { domain: IrqDomainId(9), hwirq: HwIrq(0) }) fixed to CPU 0 for queue mask 0x0[m
[m[37m[  0.677232 ax_fs_ng::block::runtime::hctx:177] [32mblock hctx 0 bound to CPU 0 with hardware depth 63[m
[m[37m[  0.677650 ax_fs_ng::block::runtime::lifecycle::device:300] [32mblock device nvme IRQ source 1 (IrqId { domain: IrqDomainId(9), hwirq: HwIrq(1) }) fixed to CPU 0 for queue mask 0x1[m
[m[37m[  0.683096 ax_fs_ng::root:341] [32m    raw device fs=Some(Ext4)[m
[m[37m[  0.683270 ax_fs_ng::root:372] [32m  block device 0 (nvme) has no usable partition table; treating the whole disk as a candidate[m
[m[37m[  0.683609 ax_fs_ng::root:481] [32m  matched root by raw device path on disk0 raw device[m
[m[37m[  0.683957 ax_fs_ng:86] [32mInitialize filesystem subsystem...[m
[m[37m[  0.684034 ax_fs_ng:87] [32m  selected root device: disk0 raw device[m
[m[37m[  0.686550 rsext4::crc32c::arm64:54] [33mID_AA64ISAR0_EL1[19:16]: 0x1[m
[m[37m[  0.686645 rsext4::crc32c::arm64:57] [33mHardware CRC32C support detected.[m
[m[37m[  0.692442 rsext4::ext4::mount:331] [32m/lost+found exists (superblock hint inode=11)[m
[m[37m[  0.693405 rsext4::ext4::mount:466] [32mExt4 filesystem mounted[m
[m[37m[  0.693491 rsext4::ext4::mount:467] [32m  - block size: 4096 bytes[m
[m[37m[  0.693572 rsext4::ext4::mount:468] [32m  - total blocks: 8192[m
[m[37m[  0.693647 rsext4::ext4::mount:469] [32m  - free blocks: 1226[m
[m[37m[  0.693722 rsext4::ext4::mount:470] [32m  - total inodes: 8192[m
[m[37m[  0.693795 rsext4::ext4::mount:471] [32m  - free inodes: 8151[m
[m[37m[  0.693878 rsext4::ext4::sync:13] [32mSyncing filesystem...[m
[m[37m[  0.699681 rsext4::ext4::mount:550] [32mExt4 filesystem mounted[m
[m[37m[  0.700098 ax_fs_ng:99] [32m  filesystem type: "ext4"[m
[m[37m[  0.708725 somehal::arch::gic::v3:284] [32mGICv3 CPU 1 EOI mode: two_step=true[m
[m[37m[  0.709008 ax_runtime::mp:79] [32mSecondary CPU 1 started.[m
[m[37m[  0.709548 ax_runtime::mp:110] [32mSecondary CPU 1 init OK.[m
[m[37m[  0.715226 somehal::arch::gic::v3:284] [32mGICv3 CPU 2 EOI mode: two_step=true[m
[m[37m[  0.715449 ax_runtime::mp:79] [32mSecondary CPU 2 started.[m
[m[37m[  0.715488 ax_runtime:346] [32mPrimary CPU 0 init OK.[m
[m[37m[  0.715742 ax_runtime::mp:110] [32mSecondary CPU 2 init OK.[m
[m[37m[  0.724016 0:4 ax_fs_ng::block::runtime::hctx:177] [32mblock hctx 1 bound to CPU 1 with hardware depth 63[m
[m[37m[  0.724236 0:4 ax_fs_ng::block::runtime::hctx:177] [32mblock hctx 2 bound to CPU 2 with hardware depth 63[m
[m[37m[  0.724577 0:4 ax_fs_ng::block::runtime::lifecycle::device:300] [32mblock device nvme IRQ source 2 (IrqId { domain: IrqDomainId(9), hwirq: HwIrq(2) }) fixed to CPU 1 for queue mask 0x2[m
[m[37m[  0.724887 0:4 ax_fs_ng::block::runtime::lifecycle::device:300] [32mblock device nvme IRQ source 3 (IrqId { domain: IrqDomainId(9), hwirq: HwIrq(3) }) fixed to CPU 2 for queue mask 0x4[m
[m[37m[  0.726256 0:2 ax_fs_ng::block::runtime::lifecycle::device:385] [32mblock device nvme online with 3 hctxs across 3 CPUs[m
[m

       d8888            888     888  d8b
      d88888            888     888  Y8P
     d88P888            888     888
    d88P 888  888  888  Y88b   d88P  888  .d8888b    .d88b.   888d888
   d88P  888  `Y8bd8P'   Y88b d88P   888  88K       d88""88b  888P"
  d88P   888    X88K      Y88o88P    888  "Y8888b.  888  888  888
 d8888888888  .d8""8b.     Y888P     888       X88  Y88..88P  888
d88P     888  888  888      Y8P      888   88888P'   "Y88P"   888


by AxVisor Team

[37m[  0.728371 0:2 axvisor:73] [32mStarting virtualization...[m
[m[37m[  0.728508 0:2 axvm::host::arceos:349] [32mEnabling hardware virtualization support on all cores...[m
[m[37m[  0.728669 0:2 axvm::host::arceos:355] [32mCore 0 is initializing hardware virtualization support...[m
[m[37m[  0.728823 0:2 axvm::timer:318] [32mInitializing AxVM timer wheel...[m
[m[37m[  0.733808 0:2 axvm::host::arceos:357] [32mHardware virtualization support enabled on core 0[m
[m[37m[  0.734211 1:15 axvm::host::arceos:367] [32mCore 1 is initializing hardware virtualization support...[m
[m[37m[  0.734331 1:15 axvm::timer:318] [32mInitializing AxVM timer wheel...[m
[m[37m[  0.734963 0:2 axvm::host::arceos:383] [32mWaiting for all cores to enable hardware virtualization...[m
[m[37m[  0.734968 2:16 axvm::host::arceos:367] [32mCore 2 is initializing hardware virtualization support...[m
[m[37m[  0.735335 2:16 axvm::timer:318] [32mInitializing AxVM timer wheel...[m
[m[37m[  0.735362 1:15 axvm::host::arceos:370] [32mHardware virtualization support enabled on core 1[m
[m[37m[  0.735769 2:16 axvm::host::arceos:370] [32mHardware virtualization support enabled on core 2[m
[m[37m[  0.735935 0:2 axvm::host::arceos:399] [32mAll cores have enabled hardware virtualization support.[m
[m[37m[  0.739296 0:2 axvisor::manager:143] [32mNOT find dir: /guest/vm_default in filesystem[m
[m[37m[  0.739503 0:2 axvisor::config:90] [32mUsing static VM configs.[m
[m[37m[  0.752933 0:2 axvm::arch::aarch64::fdt::core:79] [32mVM[1] virtual GIC follows host firmware resources: GuestGicProfile { compatible: "arm,gic-v3", node_path: "/intc@8000000", node_phandle: Some(32773), distributor: GuestMmioRegion { base: 134217728, length: 65536 }, cpu_region: Redistributors(GuestGicRedistributorProfile { regions: [GuestMmioRegion { base: 134873088, length: 16121856 }], stride: 131072 }), its: [GuestItsProfile { id: ItsId(0), node_path: "/intc@8000000/its@8080000", node_phandle: Some(32774), registers: GuestMmioRegion { base: 134742016, length: 131072 } }] }[m
[m[37m[  0.755414 0:2 axvm::arch::aarch64::fdt::core:93] [32mVM[1] architectural timer follows host firmware PPIs[m
[m[37m[  0.759646 0:2 axvm::arch::aarch64::fdt::core::parser:442] [32mCPU node: /cpus/cpu@0, node_id: 0x0, hardware_cpu_id: 0x0[m
[m[37m[  0.759862 0:2 axvm::arch::aarch64::fdt::core::parser:442] [32mCPU node: /cpus/cpu@1, node_id: 0x1, hardware_cpu_id: 0x1[m
[m[37m[  0.760046 0:2 axvm::arch::aarch64::fdt::core::parser:442] [32mCPU node: /cpus/cpu@2, node_id: 0x2, hardware_cpu_id: 0x2[m
[m[37m[  0.760206 0:2 axvm::arch::aarch64::fdt::core::parser:442] [32mCPU node: /cpus/cpu@3, node_id: 0x3, hardware_cpu_id: 0x3[m
[m[37m[  0.760426 0:2 axvm::arch::aarch64::fdt::core::parser:449] [32mFound 4 host CPU nodes[m
[m[37m[  0.760813 0:2 axvm::arch::aarch64::fdt::core:144] [32mVM[1] DTB not found, generating from the VM configuration[m
[m[37m[  0.773498 0:2 axvm::arch::aarch64::fdt::core::device:96] [32mFound excluded devices: ["/virtio_mmio@a000000", "/virtio_mmio@a000200", "/virtio_mmio@a000400", "/virtio_mmio@a000600", "/virtio_mmio@a000800", "/virtio_mmio@a000a00", "/virtio_mmio@a000c00", "/virtio_mmio@a000e00", "/virtio_mmio@a001000", "/virtio_mmio@a001200", "/virtio_mmio@a001400", "/virtio_mmio@a001600", "/virtio_mmio@a001800", "/virtio_mmio@a001a00", "/virtio_mmio@a001c00", "/virtio_mmio@a001e00", "/virtio_mmio@a002000", "/virtio_mmio@a002200", "/virtio_mmio@a002400", "/virtio_mmio@a002600", "/virtio_mmio@a002800", "/virtio_mmio@a002a00", "/virtio_mmio@a002c00", "/virtio_mmio@a002e00", "/virtio_mmio@a003000", "/virtio_mmio@a003200", "/virtio_mmio@a003400", "/virtio_mmio@a003600", "/virtio_mmio@a003800", "/virtio_mmio@a003a00", "/virtio_mmio@a003c00", "/virtio_mmio@a003e00", "/pcie@10000000", "/pl061@9030000", "/pl031@9010000", "/gpio-key-poweroff", "/intc@8000000", "/pl011@9000000", "/timer", "/intc@8000000/its@8080000"][m
[m[37m[  0.782270 0:2 axvm::arch::aarch64::fdt::core::device:96] [32mFound excluded devices: ["/virtio_mmio@a000000", "/virtio_mmio@a000200", "/virtio_mmio@a000400", "/virtio_mmio@a000600", "/virtio_mmio@a000800", "/virtio_mmio@a000a00", "/virtio_mmio@a000c00", "/virtio_mmio@a000e00", "/virtio_mmio@a001000", "/virtio_mmio@a001200", "/virtio_mmio@a001400", "/virtio_mmio@a001600", "/virtio_mmio@a001800", "/virtio_mmio@a001a00", "/virtio_mmio@a001c00", "/virtio_mmio@a001e00", "/virtio_mmio@a002000", "/virtio_mmio@a002200", "/virtio_mmio@a002400", "/virtio_mmio@a002600", "/virtio_mmio@a002800", "/virtio_mmio@a002a00", "/virtio_mmio@a002c00", "/virtio_mmio@a002e00", "/virtio_mmio@a003000", "/virtio_mmio@a003200", "/virtio_mmio@a003400", "/virtio_mmio@a003600", "/virtio_mmio@a003800", "/virtio_mmio@a003a00", "/virtio_mmio@a003c00", "/virtio_mmio@a003e00", "/pcie@10000000", "/pl061@9030000", "/pl031@9010000", "/gpio-key-poweroff", "/intc@8000000", "/pl011@9000000", "/timer", "/intc@8000000/its@8080000"][m
[m[37m[  0.784335 0:2 axvisor::config:137] [32mCreating VM[1] "linux-net"[m
[m[37m[  0.784813 0:2 axvm::arch::aarch64::vgic::plan:214] [32massigned_spis: 0 passthrough interrupts configured[m
[m[37m[  0.796888 0:2 axvm::vm:821] [32mVM created: id=1[m
[m[37m[  0.797909 0:2 axvisor::config:149] [32mVM[1] created success, loading images...[m
[m[37m[  0.890410 0:2 axvm::boot::images:137] [32mLoading ramdisk image from memory (2948096 bytes) into GPA @0x8c000000[m
[m[37m[  0.908661 0:2 axdevice::device:1232] [32mDeviceRuntime: registered device id=0[m
[m[37m[  0.909000 0:2 axdevice::device:1232] [32mDeviceRuntime: registered device id=1[m
[m[37m[  0.909160 0:2 axdevice::device:1232] [32mDeviceRuntime: registered device id=2[m
[m[37m[  0.910414 0:2 axdevice::device:1232] [32mDeviceRuntime: registered device id=3[m
[m[37m[  0.912361 0:2 axdevice::device:1232] [32mDeviceRuntime: registered device id=4[m
[m[37m[  0.914878 0:2 axvm::vm::prepare:82] [32mVM setup: id=1[m
[m[37m[  0.918297 0:2 axvm::arch::aarch64::fdt::core:79] [32mVM[3] virtual GIC follows host firmware resources: GuestGicProfile { compatible: "arm,gic-v3", node_path: "/intc@8000000", node_phandle: Some(32773), distributor: GuestMmioRegion { base: 134217728, length: 65536 }, cpu_region: Redistributors(GuestGicRedistributorProfile { regions: [GuestMmioRegion { base: 134873088, length: 16121856 }], stride: 131072 }), its: [GuestItsProfile { id: ItsId(0), node_path: "/intc@8000000/its@8080000", node_phandle: Some(32774), registers: GuestMmioRegion { base: 134742016, length: 131072 } }] }[m
[m[37m[  0.919080 0:2 axvm::arch::aarch64::fdt::core:93] [32mVM[3] architectural timer follows host firmware PPIs[m
[m[37m[  0.922578 0:2 axvm::arch::aarch64::fdt::core::parser:442] [32mCPU node: /cpus/cpu@0, node_id: 0x0, hardware_cpu_id: 0x0[m
[m[37m[  0.922749 0:2 axvm::arch::aarch64::fdt::core::parser:442] [32mCPU node: /cpus/cpu@1, node_id: 0x1, hardware_cpu_id: 0x1[m
[m[37m[  0.922914 0:2 axvm::arch::aarch64::fdt::core::parser:442] [32mCPU node: /cpus/cpu@2, node_id: 0x2, hardware_cpu_id: 0x2[m
[m[37m[  0.923079 0:2 axvm::arch::aarch64::fdt::core::parser:442] [32mCPU node: /cpus/cpu@3, node_id: 0x3, hardware_cpu_id: 0x3[m
[m[37m[  0.923264 0:2 axvm::arch::aarch64::fdt::core::parser:449] [32mFound 4 host CPU nodes[m
[m[37m[  0.923394 0:2 axvm::arch::aarch64::fdt::core:144] [32mVM[3] DTB not found, generating from the VM configuration[m
[m[37m[  0.931709 0:2 axvm::arch::aarch64::fdt::core::device:96] [32mFound excluded devices: ["/virtio_mmio@a000000", "/virtio_mmio@a000200", "/virtio_mmio@a000400", "/virtio_mmio@a000600", "/virtio_mmio@a000800", "/virtio_mmio@a000a00", "/virtio_mmio@a000c00", "/virtio_mmio@a000e00", "/virtio_mmio@a001000", "/virtio_mmio@a001200", "/virtio_mmio@a001400", "/virtio_mmio@a001600", "/virtio_mmio@a001800", "/virtio_mmio@a001a00", "/virtio_mmio@a001c00", "/virtio_mmio@a001e00", "/virtio_mmio@a002000", "/virtio_mmio@a002200", "/virtio_mmio@a002400", "/virtio_mmio@a002600", "/virtio_mmio@a002800", "/virtio_mmio@a002a00", "/virtio_mmio@a002c00", "/virtio_mmio@a002e00", "/virtio_mmio@a003000", "/virtio_mmio@a003200", "/virtio_mmio@a003400", "/virtio_mmio@a003600", "/virtio_mmio@a003800", "/virtio_mmio@a003a00", "/virtio_mmio@a003c00", "/virtio_mmio@a003e00", "/pcie@10000000", "/pl061@9030000", "/pl031@9010000", "/gpio-key-poweroff", "/intc@8000000", "/pl011@9000000", "/timer", "/intc@8000000/its@8080000"][m
[m[37m[  0.938154 0:2 axvm::arch::aarch64::fdt::core::device:96] [32mFound excluded devices: ["/virtio_mmio@a000000", "/virtio_mmio@a000200", "/virtio_mmio@a000400", "/virtio_mmio@a000600", "/virtio_mmio@a000800", "/virtio_mmio@a000a00", "/virtio_mmio@a000c00", "/virtio_mmio@a000e00", "/virtio_mmio@a001000", "/virtio_mmio@a001200", "/virtio_mmio@a001400", "/virtio_mmio@a001600", "/virtio_mmio@a001800", "/virtio_mmio@a001a00", "/virtio_mmio@a001c00", "/virtio_mmio@a001e00", "/virtio_mmio@a002000", "/virtio_mmio@a002200", "/virtio_mmio@a002400", "/virtio_mmio@a002600", "/virtio_mmio@a002800", "/virtio_mmio@a002a00", "/virtio_mmio@a002c00", "/virtio_mmio@a002e00", "/virtio_mmio@a003000", "/virtio_mmio@a003200", "/virtio_mmio@a003400", "/virtio_mmio@a003600", "/virtio_mmio@a003800", "/virtio_mmio@a003a00", "/virtio_mmio@a003c00", "/virtio_mmio@a003e00", "/pcie@10000000", "/pl061@9030000", "/pl031@9010000", "/gpio-key-poweroff", "/intc@8000000", "/pl011@9000000", "/timer", "/intc@8000000/its@8080000"][m
[m[37m[  0.939959 0:2 axvisor::config:137] [32mCreating VM[3] "rtthread-net"[m
[m[37m[  0.940070 0:2 axvm::arch::aarch64::vgic::plan:214] [32massigned_spis: 0 passthrough interrupts configured[m
[m[37m[  0.941333 0:2 axvm::vm:821] [32mVM created: id=3[m
[m[37m[  0.941497 0:2 axvisor::config:149] [32mVM[3] created success, loading images...[m
[m[37m[  0.947385 0:2 axdevice::device:1232] [32mDeviceRuntime: registered device id=0[m
[m[37m[  0.947502 0:2 axdevice::device:1232] [32mDeviceRuntime: registered device id=1[m
[m[37m[  0.947603 0:2 axdevice::device:1232] [32mDeviceRuntime: registered device id=2[m
[m[37m[  0.947792 0:2 axdevice::device:1232] [32mDeviceRuntime: registered device id=3[m
[m[37m[  0.948264 0:2 axdevice::device:1232] [32mDeviceRuntime: registered device id=4[m
[m[37m[  0.948474 0:2 axvm::vm::prepare:82] [32mVM setup: id=3[m
[m[37m[  0.948673 0:2 axvm::runtime:42] [32mInitializing VMM...[m
[m[37m[  0.949168 0:2 axvm::runtime:53] [32mVMM starting, booting VMs...[m
[m[37m[  0.949344 0:2 axvm::vm:1046] [32mStarting VM[1][m
[m[37m[  0.949485 0:2 axvm::runtime::vcpus:343] [32mSpawning task for VM[1] VCpu[0][m
[m[37m[  0.949855 0:2 axvm::runtime::vcpus:360] [32mVCpu task Task(19, "VM[1]-VCpu[0]") created cpumask: [0, 1, ][m
[m[37m[  0.951674 0:2 axvm::runtime:61] [32mVM[1] boot success[m
[m[37m[  0.951762 0:2 axvm::vm:1046] [32mStarting VM[3][m
[m[37m[  0.951835 0:2 axvm::runtime::vcpus:343] [32mSpawning task for VM[3] VCpu[0][m
[m[37m[  0.951950 0:2 axvm::runtime::vcpus:360] [32mVCpu task Task(21, "VM[3]-VCpu[0]") created cpumask: [2, ][m
[m[37m[  0.952305 0:2 axvm::runtime:61] [32mVM[3] boot success[m
[m[37m[  0.952712 2:21 axvm::runtime::vcpus:414] [32mVM[3] VCpu[0] waiting for running[m
[m[37m[  0.953400 2:21 axvm::runtime::vcpus:456] [32mVM[3] VCpu[0] running...[m
[m[37m[  0.953667 0:2 axvisor:89] [32m[OK] Default guest initialized[m
[m[37m[  0.954145 0:19 axvm::runtime::vcpus:414] [32mVM[1] VCpu[0] waiting for running[m
[m[37m[  0.954260 0:19 axvm::runtime::vcpus:456] [32mVM[1] VCpu[0] running...[m
[m[VM 3] [32m[I/rtdm.ofw] Booting RT-Thread on physical CPU 0x0[0m
[VM 3] [32m[I/rtdm.ofw] Machine model: linux,dummy-virt[0m
[VM 3] [32m[I/rtdm.ofw] Memory node(0) ranges: 0x00000000a0000000 - 0x00000000b0000000[0m
[VM 3] [32m[I/mm.memblock] System memory:[0m
[VM 3] [32m[I/mm.memblock]                    [0x00000000a0000000, 0x00000000b0000000][0m
[VM 3] [32m[I/mm.memblock] Reserved memory:[0m
[VM 3] [32m[I/mm.memblock]                    [0x00000000a0000000, 0x00000000a0102000][0m
[VM 3] [32m[I/mm.memblock]                    [0x00000000a0102000, 0x00000000a4102000][0m
[VM 3] [32m[I/mm.memblock]                    [0x00000000a4102000, 0x00000000a4302000][0m
[37m[  1.002781 0:19 axvm::runtime::hvc:258] [32mVM[1] PSCI_FEATURES function_id=0x80000000[m
[m[37m[  1.003426 0:19 axvm::runtime::hvc:258] [32mVM[1] PSCI_FEATURES function_id=0xc4000001[m
[m[37m[  1.003696 0:19 axvm::runtime::hvc:258] [32mVM[1] PSCI_FEATURES function_id=0xc400000e[m
[m[37m[  1.003936 0:19 axvm::runtime::hvc:258] [32mVM[1] PSCI_FEATURES function_id=0xc4000012[m
[m[37m[  1.004146 0:19 axvm::runtime::hvc:258] [32mVM[1] PSCI_FEATURES function_id=0xc4000015[m
[m[VM 3] [32m[I/mm.memblock]                    [0x00000000a4302000, 0x00000000a4303000][0m
[VM 3] [32m[I/mm.memblock] physical memory region [0x00000000a4303000-0x00000000b0000000] installed to system page[0m
[VM 3] [32m[I/mm.memblock] 198 MB memory installed to system page[0m
[VM 3] [32m[I/osi.psci] Using PSCI v1.1 Function IDs[0m
[VM 3] [32m[I/rtdm.ofw] Console: uart0 (<no-node>)[0m
[VM 3] 
[VM 3]  \ | /
[VM 3] - RT -     Thread Operating System
[VM 3]  / | \     5.2.2 build Aug 16 2026 14:34:50
[VM 3]  2006 - 2024 Copyright by RT-Thread team
[VM 3] lwIP-2.1.2 initialized!
[37m[  1.090920 0:19 axvisor::virtio_net:474] [33mvirtio-net drops an ingress frame: NotReady[m
[m[VM 3] [32m[I/sal.skt] Socket Abstraction Layer initialize success.[0m
[VM 3] [32m[I/rtdm.mnt] File system initialization done[0m
[VM 3] Axvisor RT-Thread guest ready
[37m[  1.114196 0:19 axvm::runtime::hvc:272] [32mVM[1] PSCI_CPU_ON target=0x1 entry=0x81e3f570 context=0x0[m
[m[37m[  1.114712 0:19 axvm::runtime::vcpus:343] [32mSpawning task for VM[1] VCpu[1][m
[m[37m[  1.114857 0:19 axvm::runtime::vcpus:360] [32mVCpu task Task(24, "VM[1]-VCpu[1]") created cpumask: [0, 1, ][m
[m[37m[  1.115256 0:24 axvm::runtime::vcpus:414] [32mVM[1] VCpu[1] waiting for running[m
[m[37m[  1.115654 0:24 axvm::runtime::vcpus:456] [32mVM[1] VCpu[1] running...[m
[m[VM 1] [    0.000000] Booting Linux on physical CPU 0x0000000000 [0x410fd083]
[VM 1] [    0.000000] Linux version 6.18.0-rc6-gfd95357fd8c6-dirty (runner@s1lqc) (aarch64-linux-gnu-gcc (Ubuntu 13.3.0-6ubuntu2~24.04) 13.3.0, GNU ld (GNU Binutils for Ubuntu) 2.42) #25 SMP PREEMPT Fri Mar 20 11:22:05 CST 2026
[VM 1] [    0.000000] KASLR disabled due to lack of seed
[VM 1] [    0.000000] Machine model: linux,dummy-virt
[VM 1] [    0.000000] efi: UEFI not found.
[VM 1] [    0.000000] OF: reserved mem: Reserved memory: No reserved-memory node in the DT
[VM 1] [    0.000000] NUMA: Faking a node at [mem 0x0000000080000000-0x000000009fffffff]
[VM 1] [    0.000000] NODE_DATA(0) allocated [mem 0x9ff06f40-0x9ff095bf]
[VM 1] [    0.000000] Zone ranges:
[VM 1] [    0.000000]   DMA      [mem 0x0000000080000000-0x000000009fffffff]
[VM 1] [    0.000000]   DMA32    empty
[VM 1] [    0.000000]   Normal   empty
[VM 1] [    0.000000] Movable zone start for each node
[VM 1] [    0.000000] Early memory node ranges
[VM 1] [    0.000000]   node   0: [mem 0x0000000080000000-0x000000009fffffff]
[VM 1] [    0.000000] Initmem setup node 0 [mem 0x0000000080000000-0x000000009fffffff]
[VM 1] [    0.000000] cma: Reserved 32 MiB at 0x000000009d600000
[VM 1] [    0.000000] psci: probing for conduit method from DT.
[VM 1] [    0.000000] psci: PSCIv1.1 detected in firmware.
[VM 1] [    0.000000] psci: Using standard PSCI v0.2 function IDs
[VM 1] [    0.000000] psci: Trusted OS migration not required
[VM 1] [    0.000000] psci: SMC Calling Convention v65535.65535
[VM 1] [    0.000000] percpu: Embedded 25 pages/cpu s62488 r8192 d31720 u102400
[VM 1] [    0.000000] Detected PIPT I-cache on CPU0
[VM 1] [    0.000000] CPU features: detected: GICv3 CPU interface
[VM 1] [    0.000000] CPU features: detected: Spectre-v2
[VM 1] [    0.000000] CPU features: detected: Spectre-v3a
[VM 1] [    0.000000] CPU features: detected: Spectre-v4
[VM 1] [    0.000000] CPU features: detected: Spectre-BHB
[VM 1] [    0.000000] CPU features: detected: ARM erratum 1742098
[VM 1] [    0.000000] CPU features: detected: ARM errata 1165522, 1319367, or 1530923
[VM 1] [    0.000000] alternatives: applying boot alternatives
[VM 1] [    0.000000] Kernel command line: 
[VM 1] [    0.000000] printk: log buffer data + meta data: 131072 + 458752 = 589824 bytes
[VM 1] [    0.000000] Dentry cache hash table entries: 65536 (order: 7, 524288 bytes, linear)
[VM 1] [    0.000000] Inode-cache hash table entries: 32768 (order: 6, 262144 bytes, linear)
[VM 1] [    0.000000] software IO TLB: SWIOTLB bounce buffer size adjusted to 0MB
[VM 1] [    0.000000] software IO TLB: area num 2.
[VM 1] [    0.000000] software IO TLB: mapped [mem 0x000000009d540000-0x000000009d5c0000] (0MB)
[VM 1] [    0.000000] Fallback order for Node 0: 0 
[VM 1] [    0.000000] Built 1 zonelists, mobility grouping on.  Total pages: 131072
[VM 1] [    0.000000] Policy zone: DMA
[VM 1] [    0.000000] mem auto-init: stack:all(zero), heap alloc:off, heap free:off
[VM 1] [    0.000000] SLUB: HWalign=64, Order=0-3, MinObjects=0, CPUs=2, Nodes=1
[VM 1] [    0.000000] rcu: Preemptible hierarchical RCU implementation.
[VM 1] [    0.000000] rcu: 	RCU event tracing is enabled.
[VM 1] [    0.000000] rcu: 	RCU restricting CPUs from NR_CPUS=512 to nr_cpu_ids=2.
[VM 1] [    0.000000] 	Trampoline variant of Tasks RCU enabled.
[VM 1] [    0.000000] 	Tracing variant of Tasks RCU enabled.
[VM 1] [    0.000000] rcu: RCU calculated value of scheduler-enlistment delay is 25 jiffies.
[VM 1] [    0.000000] rcu: Adjusting geometry for rcu_fanout_leaf=16, nr_cpu_ids=2
[VM 1] [    0.000000] RCU Tasks: Setting shift to 1 and lim to 1 rcu_task_cb_adjust=1 rcu_task_cpu_ids=2.
[VM 1] [    0.000000] RCU Tasks Trace: Setting shift to 1 and lim to 1 rcu_task_cb_adjust=1 rcu_task_cpu_ids=2.
[VM 1] [    0.000000] NR_IRQS: 64, nr_irqs: 64, preallocated irqs: 0
[VM 1] [    0.000000] GICv3: 256 SPIs implemented
[VM 1] [    0.000000] GICv3: 0 Extended SPIs implemented
[VM 1] [    0.000000] Root IRQ handler: gic_handle_irq
[VM 1] [    0.000000] GICv3: GICv3 features: 16 PPIs, RSS
[VM 1] [    0.000000] GICv3: GICD_CTLR.DS=0, SCR_EL3.FIQ=0
[VM 1] [    0.000000] GICv3: CPU0: found redistributor 0 region 0:0x00000000080a0000
[VM 1] [    0.000000] ITS [mem 0x08080000-0x0809ffff]
[VM 1] [    0.000000] ITS@0x0000000008080000: allocated 8192 Devices @83050000 (indirect, esz 8, psz 64K, shr 1)
[VM 1] [    0.000000] ITS@0x0000000008080000: allocated 8192 Interrupt Collections @83060000 (flat, esz 8, psz 64K, shr 1)
[VM 1] [    0.000000] GICv3: using LPI property table @0x0000000083070000
[VM 1] [    0.000000] GICv3: CPU0: using allocated LPI pending table @0x0000000083080000
[VM 1] [    0.000000] rcu: srcu_init: Setting srcu_struct sizes based on contention.
[VM 1] [    0.000000] arch_timer: cp15 timer running at 62.50MHz (virt).
[VM 1] [    0.000000] clocksource: arch_sys_counter: mask: 0x1ffffffffffffff max_cycles: 0x1cd42e208c, max_idle_ns: 881590405314 ns
[VM 1] [    0.000040] sched_clock: 57 bits at 63MHz, resolution 16ns, wraps every 4398046511096ns
[VM 1] [    0.005702] Console: colour dummy device 80x25
[VM 1] [    0.005991] printk: legacy console [tty0] enabled
[VM 1] [    0.008608] Calibrating delay loop (skipped), value calculated using timer frequency.. 125.00 BogoMIPS (lpj=250000)
[VM 1] [    0.008715] pid_max: default: 32768 minimum: 301
[VM 1] [    0.010162] LSM: initializing lsm=capability
[VM 1] [    0.012526] Mount-cache hash table entries: 1024 (order: 1, 8192 bytes, linear)
[VM 1] [    0.012572] Mountpoint-cache hash table entries: 1024 (order: 1, 8192 bytes, linear)
[VM 1] [    0.029894] /cpus/cpu-map/socket0/cluster0/core2: Can't get CPU for leaf core
[VM 1] [    0.031975] cacheinfo: Unable to detect cache hierarchy for CPU 0
[VM 1] [    0.039567] rcu: Hierarchical SRCU implementation.
[VM 1] [    0.039615] rcu: 	Max phase no-delay instances is 1000.
[VM 3] msh />[32m[I/rtipic.srv] server starting on 192.168.77.30:9876[0m
[VM 1] [    0.040308] Timer migration: 1 hierarchy levels; 8 children per group; 1 crossnode level
[VM 3] [32m[I/rtipic.srv] listening...[0m
[VM 1] [    0.041450] fsl-mc MSI: its@8080000 domain created
[VM 1] [    0.042071] EFI services will not be available.

[Axvisor] attached VM[3] console; use Ctrl+X, then h to return to the shell
rtbench_stability 300
RTBENCH_STABILITY_BEGIN seconds=300 expected=299999
msh />[32m[I/rtipic.srv] client connected[0m
[32m[I/rtipic.srv] stats: msgs=344 bytes=17KB conn=1[0m
[32m[I/rtipic.srv] proto: state=3 tx=170 rx=170 retrans=0 timeouts=0 dup=0 reorder=0 errors=0 acks=170[0m
[32m[I/rtipic.srv] stats: msgs=3902 bytes=197KB conn=1[0m
[32m[I/rtipic.srv] proto: state=3 tx=1935 rx=1935 retrans=0 timeouts=0 dup=0 reorder=0 errors=0 acks=1935[0m
[32m[I/rtipic.srv] stats: msgs=7460 bytes=376KB conn=1[0m
[32m[I/rtipic.srv] proto: state=3 tx=3699 rx=3699 retrans=0 timeouts=0 dup=0 reorder=0 errors=0 acks=3699[0m
[32m[I/rtipic.srv] stats: msgs=11218 bytes=566KB conn=1[0m
[32m[I/rtipic.srv] proto: state=3 tx=5563 rx=5563 retrans=0 timeouts=0 dup=0 reorder=0 errors=0 acks=5563[0m
[32m[I/rtipic.srv] stats: msgs=14954 bytes=755KB conn=1[0m
[32m[I/rtipic.srv] proto: state=3 tx=7416 rx=7416 retrans=0 timeouts=0 dup=0 reorder=0 errors=0 acks=7416[0m
[32m[I/rtipic.srv] stats: msgs=18709 bytes=945KB conn=1[0m
[32m[I/rtipic.srv] proto: state=3 tx=9279 rx=9279 retrans=0 timeouts=0 dup=0 reorder=0 errors=0 acks=9279[0m
[32m[I/rtipic.srv] stats: msgs=22311 bytes=1127KB conn=1[0m
[32m[I/rtipic.srv] proto: state=3 tx=11065 rx=11065 retrans=0 timeouts=0 dup=0 reorder=0 errors=0 acks=11065[0m
[32m[I/rtipic.srv] stats: msgs=25799 bytes=1303KB conn=1[0m
[32m[I/rtipic.srv] proto: state=3 tx=12794 rx=12794 retrans=0 timeouts=0 dup=0 reorder=0 errors=0 acks=12794[0m
[32m[I/rtipic.srv] stats: msgs=29256 bytes=1478KB conn=1[0m
[32m[I/rtipic.srv] proto: state=3 tx=14507 rx=14507 retrans=1 timeouts=0 dup=0 reorder=0 errors=0 acks=14507[0m
[32m[I/rtipic.srv] client connected[0m
[33m[W/rtipic.srv] client disconnected[0m
[32m[I/rtipic.srv] stats: msgs=32805 bytes=1657KB conn=1[0m
[32m[I/rtipic.srv] proto: state=3 tx=16267 rx=16267 retrans=1 timeouts=0 dup=0 reorder=0 errors=0 acks=16267[0m
[32m[I/rtipic.srv] stats: msgs=36584 bytes=1848KB conn=1[0m
[32m[I/rtipic.srv] proto: state=3 tx=18142 rx=18142 retrans=1 timeouts=0 dup=0 reorder=0 errors=0 acks=18142[0m
[32m[I/rtipic.srv] stats: msgs=40723 bytes=2057KB conn=1[0m
[32m[I/rtipic.srv] proto: state=3 tx=20197 rx=20197 retrans=1 timeouts=0 dup=0 reorder=0 errors=0 acks=20197[0m
[32m[I/rtipic.srv] stats: msgs=44413 bytes=2244KB conn=1[0m
[32m[I/rtipic.srv] proto: state=3 tx=22027 rx=22027 retrans=1 timeouts=0 dup=0 reorder=0 errors=0 acks=22027[0m
[32m[I/rtipic.srv] stats: msgs=48164 bytes=2433KB conn=1[0m
[32m[I/rtipic.srv] proto: state=3 tx=23888 rx=23888 retrans=1 timeouts=0 dup=0 reorder=0 errors=0 acks=23888[0m
[32m[I/rtipic.srv] stats: msgs=53332 bytes=2695KB conn=1[0m
[32m[I/rtipic.srv] proto: state=3 tx=26457 rx=26457 retrans=1 timeouts=0 dup=0 reorder=0 errors=0 acks=26457[0m
[32m[I/rtipic.srv] stats: msgs=58534 bytes=2958KB conn=1[0m
[32m[I/rtipic.srv] proto: state=3 tx=29043 rx=29043 retrans=1 timeouts=0 dup=0 reorder=0 errors=0 acks=29043[0m
[32m[I/rtipic.srv] stats: msgs=63488 bytes=3491KB conn=1[0m
[32m[I/rtipic.srv] proto: state=3 tx=31505 rx=31505 retrans=1 timeouts=0 dup=0 reorder=0 errors=0 acks=31505[0m
[37m[181.049016 2:21 axvisor::virtio_net:213] [33mvirtio-net TX[1] 318 bytes dropped: SourceMacViolation[m
[m[32m[I/rtipic.srv] stats: msgs=68246 bytes=4175KB conn=1[0m
[32m[I/rtipic.srv] proto: state=3 tx=33869 rx=33869 retrans=2 timeouts=0 dup=0 reorder=0 errors=0 acks=33869[0m
[32m[I/rtipic.srv] stats: msgs=73694 bytes=4958KB conn=1[0m
[32m[I/rtipic.srv] proto: state=3 tx=36578 rx=36578 retrans=2 timeouts=0 dup=0 reorder=0 errors=0 acks=36578[0m
[32m[I/rtipic.srv] stats: msgs=79156 bytes=5744KB conn=1[0m
[32m[I/rtipic.srv] proto: state=3 tx=39294 rx=39294 retrans=2 timeouts=0 dup=0 reorder=0 errors=0 acks=39294[0m
[32m[I/rtipic.srv] stats: msgs=84652 bytes=6535KB conn=1[0m
[32m[I/rtipic.srv] proto: state=3 tx=42027 rx=42027 retrans=2 timeouts=0 dup=0 reorder=0 errors=0 acks=42027[0m
[32m[I/rtipic.srv] stats: msgs=90023 bytes=7307KB conn=1[0m
[32m[I/rtipic.srv] proto: state=3 tx=44698 rx=44698 retrans=2 timeouts=0 dup=0 reorder=0 errors=0 acks=44698[0m
[32m[I/rtipic.srv] stats: msgs=95370 bytes=8076KB conn=1[0m
[32m[I/rtipic.srv] proto: state=3 tx=47357 rx=47357 retrans=2 timeouts=0 dup=0 reorder=0 errors=0 acks=47356[0m
[32m[I/rtipic.srv] stats: msgs=100481 bytes=8811KB conn=1[0m
[32m[I/rtipic.srv] proto: state=3 tx=49897 rx=49897 retrans=2 timeouts=0 dup=0 reorder=0 errors=0 acks=49897[0m
[32m[I/rtipic.srv] stats: msgs=105413 bytes=9520KB conn=1[0m
[32m[I/rtipic.srv] proto: state=3 tx=52348 rx=52348 retrans=2 timeouts=0 dup=0 reorder=0 errors=0 acks=52348[0m
[32m[I/rtipic.srv] stats: msgs=109891 bytes=10164KB conn=1[0m
[32m[I/rtipic.srv] proto: state=3 tx=54571 rx=54572 retrans=3 timeouts=0 dup=1 reorder=0 errors=0 acks=54571[0m
[32m[I/rtipic.srv] stats: msgs=115040 bytes=10904KB conn=1[0m
[32m[I/rtipic.srv] proto: state=3 tx=57131 rx=57132 retrans=3 timeouts=0 dup=1 reorder=0 errors=0 acks=57130[0m
[32m[I/rtipic.srv] stats: msgs=119522 bytes=11548KB conn=1[0m
[32m[I/rtipic.srv] proto: state=3 tx=59357 rx=59358 retrans=3 timeouts=0 dup=1 reorder=0 errors=0 acks=59356[0m
[32m[I/rtipic.srv] stats: msgs=125135 bytes=13967KB conn=1[0m
[32m[I/rtipic.srv] proto: state=3 tx=62148 rx=62149 retrans=3 timeouts=0 dup=1 reorder=0 errors=0 acks=62148[0m
[32m[I/rtipic.srv] stats: msgs=131149 bytes=17076KB conn=1[0m
[32m[I/rtipic.srv] proto: state=3 tx=65140 rx=65141 retrans=3 timeouts=0 dup=1 reorder=0 errors=0 acks=65140[0m
RTBENCH metric=stability_jitter run=1 expected=299999 collected=299999 missing=0 p50_ns=9760 p95_ns=259728 p99_ns=316976 p99_9_ns=422288 max_ns=869632 miss_100us=69141 miss_500us=30 miss_1ms=0 mean_ns=59690
RTBENCH metric=callback_exec run=1 expected=299999 collected=299999 missing=0 p50_ns=512 p95_ns=704 p99_ns=1072 p99_9_ns=5136 max_ns=164736 miss_100us=33 miss_500us=0 miss_1ms=0 mean_ns=557
RTBENCH_STABILITY_END status=PASS expected=299999 collected=299999 missing=0
RTBENCH_STABILITY_DONE

[Axvisor] attached VM[1] console; use Ctrl+X, then h to return to the shell
tem
[    0.198132] DMI not present or invalid.
[    0.290506] NET: Registered PF_NETLINK/PF_ROUTE protocol family
[    0.299428] DMA: preallocated 128 KiB GFP_KERNEL pool for atomic allocations
[    0.301266] DMA: preallocated 128 KiB GFP_KERNEL|GFP_DMA pool for atomic allocations
[    0.302837] DMA: preallocated 128 KiB GFP_KERNEL|GFP_DMA32 pool for atomic allocations
[    0.303023] audit: initializing netlink subsys (disabled)
[    0.306742] audit: type=2000 audit(0.144:1): state=initialized audit_enabled=0 res=1
[    0.309951] thermal_sys: Registered thermal governor 'step_wise'
[    0.309981] thermal_sys: Registered thermal governor 'power_allocator'
[    0.311313] cpuidle: using governor menu
[    0.312070] hw-breakpoint: found 6 breakpoint and 4 watchpoint registers.
[    0.313610] ASID allocator initialised with 65536 entries
[    0.318421] Serial: AMBA PL011 UART driver
[    0.335800] 9000000.pl011: ttyAMA0 at MMIO 0x9000000 (irq = 13, base_baud = 0) is a PL011 rev1
[    0.339607] printk: console [ttyAMA0] enabled
[    0.484502] HugeTLB: registered 1.00 GiB page size, pre-allocated 0 pages
[    0.484544] HugeTLB: 0 KiB vmemmap can be freed for a 1.00 GiB page
[    0.484574] HugeTLB: registered 32.0 MiB page size, pre-allocated 0 pages
[    0.484586] HugeTLB: 0 KiB vmemmap can be freed for a 32.0 MiB page
[    0.484599] HugeTLB: registered 2.00 MiB page size, pre-allocated 0 pages
[    0.484614] HugeTLB: 0 KiB vmemmap can be freed for a 2.00 MiB page
[    0.484626] HugeTLB: registered 64.0 KiB page size, pre-allocated 0 pages
[    0.484639] HugeTLB: 0 KiB vmemmap can be freed for a 64.0 KiB page
[    0.674366] ACPI: Interpreter disabled.
[    0.685979] iommu: Default domain type: Translated
[    0.686032] iommu: DMA domain TLB invalidation policy: strict mode
[    0.717599] SCSI subsystem initialized
[    0.730587] usbcore: registered new interface driver usbfs
[    0.730786] usbcore: registered new interface driver hub
[    0.730877] usbcore: registered new device driver usb
[    0.731524] pps_core: LinuxPPS API ver. 1 registered
[    0.731545] pps_core: Software ver. 5.3.6 - Copyright 2005-2007 Rodolfo Giometti <giometti@linux.it>
[    0.731589] PTP clock support registered
[    0.731729] EDAC MC: Ver: 3.0.0
[    0.744161] scmi_core: SCMI protocol bus registered
[    0.745695] FPGA manager framework
[    0.752137] vgaarb: loaded
[    0.813356] clocksource: Switched to clocksource arch_sys_counter
[    0.814350] VFS: Disk quotas dquot_6.6.0
[    0.814415] VFS: Dquot-cache hash table entries: 512 (order 0, 4096 bytes)
[    0.854253] pnp: PnP ACPI: disabled
[    0.949828] NET: Registered PF_INET protocol family
[    0.951035] IP idents hash table entries: 8192 (order: 4, 65536 bytes, linear)
[    0.986612] tcp_listen_portaddr_hash hash table entries: 256 (order: 0, 4096 bytes, linear)
[    0.986694] Table-perturb hash table entries: 65536 (order: 6, 262144 bytes, linear)
[    0.986746] TCP established hash table entries: 4096 (order: 3, 32768 bytes, linear)
[    0.986862] TCP bind hash table entries: 4096 (order: 5, 131072 bytes, linear)
[    0.986967] TCP: Hash tables configured (established 4096 bind 4096)
[    0.987633] UDP hash table entries: 256 (order: 2, 16384 bytes, linear)
[    0.987766] UDP-Lite hash table entries: 256 (order: 2, 16384 bytes, linear)
[    0.988421] NET: Registered PF_UNIX/PF_LOCAL protocol family
[    1.014591] RPC: Registered named UNIX socket transport module.
[    1.014646] RPC: Registered udp transport module.
[    1.014661] RPC: Registered tcp transport module.
[    1.014674] RPC: Registered tcp-with-tls transport module.
LINUX_SMP_READY configured=2 online=0-1 nproc=2[    1.014686] RPC: Registered tcp NFSv4.1 backchannel transport module.
[    1.014757] PCI: CLS 0 bytes, default 64
[    1.017222] Unpacking initramfs...

[    1.046669] Freeing initrd memory: 2876K
[    1.065892] kvm [1]: HYP mode not available
[    1.074130] Initialise system trusted keyrings
[    1.075279] workingset: timestamp_bits=42 max_order=17 bucket_order=0
[    1.076369] squashfs: version 4.0 (2009/01/31) Phillip Lougher
[    1.077340] NFS: Registering the id_resolver key type
[    1.077566] Key type id_resolver registered
[    1.077592] Key type id_legacy registered
[    1.077783] nfs4filelayout_init: NFSv4 File Layout Driver Registering...
[    1.077834] nfs4flexfilelayout_init: NFSv4 Flexfile Layout Driver Registering...
Linux network guest ready: 192.168.77.11/24[    1.078307] 9p: Installing v9fs 9p2000 file system support
[    1.161506] Key type asymmetric registered

[    1.161567] Asymmetric key parser 'x509' registered
[    1.161751] Block layer SCSI generic (bsg) driver version 0.4 loaded (major 244)
[    1.161846] io scheduler mq-deadline registered
[    1.161891] io scheduler kyber registered
[    1.162093] io scheduler bfq registered
[    1.202893] ledtrig-cpu: registered to indicate activity on CPUs
[    1.306141] Serial: 8250/16550 driver, 4 ports, IRQ sharing enabled
[    1.309938] msm_serial: driver initialized
PING 192.168.77.30 (192.168.77.30): 56 data bytes[    1.310813] SuperH (H)SCI(F) driver initialized
[    1.310890] STM32 USART driver initialized

[    1.430434] loop: module loaded
[    1.431590] megasas: 07.734.00.00-rc1
[    1.471264] tun: Universal TUN/TAP device driver, 1.6
[    1.754130] thunder_xcv, ver 1.0
[    1.754229] thunder_bgx, ver 1.0
[    1.754300] nicpf, ver 1.0
64 bytes from 192.168.77.30: seq=0 ttl=255 time=41.846 ms[    1.755743] e1000: Intel(R) PRO/1000 Network Driver
[    1.755767] e1000: Copyright (c) 1999-2006 Intel Corporation.

[    1.755849] e1000e: Intel(R) PRO/1000 Network Driver
[    1.755864] e1000e: Copyright(c) 1999 - 2015 Intel Corporation.
[    1.755940] igb: Intel(R) Gigabit Ethernet Network Driver
[    1.755957] igb: Copyright (c) 2007-2014 Intel Corporation.
[    1.756029] igbvf: Intel(R) Gigabit Virtual Function Network Driver

[    1.756046] igbvf: Copyright (c) 2009 - 2012 Intel Corporation.
[    1.756345] sky2: driver version 1.30
--- 192.168.77.30 ping statistics ---[    1.760403] VFIO - User Level meta-driver version: 0.3
[    1.765424] usbcore: registered new interface driver usb-storage

[    1.767994] i2c_dev: i2c /dev entries driver
[    1.772261] sdhci: Secure Digital Host Controller Interface driver
[    1.772285] sdhci: Copyright(c) Pierre Ossman
1 packets transmitted, 1 packets received, 0% packet loss[    1.813086] Synopsys Designware Multimedia Card Interface Driver
[    1.813671] sdhci-pltfm: SDHCI platform and OF driver helper

[    1.815941] SMCCC: SOC_ID: ARCH_SOC_ID not implemented, skipping ....
[    1.817358] usbcore: registered new interface driver usbhid
[    1.817383] usbhid: USB HID core driver
round-trip min/avg/max = 41.846/41.846/41.846 ms[    1.822158] NET: Registered PF_PACKET protocol family
[    1.853549] 9pnet: Installing 9P2000 support

[    1.853797] Key type dns_resolver registered
[    1.877449] registered taskstats version 1
[    1.879365] Loading compiled-in X.509 certificates
[    2.023696] Demotion targets for Node 0: null
Linux reached RT-Thread at 192.168.77.30[    2.027557] clk: Disabling unused clocks
[    2.027712] PM: genpd: Disabling unused power domains
[    2.430382] Freeing unused kernel memory: 11648K

[    2.455968] Run /init as init process
Starting RT-IPC benchmark...
=== RT-IPC Benchmark Client ===
Target: 192.168.77.30:9876, count=30000 per size

[client] fault profile: none
[   10.993304] random: crng init done
[client] connecting...
[client] connected!

--- Payload 64B ---
[progress] size=64 idx=835 sent=836 recv=836 state=3 tx=836 rx=836 retrans=0 timeouts=0 dup=0 reorder=0 errors=0 acks=836 stall=0ms
[progress] size=64 idx=1750 sent=1751 recv=1750 state=3 tx=1751 rx=1750 retrans=0 timeouts=0 dup=0 reorder=0 errors=0 acks=1751 stall=2ms
[progress] size=64 idx=2621 sent=2622 recv=2622 state=3 tx=2622 rx=2622 retrans=0 timeouts=0 dup=0 reorder=0 errors=0 acks=2622 stall=0ms
[progress] size=64 idx=3530 sent=3531 recv=3531 state=3 tx=3531 rx=3531 retrans=0 timeouts=0 dup=0 reorder=0 errors=0 acks=3531 stall=0ms
[progress] size=64 idx=4373 sent=4374 recv=4374 state=3 tx=4374 rx=4374 retrans=0 timeouts=0 dup=0 reorder=0 errors=0 acks=4374 stall=1ms
[progress] size=64 idx=5368 sent=5369 recv=5369 state=3 tx=5369 rx=5369 retrans=0 timeouts=0 dup=0 reorder=0 errors=0 acks=5369 stall=0ms
[progress] size=64 idx=6259 sent=6260 recv=6260 state=3 tx=6260 rx=6260 retrans=0 timeouts=0 dup=0 reorder=0 errors=0 acks=6260 stall=0ms
[progress] size=64 idx=7227 sent=7228 recv=7227 state=3 tx=7228 rx=7227 retrans=0 timeouts=0 dup=0 reorder=0 errors=0 acks=7228 stall=3ms
[progress] size=64 idx=8128 sent=8129 recv=8128 state=3 tx=8129 rx=8128 retrans=0 timeouts=0 dup=0 reorder=0 errors=0 acks=8129 stall=3ms
[progress] size=64 idx=9097 sent=9098 recv=9098 state=3 tx=9098 rx=9098 retrans=0 timeouts=0 dup=0 reorder=0 errors=0 acks=9098 stall=0ms
[progress] size=64 idx=9961 sent=9962 recv=9962 state=3 tx=9962 rx=9962 retrans=0 timeouts=0 dup=0 reorder=0 errors=0 acks=9962 stall=0ms
[progress] size=64 idx=10862 sent=10863 recv=10863 state=3 tx=10863 rx=10863 retrans=0 timeouts=0 dup=0 reorder=0 errors=0 acks=10863 stall=0ms
[progress] size=64 idx=11719 sent=11720 recv=11720 state=3 tx=11720 rx=11720 retrans=0 timeouts=0 dup=0 reorder=0 errors=0 acks=11720 stall=0ms
[progress] size=64 idx=12630 sent=12631 recv=12631 state=3 tx=12631 rx=12631 retrans=0 timeouts=0 dup=0 reorder=0 errors=0 acks=12631 stall=0ms
[progress] size=64 idx=13480 sent=13481 recv=13480 state=3 tx=13481 rx=13480 retrans=0 timeouts=0 dup=0 reorder=0 errors=0 acks=13481 stall=2ms
[progress] size=64 idx=14304 sent=14305 recv=14304 state=3 tx=14305 rx=14305 retrans=0 timeouts=0 dup=1 reorder=0 errors=0 acks=14305 stall=2ms
[client] fault injection: force disconnect at request=15000
[client] reconnect complete recovery_ms=202 attempts=1
[progress] size=64 idx=15226 sent=15227 recv=15226 state=3 tx=15227 rx=15227 retrans=0 timeouts=0 dup=1 reorder=0 errors=0 acks=15227 stall=2ms
[progress] size=64 idx=16098 sent=16099 recv=16098 state=3 tx=16099 rx=16099 retrans=0 timeouts=0 dup=1 reorder=0 errors=0 acks=16099 stall=3ms
[progress] size=64 idx=17007 sent=17008 recv=17008 state=3 tx=17008 rx=17009 retrans=0 timeouts=0 dup=1 reorder=0 errors=0 acks=17008 stall=0ms
[progress] size=64 idx=17947 sent=17948 recv=17947 state=3 tx=17948 rx=17948 retrans=0 timeouts=0 dup=1 reorder=0 errors=0 acks=17948 stall=2ms
[progress] size=64 idx=19029 sent=19030 recv=19029 state=3 tx=19030 rx=19030 retrans=0 timeouts=0 dup=1 reorder=0 errors=0 acks=19030 stall=2ms
[progress] size=64 idx=20033 sent=20034 recv=20033 state=3 tx=20034 rx=20034 retrans=0 timeouts=0 dup=1 reorder=0 errors=0 acks=20034 stall=3ms
[progress] size=64 idx=20929 sent=20930 recv=20930 state=3 tx=20930 rx=20931 retrans=0 timeouts=0 dup=1 reorder=0 errors=0 acks=20930 stall=1ms
[progress] size=64 idx=21877 sent=21878 recv=21878 state=3 tx=21878 rx=21879 retrans=0 timeouts=0 dup=1 reorder=0 errors=0 acks=21878 stall=0ms
[progress] size=64 idx=22730 sent=22731 recv=22731 state=3 tx=22731 rx=22732 retrans=0 timeouts=0 dup=1 reorder=0 errors=0 acks=22731 stall=0ms
[progress] size=64 idx=23641 sent=23642 recv=23641 state=3 tx=23642 rx=23642 retrans=0 timeouts=0 dup=1 reorder=0 errors=0 acks=23642 stall=3ms
[progress] size=64 idx=24984 sent=24985 recv=24985 state=3 tx=24985 rx=24986 retrans=0 timeouts=0 dup=1 reorder=0 errors=0 acks=24985 stall=0ms
[progress] size=64 idx=26221 sent=26222 recv=26221 state=3 tx=26222 rx=26222 retrans=0 timeouts=0 dup=1 reorder=0 errors=0 acks=26222 stall=2ms
[progress] size=64 idx=27489 sent=27490 recv=27489 state=3 tx=27490 rx=27490 retrans=0 timeouts=0 dup=1 reorder=0 errors=0 acks=27490 stall=3ms
[progress] size=64 idx=28780 sent=28781 recv=28781 state=3 tx=28781 rx=28782 retrans=0 timeouts=0 dup=1 reorder=0 errors=0 acks=28781 stall=0ms
  sent=30000  recv=30000  loss=0%
  RTT: min=1ms avg=4ms max=758ms P50=3ms P95=23ms P99=24ms P99.9=28ms
  throughput=12.09KiB/s
  request_timeouts=0 protocol_errors=0 reconnects=1
  transport: retrans=0 timeouts=0 dup=1 reorder=0 errors=0

--- Payload 256B ---
[progress] size=256 idx=1284 sent=1285 recv=1284 state=3 tx=31285 rx=31285 retrans=0 timeouts=0 dup=1 reorder=0 errors=0 acks=31285 stall=2ms
[progress] size=256 idx=2511 sent=2512 recv=2512 state=3 tx=32512 rx=32513 retrans=0 timeouts=0 dup=1 reorder=0 errors=0 acks=32512 stall=0ms
[progress] size=256 idx=3626 sent=3627 recv=3626 state=3 tx=33627 rx=33627 retrans=0 timeouts=0 dup=1 reorder=0 errors=0 acks=33627 stall=22ms
[progress] size=256 idx=4943 sent=4944 recv=4943 state=3 tx=34944 rx=34944 retrans=0 timeouts=0 dup=1 reorder=0 errors=0 acks=34944 stall=2ms
[progress] size=256 idx=6326 sent=6327 recv=6327 state=3 tx=36327 rx=36328 retrans=0 timeouts=0 dup=1 reorder=0 errors=0 acks=36327 stall=0ms
[progress] size=256 idx=7758 sent=7759 recv=7759 state=3 tx=37759 rx=37760 retrans=0 timeouts=0 dup=1 reorder=0 errors=0 acks=37759 stall=0ms
[progress] size=256 idx=9101 sent=9102 recv=9102 state=3 tx=39102 rx=39103 retrans=0 timeouts=0 dup=1 reorder=0 errors=0 acks=39102 stall=0ms
[progress] size=256 idx=10433 sent=10434 recv=10433 state=3 tx=40434 rx=40434 retrans=0 timeouts=0 dup=1 reorder=0 errors=0 acks=40434 stall=3ms
[progress] size=256 idx=11785 sent=11786 recv=11785 state=3 tx=41786 rx=41786 retrans=0 timeouts=0 dup=1 reorder=0 errors=0 acks=41786 stall=2ms
[progress] size=256 idx=13158 sent=13159 recv=13158 state=3 tx=43159 rx=43159 retrans=0 timeouts=0 dup=1 reorder=0 errors=0 acks=43159 stall=3ms
[progress] size=256 idx=14483 sent=14484 recv=14483 state=3 tx=44484 rx=44484 retrans=0 timeouts=0 dup=1 reorder=0 errors=0 acks=44484 stall=2ms
[progress] size=256 idx=15776 sent=15777 recv=15777 state=3 tx=45777 rx=45778 retrans=0 timeouts=0 dup=1 reorder=0 errors=0 acks=45777 stall=0ms
[progress] size=256 idx=17117 sent=17118 recv=17118 state=3 tx=47118 rx=47119 retrans=0 timeouts=0 dup=1 reorder=0 errors=0 acks=47118 stall=0ms
[progress] size=256 idx=18431 sent=18432 recv=18432 state=3 tx=48432 rx=48433 retrans=0 timeouts=0 dup=1 reorder=0 errors=0 acks=48432 stall=0ms
[progress] size=256 idx=19664 sent=19665 recv=19664 state=3 tx=49665 rx=49665 retrans=0 timeouts=0 dup=1 reorder=0 errors=0 acks=49665 stall=2ms
[progress] size=256 idx=20860 sent=20861 recv=20860 state=3 tx=50861 rx=50861 retrans=0 timeouts=0 dup=1 reorder=0 errors=0 acks=50861 stall=2ms
[progress] size=256 idx=22123 sent=22124 recv=22123 state=3 tx=52124 rx=52124 retrans=0 timeouts=0 dup=1 reorder=0 errors=0 acks=52124 stall=2ms
[progress] size=256 idx=23380 sent=23381 recv=23380 state=3 tx=53381 rx=53381 retrans=0 timeouts=0 dup=1 reorder=0 errors=0 acks=53381 stall=2ms
[progress] size=256 idx=24365 sent=24366 recv=24366 state=3 tx=54366 rx=54368 retrans=1 timeouts=0 dup=2 reorder=0 errors=0 acks=54366 stall=0ms
[progress] size=256 idx=25631 sent=25632 recv=25631 state=3 tx=55632 rx=55633 retrans=1 timeouts=0 dup=2 reorder=0 errors=0 acks=55632 stall=2ms
[progress] size=256 idx=26912 sent=26913 recv=26913 state=3 tx=56913 rx=56915 retrans=1 timeouts=0 dup=2 reorder=0 errors=0 acks=56913 stall=0ms
[progress] size=256 idx=28132 sent=28133 recv=28132 state=3 tx=58133 rx=58134 retrans=1 timeouts=0 dup=2 reorder=0 errors=0 acks=58133 stall=2ms
[progress] size=256 idx=29162 sent=29163 recv=29162 state=3 tx=59163 rx=59164 retrans=1 timeouts=0 dup=2 reorder=0 errors=0 acks=59163 stall=2ms
  sent=30000  recv=30000  loss=0%
  RTT: min=1ms avg=3ms max=521ms P50=3ms P95=7ms P99=24ms P99.9=27ms
  throughput=63.19KiB/s
  request_timeouts=0 protocol_errors=0 reconnects=0
  transport: retrans=1 timeouts=0 dup=1 reorder=0 errors=0

--- Payload 1024B ---
[progress] size=1024 idx=1487 sent=1488 recv=1487 state=3 tx=61488 rx=61489 retrans=1 timeouts=0 dup=2 reorder=0 errors=0 acks=61488 stall=2ms
[progress] size=1024 idx=2996 sent=2997 recv=2997 state=3 tx=62997 rx=62999 retrans=1 timeouts=0 dup=2 reorder=0 errors=0 acks=62997 stall=0ms
[progress] size=1024 idx=4508 sent=4509 recv=4508 state=3 tx=64509 rx=64510 retrans=1 timeouts=0 dup=2 reorder=0 errors=0 acks=64509 stall=3ms
[progress] size=1024 idx=5420 sent=5421 recv=5421 state=3 tx=65421 rx=65423 retrans=4 timeouts=0 dup=2 reorder=0 errors=0 acks=65421 stall=1ms
[progress] size=1024 idx=6285 sent=6286 recv=6285 state=3 tx=66286 rx=66287 retrans=4 timeouts=0 dup=2 reorder=0 errors=0 acks=66285 stall=102ms
[progress] size=1024 idx=7339 sent=7340 recv=7340 state=3 tx=67340 rx=67342 retrans=4 timeouts=0 dup=2 reorder=0 errors=0 acks=67340 stall=0ms
[progress] size=1024 idx=8239 sent=8240 recv=8239 state=3 tx=68240 rx=68241 retrans=4 timeouts=0 dup=2 reorder=0 errors=0 acks=68240 stall=2ms
[progress] size=1024 idx=9230 sent=9231 recv=9231 state=3 tx=69231 rx=69233 retrans=4 timeouts=0 dup=2 reorder=0 errors=0 acks=69231 stall=0ms
[progress] size=1024 idx=10063 sent=10064 recv=10063 state=3 tx=70064 rx=70065 retrans=4 timeouts=0 dup=2 reorder=0 errors=0 acks=70064 stall=2ms
[progress] size=1024 idx=11037 sent=11038 recv=11038 state=3 tx=71038 rx=71040 retrans=4 timeouts=0 dup=2 reorder=0 errors=0 acks=71038 stall=0ms
[progress] size=1024 idx=11967 sent=11968 recv=11968 state=3 tx=71968 rx=71970 retrans=4 timeouts=0 dup=2 reorder=0 errors=0 acks=71968 stall=0ms
[progress] size=1024 idx=12878 sent=12879 recv=12879 state=3 tx=72879 rx=72881 retrans=4 timeouts=0 dup=2 reorder=0 errors=0 acks=72879 stall=0ms
[progress] size=1024 idx=13929 sent=13930 recv=13930 state=3 tx=73930 rx=73932 retrans=4 timeouts=0 dup=2 reorder=0 errors=0 acks=73930 stall=0ms
[progress] size=1024 idx=14794 sent=14795 recv=14794 state=3 tx=74795 rx=74796 retrans=4 timeouts=0 dup=2 reorder=0 errors=0 acks=74795 stall=3ms
[progress] size=1024 idx=15607 sent=15608 recv=15608 state=3 tx=75608 rx=75610 retrans=4 timeouts=0 dup=2 reorder=0 errors=0 acks=75608 stall=0ms
[progress] size=1024 idx=16716 sent=16717 recv=16717 state=3 tx=76717 rx=76719 retrans=4 timeouts=0 dup=2 reorder=0 errors=0 acks=76717 stall=0ms
[progress] size=1024 idx=17799 sent=17800 recv=17799 state=3 tx=77800 rx=77801 retrans=4 timeouts=0 dup=2 reorder=0 errors=0 acks=77800 stall=2ms
[progress] size=1024 idx=18830 sent=18831 recv=18831 state=3 tx=78831 rx=78833 retrans=4 timeouts=0 dup=2 reorder=0 errors=0 acks=78831 stall=0ms
[progress] size=1024 idx=19721 sent=19722 recv=19722 state=3 tx=79722 rx=79725 retrans=4 timeouts=0 dup=3 reorder=0 errors=0 acks=79722 stall=0ms
[progress] size=1024 idx=20758 sent=20759 recv=20758 state=3 tx=80759 rx=80761 retrans=4 timeouts=0 dup=3 reorder=0 errors=0 acks=80759 stall=2ms
[progress] size=1024 idx=21685 sent=21686 recv=21686 state=3 tx=81686 rx=81689 retrans=4 timeouts=0 dup=3 reorder=0 errors=0 acks=81686 stall=0ms
[progress] size=1024 idx=22722 sent=22723 recv=22722 state=3 tx=82723 rx=82725 retrans=4 timeouts=0 dup=3 reorder=0 errors=0 acks=82723 stall=2ms
[progress] size=1024 idx=23668 sent=23669 recv=23669 state=3 tx=83669 rx=83672 retrans=4 timeouts=0 dup=3 reorder=0 errors=0 acks=83669 stall=0ms
[progress] size=1024 idx=24706 sent=24707 recv=24706 state=3 tx=84707 rx=84709 retrans=4 timeouts=0 dup=3 reorder=0 errors=0 acks=84707 stall=2ms
[progress] size=1024 idx=25758 sent=25759 recv=25758 state=3 tx=85759 rx=85761 retrans=4 timeouts=0 dup=3 reorder=0 errors=0 acks=85759 stall=2ms
[progress] size=1024 idx=26794 sent=26795 recv=26794 state=3 tx=86795 rx=86797 retrans=4 timeouts=0 dup=3 reorder=0 errors=0 acks=86795 stall=2ms
[progress] size=1024 idx=27762 sent=27763 recv=27763 state=3 tx=87763 rx=87766 retrans=4 timeouts=0 dup=3 reorder=0 errors=0 acks=87763 stall=0ms
[progress] size=1024 idx=28716 sent=28717 recv=28716 state=3 tx=88717 rx=88719 retrans=4 timeouts=0 dup=3 reorder=0 errors=0 acks=88717 stall=3ms
[progress] size=1024 idx=29749 sent=29750 recv=29750 state=3 tx=89750 rx=89753 retrans=4 timeouts=0 dup=3 reorder=0 errors=0 acks=89750 stall=1ms
  sent=30000  recv=30000  loss=0%
  RTT: min=1ms avg=4ms max=1587ms P50=3ms P95=23ms P99=24ms P99.9=30ms
  throughput=204.66KiB/s
  request_timeouts=0 protocol_errors=0 reconnects=0
  transport: retrans=3 timeouts=0 dup=1 reorder=0 errors=0

========================================
ALL TESTS COMPLETE
========================================
RT-IPC client exited with rc=0
sh: can't access tty; job control turned off
~ # 