root=/dev/nvme0n1 rw init=/bin/sh
VM Load @PA:0x40200000
VM Load Offset: 0xffff0000c0200000
Memory Map:
  Free   0x00000040000000 - 0x00000040200000 (2 MiB)
  KImg   0x00000040200000 - 0x00000043a00000 (56 MiB)
  Free   0x00000043a00000 - 0x00000240000000 (7.94 GiB)
Initialize RAM allocator: 0x43a00000..0x240000000
Reserving CPU-local areas
CPU-local area stride: 0x44000 bytes
Total CPU-local allocation: 0x110000 bytes (4 CPUs)
Flushed RAM used range to memory map: 0x43a00000..0x43b00000, current: 0x43b00000
Flushed RAM used range to memory map: 0x43b00000..0x43c10000, current: 0x43c10000
CPU-local areas allocated at 0x43b00000 - 0x43c10000
EL: 2
Mapping early memory regions...
Ram                 : [0x0000000040000000, 0x0000000240000000) -> [0x0000000040000000, 0x0000000240000000) (8 GiB)
KImage              : [0x0000ffff80000000, 0x0000ffff83800000) -> [0x0000000040200000, 0x0000000043a00000) (56 MiB)
PerCpu              : [0x0000ff0043b00000, 0x0000ff0043c10000) -> [0x0000000043b00000, 0x0000000043c10000) (1.06 MiB)
Debug serial        : [0x0000000009000000, 0x0000000009001000) -> [0x0000000009000000, 0x0000000009001000) (4 KiB)
Boot page table at physical address: PA:0x43c10000
Setting up table registers...
MMU Entry point at physical address: 0x4045c53c
Trap vector at 0xffff80260000
Memory Map:
  MMIO   0x00000009000000 - 0x00000009001000 (4 KiB)
  Free   0x00000040000000 - 0x00000040200000 (2 MiB)
  KImg   0x00000040200000 - 0x00000043a00000 (56 MiB)
  Rsv    0x00000043a00000 - 0x00000043b00000 (1 MiB)
  PerCPU 0x00000043b00000 - 0x00000043c10000 (1.06 MiB)
  Rsv    0x00000043c10000 - 0x00000043c1a000 (40 KiB)
  Free   0x00000043c1a000 - 0x00000240000000 (7.94 GiB)
Jumping to main entry point at 0xffff80244368 with SP 0x0000ff0043b44000

       d8888                            .d88888b.   .d8888b.
      d88888                           d88P" "Y88b d88P  Y88b
     d88P888                           888     888 Y88b.
    d88P 888 888d888  .d8888b  .d88b.  888     888  "Y888b.
   d88P  888 888P"   d88P"    d8P  Y8b 888     888     "Y88b.
  d88P   888 888     888      88888888 888     888       "888
 d8888888888 888     Y88b.    Y8b.     Y88b. .d88P Y88b  d88P
d88P     888 888      "Y8888P  "Y8888   "Y88888P"   "Y8888P"

arch = aarch64
platform = linux,dummy-virt
target = aarch64-unknown-none-softfloat
build_mode = 
log_level = info
backtrace = false
smp = 3

[37m[  0.051747 ax_runtime:220] [32mLogging is enabled.[m
[m[37m[  0.052065 ax_runtime:221] [32mPrimary CPU 0 started, arg = 0x43a00000.[m
[m[37m[  0.052179 ax_runtime:223] [32mFound physcial memory regions:[m
[m[37m[  0.052936 ax_runtime:225] [32m  [PA:0x9000000, PA:0x9001000) mmio (READ | WRITE | DEVICE | RESERVED)[m
[m[37m[  0.053155 ax_runtime:225] [32m  [PA:0x40000000, PA:0x40200000) free memory (READ | WRITE | FREE)[m
[m[37m[  0.053304 ax_runtime:225] [32m  [PA:0x40200000, PA:0x43a00000) reserved (READ | WRITE | EXECUTE | RESERVED)[m
[m[37m[  0.053447 ax_runtime:225] [32m  [PA:0x43a00000, PA:0x43b00000) reserved (READ | WRITE | EXECUTE | RESERVED)[m
[m[37m[  0.053587 ax_runtime:225] [32m  [PA:0x43b00000, PA:0x43c10000) reserved (READ | WRITE | EXECUTE | RESERVED)[m
[m[37m[  0.053726 ax_runtime:225] [32m  [PA:0x43c10000, PA:0x43c1a000) reserved (READ | WRITE | EXECUTE | RESERVED)[m
[m[37m[  0.053867 ax_runtime:225] [32m  [PA:0x43c1a000, PA:0x240000000) free memory (READ | WRITE | FREE)[m
[m[37m[  0.054010 ax_runtime:373] [32mInitialize global memory allocator...[m
[m[37m[  0.054121 ax_runtime:374] [32m  use buddy-slab-allocator allocator.[m
[m[37m[  0.054296 ax_alloc::buddy_slab:158] [32mInitialize global memory allocator, start_vaddr: 0x43c1a000, size: 0x1fc3e6000[m
[m[37m[  0.059465 ax_alloc::buddy_slab:424] [32mglobal allocator initialized[m
[m[37m[  0.059633 ax_alloc::buddy_slab:168] [32mAdd memory region, start_vaddr: 0x40000000, size: 0x200000[m
[m[37m[  0.059807 buddy_slab_allocator::global:151] [32mGlobalAllocator: skip region 0x40000000+0x200000, no allocator-visible memory after 2097152 alignment[m
[m[37m[  0.060123 ax_runtime:260] [32mkernel aspace: [VA:0x0, VA:0xffffffffffffffff)[m
[m[37m[  0.060311 ax_mm:103] [32mInitialize virtual memory management...[m
[m[37m[  0.572929 ax_runtime:272] [32mInitialize platform devices...[m
[m[37m[  0.578132 someboot::arch::power:23] [32mPower management method : SMC[m
[m[37m[  0.578324 somehal::driver:5] [32mInitializing rdrive with FDT at 0x43a00000[m
[m[37m[  0.588984 somehal::arch::gic::v3:284] [32mGICv3 CPU 0 EOI mode: two_step=true[m
[m[37m[  0.594707 ax_task::api:137] [32mInitialize scheduling...[m
[m[37m[  0.595785 ax_task::api:145] [32m  use Round-robin scheduler.[m
[m[37m[  0.596489 ax_runtime:298] [32mInitialize interrupt handlers...[m
[m[37m[  0.598350 ax_runtime::devices:2] [32mProbe platform devices...[m
[m[37m[  0.619800 ax_driver::block::nvme:42] [32mNVMe PCI endpoint 0000:00:01.0: BAR0=0x8000000000..0x8000004000, int_pin=1, int_line=0[m
[m[37m[  0.630832 nvme_driver::nvme:161] [32mNVME @0x8000000000 deferred init, version: 1.4.0[m
[m[37m[  0.631317 ax_driver::block::nvme:74] [32mNVMe block device registered at 0000:00:01.0 with 65 MSI-X vectors[m
[m[37m[  0.635834 ax_fs_ng::block::runtime::lifecycle::device:300] [32mblock device nvme IRQ source 0 (IrqId { domain: IrqDomainId(9), hwirq: HwIrq(0) }) fixed to CPU 0 for queue mask 0x0[m
[m[37m[  0.653135 ax_fs_ng::block::runtime::hctx:177] [32mblock hctx 0 bound to CPU 0 with hardware depth 63[m
[m[37m[  0.653546 ax_fs_ng::block::runtime::lifecycle::device:300] [32mblock device nvme IRQ source 1 (IrqId { domain: IrqDomainId(9), hwirq: HwIrq(1) }) fixed to CPU 0 for queue mask 0x1[m
[m[37m[  0.658993 ax_fs_ng::root:341] [32m    raw device fs=Some(Ext4)[m
[m[37m[  0.659168 ax_fs_ng::root:372] [32m  block device 0 (nvme) has no usable partition table; treating the whole disk as a candidate[m
[m[37m[  0.659503 ax_fs_ng::root:481] [32m  matched root by raw device path on disk0 raw device[m
[m[37m[  0.659858 ax_fs_ng:86] [32mInitialize filesystem subsystem...[m
[m[37m[  0.659936 ax_fs_ng:87] [32m  selected root device: disk0 raw device[m
[m[37m[  0.662462 rsext4::crc32c::arm64:54] [33mID_AA64ISAR0_EL1[19:16]: 0x1[m
[m[37m[  0.662557 rsext4::crc32c::arm64:57] [33mHardware CRC32C support detected.[m
[m[37m[  0.667725 rsext4::ext4::mount:331] [32m/lost+found exists (superblock hint inode=11)[m
[m[37m[  0.668681 rsext4::ext4::mount:466] [32mExt4 filesystem mounted[m
[m[37m[  0.668766 rsext4::ext4::mount:467] [32m  - block size: 4096 bytes[m
[m[37m[  0.668853 rsext4::ext4::mount:468] [32m  - total blocks: 8192[m
[m[37m[  0.668928 rsext4::ext4::mount:469] [32m  - free blocks: 1226[m
[m[37m[  0.669002 rsext4::ext4::mount:470] [32m  - total inodes: 8192[m
[m[37m[  0.669076 rsext4::ext4::mount:471] [32m  - free inodes: 8151[m
[m[37m[  0.669157 rsext4::ext4::sync:13] [32mSyncing filesystem...[m
[m[37m[  0.674869 rsext4::ext4::mount:550] [32mExt4 filesystem mounted[m
[m[37m[  0.675284 ax_fs_ng:99] [32m  filesystem type: "ext4"[m
[m[37m[  0.682445 somehal::arch::gic::v3:284] [32mGICv3 CPU 1 EOI mode: two_step=true[m
[m[37m[  0.682811 ax_runtime::mp:79] [32mSecondary CPU 1 started.[m
[m[37m[  0.683275 ax_runtime::mp:110] [32mSecondary CPU 1 init OK.[m
[m[37m[  0.688996 somehal::arch::gic::v3:284] [32mGICv3 CPU 2 EOI mode: two_step=true[m
[m[37m[  0.689209 ax_runtime::mp:79] [32mSecondary CPU 2 started.[m
[m[37m[  0.689243 ax_runtime:346] [32mPrimary CPU 0 init OK.[m
[m[37m[  0.689534 ax_runtime::mp:110] [32mSecondary CPU 2 init OK.[m
[m[37m[  0.695015 0:4 ax_fs_ng::block::runtime::hctx:177] [32mblock hctx 1 bound to CPU 1 with hardware depth 63[m
[m[37m[  0.695195 0:4 ax_fs_ng::block::runtime::hctx:177] [32mblock hctx 2 bound to CPU 2 with hardware depth 63[m
[m[37m[  0.695503 0:4 ax_fs_ng::block::runtime::lifecycle::device:300] [32mblock device nvme IRQ source 2 (IrqId { domain: IrqDomainId(9), hwirq: HwIrq(2) }) fixed to CPU 1 for queue mask 0x2[m
[m[37m[  0.695760 0:4 ax_fs_ng::block::runtime::lifecycle::device:300] [32mblock device nvme IRQ source 3 (IrqId { domain: IrqDomainId(9), hwirq: HwIrq(3) }) fixed to CPU 2 for queue mask 0x4[m
[m[37m[  0.697084 0:2 ax_fs_ng::block::runtime::lifecycle::device:385] [32mblock device nvme online with 3 hctxs across 3 CPUs[m
[m

       d8888            888     888  d8b
      d88888            888     888  Y8P
     d88P888            888     888
    d88P 888  888  888  Y88b   d88P  888  .d8888b    .d88b.   888d888
   d88P  888  `Y8bd8P'   Y88b d88P   888  88K       d88""88b  888P"
  d88P   888    X88K      Y88o88P    888  "Y8888b.  888  888  888
 d8888888888  .d8""8b.     Y888P     888       X88  Y88..88P  888
d88P     888  888  888      Y8P      888   88888P'   "Y88P"   888


by AxVisor Team

[37m[  0.699093 0:2 axvisor:73] [32mStarting virtualization...[m
[m[37m[  0.699218 0:2 axvm::host::arceos:349] [32mEnabling hardware virtualization support on all cores...[m
[m[37m[  0.699350 0:2 axvm::host::arceos:355] [32mCore 0 is initializing hardware virtualization support...[m
[m[37m[  0.699483 0:2 axvm::timer:318] [32mInitializing AxVM timer wheel...[m
[m[37m[  0.703795 0:2 axvm::host::arceos:357] [32mHardware virtualization support enabled on core 0[m
[m[37m[  0.704147 1:15 axvm::host::arceos:367] [32mCore 1 is initializing hardware virtualization support...[m
[m[37m[  0.704263 1:15 axvm::timer:318] [32mInitializing AxVM timer wheel...[m
[m[37m[  0.704286 0:2 axvm::host::arceos:383] [32mWaiting for all cores to enable hardware virtualization...[m
[m[37m[  0.704303 2:16 axvm::host::arceos:367] [32mCore 2 is initializing hardware virtualization support...[m
[m[37m[  0.704621 1:15 axvm::host::arceos:370] [32mHardware virtualization support enabled on core 1[m
[m[37m[  0.704644 2:16 axvm::timer:318] [32mInitializing AxVM timer wheel...[m
[m[37m[  0.704879 2:16 axvm::host::arceos:370] [32mHardware virtualization support enabled on core 2[m
[m[37m[  0.705011 0:2 axvm::host::arceos:399] [32mAll cores have enabled hardware virtualization support.[m
[m[37m[  0.709243 0:2 axvisor::manager:143] [32mNOT find dir: /guest/vm_default in filesystem[m
[m[37m[  0.709424 0:2 axvisor::config:90] [32mUsing static VM configs.[m
[m[37m[  0.722452 0:2 axvm::arch::aarch64::fdt::core:79] [32mVM[1] virtual GIC follows host firmware resources: GuestGicProfile { compatible: "arm,gic-v3", node_path: "/intc@8000000", node_phandle: Some(32773), distributor: GuestMmioRegion { base: 134217728, length: 65536 }, cpu_region: Redistributors(GuestGicRedistributorProfile { regions: [GuestMmioRegion { base: 134873088, length: 16121856 }], stride: 131072 }), its: [GuestItsProfile { id: ItsId(0), node_path: "/intc@8000000/its@8080000", node_phandle: Some(32774), registers: GuestMmioRegion { base: 134742016, length: 131072 } }] }[m
[m[37m[  0.724752 0:2 axvm::arch::aarch64::fdt::core:93] [32mVM[1] architectural timer follows host firmware PPIs[m
[m[37m[  0.729020 0:2 axvm::arch::aarch64::fdt::core::parser:442] [32mCPU node: /cpus/cpu@0, node_id: 0x0, hardware_cpu_id: 0x0[m
[m[37m[  0.729203 0:2 axvm::arch::aarch64::fdt::core::parser:442] [32mCPU node: /cpus/cpu@1, node_id: 0x1, hardware_cpu_id: 0x1[m
[m[37m[  0.729346 0:2 axvm::arch::aarch64::fdt::core::parser:442] [32mCPU node: /cpus/cpu@2, node_id: 0x2, hardware_cpu_id: 0x2[m
[m[37m[  0.729469 0:2 axvm::arch::aarch64::fdt::core::parser:442] [32mCPU node: /cpus/cpu@3, node_id: 0x3, hardware_cpu_id: 0x3[m
[m[37m[  0.729677 0:2 axvm::arch::aarch64::fdt::core::parser:449] [32mFound 4 host CPU nodes[m
[m[37m[  0.730050 0:2 axvm::arch::aarch64::fdt::core:144] [32mVM[1] DTB not found, generating from the VM configuration[m
[m[37m[  0.742870 0:2 axvm::arch::aarch64::fdt::core::device:96] [32mFound excluded devices: ["/virtio_mmio@a000000", "/virtio_mmio@a000200", "/virtio_mmio@a000400", "/virtio_mmio@a000600", "/virtio_mmio@a000800", "/virtio_mmio@a000a00", "/virtio_mmio@a000c00", "/virtio_mmio@a000e00", "/virtio_mmio@a001000", "/virtio_mmio@a001200", "/virtio_mmio@a001400", "/virtio_mmio@a001600", "/virtio_mmio@a001800", "/virtio_mmio@a001a00", "/virtio_mmio@a001c00", "/virtio_mmio@a001e00", "/virtio_mmio@a002000", "/virtio_mmio@a002200", "/virtio_mmio@a002400", "/virtio_mmio@a002600", "/virtio_mmio@a002800", "/virtio_mmio@a002a00", "/virtio_mmio@a002c00", "/virtio_mmio@a002e00", "/virtio_mmio@a003000", "/virtio_mmio@a003200", "/virtio_mmio@a003400", "/virtio_mmio@a003600", "/virtio_mmio@a003800", "/virtio_mmio@a003a00", "/virtio_mmio@a003c00", "/virtio_mmio@a003e00", "/pcie@10000000", "/pl061@9030000", "/pl031@9010000", "/gpio-key-poweroff", "/intc@8000000", "/pl011@9000000", "/timer", "/intc@8000000/its@8080000"][m
[m[37m[  0.751598 0:2 axvm::arch::aarch64::fdt::core::device:96] [32mFound excluded devices: ["/virtio_mmio@a000000", "/virtio_mmio@a000200", "/virtio_mmio@a000400", "/virtio_mmio@a000600", "/virtio_mmio@a000800", "/virtio_mmio@a000a00", "/virtio_mmio@a000c00", "/virtio_mmio@a000e00", "/virtio_mmio@a001000", "/virtio_mmio@a001200", "/virtio_mmio@a001400", "/virtio_mmio@a001600", "/virtio_mmio@a001800", "/virtio_mmio@a001a00", "/virtio_mmio@a001c00", "/virtio_mmio@a001e00", "/virtio_mmio@a002000", "/virtio_mmio@a002200", "/virtio_mmio@a002400", "/virtio_mmio@a002600", "/virtio_mmio@a002800", "/virtio_mmio@a002a00", "/virtio_mmio@a002c00", "/virtio_mmio@a002e00", "/virtio_mmio@a003000", "/virtio_mmio@a003200", "/virtio_mmio@a003400", "/virtio_mmio@a003600", "/virtio_mmio@a003800", "/virtio_mmio@a003a00", "/virtio_mmio@a003c00", "/virtio_mmio@a003e00", "/pcie@10000000", "/pl061@9030000", "/pl031@9010000", "/gpio-key-poweroff", "/intc@8000000", "/pl011@9000000", "/timer", "/intc@8000000/its@8080000"][m
[m[37m[  0.753443 0:2 axvisor::config:137] [32mCreating VM[1] "linux-net"[m
[m[37m[  0.753899 0:2 axvm::arch::aarch64::vgic::plan:214] [32massigned_spis: 0 passthrough interrupts configured[m
[m[37m[  0.765508 0:2 axvm::vm:821] [32mVM created: id=1[m
[m[37m[  0.766482 0:2 axvisor::config:149] [32mVM[1] created success, loading images...[m
[m[37m[  0.847333 0:2 axvm::boot::images:137] [32mLoading ramdisk image from memory (2948096 bytes) into GPA @0x8c000000[m
[m[37m[  0.864390 0:2 axdevice::device:1232] [32mDeviceRuntime: registered device id=0[m
[m[37m[  0.864700 0:2 axdevice::device:1232] [32mDeviceRuntime: registered device id=1[m
[m[37m[  0.864840 0:2 axdevice::device:1232] [32mDeviceRuntime: registered device id=2[m
[m[37m[  0.866068 0:2 axdevice::device:1232] [32mDeviceRuntime: registered device id=3[m
[m[37m[  0.867460 0:2 axdevice::device:1232] [32mDeviceRuntime: registered device id=4[m
[m[37m[  0.869970 0:2 axvm::vm::prepare:82] [32mVM setup: id=1[m
[m[37m[  0.873438 0:2 axvm::arch::aarch64::fdt::core:79] [32mVM[3] virtual GIC follows host firmware resources: GuestGicProfile { compatible: "arm,gic-v3", node_path: "/intc@8000000", node_phandle: Some(32773), distributor: GuestMmioRegion { base: 134217728, length: 65536 }, cpu_region: Redistributors(GuestGicRedistributorProfile { regions: [GuestMmioRegion { base: 134873088, length: 16121856 }], stride: 131072 }), its: [GuestItsProfile { id: ItsId(0), node_path: "/intc@8000000/its@8080000", node_phandle: Some(32774), registers: GuestMmioRegion { base: 134742016, length: 131072 } }] }[m
[m[37m[  0.874074 0:2 axvm::arch::aarch64::fdt::core:93] [32mVM[3] architectural timer follows host firmware PPIs[m
[m[37m[  0.877691 0:2 axvm::arch::aarch64::fdt::core::parser:442] [32mCPU node: /cpus/cpu@0, node_id: 0x0, hardware_cpu_id: 0x0[m
[m[37m[  0.877823 0:2 axvm::arch::aarch64::fdt::core::parser:442] [32mCPU node: /cpus/cpu@1, node_id: 0x1, hardware_cpu_id: 0x1[m
[m[37m[  0.877950 0:2 axvm::arch::aarch64::fdt::core::parser:442] [32mCPU node: /cpus/cpu@2, node_id: 0x2, hardware_cpu_id: 0x2[m
[m[37m[  0.878110 0:2 axvm::arch::aarch64::fdt::core::parser:442] [32mCPU node: /cpus/cpu@3, node_id: 0x3, hardware_cpu_id: 0x3[m
[m[37m[  0.878260 0:2 axvm::arch::aarch64::fdt::core::parser:449] [32mFound 4 host CPU nodes[m
[m[37m[  0.878360 0:2 axvm::arch::aarch64::fdt::core:144] [32mVM[3] DTB not found, generating from the VM configuration[m
[m[37m[  0.886974 0:2 axvm::arch::aarch64::fdt::core::device:96] [32mFound excluded devices: ["/virtio_mmio@a000000", "/virtio_mmio@a000200", "/virtio_mmio@a000400", "/virtio_mmio@a000600", "/virtio_mmio@a000800", "/virtio_mmio@a000a00", "/virtio_mmio@a000c00", "/virtio_mmio@a000e00", "/virtio_mmio@a001000", "/virtio_mmio@a001200", "/virtio_mmio@a001400", "/virtio_mmio@a001600", "/virtio_mmio@a001800", "/virtio_mmio@a001a00", "/virtio_mmio@a001c00", "/virtio_mmio@a001e00", "/virtio_mmio@a002000", "/virtio_mmio@a002200", "/virtio_mmio@a002400", "/virtio_mmio@a002600", "/virtio_mmio@a002800", "/virtio_mmio@a002a00", "/virtio_mmio@a002c00", "/virtio_mmio@a002e00", "/virtio_mmio@a003000", "/virtio_mmio@a003200", "/virtio_mmio@a003400", "/virtio_mmio@a003600", "/virtio_mmio@a003800", "/virtio_mmio@a003a00", "/virtio_mmio@a003c00", "/virtio_mmio@a003e00", "/pcie@10000000", "/pl061@9030000", "/pl031@9010000", "/gpio-key-poweroff", "/intc@8000000", "/pl011@9000000", "/timer", "/intc@8000000/its@8080000"][m
[m[37m[  0.893422 0:2 axvm::arch::aarch64::fdt::core::device:96] [32mFound excluded devices: ["/virtio_mmio@a000000", "/virtio_mmio@a000200", "/virtio_mmio@a000400", "/virtio_mmio@a000600", "/virtio_mmio@a000800", "/virtio_mmio@a000a00", "/virtio_mmio@a000c00", "/virtio_mmio@a000e00", "/virtio_mmio@a001000", "/virtio_mmio@a001200", "/virtio_mmio@a001400", "/virtio_mmio@a001600", "/virtio_mmio@a001800", "/virtio_mmio@a001a00", "/virtio_mmio@a001c00", "/virtio_mmio@a001e00", "/virtio_mmio@a002000", "/virtio_mmio@a002200", "/virtio_mmio@a002400", "/virtio_mmio@a002600", "/virtio_mmio@a002800", "/virtio_mmio@a002a00", "/virtio_mmio@a002c00", "/virtio_mmio@a002e00", "/virtio_mmio@a003000", "/virtio_mmio@a003200", "/virtio_mmio@a003400", "/virtio_mmio@a003600", "/virtio_mmio@a003800", "/virtio_mmio@a003a00", "/virtio_mmio@a003c00", "/virtio_mmio@a003e00", "/pcie@10000000", "/pl061@9030000", "/pl031@9010000", "/gpio-key-poweroff", "/intc@8000000", "/pl011@9000000", "/timer", "/intc@8000000/its@8080000"][m
[m[37m[  0.894926 0:2 axvisor::config:137] [32mCreating VM[3] "rtthread-net"[m
[m[37m[  0.895018 0:2 axvm::arch::aarch64::vgic::plan:214] [32massigned_spis: 0 passthrough interrupts configured[m
[m[37m[  0.896270 0:2 axvm::vm:821] [32mVM created: id=3[m
[m[37m[  0.896419 0:2 axvisor::config:149] [32mVM[3] created success, loading images...[m
[m[37m[  0.901208 0:2 axdevice::device:1232] [32mDeviceRuntime: registered device id=0[m
[m[37m[  0.901299 0:2 axdevice::device:1232] [32mDeviceRuntime: registered device id=1[m
[m[37m[  0.901377 0:2 axdevice::device:1232] [32mDeviceRuntime: registered device id=2[m
[m[37m[  0.901531 0:2 axdevice::device:1232] [32mDeviceRuntime: registered device id=3[m
[m[37m[  0.901969 0:2 axdevice::device:1232] [32mDeviceRuntime: registered device id=4[m
[m[37m[  0.902141 0:2 axvm::vm::prepare:82] [32mVM setup: id=3[m
[m[37m[  0.902317 0:2 axvm::runtime:42] [32mInitializing VMM...[m
[m[37m[  0.902800 0:2 axvm::runtime:53] [32mVMM starting, booting VMs...[m
[m[37m[  0.902964 0:2 axvm::vm:1046] [32mStarting VM[1][m
[m[37m[  0.903084 0:2 axvm::runtime::vcpus:343] [32mSpawning task for VM[1] VCpu[0][m
[m[37m[  0.903406 0:2 axvm::runtime::vcpus:360] [32mVCpu task Task(19, "VM[1]-VCpu[0]") created cpumask: [0, 1, ][m
[m[37m[  0.905202 0:2 axvm::runtime:61] [32mVM[1] boot success[m
[m[37m[  0.905273 0:2 axvm::vm:1046] [32mStarting VM[3][m
[m[37m[  0.905331 0:2 axvm::runtime::vcpus:343] [32mSpawning task for VM[3] VCpu[0][m
[m[37m[  0.905424 0:2 axvm::runtime::vcpus:360] [32mVCpu task Task(21, "VM[3]-VCpu[0]") created cpumask: [2, ][m
[m[37m[  0.905708 0:2 axvm::runtime:61] [32mVM[3] boot success[m
[m[37m[  0.905991 2:21 axvm::runtime::vcpus:414] [32mVM[3] VCpu[0] waiting for running[m
[m[37m[  0.906431 2:21 axvm::runtime::vcpus:456] [32mVM[3] VCpu[0] running...[m
[m[37m[  0.907040 0:2 axvisor:89] [32m[OK] Default guest initialized[m
[m[37m[  0.907500 0:19 axvm::runtime::vcpus:414] [32mVM[1] VCpu[0] waiting for running[m
[m[37m[  0.907584 0:19 axvm::runtime::vcpus:456] [32mVM[1] VCpu[0] running...[m
[m[VM 3] [32m[I/rtdm.ofw] Booting RT-Thread on physical CPU 0x0[0m
[VM 3] [32m[I/rtdm.ofw] Machine model: linux,dummy-virt[0m
[VM 3] [32m[I/rtdm.ofw] Memory node(0) ranges: 0x00000000a0000000 - 0x00000000b0000000[0m
[VM 3] [32m[I/mm.memblock] System memory:[0m
[VM 3] [32m[I/mm.memblock]                    [0x00000000a0000000, 0x00000000b0000000][0m
[VM 3] [32m[I/mm.memblock] Reserved memory:[0m
[VM 3] [32m[I/mm.memblock]                    [0x00000000a0000000, 0x00000000a0102000][0m
[VM 3] [32m[I/mm.memblock]                    [0x00000000a0102000, 0x00000000a4102000][0m
[VM 3] [32m[I/mm.memblock]                    [0x00000000a4102000, 0x00000000a4302000][0m
[37m[  0.952590 0:19 axvm::runtime::hvc:258] [32mVM[1] PSCI_FEATURES function_id=0x80000000[m
[m[37m[  0.953234 0:19 axvm::runtime::hvc:258] [32mVM[1] PSCI_FEATURES function_id=0xc4000001[m
[m[37m[  0.953523 0:19 axvm::runtime::hvc:258] [32mVM[1] PSCI_FEATURES function_id=0xc400000e[m
[m[37m[  0.953749 0:19 axvm::runtime::hvc:258] [32mVM[1] PSCI_FEATURES function_id=0xc4000012[m
[m[37m[  0.953972 0:19 axvm::runtime::hvc:258] [32mVM[1] PSCI_FEATURES function_id=0xc4000015[m
[m[VM 3] [32m[I/mm.memblock]                    [0x00000000a4302000, 0x00000000a4303000][0m
[VM 3] [32m[I/mm.memblock] physical memory region [0x00000000a4303000-0x00000000b0000000] installed to system page[0m
[VM 3] [32m[I/mm.memblock] 198 MB memory installed to system page[0m
[VM 3] [32m[I/osi.psci] Using PSCI v1.1 Function IDs[0m
[VM 3] [32m[I/rtdm.ofw] Console: uart0 (<no-node>)[0m
[VM 3] 
[VM 3]  \ | /
[VM 3] - RT -     Thread Operating System
[VM 3]  / | \     5.2.2 build Aug 16 2026 14:12:27
[VM 3]  2006 - 2024 Copyright by RT-Thread team
[VM 3] lwIP-2.1.2 initialized!
[37m[  1.040907 0:19 axvisor::virtio_net:474] [33mvirtio-net drops an ingress frame: NotReady[m
[m[VM 3] [32m[I/sal.skt] Socket Abstraction Layer initialize success.[0m
[VM 3] [32m[I/rtdm.mnt] File system initialization done[0m
[37m[  1.060626 0:19 axvm::runtime::hvc:272] [32mVM[1] PSCI_CPU_ON target=0x1 entry=0x81e3f570 context=0x0[m
[m[37m[  1.061156 0:19 axvm::runtime::vcpus:343] [32mSpawning task for VM[1] VCpu[1][m
[m[37m[  1.061303 0:19 axvm::runtime::vcpus:360] [32mVCpu task Task(24, "VM[1]-VCpu[1]") created cpumask: [0, 1, ][m
[m[37m[  1.061709 0:24 axvm::runtime::vcpus:414] [32mVM[1] VCpu[1] waiting for running[m
[m[37m[  1.062129 0:24 axvm::runtime::vcpus:456] [32mVM[1] VCpu[1] running...[m
[m[VM 3] Axvisor RT-Thread guest ready
[VM 1] [    0.000000] Booting Linux on physical CPU 0x0000000000 [0x410fd083]
[VM 1] [    0.000000] Linux version 6.18.0-rc6-gfd95357fd8c6-dirty (runner@s1lqc) (aarch64-linux-gnu-gcc (Ubuntu 13.3.0-6ubuntu2~24.04) 13.3.0, GNU ld (GNU Binutils for Ubuntu) 2.42) #25 SMP PREEMPT Fri Mar 20 11:22:05 CST 2026
[VM 1] [    0.000000] KASLR disabled due to lack of seed
[VM 1] [    0.000000] Machine model: linux,dummy-virt
[VM 1] [    0.000000] efi: UEFI not found.
[VM 1] [    0.000000] OF: reserved mem: Reserved memory: No reserved-memory node in the DT
[VM 1] [    0.000000] NUMA: Faking a node at [mem 0x0000000080000000-0x000000009fffffff]
[VM 1] [    0.000000] NODE_DATA(0) allocated [mem 0x9ff06f40-0x9ff095bf]
[VM 1] [    0.000000] Zone ranges:
[VM 1] [    0.000000]   DMA      [mem 0x0000000080000000-0x000000009fffffff]
[VM 1] [    0.000000]   DMA32    empty
[VM 1] [    0.000000]   Normal   empty
[VM 1] [    0.000000] Movable zone start for each node
[VM 1] [    0.000000] Early memory node ranges
[VM 1] [    0.000000]   node   0: [mem 0x0000000080000000-0x000000009fffffff]
[VM 1] [    0.000000] Initmem setup node 0 [mem 0x0000000080000000-0x000000009fffffff]
[VM 1] [    0.000000] cma: Reserved 32 MiB at 0x000000009d600000
[VM 1] [    0.000000] psci: probing for conduit method from DT.
[VM 1] [    0.000000] psci: PSCIv1.1 detected in firmware.
[VM 1] [    0.000000] psci: Using standard PSCI v0.2 function IDs
[VM 1] [    0.000000] psci: Trusted OS migration not required
[VM 1] [    0.000000] psci: SMC Calling Convention v65535.65535
[VM 1] [    0.000000] percpu: Embedded 25 pages/cpu s62488 r8192 d31720 u102400
[VM 1] [    0.000000] Detected PIPT I-cache on CPU0
[VM 1] [    0.000000] CPU features: detected: GICv3 CPU interface
[VM 1] [    0.000000] CPU features: detected: Spectre-v2
[VM 1] [    0.000000] CPU features: detected: Spectre-v3a
[VM 1] [    0.000000] CPU features: detected: Spectre-v4
[VM 1] [    0.000000] CPU features: detected: Spectre-BHB
[VM 1] [    0.000000] CPU features: detected: ARM erratum 1742098
[VM 1] [    0.000000] CPU features: detected: ARM errata 1165522, 1319367, or 1530923
[VM 1] [    0.000000] alternatives: applying boot alternatives
[VM 1] [    0.000000] Kernel command line: 
[VM 1] [    0.000000] printk: log buffer data + meta data: 131072 + 458752 = 589824 bytes
[VM 1] [    0.000000] Dentry cache hash table entries: 65536 (order: 7, 524288 bytes, linear)
[VM 1] [    0.000000] Inode-cache hash table entries: 32768 (order: 6, 262144 bytes, linear)
[VM 1] [    0.000000] software IO TLB: SWIOTLB bounce buffer size adjusted to 0MB
[VM 1] [    0.000000] software IO TLB: area num 2.
[VM 1] [    0.000000] software IO TLB: mapped [mem 0x000000009d540000-0x000000009d5c0000] (0MB)
[VM 1] [    0.000000] Fallback order for Node 0: 0 
[VM 1] [    0.000000] Built 1 zonelists, mobility grouping on.  Total pages: 131072
[VM 1] [    0.000000] Policy zone: DMA
[VM 1] [    0.000000] mem auto-init: stack:all(zero), heap alloc:off, heap free:off
[VM 1] [    0.000000] SLUB: HWalign=64, Order=0-3, MinObjects=0, CPUs=2, Nodes=1
[VM 1] [    0.000000] rcu: Preemptible hierarchical RCU implementation.
[VM 1] [    0.000000] rcu: 	RCU event tracing is enabled.
[VM 1] [    0.000000] rcu: 	RCU restricting CPUs from NR_CPUS=512 to nr_cpu_ids=2.
[VM 1] [    0.000000] 	Trampoline variant of Tasks RCU enabled.
[VM 1] [    0.000000] 	Tracing variant of Tasks RCU enabled.
[VM 1] [    0.000000] rcu: RCU calculated value of scheduler-enlistment delay is 25 jiffies.
[VM 1] [    0.000000] rcu: Adjusting geometry for rcu_fanout_leaf=16, nr_cpu_ids=2
[VM 1] [    0.000000] RCU Tasks: Setting shift to 1 and lim to 1 rcu_task_cb_adjust=1 rcu_task_cpu_ids=2.
[VM 1] [    0.000000] RCU Tasks Trace: Setting shift to 1 and lim to 1 rcu_task_cb_adjust=1 rcu_task_cpu_ids=2.
[VM 1] [    0.000000] NR_IRQS: 64, nr_irqs: 64, preallocated irqs: 0
[VM 1] [    0.000000] GICv3: 256 SPIs implemented
[VM 1] [    0.000000] GICv3: 0 Extended SPIs implemented
[VM 1] [    0.000000] Root IRQ handler: gic_handle_irq
[VM 1] [    0.000000] GICv3: GICv3 features: 16 PPIs, RSS
[VM 1] [    0.000000] GICv3: GICD_CTLR.DS=0, SCR_EL3.FIQ=0
[VM 1] [    0.000000] GICv3: CPU0: found redistributor 0 region 0:0x00000000080a0000
[VM 1] [    0.000000] ITS [mem 0x08080000-0x0809ffff]
[VM 1] [    0.000000] ITS@0x0000000008080000: allocated 8192 Devices @83050000 (indirect, esz 8, psz 64K, shr 1)
[VM 1] [    0.000000] ITS@0x0000000008080000: allocated 8192 Interrupt Collections @83060000 (flat, esz 8, psz 64K, shr 1)
[VM 1] [    0.000000] GICv3: using LPI property table @0x0000000083070000
[VM 1] [    0.000000] GICv3: CPU0: using allocated LPI pending table @0x0000000083080000
[VM 1] [    0.000000] rcu: srcu_init: Setting srcu_struct sizes based on contention.
[VM 1] [    0.000000] arch_timer: cp15 timer running at 62.50MHz (virt).
[VM 1] [    0.000000] clocksource: arch_sys_counter: mask: 0x1ffffffffffffff max_cycles: 0x1cd42e208c, max_idle_ns: 881590405314 ns
[VM 1] [    0.000041] sched_clock: 57 bits at 63MHz, resolution 16ns, wraps every 4398046511096ns
[VM 1] [    0.003377] Console: colour dummy device 80x25
[VM 1] [    0.005986] printk: legacy console [tty0] enabled
[VM 1] [    0.008587] Calibrating delay loop (skipped), value calculated using timer frequency.. 125.00 BogoMIPS (lpj=250000)
[VM 1] [    0.008693] pid_max: default: 32768 minimum: 301
[VM 1] [    0.010197] LSM: initializing lsm=capability
[VM 1] [    0.012771] Mount-cache hash table entries: 1024 (order: 1, 8192 bytes, linear)
[VM 1] [    0.012819] Mountpoint-cache hash table entries: 1024 (order: 1, 8192 bytes, linear)
[VM 1] [    0.029310] /cpus/cpu-map/socket0/cluster0/core2: Can't get CPU for leaf core
[VM 1] [    0.029915] cacheinfo: Unable to detect cache hierarchy for CPU 0
[VM 1] [    0.037845] rcu: Hierarchical SRCU implementation.
[VM 3] msh />[32m[I/rtipic.srv] server starting on 192.168.77.30:9876[0m
[VM 3] [32m[I/rtipic.srv] listening...[0m
[VM 1] [    0.037889] rcu: 	Max phase no-delay instances is 1000.
[VM 1] [    0.038530] Timer migration: 1 hierarchy levels; 8 children per group; 1 crossnode level

[Axvisor] attached VM[3] console; use Ctrl+X, then h to return to the shell
rtbench_stability 300
RTBENCH_STABILITY_BEGIN seconds=300 expected=299999
msh />[32m[I/rtipic.srv] client connected[0m
[32m[I/rtipic.srv] stats: msgs=732 bytes=37KB conn=1[0m
[32m[I/rtipic.srv] proto: state=3 tx=364 rx=364 retrans=0 timeouts=0 dup=0 reorder=0 errors=0 acks=363[0m
[32m[I/rtipic.srv] stats: msgs=4364 bytes=220KB conn=1[0m
[32m[I/rtipic.srv] proto: state=3 tx=2164 rx=2164 retrans=1 timeouts=0 dup=0 reorder=0 errors=0 acks=2164[0m
[32m[I/rtipic.srv] stats: msgs=8007 bytes=404KB conn=1[0m
[32m[I/rtipic.srv] proto: state=3 tx=3970 rx=3971 retrans=2 timeouts=0 dup=1 reorder=0 errors=0 acks=3969[0m
[32m[I/rtipic.srv] stats: msgs=11933 bytes=603KB conn=1[0m
[32m[I/rtipic.srv] proto: state=3 tx=5918 rx=5919 retrans=2 timeouts=0 dup=1 reorder=0 errors=0 acks=5918[0m
[32m[I/rtipic.srv] stats: msgs=15909 bytes=803KB conn=1[0m
[32m[I/rtipic.srv] proto: state=3 tx=7891 rx=7892 retrans=2 timeouts=0 dup=1 reorder=0 errors=0 acks=7891[0m
[32m[I/rtipic.srv] stats: msgs=19831 bytes=1002KB conn=1[0m
[32m[I/rtipic.srv] proto: state=3 tx=9837 rx=9838 retrans=2 timeouts=0 dup=1 reorder=0 errors=0 acks=9837[0m
[32m[I/rtipic.srv] stats: msgs=23807 bytes=1203KB conn=1[0m
[32m[I/rtipic.srv] proto: state=3 tx=11810 rx=11811 retrans=2 timeouts=0 dup=1 reorder=0 errors=0 acks=11810[0m
[32m[I/rtipic.srv] stats: msgs=27934 bytes=1411KB conn=1[0m
[32m[I/rtipic.srv] proto: state=3 tx=13859 rx=13860 retrans=2 timeouts=0 dup=1 reorder=0 errors=0 acks=13859[0m
[32m[I/rtipic.srv] client connected[0m
[33m[W/rtipic.srv] client disconnected[0m
[32m[I/rtipic.srv] stats: msgs=31969 bytes=1615KB conn=1[0m
[32m[I/rtipic.srv] proto: state=3 tx=15862 rx=15863 retrans=2 timeouts=0 dup=1 reorder=0 errors=0 acks=15862[0m
[32m[I/rtipic.srv] stats: msgs=35716 bytes=1805KB conn=1[0m
[32m[I/rtipic.srv] proto: state=3 tx=17721 rx=17722 retrans=2 timeouts=0 dup=1 reorder=0 errors=0 acks=17720[0m
[32m[I/rtipic.srv] stats: msgs=39631 bytes=2003KB conn=1[0m
[32m[I/rtipic.srv] proto: state=3 tx=19663 rx=19664 retrans=2 timeouts=0 dup=1 reorder=0 errors=0 acks=19663[0m
[32m[I/rtipic.srv] stats: msgs=43325 bytes=2189KB conn=1[0m
[32m[I/rtipic.srv] proto: state=3 tx=21495 rx=21496 retrans=2 timeouts=0 dup=1 reorder=0 errors=0 acks=21495[0m
[32m[I/rtipic.srv] stats: msgs=47283 bytes=2389KB conn=1[0m
[32m[I/rtipic.srv] proto: state=3 tx=23459 rx=23460 retrans=2 timeouts=0 dup=1 reorder=0 errors=0 acks=23459[0m
[32m[I/rtipic.srv] stats: msgs=50798 bytes=2567KB conn=1[0m
[32m[I/rtipic.srv] proto: state=3 tx=25202 rx=25203 retrans=2 timeouts=0 dup=1 reorder=0 errors=0 acks=25202[0m
[32m[I/rtipic.srv] stats: msgs=54652 bytes=2762KB conn=1[0m
[32m[I/rtipic.srv] proto: state=3 tx=27114 rx=27115 retrans=2 timeouts=0 dup=1 reorder=0 errors=0 acks=27114[0m
[32m[I/rtipic.srv] stats: msgs=58438 bytes=2953KB conn=1[0m
[32m[I/rtipic.srv] proto: state=3 tx=28992 rx=28993 retrans=2 timeouts=0 dup=1 reorder=0 errors=0 acks=28992[0m
[32m[I/rtipic.srv] stats: msgs=62159 bytes=3298KB conn=1[0m
[32m[I/rtipic.srv] proto: state=3 tx=30838 rx=30839 retrans=2 timeouts=0 dup=1 reorder=0 errors=0 acks=30838[0m
[32m[I/rtipic.srv] stats: msgs=66115 bytes=3866KB conn=1[0m
[32m[I/rtipic.srv] proto: state=3 tx=32801 rx=32802 retrans=2 timeouts=0 dup=1 reorder=0 errors=0 acks=32801[0m
[32m[I/rtipic.srv] stats: msgs=69889 bytes=4408KB conn=1[0m
[32m[I/rtipic.srv] proto: state=3 tx=34673 rx=34674 retrans=2 timeouts=0 dup=1 reorder=0 errors=0 acks=34673[0m
[32m[I/rtipic.srv] stats: msgs=73956 bytes=4992KB conn=1[0m
[32m[I/rtipic.srv] proto: state=3 tx=36692 rx=36693 retrans=2 timeouts=0 dup=1 reorder=0 errors=0 acks=36692[0m
[32m[I/rtipic.srv] stats: msgs=77970 bytes=5568KB conn=1[0m
[32m[I/rtipic.srv] proto: state=3 tx=38684 rx=38685 retrans=2 timeouts=0 dup=1 reorder=0 errors=0 acks=38684[0m
[32m[I/rtipic.srv] stats: msgs=81984 bytes=6145KB conn=1[0m
[32m[I/rtipic.srv] proto: state=3 tx=40676 rx=40677 retrans=2 timeouts=0 dup=1 reorder=0 errors=0 acks=40676[0m
[32m[I/rtipic.srv] stats: msgs=85831 bytes=6697KB conn=1[0m
[32m[I/rtipic.srv] proto: state=3 tx=42585 rx=42586 retrans=2 timeouts=0 dup=1 reorder=0 errors=0 acks=42585[0m
[32m[I/rtipic.srv] stats: msgs=89651 bytes=7246KB conn=1[0m
[32m[I/rtipic.srv] proto: state=3 tx=44480 rx=44481 retrans=2 timeouts=0 dup=1 reorder=0 errors=0 acks=44480[0m
[32m[I/rtipic.srv] stats: msgs=93323 bytes=7773KB conn=1[0m
[32m[I/rtipic.srv] proto: state=3 tx=46301 rx=46302 retrans=2 timeouts=0 dup=1 reorder=0 errors=0 acks=46301[0m
[32m[I/rtipic.srv] stats: msgs=97037 bytes=8306KB conn=1[0m
[32m[I/rtipic.srv] proto: state=3 tx=48143 rx=48144 retrans=2 timeouts=0 dup=1 reorder=0 errors=0 acks=48143[0m
[32m[I/rtipic.srv] stats: msgs=100764 bytes=8841KB conn=1[0m
[32m[I/rtipic.srv] proto: state=3 tx=49992 rx=49993 retrans=2 timeouts=0 dup=1 reorder=0 errors=0 acks=49992[0m
[32m[I/rtipic.srv] stats: msgs=104964 bytes=9444KB conn=1[0m
[32m[I/rtipic.srv] proto: state=3 tx=52077 rx=52078 retrans=2 timeouts=0 dup=1 reorder=0 errors=0 acks=52077[0m
[32m[I/rtipic.srv] stats: msgs=109291 bytes=10066KB conn=1[0m
[32m[I/rtipic.srv] proto: state=3 tx=54225 rx=54227 retrans=3 timeouts=0 dup=2 reorder=0 errors=0 acks=54225[0m
[32m[I/rtipic.srv] stats: msgs=113787 bytes=10712KB conn=1[0m
[32m[I/rtipic.srv] proto: state=3 tx=56458 rx=56460 retrans=3 timeouts=0 dup=2 reorder=0 errors=0 acks=56458[0m
RTBENCH metric=stability_jitter run=1 expected=299999 collected=299999 missing=0 p50_ns=9408 p95_ns=254048 p99_ns=315104 p99_9_ns=443808 max_ns=997136 miss_100us=59137 miss_500us=99 miss_1ms=0 mean_ns=52148
RTBENCH metric=callback_exec run=1 expected=299999 collected=299999 missing=0 p50_ns=512 p95_ns=688 p99_ns=960 p99_9_ns=4560 max_ns=164096 miss_100us=57 miss_500us=0 miss_1ms=0 mean_ns=568
RTBENCH_STABILITY_END status=PASS expected=299999 collected=299999 missing=0
RTBENCH_STABILITY_DONE

[Axvisor] attached VM[1] console; use Ctrl+X, then h to return to the shell
not present or invalid.
[    0.292049] NET: Registered PF_NETLINK/PF_ROUTE protocol family
[    0.301796] DMA: preallocated 128 KiB GFP_KERNEL pool for atomic allocations
[    0.303536] DMA: preallocated 128 KiB GFP_KERNEL|GFP_DMA pool for atomic allocations
[    0.304784] DMA: preallocated 128 KiB GFP_KERNEL|GFP_DMA32 pool for atomic allocations
[    0.304949] audit: initializing netlink subsys (disabled)
[    0.312113] audit: type=2000 audit(0.200:1): state=initialized audit_enabled=0 res=1
[    0.313255] thermal_sys: Registered thermal governor 'step_wise'
[    0.313284] thermal_sys: Registered thermal governor 'power_allocator'
[    0.314433] cpuidle: using governor menu
[    0.315666] hw-breakpoint: found 6 breakpoint and 4 watchpoint registers.
[    0.317595] ASID allocator initialised with 65536 entries
[    0.321500] Serial: AMBA PL011 UART driver
[    0.339103] 9000000.pl011: ttyAMA0 at MMIO 0x9000000 (irq = 13, base_baud = 0) is a PL011 rev1
[    0.346439] printk: console [ttyAMA0] enabled
[    0.393720] HugeTLB: registered 1.00 GiB page size, pre-allocated 0 pages
[    0.393760] HugeTLB: 0 KiB vmemmap can be freed for a 1.00 GiB page
[    0.393792] HugeTLB: registered 32.0 MiB page size, pre-allocated 0 pages
[    0.393806] HugeTLB: 0 KiB vmemmap can be freed for a 32.0 MiB page
[    0.393818] HugeTLB: registered 2.00 MiB page size, pre-allocated 0 pages
[    0.393830] HugeTLB: 0 KiB vmemmap can be freed for a 2.00 MiB page
[    0.393842] HugeTLB: registered 64.0 KiB page size, pre-allocated 0 pages
[    0.393853] HugeTLB: 0 KiB vmemmap can be freed for a 64.0 KiB page
[    0.602791] ACPI: Interpreter disabled.
[    0.633974] iommu: Default domain type: Translated
[    0.634026] iommu: DMA domain TLB invalidation policy: strict mode
[    0.671757] SCSI subsystem initialized
[    0.673640] usbcore: registered new interface driver usbfs
[    0.673821] usbcore: registered new interface driver hub
[    0.673907] usbcore: registered new device driver usb
[    0.674534] pps_core: LinuxPPS API ver. 1 registered
[    0.674555] pps_core: Software ver. 5.3.6 - Copyright 2005-2007 Rodolfo Giometti <giometti@linux.it>
[    0.674597] PTP clock support registered
[    0.674740] EDAC MC: Ver: 3.0.0
[    0.675599] scmi_core: SCMI protocol bus registered
[    0.676924] FPGA manager framework
[    0.696651] vgaarb: loaded
[    0.769421] clocksource: Switched to clocksource arch_sys_counter
[    0.801769] VFS: Disk quotas dquot_6.6.0
[    0.801859] VFS: Dquot-cache hash table entries: 512 (order 0, 4096 bytes)
[    0.802964] pnp: PnP ACPI: disabled
[    0.854157] NET: Registered PF_INET protocol family
[    0.854980] IP idents hash table entries: 8192 (order: 4, 65536 bytes, linear)
[    0.857024] tcp_listen_portaddr_hash hash table entries: 256 (order: 0, 4096 bytes, linear)
[    0.857088] Table-perturb hash table entries: 65536 (order: 6, 262144 bytes, linear)
[    0.857136] TCP established hash table entries: 4096 (order: 3, 32768 bytes, linear)
[    0.857269] TCP bind hash table entries: 4096 (order: 5, 131072 bytes, linear)
[    0.857434] TCP: Hash tables configured (established 4096 bind 4096)
[    0.858127] UDP hash table entries: 256 (order: 2, 16384 bytes, linear)
[    0.858269] UDP-Lite hash table entries: 256 (order: 2, 16384 bytes, linear)
[    0.858904] NET: Registered PF_UNIX/PF_LOCAL protocol family
[    0.938331] RPC: Registered named UNIX socket transport module.
[    0.938385] RPC: Registered udp transport module.
[    0.938399] RPC: Registered tcp transport module.
[    0.938411] RPC: Registered tcp-with-tls transport module.
[    0.938423] RPC: Registered tcp NFSv4.1 backchannel transport module.
[    0.938489] PCI: CLS 0 bytes, default 64
[    0.972317] Unpacking initramfs...
[    0.980236] Freeing initrd memory: 2876K
[    0.990808] kvm [1]: HYP mode not available
[    0.994651] Initialise system trusted keyrings
[    0.995594] workingset: timestamp_bits=42 max_order=17 bucket_order=0
[    0.996646] squashfs: version 4.0 (2009/01/31) Phillip Lougher
[    0.997787] NFS: Registering the id_resolver key type
[    0.997993] Key type id_resolver registered
[    0.998016] Key type id_legacy registered
[    0.998204] nfs4filelayout_init: NFSv4 File Layout Driver Registering...
[    0.998253] nfs4flexfilelayout_init: NFSv4 Flexfile Layout Driver Registering...
[    0.999022] 9p: Installing v9fs 9p2000 file system support
[    1.197595] Key type asymmetric registered
[    1.197666] Asymmetric key parser 'x509' registered
[    1.197875] Block layer SCSI generic (bsg) driver version 0.4 loaded (major 244)
[    1.197974] io scheduler mq-deadline registered
[    1.198025] io scheduler kyber registered
[    1.198298] io scheduler bfq registered
[    1.311054] ledtrig-cpu: registered to indicate activity on CPUs
[    1.577394] Serial: 8250/16550 driver, 4 ports, IRQ sharing enabled
[    1.602603] msm_serial: driver initialized
[    1.602846] SuperH (H)SCI(F) driver initialized
[    1.602926] STM32 USART driver initialized
[    1.736729] loop: module loaded
[    1.737988] megasas: 07.734.00.00-rc1
[    1.788948] tun: Universal TUN/TAP device driver, 1.6
[    2.091893] thunder_xcv, ver 1.0
[    2.092000] thunder_bgx, ver 1.0
[    2.092074] nicpf, ver 1.0
[    2.093545] e1000: Intel(R) PRO/1000 Network Driver
[    2.093571] e1000: Copyright (c) 1999-2006 Intel Corporation.
[    2.093651] e1000e: Intel(R) PRO/1000 Network Driver
[    2.093667] e1000e: Copyright(c) 1999 - 2015 Intel Corporation.
[    2.093733] igb: Intel(R) Gigabit Ethernet Network Driver
[    2.093749] igb: Copyright (c) 2007-2014 Intel Corporation.
[    2.093825] igbvf: Intel(R) Gigabit Virtual Function Network Driver
LINUX_SMP_READY configured=2 online=0-1 nproc=2
[    2.093844] igbvf: Copyright (c) 2009 - 2012 Intel Corporation.
[    2.094150] sky2: driver version 1.30
[    2.121176] VFIO - User Level meta-driver version: 0.3
[    2.124289] usbcore: registered new interface driver usb-storage
[    2.127126] i2c_dev: i2c /dev entries driver
[    2.147142] sdhci: Secure Digital Host Controller Interface driver
[    2.147178] sdhci: Copyright(c) Pierre Ossman
[    2.147650] Synopsys Designware Multimedia Card Interface Driver
[    2.148254] sdhci-pltfm: SDHCI platform and OF driver helper
[    2.165842] SMCCC: SOC_ID: ARCH_SOC_ID not implemented, skipping ....
[    2.167420] usbcore: registered new interface driver usbhid
[    2.167446] usbhid: USB HID core driver
[    2.193502] NET: Registered PF_PACKET protocol family
[    2.194225] 9pnet: Installing 9P2000 support
[    2.194405] Key type dns_resolver registered
[    2.303109] registered taskstats version 1
[    2.305054] Loading compiled-in X.509 certificates
[    2.341451] Demotion targets for Node 0: null
[    2.344511] clk: Disabling unused clocks
[    2.344646] PM: genpd: Disabling unused power domains
[    2.725566] Freeing unused kernel memory: 11648K
[    2.817196] Run /init as init process
Linux network guest ready: 192.168.77.11/24
PING 192.168.77.30 (192.168.77.30): 56 data bytes
64 bytes from 192.168.77.30: seq=0 ttl=255 time=13.528 ms

--- 192.168.77.30 ping statistics ---
1 packets transmitted, 1 packets received, 0% packet loss
round-trip min/avg/max = 13.528/13.528/13.528 ms
Linux reached RT-Thread at 192.168.77.30
Starting RT-IPC benchmark...
=== RT-IPC Benchmark Client ===
Target: 192.168.77.30:9876, count=30000 per size

[client] fault profile: none
[   10.290725] random: crng init done
[client] connecting...
[client] connected!

--- Payload 64B ---
[progress] size=64 idx=963 sent=964 recv=964 state=3 tx=964 rx=964 retrans=0 timeouts=0 dup=0 reorder=0 errors=0 acks=964 stall=1ms
[progress] size=64 idx=1841 sent=1842 recv=1842 state=3 tx=1842 rx=1843 retrans=0 timeouts=0 dup=1 reorder=0 errors=0 acks=1842 stall=0ms
[progress] size=64 idx=2660 sent=2661 recv=2661 state=3 tx=2661 rx=2663 retrans=1 timeouts=0 dup=2 reorder=0 errors=0 acks=2661 stall=0ms
[progress] size=64 idx=3631 sent=3632 recv=3631 state=3 tx=3632 rx=3633 retrans=1 timeouts=0 dup=2 reorder=0 errors=0 acks=3632 stall=3ms
[progress] size=64 idx=4615 sent=4616 recv=4616 state=3 tx=4616 rx=4618 retrans=1 timeouts=0 dup=2 reorder=0 errors=0 acks=4616 stall=0ms
[progress] size=64 idx=5592 sent=5593 recv=5593 state=3 tx=5593 rx=5595 retrans=1 timeouts=0 dup=2 reorder=0 errors=0 acks=5593 stall=0ms
[progress] size=64 idx=6568 sent=6569 recv=6568 state=3 tx=6569 rx=6570 retrans=1 timeouts=0 dup=2 reorder=0 errors=0 acks=6569 stall=4ms
[progress] size=64 idx=7558 sent=7559 recv=7559 state=3 tx=7559 rx=7561 retrans=1 timeouts=0 dup=2 reorder=0 errors=0 acks=7559 stall=0ms
[progress] size=64 idx=8500 sent=8501 recv=8501 state=3 tx=8501 rx=8503 retrans=1 timeouts=0 dup=2 reorder=0 errors=0 acks=8501 stall=0ms
[progress] size=64 idx=9490 sent=9491 recv=9491 state=3 tx=9491 rx=9493 retrans=1 timeouts=0 dup=2 reorder=0 errors=0 acks=9491 stall=0ms
[progress] size=64 idx=10475 sent=10476 recv=10476 state=3 tx=10476 rx=10478 retrans=1 timeouts=0 dup=2 reorder=0 errors=0 acks=10476 stall=0ms
[progress] size=64 idx=11495 sent=11496 recv=11496 state=3 tx=11496 rx=11498 retrans=1 timeouts=0 dup=2 reorder=0 errors=0 acks=11496 stall=0ms
[progress] size=64 idx=12477 sent=12478 recv=12477 state=3 tx=12478 rx=12479 retrans=1 timeouts=0 dup=2 reorder=0 errors=0 acks=12478 stall=2ms
[progress] size=64 idx=13519 sent=13520 recv=13520 state=3 tx=13520 rx=13522 retrans=1 timeouts=0 dup=2 reorder=0 errors=0 acks=13520 stall=0ms
[progress] size=64 idx=14576 sent=14577 recv=14577 state=3 tx=14577 rx=14579 retrans=1 timeouts=0 dup=2 reorder=0 errors=0 acks=14577 stall=0ms
[client] fault injection: force disconnect at request=15000
[client] reconnect complete recovery_ms=211 attempts=1
[progress] size=64 idx=15564 sent=15565 recv=15564 state=3 tx=15565 rx=15566 retrans=1 timeouts=0 dup=2 reorder=0 errors=0 acks=15565 stall=2ms
[progress] size=64 idx=16465 sent=16466 recv=16466 state=3 tx=16466 rx=16468 retrans=1 timeouts=0 dup=2 reorder=0 errors=0 acks=16466 stall=0ms
[progress] size=64 idx=17423 sent=17424 recv=17423 state=3 tx=17424 rx=17425 retrans=1 timeouts=0 dup=2 reorder=0 errors=0 acks=17424 stall=9ms
[progress] size=64 idx=18371 sent=18372 recv=18371 state=3 tx=18372 rx=18373 retrans=1 timeouts=0 dup=2 reorder=0 errors=0 acks=18372 stall=2ms
[progress] size=64 idx=19343 sent=19344 recv=19343 state=3 tx=19344 rx=19345 retrans=1 timeouts=0 dup=2 reorder=0 errors=0 acks=19344 stall=2ms
[progress] size=64 idx=20312 sent=20313 recv=20312 state=3 tx=20313 rx=20314 retrans=1 timeouts=0 dup=2 reorder=0 errors=0 acks=20313 stall=3ms
[progress] size=64 idx=21251 sent=21252 recv=21251 state=3 tx=21252 rx=21253 retrans=1 timeouts=0 dup=2 reorder=0 errors=0 acks=21252 stall=2ms
[progress] size=64 idx=22149 sent=22150 recv=22149 state=3 tx=22150 rx=22151 retrans=1 timeouts=0 dup=2 reorder=0 errors=0 acks=22150 stall=4ms
[progress] size=64 idx=23163 sent=23164 recv=23163 state=3 tx=23164 rx=23165 retrans=1 timeouts=0 dup=2 reorder=0 errors=0 acks=23164 stall=2ms
[progress] size=64 idx=24058 sent=24059 recv=24058 state=3 tx=24059 rx=24060 retrans=1 timeouts=0 dup=2 reorder=0 errors=0 acks=24059 stall=1ms
[progress] size=64 idx=24870 sent=24871 recv=24871 state=3 tx=24871 rx=24873 retrans=1 timeouts=0 dup=2 reorder=0 errors=0 acks=24871 stall=0ms
[progress] size=64 idx=25823 sent=25824 recv=25824 state=3 tx=25824 rx=25826 retrans=1 timeouts=0 dup=2 reorder=0 errors=0 acks=25824 stall=0ms
[progress] size=64 idx=26830 sent=26831 recv=26830 state=3 tx=26831 rx=26832 retrans=1 timeouts=0 dup=2 reorder=0 errors=0 acks=26831 stall=3ms
[progress] size=64 idx=27774 sent=27775 recv=27774 state=3 tx=27775 rx=27776 retrans=1 timeouts=0 dup=2 reorder=0 errors=0 acks=27775 stall=2ms
[progress] size=64 idx=28680 sent=28681 recv=28681 state=3 tx=28681 rx=28683 retrans=1 timeouts=0 dup=2 reorder=0 errors=0 acks=28681 stall=0ms
[progress] size=64 idx=29596 sent=29597 recv=29596 state=3 tx=29597 rx=29598 retrans=1 timeouts=0 dup=2 reorder=0 errors=0 acks=29597 stall=2ms
  sent=30000  recv=30000  loss=0%
  RTT: min=1ms avg=5ms max=809ms P50=3ms P95=23ms P99=24ms P99.9=34ms
  throughput=11.93KiB/s
  request_timeouts=0 protocol_errors=0 reconnects=1
  transport: retrans=1 timeouts=0 dup=2 reorder=0 errors=0

--- Payload 256B ---
[progress] size=256 idx=945 sent=946 recv=946 state=3 tx=30946 rx=30948 retrans=1 timeouts=0 dup=2 reorder=0 errors=0 acks=30946 stall=0ms
[progress] size=256 idx=1915 sent=1916 recv=1915 state=3 tx=31916 rx=31917 retrans=1 timeouts=0 dup=2 reorder=0 errors=0 acks=31916 stall=2ms
[progress] size=256 idx=2892 sent=2893 recv=2892 state=3 tx=32893 rx=32894 retrans=1 timeouts=0 dup=2 reorder=0 errors=0 acks=32893 stall=3ms
[progress] size=256 idx=3823 sent=3824 recv=3824 state=3 tx=33824 rx=33826 retrans=1 timeouts=0 dup=2 reorder=0 errors=0 acks=33824 stall=0ms
[progress] size=256 idx=4784 sent=4785 recv=4785 state=3 tx=34785 rx=34787 retrans=1 timeouts=0 dup=2 reorder=0 errors=0 acks=34785 stall=0ms
[progress] size=256 idx=5844 sent=5845 recv=5845 state=3 tx=35845 rx=35847 retrans=1 timeouts=0 dup=2 reorder=0 errors=0 acks=35845 stall=0ms
[progress] size=256 idx=6806 sent=6807 recv=6807 state=3 tx=36807 rx=36809 retrans=1 timeouts=0 dup=2 reorder=0 errors=0 acks=36807 stall=0ms
[progress] size=256 idx=7746 sent=7747 recv=7747 state=3 tx=37747 rx=37749 retrans=1 timeouts=0 dup=2 reorder=0 errors=0 acks=37747 stall=0ms
[progress] size=256 idx=8798 sent=8799 recv=8799 state=3 tx=38799 rx=38801 retrans=1 timeouts=0 dup=2 reorder=0 errors=0 acks=38799 stall=0ms
[progress] size=256 idx=9750 sent=9751 recv=9751 state=3 tx=39751 rx=39753 retrans=1 timeouts=0 dup=2 reorder=0 errors=0 acks=39751 stall=0ms
[progress] size=256 idx=10765 sent=10766 recv=10766 state=3 tx=40766 rx=40768 retrans=1 timeouts=0 dup=2 reorder=0 errors=0 acks=40766 stall=0ms
[progress] size=256 idx=11704 sent=11705 recv=11704 state=3 tx=41705 rx=41706 retrans=1 timeouts=0 dup=2 reorder=0 errors=0 acks=41705 stall=2ms
[progress] size=256 idx=12681 sent=12682 recv=12681 state=3 tx=42682 rx=42683 retrans=1 timeouts=0 dup=2 reorder=0 errors=0 acks=42682 stall=3ms
[progress] size=256 idx=13579 sent=13580 recv=13580 state=3 tx=43580 rx=43582 retrans=1 timeouts=0 dup=2 reorder=0 errors=0 acks=43580 stall=0ms
[progress] size=256 idx=14579 sent=14580 recv=14579 state=3 tx=44580 rx=44581 retrans=1 timeouts=0 dup=2 reorder=0 errors=0 acks=44580 stall=3ms
[progress] size=256 idx=15533 sent=15534 recv=15534 state=3 tx=45534 rx=45536 retrans=1 timeouts=0 dup=2 reorder=0 errors=0 acks=45534 stall=0ms
[progress] size=256 idx=16398 sent=16399 recv=16399 state=3 tx=46399 rx=46401 retrans=1 timeouts=0 dup=2 reorder=0 errors=0 acks=46399 stall=0ms
[progress] size=256 idx=17301 sent=17302 recv=17302 state=3 tx=47302 rx=47304 retrans=1 timeouts=0 dup=2 reorder=0 errors=0 acks=47302 stall=0ms
[progress] size=256 idx=18243 sent=18244 recv=18243 state=3 tx=48244 rx=48245 retrans=1 timeouts=0 dup=2 reorder=0 errors=0 acks=48244 stall=2ms
[progress] size=256 idx=19165 sent=19166 recv=19166 state=3 tx=49166 rx=49168 retrans=1 timeouts=0 dup=2 reorder=0 errors=0 acks=49166 stall=0ms
[progress] size=256 idx=20097 sent=20098 recv=20098 state=3 tx=50098 rx=50100 retrans=1 timeouts=0 dup=2 reorder=0 errors=0 acks=50098 stall=0ms
[progress] size=256 idx=21075 sent=21076 recv=21076 state=3 tx=51076 rx=51078 retrans=1 timeouts=0 dup=2 reorder=0 errors=0 acks=51076 stall=0ms
[progress] size=256 idx=22211 sent=22212 recv=22212 state=3 tx=52212 rx=52214 retrans=1 timeouts=0 dup=2 reorder=0 errors=0 acks=52212 stall=0ms
[progress] size=256 idx=23359 sent=23360 recv=23360 state=3 tx=53360 rx=53362 retrans=1 timeouts=0 dup=2 reorder=0 errors=0 acks=53360 stall=0ms
[progress] size=256 idx=24348 sent=24349 recv=24349 state=3 tx=54349 rx=54352 retrans=2 timeouts=0 dup=3 reorder=0 errors=0 acks=54349 stall=0ms
[progress] size=256 idx=25460 sent=25461 recv=25460 state=3 tx=55461 rx=55463 retrans=2 timeouts=0 dup=3 reorder=0 errors=0 acks=55461 stall=3ms
[progress] size=256 idx=26489 sent=26490 recv=26489 state=3 tx=56490 rx=56492 retrans=2 timeouts=0 dup=3 reorder=0 errors=0 acks=56489 stall=433ms
[progress] size=256 idx=27246 sent=27247 recv=27247 state=3 tx=57247 rx=57250 retrans=5 timeouts=0 dup=3 reorder=0 errors=0 acks=57247 stall=0ms
[progress] size=256 idx=28035 sent=28036 recv=28036 state=3 tx=58036 rx=58040 retrans=6 timeouts=0 dup=4 reorder=0 errors=0 acks=58036 stall=0ms
[progress] size=256 idx=29057 sent=29058 recv=29058 state=3 tx=59058 rx=59062 retrans=6 timeouts=0 dup=4 reorder=0 errors=0 acks=59058 stall=0ms
  sent=30000  recv=30000  loss=0%
  RTT: min=1ms avg=4ms max=1620ms P50=3ms P95=23ms P99=24ms P99.9=29ms
  throughput=48.42KiB/s
  request_timeouts=0 protocol_errors=0 reconnects=0
  transport: retrans=5 timeouts=0 dup=2 reorder=0 errors=0

--- Payload 1024B ---
[progress] size=1024 idx=1161 sent=1162 recv=1162 state=3 tx=61162 rx=61166 retrans=6 timeouts=0 dup=4 reorder=0 errors=0 acks=61162 stall=0ms
[progress] size=1024 idx=2289 sent=2290 recv=2289 state=3 tx=62290 rx=62293 retrans=6 timeouts=0 dup=4 reorder=0 errors=0 acks=62290 stall=2ms
[progress] size=1024 idx=3520 sent=3521 recv=3521 state=3 tx=63521 rx=63525 retrans=6 timeouts=0 dup=4 reorder=0 errors=0 acks=63521 stall=0ms
[progress] size=1024 idx=4664 sent=4665 recv=4665 state=3 tx=64665 rx=64669 retrans=6 timeouts=0 dup=4 reorder=0 errors=0 acks=64665 stall=0ms
[progress] size=1024 idx=5892 sent=5893 recv=5893 state=3 tx=65893 rx=65897 retrans=6 timeouts=0 dup=4 reorder=0 errors=0 acks=65893 stall=0ms
[progress] size=1024 idx=6960 sent=6961 recv=6961 state=3 tx=66961 rx=66965 retrans=6 timeouts=0 dup=4 reorder=0 errors=0 acks=66961 stall=0ms
[progress] size=1024 idx=8081 sent=8082 recv=8081 state=3 tx=68082 rx=68085 retrans=6 timeouts=0 dup=4 reorder=0 errors=0 acks=68082 stall=2ms
[progress] size=1024 idx=9165 sent=9166 recv=9166 state=3 tx=69166 rx=69170 retrans=6 timeouts=0 dup=4 reorder=0 errors=0 acks=69166 stall=0ms
[progress] size=1024 idx=10263 sent=10264 recv=10264 state=3 tx=70264 rx=70268 retrans=6 timeouts=0 dup=4 reorder=0 errors=0 acks=70264 stall=0ms
[progress] size=1024 idx=11460 sent=11461 recv=11460 state=3 tx=71461 rx=71464 retrans=6 timeouts=0 dup=4 reorder=0 errors=0 acks=71461 stall=1ms
[progress] size=1024 idx=12710 sent=12711 recv=12711 state=3 tx=72711 rx=72715 retrans=6 timeouts=0 dup=4 reorder=0 errors=0 acks=72711 stall=0ms
[progress] size=1024 idx=13939 sent=13940 recv=13939 state=3 tx=73940 rx=73943 retrans=6 timeouts=0 dup=4 reorder=0 errors=0 acks=73940 stall=3ms
[progress] size=1024 idx=15150 sent=15151 recv=15151 state=3 tx=75151 rx=75155 retrans=6 timeouts=0 dup=4 reorder=0 errors=0 acks=75151 stall=0ms
[progress] size=1024 idx=16294 sent=16295 recv=16295 state=3 tx=76295 rx=76299 retrans=6 timeouts=0 dup=4 reorder=0 errors=0 acks=76295 stall=0ms
[progress] size=1024 idx=17450 sent=17451 recv=17450 state=3 tx=77451 rx=77454 retrans=6 timeouts=0 dup=4 reorder=0 errors=0 acks=77451 stall=3ms
[progress] size=1024 idx=18615 sent=18616 recv=18615 state=3 tx=78616 rx=78619 retrans=6 timeouts=0 dup=4 reorder=0 errors=0 acks=78616 stall=2ms
[progress] size=1024 idx=19897 sent=19898 recv=19897 state=3 tx=79898 rx=79901 retrans=6 timeouts=0 dup=4 reorder=0 errors=0 acks=79898 stall=1ms
[progress] size=1024 idx=21100 sent=21101 recv=21101 state=3 tx=81101 rx=81105 retrans=6 timeouts=0 dup=4 reorder=0 errors=0 acks=81101 stall=0ms
[progress] size=1024 idx=22242 sent=22243 recv=22242 state=3 tx=82243 rx=82246 retrans=6 timeouts=0 dup=4 reorder=0 errors=0 acks=82243 stall=2ms
[progress] size=1024 idx=23280 sent=23281 recv=23280 state=3 tx=83281 rx=83284 retrans=6 timeouts=0 dup=4 reorder=0 errors=0 acks=83281 stall=2ms
[progress] size=1024 idx=24462 sent=24463 recv=24463 state=3 tx=84463 rx=84467 retrans=6 timeouts=0 dup=4 reorder=0 errors=0 acks=84463 stall=0ms
[progress] size=1024 idx=25652 sent=25653 recv=25652 state=3 tx=85653 rx=85656 retrans=6 timeouts=0 dup=4 reorder=0 errors=0 acks=85653 stall=3ms
[progress] size=1024 idx=26900 sent=26901 recv=26900 state=3 tx=86901 rx=86904 retrans=6 timeouts=0 dup=4 reorder=0 errors=0 acks=86901 stall=2ms
[progress] size=1024 idx=28065 sent=28066 recv=28066 state=3 tx=88066 rx=88070 retrans=6 timeouts=0 dup=4 reorder=0 errors=0 acks=88066 stall=0ms
[progress] size=1024 idx=29284 sent=29285 recv=29285 state=3 tx=89285 rx=89289 retrans=6 timeouts=0 dup=4 reorder=0 errors=0 acks=89285 stall=0ms
  sent=30000  recv=30000  loss=0%
  RTT: min=1ms avg=4ms max=462ms P50=3ms P95=23ms P99=23ms P99.9=27ms
  throughput=234.16KiB/s
  request_timeouts=0 protocol_errors=0 reconnects=0
  transport: retrans=0 timeouts=0 dup=0 reorder=0 errors=0

========================================
ALL TESTS COMPLETE
========================================
RT-IPC client exited with rc=0
sh: can't access tty; job control turned off
~ # 