Booting Linux on physical CPU 0x0000000000 [0x410fd083]
Linux version 6.12.21 (yfblock@9950x) (aarch64-linux-gnu-gcc (Ubuntu 13.3.0-6ubuntu2~24.04.1) 13.3.0, GNU ld (GNU Binutils for Ubuntu) 2.42) #1 SMP PREEMPT Thu Aug 20 14:10:48 CST 2026
Machine model: linux,dummy-virt
efi: UEFI not found.
OF: reserved mem: Reserved memory: No reserved-memory node in the DT
Zone ranges:
  DMA      [mem 0x0000000080000000-0x000000009fffffff]
  DMA32    empty
  Normal   empty
Movable zone start for each node
Early memory node ranges
  node   0: [mem 0x0000000080000000-0x000000009fffffff]
Initmem setup node 0 [mem 0x0000000080000000-0x000000009fffffff]
psci: probing for conduit method from DT.
psci: PSCIv1.1 detected in firmware.
psci: Using standard PSCI v0.2 function IDs
psci: Trusted OS migration not required
psci: SMC Calling Convention v65535.65535
percpu: Embedded 14 pages/cpu s28248 r0 d29096 u57344
Detected PIPT I-cache on CPU0
CPU features: detected: GIC system register CPU interface
CPU features: detected: Spectre-v2
CPU features: detected: Spectre-v4
CPU features: detected: Spectre-BHB
CPU features: detected: ARM errata 1165522, 1319367, or 1530923
alternatives: applying boot alternatives
Kernel command line: console=ttyAMA0 task2.count=30000 task2.fault=none task3.frames=3 task3.fault=normal rtbench.net.count=10
Dentry cache hash table entries: 65536 (order: 7, 524288 bytes, linear)
Inode-cache hash table entries: 32768 (order: 6, 262144 bytes, linear)
Built 1 zonelists, mobility grouping on.  Total pages: 131072
mem auto-init: stack:all(zero), heap alloc:off, heap free:off
software IO TLB: SWIOTLB bounce buffer size adjusted to 0MB
software IO TLB: area num 2.
software IO TLB: mapped [mem 0x000000009f580000-0x000000009f600000] (0MB)
SLUB: HWalign=64, Order=0-3, MinObjects=0, CPUs=2, Nodes=1
rcu: Preemptible hierarchical RCU implementation.
rcu: RCU calculated value of scheduler-enlistment delay is 10 jiffies.
NR_IRQS: 64, nr_irqs: 64, preallocated irqs: 0
GICv3: 256 SPIs implemented
GICv3: 0 Extended SPIs implemented
Root IRQ handler: gic_handle_irq
GICv3: GICv3 features: 16 PPIs, RSS
GICv3: GICD_CTRL.DS=0, SCR_EL3.FIQ=0
GICv3: CPU0: found redistributor 0 region 0:0x00000000080a0000
ITS [mem 0x08080000-0x0809ffff]
ITS@0x0000000008080000: allocated 8192 Devices @80c40000 (indirect, esz 8, psz 64K, shr 1)
ITS@0x0000000008080000: allocated 8192 Interrupt Collections @80c50000 (flat, esz 8, psz 64K, shr 1)
GICv3: using LPI property table @0x0000000080c60000
GICv3: CPU0: using allocated LPI pending table @0x0000000080c70000
rcu: srcu_init: Setting srcu_struct sizes based on contention.
arch_timer: cp15 timer(s) running at 62.50MHz (virt).
clocksource: arch_sys_counter: mask: 0x1ffffffffffffff max_cycles: 0x1cd42e208c, max_idle_ns: 881590405314 ns
sched_clock: 57 bits at 63MHz, resolution 16ns, wraps every 4398046511096ns
Console: colour dummy device 80x25
Calibrating delay loop (skipped), value calculated using timer frequency.. 125.00 BogoMIPS (lpj=625000)
pid_max: default: 32768 minimum: 301
Mount-cache hash table entries: 1024 (order: 1, 8192 bytes, linear)
Mountpoint-cache hash table entries: 1024 (order: 1, 8192 bytes, linear)
/cpus/cpu-map/socket0/cluster0/core2: Can't get CPU for leaf core
cacheinfo: Unable to detect cache hierarchy for CPU 0
rcu: Hierarchical SRCU implementation.
rcu: 	Max phase no-delay instances is 1000.
EFI services will not be available.
smp: Bringing up secondary CPUs ...
Detected PIPT I-cache on CPU1
GICv3: CPU1: found redistributor 1 region 0:0x00000000080c0000
GICv3: CPU1: using allocated LPI pending table @0x0000000080c80000
CPU1: Booted secondary processor 0x0000000001 [0x410fd083]
smp: Brought up 1 node, 2 CPUs
SMP: Total of 2 processors activated.
CPU: All CPU(s) started at EL1
CPU features: detected: 32-bit EL0 Support
CPU features: detected: CRC32 instructions
alternatives: applying system-wide alternatives
Memory: 497472K/524288K available (4864K kernel code, 700K rwdata, 936K rodata, 1152K init, 345K bss, 24608K reserved, 0K cma-reserved)
devtmpfs: initialized
clocksource: jiffies: mask: 0xffffffff max_cycles: 0xffffffff, max_idle_ns: 19112604462750000 ns
futex hash table entries: 512 (order: 3, 32768 bytes, linear)
DMI not present or invalid.
NET: Registered PF_NETLINK/PF_ROUTE protocol family
DMA: preallocated 128 KiB GFP_KERNEL pool for atomic allocations
DMA: preallocated 128 KiB GFP_KERNEL|GFP_DMA pool for atomic allocations
DMA: preallocated 128 KiB GFP_KERNEL|GFP_DMA32 pool for atomic allocations
ASID allocator initialised with 65536 entries
Serial: AMBA PL011 UART driver
9000000.pl011: ttyAMA0 at MMIO 0x9000000 (irq = 13, base_baud = 0) is a PL011 rev1
printk: legacy console [ttyAMA0] enabled
iommu: Default domain type: Translated
iommu: DMA domain TLB invalidation policy: strict mode
pps_core: LinuxPPS API ver. 1 registered
pps_core: Software ver. 5.3.6 - Copyright 2005-2007 Rodolfo Giometti <giometti@linux.it>
PTP clock support registered
clocksource: Switched to clocksource arch_sys_counter
NET: Registered PF_INET protocol family
IP idents hash table entries: 8192 (order: 4, 65536 bytes, linear)
tcp_listen_portaddr_hash hash table entries: 256 (order: 0, 4096 bytes, linear)
Table-perturb hash table entries: 65536 (order: 6, 262144 bytes, linear)
TCP established hash table entries: 4096 (order: 3, 32768 bytes, linear)
TCP bind hash table entries: 4096 (order: 5, 131072 bytes, linear)
TCP: Hash tables configured (established 4096 bind 4096)
UDP hash table entries: 256 (order: 1, 8192 bytes, linear)
UDP-Lite hash table entries: 256 (order: 1, 8192 bytes, linear)
NET: Registered PF_UNIX/PF_LOCAL protocol family
workingset: timestamp_bits=62 max_order=17 bucket_order=0
Unpacking initramfs...
io scheduler mq-deadline registered
io scheduler kyber registered
SMCCC: SOC_ID: ARCH_SOC_ID not implemented, skipping ....
NET: Registered PF_INET6 protocol family
Freeing initrd memory: 5692K
Segment Routing with IPv6
In-situ OAM (IOAM) with IPv6
sit: IPv6, IPv4 and MPLS over IPv4 tunneling driver
NET: Registered PF_PACKET protocol family
clk: Disabling unused clocks
Freeing unused kernel memory: 1152K
Run /init as init process
LINUX_SMP_READY configured=2 online=0-1 nproc=2
TASK123_LINUX_NET_READY ip=192.168.77.11 peer=192.168.77.30
TASK3_LINUX_NET_PROBE_READY count=10
TASK2_LINUX_BEGIN port=9876
RTBENCH_NET_PROBE_READY listen=9879 count=10
=== RT-IPC Benchmark Client ===
Target: 192.168.77.30:9876, count=30000 per size

[client] fault profile: none
RTBENCH_NET_PROBE_TRIGGERED count=10
RTBENCH_NET_PROBE_END sent=10 retries=0
random: crng init done
[client] connecting...
[client] connected!

--- Payload 64B ---
[progress] size=64 idx=1978 sent=1979 recv=1979 state=3 tx=1979 rx=1979 retrans=0 timeouts=0 dup=0 reorder=0 errors=0 acks=1979 stall=0ms
[progress] size=64 idx=3907 sent=3908 recv=3907 state=3 tx=3908 rx=3907 retrans=0 timeouts=0 dup=0 reorder=0 errors=0 acks=3908 stall=2ms
[progress] size=64 idx=5886 sent=5887 recv=5886 state=3 tx=5887 rx=5886 retrans=0 timeouts=0 dup=0 reorder=0 errors=0 acks=5887 stall=2ms
[progress] size=64 idx=7913 sent=7914 recv=7913 state=3 tx=7914 rx=7913 retrans=0 timeouts=0 dup=0 reorder=0 errors=0 acks=7914 stall=2ms
[progress] size=64 idx=9895 sent=9896 recv=9895 state=3 tx=9896 rx=9895 retrans=0 timeouts=0 dup=0 reorder=0 errors=0 acks=9896 stall=2ms
[progress] size=64 idx=11914 sent=11915 recv=11915 state=3 tx=11915 rx=11915 retrans=0 timeouts=0 dup=0 reorder=0 errors=0 acks=11915 stall=0ms
[progress] size=64 idx=13850 sent=13851 recv=13851 state=3 tx=13851 rx=13851 retrans=0 timeouts=0 dup=0 reorder=0 errors=0 acks=13851 stall=0ms
[client] fault injection: force disconnect at request=15000
[client] reconnect complete recovery_ms=202 attempts=1
[progress] size=64 idx=15749 sent=15750 recv=15750 state=3 tx=15750 rx=15750 retrans=0 timeouts=0 dup=0 reorder=0 errors=0 acks=15750 stall=0ms
[progress] size=64 idx=17690 sent=17691 recv=17690 state=3 tx=17691 rx=17690 retrans=0 timeouts=0 dup=0 reorder=0 errors=0 acks=17691 stall=2ms
[progress] size=64 idx=19694 sent=19695 recv=19694 state=3 tx=19695 rx=19694 retrans=0 timeouts=0 dup=0 reorder=0 errors=0 acks=19695 stall=3ms
[progress] size=64 idx=21737 sent=21738 recv=21737 state=3 tx=21738 rx=21737 retrans=0 timeouts=0 dup=0 reorder=0 errors=0 acks=21738 stall=2ms
[progress] size=64 idx=23792 sent=23793 recv=23793 state=3 tx=23793 rx=23793 retrans=0 timeouts=0 dup=0 reorder=0 errors=0 acks=23793 stall=0ms
[progress] size=64 idx=25836 sent=25837 recv=25837 state=3 tx=25837 rx=25837 retrans=0 timeouts=0 dup=0 reorder=0 errors=0 acks=25837 stall=0ms
[progress] size=64 idx=27778 sent=27779 recv=27778 state=3 tx=27779 rx=27778 retrans=0 timeouts=0 dup=0 reorder=0 errors=0 acks=27779 stall=2ms
[progress] size=64 idx=29828 sent=29829 recv=29828 state=3 tx=29829 rx=29828 retrans=0 timeouts=0 dup=0 reorder=0 errors=0 acks=29829 stall=2ms
  sent=30000  recv=30000  loss=0%
  RTT: min=0ms avg=2ms max=41ms P50=2ms P95=3ms P99=5ms P99.9=10ms
  throughput=24.85KiB/s
  request_timeouts=0 protocol_errors=0 reconnects=1
  transport: retrans=0 timeouts=0 dup=0 reorder=0 errors=0

--- Payload 256B ---
[progress] size=256 idx=1984 sent=1985 recv=1984 state=3 tx=31985 rx=31984 retrans=0 timeouts=0 dup=0 reorder=0 errors=0 acks=31985 stall=2ms
[progress] size=256 idx=3980 sent=3981 recv=3980 state=3 tx=33981 rx=33980 retrans=0 timeouts=0 dup=0 reorder=0 errors=0 acks=33981 stall=2ms
[progress] size=256 idx=6040 sent=6041 recv=6040 state=3 tx=36041 rx=36040 retrans=0 timeouts=0 dup=0 reorder=0 errors=0 acks=36041 stall=2ms
[progress] size=256 idx=8013 sent=8014 recv=8014 state=3 tx=38014 rx=38014 retrans=0 timeouts=0 dup=0 reorder=0 errors=0 acks=38014 stall=0ms
[progress] size=256 idx=9991 sent=9992 recv=9992 state=3 tx=39992 rx=39992 retrans=0 timeouts=0 dup=0 reorder=0 errors=0 acks=39992 stall=0ms
[progress] size=256 idx=12011 sent=12012 recv=12011 state=3 tx=42012 rx=42011 retrans=0 timeouts=0 dup=0 reorder=0 errors=0 acks=42012 stall=2ms
[progress] size=256 idx=14013 sent=14014 recv=14013 state=3 tx=44014 rx=44013 retrans=0 timeouts=0 dup=0 reorder=0 errors=0 acks=44014 stall=1ms
[progress] size=256 idx=16023 sent=16024 recv=16023 state=3 tx=46024 rx=46023 retrans=0 timeouts=0 dup=0 reorder=0 errors=0 acks=46024 stall=2ms
[progress] size=256 idx=18038 sent=18039 recv=18039 state=3 tx=48039 rx=48039 retrans=0 timeouts=0 dup=0 reorder=0 errors=0 acks=48039 stall=0ms
[progress] size=256 idx=20024 sent=20025 recv=20025 state=3 tx=50025 rx=50025 retrans=0 timeouts=0 dup=0 reorder=0 errors=0 acks=50025 stall=0ms
[progress] size=256 idx=22035 sent=22036 recv=22035 state=3 tx=52036 rx=52035 retrans=0 timeouts=0 dup=0 reorder=0 errors=0 acks=52036 stall=2ms
[progress] size=256 idx=24087 sent=24088 recv=24087 state=3 tx=54088 rx=54087 retrans=0 timeouts=0 dup=0 reorder=0 errors=0 acks=54088 stall=3ms
[progress] size=256 idx=26079 sent=26080 recv=26079 state=3 tx=56080 rx=56079 retrans=0 timeouts=0 dup=0 reorder=0 errors=0 acks=56080 stall=2ms
[progress] size=256 idx=28042 sent=28043 recv=28042 state=3 tx=58043 rx=58042 retrans=0 timeouts=0 dup=0 reorder=0 errors=0 acks=58043 stall=2ms
  sent=30000  recv=30000  loss=0%
  RTT: min=0ms avg=2ms max=47ms P50=2ms P95=3ms P99=4ms P99.9=10ms
  throughput=100.31KiB/s
  request_timeouts=0 protocol_errors=0 reconnects=0
  transport: retrans=0 timeouts=0 dup=0 reorder=0 errors=0

--- Payload 1024B ---
[progress] size=1024 idx=2042 sent=2043 recv=2042 state=3 tx=62043 rx=62042 retrans=0 timeouts=0 dup=0 reorder=0 errors=0 acks=62043 stall=2ms
[progress] size=1024 idx=4065 sent=4066 recv=4065 state=3 tx=64066 rx=64065 retrans=0 timeouts=0 dup=0 reorder=0 errors=0 acks=64066 stall=2ms
[progress] size=1024 idx=6093 sent=6094 recv=6093 state=3 tx=66094 rx=66093 retrans=0 timeouts=0 dup=0 reorder=0 errors=0 acks=66094 stall=2ms
[progress] size=1024 idx=8133 sent=8134 recv=8133 state=3 tx=68134 rx=68133 retrans=0 timeouts=0 dup=0 reorder=0 errors=0 acks=68134 stall=2ms
[progress] size=1024 idx=10182 sent=10183 recv=10182 state=3 tx=70183 rx=70182 retrans=0 timeouts=0 dup=0 reorder=0 errors=0 acks=70183 stall=2ms
[progress] size=1024 idx=12205 sent=12206 recv=12205 state=3 tx=72206 rx=72205 retrans=0 timeouts=0 dup=0 reorder=0 errors=0 acks=72206 stall=2ms
[progress] size=1024 idx=14228 sent=14229 recv=14228 state=3 tx=74229 rx=74228 retrans=0 timeouts=0 dup=0 reorder=0 errors=0 acks=74229 stall=2ms
[progress] size=1024 idx=16254 sent=16255 recv=16254 state=3 tx=76255 rx=76254 retrans=0 timeouts=0 dup=0 reorder=0 errors=0 acks=76255 stall=2ms
[progress] size=1024 idx=18291 sent=18292 recv=18292 state=3 tx=78292 rx=78292 retrans=0 timeouts=0 dup=0 reorder=0 errors=0 acks=78292 stall=0ms
[progress] size=1024 idx=20327 sent=20328 recv=20327 state=3 tx=80328 rx=80327 retrans=0 timeouts=0 dup=0 reorder=0 errors=0 acks=80328 stall=3ms
[progress] size=1024 idx=22336 sent=22337 recv=22336 state=3 tx=82337 rx=82336 retrans=0 timeouts=0 dup=0 reorder=0 errors=0 acks=82337 stall=2ms
[progress] size=1024 idx=24296 sent=24297 recv=24296 state=3 tx=84297 rx=84296 retrans=0 timeouts=0 dup=0 reorder=0 errors=0 acks=84297 stall=2ms
[progress] size=1024 idx=26350 sent=26351 recv=26350 state=3 tx=86351 rx=86350 retrans=0 timeouts=0 dup=0 reorder=0 errors=0 acks=86351 stall=2ms
[progress] size=1024 idx=28402 sent=28403 recv=28402 state=3 tx=88403 rx=88402 retrans=0 timeouts=0 dup=0 reorder=0 errors=0 acks=88403 stall=2ms
  sent=30000  recv=30000  loss=0%
  RTT: min=0ms avg=2ms max=64ms P50=2ms P95=3ms P99=3ms P99.9=10ms
  throughput=405.50KiB/s
  request_timeouts=0 protocol_errors=0 reconnects=0
  transport: retrans=0 timeouts=0 dup=0 reorder=0 errors=0

========================================
ALL TESTS COMPLETE
========================================
RT-IPC client exited with rc=0
TASK2_LINUX_END status=PASS
TASK3_LINUX_READY ip=192.168.77.11 peer=192.168.77.30:9877
TASK3_FRAME_CSV=FIXED,0,0,2,2,21649,917,0,0,0,0,140,2750,0,0,0
TASK3_FRAME_CSV=FIXED,1,1461,2,2,16624,419,0,0,0,0,329,29489,0,0,0
TASK3_FRAME_CSV=FIXED,2,2900,2,2,32767,426,0,0,0,0,76,3034,0,0,0
TASK3_FRAME_CSV=AI,0,0,2,2,21649,421,0,0,0,0,103,2680,0,0,0
TASK3_FRAME_CSV=AI,1,1461,2,2,16624,425,0,0,0,0,76,3343,0,0,0
TASK3_FRAME_CSV=AI,2,2900,2,2,32767,423,0,0,0,0,73,3440,0,0,0
TASK3_SUMMARY_JSON={"schema":1,"frames_per_mode":3,"records":6,"elapsed_us":462698,"requests":6,"successes":6,"success_rate":1.000000,"application_errors":0,"application_timeouts":0,"transport_retries":0,"duplicates":0,"recovered":0,"reconnects":0,"injected_drops":0,"classification":{"correct":3,"total":3,"accuracy":1.000000,"confusion_matrix":[[0,0,0],[0,3,0],[0,0,0]]},"inference_us":{"min":419,"mean":505,"p50":423,"p95":917,"p99":917,"max":917},"round_trip_us":{"min":2680,"mean":7456,"p50":3034,"p95":29489,"p99":29489,"max":29489},"tracking_error_q15":{"fixed":{"min":0,"mean":1453,"p50":1461,"p95":2900,"p99":2900,"max":2900},"ai":{"min":0,"mean":1453,"p50":1461,"p95":2900,"p99":2900,"max":2900}},"settling":{"fixed":{"direction_changes":0,"successes":0,"mean_frames":0,"max_frames":0},"ai":{"direction_changes":0,"successes":0,"mean_frames":0,"max_frames":0}},"effective_payload_bytes_per_second":311}
TASK3_LINUX_END status=PASS
TASK123_LINUX_END status=PASS

