[I/rtdm.ofw] Booting RT-Thread on physical CPU 0x0
[I/rtdm.ofw] Machine model: linux,dummy-virt
[I/rtdm.ofw] Memory node(0) ranges: 0x0000000040000000 - 0x0000000080000000
[I/mm.memblock] System memory:
[I/mm.memblock]                    [0x0000000040000000, 0x0000000080000000]
[I/mm.memblock] Reserved memory:
[I/mm.memblock]                    [0x0000000040200000, 0x0000000040335000]
[I/mm.memblock]                    [0x0000000040335000, 0x0000000044335000]
[I/mm.memblock]                    [0x0000000044335000, 0x0000000044535000]
[I/mm.memblock]                    [0x0000000044535000, 0x0000000044536000]
[I/mm.memblock] physical memory region [0x0000000040000000-0x0000000040200000] installed to system page
[I/mm.memblock] physical memory region [0x0000000044536000-0x0000000080000000] installed to system page
[I/mm.memblock] 1003 MB memory installed to system page
[I/osi.psci] Using PSCI v1.1 Function IDs
[I/rtdm.ofw] Console: uart0 (<no-node>)

 \ | /
- RT -     Thread Operating System
 / | \     5.2.2 build Aug 20 2026 23:00:26
 2006 - 2024 Copyright by RT-Thread team
lwIP-2.1.2 initialized!
[I/sal.skt] Socket Abstraction Layer initialize success.
[I/rtdm.mnt] File system initialization done
Axvisor RT-Thread guest ready
TASK3_RTOS_READY ip=192.168.77.30 port=9877
msh />[I/rtipic.srv] server starting on 192.168.77.30:9876
RTIPC_SERVER_READY ip=192.168.77.30 port=9876
[I/rtipic.srv] listening...
RTBENCH_STABILITY_BEGIN seconds=180 expected=179999
TASK3_RTOS_FINAL requests=9 errors=0 duplicates=0 applied_steps=3 retries=0
RTBENCH metric=stability_jitter run=1 expected=179999 collected=179999 missing=0 p50_ns=3376 p95_ns=21120 p99_ns=215536 p99_9_ns=391776 max_ns=905168 miss_100us=3619 miss_500us=10 miss_1ms=0 mean_ns=10219
RTBENCH metric=callback_exec run=1 expected=179999 collected=179999 missing=0 p50_ns=448 p95_ns=608 p99_ns=880 p99_9_ns=4640 max_ns=167232 miss_100us=5 miss_500us=0 miss_1ms=0 mean_ns=487
RTBENCH_STABILITY_END status=PASS expected=179999 collected=179999 missing=0
RTBENCH_STABILITY_DONE
