qemu-system-aarch64: warning: hub 77 is not connected to host network
Boot entropy source: FDT /chosen/rng-seed
root=/dev/nvme0n1 rw init=/bin/sh
VM Load @PA:0x40200000
VM Load Offset: 0xffff0000c0200000
Memory Map:
  Free   0x00000040000000 - 0x00000040200000 (2 MiB)
  KImg   0x00000040200000 - 0x00000041600000 (20 MiB)
  Free   0x00000041600000 - 0x00000240000000 (7.98 GiB)
Initialize RAM allocator: 0x41600000..0x240000000
Reserving CPU-local areas
CPU-local area stride: 0x44000 bytes
Total CPU-local allocation: 0x110000 bytes (4 CPUs)
Flushed RAM used range to memory map: 0x41600000..0x41700000, current: 0x41700000
Flushed RAM used range to memory map: 0x41700000..0x41810000, current: 0x41810000
CPU-local areas allocated at 0x41700000 - 0x41810000
EL: 2
Mapping early memory regions...
Ram                 : [0x0000000040000000, 0x0000000240000000) -> [0x0000000040000000, 0x0000000240000000) (8 GiB)
KImage              : [0x0000ffff80000000, 0x0000ffff81400000) -> [0x0000000040200000, 0x0000000041600000) (20 MiB)
PerCpu              : [0x0000ff0041700000, 0x0000ff0041810000) -> [0x0000000041700000, 0x0000000041810000) (1.06 MiB)
Debug serial        : [0x0000000009000000, 0x0000000009001000) -> [0x0000000009000000, 0x0000000009001000) (4 KiB)
Boot page table at physical address: PA:0x41810000
Setting up table registers...
MMU Entry point at physical address: 0x403fe880
Trap vector at 0xffff80200000
Memory Map:
  MMIO   0x00000009000000 - 0x00000009001000 (4 KiB)
  Free   0x00000040000000 - 0x00000040200000 (2 MiB)
  KImg   0x00000040200000 - 0x00000041600000 (20 MiB)
  Rsv    0x00000041600000 - 0x00000041700000 (1 MiB)
  PerCPU 0x00000041700000 - 0x00000041810000 (1.06 MiB)
  Rsv    0x00000041810000 - 0x0000004181a000 (40 KiB)
  Free   0x0000004181a000 - 0x00000240000000 (7.98 GiB)
Jumping to main entry point at 0xffff801de570 with SP 0x0000ff0041744000

       d8888                            .d88888b.   .d8888b.
      d88888                           d88P" "Y88b d88P  Y88b
     d88P888                           888     888 Y88b.
    d88P 888 888d888  .d8888b  .d88b.  888     888  "Y888b.
   d88P  888 888P"   d88P"    d8P  Y8b 888     888     "Y88b.
  d88P   888 888     888      88888888 888     888       "888
 d8888888888 888     Y88b.    Y8b.     Y88b. .d88P Y88b  d88P
d88P     888 888      "Y8888P  "Y8888   "Y88888P"   "Y8888P"

arch = aarch64
platform = linux,dummy-virt
target = aarch64-unknown-none-softfloat
build_mode = 
log_level = info
backtrace = false
smp = 4

[37max_runtime:236] [32mLogging is enabled.[m
[m[37max_runtime:237] [32mPrimary CPU 0 started, arg = 0x41600000.[m
[m[37max_runtime:239] [32mFound physcial memory regions:[m
[m[37max_runtime:241] [32m  [PA:0x9000000, PA:0x9001000) mmio (READ | WRITE | DEVICE | RESERVED)[m
[m[37max_runtime:241] [32m  [PA:0x40000000, PA:0x40200000) free memory (READ | WRITE | FREE)[m
[m[37max_runtime:241] [32m  [PA:0x40200000, PA:0x41600000) reserved (READ | WRITE | EXECUTE | RESERVED)[m
[m[37max_runtime:241] [32m  [PA:0x41600000, PA:0x41700000) reserved (READ | WRITE | EXECUTE | RESERVED)[m
[m[37max_runtime:241] [32m  [PA:0x41700000, PA:0x41810000) reserved (READ | WRITE | EXECUTE | RESERVED)[m
[m[37max_runtime:241] [32m  [PA:0x41810000, PA:0x4181a000) reserved (READ | WRITE | EXECUTE | RESERVED)[m
[m[37max_runtime:241] [32m  [PA:0x4181a000, PA:0x240000000) free memory (READ | WRITE | FREE)[m
[m[37max_runtime:385] [32mInitialize global memory allocator...[m
[m[37max_runtime:386] [32m  use buddy-slab-allocator allocator.[m
[m[37max_alloc::buddy_slab:158] [32mInitialize global memory allocator, start_vaddr: 0x4181a000, size: 0x1fe7e6000[m
[m[37max_alloc::buddy_slab:424] [32mglobal allocator initialized[m
[m[37max_alloc::buddy_slab:168] [32mAdd memory region, start_vaddr: 0x40000000, size: 0x200000[m
[m[37mbuddy_slab_allocator::global:151] [32mGlobalAllocator: skip region 0x40000000+0x200000, no allocator-visible memory after 2097152 alignment[m
[m[37max_runtime:276] [32mkernel aspace: [VA:0x0, VA:0xffffffffffffffff)[m
[m[37max_mm:107] [32mInitialize virtual memory management...[m
[m[37max_runtime:288] [32mInitialize platform devices...[m
[m[37msomeboot::arch::power:23] [32mPower management method : SMC[m
[m[37msomehal::driver:5] [32mInitializing rdrive with FDT at 0x41600000[m
[m[37msomehal::arch::gic::v3:284] [32mGICv3 CPU 0 EOI mode: two_step=true[m
[m[37max_task::api:175] [32mInitialize scheduling...[m
[m[37max_task::api:183] [32m  use FIFO scheduler.[m
[m[37max_runtime:307] [32mInitialize interrupt handlers...[m
[m[37max_runtime::devices:2] [32mProbe platform devices...[m
[m[37max_driver::serial::pl011:22] [32mProbing PL011 serial device: pl011@9000000[m
[m[37max_driver::serial::pl011:38] [32mPL011 serial@0x9000000 registered successfully[m
[m[37max_driver::block::nvme:42] [32mNVMe PCI endpoint 0000:00:01.0: BAR0=0x8000000000..0x8000004000, int_pin=1, int_line=0[m
[m[37mnvme_driver::nvme:159] [32mNVME @0x8000000000 deferred init, version: 1.4.0[m
[m[37max_driver::block::nvme:74] [32mNVMe block device registered at 0000:00:01.0 with 65 MSI-X vectors[m
[m[37max_runtime::serial:895] [32mserial runtime PL011 UART ready: cpu=0, irq=Some(Source(FdtInterrupt(FdtIrqSpec { controller: 44, cells: [0, 1, 4] }))), polling=false[m
[m[  0.082778 0:2 [37max_runtime:327] [32mruntime console active: serial0, ttyS0[m
[m[  0.082881 0:6 [37max_fs_ng::block::runtime::lifecycle::device:333] [32mblock device nvme IRQ source 0 (IrqId { domain: IrqDomainId(9), hwirq: HwIrq(0) }) fixed to CPU 0 for queue mask 0x0[m
[m[  0.086459 0:6 [37max_fs_ng::block::runtime::hctx:177] [32mblock hctx 0 bound to CPU 0 with hardware depth 63[m
[m[  0.086501 0:6 [37max_fs_ng::block::runtime::lifecycle::device:333] [32mblock device nvme IRQ source 1 (IrqId { domain: IrqDomainId(9), hwirq: HwIrq(1) }) fixed to CPU 0 for queue mask 0x1[m
[m[  0.086774 0:2 [37max_fs_ng::root:342] [32m    raw device fs=Some(Ext4)[m
[m[  0.086795 0:2 [37max_fs_ng::root:373] [32m  block device 0 (nvme) has no usable partition table; treating the whole disk as a candidate[m
[m[  0.086907 0:2 [37max_fs_ng::root:482] [32m  matched root by raw device path on disk0 raw device[m
[m[  0.086933 0:2 [37max_fs_ng:97] [32mInitialize filesystem subsystem...[m
[m[  0.086952 0:2 [37max_fs_ng:98] [32m  selected root device: disk0 raw device[m
[m[  0.106670 0:2 [37mrsext4::ext4::mount:344] [32m/lost+found exists (path resolution, repaired hint inode=11)[m
[m[  0.107368 0:2 [37mrsext4::ext4::mount:466] [32mExt4 filesystem mounted[m
[m[  0.107388 0:2 [37mrsext4::ext4::mount:467] [32m  - block size: 4096 bytes[m
[m[  0.107408 0:2 [37mrsext4::ext4::mount:468] [32m  - total blocks: 524288[m
[m[  0.107427 0:2 [37mrsext4::ext4::mount:469] [32m  - free blocks: 102857[m
[m[  0.107446 0:2 [37mrsext4::ext4::mount:470] [32m  - total inodes: 131072[m
[m[  0.107466 0:2 [37mrsext4::ext4::mount:471] [32m  - free inodes: 125237[m
[m[  0.107485 0:2 [37mrsext4::ext4::sync:13] [32mSyncing filesystem...[m
[m[  0.119029 1 [37msomehal::arch::gic::v3:284] [32mGICv3 CPU 1 EOI mode: two_step=true[m
[m[  0.128054 2 [37msomehal::arch::gic::v3:284] [32mGICv3 CPU 2 EOI mode: two_step=true[m
[m
       d8888            888     888  d8b
      d88888            888     888  Y8P
     d88P888            888     888
    d88P 888  888  888  Y88b   d88P  888  .d8888b    .d88b.   888d888
   d88P  888  `Y8bd8P'   Y88b d88P   888  88K       d88""88b  888P"
  d88P   888    X88K      Y88o88P    888  "Y8888b.  888  888  888
 d8888888888  .d8""8b.     Y888P     888       X88  Y88..88P  888
d88P     888  888  888      Y8P      888   88888P'   "Y88P"   888

by AxVisor Team

[  0.137957 3 [37msomehal::arch::gic::v3:284] [32mGICv3 CPU 3 EOI mode: two_step=true[m
[m
[  0.113470 0:2 [37mrsext4::ext4::mount:550] [32mExt4 filesystem mounted[m
[m
[  0.119050 1 [37max_runtime::mp:82] [32mSecondary CPU 1 started.[m
[m
[  0.128075 2 [37max_runtime::mp:82] [32mSecondary CPU 2 started.[m
[m
[  0.137978 3 [37max_runtime::mp:82] [32mSecondary CPU 3 started.[m
[m
[  0.113515 0:2 [37max_fs_ng:111] [32m  filesystem type: "ext4"[m
[m
[  0.119122 1:8 [37max_runtime::mp:115] [32mSecondary CPU 1 init OK.[m
[m
[  0.128147 2:11 [37max_runtime::mp:115] [32mSecondary CPU 2 init OK.[m
[m
[  0.138050 3:14 [37max_runtime::mp:115] [32mSecondary CPU 3 init OK.[m
[m
[  0.138146 0:2 [37max_runtime:358] [32mPrimary CPU 0 init OK.[m
[m
[  0.147262 1:24 [37maxvm::host::arceos:458] [32mCore 1 is initializing hardware virtualization support...[m
[m
[  0.147316 2:25 [37maxvm::host::arceos:458] [32mCore 2 is initializing hardware virtualization support...[m
[m
[  0.147370 3:26 [37maxvm::host::arceos:458] [32mCore 3 is initializing hardware virtualization support...[m
[m
[  0.140271 0:6 [37max_fs_ng::block::runtime::hctx:177] [32mblock hctx 1 bound to CPU 1 with hardware depth 63[m
[m
[  0.147286 1:24 [37maxvm::host::arceos:461] [32mHardware virtualization support enabled on core 1[m
[m
[  0.147340 2:25 [37maxvm::host::arceos:461] [32mHardware virtualization support enabled on core 2[m
[m
[  0.147393 3:26 [37maxvm::host::arceos:461] [32mHardware virtualization support enabled on core 3[m
[m
[  0.140311 0:6 [37max_fs_ng::block::runtime::hctx:177] [32mblock hctx 2 bound to CPU 2 with hardware depth 63[m
[m
[  0.140351 0:6 [37max_fs_ng::block::runtime::hctx:177] [32mblock hctx 3 bound to CPU 3 with hardware depth 63[m
[m
[  0.140388 0:6 [37max_fs_ng::block::runtime::lifecycle::device:333] [32mblock device nvme IRQ source 2 (IrqId { domain: IrqDomainId(9), hwirq: HwIrq(2) }) fixed to CPU 1 for queue mask 0x2[m
[m
[  0.140427 0:6 [37max_fs_ng::block::runtime::lifecycle::device:333] [32mblock device nvme IRQ source 3 (IrqId { domain: IrqDomainId(9), hwirq: HwIrq(3) }) fixed to CPU 2 for queue mask 0x4[m
[m
[  0.140467 0:6 [37max_fs_ng::block::runtime::lifecycle::device:333] [32mblock device nvme IRQ source 4 (IrqId { domain: IrqDomainId(9), hwirq: HwIrq(4) }) fixed to CPU 3 for queue mask 0x8[m
[m
[  0.140618 0:2 [37max_fs_ng::block::runtime::lifecycle::device:409] [32mblock device nvme online with 4 hctxs across 4 CPUs[m
[m
[  0.140681 0:2 [37maxvisor:100] [32mStarting virtualization...[m
[m
[  0.140700 0:2 [37maxvm::host::arceos:440] [32mEnabling hardware virtualization support on all cores...[m
[m
[  0.140720 0:2 [37maxvm::host::arceos:446] [32mCore 0 is initializing hardware virtualization support...[m
[m
[  0.147149 0:2 [37maxvm::host::arceos:448] [32mHardware virtualization support enabled on core 0[m
[m
[  0.147224 0:2 [37maxvm::host::arceos:474] [32mWaiting for all cores to enable hardware virtualization...[m
[m
[  0.148030 0:2 [37maxvm::host::arceos:490] [32mAll cores have enabled hardware virtualization support.[m
[m
[VM 3] [32m[I/rtdm.ofw] Booting RT-Thread on physical CPU 0x0[0m
[VM 3] [32m[I/rtdm.ofw] Machine model: linux,dummy-virt[0m
[VM 3] [32m[I/rtdm.ofw] Memory node(0) ranges: 0x0000000040000000 - 0x0000000080000000[0m
[VM 3] [32m[I/mm.memblock] System memory:[0m
[VM 3] [32m[I/mm.memblock]                    [0x0000000040000000, 0x0000000080000000][0m
[VM 3] [32m[I/mm.memblock] Reserved memory:[0m
[VM 3] [32m[I/mm.memblock]                    [0x0000000040200000, 0x0000000040338000][0m
[VM 3] [32m[I/mm.memblock]                    [0x0000000040338000, 0x0000000044338000][0m
[VM 3] [32m[I/mm.memblock]                    [0x0000000044338000, 0x0000000044538000][0m
[VM 3] [32m[I/mm.memblock]                    [0x0000000044538000, 0x0000000044539000][0m
[VM 3] [32m[I/mm.memblock] physical memory region [0x0000000040000000-0x0000000040200000] installed to system page[0m
[  0.148550 0:2 [37maxvisor::manager:161] [32mNOT find dir: /guest/vm_default in filesystem[m
[m
[  0.148571 0:2 [37maxvisor::config:90] [32mUsing static VM configs.[m
[m
[  0.151330 0:2 [37maxvm::boot::fdt::core:79] [32mVM[1] virtual GIC follows host firmware resources: GuestGicProfile { compatible: "arm,gic-v3", node_path: "/intc@8000000", node_phandle: Some(32773), distributor: GuestMmioRegion { base: 134217728, length: 65536 }, cpu_region: Redistributors(GuestGicRedistributorProfile { regions: [GuestMmioRegion { base: 134873088, length: 16121856 }], stride: 131072 }), its: [GuestItsProfile { id: ItsId(0), node_path: "/intc@8000000/its@8080000", node_phandle: Some(32774), registers: GuestMmioRegion { base: 134742016, length: 131072 } }] }[m
[m
[  0.151440 0:2 [37maxvm::boot::fdt::core:93] [32mVM[1] architectural timer follows host firmware PPIs[m
[m
[  0.154353 0:2 [37maxvm::boot::fdt::core::parser:484] [32mCPU node: /cpus/cpu@0, node_id: 0x0, hardware_cpu_id: 0x0[m
[m
[  0.154388 0:2 [37maxvm::boot::fdt::core::parser:484] [32mCPU node: /cpus/cpu@1, node_id: 0x1, hardware_cpu_id: 0x1[m
[m
[  0.154423 0:2 [37maxvm::boot::fdt::core::parser:484] [32mCPU node: /cpus/cpu@2, node_id: 0x2, hardware_cpu_id: 0x2[m
[m
[  0.154457 0:2 [37maxvm::boot::fdt::core::parser:484] [32mCPU node: /cpus/cpu@3, node_id: 0x3, hardware_cpu_id: 0x3[m
[m
[  0.154504 0:2 [37maxvm::boot::fdt::core::parser:491] [32mFound 4 host CPU nodes[m
[m
[  0.154529 0:2 [37maxvm::boot::fdt::core:144] [32mVM[1] DTB not found, generating from the VM configuration[m
[m
[  0.161902 0:2 [37maxvm::boot::fdt::core::device:107] [32mFound excluded devices: ["/virtio_mmio@a000000", "/virtio_mmio@a000200", "/virtio_mmio@a000400", "/virtio_mmio@a000600", "/virtio_mmio@a000800", "/virtio_mmio@a000a00", "/virtio_mmio@a000c00", "/virtio_mmio@a000e00", "/virtio_mmio@a001000", "/virtio_mmio@a001200", "/virtio_mmio@a001400", "/virtio_mmio@a001600", "/virtio_mmio@a001800", "/virtio_mmio@a001a00", "/virtio_mmio@a001c00", "/virtio_mmio@a001e00", "/virtio_mmio@a002000", "/virtio_mmio@a002200", "/virtio_mmio@a002400", "/virtio_mmio@a002600", "/virtio_mmio@a002800", "/virtio_mmio@a002a00", "/virtio_mmio@a002c00", "/virtio_mmio@a002e00", "/virtio_mmio@a003000", "/virtio_mmio@a003200", "/virtio_mmio@a003400", "/virtio_mmio@a003600", "/virtio_mmio@a003800", "/virtio_mmio@a003a00", "/virtio_mmio@a003c00", "/virtio_mmio@a003e00", "/pcie@10000000", "/pl061@9030000", "/pl031@9010000", "/gpio-key-poweroff", "/intc@8000000", "/pl011@9000000", "/timer", "/intc@8000000/its@8080000"][m
[m
[  0.166016 0:2 [37maxvm::boot::fdt::core::device:107] [32mFound excluded devices: ["/virtio_mmio@a000000", "/virtio_mmio@a000200", "/virtio_mmio@a000400", "/virtio_mmio@a000600", "/virtio_mmio@a000800", "/virtio_mmio@a000a00", "/virtio_mmio@a000c00", "/virtio_mmio@a000e00", "/virtio_mmio@a001000", "/virtio_mmio@a001200", "/virtio_mmio@a001400", "/virtio_mmio@a001600", "/virtio_mmio@a001800", "/virtio_mmio@a001a00", "/virtio_mmio@a001c00", "/virtio_mmio@a001e00", "/virtio_mmio@a002000", "/virtio_mmio@a002200", "/virtio_mmio@a002400", "/virtio_mmio@a002600", "/virtio_mmio@a002800", "/virtio_mmio@a002a00", "/virtio_mmio@a002c00", "/virtio_mmio@a002e00", "/virtio_mmio@a003000", "/virtio_mmio@a003200", "/virtio_mmio@a003400", "/virtio_mmio@a003600", "/virtio_mmio@a003800", "/virtio_mmio@a003a00", "/virtio_mmio@a003c00", "/virtio_mmio@a003e00", "/pcie@10000000", "/pl061@9030000", "/pl031@9010000", "/gpio-key-poweroff", "/intc@8000000", "/pl011@9000000", "/timer", "/intc@8000000/its@8080000"][m
[m
[  0.166637 0:2 [37maxvisor::config:137] [32mCreating VM[1] "linux-net"[m
[m
[  0.166665 0:2 [37maxvm::arch::aarch64::vgic::plan:214] [32massigned_spis: 0 passthrough interrupts configured[m
[m
[  0.167472 0:2 [37maxvm::vm:1305] [32mVM created: id=1[m
[m
[  0.167644 0:2 [37maxvisor::config:149] [32mVM[1] created success, loading images...[m
[m
[  0.199396 0:2 [37maxvm::boot::images:129] [32mLoading ramdisk image from memory (6106784 bytes) into GPA @0x8c000000[m
[m
[  0.225081 0:2 [37maxvm::boot::fdt::core::create:467] [32mAdding resolved virtual-device FDT node /virtio_mmio@a000000 for net0[m
[m
[  0.227027 0:2 [37maxdevice::device:993] [32mDeviceRuntime: registered device id=0[m
[m
[  0.227046 0:2 [37maxdevice::device:993] [32mDeviceRuntime: registered device id=1[m
[m
[  0.227066 0:2 [37maxdevice::device:993] [32mDeviceRuntime: registered device id=2[m
[m
[  0.227137 0:2 [37maxdevice::device:993] [32mDeviceRuntime: registered device id=3[m
[m
[  0.227217 0:2 [37maxdevice::device:993] [32mDeviceRuntime: registered device id=4[m
[m
[  0.227307 0:2 [37maxvm::vm::prepare:86] [32mVM setup: id=1[m
[m
[  0.229566 0:2 [37maxvm::boot::fdt::core:79] [32mVM[3] virtual GIC follows host firmware resources: GuestGicProfile { compatible: "arm,gic-v3", node_path: "/intc@8000000", node_phandle: Some(32773), distributor: GuestMmioRegion { base: 134217728, length: 65536 }, cpu_region: Redistributors(GuestGicRedistributorProfile { regions: [GuestMmioRegion { base: 134873088, length: 16121856 }], stride: 131072 }), its: [GuestItsProfile { id: ItsId(0), node_path: "/intc@8000000/its@8080000", node_phandle: Some(32774), registers: GuestMmioRegion { base: 134742016, length: 131072 } }] }[m
[m
[  0.229675 0:2 [37maxvm::boot::fdt::core:93] [32mVM[3] architectural timer follows host firmware PPIs[m
[m
[  0.232594 0:2 [37maxvm::boot::fdt::core::parser:484] [32mCPU node: /cpus/cpu@0, node_id: 0x0, hardware_cpu_id: 0x0[m
[m
[  0.232629 0:2 [37maxvm::boot::fdt::core::parser:484] [32mCPU node: /cpus/cpu@1, node_id: 0x1, hardware_cpu_id: 0x1[m
[m
[  0.232663 0:2 [37maxvm::boot::fdt::core::parser:484] [32mCPU node: /cpus/cpu@2, node_id: 0x2, hardware_cpu_id: 0x2[m
[m
[  0.232698 0:2 [37maxvm::boot::fdt::core::parser:484] [32mCPU node: /cpus/cpu@3, node_id: 0x3, hardware_cpu_id: 0x3[m
[m
[  0.232744 0:2 [37maxvm::boot::fdt::core::parser:491] [32mFound 4 host CPU nodes[m
[m
[  0.232769 0:2 [37maxvm::boot::fdt::core:144] [32mVM[3] DTB not found, generating from the VM configuration[m
[m
[  0.239077 0:2 [37maxvm::boot::fdt::core::device:107] [32mFound excluded devices: ["/intc@8000000", "/pl011@9000000", "/timer", "/intc@8000000/its@8080000"][m
[m
[  0.242681 0:2 [37maxvm::boot::fdt::core::device:107] [32mFound excluded devices: ["/intc@8000000", "/pl011@9000000", "/timer", "/intc@8000000/its@8080000"][m
[m
[  2.403574 2:29 [37maxvm::runtime::vcpus:435] [32mVM[3] VCpu[0] waiting for running[m
[m
[  0.242967 0:2 [37maxvisor::config:137] [32mCreating VM[3] "rtthread-net"[m
[m
[  2.403594 2:29 [37maxvm::runtime::vcpus:473] [32mVM[3] VCpu[0] running on CPU2...[m
[m
[  0.242995 0:2 [37maxvm::arch::aarch64::vgic::plan:214] [32massigned_spis: 0 passthrough interrupts configured[m
[m
[  0.243800 0:2 [37maxvm::vm:1305] [32mVM created: id=3[m
[m
[  2.395345 0:2 [37maxvisor::config:149] [32mVM[3] created success, loading images...[m
[m
[  2.398270 0:2 [37maxvm::boot::fdt::core::create:467] [32mAdding resolved virtual-device FDT node /virtio_mmio@a000000 for net0[m
[m
[  2.400214 0:2 [37maxdevice::device:993] [32mDeviceRuntime: registered device id=0[m
[m
[  2.400233 0:2 [37maxdevice::device:993] [32mDeviceRuntime: registered device id=1[m
[m
[  2.400253 0:2 [37maxdevice::device:993] [32mDeviceRuntime: registered device id=2[m
[m
[  2.400325 0:2 [37maxdevice::device:993] [32mDeviceRuntime: registered device id=3[m
[m
[  2.400402 0:2 [37maxdevice::device:993] [32mDeviceRuntime: registered device id=4[m
[m
[  2.400480 0:2 [37maxvm::vm::prepare:86] [32mVM setup: id=3[m
[m
[  2.400502 0:2 [37maxvm::runtime:43] [32mInitializing VMM...[m
[m
[  2.400521 0:2 [37maxvm::runtime:54] [32mVMM starting, booting VMs...[m
[m
[  2.400540 0:2 [37maxvm::vm:1614] [32mStarting VM[1][m
[m
[  2.400561 0:2 [37maxvm::runtime::vcpus:364] [32mSpawning task for VM[1] VCpu[0][m
[m
[  2.400592 0:2 [37maxvm::runtime::vcpus:381] [32mVCpu task Task(27, "VM[1]-VCpu[0]") created cpumask: [0, ][m
[m
[  2.402014 0:2 [37maxvm::runtime:62] [32mVM[1] boot success[m
[m
[  2.402033 0:2 [37maxvm::vm:1614] [32mStarting VM[3][m
[m
[  2.402054 0:2 [37maxvm::runtime::vcpus:364] [32mSpawning task for VM[3] VCpu[0][m
[m
[  2.402088 0:2 [37maxvm::runtime::vcpus:381] [32mVCpu task Task(29, "VM[3]-VCpu[0]") created cpumask: [2, ][m
[m
[  2.402148 0:2 [37maxvm::runtime:62] [32mVM[3] boot success[m
[m
[  2.402190 0:2 [37maxvisor:139] [32m[OK] Default guest initialized[m
[m
[  2.402209 0:2 [37maxvisor:144] [32mshell task on CPU0[m
[m
[VM 3] [32m[I/mm.memblock] physical memory region [0x0000000044539000-0x0000000080000000] installed to system page[0m
[  2.404662 0:27 [37maxvm::runtime::vcpus:435] [32mVM[1] VCpu[0] waiting for running[m
[m
[  2.404684 0:27 [37maxvm::runtime::vcpus:473] [32mVM[1] VCpu[0] running on CPU0...[m
[m
[  2.496493 0:27 [37maxvm::runtime::hvc:258] [32mVM[1] PSCI_FEATURES function_id=0x80000000[m
[m
[  2.496683 0:27 [37maxvm::runtime::hvc:258] [32mVM[1] PSCI_FEATURES function_id=0xc4000001[m
[m
[  2.496762 0:27 [37maxvm::runtime::hvc:258] [32mVM[1] PSCI_FEATURES function_id=0xc400000e[m
[m
[  2.496808 0:27 [37maxvm::runtime::hvc:258] [32mVM[1] PSCI_FEATURES function_id=0xc4000012[m
[m
[VM 3] [32m[I/mm.memblock] 1003 MB memory installed to system page[0m
[VM 3] [32m[I/osi.psci] Using PSCI v1.1 Function IDs[0m
[VM 3] [32m[I/rtdm.ofw] Console: uart0 (<no-node>)[0m
[VM 3] 
[VM 3]  \ | /
[VM 3] - RT -     Thread Operating System
[VM 3]  / | \     5.2.2 build Aug 27 2026 12:05:49
[VM 3]  2006 - 2024 Copyright by RT-Thread team
[VM 3] lwIP-2.1.2 initialized!
[  2.532837 0:27 [37maxvm::configured::devices::virtio_net:453] [33mvirtio-net drops an ingress frame: NotReady[m
[m
[VM 3] [32m[I/sal.skt] Socket Abstraction Layer initialize success.[0m
[VM 3] [32m[I/rtdm.mnt] File system initialization done[0m
[VM 3] Axvisor RT-Thread guest ready
[VM 3] TASK3_RTOS_READY ip=192.168.77.30 port=9877
[  2.561766 0:27 [37maxvm::runtime::hvc:272] [32mVM[1] PSCI_CPU_ON target=0x1 entry=0x805e33e0 context=0x0[m
[m
[  2.561793 0:27 [37maxvm::runtime::vcpus:364] [32mSpawning task for VM[1] VCpu[1][m
[m
[  2.561824 0:27 [37maxvm::runtime::vcpus:381] [32mVCpu task Task(32, "VM[1]-VCpu[1]") created cpumask: [1, ][m
[m
[  2.561913 1:32 [37maxvm::runtime::vcpus:435] [32mVM[1] VCpu[1] waiting for running[m
[m
[  2.561938 1:32 [37maxvm::runtime::vcpus:473] [32mVM[1] VCpu[1] running on CPU1...[m
[m
[VM 1] Booting Linux on physical CPU 0x0000000000 [0x410fd083]
[VM 1] Linux version 6.12.21 (yfblock@gem12) (aarch64-linux-gnu-gcc (GCC) 16.1.0, GNU ld (GNU Binutils) 2.46.1) #1 SMP PREEMPT Thu Aug 27 12:04:53 CST 2026
[VM 1] Machine model: linux,dummy-virt
[VM 1] efi: UEFI not found.
[VM 1] OF: reserved mem: Reserved memory: No reserved-memory node in the DT
[VM 1] Zone ranges:
[VM 1]   DMA      [mem 0x0000000080000000-0x000000009fffffff]
[VM 1]   DMA32    empty
[VM 1]   Normal   empty
[VM 1] Movable zone start for each node
[VM 1] Early memory node ranges
[VM 1]   node   0: [mem 0x0000000080000000-0x000000009fffffff]
[VM 1] Initmem setup node 0 [mem 0x0000000080000000-0x000000009fffffff]
[VM 1] psci: probing for conduit method from DT.
[VM 1] psci: PSCIv1.1 detected in firmware.
[VM 1] psci: Using standard PSCI v0.2 function IDs
[VM 1] psci: Trusted OS migration not required
[VM 1] psci: SMC Calling Convention v65535.65535
[VM 1] percpu: Embedded 14 pages/cpu s28248 r0 d29096 u57344
[VM 1] Detected PIPT I-cache on CPU0
[VM 1] CPU features: detected: GIC system register CPU interface
[VM 1] CPU features: detected: Spectre-v2
[VM 1] CPU features: detected: Spectre-v4
[VM 1] CPU features: detected: Spectre-BHB
[VM 1] CPU features: detected: ARM errata 1165522, 1319367, or 1530923
[VM 1] alternatives: applying boot alternatives
[VM 1] Kernel command line: console=ttyAMA0 task2.count=10 task2.fault=none task3.frames=3 task3.fault=normal rtbench.net.count=10
[VM 1] Dentry cache hash table entries: 65536 (order: 7, 524288 bytes, linear)
[VM 1] Inode-cache hash table entries: 32768 (order: 6, 262144 bytes, linear)
[VM 1] Built 1 zonelists, mobility grouping on.  Total pages: 131072
[VM 1] mem auto-init: stack:all(zero), heap alloc:off, heap free:off
[VM 1] software IO TLB: SWIOTLB bounce buffer size adjusted to 0MB
[VM 1] software IO TLB: area num 2.
[VM 1] software IO TLB: mapped [mem 0x000000009f580000-0x000000009f600000] (0MB)
[VM 1] SLUB: HWalign=64, Order=0-3, MinObjects=0, CPUs=2, Nodes=1
[VM 1] rcu: Preemptible hierarchical RCU implementation.
[VM 1] rcu: RCU calculated value of scheduler-enlistment delay is 10 jiffies.
[VM 1] NR_IRQS: 64, nr_irqs: 64, preallocated irqs: 0
[VM 1] GICv3: 256 SPIs implemented
[VM 1] GICv3: 0 Extended SPIs implemented
[VM 1] Root IRQ handler: gic_handle_irq
[VM 1] GICv3: GICv3 features: 16 PPIs, RSS
[VM 1] GICv3: GICD_CTRL.DS=0, SCR_EL3.FIQ=0
[VM 1] GICv3: CPU0: found redistributor 0 region 0:0x00000000080a0000
[VM 1] ITS [mem 0x08080000-0x0809ffff]
[VM 1] ITS@0x0000000008080000: allocated 8192 Devices @80840000 (indirect, esz 8, psz 64K, shr 1)
[VM 1] ITS@0x0000000008080000: allocated 8192 Interrupt Collections @80850000 (flat, esz 8, psz 64K, shr 1)
[VM 1] GICv3: using LPI property table @0x0000000080860000
[VM 1] GICv3: CPU0: using allocated LPI pending table @0x0000000080870000
[VM 1] rcu: srcu_init: Setting srcu_struct sizes based on contention.
[VM 1] arch_timer: cp15 timer(s) running at 62.50MHz (virt).
[VM 1] clocksource: arch_sys_counter: mask: 0x1ffffffffffffff max_cycles: 0x1cd42e208c, max_idle_ns: 881590405314 ns
[VM 1] sched_clock: 57 bits at 63MHz, resolution 16ns, wraps every 4398046511096ns
[VM 1] Console: colour dummy device 80x25
[VM 1] Calibrating delay loop (skipped), value calculated using timer frequency.. 125.00 BogoMIPS (lpj=625000)
[VM 1] pid_max: default: 32768 minimum: 301
[VM 1] Mount-cache hash table entries: 1024 (order: 1, 8192 bytes, linear)
[VM 1] Mountpoint-cache hash table entries: 1024 (order: 1, 8192 bytes, linear)
[VM 1] /cpus/cpu-map/socket0/cluster0/core2: Can't get CPU for leaf core
[VM 1] cacheinfo: Unable to detect cache hierarchy for CPU 0
[VM 1] rcu: Hierarchical SRCU implementation.
[VM 1] rcu: 	Max phase no-delay instances is 1000.
[VM 1] EFI services will not be available.
[VM 1] smp: Bringing up secondary CPUs ...
[VM 1] Detected PIPT I-cache on CPU1
[VM 1] GICv3: CPU1: found redistributor 1 region 0:0x00000000080c0000
[VM 1] GICv3: CPU1: using allocated LPI pending table @0x0000000080880000
[VM 1] CPU1: Booted secondary processor 0x0000000001 [0x410fd083]
[VM 1] smp: Brought up 1 node, 2 CPUs
[VM 1] SMP: Total of 2 processors activated.
[VM 1] CPU: All CPU(s) started at EL1
[VM 1] CPU features: detected: 32-bit EL0 Support
[VM 1] CPU features: detected: CRC32 instructions
[VM 1] alternatives: applying system-wide alternatives
[VM 1] Memory: 497392K/524288K available (4992K kernel code, 700K rwdata, 952K rodata, 832K init, 349K bss, 24684K reserved, 0K cma-reserved)
[VM 1] devtmpfs: initialized
[VM 1] clocksource: jiffies: mask: 0xffffffff max_cycles: 0xffffffff, max_idle_ns: 19112604462750000 ns
[VM 1] futex hash table entries: 512 (order: 3, 32768 bytes, linear)
[VM 1] DMI not present or invalid.
[VM 1] NET: Registered PF_NETLINK/PF_ROUTE protocol family
[VM 1] DMA: preallocated 128 KiB GFP_KERNEL pool for atomic allocations
[VM 1] DMA: preallocated 128 KiB GFP_KERNEL|GFP_DMA pool for atomic allocations
[VM 1] DMA: preallocated 128 KiB GFP_KERNEL|GFP_DMA32 pool for atomic allocations
[VM 1] ASID allocator initialised with 65536 entries
[VM 1] Serial: AMBA PL011 UART driver
[VM 1] 9000000.pl011: ttyAMA0 at MMIO 0x9000000 (irq = 13, base_baud = 0) is a PL011 rev1
[VM 1] printk: legacy console [ttyAMA0] enabled
[VM 1] iommu: Default domain type: Translated
[VM 1] iommu: DMA domain TLB invalidation policy: strict mode
[VM 1] pps_core: LinuxPPS API ver. 1 registered
[VM 1] pps_core: Software ver. 5.3.6 - Copyright 2005-2007 Rodolfo Giometti <giometti@linux.it>
[VM 1] PTP clock support registered
[VM 1] clocksource: Switched to clocksource arch_sys_counter
[VM 1] NET: Registered PF_INET protocol family
[VM 1] IP idents hash table entries: 8192 (order: 4, 65536 bytes, linear)
[VM 1] tcp_listen_portaddr_hash hash table entries: 256 (order: 0, 4096 bytes, linear)
[VM 1] Table-perturb hash table entries: 65536 (order: 6, 262144 bytes, linear)
[VM 1] TCP established hash table entries: 4096 (order: 3, 32768 bytes, linear)
[VM 1] TCP bind hash table entries: 4096 (order: 5, 131072 bytes, linear)
[VM 1] TCP: Hash tables configured (established 4096 bind 4096)
[VM 1] UDP hash table entries: 256 (order: 1, 8192 bytes, linear)
[VM 1] UDP-Lite hash table entries: 256 (order: 1, 8192 bytes, linear)
[VM 1] NET: Registered PF_UNIX/PF_LOCAL protocol family
[VM 1] Unpacking initramfs...
[VM 1] workingset: timestamp_bits=62 max_order=17 bucket_order=0
[VM 1] io scheduler mq-deadline registered
[VM 1] io scheduler kyber registered
[VM 1] Serial: 8250/16550 driver, 4 ports, IRQ sharing disabled
[VM 1] SMCCC: SOC_ID: ARCH_SOC_ID not implemented, skipping ....
[VM 1] NET: Registered PF_INET6 protocol family
[VM 1] Segment Routing with IPv6
[VM 1] In-situ OAM (IOAM) with IPv6
[VM 1] sit: IPv6, IPv4 and MPLS over IPv4 tunneling driver
[VM 1] NET: Registered PF_PACKET protocol family
[VM 1] clk: Disabling unused clocks
[VM 1] Freeing initrd memory: 5960K
[VM 1] Freeing unused kernel memory: 832K
[VM 1] Run /init as init process
[VM 1] LINUX_SMP_READY configured=2 online=0-1 nproc=2
[VM 1] TASK123_LINUX_NET_READY ip=192.168.77.11 peer=192.168.77.30
[VM 1] TASK3_LINUX_NET_PROBE_READY count=10
[VM 1] TASK2_LINUX_BEGIN port=9876
[VM 1] RTBENCH_NET_PROBE_READY listen=9879 count=10
[VM 1] === RT-IPC Benchmark Client ===
[VM 1] Target: 192.168.77.30:9876, count=10 per size
[VM 1] 
[VM 1] [client] fault profile: none
[VM 1] [client] connecting...
[VM 3] msh />[32m[I/rtipic.srv] server starting on 192.168.77.30:9876[0m
[VM 3] RTIPC_SERVER_READY ip=192.168.77.30 port=9876
[VM 3] [32m[I/rtipic.srv] listening...[0m
[VM 1] [client] connected!
[VM 1] 
[VM 1] --- Payload 64B ---
[VM 3] [32m[I/rtipic.srv] client connected[0m
[VM 1]   sent=10  recv=10  loss=0%
[VM 1]   RTT: min=1ms avg=2ms max=9ms P50=1ms P95=5ms P99=5ms P99.9=5ms
[VM 1]   throughput=22.32KiB/s
[VM 1]   request_timeouts=0 protocol_errors=0 reconnects=0
[VM 1]   transport: retrans=0 timeouts=0 dup=0 reorder=0 errors=0
[VM 1] 
[VM 1] --- Payload 256B ---
[VM 1]   sent=10  recv=10  loss=0%
[VM 1]   RTT: min=0ms avg=1ms max=4ms P50=1ms P95=4ms P99=4ms P99.9=4ms
[VM 1]   throughput=104.17KiB/s
[VM 1]   request_timeouts=0 protocol_errors=0 reconnects=0
[VM 1]   transport: retrans=0 timeouts=0 dup=0 reorder=0 errors=0
[VM 1] 
[VM 1] --- Payload 1024B ---
[VM 1]   sent=10  recv=10  loss=0%
[VM 1]   RTT: min=1ms avg=1ms max=3ms P50=2ms P95=2ms P99=2ms P99.9=2ms
[VM 1]   throughput=500.00KiB/s
[VM 1]   request_timeouts=0 protocol_errors=0 reconnects=0
[VM 1]   transport: retrans=0 timeouts=0 dup=0 reorder=0 errors=0
[VM 1] 
[VM 1] ========================================
[VM 1] ALL TESTS COMPLETE
[VM 3] [33m[W/rtipic.srv] client disconnected[0m
[VM 1] ========================================
[VM 1] RT-IPC client exited with rc=0
[VM 1] TASK2_LINUX_END status=PASS
[VM 1] TASK3_LINUX_READY ip=192.168.77.11 peer=192.168.77.30:9877
[VM 1] TASK3_FRAME_CSV=FIXED,0,0,2,2,21649,1871,0,0,0,0,48,947,0,0,0
[VM 1] TASK3_FRAME_CSV=FIXED,1,1461,2,2,16624,1814,0,0,0,0,22,1101,0,0,0
[VM 1] TASK3_FRAME_CSV=FIXED,2,2900,2,2,32767,1813,0,0,0,0,57,2212,0,0,0
[VM 1] TASK3_FRAME_CSV=AI,0,0,2,2,21649,3237,0,0,0,0,818,3404,0,0,0
[VM 1] TASK3_FRAME_CSV=AI,1,1461,2,2,16624,1557,0,0,0,0,68,1677,0,0,0
[VM 1] TASK3_FRAME_CSV=AI,2,2900,2,2,32767,1557,0,0,0,0,230,4163,0,0,0
[VM 3] TASK3_RTOS_FINAL requests=6 errors=0 duplicates=0 applied_steps=6 retries=0
[VM 3] TASK3_RTOS_FINAL_DONE
[VM 1] TASK3_SUMMARY_JSON={"schema":1,"frames_per_mode":3,"records":6,"elapsed_us":420278,"requests":6,"successes":6,"success_rate":1.000000,"application_errors":0,"application_timeouts":0,"transport_retries":0,"duplicates":0,"recovered":0,"reconnects":0,"injected_drops":0,"classification":{"correct":3,"total":3,"accuracy":1.000000,"confusion_matrix":[[0,0,0],[0,3,0],[0,0,0]]},"inference_us":{"min":1557,"mean":1974,"p50":1813,"p95":3237,"p99":3237,"max":3237},"round_trip_us":{"min":947,"mean":2250,"p50":1677,"p95":4163,"p99":4163,"max":4163},"tracking_error_q15":{"fixed":{"min":0,"mean":1453,"p50":1461,"p95":2900,"p99":2900,"max":2900},"ai":{"min":0,"mean":1453,"p50":1461,"p95":2900,"p99":2900,"max":2900}},"settling":{"fixed":{"direction_changes":0,"successes":0,"mean_frames":0,"max_frames":0},"ai":{"direction_changes":0,"successes":0,"mean_frames":0,"max_frames":0}},"effective_payload_bytes_per_second":342}
[VM 1] TASK3_LINUX_END status=PASS
[VM 1] TASK123_LINUX_END status=PASS

[Axvisor] attached VM[3] console; use Ctrl+X, then h to return to the shell
benchmark 10
msh />RTBENCH_PMU status=ready event=0x8 cycles_delta=1549 instructions_delta=1549
RTBENCH_BEGIN samples=10 frequency=62500000 pmu_event=0x8
RTBENCH_NS metric=timer_jitter run=1 expected=10 collected=10 missing=0 p50_ns=592 p95_ns=32688 p99_ns=32688 p99_9_ns=32688 max_ns=32688 mean_ns=7257
RTBENCH_NS metric=timer_jitter run=1 expected=10 collected=10 missing=0 p50_ns=592 p95_ns=32688 p99_ns=32688 p99_9_ns=32688 max_ns=32688 mean_ns=7257
RTBENCH_NS metric=timer_jitter run=1 expected=10 collected=10 missing=0 p50_ns=592 p95_ns=32688 p99_ns=32688 p99_9_ns=32688 max_ns=32688 mean_ns=7257
RTBENCH_NS metric=callback_exec run=1 expected=10 collected=10 missing=0 p50_ns=128 p95_ns=144 p99_ns=144 p99_9_ns=144 max_ns=144 mean_ns=132
RTBENCH_NS metric=callback_exec run=1 expected=10 collected=10 missing=0 p50_ns=128 p95_ns=144 p99_ns=144 p99_9_ns=144 max_ns=144 mean_ns=132
RTBENCH_NS metric=callback_exec run=1 expected=10 collected=10 missing=0 p50_ns=128 p95_ns=144 p99_ns=144 p99_9_ns=144 max_ns=144 mean_ns=132
RTBENCH_NS metric=timer_jitter run=2 expected=10 collected=10 missing=0 p50_ns=6448 p95_ns=201664 p99_ns=201664 p99_9_ns=201664 max_ns=201664 mean_ns=29478
RTBENCH_NS metric=timer_jitter run=2 expected=10 collected=10 missing=0 p50_ns=6448 p95_ns=201664 p99_ns=201664 p99_9_ns=201664 max_ns=201664 mean_ns=29478
RTBENCH_NS metric=timer_jitter run=2 expected=10 collected=10 missing=0 p50_ns=6448 p95_ns=201664 p99_ns=201664 p99_9_ns=201664 max_ns=201664 mean_ns=29478
RTBENCH_NS metric=callback_exec run=2 expected=10 collected=10 missing=0 p50_ns=128 p95_ns=144 p99_ns=144 p99_9_ns=144 max_ns=144 mean_ns=134
RTBENCH_NS metric=callback_exec run=2 expected=10 collected=10 missing=0 p50_ns=128 p95_ns=144 p99_ns=144 p99_9_ns=144 max_ns=144 mean_ns=134
RTBENCH_NS metric=callback_exec run=2 expected=10 collected=10 missing=0 p50_ns=128 p95_ns=144 p99_ns=144 p99_9_ns=144 max_ns=144 mean_ns=134
RTBENCH_NS metric=timer_jitter run=3 expected=10 collected=10 missing=0 p50_ns=4896 p95_ns=244720 p99_ns=244720 p99_9_ns=244720 max_ns=244720 mean_ns=52913
RTBENCH_NS metric=timer_jitter run=3 expected=10 collected=10 missing=0 p50_ns=4896 p95_ns=244720 p99_ns=244720 p99_9_ns=244720 max_ns=244720 mean_ns=52913
RTBENCH_NS metric=timer_jitter run=3 expected=10 collected=10 missing=0 p50_ns=4896 p95_ns=244720 p99_ns=244720 p99_9_ns=244720 max_ns=244720 mean_ns=52913
RTBENCH_NS metric=callback_exec run=3 expected=10 collected=10 missing=0 p50_ns=128 p95_ns=144 p99_ns=144 p99_9_ns=144 max_ns=144 mean_ns=131
RTBENCH_NS metric=callback_exec run=3 expected=10 collected=10 missing=0 p50_ns=128 p95_ns=144 p99_ns=144 p99_9_ns=144 max_ns=144 mean_ns=131
RTBENCH_NS metric=callback_exec run=3 expected=10 collected=10 missing=0 p50_ns=128 p95_ns=144 p99_ns=144 p99_9_ns=144 max_ns=144 mean_ns=131
RTBENCH_NS metric=preemption run=1 expected=10 collected=10 missing=0 p50_ns=608 p95_ns=624 p99_ns=624 p99_9_ns=624 max_ns=624 mean_ns=611
RTBENCH_NS metric=preemption run=1 expected=10 collected=10 missing=0 p50_ns=608 p95_ns=624 p99_ns=624 p99_9_ns=624 max_ns=624 mean_ns=611
RTBENCH_NS metric=preemption run=1 expected=10 collected=10 missing=0 p50_ns=608 p95_ns=624 p99_ns=624 p99_9_ns=624 max_ns=624 mean_ns=611
RTBENCH_NS metric=irq run=1 expected=10 collected=10 missing=0 p50_ns=25312 p95_ns=25312 p99_ns=25312 p99_9_ns=25312 max_ns=25312 mean_ns=25312
RTBENCH_NS metric=irq run=1 expected=10 collected=10 missing=0 p50_ns=25312 p95_ns=25312 p99_ns=25312 p99_9_ns=25312 max_ns=25312 mean_ns=25312
RTBENCH_NS metric=irq run=1 expected=10 collected=10 missing=0 p50_ns=25312 p95_ns=25312 p99_ns=25312 p99_9_ns=25312 max_ns=25312 mean_ns=25312
RTBENCH_NS metric=irq_to_task run=1 expected=10 collected=10 missing=0 p50_ns=26912 p95_ns=26912 p99_ns=26912 p99_9_ns=26912 max_ns=26912 mean_ns=26814
RTBENCH_NS metric=irq_to_task run=1 expected=10 collected=10 missing=0 p50_ns=26912 p95_ns=26912 p99_ns=26912 p99_9_ns=26912 max_ns=26912 mean_ns=26814
RTBENCH_NS metric=irq_to_task run=1 expected=10 collected=10 missing=0 p50_ns=26912 p95_ns=26912 p99_ns=26912 p99_9_ns=26912 max_ns=26912 mean_ns=26814
RTBENCH_NS metric=irq_disabled_duration run=1 expected=10 collected=10 missing=0 p50_ns=416 p95_ns=416 p99_ns=416 p99_9_ns=416 max_ns=416 mean_ns=416
RTBENCH_NS metric=irq_disabled_duration run=1 expected=10 collected=10 missing=0 p50_ns=416 p95_ns=416 p99_ns=416 p99_9_ns=416 max_ns=416 mean_ns=416
RTBENCH_NS metric=irq_disabled_duration run=1 expected=10 collected=10 missing=0 p50_ns=416 p95_ns=416 p99_ns=416 p99_9_ns=416 max_ns=416 mean_ns=416
RTBENCH_NS metric=mutex_inversion run=1 expected=10 collected=10 missing=0 p50_ns=2816 p95_ns=2832 p99_ns=2832 p99_9_ns=2832 max_ns=2832 mean_ns=2822
RTBENCH_NS metric=mutex_inversion run=1 expected=10 collected=10 missing=0 p50_ns=2816 p95_ns=2832 p99_ns=2832 p99_9_ns=2832 max_ns=2832 mean_ns=2822
RTBENCH_NS metric=mutex_inversion run=1 expected=10 collected=10 missing=0 p50_ns=2816 p95_ns=2832 p99_ns=2832 p99_9_ns=2832 max_ns=2832 mean_ns=2822
RTBENCH_NS metric=wake_under_load run=1 expected=10 collected=10 missing=0 p50_ns=608 p95_ns=624 p99_ns=624 p99_9_ns=624 max_ns=624 mean_ns=609
RTBENCH_NS metric=wake_under_load run=1 expected=10 collected=10 missing=0 p50_ns=608 p95_ns=624 p99_ns=624 p99_9_ns=624 max_ns=624 mean_ns=609
RTBENCH_NS metric=wake_under_load run=1 expected=10 collected=10 missing=0 p50_ns=608 p95_ns=624 p99_ns=624 p99_9_ns=624 max_ns=624 mean_ns=609
RTBENCH_NS metric=context_switch run=1 expected=10 collected=10 missing=0 p50_ns=416 p95_ns=432 p99_ns=432 p99_9_ns=432 max_ns=432 mean_ns=419
RTBENCH_NS metric=context_switch run=1 expected=10 collected=10 missing=0 p50_ns=416 p95_ns=432 p99_ns=432 p99_9_ns=432 max_ns=432 mean_ns=419
RTBENCH_NS metric=context_switch run=1 expected=10 collected=10 missing=0 p50_ns=416 p95_ns=432 p99_ns=432 p99_9_ns=432 max_ns=432 mean_ns=419
RTBENCH_NS metric=scheduler_decision run=1 expected=10 collected=10 missing=0 p50_ns=128 p95_ns=128 p99_ns=128 p99_9_ns=128 max_ns=128 mean_ns=124
RTBENCH_NS metric=scheduler_decision run=1 expected=10 collected=10 missing=0 p50_ns=128 p95_ns=128 p99_ns=128 p99_9_ns=128 max_ns=128 mean_ns=124
RTBENCH_NS metric=scheduler_decision run=1 expected=10 collected=10 missing=0 p50_ns=128 p95_ns=128 p99_ns=128 p99_9_ns=128 max_ns=128 mean_ns=124
RTBENCH_NS metric=sync_sem run=1 expected=10 collected=10 missing=0 p50_ns=336 p95_ns=352 p99_ns=352 p99_9_ns=352 max_ns=352 mean_ns=337
RTBENCH_NS metric=sync_sem run=1 expected=10 collected=10 missing=0 p50_ns=336 p95_ns=352 p99_ns=352 p99_9_ns=352 max_ns=352 mean_ns=337
RTBENCH_NS metric=sync_sem run=1 expected=10 collected=10 missing=0 p50_ns=336 p95_ns=352 p99_ns=352 p99_9_ns=352 max_ns=352 mean_ns=337
RTBENCH_NS metric=sync_mutex run=1 expected=10 collected=10 missing=0 p50_ns=448 p95_ns=448 p99_ns=448 p99_9_ns=448 max_ns=448 mean_ns=448
RTBENCH_NS metric=sync_mutex run=1 expected=10 collected=10 missing=0 p50_ns=448 p95_ns=448 p99_ns=448 p99_9_ns=448 max_ns=448 mean_ns=448
RTBENCH_NS metric=sync_mutex run=1 expected=10 collected=10 missing=0 p50_ns=448 p95_ns=448 p99_ns=448 p99_9_ns=448 max_ns=448 mean_ns=448
RTBENCH_NS metric=sync_mailbox run=1 expected=10 collected=10 missing=0 p50_ns=368 p95_ns=368 p99_ns=368 p99_9_ns=368 max_ns=368 mean_ns=363
RTBENCH_NS metric=sync_mailbox run=1 expected=10 collected=10 missing=0 p50_ns=368 p95_ns=368 p99_ns=368 p99_9_ns=368 max_ns=368 mean_ns=363
RTBENCH_NS metric=sync_mailbox run=1 expected=10 collected=10 missing=0 p50_ns=368 p95_ns=368 p99_ns=368 p99_9_ns=368 max_ns=368 mean_ns=363
RTBENCH_NS metric=irq_handler_exec run=1 expected=10 collected=10 missing=0 p50_ns=16 p95_ns=32 p99_ns=32 p99_9_ns=32 max_ns=32 mean_ns=17
RTBENCH_NS metric=irq_handler_exec run=1 expected=10 collected=10 missing=0 p50_ns=16 p95_ns=32 p99_ns=32 p99_9_ns=32 max_ns=32 mean_ns=17
RTBENCH_NS metric=irq_handler_exec run=1 expected=10 collected=10 missing=0 p50_ns=16 p95_ns=32 p99_ns=32 p99_9_ns=32 max_ns=32 mean_ns=17
RTBENCH_NS metric=deadline_miss_under_load run=1 expected=10 collected=10 missing=0 p50_ns=16 p95_ns=97616 p99_ns=97616 p99_9_ns=97616 max_ns=97616 mean_ns=19579
RTBENCH_NS metric=deadline_miss_under_load run=1 expected=10 collected=10 missing=0 p50_ns=16 p95_ns=97616 p99_ns=97616 p99_9_ns=97616 max_ns=97616 mean_ns=19579
RTBENCH_NS metric=deadline_miss_under_load run=1 expected=10 collected=10 missing=0 p50_ns=16 p95_ns=97616 p99_ns=97616 p99_9_ns=97616 max_ns=97616 mean_ns=19579
RTBENCH_NET_READY port=9878 expected=10
RTBENCH_NS metric=net_event_latency run=1 expected=10 collected=10 missing=0 p50_ns=84096 p95_ns=359184 p99_ns=359184 p99_9_ns=359184 max_ns=359184 mean_ns=137196
RTBENCH_NS metric=net_event_latency run=1 expected=10 collected=10 missing=0 p50_ns=84096 p95_ns=359184 p99_ns=359184 p99_9_ns=359184 max_ns=359184 mean_ns=137196
RTBENCH_NS metric=net_event_latency run=1 expected=10 collected=10 missing=0 p50_ns=84096 p95_ns=359184 p99_ns=359184 p99_9_ns=359184 max_ns=359184 mean_ns=137196
RTBENCH_NET_DIAGNOSTIC irq_dropped=0 irq_coalesced=0 probe_received=10 probe_acked=10 probe_no_irq=0 probe_duplicates=0 trigger_attempts=1 trigger_socket_failures=0 trigger_send_failures=0
RTBENCH_END status=PASS
qemu-system-aarch64: terminating on signal 15 from pid 3150237 (bash)
