[32m[I/rtdm.ofw] Booting RT-Thread on physical CPU 0x0[0m
[32m[I/rtdm.ofw] Machine model: linux,dummy-virt[0m
[32m[I/rtdm.ofw] Memory node(0) ranges: 0x0000000040000000 - 0x0000000080000000[0m
[32m[I/mm.memblock] System memory:[0m
[32m[I/mm.memblock]                    [0x0000000040000000, 0x0000000080000000][0m
[32m[I/mm.memblock] Reserved memory:[0m
[32m[I/mm.memblock]                    [0x0000000040200000, 0x0000000040335000][0m
[32m[I/mm.memblock]                    [0x0000000040335000, 0x0000000044335000][0m
[32m[I/mm.memblock]                    [0x0000000044335000, 0x0000000044535000][0m
[32m[I/mm.memblock]                    [0x0000000044535000, 0x0000000044635000][0m
[32m[I/mm.memblock] physical memory region [0x0000000040000000-0x0000000040200000] installed to system page[0m
[32m[I/mm.memblock] physical memory region [0x0000000044635000-0x0000000080000000] installed to system page[0m
[32m[I/mm.memblock] 1002 MB memory installed to system page[0m
[32m[I/osi.psci] Using PSCI v1.1 Function IDs[0m
[32m[I/rtdm.ofw] Console: uart0 (<no-node>)[0m

 \ | /
- RT -     Thread Operating System
 / | \     5.2.2 build Aug 20 2026 11:48:28
 2006 - 2024 Copyright by RT-Thread team
lwIP-2.1.2 initialized!
[32m[I/sal.skt] Socket Abstraction Layer initialize success.[0m
[32m[I/rtdm.mnt] File system initialization done[0m
Axvisor RT-Thread guest ready
msh />benchmark 100000
msh />RTBENCH_BEGIN samples=100000 frequency=62500000
RTIPC_FAILURE reason=no_network_device
[31m[E/rtipic.srv] RTIPC_SERVER_ERROR stage=netdev code=-255[0m
TASK3_RTOS_ERROR network-timeout
RTBENCH metric=timer_jitter run=1 expected=100000 collected=100000 missing=0 p50_ns=400 p95_ns=2208 p99_ns=8848 p99_9_ns=32768 max_ns=117904 miss_100us=2 miss_500us=0 miss_1ms=0 mean_ns=795
RTBENCH metric=callback_exec run=1 expected=100000 collected=100000 missing=0 p50_ns=112 p95_ns=144 p99_ns=448 p99_9_ns=9344 max_ns=35168 miss_100us=0 miss_500us=0 miss_1ms=0 mean_ns=149
RTBENCH metric=timer_jitter run=2 expected=100000 collected=100000 missing=0 p50_ns=400 p95_ns=2352 p99_ns=8416 p99_9_ns=20320 max_ns=89456 miss_100us=0 miss_500us=0 miss_1ms=0 mean_ns=764
RTBENCH metric=callback_exec run=2 expected=100000 collected=100000 missing=0 p50_ns=112 p95_ns=176 p99_ns=320 p99_9_ns=9280 max_ns=14192 miss_100us=0 miss_500us=0 miss_1ms=0 mean_ns=144
RTBENCH metric=timer_jitter run=3 expected=100000 collected=100000 missing=0 p50_ns=400 p95_ns=1888 p99_ns=10160 p99_9_ns=34576 max_ns=108544 miss_100us=2 miss_500us=0 miss_1ms=0 mean_ns=792
RTBENCH metric=callback_exec run=3 expected=100000 collected=100000 missing=0 p50_ns=112 p95_ns=160 p99_ns=416 p99_9_ns=9344 max_ns=13504 miss_100us=0 miss_500us=0 miss_1ms=0 mean_ns=146
RTBENCH metric=preemption run=1 expected=100000 collected=100000 missing=0 p50_ns=1904 p95_ns=2016 p99_ns=5648 p99_9_ns=11520 max_ns=25792 miss_100us=0 miss_500us=0 miss_1ms=0 mean_ns=2002
RTBENCH metric=irq run=1 expected=100000 collected=100000 missing=0 p50_ns=1648 p95_ns=2256 p99_ns=7936 p99_9_ns=11328 max_ns=43840 miss_100us=0 miss_500us=0 miss_1ms=0 mean_ns=1859
RTBENCH metric=irq_to_task run=1 expected=100000 collected=100000 missing=0 p50_ns=2432 p95_ns=2464 p99_ns=2832 p99_9_ns=7024 max_ns=25648 miss_100us=0 miss_500us=0 miss_1ms=0 mean_ns=2459
RTBENCH metric=irq_disabled_duration run=1 expected=100000 collected=100000 missing=0 p50_ns=224 p95_ns=240 p99_ns=240 p99_9_ns=560 max_ns=21648 miss_100us=0 miss_500us=0 miss_1ms=0 mean_ns=225
RTBENCH metric=mutex_inversion run=1 expected=100000 collected=100000 missing=0 p50_ns=5392 p95_ns=10688 p99_ns=11824 p99_9_ns=17488 max_ns=234896 miss_100us=1 miss_500us=0 miss_1ms=0 mean_ns=5595
RTBENCH metric=wake_under_load run=1 expected=100000 collected=100000 missing=0 p50_ns=1440 p95_ns=1472 p99_ns=1488 p99_9_ns=5488 max_ns=13328 miss_100us=0 miss_500us=0 miss_1ms=0 mean_ns=1454
RTBENCH_END status=PASS
