[32m[I/rtdm.ofw] Booting RT-Thread on physical CPU 0x0[0m
[32m[I/rtdm.ofw] Machine model: linux,dummy-virt[0m
[32m[I/rtdm.ofw] Memory node(0) ranges: 0x0000000040000000 - 0x0000000048000000[0m
[32m[I/mm.memblock] System memory:[0m
[32m[I/mm.memblock]                    [0x0000000040000000, 0x0000000048000000][0m
[32m[I/mm.memblock] Reserved memory:[0m
[32m[I/mm.memblock]                    [0x0000000040080000, 0x00000000401d6000][0m
[32m[I/mm.memblock]                    [0x00000000401d6000, 0x00000000441d6000][0m
[32m[I/mm.memblock]                    [0x00000000441d6000, 0x00000000443d6000][0m
[32m[I/mm.memblock]                    [0x00000000443d6000, 0x00000000444d6000][0m
[32m[I/mm.memblock] physical memory region [0x0000000040000000-0x0000000040080000] installed to system page[0m
[33m[W/mm.aspace] _mm_aspace_map_phy: not in range[0m
[32m[I/mm.memblock] physical memory region [0x00000000444d6000-0x0000000048000000] installed to system page[0m
[32m[I/mm.memblock] 62 MB memory installed to system page[0m
[32m[I/osi.psci] Using PSCI v1.1 Function IDs[0m
[32m[I/rtdm.ofw] Console: uart0 (<no-node>)[0m

 \ | /
- RT -     Thread Operating System
 / | \     5.2.2 build Aug 16 2026 00:59:58
 2006 - 2024 Copyright by RT-Thread team
lwIP-2.1.2 initialized!
[32m[I/sal.skt] Socket Abstraction Layer initialize success.[0m
[32m[I/rtdm.mnt] File system initialization done[0m
hello rt-thread
TASK3_RTOS_READY ip=192.168.77.30 port=9876
msh />TASK3_RTOS_STATS requests=47 errors=0 duplicates=0 retries=6
TASK3_RTOS_STATS requests=97 errors=0 duplicates=0 retries=12
TASK3_RTOS_STATS requests=148 errors=0 duplicates=0 retries=12
TASK3_RTOS_STATS requests=198 errors=0 duplicates=0 retries=22
TASK3_RTOS_STATS requests=248 errors=0 duplicates=0 retries=30
TASK3_RTOS_STATS requests=299 errors=0 duplicates=0 retries=30
TASK3_RTOS_STATS requests=349 errors=0 duplicates=0 retries=30
TASK3_RTOS_STATS requests=399 errors=0 duplicates=0 retries=32
TASK3_RTOS_STATS requests=450 errors=0 duplicates=0 retries=42
TASK3_RTOS_STATS requests=500 errors=0 duplicates=0 retries=42
TASK3_RTOS_STATS requests=550 errors=0 duplicates=0 retries=42
TASK3_RTOS_STATS requests=600 errors=0 duplicates=0 retries=44
TASK3_RTOS_STATS requests=653 errors=0 duplicates=0 retries=46
TASK3_RTOS_STATS requests=703 errors=0 duplicates=0 retries=52
TASK3_RTOS_STATS requests=753 errors=0 duplicates=0 retries=54
TASK3_RTOS_STATS requests=804 errors=0 duplicates=0 retries=54
TASK3_RTOS_STATS requests=854 errors=0 duplicates=0 retries=56
TASK3_RTOS_STATS requests=904 errors=0 duplicates=0 retries=58
TASK3_RTOS_STATS requests=955 errors=0 duplicates=0 retries=60
TASK3_RTOS_STATS requests=1005 errors=0 duplicates=0 retries=62
TASK3_RTOS_STATS requests=1055 errors=0 duplicates=0 retries=64
TASK3_RTOS_STATS requests=1106 errors=0 duplicates=0 retries=68
TASK3_RTOS_STATS requests=1156 errors=0 duplicates=0 retries=70
TASK3_RTOS_FINAL requests=1203 errors=0 duplicates=0 applied_steps=600 retries=72
qemu-system-aarch64: terminating on signal 15 from pid 2409824 (/bin/sh)
