root=/dev/nvme0n1 rw init=/bin/sh
VM Load @PA:0x40200000
VM Load Offset: 0xffff0000c0200000
Memory Map:
  Free   0x00000040000000 - 0x00000040200000 (2 MiB)
  KImg   0x00000040200000 - 0x00000043a00000 (56 MiB)
  Free   0x00000043a00000 - 0x00000240000000 (7.94 GiB)
Initialize RAM allocator: 0x43a00000..0x240000000
Reserving CPU-local areas
CPU-local area stride: 0x44000 bytes
Total CPU-local allocation: 0x110000 bytes (4 CPUs)
Flushed RAM used range to memory map: 0x43a00000..0x43b00000, current: 0x43b00000
Flushed RAM used range to memory map: 0x43b00000..0x43c10000, current: 0x43c10000
CPU-local areas allocated at 0x43b00000 - 0x43c10000
EL: 2
Mapping early memory regions...
Ram                 : [0x0000000040000000, 0x0000000240000000) -> [0x0000000040000000, 0x0000000240000000) (8 GiB)
KImage              : [0x0000ffff80000000, 0x0000ffff83800000) -> [0x0000000040200000, 0x0000000043a00000) (56 MiB)
PerCpu              : [0x0000ff0043b00000, 0x0000ff0043c10000) -> [0x0000000043b00000, 0x0000000043c10000) (1.06 MiB)
Debug serial        : [0x0000000009000000, 0x0000000009001000) -> [0x0000000009000000, 0x0000000009001000) (4 KiB)
Boot page table at physical address: PA:0x43c10000
Setting up table registers...
MMU Entry point at physical address: 0x4045c500
Trap vector at 0xffff80260000
Memory Map:
  MMIO   0x00000009000000 - 0x00000009001000 (4 KiB)
  Free   0x00000040000000 - 0x00000040200000 (2 MiB)
  KImg   0x00000040200000 - 0x00000043a00000 (56 MiB)
  Rsv    0x00000043a00000 - 0x00000043b00000 (1 MiB)
  PerCPU 0x00000043b00000 - 0x00000043c10000 (1.06 MiB)
  Rsv    0x00000043c10000 - 0x00000043c1a000 (40 KiB)
  Free   0x00000043c1a000 - 0x00000240000000 (7.94 GiB)
Jumping to main entry point at 0xffff8024432c with SP 0x0000ff0043b44000

       d8888                            .d88888b.   .d8888b.
      d88888                           d88P" "Y88b d88P  Y88b
     d88P888                           888     888 Y88b.
    d88P 888 888d888  .d8888b  .d88b.  888     888  "Y888b.
   d88P  888 888P"   d88P"    d8P  Y8b 888     888     "Y88b.
  d88P   888 888     888      88888888 888     888       "888
 d8888888888 888     Y88b.    Y8b.     Y88b. .d88P Y88b  d88P
d88P     888 888      "Y8888P  "Y8888   "Y88888P"   "Y8888P"

arch = aarch64
platform = linux,dummy-virt
target = aarch64-unknown-none-softfloat
build_mode = 
log_level = info
backtrace = false
smp = 3

[37m[  0.048791 ax_runtime:220] [32mLogging is enabled.[m
[m[37m[  0.049079 ax_runtime:221] [32mPrimary CPU 0 started, arg = 0x43a00000.[m
[m[37m[  0.049161 ax_runtime:223] [32mFound physcial memory regions:[m
[m[37m[  0.049885 ax_runtime:225] [32m  [PA:0x9000000, PA:0x9001000) mmio (READ | WRITE | DEVICE | RESERVED)[m
[m[37m[  0.050059 ax_runtime:225] [32m  [PA:0x40000000, PA:0x40200000) free memory (READ | WRITE | FREE)[m
[m[37m[  0.050167 ax_runtime:225] [32m  [PA:0x40200000, PA:0x43a00000) reserved (READ | WRITE | EXECUTE | RESERVED)[m
[m[37m[  0.050268 ax_runtime:225] [32m  [PA:0x43a00000, PA:0x43b00000) reserved (READ | WRITE | EXECUTE | RESERVED)[m
[m[37m[  0.050363 ax_runtime:225] [32m  [PA:0x43b00000, PA:0x43c10000) reserved (READ | WRITE | EXECUTE | RESERVED)[m
[m[37m[  0.050459 ax_runtime:225] [32m  [PA:0x43c10000, PA:0x43c1a000) reserved (READ | WRITE | EXECUTE | RESERVED)[m
[m[37m[  0.050554 ax_runtime:225] [32m  [PA:0x43c1a000, PA:0x240000000) free memory (READ | WRITE | FREE)[m
[m[37m[  0.050655 ax_runtime:373] [32mInitialize global memory allocator...[m
[m[37m[  0.050735 ax_runtime:374] [32m  use buddy-slab-allocator allocator.[m
[m[37m[  0.050880 ax_alloc::buddy_slab:158] [32mInitialize global memory allocator, start_vaddr: 0x43c1a000, size: 0x1fc3e6000[m
[m[37m[  0.056151 ax_alloc::buddy_slab:424] [32mglobal allocator initialized[m
[m[37m[  0.056290 ax_alloc::buddy_slab:168] [32mAdd memory region, start_vaddr: 0x40000000, size: 0x200000[m
[m[37m[  0.056423 buddy_slab_allocator::global:151] [32mGlobalAllocator: skip region 0x40000000+0x200000, no allocator-visible memory after 2097152 alignment[m
[m[37m[  0.056675 ax_runtime:260] [32mkernel aspace: [VA:0x0, VA:0xffffffffffffffff)[m
[m[37m[  0.056816 ax_mm:103] [32mInitialize virtual memory management...[m
[m[37m[  0.566477 ax_runtime:272] [32mInitialize platform devices...[m
[m[37m[  0.571699 someboot::arch::power:23] [32mPower management method : SMC[m
[m[37m[  0.571864 somehal::driver:5] [32mInitializing rdrive with FDT at 0x43a00000[m
[m[37m[  0.582372 somehal::arch::gic::v3:284] [32mGICv3 CPU 0 EOI mode: two_step=true[m
[m[37m[  0.588021 ax_task::api:137] [32mInitialize scheduling...[m
[m[37m[  0.589084 ax_task::api:145] [32m  use Round-robin scheduler.[m
[m[37m[  0.589372 ax_runtime:298] [32mInitialize interrupt handlers...[m
[m[37m[  0.591074 ax_runtime::devices:2] [32mProbe platform devices...[m
[m[37m[  0.611650 ax_driver::block::nvme:42] [32mNVMe PCI endpoint 0000:00:01.0: BAR0=0x8000000000..0x8000004000, int_pin=1, int_line=0[m
[m[37m[  0.621900 nvme_driver::nvme:161] [32mNVME @0x8000000000 deferred init, version: 1.4.0[m
[m[37m[  0.622407 ax_driver::block::nvme:74] [32mNVMe block device registered at 0000:00:01.0 with 65 MSI-X vectors[m
[m[37m[  0.626930 ax_fs_ng::block::runtime::lifecycle::device:300] [32mblock device nvme IRQ source 0 (IrqId { domain: IrqDomainId(9), hwirq: HwIrq(0) }) fixed to CPU 0 for queue mask 0x0[m
[m[37m[  0.644626 ax_fs_ng::block::runtime::hctx:177] [32mblock hctx 0 bound to CPU 0 with hardware depth 63[m
[m[37m[  0.645039 ax_fs_ng::block::runtime::lifecycle::device:300] [32mblock device nvme IRQ source 1 (IrqId { domain: IrqDomainId(9), hwirq: HwIrq(1) }) fixed to CPU 0 for queue mask 0x1[m
[m[37m[  0.650340 ax_fs_ng::root:341] [32m    raw device fs=Some(Ext4)[m
[m[37m[  0.650515 ax_fs_ng::root:372] [32m  block device 0 (nvme) has no usable partition table; treating the whole disk as a candidate[m
[m[37m[  0.650877 ax_fs_ng::root:481] [32m  matched root by raw device path on disk0 raw device[m
[m[37m[  0.651234 ax_fs_ng:86] [32mInitialize filesystem subsystem...[m
[m[37m[  0.651312 ax_fs_ng:87] [32m  selected root device: disk0 raw device[m
[m[37m[  0.653796 rsext4::crc32c::arm64:54] [33mID_AA64ISAR0_EL1[19:16]: 0x1[m
[m[37m[  0.653891 rsext4::crc32c::arm64:57] [33mHardware CRC32C support detected.[m
[m[37m[  0.659142 rsext4::ext4::mount:331] [32m/lost+found exists (superblock hint inode=11)[m
[m[37m[  0.660101 rsext4::ext4::mount:466] [32mExt4 filesystem mounted[m
[m[37m[  0.660187 rsext4::ext4::mount:467] [32m  - block size: 4096 bytes[m
[m[37m[  0.660272 rsext4::ext4::mount:468] [32m  - total blocks: 8192[m
[m[37m[  0.660346 rsext4::ext4::mount:469] [32m  - free blocks: 1226[m
[m[37m[  0.660420 rsext4::ext4::mount:470] [32m  - total inodes: 8192[m
[m[37m[  0.660493 rsext4::ext4::mount:471] [32m  - free inodes: 8151[m
[m[37m[  0.660574 rsext4::ext4::sync:13] [32mSyncing filesystem...[m
[m[37m[  0.666455 rsext4::ext4::mount:550] [32mExt4 filesystem mounted[m
[m[37m[  0.666876 ax_fs_ng:99] [32m  filesystem type: "ext4"[m
[m[37m[  0.673850 somehal::arch::gic::v3:284] [32mGICv3 CPU 1 EOI mode: two_step=true[m
[m[37m[  0.674142 ax_runtime::mp:79] [32mSecondary CPU 1 started.[m
[m[37m[  0.674681 ax_runtime::mp:110] [32mSecondary CPU 1 init OK.[m
[m[37m[  0.680334 somehal::arch::gic::v3:284] [32mGICv3 CPU 2 EOI mode: two_step=true[m
[m[37m[  0.680631 ax_runtime::mp:79] [32mSecondary CPU 2 started.[m
[m[37m[  0.680664 ax_runtime:346] [32mPrimary CPU 0 init OK.[m
[m[37m[  0.680949 ax_runtime::mp:110] [32mSecondary CPU 2 init OK.[m
[m[37m[  0.686120 0:4 ax_fs_ng::block::runtime::hctx:177] [32mblock hctx 1 bound to CPU 1 with hardware depth 63[m
[m[37m[  0.686307 0:4 ax_fs_ng::block::runtime::hctx:177] [32mblock hctx 2 bound to CPU 2 with hardware depth 63[m
[m[37m[  0.686606 0:4 ax_fs_ng::block::runtime::lifecycle::device:300] [32mblock device nvme IRQ source 2 (IrqId { domain: IrqDomainId(9), hwirq: HwIrq(2) }) fixed to CPU 1 for queue mask 0x2[m
[m[37m[  0.686863 0:4 ax_fs_ng::block::runtime::lifecycle::device:300] [32mblock device nvme IRQ source 3 (IrqId { domain: IrqDomainId(9), hwirq: HwIrq(3) }) fixed to CPU 2 for queue mask 0x4[m
[m[37m[  0.688163 0:2 ax_fs_ng::block::runtime::lifecycle::device:385] [32mblock device nvme online with 3 hctxs across 3 CPUs[m
[m

       d8888            888     888  d8b
      d88888            888     888  Y8P
     d88P888            888     888
    d88P 888  888  888  Y88b   d88P  888  .d8888b    .d88b.   888d888
   d88P  888  `Y8bd8P'   Y88b d88P   888  88K       d88""88b  888P"
  d88P   888    X88K      Y88o88P    888  "Y8888b.  888  888  888
 d8888888888  .d8""8b.     Y888P     888       X88  Y88..88P  888
d88P     888  888  888      Y8P      888   88888P'   "Y88P"   888


by AxVisor Team

[37m[  0.690124 0:2 axvisor:73] [32mStarting virtualization...[m
[m[37m[  0.690243 0:2 axvm::host::arceos:349] [32mEnabling hardware virtualization support on all cores...[m
[m[37m[  0.690390 0:2 axvm::host::arceos:355] [32mCore 0 is initializing hardware virtualization support...[m
[m[37m[  0.690501 0:2 axvm::timer:318] [32mInitializing AxVM timer wheel...[m
[m[37m[  0.694651 0:2 axvm::host::arceos:357] [32mHardware virtualization support enabled on core 0[m
[m[37m[  0.695061 1:15 axvm::host::arceos:367] [32mCore 1 is initializing hardware virtualization support...[m
[m[37m[  0.695130 0:2 axvm::host::arceos:383] [32mWaiting for all cores to enable hardware virtualization...[m
[m[37m[  0.695168 2:16 axvm::host::arceos:367] [32mCore 2 is initializing hardware virtualization support...[m
[m[37m[  0.695334 1:15 axvm::timer:318] [32mInitializing AxVM timer wheel...[m
[m[37m[  0.695631 2:16 axvm::timer:318] [32mInitializing AxVM timer wheel...[m
[m[37m[  0.696113 1:15 axvm::host::arceos:370] [32mHardware virtualization support enabled on core 1[m
[m[37m[  0.696116 2:16 axvm::host::arceos:370] [32mHardware virtualization support enabled on core 2[m
[m[37m[  0.696348 0:2 axvm::host::arceos:399] [32mAll cores have enabled hardware virtualization support.[m
[m[37m[  0.700415 0:2 axvisor::manager:143] [32mNOT find dir: /guest/vm_default in filesystem[m
[m[37m[  0.700591 0:2 axvisor::config:90] [32mUsing static VM configs.[m
[m[37m[  0.713539 0:2 axvm::arch::aarch64::fdt::core:79] [32mVM[1] virtual GIC follows host firmware resources: GuestGicProfile { compatible: "arm,gic-v3", node_path: "/intc@8000000", node_phandle: Some(32773), distributor: GuestMmioRegion { base: 134217728, length: 65536 }, cpu_region: Redistributors(GuestGicRedistributorProfile { regions: [GuestMmioRegion { base: 134873088, length: 16121856 }], stride: 131072 }), its: [GuestItsProfile { id: ItsId(0), node_path: "/intc@8000000/its@8080000", node_phandle: Some(32774), registers: GuestMmioRegion { base: 134742016, length: 131072 } }] }[m
[m[37m[  0.715762 0:2 axvm::arch::aarch64::fdt::core:93] [32mVM[1] architectural timer follows host firmware PPIs[m
[m[37m[  0.719817 0:2 axvm::arch::aarch64::fdt::core::parser:442] [32mCPU node: /cpus/cpu@0, node_id: 0x0, hardware_cpu_id: 0x0[m
[m[37m[  0.719978 0:2 axvm::arch::aarch64::fdt::core::parser:442] [32mCPU node: /cpus/cpu@1, node_id: 0x1, hardware_cpu_id: 0x1[m
[m[37m[  0.720119 0:2 axvm::arch::aarch64::fdt::core::parser:442] [32mCPU node: /cpus/cpu@2, node_id: 0x2, hardware_cpu_id: 0x2[m
[m[37m[  0.720243 0:2 axvm::arch::aarch64::fdt::core::parser:442] [32mCPU node: /cpus/cpu@3, node_id: 0x3, hardware_cpu_id: 0x3[m
[m[37m[  0.720422 0:2 axvm::arch::aarch64::fdt::core::parser:449] [32mFound 4 host CPU nodes[m
[m[37m[  0.720807 0:2 axvm::arch::aarch64::fdt::core:144] [32mVM[1] DTB not found, generating from the VM configuration[m
[m[37m[  0.733503 0:2 axvm::arch::aarch64::fdt::core::device:96] [32mFound excluded devices: ["/virtio_mmio@a000000", "/virtio_mmio@a000200", "/virtio_mmio@a000400", "/virtio_mmio@a000600", "/virtio_mmio@a000800", "/virtio_mmio@a000a00", "/virtio_mmio@a000c00", "/virtio_mmio@a000e00", "/virtio_mmio@a001000", "/virtio_mmio@a001200", "/virtio_mmio@a001400", "/virtio_mmio@a001600", "/virtio_mmio@a001800", "/virtio_mmio@a001a00", "/virtio_mmio@a001c00", "/virtio_mmio@a001e00", "/virtio_mmio@a002000", "/virtio_mmio@a002200", "/virtio_mmio@a002400", "/virtio_mmio@a002600", "/virtio_mmio@a002800", "/virtio_mmio@a002a00", "/virtio_mmio@a002c00", "/virtio_mmio@a002e00", "/virtio_mmio@a003000", "/virtio_mmio@a003200", "/virtio_mmio@a003400", "/virtio_mmio@a003600", "/virtio_mmio@a003800", "/virtio_mmio@a003a00", "/virtio_mmio@a003c00", "/virtio_mmio@a003e00", "/pcie@10000000", "/pl061@9030000", "/pl031@9010000", "/gpio-key-poweroff", "/intc@8000000", "/pl011@9000000", "/timer", "/intc@8000000/its@8080000"][m
[m[37m[  0.741957 0:2 axvm::arch::aarch64::fdt::core::device:96] [32mFound excluded devices: ["/virtio_mmio@a000000", "/virtio_mmio@a000200", "/virtio_mmio@a000400", "/virtio_mmio@a000600", "/virtio_mmio@a000800", "/virtio_mmio@a000a00", "/virtio_mmio@a000c00", "/virtio_mmio@a000e00", "/virtio_mmio@a001000", "/virtio_mmio@a001200", "/virtio_mmio@a001400", "/virtio_mmio@a001600", "/virtio_mmio@a001800", "/virtio_mmio@a001a00", "/virtio_mmio@a001c00", "/virtio_mmio@a001e00", "/virtio_mmio@a002000", "/virtio_mmio@a002200", "/virtio_mmio@a002400", "/virtio_mmio@a002600", "/virtio_mmio@a002800", "/virtio_mmio@a002a00", "/virtio_mmio@a002c00", "/virtio_mmio@a002e00", "/virtio_mmio@a003000", "/virtio_mmio@a003200", "/virtio_mmio@a003400", "/virtio_mmio@a003600", "/virtio_mmio@a003800", "/virtio_mmio@a003a00", "/virtio_mmio@a003c00", "/virtio_mmio@a003e00", "/pcie@10000000", "/pl061@9030000", "/pl031@9010000", "/gpio-key-poweroff", "/intc@8000000", "/pl011@9000000", "/timer", "/intc@8000000/its@8080000"][m
[m[37m[  0.743760 0:2 axvisor::config:137] [32mCreating VM[1] "linux-net"[m
[m[37m[  0.744217 0:2 axvm::arch::aarch64::vgic::plan:214] [32massigned_spis: 0 passthrough interrupts configured[m
[m[37m[  0.755820 0:2 axvm::vm:821] [32mVM created: id=1[m
[m[37m[  0.756782 0:2 axvisor::config:149] [32mVM[1] created success, loading images...[m
[m[37m[  0.837214 0:2 axvm::boot::images:137] [32mLoading ramdisk image from memory (2948608 bytes) into GPA @0x8c000000[m
[m[37m[  0.854090 0:2 axdevice::device:1232] [32mDeviceRuntime: registered device id=0[m
[m[37m[  0.854404 0:2 axdevice::device:1232] [32mDeviceRuntime: registered device id=1[m
[m[37m[  0.854542 0:2 axdevice::device:1232] [32mDeviceRuntime: registered device id=2[m
[m[37m[  0.855815 0:2 axdevice::device:1232] [32mDeviceRuntime: registered device id=3[m
[m[37m[  0.857249 0:2 axdevice::device:1232] [32mDeviceRuntime: registered device id=4[m
[m[37m[  0.859712 0:2 axvm::vm::prepare:82] [32mVM setup: id=1[m
[m[37m[  0.863147 0:2 axvm::arch::aarch64::fdt::core:79] [32mVM[3] virtual GIC follows host firmware resources: GuestGicProfile { compatible: "arm,gic-v3", node_path: "/intc@8000000", node_phandle: Some(32773), distributor: GuestMmioRegion { base: 134217728, length: 65536 }, cpu_region: Redistributors(GuestGicRedistributorProfile { regions: [GuestMmioRegion { base: 134873088, length: 16121856 }], stride: 131072 }), its: [GuestItsProfile { id: ItsId(0), node_path: "/intc@8000000/its@8080000", node_phandle: Some(32774), registers: GuestMmioRegion { base: 134742016, length: 131072 } }] }[m
[m[37m[  0.863752 0:2 axvm::arch::aarch64::fdt::core:93] [32mVM[3] architectural timer follows host firmware PPIs[m
[m[37m[  0.867226 0:2 axvm::arch::aarch64::fdt::core::parser:442] [32mCPU node: /cpus/cpu@0, node_id: 0x0, hardware_cpu_id: 0x0[m
[m[37m[  0.867355 0:2 axvm::arch::aarch64::fdt::core::parser:442] [32mCPU node: /cpus/cpu@1, node_id: 0x1, hardware_cpu_id: 0x1[m
[m[37m[  0.867478 0:2 axvm::arch::aarch64::fdt::core::parser:442] [32mCPU node: /cpus/cpu@2, node_id: 0x2, hardware_cpu_id: 0x2[m
[m[37m[  0.867599 0:2 axvm::arch::aarch64::fdt::core::parser:442] [32mCPU node: /cpus/cpu@3, node_id: 0x3, hardware_cpu_id: 0x3[m
[m[37m[  0.867746 0:2 axvm::arch::aarch64::fdt::core::parser:449] [32mFound 4 host CPU nodes[m
[m[37m[  0.867843 0:2 axvm::arch::aarch64::fdt::core:144] [32mVM[3] DTB not found, generating from the VM configuration[m
[m[37m[  0.876155 0:2 axvm::arch::aarch64::fdt::core::device:96] [32mFound excluded devices: ["/virtio_mmio@a000000", "/virtio_mmio@a000200", "/virtio_mmio@a000400", "/virtio_mmio@a000600", "/virtio_mmio@a000800", "/virtio_mmio@a000a00", "/virtio_mmio@a000c00", "/virtio_mmio@a000e00", "/virtio_mmio@a001000", "/virtio_mmio@a001200", "/virtio_mmio@a001400", "/virtio_mmio@a001600", "/virtio_mmio@a001800", "/virtio_mmio@a001a00", "/virtio_mmio@a001c00", "/virtio_mmio@a001e00", "/virtio_mmio@a002000", "/virtio_mmio@a002200", "/virtio_mmio@a002400", "/virtio_mmio@a002600", "/virtio_mmio@a002800", "/virtio_mmio@a002a00", "/virtio_mmio@a002c00", "/virtio_mmio@a002e00", "/virtio_mmio@a003000", "/virtio_mmio@a003200", "/virtio_mmio@a003400", "/virtio_mmio@a003600", "/virtio_mmio@a003800", "/virtio_mmio@a003a00", "/virtio_mmio@a003c00", "/virtio_mmio@a003e00", "/pcie@10000000", "/pl061@9030000", "/pl031@9010000", "/gpio-key-poweroff", "/intc@8000000", "/pl011@9000000", "/timer", "/intc@8000000/its@8080000"][m
[m[37m[  0.882324 0:2 axvm::arch::aarch64::fdt::core::device:96] [32mFound excluded devices: ["/virtio_mmio@a000000", "/virtio_mmio@a000200", "/virtio_mmio@a000400", "/virtio_mmio@a000600", "/virtio_mmio@a000800", "/virtio_mmio@a000a00", "/virtio_mmio@a000c00", "/virtio_mmio@a000e00", "/virtio_mmio@a001000", "/virtio_mmio@a001200", "/virtio_mmio@a001400", "/virtio_mmio@a001600", "/virtio_mmio@a001800", "/virtio_mmio@a001a00", "/virtio_mmio@a001c00", "/virtio_mmio@a001e00", "/virtio_mmio@a002000", "/virtio_mmio@a002200", "/virtio_mmio@a002400", "/virtio_mmio@a002600", "/virtio_mmio@a002800", "/virtio_mmio@a002a00", "/virtio_mmio@a002c00", "/virtio_mmio@a002e00", "/virtio_mmio@a003000", "/virtio_mmio@a003200", "/virtio_mmio@a003400", "/virtio_mmio@a003600", "/virtio_mmio@a003800", "/virtio_mmio@a003a00", "/virtio_mmio@a003c00", "/virtio_mmio@a003e00", "/pcie@10000000", "/pl061@9030000", "/pl031@9010000", "/gpio-key-poweroff", "/intc@8000000", "/pl011@9000000", "/timer", "/intc@8000000/its@8080000"][m
[m[37m[  0.883760 0:2 axvisor::config:137] [32mCreating VM[3] "rtthread-net"[m
[m[37m[  0.883851 0:2 axvm::arch::aarch64::vgic::plan:214] [32massigned_spis: 0 passthrough interrupts configured[m
[m[37m[  0.885070 0:2 axvm::vm:821] [32mVM created: id=3[m
[m[37m[  0.885226 0:2 axvisor::config:149] [32mVM[3] created success, loading images...[m
[m[37m[  0.889899 0:2 axdevice::device:1232] [32mDeviceRuntime: registered device id=0[m
[m[37m[  0.889990 0:2 axdevice::device:1232] [32mDeviceRuntime: registered device id=1[m
[m[37m[  0.890069 0:2 axdevice::device:1232] [32mDeviceRuntime: registered device id=2[m
[m[37m[  0.890228 0:2 axdevice::device:1232] [32mDeviceRuntime: registered device id=3[m
[m[37m[  0.890650 0:2 axdevice::device:1232] [32mDeviceRuntime: registered device id=4[m
[m[37m[  0.890826 0:2 axvm::vm::prepare:82] [32mVM setup: id=3[m
[m[37m[  0.891081 0:2 axvm::runtime:42] [32mInitializing VMM...[m
[m[37m[  0.891588 0:2 axvm::runtime:53] [32mVMM starting, booting VMs...[m
[m[37m[  0.891761 0:2 axvm::vm:1046] [32mStarting VM[1][m
[m[37m[  0.891881 0:2 axvm::runtime::vcpus:343] [32mSpawning task for VM[1] VCpu[0][m
[m[37m[  0.892224 0:2 axvm::runtime::vcpus:360] [32mVCpu task Task(19, "VM[1]-VCpu[0]") created cpumask: [0, 1, ][m
[m[37m[  0.894010 0:2 axvm::runtime:61] [32mVM[1] boot success[m
[m[37m[  0.894083 0:2 axvm::vm:1046] [32mStarting VM[3][m
[m[37m[  0.894139 0:2 axvm::runtime::vcpus:343] [32mSpawning task for VM[3] VCpu[0][m
[m[37m[  0.894236 0:2 axvm::runtime::vcpus:360] [32mVCpu task Task(21, "VM[3]-VCpu[0]") created cpumask: [2, ][m
[m[37m[  0.894521 0:2 axvm::runtime:61] [32mVM[3] boot success[m
[m[37m[  0.894727 2:21 axvm::runtime::vcpus:414] [32mVM[3] VCpu[0] waiting for running[m
[m[37m[  0.895147 2:21 axvm::runtime::vcpus:456] [32mVM[3] VCpu[0] running...[m
[m[37m[  0.896380 0:2 axvisor:89] [32m[OK] Default guest initialized[m
[m[37m[  0.896873 0:19 axvm::runtime::vcpus:414] [32mVM[1] VCpu[0] waiting for running[m
[m[37m[  0.896999 0:19 axvm::runtime::vcpus:456] [32mVM[1] VCpu[0] running...[m
[m[VM 3] [32m[I/rtdm.ofw] Booting RT-Thread on physical CPU 0x0[0m
[VM 3] [32m[I/rtdm.ofw] Machine model: linux,dummy-virt[0m
[VM 3] [32m[I/rtdm.ofw] Memory node(0) ranges: 0x00000000a0000000 - 0x00000000b0000000[0m
[VM 3] [32m[I/mm.memblock] System memory:[0m
[VM 3] [32m[I/mm.memblock]                    [0x00000000a0000000, 0x00000000b0000000][0m
[VM 3] [32m[I/mm.memblock] Reserved memory:[0m
[VM 3] [32m[I/mm.memblock]                    [0x00000000a0000000, 0x00000000a0102000][0m
[VM 3] [32m[I/mm.memblock]                    [0x00000000a0102000, 0x00000000a4102000][0m
[37m[  0.940795 0:19 axvm::runtime::hvc:258] [32mVM[1] PSCI_FEATURES function_id=0x80000000[m
[m[VM 3] [32m[I/mm.memblock]                    [0x00000000a4102000, 0x00000000a4302000][0m
[37m[  0.941520 0:19 axvm::runtime::hvc:258] [32mVM[1] PSCI_FEATURES function_id=0xc4000001[m
[m[37m[  0.941792 0:19 axvm::runtime::hvc:258] [32mVM[1] PSCI_FEATURES function_id=0xc400000e[m
[m[37m[  0.942012 0:19 axvm::runtime::hvc:258] [32mVM[1] PSCI_FEATURES function_id=0xc4000012[m
[m[37m[  0.942217 0:19 axvm::runtime::hvc:258] [32mVM[1] PSCI_FEATURES function_id=0xc4000015[m
[m[VM 3] [32m[I/mm.memblock]                    [0x00000000a4302000, 0x00000000a4303000][0m
[VM 3] [32m[I/mm.memblock] physical memory region [0x00000000a4303000-0x00000000b0000000] installed to system page[0m
[VM 3] [32m[I/mm.memblock] 198 MB memory installed to system page[0m
[VM 3] [32m[I/osi.psci] Using PSCI v1.1 Function IDs[0m
[VM 3] [32m[I/rtdm.ofw] Console: uart0 (<no-node>)[0m
[VM 3] 
[VM 3]  \ | /
[VM 3] - RT -     Thread Operating System
[VM 3]  / | \     5.2.2 build Aug 16 2026 05:42:35
[VM 3]  2006 - 2024 Copyright by RT-Thread team
[VM 3] lwIP-2.1.2 initialized!
[37m[  1.029146 0:19 axvisor::virtio_net:501] [33mvirtio-net drops an ingress frame: NotReady[m
[m[VM 3] [32m[I/sal.skt] Socket Abstraction Layer initialize success.[0m
[VM 3] [32m[I/rtdm.mnt] File system initialization done[0m
[37m[  1.048151 0:19 axvm::runtime::hvc:272] [32mVM[1] PSCI_CPU_ON target=0x1 entry=0x81e3f570 context=0x0[m
[m[37m[  1.048671 0:19 axvm::runtime::vcpus:343] [32mSpawning task for VM[1] VCpu[1][m
[m[37m[  1.048816 0:19 axvm::runtime::vcpus:360] [32mVCpu task Task(24, "VM[1]-VCpu[1]") created cpumask: [0, 1, ][m
[m[37m[  1.049230 0:24 axvm::runtime::vcpus:414] [32mVM[1] VCpu[1] waiting for running[m
[m[37m[  1.049636 0:24 axvm::runtime::vcpus:456] [32mVM[1] VCpu[1] running...[m
[m[VM 3] Axvisor RT-Thread guest ready
[VM 1] [    0.000000] Booting Linux on physical CPU 0x0000000000 [0x410fd083]
[VM 1] [    0.000000] Linux version 6.18.0-rc6-gfd95357fd8c6-dirty (runner@s1lqc) (aarch64-linux-gnu-gcc (Ubuntu 13.3.0-6ubuntu2~24.04) 13.3.0, GNU ld (GNU Binutils for Ubuntu) 2.42) #25 SMP PREEMPT Fri Mar 20 11:22:05 CST 2026
[VM 1] [    0.000000] KASLR disabled due to lack of seed
[VM 1] [    0.000000] Machine model: linux,dummy-virt
[VM 1] [    0.000000] efi: UEFI not found.
[VM 1] [    0.000000] OF: reserved mem: Reserved memory: No reserved-memory node in the DT
[VM 1] [    0.000000] NUMA: Faking a node at [mem 0x0000000080000000-0x000000009fffffff]
[VM 1] [    0.000000] NODE_DATA(0) allocated [mem 0x9ff06f40-0x9ff095bf]
[VM 1] [    0.000000] Zone ranges:
[VM 1] [    0.000000]   DMA      [mem 0x0000000080000000-0x000000009fffffff]
[VM 1] [    0.000000]   DMA32    empty
[VM 1] [    0.000000]   Normal   empty
[VM 1] [    0.000000] Movable zone start for each node
[VM 1] [    0.000000] Early memory node ranges
[VM 1] [    0.000000]   node   0: [mem 0x0000000080000000-0x000000009fffffff]
[VM 1] [    0.000000] Initmem setup node 0 [mem 0x0000000080000000-0x000000009fffffff]
[VM 1] [    0.000000] cma: Reserved 32 MiB at 0x000000009d600000
[VM 1] [    0.000000] psci: probing for conduit method from DT.
[VM 1] [    0.000000] psci: PSCIv1.1 detected in firmware.
[VM 1] [    0.000000] psci: Using standard PSCI v0.2 function IDs
[VM 1] [    0.000000] psci: Trusted OS migration not required
[VM 1] [    0.000000] psci: SMC Calling Convention v65535.65535
[VM 1] [    0.000000] percpu: Embedded 25 pages/cpu s62488 r8192 d31720 u102400
[VM 1] [    0.000000] Detected PIPT I-cache on CPU0
[VM 1] [    0.000000] CPU features: detected: GICv3 CPU interface
[VM 1] [    0.000000] CPU features: detected: Spectre-v2
[VM 1] [    0.000000] CPU features: detected: Spectre-v3a
[VM 1] [    0.000000] CPU features: detected: Spectre-v4
[VM 1] [    0.000000] CPU features: detected: Spectre-BHB
[VM 1] [    0.000000] CPU features: detected: ARM erratum 1742098
[VM 1] [    0.000000] CPU features: detected: ARM errata 1165522, 1319367, or 1530923
[VM 1] [    0.000000] alternatives: applying boot alternatives
[VM 1] [    0.000000] Kernel command line: 
[VM 1] [    0.000000] printk: log buffer data + meta data: 131072 + 458752 = 589824 bytes
[VM 1] [    0.000000] Dentry cache hash table entries: 65536 (order: 7, 524288 bytes, linear)
[VM 1] [    0.000000] Inode-cache hash table entries: 32768 (order: 6, 262144 bytes, linear)
[VM 1] [    0.000000] software IO TLB: SWIOTLB bounce buffer size adjusted to 0MB
[VM 1] [    0.000000] software IO TLB: area num 2.
[VM 1] [    0.000000] software IO TLB: mapped [mem 0x000000009d540000-0x000000009d5c0000] (0MB)
[VM 1] [    0.000000] Fallback order for Node 0: 0 
[VM 1] [    0.000000] Built 1 zonelists, mobility grouping on.  Total pages: 131072
[VM 1] [    0.000000] Policy zone: DMA
[VM 1] [    0.000000] mem auto-init: stack:all(zero), heap alloc:off, heap free:off
[VM 1] [    0.000000] SLUB: HWalign=64, Order=0-3, MinObjects=0, CPUs=2, Nodes=1
[VM 1] [    0.000000] rcu: Preemptible hierarchical RCU implementation.
[VM 1] [    0.000000] rcu: 	RCU event tracing is enabled.
[VM 1] [    0.000000] rcu: 	RCU restricting CPUs from NR_CPUS=512 to nr_cpu_ids=2.
[VM 1] [    0.000000] 	Trampoline variant of Tasks RCU enabled.
[VM 1] [    0.000000] 	Tracing variant of Tasks RCU enabled.
[VM 1] [    0.000000] rcu: RCU calculated value of scheduler-enlistment delay is 25 jiffies.
[VM 1] [    0.000000] rcu: Adjusting geometry for rcu_fanout_leaf=16, nr_cpu_ids=2
[VM 1] [    0.000000] RCU Tasks: Setting shift to 1 and lim to 1 rcu_task_cb_adjust=1 rcu_task_cpu_ids=2.
[VM 1] [    0.000000] RCU Tasks Trace: Setting shift to 1 and lim to 1 rcu_task_cb_adjust=1 rcu_task_cpu_ids=2.
[VM 1] [    0.000000] NR_IRQS: 64, nr_irqs: 64, preallocated irqs: 0
[VM 1] [    0.000000] GICv3: 256 SPIs implemented
[VM 1] [    0.000000] GICv3: 0 Extended SPIs implemented
[VM 1] [    0.000000] Root IRQ handler: gic_handle_irq
[VM 1] [    0.000000] GICv3: GICv3 features: 16 PPIs, RSS
[VM 1] [    0.000000] GICv3: GICD_CTLR.DS=0, SCR_EL3.FIQ=0
[VM 1] [    0.000000] GICv3: CPU0: found redistributor 0 region 0:0x00000000080a0000
[VM 1] [    0.000000] ITS [mem 0x08080000-0x0809ffff]
[VM 1] [    0.000000] ITS@0x0000000008080000: allocated 8192 Devices @83050000 (indirect, esz 8, psz 64K, shr 1)
[VM 1] [    0.000000] ITS@0x0000000008080000: allocated 8192 Interrupt Collections @83060000 (flat, esz 8, psz 64K, shr 1)
[VM 1] [    0.000000] GICv3: using LPI property table @0x0000000083070000
[VM 1] [    0.000000] GICv3: CPU0: using allocated LPI pending table @0x0000000083080000
[VM 1] [    0.000000] rcu: srcu_init: Setting srcu_struct sizes based on contention.
[VM 1] [    0.000000] arch_timer: cp15 timer running at 62.50MHz (virt).
[VM 1] [    0.000000] clocksource: arch_sys_counter: mask: 0x1ffffffffffffff max_cycles: 0x1cd42e208c, max_idle_ns: 881590405314 ns
[VM 1] [    0.000039] sched_clock: 57 bits at 63MHz, resolution 16ns, wraps every 4398046511096ns
[VM 1] [    0.003211] Console: colour dummy device 80x25
[VM 1] [    0.005988] printk: legacy console [tty0] enabled
[VM 1] [    0.008592] Calibrating delay loop (skipped), value calculated using timer frequency.. 125.00 BogoMIPS (lpj=250000)
[VM 1] [    0.008698] pid_max: default: 32768 minimum: 301
[VM 1] [    0.010172] LSM: initializing lsm=capability
[VM 1] [    0.012654] Mount-cache hash table entries: 1024 (order: 1, 8192 bytes, linear)
[VM 1] [    0.012699] Mountpoint-cache hash table entries: 1024 (order: 1, 8192 bytes, linear)
[VM 1] [    0.029356] /cpus/cpu-map/socket0/cluster0/core2: Can't get CPU for leaf core
[VM 1] [    0.029963] cacheinfo: Unable to detect cache hierarchy for CPU 0
[VM 1] [    0.038013] rcu: Hierarchical SRCU implementation.
[VM 1] [    0.038059] rcu: 	Max phase no-delay instances is 1000.
[VM 1] [    0.038647] Timer migration: 1 hierarchy levels; 8 children per group; 1 crossnode level
[VM 1] [    0.040347] fsl-mc MSI: its@8080000 domain created
[VM 1] [    0.041002] EFI services will not be available.
[VM 1] [    0.041482] smp: Bringing up secondary CPUs ...
[VM 1] [    0.045042] Detected PIPT I-cache on CPU1
[VM 1] [    0.046059] GICv3: CPU1: found redistributor 1 region 0:0x00000000080c0000
[VM 1] [    0.047488] GICv3: CPU1: using allocated LPI pending table @0x0000000083090000
[VM 1] [    0.048950] CPU1: Booted secondary processor 0x0000000001 [0x410fd083]
[VM 1] [    0.056211] smp: Brought up 1 node, 2 CPUs
[VM 1] [    0.056286] SMP: Total of 2 processors activated.
[VM 1] [    0.056310] CPU: All CPU(s) started at EL1
[VM 1] [    0.056472] CPU features: detected: 32-bit EL0 Support
[VM 1] [    0.056487] CPU features: detected: 32-bit EL1 Support
[VM 1] [    0.056528] CPU features: detected: CRC32 instructions
[VM 1] [    0.056635] CPU features: detected: PMUv3
[VM 1] [    0.090717] alternatives: applying system-wide alternatives
[VM 1] [    0.116636] Memory: 426520K/524288K available (17920K kernel code, 5422K rwdata, 12940K rodata, 11648K init, 690K bss, 62540K reserved, 32768K cma-reserved)
[VM 1] [    0.138555] devtmpfs: initialized
[VM 1] [    0.153871] clocksource: jiffies: mask: 0xffffffff max_cycles: 0xffffffff, max_idle_ns: 7645041785100000 ns
[VM 1] [    0.155378] posixtimers hash table entries: 1024 (order: 2, 16384 bytes, linear)
[VM 1] [    0.155891] futex hash table entries: 512 (32768 bytes on 1 NUMA nodes, total 32 KiB, linear).
[VM 1] [    0.157255] 20544 pages in range for non-PLT usage
[VM 1] [    0.157283] 512064 pages in range for PLT usage
[VM 1] [    0.158947] pinctrl core: initialized pinctrl subsystem
[VM 1] [    0.165178] DMI not present or invalid.
[VM 1] [    0.233096] NET: Registered PF_NETLINK/PF_ROUTE protocol family
[VM 1] [    0.250921] DMA: preallocated 128 KiB GFP_KERNEL pool for atomic allocations
[VM 1] [    0.252359] DMA: preallocated 128 KiB GFP_KERNEL|GFP_DMA pool for atomic allocations
[VM 1] [    0.253443] DMA: preallocated 128 KiB GFP_KERNEL|GFP_DMA32 pool for atomic allocations
[VM 1] [    0.253670] audit: initializing netlink subsys (disabled)
[VM 1] [    0.259044] audit: type=2000 audit(0.132:1): state=initialized audit_enabled=0 res=1
[VM 1] [    0.260677] thermal_sys: Registered thermal governor 'step_wise'
[VM 1] [    0.260707] thermal_sys: Registered thermal governor 'power_allocator'
[VM 1] [    0.261699] cpuidle: using governor menu
[VM 1] [    0.263487] hw-breakpoint: found 6 breakpoint and 4 watchpoint registers.
[VM 1] [    0.265694] ASID allocator initialised with 65536 entries
[VM 1] [    0.270002] Serial: AMBA PL011 UART driver
[VM 1] [    0.287757] 9000000.pl011: ttyAMA0 at MMIO 0x9000000 (irq = 13, base_baud = 0) is a PL011 rev1
[VM 1] [    0.291432] printk: console [ttyAMA0] enabled
[VM 1] [    0.353562] HugeTLB: registered 1.00 GiB page size, pre-allocated 0 pages
[VM 1] [    0.356529] HugeTLB: 0 KiB vmemmap can be freed for a 1.00 GiB page
[VM 1] [    0.356574] HugeTLB: registered 32.0 MiB page size, pre-allocated 0 pages
[VM 1] [    0.356587] HugeTLB: 0 KiB vmemmap can be freed for a 32.0 MiB page
[VM 1] [    0.356600] HugeTLB: registered 2.00 MiB page size, pre-allocated 0 pages
[VM 1] [    0.356612] HugeTLB: 0 KiB vmemmap can be freed for a 2.00 MiB page
[VM 1] [    0.356624] HugeTLB: registered 64.0 KiB page size, pre-allocated 0 pages
[VM 1] [    0.356636] HugeTLB: 0 KiB vmemmap can be freed for a 64.0 KiB page
[VM 1] [    0.546603] ACPI: Interpreter disabled.
[VM 1] [    0.550013] iommu: Default domain type: Translated
[VM 1] [    0.550067] iommu: DMA domain TLB invalidation policy: strict mode
[VM 1] [    0.576654] SCSI subsystem initialized
[VM 1] [    0.629745] usbcore: registered new interface driver usbfs
[VM 1] [    0.629944] usbcore: registered new interface driver hub
[VM 1] [    0.630028] usbcore: registered new device driver usb
[VM 1] [    0.630605] pps_core: LinuxPPS API ver. 1 registered
[VM 1] [    0.630623] pps_core: Software ver. 5.3.6 - Copyright 2005-2007 Rodolfo Giometti <giometti@linux.it>
[VM 1] [    0.630665] PTP clock support registered
[VM 1] [    0.630792] EDAC MC: Ver: 3.0.0
[VM 1] [    0.648654] scmi_core: SCMI protocol bus registered
[VM 1] [    0.667695] FPGA manager framework
[VM 1] [    0.674140] vgaarb: loaded
[VM 1] [    0.705919] clocksource: Switched to clocksource arch_sys_counter
[VM 1] [    0.706960] VFS: Disk quotas dquot_6.6.0
[VM 1] [    0.707024] VFS: Dquot-cache hash table entries: 512 (order 0, 4096 bytes)
[VM 1] [    0.708291] pnp: PnP ACPI: disabled
[VM 1] [    0.729481] NET: Registered PF_INET protocol family
[VM 1] [    0.730266] IP idents hash table entries: 8192 (order: 4, 65536 bytes, linear)
[VM 1] [    0.732250] tcp_listen_portaddr_hash hash table entries: 256 (order: 0, 4096 bytes, linear)
[VM 3] msh />[32m[I/rtipic.srv] server starting on 192.168.77.30:9876[0m
[VM 3] [32m[I/rtipic.srv] listening...[0m
[VM 1] [    0.732306] Table-perturb hash table entries: 65536 (order: 6, 262144 bytes, linear)
[VM 1] [    0.732350] TCP established hash table entries: 4096 (order: 3, 32768 bytes, linear)
[VM 1] [    0.732458] TCP bind hash table entries: 4096 (order: 5, 131072 bytes, linear)
[VM 1] [    0.732553] TCP: Hash tables configured (established 4096 bind 4096)

[Axvisor] attached VM[3] console; use Ctrl+X, then h to return to the shell
rtbench_stability 300
RTBENCH_STABILITY_BEGIN seconds=300 expected=299999
msh />[32m[I/rtipic.srv] client connected[0m
[32m[I/rtipic.srv] stats: msgs=1466 bytes=74KB conn=1[0m
[32m[I/rtipic.srv] proto: state=3 tx=728 rx=728 retrans=0 timeouts=0 dup=0 reorder=0 errors=0 acks=728[0m
[32m[I/rtipic.srv] stats: msgs=5660 bytes=286KB conn=1[0m
[32m[I/rtipic.srv] proto: state=3 tx=2810 rx=2810 retrans=0 timeouts=0 dup=0 reorder=0 errors=0 acks=2810[0m
[32m[I/rtipic.srv] stats: msgs=9674 bytes=489KB conn=1[0m
[32m[I/rtipic.srv] proto: state=3 tx=4802 rx=4802 retrans=0 timeouts=0 dup=0 reorder=0 errors=0 acks=4802[0m
[32m[I/rtipic.srv] stats: msgs=13572 bytes=686KB conn=1[0m
[32m[I/rtipic.srv] proto: state=3 tx=6736 rx=6736 retrans=0 timeouts=0 dup=0 reorder=0 errors=0 acks=6736[0m
[32m[I/rtipic.srv] stats: msgs=17759 bytes=897KB conn=1[0m
[32m[I/rtipic.srv] proto: state=3 tx=8815 rx=8815 retrans=0 timeouts=0 dup=0 reorder=0 errors=0 acks=8815[0m
[32m[I/rtipic.srv] stats: msgs=21552 bytes=1089KB conn=1[0m
[32m[I/rtipic.srv] proto: state=3 tx=10697 rx=10697 retrans=0 timeouts=0 dup=0 reorder=0 errors=0 acks=10696[0m
[32m[I/rtipic.srv] stats: msgs=25798 bytes=1304KB conn=1[0m
[32m[I/rtipic.srv] proto: state=3 tx=12805 rx=12805 retrans=0 timeouts=0 dup=0 reorder=0 errors=0 acks=12804[0m
[32m[I/rtipic.srv] client connected[0m
[33m[W/rtipic.srv] client disconnected[0m
[32m[I/rtipic.srv] stats: msgs=30246 bytes=1529KB conn=1[0m
[32m[I/rtipic.srv] proto: state=3 tx=15014 rx=15014 retrans=0 timeouts=0 dup=0 reorder=0 errors=0 acks=15014[0m
[32m[I/rtipic.srv] stats: msgs=34845 bytes=1761KB conn=1[0m
[32m[I/rtipic.srv] proto: state=3 tx=17299 rx=17299 retrans=0 timeouts=0 dup=0 reorder=0 errors=0 acks=17299[0m
[32m[I/rtipic.srv] stats: msgs=38798 bytes=1961KB conn=1[0m
[32m[I/rtipic.srv] proto: state=3 tx=19261 rx=19261 retrans=0 timeouts=0 dup=0 reorder=0 errors=0 acks=19261[0m
[32m[I/rtipic.srv] stats: msgs=42854 bytes=2166KB conn=1[0m
[32m[I/rtipic.srv] proto: state=3 tx=21274 rx=21274 retrans=0 timeouts=0 dup=0 reorder=0 errors=0 acks=21274[0m
[32m[I/rtipic.srv] stats: msgs=47157 bytes=2384KB conn=1[0m
[32m[I/rtipic.srv] proto: state=3 tx=23411 rx=23411 retrans=0 timeouts=0 dup=0 reorder=0 errors=0 acks=23410[0m
[32m[I/rtipic.srv] stats: msgs=51076 bytes=2582KB conn=1[0m
[32m[I/rtipic.srv] proto: state=3 tx=25355 rx=25355 retrans=0 timeouts=0 dup=0 reorder=0 errors=0 acks=25355[0m
[32m[I/rtipic.srv] stats: msgs=55133 bytes=2787KB conn=1[0m
[32m[I/rtipic.srv] proto: state=3 tx=27369 rx=27369 retrans=0 timeouts=0 dup=0 reorder=0 errors=0 acks=27369[0m
[32m[I/rtipic.srv] stats: msgs=59666 bytes=3016KB conn=1[0m
[32m[I/rtipic.srv] proto: state=3 tx=29621 rx=29621 retrans=0 timeouts=0 dup=0 reorder=0 errors=0 acks=29620[0m
[32m[I/rtipic.srv] stats: msgs=64446 bytes=3632KB conn=1[0m
[32m[I/rtipic.srv] proto: state=3 tx=31996 rx=31996 retrans=0 timeouts=0 dup=0 reorder=0 errors=0 acks=31995[0m
[32m[I/rtipic.srv] stats: msgs=69089 bytes=4299KB conn=1[0m
[32m[I/rtipic.srv] proto: state=3 tx=34302 rx=34302 retrans=0 timeouts=0 dup=0 reorder=0 errors=0 acks=34302[0m
[32m[I/rtipic.srv] stats: msgs=73633 bytes=4952KB conn=1[0m
[32m[I/rtipic.srv] proto: state=3 tx=36559 rx=36559 retrans=0 timeouts=0 dup=0 reorder=0 errors=0 acks=36559[0m
[32m[I/rtipic.srv] stats: msgs=77582 bytes=5520KB conn=1[0m
[32m[I/rtipic.srv] proto: state=3 tx=38519 rx=38519 retrans=0 timeouts=0 dup=0 reorder=0 errors=0 acks=38519[0m
[32m[I/rtipic.srv] stats: msgs=81990 bytes=6153KB conn=1[0m
[32m[I/rtipic.srv] proto: state=3 tx=40708 rx=40708 retrans=0 timeouts=0 dup=0 reorder=0 errors=0 acks=40708[0m
[32m[I/rtipic.srv] stats: msgs=86624 bytes=6819KB conn=1[0m
[32m[I/rtipic.srv] proto: state=3 tx=43010 rx=43010 retrans=0 timeouts=0 dup=0 reorder=0 errors=0 acks=43010[0m
[32m[I/rtipic.srv] stats: msgs=90866 bytes=7428KB conn=1[0m
[32m[I/rtipic.srv] proto: state=3 tx=45116 rx=45116 retrans=0 timeouts=0 dup=0 reorder=0 errors=0 acks=45116[0m
[32m[I/rtipic.srv] stats: msgs=94429 bytes=7940KB conn=1[0m
[32m[I/rtipic.srv] proto: state=3 tx=46883 rx=46883 retrans=0 timeouts=0 dup=0 reorder=0 errors=0 acks=46883[0m
[32m[I/rtipic.srv] stats: msgs=97953 bytes=8445KB conn=1[0m
[32m[I/rtipic.srv] proto: state=3 tx=48630 rx=48630 retrans=0 timeouts=0 dup=0 reorder=0 errors=0 acks=48630[0m
[32m[I/rtipic.srv] stats: msgs=102345 bytes=9076KB conn=1[0m
[32m[I/rtipic.srv] proto: state=3 tx=50811 rx=50811 retrans=0 timeouts=0 dup=0 reorder=0 errors=0 acks=50811[0m
[32m[I/rtipic.srv] stats: msgs=105927 bytes=9590KB conn=1[0m
[32m[I/rtipic.srv] proto: state=3 tx=52587 rx=52587 retrans=0 timeouts=0 dup=0 reorder=0 errors=0 acks=52587[0m
[32m[I/rtipic.srv] stats: msgs=109637 bytes=10123KB conn=1[0m
[32m[I/rtipic.srv] proto: state=3 tx=54427 rx=54427 retrans=0 timeouts=0 dup=0 reorder=0 errors=0 acks=54427[0m
[32m[I/rtipic.srv] stats: msgs=113156 bytes=10628KB conn=1[0m
[32m[I/rtipic.srv] proto: state=3 tx=56172 rx=56172 retrans=0 timeouts=0 dup=0 reorder=0 errors=0 acks=56172[0m
[32m[I/rtipic.srv] stats: msgs=117122 bytes=11197KB conn=1[0m
[32m[I/rtipic.srv] proto: state=3 tx=58140 rx=58140 retrans=0 timeouts=0 dup=0 reorder=0 errors=0 acks=58140[0m
[32m[I/rtipic.srv] stats: msgs=121014 bytes=11809KB conn=1[0m
[32m[I/rtipic.srv] proto: state=3 tx=60071 rx=60071 retrans=0 timeouts=0 dup=0 reorder=0 errors=0 acks=60071[0m
RTBENCH metric=stability_jitter run=1 expected=299999 collected=299999 missing=0 p50_ns=50528 p95_ns=280208 p99_ns=385216 p99_9_ns=478144 max_ns=1512640 miss_100us=89262 miss_500us=170 miss_1ms=3 mean_ns=90768
RTBENCH metric=callback_exec run=1 expected=299999 collected=299999 missing=0 p50_ns=512 p95_ns=672 p99_ns=928 p99_9_ns=4992 max_ns=164224 miss_100us=89 miss_500us=0 miss_1ms=0 mean_ns=573
RTBENCH_STABILITY_END status=FAIL expected=299999 collected=299999 missing=0
RTBENCH_STABILITY_DONE

[Axvisor] attached VM[1] console; use Ctrl+X, then h to return to the shell
[    0.733479] UDP hash table entries: 256 (order: 2, 16384 bytes, linear)
[    0.733648] UDP-Lite hash table entries: 256 (order: 2, 16384 bytes, linear)
[    0.734264] NET: Registered PF_UNIX/PF_LOCAL protocol family
[    0.754012] RPC: Registered named UNIX socket transport module.
[    0.754063] RPC: Registered udp transport module.
[    0.754077] RPC: Registered tcp transport module.
[    0.754090] RPC: Registered tcp-with-tls transport module.
[    0.754102] RPC: Registered tcp NFSv4.1 backchannel transport module.
[    0.754163] PCI: CLS 0 bytes, default 64
[    0.801899] kvm [1]: HYP mode not available
[    0.817382] Unpacking initramfs...
[    0.825256] Freeing initrd memory: 2876K
[    0.838532] Initialise system trusted keyrings
[    0.846893] workingset: timestamp_bits=42 max_order=17 bucket_order=0
[    0.847990] squashfs: version 4.0 (2009/01/31) Phillip Lougher
[    0.848932] NFS: Registering the id_resolver key type
[    0.849133] Key type id_resolver registered
[    0.849156] Key type id_legacy registered
[    0.849329] nfs4filelayout_init: NFSv4 File Layout Driver Registering...
[    0.849378] nfs4flexfilelayout_init: NFSv4 Flexfile Layout Driver Registering...
[    0.849794] 9p: Installing v9fs 9p2000 file system support
[    0.941559] Key type asymmetric registered
[    0.941618] Asymmetric key parser 'x509' registered
[    0.941791] Block layer SCSI generic (bsg) driver version 0.4 loaded (major 244)
[    0.941880] io scheduler mq-deadline registered
[    0.941927] io scheduler kyber registered
[    0.942111] io scheduler bfq registered
[    1.100110] ledtrig-cpu: registered to indicate activity on CPUs
[    1.270185] Serial: 8250/16550 driver, 4 ports, IRQ sharing enabled
[    1.274181] msm_serial: driver initialized
[    1.274466] SuperH (H)SCI(F) driver initialized
[    1.274558] STM32 USART driver initialized
[    1.329942] loop: module loaded
[    1.331092] megasas: 07.734.00.00-rc1
[    1.353654] tun: Universal TUN/TAP device driver, 1.6
[    1.556558] thunder_xcv, ver 1.0
[    1.556654] thunder_bgx, ver 1.0
[    1.556733] nicpf, ver 1.0
[    1.558207] e1000: Intel(R) PRO/1000 Network Driver
[    1.558229] e1000: Copyright (c) 1999-2006 Intel Corporation.
[    1.558306] e1000e: Intel(R) PRO/1000 Network Driver
[    1.558322] e1000e: Copyright(c) 1999 - 2015 Intel Corporation.
[    1.558385] igb: Intel(R) Gigabit Ethernet Network Driver
[    1.558400] igb: Copyright (c) 2007-2014 Intel Corporation.
[    1.558468] igbvf: Intel(R) Gigabit Virtual Function Network Driver
[    1.558484] igbvf: Copyright (c) 2009 - 2012 Intel Corporation.
[    1.558797] sky2: driver version 1.30
[    1.560258] VFIO - User Level meta-driver version: 0.3
[    1.563521] usbcore: registered new interface driver usb-storage
[    1.592025] i2c_dev: i2c /dev entries driver
[    1.607236] sdhci: Secure Digital Host Controller Interface driver
[    1.607271] sdhci: Copyright(c) Pierre Ossman
[    1.607700] Synopsys Designware Multimedia Card Interface Driver
[    1.608273] sdhci-pltfm: SDHCI platform and OF driver helper
[    1.610602] SMCCC: SOC_ID: ARCH_SOC_ID not implemented, skipping ....
[    1.612019] usbcore: registered new interface driver usbhid
[    1.612043] usbhid: USB HID core driver
[    1.633906] NET: Registered PF_PACKET protocol family
[    1.634628] 9pnet: Installing 9P2000 support
[    1.634808] Key type dns_resolver registered
[    1.710164] registered taskstats version 1
[    1.712380] Loading compiled-in X.509 certificates
[    1.764187] Demotion targets for Node 0: null
[    1.820355] clk: Disabling unused clocks
[    1.820503] PM: genpd: Disabling unused power domains
[    2.181467] Freeing unused kernel memory: 11648K
[    2.207621] Run /init as init process
eth0      Link encap:Ethernet  HWaddr 34:54:00:4D:00:01  
          BROADCAST MULTICAST  MTU:1500  Metric:1
          RX packets:0 errors:0 dropped:0 overruns:0 frame:0
          TX packets:0 errors:0 dropped:0 overruns:0 carrier:0
          collisions:0 txqueuelen:1000 
          RX bytes:0 (0.0 B)  TX bytes:0 (0.0 B)

lo        Link encap:Local Loopback  
          LOOPBACK  MTU:65536  Metric:1
          RX packets:0 errors:0 dropped:0 overruns:0 frame:0
          TX packets:0 errors:0 dropped:0 overruns:0 carrier:0
          collisions:0 txqueuelen:1000 
          RX bytes:0 (0.0 B)  TX bytes:0 (0.0 B)

Linux network guest ready: 192.168.77.11/24
eth0      Link encap:Ethernet  HWaddr 34:54:00:4D:00:01  
          inet addr:192.168.77.11  Bcast:0.0.0.0  Mask:255.255.255.0
          UP BROADCAST RUNNING MULTICAST  MTU:1500  Metric:1
          RX packets:0 errors:0 dropped:0 overruns:0 frame:0
          TX packets:0 errors:0 dropped:0 overruns:0 carrier:0
          collisions:0 txqueuelen:1000 
          RX bytes:0 (0.0 B)  TX bytes:0 (0.0 B)

PING 192.168.77.30 (192.168.77.30): 56 data bytes
64 bytes from 192.168.77.30: seq=0 ttl=255 time=13.250 ms

--- 192.168.77.30 ping statistics ---
1 packets transmitted, 1 packets received, 0% packet loss
round-trip min/avg/max = 13.250/13.250/13.250 ms
Linux reached RT-Thread at 192.168.77.30
Linux network counters before RT-IPC:
Ip: Forwarding DefaultTTL InReceives InHdrErrors InAddrErrors ForwDatagrams InUnknownProtos InDiscards InDelivers OutRequests OutDiscards OutNoRoutes ReasmTimeout ReasmReqds ReasmOKs ReasmFails FragOKs FragFails FragCreates OutTransmits
Ip: 2 64 1 0 0 0 0 0 1 1 0 0 0 0 0 0 0 0 0 1
Icmp: InMsgs InErrors InCsumErrors InDestUnreachs InTimeExcds InParmProbs InSrcQuenchs InRedirects InEchos InEchoReps InTimestamps InTimestampReps InAddrMasks InAddrMaskReps OutMsgs OutErrors OutRateLimitGlobal OutRateLimitHost OutDestUnreachs OutTimeExcds OutParmProbs OutSrcQuenchs OutRedirects OutEchos OutEchoReps OutTimestamps OutTimestampReps OutAddrMasks OutAddrMaskReps
Icmp: 1 0 0 0 0 0 0 0 0 1 0 0 0 0 1 0 0 0 0 0 0 0 0 1 0 0 0 0 0
IcmpMsg: InType0 OutType8
IcmpMsg: 1 1
Tcp: RtoAlgorithm RtoMin RtoMax MaxConn ActiveOpens PassiveOpens AttemptFails EstabResets CurrEstab InSegs OutSegs RetransSegs InErrs OutRsts InCsumErrors
Tcp: 1 200 120000 -1 0 0 0 0 0 0 0 0 0 0 0
Udp: InDatagrams NoPorts InErrors OutDatagrams RcvbufErrors SndbufErrors InCsumErrors IgnoredMulti MemErrors
Udp: 0 0 0 0 0 0 0 0 0
UdpLite: InDatagrams NoPorts InErrors OutDatagrams RcvbufErrors SndbufErrors InCsumErrors IgnoredMulti MemErrors
UdpLite: 0 0 0 0 0 0 0 0 0
Starting RT-IPC benchmark...
=== RT-IPC Benchmark Client ===
Target: 192.168.77.30:9876, count=30000 per size

[client] fault profile: none
[    8.615826] random: crng init done
[client] connecting...
[client] connected!

--- Payload 64B ---
[progress] size=64 idx=1054 sent=1055 recv=1055 state=3 tx=1055 rx=1055 retrans=0 timeouts=0 dup=0 reorder=0 errors=0 acks=1055 stall=0ms
[progress] size=64 idx=2123 sent=2124 recv=2124 state=3 tx=2124 rx=2124 retrans=0 timeouts=0 dup=0 reorder=0 errors=0 acks=2124 stall=0ms
[progress] size=64 idx=3157 sent=3158 recv=3158 state=3 tx=3158 rx=3158 retrans=0 timeouts=0 dup=0 reorder=0 errors=0 acks=3158 stall=0ms
[progress] size=64 idx=4192 sent=4193 recv=4193 state=3 tx=4193 rx=4193 retrans=0 timeouts=0 dup=0 reorder=0 errors=0 acks=4193 stall=0ms
[progress] size=64 idx=5099 sent=5100 recv=5100 state=3 tx=5100 rx=5100 retrans=0 timeouts=0 dup=0 reorder=0 errors=0 acks=5100 stall=0ms
[progress] size=64 idx=6015 sent=6016 recv=6016 state=3 tx=6016 rx=6016 retrans=0 timeouts=0 dup=0 reorder=0 errors=0 acks=6016 stall=0ms
[progress] size=64 idx=7071 sent=7072 recv=7072 state=3 tx=7072 rx=7072 retrans=0 timeouts=0 dup=0 reorder=0 errors=0 acks=7072 stall=0ms
[progress] size=64 idx=8084 sent=8085 recv=8085 state=3 tx=8085 rx=8085 retrans=0 timeouts=0 dup=0 reorder=0 errors=0 acks=8085 stall=0ms
[progress] size=64 idx=9094 sent=9095 recv=9094 state=3 tx=9095 rx=9094 retrans=0 timeouts=0 dup=0 reorder=0 errors=0 acks=9095 stall=3ms
[progress] size=64 idx=9971 sent=9972 recv=9971 state=3 tx=9972 rx=9971 retrans=0 timeouts=0 dup=0 reorder=0 errors=0 acks=9972 stall=2ms
[progress] size=64 idx=11082 sent=11083 recv=11082 state=3 tx=11083 rx=11082 retrans=0 timeouts=0 dup=0 reorder=0 errors=0 acks=11083 stall=2ms
[progress] size=64 idx=12079 sent=12080 recv=12080 state=3 tx=12080 rx=12080 retrans=0 timeouts=0 dup=0 reorder=0 errors=0 acks=12080 stall=0ms
[progress] size=64 idx=13111 sent=13112 recv=13112 state=3 tx=13112 rx=13112 retrans=0 timeouts=0 dup=0 reorder=0 errors=0 acks=13112 stall=0ms
[progress] size=64 idx=14244 sent=14245 recv=14245 state=3 tx=14245 rx=14245 retrans=0 timeouts=0 dup=0 reorder=0 errors=0 acks=14245 stall=0ms
[client] fault injection: force disconnect at request=15000
[client] reconnect complete recovery_ms=206 attempts=1
[progress] size=64 idx=15407 sent=15408 recv=15407 state=3 tx=15408 rx=15407 retrans=0 timeouts=0 dup=0 reorder=0 errors=0 acks=15408 stall=2ms
[progress] size=64 idx=16494 sent=16495 recv=16494 state=3 tx=16495 rx=16494 retrans=0 timeouts=0 dup=0 reorder=0 errors=0 acks=16495 stall=2ms
[progress] size=64 idx=17600 sent=17601 recv=17601 state=3 tx=17601 rx=17601 retrans=0 timeouts=0 dup=0 reorder=0 errors=0 acks=17601 stall=0ms
[progress] size=64 idx=18521 sent=18522 recv=18521 state=3 tx=18522 rx=18521 retrans=0 timeouts=0 dup=0 reorder=0 errors=0 acks=18522 stall=2ms
[progress] size=64 idx=19537 sent=19538 recv=19538 state=3 tx=19538 rx=19538 retrans=0 timeouts=0 dup=0 reorder=0 errors=0 acks=19538 stall=0ms
[progress] size=64 idx=20613 sent=20614 recv=20614 state=3 tx=20614 rx=20614 retrans=0 timeouts=0 dup=0 reorder=0 errors=0 acks=20614 stall=0ms
[progress] size=64 idx=21585 sent=21586 recv=21586 state=3 tx=21586 rx=21586 retrans=0 timeouts=0 dup=0 reorder=0 errors=0 acks=21586 stall=0ms
[progress] size=64 idx=22626 sent=22627 recv=22627 state=3 tx=22627 rx=22627 retrans=0 timeouts=0 dup=0 reorder=0 errors=0 acks=22627 stall=0ms
[progress] size=64 idx=23751 sent=23752 recv=23751 state=3 tx=23752 rx=23751 retrans=0 timeouts=0 dup=0 reorder=0 errors=0 acks=23752 stall=2ms
[progress] size=64 idx=24766 sent=24767 recv=24767 state=3 tx=24767 rx=24767 retrans=0 timeouts=0 dup=0 reorder=0 errors=0 acks=24767 stall=0ms
[progress] size=64 idx=25631 sent=25632 recv=25632 state=3 tx=25632 rx=25632 retrans=0 timeouts=0 dup=0 reorder=0 errors=0 acks=25632 stall=0ms
[progress] size=64 idx=26642 sent=26643 recv=26642 state=3 tx=26643 rx=26642 retrans=0 timeouts=0 dup=0 reorder=0 errors=0 acks=26643 stall=2ms
[progress] size=64 idx=27762 sent=27763 recv=27763 state=3 tx=27763 rx=27763 retrans=0 timeouts=0 dup=0 reorder=0 errors=0 acks=27763 stall=0ms
[progress] size=64 idx=28868 sent=28869 recv=28869 state=3 tx=28869 rx=28869 retrans=0 timeouts=0 dup=0 reorder=0 errors=0 acks=28869 stall=0ms
[progress] size=64 idx=29981 sent=29982 recv=29981 state=3 tx=29982 rx=29981 retrans=0 timeouts=0 dup=0 reorder=0 errors=0 acks=29982 stall=1ms
  sent=30000  recv=30000  loss=0%
  RTT: min=1ms avg=4ms max=36ms P50=3ms P95=23ms P99=23ms P99.9=24ms
  throughput=12.91KiB/s
  request_timeouts=0 protocol_errors=0 reconnects=1
  transport: retrans=0 timeouts=0 dup=0 reorder=0 errors=0

--- Payload 256B ---
[progress] size=256 idx=1231 sent=1232 recv=1231 state=3 tx=31232 rx=31231 retrans=0 timeouts=0 dup=0 reorder=0 errors=0 acks=31232 stall=2ms
[progress] size=256 idx=2407 sent=2408 recv=2407 state=3 tx=32408 rx=32407 retrans=0 timeouts=0 dup=0 reorder=0 errors=0 acks=32408 stall=2ms
[progress] size=256 idx=3523 sent=3524 recv=3523 state=3 tx=33524 rx=33523 retrans=0 timeouts=0 dup=0 reorder=0 errors=0 acks=33524 stall=2ms
[progress] size=256 idx=4747 sent=4748 recv=4748 state=3 tx=34748 rx=34748 retrans=0 timeouts=0 dup=0 reorder=0 errors=0 acks=34748 stall=0ms
[progress] size=256 idx=5800 sent=5801 recv=5800 state=3 tx=35801 rx=35800 retrans=0 timeouts=0 dup=0 reorder=0 errors=0 acks=35801 stall=2ms
[progress] size=256 idx=6917 sent=6918 recv=6917 state=3 tx=36918 rx=36917 retrans=0 timeouts=0 dup=0 reorder=0 errors=0 acks=36918 stall=2ms
[progress] size=256 idx=7875 sent=7876 recv=7876 state=3 tx=37876 rx=37876 retrans=0 timeouts=0 dup=0 reorder=0 errors=0 acks=37876 stall=0ms
[progress] size=256 idx=8857 sent=8858 recv=8857 state=3 tx=38858 rx=38857 retrans=0 timeouts=0 dup=0 reorder=0 errors=0 acks=38858 stall=2ms
[progress] size=256 idx=9994 sent=9995 recv=9994 state=3 tx=39995 rx=39994 retrans=0 timeouts=0 dup=0 reorder=0 errors=0 acks=39995 stall=2ms
[progress] size=256 idx=11117 sent=11118 recv=11118 state=3 tx=41118 rx=41118 retrans=0 timeouts=0 dup=0 reorder=0 errors=0 acks=41118 stall=0ms
[progress] size=256 idx=12238 sent=12239 recv=12239 state=3 tx=42239 rx=42239 retrans=0 timeouts=0 dup=0 reorder=0 errors=0 acks=42239 stall=1ms
[progress] size=256 idx=13400 sent=13401 recv=13401 state=3 tx=43401 rx=43401 retrans=0 timeouts=0 dup=0 reorder=0 errors=0 acks=43401 stall=0ms
[progress] size=256 idx=14384 sent=14385 recv=14384 state=3 tx=44385 rx=44384 retrans=0 timeouts=0 dup=0 reorder=0 errors=0 acks=44385 stall=2ms
[progress] size=256 idx=15396 sent=15397 recv=15396 state=3 tx=45397 rx=45396 retrans=0 timeouts=0 dup=0 reorder=0 errors=0 acks=45397 stall=3ms
[progress] size=256 idx=16361 sent=16362 recv=16362 state=3 tx=46362 rx=46362 retrans=0 timeouts=0 dup=0 reorder=0 errors=0 acks=46362 stall=0ms
[progress] size=256 idx=17234 sent=17235 recv=17235 state=3 tx=47235 rx=47235 retrans=0 timeouts=0 dup=0 reorder=0 errors=0 acks=47235 stall=0ms
[progress] size=256 idx=18041 sent=18042 recv=18041 state=3 tx=48042 rx=48041 retrans=0 timeouts=0 dup=0 reorder=0 errors=0 acks=48042 stall=3ms
[progress] size=256 idx=19013 sent=19014 recv=19014 state=3 tx=49014 rx=49014 retrans=0 timeouts=0 dup=0 reorder=0 errors=0 acks=49014 stall=0ms
[progress] size=256 idx=20049 sent=20050 recv=20050 state=3 tx=50050 rx=50050 retrans=0 timeouts=0 dup=0 reorder=0 errors=0 acks=50050 stall=0ms
[progress] size=256 idx=21119 sent=21120 recv=21119 state=3 tx=51120 rx=51119 retrans=0 timeouts=0 dup=0 reorder=0 errors=0 acks=51120 stall=2ms
[progress] size=256 idx=21923 sent=21924 recv=21923 state=3 tx=51924 rx=51923 retrans=0 timeouts=0 dup=0 reorder=0 errors=0 acks=51924 stall=2ms
[progress] size=256 idx=22886 sent=22887 recv=22886 state=3 tx=52887 rx=52886 retrans=0 timeouts=0 dup=0 reorder=0 errors=0 acks=52886 stall=457ms
[progress] size=256 idx=23888 sent=23889 recv=23888 state=3 tx=53889 rx=53888 retrans=1 timeouts=0 dup=0 reorder=0 errors=0 acks=53889 stall=2ms
[progress] size=256 idx=24699 sent=24700 recv=24700 state=3 tx=54700 rx=54700 retrans=1 timeouts=0 dup=0 reorder=0 errors=0 acks=54700 stall=0ms
[progress] size=256 idx=25598 sent=25599 recv=25599 state=3 tx=55599 rx=55599 retrans=1 timeouts=0 dup=0 reorder=0 errors=0 acks=55599 stall=0ms
[progress] size=256 idx=26608 sent=26609 recv=26608 state=3 tx=56609 rx=56608 retrans=1 timeouts=0 dup=0 reorder=0 errors=0 acks=56609 stall=2ms
[progress] size=256 idx=27618 sent=27619 recv=27619 state=3 tx=57619 rx=57619 retrans=1 timeouts=0 dup=0 reorder=0 errors=0 acks=57619 stall=0ms
[progress] size=256 idx=28538 sent=28539 recv=28539 state=3 tx=58539 rx=58539 retrans=1 timeouts=0 dup=0 reorder=0 errors=0 acks=58539 stall=0ms
[progress] size=256 idx=29434 sent=29435 recv=29434 state=3 tx=59435 rx=59434 retrans=1 timeouts=0 dup=0 reorder=0 errors=0 acks=59435 stall=2ms
  sent=30000  recv=30000  loss=0%
  RTT: min=0ms avg=4ms max=520ms P50=2ms P95=23ms P99=23ms P99.9=25ms
  throughput=50.69KiB/s
  request_timeouts=0 protocol_errors=0 reconnects=0
  transport: retrans=1 timeouts=0 dup=0 reorder=0 errors=0

--- Payload 1024B ---
[progress] size=1024 idx=822 sent=823 recv=822 state=3 tx=60823 rx=60822 retrans=4 timeouts=0 dup=0 reorder=0 errors=0 acks=60823 stall=2ms
[progress] size=1024 idx=1806 sent=1807 recv=1807 state=3 tx=61807 rx=61807 retrans=4 timeouts=0 dup=0 reorder=0 errors=0 acks=61807 stall=0ms
[progress] size=1024 idx=2826 sent=2827 recv=2827 state=3 tx=62827 rx=62827 retrans=4 timeouts=0 dup=0 reorder=0 errors=0 acks=62827 stall=0ms
[progress] size=1024 idx=3957 sent=3958 recv=3958 state=3 tx=63958 rx=63958 retrans=4 timeouts=0 dup=0 reorder=0 errors=0 acks=63958 stall=0ms
[progress] size=1024 idx=5210 sent=5211 recv=5211 state=3 tx=65211 rx=65211 retrans=4 timeouts=0 dup=0 reorder=0 errors=0 acks=65211 stall=0ms
[progress] size=1024 idx=6421 sent=6422 recv=6422 state=3 tx=66422 rx=66422 retrans=4 timeouts=0 dup=0 reorder=0 errors=0 acks=66422 stall=0ms
[progress] size=1024 idx=7809 sent=7810 recv=7809 state=3 tx=67810 rx=67809 retrans=4 timeouts=0 dup=0 reorder=0 errors=0 acks=67810 stall=3ms
[progress] size=1024 idx=9240 sent=9241 recv=9240 state=3 tx=69241 rx=69240 retrans=4 timeouts=0 dup=0 reorder=0 errors=0 acks=69241 stall=2ms
[progress] size=1024 idx=10576 sent=10577 recv=10576 state=3 tx=70577 rx=70576 retrans=4 timeouts=0 dup=0 reorder=0 errors=0 acks=70577 stall=2ms
[progress] size=1024 idx=11820 sent=11821 recv=11820 state=3 tx=71821 rx=71820 retrans=4 timeouts=0 dup=0 reorder=0 errors=0 acks=71821 stall=2ms
[progress] size=1024 idx=12669 sent=12670 recv=12669 state=3 tx=72670 rx=72669 retrans=4 timeouts=0 dup=0 reorder=0 errors=0 acks=72670 stall=2ms
[progress] size=1024 idx=13458 sent=13459 recv=13458 state=3 tx=73459 rx=73458 retrans=4 timeouts=0 dup=0 reorder=0 errors=0 acks=73459 stall=2ms
[progress] size=1024 idx=14280 sent=14281 recv=14280 state=3 tx=74281 rx=74280 retrans=4 timeouts=0 dup=0 reorder=0 errors=0 acks=74281 stall=2ms
[progress] size=1024 idx=15599 sent=15600 recv=15600 state=3 tx=75600 rx=75600 retrans=4 timeouts=0 dup=0 reorder=0 errors=0 acks=75600 stall=0ms
[progress] size=1024 idx=16761 sent=16762 recv=16762 state=3 tx=76762 rx=76762 retrans=4 timeouts=0 dup=0 reorder=0 errors=0 acks=76762 stall=0ms
[progress] size=1024 idx=18026 sent=18027 recv=18027 state=3 tx=78027 rx=78027 retrans=4 timeouts=0 dup=0 reorder=0 errors=0 acks=78027 stall=0ms
[progress] size=1024 idx=19184 sent=19185 recv=19184 state=3 tx=79185 rx=79184 retrans=4 timeouts=0 dup=0 reorder=0 errors=0 acks=79185 stall=2ms
[progress] size=1024 idx=20461 sent=20462 recv=20461 state=3 tx=80462 rx=80461 retrans=4 timeouts=0 dup=0 reorder=0 errors=0 acks=80462 stall=2ms
[progress] size=1024 idx=21362 sent=21363 recv=21362 state=3 tx=81363 rx=81362 retrans=4 timeouts=0 dup=0 reorder=0 errors=0 acks=81363 stall=2ms
[progress] size=1024 idx=22486 sent=22487 recv=22486 state=3 tx=82487 rx=82486 retrans=4 timeouts=0 dup=0 reorder=0 errors=0 acks=82487 stall=2ms
[progress] size=1024 idx=23313 sent=23314 recv=23314 state=3 tx=83314 rx=83314 retrans=4 timeouts=0 dup=0 reorder=0 errors=0 acks=83314 stall=0ms
[progress] size=1024 idx=24107 sent=24108 recv=24107 state=3 tx=84108 rx=84107 retrans=4 timeouts=0 dup=0 reorder=0 errors=0 acks=84108 stall=2ms
[progress] size=1024 idx=25054 sent=25055 recv=25055 state=3 tx=85055 rx=85055 retrans=4 timeouts=0 dup=0 reorder=0 errors=0 acks=85055 stall=0ms
[progress] size=1024 idx=25859 sent=25860 recv=25859 state=3 tx=85860 rx=85859 retrans=4 timeouts=0 dup=0 reorder=0 errors=0 acks=85860 stall=2ms
[progress] size=1024 idx=26998 sent=26999 recv=26998 state=3 tx=86999 rx=86998 retrans=4 timeouts=0 dup=0 reorder=0 errors=0 acks=86999 stall=2ms
[progress] size=1024 idx=27841 sent=27842 recv=27841 state=3 tx=87842 rx=87841 retrans=4 timeouts=0 dup=0 reorder=0 errors=0 acks=87842 stall=2ms
[progress] size=1024 idx=28726 sent=28727 recv=28727 state=3 tx=88727 rx=88727 retrans=4 timeouts=0 dup=0 reorder=0 errors=0 acks=88727 stall=0ms
  sent=30000  recv=30000  loss=0%
  RTT: min=0ms avg=4ms max=1663ms P50=2ms P95=23ms P99=23ms P99.9=24ms
  throughput=214.48KiB/s
  request_timeouts=0 protocol_errors=0 reconnects=0
  transport: retrans=3 timeouts=0 dup=0 reorder=0 errors=0

========================================
ALL TESTS COMPLETE
========================================
RT-IPC client exited with rc=0
Linux network counters after RT-IPC:
Ip: Forwarding DefaultTTL InReceives InHdrErrors InAddrErrors ForwDatagrams InUnknownProtos InDiscards InDelivers OutRequests OutDiscards OutNoRoutes ReasmTi