Booting Linux on physical CPU 0x0000000000 [0x410fd083]
Linux version 6.12.21 (yfblock@9950x) (aarch64-linux-gnu-gcc (Ubuntu 13.3.0-6ubuntu2~24.04.1) 13.3.0, GNU ld (GNU Binutils for Ubuntu) 2.42) #1 SMP PREEMPT Thu Aug 20 14:10:48 CST 2026
Machine model: linux,dummy-virt
efi: UEFI not found.
OF: reserved mem: Reserved memory: No reserved-memory node in the DT
Zone ranges:
  DMA      [mem 0x0000000080000000-0x000000009fffffff]
  DMA32    empty
  Normal   empty
Movable zone start for each node
Early memory node ranges
  node   0: [mem 0x0000000080000000-0x000000009fffffff]
Initmem setup node 0 [mem 0x0000000080000000-0x000000009fffffff]
psci: probing for conduit method from DT.
psci: PSCIv1.1 detected in firmware.
psci: Using standard PSCI v0.2 function IDs
psci: Trusted OS migration not required
psci: SMC Calling Convention v65535.65535
percpu: Embedded 14 pages/cpu s28248 r0 d29096 u57344
Detected PIPT I-cache on CPU0
CPU features: detected: GIC system register CPU interface
CPU features: detected: Spectre-v2
CPU features: detected: Spectre-v4
CPU features: detected: Spectre-BHB
CPU features: detected: ARM errata 1165522, 1319367, or 1530923
alternatives: applying boot alternatives
Kernel command line: console=ttyAMA0 task2.count=30000 task2.fault=none task3.frames=3 task3.fault=normal
Dentry cache hash table entries: 65536 (order: 7, 524288 bytes, linear)
Inode-cache hash table entries: 32768 (order: 6, 262144 bytes, linear)
Built 1 zonelists, mobility grouping on.  Total pages: 131072
mem auto-init: stack:all(zero), heap alloc:off, heap free:off
software IO TLB: SWIOTLB bounce buffer size adjusted to 0MB
software IO TLB: area num 2.
software IO TLB: mapped [mem 0x000000009f580000-0x000000009f600000] (0MB)
SLUB: HWalign=64, Order=0-3, MinObjects=0, CPUs=2, Nodes=1
rcu: Preemptible hierarchical RCU implementation.
rcu: RCU calculated value of scheduler-enlistment delay is 10 jiffies.
NR_IRQS: 64, nr_irqs: 64, preallocated irqs: 0
GICv3: 256 SPIs implemented
GICv3: 0 Extended SPIs implemented
Root IRQ handler: gic_handle_irq
GICv3: GICv3 features: 16 PPIs, RSS
GICv3: GICD_CTRL.DS=0, SCR_EL3.FIQ=0
GICv3: CPU0: found redistributor 0 region 0:0x00000000080a0000
ITS [mem 0x08080000-0x0809ffff]
ITS@0x0000000008080000: allocated 8192 Devices @80c40000 (indirect, esz 8, psz 64K, shr 1)
ITS@0x0000000008080000: allocated 8192 Interrupt Collections @80c50000 (flat, esz 8, psz 64K, shr 1)
GICv3: using LPI property table @0x0000000080c60000
GICv3: CPU0: using allocated LPI pending table @0x0000000080c70000
rcu: srcu_init: Setting srcu_struct sizes based on contention.
arch_timer: cp15 timer(s) running at 62.50MHz (virt).
clocksource: arch_sys_counter: mask: 0x1ffffffffffffff max_cycles: 0x1cd42e208c, max_idle_ns: 881590405314 ns
sched_clock: 57 bits at 63MHz, resolution 16ns, wraps every 4398046511096ns
Console: colour dummy device 80x25
Calibrating delay loop (skipped), value calculated using timer frequency.. 125.00 BogoMIPS (lpj=625000)
pid_max: default: 32768 minimum: 301
Mount-cache hash table entries: 1024 (order: 1, 8192 bytes, linear)
Mountpoint-cache hash table entries: 1024 (order: 1, 8192 bytes, linear)
/cpus/cpu-map/socket0/cluster0/core2: Can't get CPU for leaf core
cacheinfo: Unable to detect cache hierarchy for CPU 0
rcu: Hierarchical SRCU implementation.
rcu: 	Max phase no-delay instances is 1000.
EFI services will not be available.
smp: Bringing up secondary CPUs ...
Detected PIPT I-cache on CPU1
GICv3: CPU1: found redistributor 1 region 0:0x00000000080c0000
GICv3: CPU1: using allocated LPI pending table @0x0000000080c80000
CPU1: Booted secondary processor 0x0000000001 [0x410fd083]
smp: Brought up 1 node, 2 CPUs
SMP: Total of 2 processors activated.
CPU: All CPU(s) started at EL1
CPU features: detected: 32-bit EL0 Support
CPU features: detected: CRC32 instructions
alternatives: applying system-wide alternatives
Memory: 497472K/524288K available (4864K kernel code, 700K rwdata, 936K rodata, 1152K init, 345K bss, 24608K reserved, 0K cma-reserved)
devtmpfs: initialized
clocksource: jiffies: mask: 0xffffffff max_cycles: 0xffffffff, max_idle_ns: 19112604462750000 ns
futex hash table entries: 512 (order: 3, 32768 bytes, linear)
DMI not present or invalid.
NET: Registered PF_NETLINK/PF_ROUTE protocol family
DMA: preallocated 128 KiB GFP_KERNEL pool for atomic allocations
DMA: preallocated 128 KiB GFP_KERNEL|GFP_DMA pool for atomic allocations
DMA: preallocated 128 KiB GFP_KERNEL|GFP_DMA32 pool for atomic allocations
ASID allocator initialised with 65536 entries
Serial: AMBA PL011 UART driver
9000000.pl011: ttyAMA0 at MMIO 0x9000000 (irq = 13, base_baud = 0) is a PL011 rev1
printk: legacy console [ttyAMA0] enabled
iommu: Default domain type: Translated
iommu: DMA domain TLB invalidation policy: strict mode
pps_core: LinuxPPS API ver. 1 registered
pps_core: Software ver. 5.3.6 - Copyright 2005-2007 Rodolfo Giometti <giometti@linux.it>
PTP clock support registered
clocksource: Switched to clocksource arch_sys_counter
NET: Registered PF_INET protocol family
IP idents hash table entries: 8192 (order: 4, 65536 bytes, linear)
tcp_listen_portaddr_hash hash table entries: 256 (order: 0, 4096 bytes, linear)
Table-perturb hash table entries: 65536 (order: 6, 262144 bytes, linear)
TCP established hash table entries: 4096 (order: 3, 32768 bytes, linear)
TCP bind hash table entries: 4096 (order: 5, 131072 bytes, linear)
TCP: Hash tables configured (established 4096 bind 4096)
UDP hash table entries: 256 (order: 1, 8192 bytes, linear)
UDP-Lite hash table entries: 256 (order: 1, 8192 bytes, linear)
NET: Registered PF_UNIX/PF_LOCAL protocol family
Unpacking initramfs...
workingset: timestamp_bits=62 max_order=17 bucket_order=0
io scheduler mq-deadline registered
io scheduler kyber registered
Freeing initrd memory: 5692K
SMCCC: SOC_ID: ARCH_SOC_ID not implemented, skipping ....
NET: Registered PF_INET6 protocol family
Segment Routing with IPv6
In-situ OAM (IOAM) with IPv6
sit: IPv6, IPv4 and MPLS over IPv4 tunneling driver
NET: Registered PF_PACKET protocol family
clk: Disabling unused clocks
Freeing unused kernel memory: 1152K
Run /init as init process
LINUX_SMP_READY configured=2 online=0-1 nproc=2
TASK123_LINUX_NET_READY ip=192.168.77.11 peer=192.168.77.30
TASK2_LINUX_BEGIN port=9876
=== RT-IPC Benchmark Client ===
Target: 192.168.77.30:9876, count=30000 per size

[client] fault profile: none
random: crng init done
[client] connecting...
[client] connected!

--- Payload 64B ---
[progress] size=64 idx=2022 sent=2023 recv=2022 state=3 tx=2023 rx=2022 retrans=0 timeouts=0 dup=0 reorder=0 errors=0 acks=2023 stall=2ms
[progress] size=64 idx=4006 sent=4007 recv=4006 state=3 tx=4007 rx=4006 retrans=0 timeouts=0 dup=0 reorder=0 errors=0 acks=4006 stall=2ms
[progress] size=64 idx=6004 sent=6005 recv=6004 state=3 tx=6005 rx=6004 retrans=0 timeouts=0 dup=0 reorder=0 errors=0 acks=6004 stall=2ms
[progress] size=64 idx=8005 sent=8006 recv=8005 state=3 tx=8006 rx=8005 retrans=0 timeouts=0 dup=0 reorder=0 errors=0 acks=8005 stall=2ms
[progress] size=64 idx=9964 sent=9965 recv=9964 state=3 tx=9965 rx=9964 retrans=0 timeouts=0 dup=0 reorder=0 errors=0 acks=9965 stall=2ms
[progress] size=64 idx=11899 sent=11900 recv=11900 state=3 tx=11900 rx=11900 retrans=0 timeouts=0 dup=0 reorder=0 errors=0 acks=11900 stall=0ms
[progress] size=64 idx=13838 sent=13839 recv=13839 state=3 tx=13839 rx=13839 retrans=0 timeouts=0 dup=0 reorder=0 errors=0 acks=13839 stall=0ms
[client] fault injection: force disconnect at request=15000
[client] reconnect complete recovery_ms=203 attempts=1
[progress] size=64 idx=15719 sent=15720 recv=15720 state=3 tx=15720 rx=15720 retrans=0 timeouts=0 dup=0 reorder=0 errors=0 acks=15720 stall=0ms
[progress] size=64 idx=17703 sent=17704 recv=17704 state=3 tx=17704 rx=17704 retrans=0 timeouts=0 dup=0 reorder=0 errors=0 acks=17704 stall=0ms
[progress] size=64 idx=19669 sent=19670 recv=19670 state=3 tx=19670 rx=19670 retrans=0 timeouts=0 dup=0 reorder=0 errors=0 acks=19670 stall=0ms
[progress] size=64 idx=21627 sent=21628 recv=21628 state=3 tx=21628 rx=21628 retrans=0 timeouts=0 dup=0 reorder=0 errors=0 acks=21628 stall=0ms
[progress] size=64 idx=23585 sent=23586 recv=23586 state=3 tx=23586 rx=23586 retrans=0 timeouts=0 dup=0 reorder=0 errors=0 acks=23586 stall=0ms
[progress] size=64 idx=25549 sent=25550 recv=25550 state=3 tx=25550 rx=25550 retrans=0 timeouts=0 dup=0 reorder=0 errors=0 acks=25550 stall=0ms
[progress] size=64 idx=27511 sent=27512 recv=27512 state=3 tx=27512 rx=27512 retrans=0 timeouts=0 dup=0 reorder=0 errors=0 acks=27512 stall=0ms
[progress] size=64 idx=29465 sent=29466 recv=29465 state=3 tx=29466 rx=29465 retrans=0 timeouts=0 dup=0 reorder=0 errors=0 acks=29466 stall=1ms
  sent=30000  recv=30000  loss=0%
  RTT: min=0ms avg=2ms max=39ms P50=2ms P95=3ms P99=3ms P99.9=9ms
  throughput=24.54KiB/s
  request_timeouts=0 protocol_errors=0 reconnects=1
  transport: retrans=0 timeouts=0 dup=0 reorder=0 errors=0

--- Payload 256B ---
[progress] size=256 idx=1831 sent=1832 recv=1832 state=3 tx=31832 rx=31832 retrans=0 timeouts=0 dup=0 reorder=0 errors=0 acks=31832 stall=0ms
[progress] size=256 idx=3809 sent=3810 recv=3809 state=3 tx=33810 rx=33809 retrans=0 timeouts=0 dup=0 reorder=0 errors=0 acks=33810 stall=1ms
[progress] size=256 idx=5779 sent=5780 recv=5780 state=3 tx=35780 rx=35780 retrans=0 timeouts=0 dup=0 reorder=0 errors=0 acks=35780 stall=0ms
[progress] size=256 idx=7752 sent=7753 recv=7752 state=3 tx=37753 rx=37752 retrans=0 timeouts=0 dup=0 reorder=0 errors=0 acks=37753 stall=2ms
[progress] size=256 idx=9701 sent=9702 recv=9701 state=3 tx=39702 rx=39701 retrans=0 timeouts=0 dup=0 reorder=0 errors=0 acks=39702 stall=2ms
[progress] size=256 idx=11689 sent=11690 recv=11689 state=3 tx=41690 rx=41689 retrans=0 timeouts=0 dup=0 reorder=0 errors=0 acks=41690 stall=4ms
[progress] size=256 idx=13660 sent=13661 recv=13660 state=3 tx=43661 rx=43660 retrans=0 timeouts=0 dup=0 reorder=0 errors=0 acks=43661 stall=3ms
[progress] size=256 idx=15599 sent=15600 recv=15599 state=3 tx=45600 rx=45599 retrans=0 timeouts=0 dup=0 reorder=0 errors=0 acks=45600 stall=2ms
[progress] size=256 idx=17468 sent=17469 recv=17469 state=3 tx=47469 rx=47469 retrans=0 timeouts=0 dup=0 reorder=0 errors=0 acks=47469 stall=0ms
[progress] size=256 idx=19272 sent=19273 recv=19273 state=3 tx=49273 rx=49273 retrans=0 timeouts=0 dup=0 reorder=0 errors=0 acks=49273 stall=0ms
[progress] size=256 idx=21249 sent=21250 recv=21250 state=3 tx=51250 rx=51250 retrans=0 timeouts=0 dup=0 reorder=0 errors=0 acks=51250 stall=0ms
[progress] size=256 idx=23205 sent=23206 recv=23206 state=3 tx=53206 rx=53206 retrans=0 timeouts=0 dup=0 reorder=0 errors=0 acks=53206 stall=0ms
[progress] size=256 idx=25161 sent=25162 recv=25161 state=3 tx=55162 rx=55161 retrans=0 timeouts=0 dup=0 reorder=0 errors=0 acks=55162 stall=3ms
[progress] size=256 idx=27092 sent=27093 recv=27092 state=3 tx=57093 rx=57092 retrans=0 timeouts=0 dup=0 reorder=0 errors=0 acks=57093 stall=3ms
[progress] size=256 idx=29019 sent=29020 recv=29019 state=3 tx=59020 rx=59019 retrans=0 timeouts=0 dup=0 reorder=0 errors=0 acks=59020 stall=2ms
  sent=30000  recv=30000  loss=0%
  RTT: min=0ms avg=2ms max=59ms P50=2ms P95=3ms P99=4ms P99.9=14ms
  throughput=96.60KiB/s
  request_timeouts=0 protocol_errors=0 reconnects=0
  transport: retrans=0 timeouts=0 dup=0 reorder=0 errors=0

--- Payload 1024B ---
[progress] size=1024 idx=1958 sent=1959 recv=1958 state=3 tx=61959 rx=61958 retrans=0 timeouts=0 dup=0 reorder=0 errors=0 acks=61959 stall=3ms
[progress] size=1024 idx=3952 sent=3953 recv=3953 state=3 tx=63953 rx=63953 retrans=0 timeouts=0 dup=0 reorder=0 errors=0 acks=63953 stall=0ms
[progress] size=1024 idx=5940 sent=5941 recv=5940 state=3 tx=65941 rx=65940 retrans=0 timeouts=0 dup=0 reorder=0 errors=0 acks=65941 stall=2ms
[progress] size=1024 idx=7930 sent=7931 recv=7930 state=3 tx=67931 rx=67930 retrans=0 timeouts=0 dup=0 reorder=0 errors=0 acks=67931 stall=2ms
[progress] size=1024 idx=9864 sent=9865 recv=9864 state=3 tx=69865 rx=69864 retrans=0 timeouts=0 dup=0 reorder=0 errors=0 acks=69865 stall=3ms
[progress] size=1024 idx=11837 sent=11838 recv=11838 state=3 tx=71838 rx=71838 retrans=0 timeouts=0 dup=0 reorder=0 errors=0 acks=71838 stall=0ms
[progress] size=1024 idx=13828 sent=13829 recv=13828 state=3 tx=73829 rx=73828 retrans=0 timeouts=0 dup=0 reorder=0 errors=0 acks=73829 stall=2ms
[progress] size=1024 idx=15812 sent=15813 recv=15812 state=3 tx=75813 rx=75812 retrans=0 timeouts=0 dup=0 reorder=0 errors=0 acks=75813 stall=2ms
[progress] size=1024 idx=17796 sent=17797 recv=17796 state=3 tx=77797 rx=77796 retrans=0 timeouts=0 dup=0 reorder=0 errors=0 acks=77797 stall=2ms
[progress] size=1024 idx=19781 sent=19782 recv=19781 state=3 tx=79782 rx=79781 retrans=0 timeouts=0 dup=0 reorder=0 errors=0 acks=79782 stall=2ms
[progress] size=1024 idx=21783 sent=21784 recv=21784 state=3 tx=81784 rx=81784 retrans=0 timeouts=0 dup=0 reorder=0 errors=0 acks=81784 stall=0ms
[progress] size=1024 idx=23779 sent=23780 recv=23779 state=3 tx=83780 rx=83779 retrans=0 timeouts=0 dup=0 reorder=0 errors=0 acks=83780 stall=2ms
[progress] size=1024 idx=25763 sent=25764 recv=25763 state=3 tx=85764 rx=85763 retrans=0 timeouts=0 dup=0 reorder=0 errors=0 acks=85764 stall=2ms
[progress] size=1024 idx=27739 sent=27740 recv=27740 state=3 tx=87740 rx=87740 retrans=0 timeouts=0 dup=0 reorder=0 errors=0 acks=87740 stall=0ms
[progress] size=1024 idx=29733 sent=29734 recv=29733 state=3 tx=89734 rx=89733 retrans=0 timeouts=0 dup=0 reorder=0 errors=0 acks=89734 stall=2ms
  sent=30000  recv=30000  loss=0%
  RTT: min=0ms avg=2ms max=59ms P50=2ms P95=3ms P99=3ms P99.9=11ms
  throughput=396.29KiB/s
  request_timeouts=0 protocol_errors=0 reconnects=0
  transport: retrans=0 timeouts=0 dup=0 reorder=0 errors=0

========================================
ALL TESTS COMPLETE
========================================
RT-IPC client exited with rc=0
TASK2_LINUX_END status=PASS
TASK3_LINUX_READY ip=192.168.77.11 peer=192.168.77.30:9877
TASK3_FRAME_CSV=FIXED,0,0,2,2,21649,896,0,0,0,0,143,2445,0,0,0
TASK3_FRAME_CSV=FIXED,1,1461,2,2,16624,405,0,0,0,0,95,2603,0,0,0
TASK3_FRAME_CSV=FIXED,2,2900,2,2,32767,412,0,0,0,0,79,2671,0,0,0
TASK3_FRAME_CSV=AI,0,0,2,2,21649,415,0,0,0,0,95,2588,0,0,0
TASK3_FRAME_CSV=AI,1,1461,2,2,16624,404,0,0,0,0,77,2371,0,0,0
TASK3_FRAME_CSV=AI,2,2900,2,2,32767,404,0,0,0,0,71,2252,0,0,0
TASK3_SUMMARY_JSON={"schema":1,"frames_per_mode":3,"records":6,"elapsed_us":460168,"requests":6,"successes":6,"success_rate":1.000000,"application_errors":0,"application_timeouts":0,"transport_retries":0,"duplicates":0,"recovered":0,"reconnects":0,"injected_drops":0,"classification":{"correct":3,"total":3,"accuracy":1.000000,"confusion_matrix":[[0,0,0],[0,3,0],[0,0,0]]},"inference_us":{"min":404,"mean":489,"p50":405,"p95":896,"p99":896,"max":896},"round_trip_us":{"min":2252,"mean":2488,"p50":2445,"p95":2671,"p99":2671,"max":2671},"tracking_error_q15":{"fixed":{"min":0,"mean":1453,"p50":1461,"p95":2900,"p99":2900,"max":2900},"ai":{"min":0,"mean":1453,"p50":1461,"p95":2900,"p99":2900,"max":2900}},"settling":{"fixed":{"direction_changes":0,"successes":0,"mean_frames":0,"max_frames":0},"ai":{"direction_changes":0,"successes":0,"mean_frames":0,"max_frames":0}},"effective_payload_bytes_per_second":312}
TASK3_LINUX_END status=PASS
TASK123_LINUX_END status=PASS
reboot: Power down

