[I/rtdm.ofw] Booting RT-Thread on physical CPU 0x0
[I/rtdm.ofw] Machine model: linux,dummy-virt
[I/rtdm.ofw] Memory node(0) ranges: 0x00000000a0000000 - 0x00000000b0000000
[I/mm.memblock] System memory:
[I/mm.memblock]                    [0x00000000a0000000, 0x00000000b0000000]
[I/mm.memblock] Reserved memory:
[I/mm.memblock]                    [0x00000000a0000000, 0x00000000a0135000]
[I/mm.memblock]                    [0x00000000a0135000, 0x00000000a4135000]
[I/mm.memblock]                    [0x00000000a4135000, 0x00000000a4335000]
[I/mm.memblock]                    [0x00000000a4335000, 0x00000000a4336000]
[I/mm.memblock] physical memory region [0x00000000a4336000-0x00000000b0000000] installed to system page
[I/mm.memblock] 197 MB memory installed to system page
[I/osi.psci] Using PSCI v1.1 Function IDs
[I/rtdm.ofw] Console: uart0 (<no-node>)

 \ | /
- RT -     Thread Operating System
 / | \     5.2.2 build Aug 20 2026 14:11:19
 2006 - 2024 Copyright by RT-Thread team
lwIP-2.1.2 initialized!
[I/sal.skt] Socket Abstraction Layer initialize success.
[I/rtdm.mnt] File system initialization done
Axvisor RT-Thread guest ready
TASK3_RTOS_READY ip=192.168.77.30 port=9877
msh />[I/rtipic.srv] server starting on 192.168.77.30:9876
RTIPC_SERVER_READY ip=192.168.77.30 port=9876
[I/rtipic.srv] listening...
RTBENCH_STABILITY_BEGIN seconds=10 expected=9999
RTBENCH metric=stability_jitter run=1 expected=9999 collected=9999 missing=0 p50_ns=4736 p95_ns=250336 p99_ns=385936 p99_9_ns=530896 max_ns=2422080 miss_100us=1339 miss_500us=16 miss_1ms=1 mean_ns=39749
RTBENCH metric=callback_exec run=1 expected=9999 collected=9999 missing=0 p50_ns=480 p95_ns=3600 p99_ns=9632 p99_9_ns=10800 max_ns=48560 miss_100us=0 miss_500us=0 miss_1ms=0 mean_ns=826
RTBENCH_STABILITY_END status=PASS expected=9999 collected=9999 missing=0
RTBENCH_STABILITY_DONE
TASK3_RTOS_FINAL requests=9 errors=0 duplicates=0 applied_steps=3 retries=0
