[32m[I/rtdm.ofw] Booting RT-Thread on physical CPU 0x0[0m
[32m[I/rtdm.ofw] Machine model: linux,dummy-virt[0m
[32m[I/rtdm.ofw] Memory node(0) ranges: 0x0000000040000000 - 0x0000000080000000[0m
[32m[I/mm.memblock] System memory:[0m
[32m[I/mm.memblock]                    [0x0000000040000000, 0x0000000080000000][0m
[32m[I/mm.memblock] Reserved memory:[0m
[32m[I/mm.memblock]                    [0x0000000040200000, 0x0000000040332000][0m
[32m[I/mm.memblock]                    [0x0000000040332000, 0x0000000044332000][0m
[32m[I/mm.memblock]                    [0x0000000044332000, 0x0000000044532000][0m
[32m[I/mm.memblock]                    [0x0000000044532000, 0x0000000044632000][0m
[32m[I/mm.memblock] physical memory region [0x0000000040000000-0x0000000040200000] installed to system page[0m
[32m[I/mm.memblock] physical memory region [0x0000000044632000-0x0000000080000000] installed to system page[0m
[32m[I/mm.memblock] 1002 MB memory installed to system page[0m
[32m[I/osi.psci] Using PSCI v1.1 Function IDs[0m
[32m[I/rtdm.ofw] Console: uart0 (<no-node>)[0m

 \ | /
- RT -     Thread Operating System
 / | \     5.2.2 build Aug 19 2026 21:01:12
 2006 - 2024 Copyright by RT-Thread team
lwIP-2.1.2 initialized!
[32m[I/sal.skt] Socket Abstraction Layer initialize success.[0m
[32m[I/rtdm.mnt] File system initialization done[0m
Axvisor RT-Thread guest ready
msh />rtbench_stability 300
msh />RTBENCH_STABILITY_BEGIN seconds=300 expected=299999
RTIPC_FAILURE reason=no_network_device
[31m[E/rtipic.srv] RTIPC_SERVER_ERROR stage=netdev code=-255[0m
TASK3_RTOS_ERROR network-timeout
RTBENCH metric=stability_jitter run=1 expected=299999 collected=299999 missing=0 p50_ns=384 p95_ns=2928 p99_ns=10912 p99_9_ns=37344 max_ns=145696 miss_100us=2 miss_500us=0 miss_1ms=0 mean_ns=939
RTBENCH metric=callback_exec run=1 expected=299999 collected=299999 missing=0 p50_ns=112 p95_ns=256 p99_ns=6032 p99_9_ns=9856 max_ns=37424 miss_100us=0 miss_500us=0 miss_1ms=0 mean_ns=284
RTBENCH_STABILITY_END status=PASS expected=299999 collected=299999 missing=0
RTBENCH_STABILITY_DONE
