Linux 6.17.0-40-generic (9950x) 	08/16/26 	_x86_64_	(32 CPU)

# Time        UID      TGID       TID    %usr %system  %guest   %wait    %CPU   CPU  Command
14:11:34     1000   3730789         -  103.00    5.00    0.00    0.00  108.00     6  qemu-system-aar
14:11:34     1000         -   3730789    1.00    4.00    0.00    0.00    5.00     6  |__qemu-system-aar
14:11:34     1000         -   3730797    0.00    0.00    0.00    0.00    0.00     0  |__call_rcu
14:11:34     1000         -   3730798    0.00    0.00    0.00    0.00    0.00    25  |__worker
14:11:34     1000         -   3730812   94.00    1.00    0.00    0.00   95.00     4  |__CPU 0/TCG
14:11:34     1000         -   3730813    1.00    0.00    0.00    0.00    1.00     1  |__CPU 1/TCG
14:11:34     1000         -   3730814    6.00    0.00    0.00    0.00    6.00     0  |__CPU 2/TCG
14:11:34     1000         -   3730815    0.00    0.00    0.00    0.00    0.00    16  |__CPU 3/TCG
14:11:35     1000   3730789         -  172.00   19.00    0.00    0.00  191.00     6  qemu-system-aar
14:11:35     1000         -   3730789    0.00    0.00    0.00    0.00    0.00     6  |__qemu-system-aar
14:11:35     1000         -   3730797    0.00    0.00    0.00    0.00    0.00     2  |__call_rcu
14:11:35     1000         -   3730798    0.00    0.00    0.00    0.00    0.00    25  |__worker
14:11:35     1000         -   3730812   81.00    8.00    0.00    0.00   89.00    20  |__CPU 0/TCG
14:11:35     1000         -   3730813    1.00    0.00    0.00    0.00    1.00     7  |__CPU 1/TCG
14:11:35     1000         -   3730814   88.00    9.00    0.00    0.00   97.00    16  |__CPU 2/TCG
14:11:35     1000         -   3730815    0.00    0.00    0.00    0.00    0.00    16  |__CPU 3/TCG
14:11:36     1000   3730789         -  158.00   25.00    0.00    0.00  183.00    17  qemu-system-aar
14:11:36     1000         -   3730789    0.00    1.00    0.00    0.00    1.00    17  |__qemu-system-aar
14:11:36     1000         -   3730797    0.00    0.00    0.00    0.00    0.00     2  |__call_rcu
14:11:36     1000         -   3730798    0.00    0.00    0.00    0.00    0.00    25  |__worker
14:11:36     1000         -   3730812   71.00   13.00    0.00    0.00   84.00     4  |__CPU 0/TCG
14:11:36     1000         -   3730813    1.00    0.00    0.00    0.00    1.00     1  |__CPU 1/TCG
14:11:36     1000         -   3730814   87.00   12.00    0.00    0.00   99.00    16  |__CPU 2/TCG
14:11:36     1000         -   3730815    0.00    0.00    0.00    0.00    0.00    16  |__CPU 3/TCG
14:11:37     1000   3730789         -  151.00   30.00    0.00    0.00  181.00    22  qemu-system-aar
14:11:37     1000         -   3730789    0.00    1.00    0.00    0.00    1.00    22  |__qemu-system-aar
14:11:37     1000         -   3730797    0.00    0.00    0.00    0.00    0.00     2  |__call_rcu
14:11:37     1000         -   3730798    0.00    0.00    0.00    0.00    0.00    25  |__worker
14:11:37     1000         -   3730812   67.00   14.00    0.00    0.00   81.00    20  |__CPU 0/TCG
14:11:37     1000         -   3730813    1.00    0.00    0.00    0.00    1.00    14  |__CPU 1/TCG
14:11:37     1000         -   3730814   83.00   15.00    0.00    0.00   98.00    16  |__CPU 2/TCG
14:11:37     1000         -   3730815    0.00    0.00    0.00    0.00    0.00    16  |__CPU 3/TCG
14:11:38     1000   3730789         -  170.00   19.00    0.00    0.00  189.00    22  qemu-system-aar
14:11:38     1000         -   3730789    1.00    0.00    0.00    0.00    1.00    22  |__qemu-system-aar
14:11:38     1000         -   3730797    0.00    0.00    0.00    0.00    0.00     2  |__call_rcu
14:11:38     1000         -   3730798    0.00    0.00    0.00    0.00    0.00    25  |__worker
14:11:38     1000         -   3730812   79.00    9.00    0.00    0.00   88.00    20  |__CPU 0/TCG
14:11:38     1000         -   3730813    1.00    0.00    0.00    0.00    1.00    23  |__CPU 1/TCG
14:11:38     1000         -   3730814   89.00   10.00    0.00    0.00   99.00    16  |__CPU 2/TCG
14:11:38     1000         -   3730815    0.00    0.00    0.00    0.00    0.00    16  |__CPU 3/TCG
14:11:39     1000   3730789         -  170.00   18.00    0.00    0.00  188.00    22  qemu-system-aar
14:11:39     1000         -   3730789    0.00    1.00    0.00    0.00    1.00    22  |__qemu-system-aar
14:11:39     1000         -   3730797    0.00    0.00    0.00    0.00    0.00     2  |__call_rcu
14:11:39     1000         -   3730798    0.00    0.00    0.00    0.00    0.00    25  |__worker
14:11:39     1000         -   3730812   79.00    9.00    0.00    0.00   88.00    20  |__CPU 0/TCG
14:11:39     1000         -   3730813    0.00    0.00    0.00    0.00    0.00     0  |__CPU 1/TCG
14:11:39     1000         -   3730814   89.00    9.00    0.00    0.00   98.00    16  |__CPU 2/TCG
14:11:39     1000         -   3730815    0.00    0.00    0.00    0.00    0.00    16  |__CPU 3/TCG
14:11:40     1000   3730789         -  168.00   20.00    0.00    0.00  188.00    23  qemu-system-aar
14:11:40     1000         -   3730789    0.00    1.00    0.00    0.00    1.00    23  |__qemu-system-aar
14:11:40     1000         -   3730797    0.00    0.00    0.00    0.00    0.00     2  |__call_rcu
14:11:40     1000         -   3730798    0.00    0.00    0.00    0.00    0.00    25  |__worker
14:11:40     1000         -   3730812   78.00   10.00    0.00    0.00   88.00    20  |__CPU 0/TCG
14:11:40     1000         -   3730813    1.00    0.00    0.00    0.00    1.00     0  |__CPU 1/TCG
14:11:40     1000         -   3730814   89.00   10.00    0.00    0.00   99.00    16  |__CPU 2/TCG
14:11:40     1000         -   3730815    0.00    0.00    0.00    0.00    0.00    16  |__CPU 3/TCG
14:11:41     1000   3730789         -  182.00   12.00    0.00    0.00  194.00    23  qemu-system-aar
14:11:41     1000         -   3730789    1.00    0.00    0.00    0.00    1.00    23  |__qemu-system-aar
14:11:41     1000         -   3730797    0.00    0.00    0.00    0.00    0.00     2  |__call_rcu
14:11:41     1000         -   3730798    0.00    0.00    0.00    0.00    0.00    25  |__worker
14:11:41     1000         -   3730812   87.00    5.00    0.00    0.00   92.00     4  |__CPU 0/TCG
14:11:41     1000         -   3730813    0.00    0.00    0.00    0.00    0.00     0  |__CPU 1/TCG
14:11:41     1000         -   3730814   94.00    6.00    0.00    0.00  100.00    16  |__CPU 2/TCG
14:11:41     1000         -   3730815    0.00    0.00    0.00    0.00    0.00    16  |__CPU 3/TCG
14:11:42     1000   3730789         -  147.00   34.00    0.00    0.00  181.00    24  qemu-system-aar
14:11:42     1000         -   3730789    0.00    1.00    0.00    0.00    1.00    24  |__qemu-system-aar
14:11:42     1000         -   3730797    0.00    0.00    0.00    0.00    0.00     2  |__call_rcu
14:11:42     1000         -   3730798    0.00    0.00    0.00    0.00    0.00    25  |__worker
14:11:42     1000         -   3730812   63.00   18.00    0.00    0.00   81.00    20  |__CPU 0/TCG
14:11:42     1000         -   3730813    1.00    0.00    0.00    0.00    1.00     0  |__CPU 1/TCG
14:11:42     1000         -   3730814   82.00   17.00    0.00    0.00   99.00    16  |__CPU 2/TCG
14:11:42     1000         -   3730815    0.00    0.00    0.00    0.00    0.00    16  |__CPU 3/TCG
14:11:43     1000   3730789         -  142.00   38.00    0.00    0.00  180.00    24  qemu-system-aar
14:11:43     1000         -   3730789    0.00    1.00    0.00    0.00    1.00    24  |__qemu-system-aar
14:11:43     1000         -   3730797    0.00    0.00    0.00    0.00    0.00     2  |__call_rcu
14:11:43     1000         -   3730798    0.00    0.00    0.00    0.00    0.00    25  |__worker
14:11:43     1000         -   3730812   60.00   19.00    0.00    0.00   79.00     0  |__CPU 0/TCG
14:11:43     1000         -   3730813    1.00    0.00    0.00    0.00    1.00    25  |__CPU 1/TCG
14:11:43     1000         -   3730814   80.00   18.00    0.00    0.00   98.00     4  |__CPU 2/TCG
14:11:43     1000         -   3730815    0.00    0.00    0.00    0.00    0.00    16  |__CPU 3/TCG
14:11:44     1000   3730789         -  141.00   38.00    0.00    0.00  179.00    25  qemu-system-aar
14:11:44     1000         -   3730789    0.00    1.00    0.00    0.00    1.00    25  |__qemu-system-aar
14:11:44     1000         -   3730797    0.00    0.00    0.00    0.00    0.00     2  |__call_rcu
14:11:44     1000         -   3730812   60.00   19.00    0.00    0.00   79.00     4  |__CPU 0/TCG
14:11:44     1000         -   3730813    0.00    0.00    0.00    0.00    0.00    26  |__CPU 1/TCG
14:11:44     1000         -   3730814   79.00   19.00    0.00    0.00   98.00    16  |__CPU 2/TCG
14:11:44     1000         -   3730815    0.00    0.00    0.00    0.00    0.00    16  |__CPU 3/TCG
14:11:45     1000   3730789         -  172.00   19.00    0.00    0.00  191.00    25  qemu-system-aar
14:11:45     1000         -   3730789    1.00    2.00    0.00    0.00    3.00    25  |__qemu-system-aar
14:11:45     1000         -   3730797    0.00    0.00    0.00    0.00    0.00     2  |__call_rcu
14:11:45     1000         -   3730812   81.00    9.00    0.00    0.00   90.00     4  |__CPU 0/TCG
14:11:45     1000         -   3730813    1.00    0.00    0.00    0.00    1.00    26  |__CPU 1/TCG
14:11:45     1000         -   3730814   89.00   10.00    0.00    0.00   99.00     0  |__CPU 2/TCG
14:11:45     1000         -   3730815    0.00    0.00    0.00    0.00    0.00    16  |__CPU 3/TCG
14:11:46     1000   3730789         -  186.00   10.00    0.00    0.00  196.00    24  qemu-system-aar
14:11:46     1000         -   3730789    0.00    1.00    0.00    0.00    1.00    24  |__qemu-system-aar
14:11:46     1000         -   3730797    0.00    0.00    0.00    0.00    0.00     2  |__call_rcu
14:11:46     1000         -   3730812   91.00    4.00    0.00    0.00   95.00    20  |__CPU 0/TCG
14:11:46     1000         -   3730813    1.00    0.00    0.00    0.00    1.00    25  |__CPU 1/TCG
14:11:46     1000         -   3730814   93.00    6.00    0.00    0.00   99.00     0  |__CPU 2/TCG
14:11:46     1000         -   3730815    0.00    0.00    0.00    0.00    0.00    16  |__CPU 3/TCG
14:11:47     1000   3730789         -  185.00   10.00    0.00    0.00  195.00     3  qemu-system-aar
14:11:47     1000         -   3730789    1.00    1.00    0.00    0.00    2.00     3  |__qemu-system-aar
14:11:47     1000         -   3730797    0.00    0.00    0.00    0.00    0.00     2  |__call_rcu
14:11:47     1000         -   3730812   90.00    3.00    0.00    0.00   93.00     4  |__CPU 0/TCG
14:11:47     1000         -   3730813    0.00    0.00    0.00    0.00    0.00    26  |__CPU 1/TCG
14:11:47     1000         -   3730814   93.00    6.00    0.00    0.00   99.00     0  |__CPU 2/TCG
14:11:47     1000         -   3730815    0.00    0.00    0.00    0.00    0.00    16  |__CPU 3/TCG
14:11:48     1000   3730789         -  184.00   11.00    0.00    0.00  195.00     3  qemu-system-aar
14:11:48     1000         -   3730789    0.00    1.00    0.00    0.00    1.00     3  |__qemu-system-aar
14:11:48     1000         -   3730797    0.00    0.00    0.00    0.00    0.00     2  |__call_rcu
14:11:48     1000         -   3730812   90.00    4.00    0.00    0.00   94.00     4  |__CPU 0/TCG
14:11:48     1000         -   3730813    1.00    0.00    0.00    0.00    1.00    25  |__CPU 1/TCG
14:11:48     1000         -   3730814   92.00    6.00    0.00    0.00   98.00     0  |__CPU 2/TCG
14:11:48     1000         -   3730815    0.00    0.00    0.00    0.00    0.00    16  |__CPU 3/TCG
14:11:49     1000   3730789         -  184.16    8.91    0.00    0.00  193.07     5  qemu-system-aar
14:11:49     1000         -   3730789    0.00    0.99    0.00    0.00    0.99     5  |__qemu-system-aar
14:11:49     1000         -   3730797    0.00    0.00    0.00    0.00    0.00     2  |__call_rcu
14:11:49     1000         -   3730812   89.11    3.96    0.00    0.00   93.07     4  |__CPU 0/TCG
14:11:49     1000         -   3730813    0.99    0.00    0.00    0.00    0.99    25  |__CPU 1/TCG
14:11:49     1000         -   3730814   94.06    4.95    0.00    0.00   99.01    16  |__CPU 2/TCG
14:11:49     1000         -   3730815    0.00    0.00    0.00    0.00    0.00    16  |__CPU 3/TCG
14:11:50     1000   3730789         -  183.00   10.00    0.00    0.00  193.00     5  qemu-system-aar
14:11:50     1000         -   3730789    1.00    0.00    0.00    0.00    1.00     5  |__qemu-system-aar
14:11:50     1000         -   3730797    0.00    0.00    0.00    0.00    0.00     2  |__call_rcu
14:11:50     1000         -   3730812   88.00    5.00    0.00    0.00   93.00     4  |__CPU 0/TCG
14:11:50     1000         -   3730813    0.00    0.00    0.00    0.00    0.00    25  |__CPU 1/TCG
14:11:50     1000         -   3730814   93.00    6.00    0.00    0.00   99.00    16  |__CPU 2/TCG
14:11:50     1000         -   3730815    0.00    0.00    0.00    0.00    0.00    16  |__CPU 3/TCG
14:11:51     1000   3730789         -  185.00   10.00    0.00    0.00  195.00     5  qemu-system-aar
14:11:51     1000         -   3730789    0.00    1.00    0.00    0.00    1.00     5  |__qemu-system-aar
14:11:51     1000         -   3730797    0.00    0.00    0.00    0.00    0.00     2  |__call_rcu
14:11:51     1000         -   3730812   90.00    4.00    0.00    0.00   94.00    20  |__CPU 0/TCG
14:11:51     1000         -   3730813    1.00    0.00    0.00    0.00    1.00    25  |__CPU 1/TCG
14:11:51     1000         -   3730814   94.00    5.00    0.00    0.00   99.00    16  |__CPU 2/TCG
14:11:51     1000         -   3730815    0.00    0.00    0.00    0.00    0.00    16  |__CPU 3/TCG
14:11:52     1000   3730789         -  187.00    8.00    0.00    0.00  195.00     5  qemu-system-aar
14:11:52     1000         -   3730789    0.00    1.00    0.00    0.00    1.00     5  |__qemu-system-aar
14:11:52     1000         -   3730797    0.00    0.00    0.00    0.00    0.00     2  |__call_rcu
14:11:52     1000         -   3730812   93.00    2.00    0.00    0.00   95.00    20  |__CPU 0/TCG
14:11:52     1000         -   3730813    1.00    0.00    0.00    0.00    1.00    25  |__CPU 1/TCG
14:11:52     1000         -   3730814   93.00    6.00    0.00    0.00   99.00    16  |__CPU 2/TCG
14:11:52     1000         -   3730815    0.00    0.00    0.00    0.00    0.00    16  |__CPU 3/TCG
14:11:53     1000   3730789         -  187.00    9.00    0.00    0.00  196.00     5  qemu-system-aar
14:11:53     1000         -   3730789    1.00    1.00    0.00    0.00    2.00     5  |__qemu-system-aar
14:11:53     1000         -   3730797    0.00    0.00    0.00    0.00    0.00     2  |__call_rcu
14:11:53     1000         -   3730812   91.00    3.00    0.00    0.00   94.00     4  |__CPU 0/TCG
14:11:53     1000         -   3730813    0.00    0.00    0.00    0.00    0.00    26  |__CPU 1/TCG
14:11:53     1000         -   3730814   94.00    5.00    0.00    0.00   99.00    16  |__CPU 2/TCG
14:11:53     1000         -   3730815    0.00    0.00    0.00    0.00    0.00    16  |__CPU 3/TCG
14:11:54     1000   3730789         -  184.00   10.00    0.00    0.00  194.00     6  qemu-system-aar
14:11:54     1000         -   3730789    0.00    1.00    0.00    0.00    1.00     6  |__qemu-system-aar
14:11:54     1000         -   3730797    0.00    0.00    0.00    0.00    0.00     2  |__call_rcu
14:11:54     1000         -   3730812   89.00    6.00    0.00    0.00   95.00     4  |__CPU 0/TCG
14:11:54     1000         -   3730813    1.00    0.00    0.00    0.00    1.00    26  |__CPU 1/TCG
14:11:54     1000         -   3730814   94.00    5.00    0.00    0.00   99.00    16  |__CPU 2/TCG
14:11:54     1000         -   3730815    0.00    0.00    0.00    0.00    0.00    16  |__CPU 3/TCG
14:11:55     1000   3730789         -  184.00   11.00    0.00    0.00  195.00     5  qemu-system-aar
14:11:55     1000         -   3730789    0.00    1.00    0.00    0.00    1.00     5  |__qemu-system-aar
14:11:55     1000         -   3730797    0.00    0.00    0.00    0.00    0.00     2  |__call_rcu
14:11:55     1000         -   3730812   89.00    4.00    0.00    0.00   93.00     4  |__CPU 0/TCG
14:11:55     1000         -   3730813    1.00    0.00    0.00    0.00    1.00    26  |__CPU 1/TCG
14:11:55     1000         -   3730814   93.00    5.00    0.00    0.00   98.00    16  |__CPU 2/TCG
14:11:55     1000         -   3730815    0.00    0.00    0.00    0.00    0.00    16  |__CPU 3/TCG
14:11:56     1000   3730789         -  188.00    8.00    0.00    0.00  196.00     7  qemu-system-aar
14:11:56     1000         -   3730789    0.00    1.00    0.00    0.00    1.00     7  |__qemu-system-aar
14:11:56     1000         -   3730797    0.00    0.00    0.00    0.00    0.00     2  |__call_rcu
14:11:56     1000         -   3730812   91.00    4.00    0.00    0.00   95.00    20  |__CPU 0/TCG
14:11:56     1000         -   3730813    0.00    0.00    0.00    0.00    0.00    26  |__CPU 1/TCG
14:11:56     1000         -   3730814   95.00    4.00    0.00    0.00   99.00    16  |__CPU 2/TCG
14:11:56     1000         -   3730815    0.00    0.00    0.00    0.00    0.00    16  |__CPU 3/TCG
14:11:57     1000   3730789         -  188.00    7.00    0.00    0.00  195.00     7  qemu-system-aar
14:11:57     1000         -   3730789    0.00    1.00    0.00    0.00    1.00     7  |__qemu-system-aar
14:11:57     1000         -   3730797    0.00    0.00    0.00    0.00    0.00     2  |__call_rcu
14:11:57     1000         -   3730812   92.00    3.00    0.00    0.00   95.00     4  |__CPU 0/TCG
14:11:57     1000         -   3730813    1.00    0.00    0.00    0.00    1.00    26  |__CPU 1/TCG
14:11:57     1000         -   3730814   95.00    5.00    0.00    0.00  100.00    16  |__CPU 2/TCG
14:11:57     1000         -   3730815    0.00    0.00    0.00    0.00    0.00    16  |__CPU 3/TCG
14:11:58     1000   3730789         -  185.00   10.00    0.00    0.00  195.00     2  qemu-system-aar
14:11:58     1000         -   3730789    1.00    0.00    0.00    0.00    1.00     2  |__qemu-system-aar
14:11:58     1000         -   3730797    0.00    0.00    0.00    0.00    0.00     2  |__call_rcu
14:11:58     1000         -   3730812   90.00    4.00    0.00    0.00   94.00    20  |__CPU 0/TCG
14:11:58     1000         -   3730813    1.00    0.00    0.00    0.00    1.00    26  |__CPU 1/TCG
14:11:58     1000         -   3730814   93.00    5.00    0.00    0.00   98.00    16  |__CPU 2/TCG
14:11:58     1000         -   3730815    0.00    0.00    0.00    0.00    0.00    16  |__CPU 3/TCG
