qemu-system-aarch64: warning: hub 77 is not connected to host network
root=/dev/nvme0n1 rw init=/bin/sh
VM Load @PA:0x40200000
VM Load Offset: 0xffff0000c0200000
Memory Map:
  Free   0x00000040000000 - 0x00000040200000 (2 MiB)
  KImg   0x00000040200000 - 0x00000041400000 (18 MiB)
  Free   0x00000041400000 - 0x00000240000000 (7.98 GiB)
Initialize RAM allocator: 0x41400000..0x240000000
Reserving CPU-local areas
CPU-local area stride: 0x44000 bytes
Total CPU-local allocation: 0x110000 bytes (4 CPUs)
Flushed RAM used range to memory map: 0x41400000..0x41500000, current: 0x41500000
Flushed RAM used range to memory map: 0x41500000..0x41610000, current: 0x41610000
CPU-local areas allocated at 0x41500000 - 0x41610000
EL: 2
Mapping early memory regions...
Ram                 : [0x0000000040000000, 0x0000000240000000) -> [0x0000000040000000, 0x0000000240000000) (8 GiB)
KImage              : [0x0000ffff80000000, 0x0000ffff81200000) -> [0x0000000040200000, 0x0000000041400000) (18 MiB)
PerCpu              : [0x0000ff0041500000, 0x0000ff0041610000) -> [0x0000000041500000, 0x0000000041610000) (1.06 MiB)
Debug serial        : [0x0000000009000000, 0x0000000009001000) -> [0x0000000009000000, 0x0000000009001000) (4 KiB)
Boot page table at physical address: PA:0x41610000
Setting up table registers...
MMU Entry point at physical address: 0x4045e0d8
Trap vector at 0xffff80262000
Memory Map:
  MMIO   0x00000009000000 - 0x00000009001000 (4 KiB)
  Free   0x00000040000000 - 0x00000040200000 (2 MiB)
  KImg   0x00000040200000 - 0x00000041400000 (18 MiB)
  Rsv    0x00000041400000 - 0x00000041500000 (1 MiB)
  PerCPU 0x00000041500000 - 0x00000041610000 (1.06 MiB)
  Rsv    0x00000041610000 - 0x0000004161a000 (40 KiB)
  Free   0x0000004161a000 - 0x00000240000000 (7.98 GiB)
Jumping to main entry point at 0xffff80245f04 with SP 0x0000ff0041544000

       d8888                            .d88888b.   .d8888b.
      d88888                           d88P" "Y88b d88P  Y88b
     d88P888                           888     888 Y88b.
    d88P 888 888d888  .d8888b  .d88b.  888     888  "Y888b.
   d88P  888 888P"   d88P"    d8P  Y8b 888     888     "Y88b.
  d88P   888 888     888      88888888 888     888       "888
 d8888888888 888     Y88b.    Y8b.     Y88b. .d88P Y88b  d88P
d88P     888 888      "Y8888P  "Y8888   "Y88888P"   "Y8888P"

arch = aarch64
platform = linux,dummy-virt
target = aarch64-unknown-none-softfloat
build_mode = 
log_level = info
backtrace = false
smp = 4

[37m[  0.051423 ax_runtime:223] [32mLogging is enabled.[m
[m[37m[  0.051724 ax_runtime:224] [32mPrimary CPU 0 started, arg = 0x41400000.[m
[m[37m[  0.051799 ax_runtime:226] [32mFound physcial memory regions:[m
[m[37m[  0.052574 ax_runtime:228] [32m  [PA:0x9000000, PA:0x9001000) mmio (READ | WRITE | DEVICE | RESERVED)[m
[m[37m[  0.052741 ax_runtime:228] [32m  [PA:0x40000000, PA:0x40200000) free memory (READ | WRITE | FREE)[m
[m[37m[  0.052842 ax_runtime:228] [32m  [PA:0x40200000, PA:0x41400000) reserved (READ | WRITE | EXECUTE | RESERVED)[m
[m[37m[  0.052930 ax_runtime:228] [32m  [PA:0x41400000, PA:0x41500000) reserved (READ | WRITE | EXECUTE | RESERVED)[m
[m[37m[  0.053018 ax_runtime:228] [32m  [PA:0x41500000, PA:0x41610000) reserved (READ | WRITE | EXECUTE | RESERVED)[m
[m[37m[  0.053108 ax_runtime:228] [32m  [PA:0x41610000, PA:0x4161a000) reserved (READ | WRITE | EXECUTE | RESERVED)[m
[m[37m[  0.053190 ax_runtime:228] [32m  [PA:0x4161a000, PA:0x240000000) free memory (READ | WRITE | FREE)[m
[m[37m[  0.053284 ax_runtime:376] [32mInitialize global memory allocator...[m
[m[37m[  0.053356 ax_runtime:377] [32m  use buddy-slab-allocator allocator.[m
[m[37m[  0.053499 ax_alloc::buddy_slab:158] [32mInitialize global memory allocator, start_vaddr: 0x4161a000, size: 0x1fe9e6000[m
[m[37m[  0.059073 ax_alloc::buddy_slab:424] [32mglobal allocator initialized[m
[m[37m[  0.059208 ax_alloc::buddy_slab:168] [32mAdd memory region, start_vaddr: 0x40000000, size: 0x200000[m
[m[37m[  0.059342 buddy_slab_allocator::global:151] [32mGlobalAllocator: skip region 0x40000000+0x200000, no allocator-visible memory after 2097152 alignment[m
[m[37m[  0.059589 ax_runtime:263] [32mkernel aspace: [VA:0x0, VA:0xffffffffffffffff)[m
[m[37m[  0.059748 ax_mm:103] [32mInitialize virtual memory management...[m
[m[37m[  0.567794 ax_runtime:275] [32mInitialize platform devices...[m
[m[37m[  0.572963 someboot::arch::power:23] [32mPower management method : SMC[m
[m[37m[  0.573106 somehal::driver:5] [32mInitializing rdrive with FDT at 0x41400000[m
[m[37m[  0.583781 somehal::arch::gic::v3:284] [32mGICv3 CPU 0 EOI mode: two_step=true[m
[m[37m[  0.589477 ax_task::api:137] [32mInitialize scheduling...[m
[m[37m[  0.590540 ax_task::api:145] [32m  use Round-robin scheduler.[m
[m[37m[  0.590809 ax_runtime:301] [32mInitialize interrupt handlers...[m
[m[37m[  0.592533 ax_runtime::devices:2] [32mProbe platform devices...[m
[m[37m[  0.613226 ax_driver::block::nvme:42] [32mNVMe PCI endpoint 0000:00:01.0: BAR0=0x8000000000..0x8000004000, int_pin=1, int_line=0[m
[m[37m[  0.623814 nvme_driver::nvme:161] [32mNVME @0x8000000000 deferred init, version: 1.4.0[m
[m[37m[  0.624314 ax_driver::block::nvme:74] [32mNVMe block device registered at 0000:00:01.0 with 65 MSI-X vectors[m
[m[37m[  0.628855 ax_fs_ng::block::runtime::lifecycle::device:300] [32mblock device nvme IRQ source 0 (IrqId { domain: IrqDomainId(9), hwirq: HwIrq(0) }) fixed to CPU 0 for queue mask 0x0[m
[m[37m[  0.647106 ax_fs_ng::block::runtime::hctx:177] [32mblock hctx 0 bound to CPU 0 with hardware depth 63[m
[m[37m[  0.647509 ax_fs_ng::block::runtime::lifecycle::device:300] [32mblock device nvme IRQ source 1 (IrqId { domain: IrqDomainId(9), hwirq: HwIrq(1) }) fixed to CPU 0 for queue mask 0x1[m
[m[37m[  0.652989 ax_fs_ng::root:341] [32m    raw device fs=Some(Ext4)[m
[m[37m[  0.653144 ax_fs_ng::root:372] [32m  block device 0 (nvme) has no usable partition table; treating the whole disk as a candidate[m
[m[37m[  0.653468 ax_fs_ng::root:481] [32m  matched root by raw device path on disk0 raw device[m
[m[37m[  0.653815 ax_fs_ng:87] [32mInitialize filesystem subsystem...[m
[m[37m[  0.653886 ax_fs_ng:88] [32m  selected root device: disk0 raw device[m
[m[37m[  0.656360 rsext4::crc32c::arm64:54] [33mID_AA64ISAR0_EL1[19:16]: 0x1[m
[m[37m[  0.656446 rsext4::crc32c::arm64:57] [33mHardware CRC32C support detected.[m
[m[37m[  0.661851 rsext4::ext4::mount:331] [32m/lost+found exists (superblock hint inode=11)[m
[m[37m[  0.662839 rsext4::ext4::mount:466] [32mExt4 filesystem mounted[m
[m[37m[  0.662917 rsext4::ext4::mount:467] [32m  - block size: 4096 bytes[m
[m[37m[  0.662988 rsext4::ext4::mount:468] [32m  - total blocks: 8192[m
[m[37m[  0.663050 rsext4::ext4::mount:469] [32m  - free blocks: 1226[m
[m[37m[  0.663121 rsext4::ext4::mount:470] [32m  - total inodes: 8192[m
[m[37m[  0.663184 rsext4::ext4::mount:471] [32m  - free inodes: 8151[m
[m[37m[  0.663272 rsext4::ext4::sync:13] [32mSyncing filesystem...[m
[m[37m[  0.669809 rsext4::ext4::mount:550] [32mExt4 filesystem mounted[m
[m[37m[  0.670245 ax_fs_ng:101] [32m  filesystem type: "ext4"[m
[m[37m[  0.673240 somehal::arch::gic::v3:284] [32mGICv3 CPU 1 EOI mode: two_step=true[m
[m[37m[  0.673511 ax_runtime::mp:79] [32mSecondary CPU 1 started.[m
[m[37m[  0.674049 ax_runtime::mp:110] [32mSecondary CPU 1 init OK.[m
[m[37m[  0.675559 somehal::arch::gic::v3:284] [32mGICv3 CPU 2 EOI mode: two_step=true[m
[m[37m[  0.675669 ax_runtime::mp:79] [32mSecondary CPU 2 started.[m
[m[37m[  0.675849 ax_runtime::mp:110] [32mSecondary CPU 2 init OK.[m
[m[37m[  0.677724 somehal::arch::gic::v3:284] [32mGICv3 CPU 3 EOI mode: two_step=true[m
[m[37m[  0.677820 ax_runtime::mp:79] [32mSecondary CPU 3 started.[m
[m[37m[  0.677863 ax_runtime:349] [32mPrimary CPU 0 init OK.[m
[m[37m[  0.678005 ax_runtime::mp:110] [32mSecondary CPU 3 init OK.[m
[m[37m[  0.690654 0:4 ax_fs_ng::block::runtime::hctx:177] [32mblock hctx 1 bound to CPU 1 with hardware depth 63[m
[m[37m[  0.690820 0:4 ax_fs_ng::block::runtime::hctx:177] [32mblock hctx 2 bound to CPU 2 with hardware depth 63[m
[m[37m[  0.690946 0:4 ax_fs_ng::block::runtime::hctx:177] [32mblock hctx 3 bound to CPU 3 with hardware depth 63[m
[m[37m[  0.691281 0:4 ax_fs_ng::block::runtime::lifecycle::device:300] [32mblock device nvme IRQ source 2 (IrqId { domain: IrqDomainId(9), hwirq: HwIrq(2) }) fixed to CPU 1 for queue mask 0x2[m
[m[37m[  0.691565 0:4 ax_fs_ng::block::runtime::lifecycle::device:300] [32mblock device nvme IRQ source 3 (IrqId { domain: IrqDomainId(9), hwirq: HwIrq(3) }) fixed to CPU 2 for queue mask 0x4[m
[m[37m[  0.691842 0:4 ax_fs_ng::block::runtime::lifecycle::device:300] [32mblock device nvme IRQ source 4 (IrqId { domain: IrqDomainId(9), hwirq: HwIrq(4) }) fixed to CPU 3 for queue mask 0x8[m
[m[37m[  0.693525 0:2 ax_fs_ng::block::runtime::lifecycle::device:385] [32mblock device nvme online with 4 hctxs across 4 CPUs[m
[m

       d8888            888     888  d8b
      d88888            888     888  Y8P
     d88P888            888     888
    d88P 888  888  888  Y88b   d88P  888  .d8888b    .d88b.   888d888
   d88P  888  `Y8bd8P'   Y88b d88P   888  88K       d88""88b  888P"
  d88P   888    X88K      Y88o88P    888  "Y8888b.  888  888  888
 d8888888888  .d8""8b.     Y888P     888       X88  Y88..88P  888
d88P     888  888  888      Y8P      888   88888P'   "Y88P"   888


by AxVisor Team

[37m[  0.695455 0:2 axvisor:73] [32mStarting virtualization...[m
[m[37m[  0.695559 0:2 axvm::host::arceos:349] [32mEnabling hardware virtualization support on all cores...[m
[m[37m[  0.695676 0:2 axvm::host::arceos:355] [32mCore 0 is initializing hardware virtualization support...[m
[m[37m[  0.695783 0:2 axvm::timer:318] [32mInitializing AxVM timer wheel...[m
[m[37m[  0.700060 0:2 axvm::host::arceos:357] [32mHardware virtualization support enabled on core 0[m
[m[37m[  0.700461 2:20 axvm::host::arceos:367] [32mCore 2 is initializing hardware virtualization support...[m
[m[37m[  0.700495 3:21 axvm::host::arceos:367] [32mCore 3 is initializing hardware virtualization support...[m
[m[37m[  0.700460 1:19 axvm::host::arceos:367] [32mCore 1 is initializing hardware virtualization support...[m
[m[37m[  0.700674 3:21 axvm::timer:318] [32mInitializing AxVM timer wheel...[m
[m[37m[  0.700771 1:19 axvm::timer:318] [32mInitializing AxVM timer wheel...[m
[m[37m[  0.700592 2:20 axvm::timer:318] [32mInitializing AxVM timer wheel...[m
[m[37m[  0.700483 0:2 axvm::host::arceos:383] [32mWaiting for all cores to enable hardware virtualization...[m
[m[37m[  0.701246 3:21 axvm::host::arceos:370] [32mHardware virtualization support enabled on core 3[m
[m[37m[  0.701287 1:19 axvm::host::arceos:370] [32mHardware virtualization support enabled on core 1[m
[m[37m[  0.701397 2:20 axvm::host::arceos:370] [32mHardware virtualization support enabled on core 2[m
[m[37m[  0.701630 0:2 axvm::host::arceos:399] [32mAll cores have enabled hardware virtualization support.[m
[m[37m[  0.706041 0:2 axvisor::manager:143] [32mNOT find dir: /guest/vm_default in filesystem[m
[m[37m[  0.706231 0:2 axvisor::config:90] [32mUsing static VM configs.[m
[m[37m[  0.719596 0:2 axvm::arch::aarch64::fdt::core:79] [32mVM[1] virtual GIC follows host firmware resources: GuestGicProfile { compatible: "arm,gic-v3", node_path: "/intc@8000000", node_phandle: Some(32773), distributor: GuestMmioRegion { base: 134217728, length: 65536 }, cpu_region: Redistributors(GuestGicRedistributorProfile { regions: [GuestMmioRegion { base: 134873088, length: 16121856 }], stride: 131072 }), its: [GuestItsProfile { id: ItsId(0), node_path: "/intc@8000000/its@8080000", node_phandle: Some(32774), registers: GuestMmioRegion { base: 134742016, length: 131072 } }] }[m
[m[37m[  0.721785 0:2 axvm::arch::aarch64::fdt::core:93] [32mVM[1] architectural timer follows host firmware PPIs[m
[m[37m[  0.726217 0:2 axvm::arch::aarch64::fdt::core::parser:442] [32mCPU node: /cpus/cpu@0, node_id: 0x0, hardware_cpu_id: 0x0[m
[m[37m[  0.726374 0:2 axvm::arch::aarch64::fdt::core::parser:442] [32mCPU node: /cpus/cpu@1, node_id: 0x1, hardware_cpu_id: 0x1[m
[m[37m[  0.726498 0:2 axvm::arch::aarch64::fdt::core::parser:442] [32mCPU node: /cpus/cpu@2, node_id: 0x2, hardware_cpu_id: 0x2[m
[m[37m[  0.726601 0:2 axvm::arch::aarch64::fdt::core::parser:442] [32mCPU node: /cpus/cpu@3, node_id: 0x3, hardware_cpu_id: 0x3[m
[m[37m[  0.726761 0:2 axvm::arch::aarch64::fdt::core::parser:449] [32mFound 4 host CPU nodes[m
[m[37m[  0.727341 0:2 axvm::arch::aarch64::fdt::core:144] [32mVM[1] DTB not found, generating from the VM configuration[m
[m[37m[  0.740403 0:2 axvm::arch::aarch64::fdt::core::device:96] [32mFound excluded devices: ["/virtio_mmio@a000000", "/virtio_mmio@a000200", "/virtio_mmio@a000400", "/virtio_mmio@a000600", "/virtio_mmio@a000800", "/virtio_mmio@a000a00", "/virtio_mmio@a000c00", "/virtio_mmio@a000e00", "/virtio_mmio@a001000", "/virtio_mmio@a001200", "/virtio_mmio@a001400", "/virtio_mmio@a001600", "/virtio_mmio@a001800", "/virtio_mmio@a001a00", "/virtio_mmio@a001c00", "/virtio_mmio@a001e00", "/virtio_mmio@a002000", "/virtio_mmio@a002200", "/virtio_mmio@a002400", "/virtio_mmio@a002600", "/virtio_mmio@a002800", "/virtio_mmio@a002a00", "/virtio_mmio@a002c00", "/virtio_mmio@a002e00", "/virtio_mmio@a003000", "/virtio_mmio@a003200", "/virtio_mmio@a003400", "/virtio_mmio@a003600", "/virtio_mmio@a003800", "/virtio_mmio@a003a00", "/virtio_mmio@a003c00", "/virtio_mmio@a003e00", "/pcie@10000000", "/pl061@9030000", "/pl031@9010000", "/gpio-key-poweroff", "/intc@8000000", "/pl011@9000000", "/timer", "/intc@8000000/its@8080000"][m
[m[37m[  0.749241 0:2 axvm::arch::aarch64::fdt::core::device:96] [32mFound excluded devices: ["/virtio_mmio@a000000", "/virtio_mmio@a000200", "/virtio_mmio@a000400", "/virtio_mmio@a000600", "/virtio_mmio@a000800", "/virtio_mmio@a000a00", "/virtio_mmio@a000c00", "/virtio_mmio@a000e00", "/virtio_mmio@a001000", "/virtio_mmio@a001200", "/virtio_mmio@a001400", "/virtio_mmio@a001600", "/virtio_mmio@a001800", "/virtio_mmio@a001a00", "/virtio_mmio@a001c00", "/virtio_mmio@a001e00", "/virtio_mmio@a002000", "/virtio_mmio@a002200", "/virtio_mmio@a002400", "/virtio_mmio@a002600", "/virtio_mmio@a002800", "/virtio_mmio@a002a00", "/virtio_mmio@a002c00", "/virtio_mmio@a002e00", "/virtio_mmio@a003000", "/virtio_mmio@a003200", "/virtio_mmio@a003400", "/virtio_mmio@a003600", "/virtio_mmio@a003800", "/virtio_mmio@a003a00", "/virtio_mmio@a003c00", "/virtio_mmio@a003e00", "/pcie@10000000", "/pl061@9030000", "/pl031@9010000", "/gpio-key-poweroff", "/intc@8000000", "/pl011@9000000", "/timer", "/intc@8000000/its@8080000"][m
[m[37m[  0.750983 0:2 axvisor::config:137] [32mCreating VM[1] "linux-net"[m
[m[37m[  0.751420 0:2 axvm::arch::aarch64::vgic::plan:214] [32massigned_spis: 0 passthrough interrupts configured[m
[m[37m[  0.763378 0:2 axvm::vm:809] [32mVM created: id=1[m
[m[37m[  0.764403 0:2 axvisor::config:149] [32mVM[1] created success, loading images...[m
[m[37m[  0.778133 0:2 axvm::boot::images:137] [32mLoading ramdisk image from memory (5511718 bytes) into GPA @0x8c000000[m
[m[37m[  0.800428 0:2 axdevice::device:1232] [32mDeviceRuntime: registered device id=0[m
[m[37m[  0.800717 0:2 axdevice::device:1232] [32mDeviceRuntime: registered device id=1[m
[m[37m[  0.800845 0:2 axdevice::device:1232] [32mDeviceRuntime: registered device id=2[m
[m[37m[  0.802147 0:2 axdevice::device:1232] [32mDeviceRuntime: registered device id=3[m
[m[37m[  0.803519 0:2 axdevice::device:1232] [32mDeviceRuntime: registered device id=4[m
[m[37m[  0.806022 0:2 axvm::vm::prepare:82] [32mVM setup: id=1[m
[m[37m[  0.809660 0:2 axvm::arch::aarch64::fdt::core:79] [32mVM[3] virtual GIC follows host firmware resources: GuestGicProfile { compatible: "arm,gic-v3", node_path: "/intc@8000000", node_phandle: Some(32773), distributor: GuestMmioRegion { base: 134217728, length: 65536 }, cpu_region: Redistributors(GuestGicRedistributorProfile { regions: [GuestMmioRegion { base: 134873088, length: 16121856 }], stride: 131072 }), its: [GuestItsProfile { id: ItsId(0), node_path: "/intc@8000000/its@8080000", node_phandle: Some(32774), registers: GuestMmioRegion { base: 134742016, length: 131072 } }] }[m
[m[37m[  0.810189 0:2 axvm::arch::aarch64::fdt::core:93] [32mVM[3] architectural timer follows host firmware PPIs[m
[m[37m[  0.814036 0:2 axvm::arch::aarch64::fdt::core::parser:442] [32mCPU node: /cpus/cpu@0, node_id: 0x0, hardware_cpu_id: 0x0[m
[m[37m[  0.814161 0:2 axvm::arch::aarch64::fdt::core::parser:442] [32mCPU node: /cpus/cpu@1, node_id: 0x1, hardware_cpu_id: 0x1[m
[m[37m[  0.814268 0:2 axvm::arch::aarch64::fdt::core::parser:442] [32mCPU node: /cpus/cpu@2, node_id: 0x2, hardware_cpu_id: 0x2[m
[m[37m[  0.814381 0:2 axvm::arch::aarch64::fdt::core::parser:442] [32mCPU node: /cpus/cpu@3, node_id: 0x3, hardware_cpu_id: 0x3[m
[m[37m[  0.814516 0:2 axvm::arch::aarch64::fdt::core::parser:449] [32mFound 4 host CPU nodes[m
[m[37m[  0.814612 0:2 axvm::arch::aarch64::fdt::core:144] [32mVM[3] DTB not found, generating from the VM configuration[m
[m[37m[  0.823650 0:2 axvm::arch::aarch64::fdt::core::device:96] [32mFound excluded devices: ["/virtio_mmio@a000000", "/virtio_mmio@a000200", "/virtio_mmio@a000400", "/virtio_mmio@a000600", "/virtio_mmio@a000800", "/virtio_mmio@a000a00", "/virtio_mmio@a000c00", "/virtio_mmio@a000e00", "/virtio_mmio@a001000", "/virtio_mmio@a001200", "/virtio_mmio@a001400", "/virtio_mmio@a001600", "/virtio_mmio@a001800", "/virtio_mmio@a001a00", "/virtio_mmio@a001c00", "/virtio_mmio@a001e00", "/virtio_mmio@a002000", "/virtio_mmio@a002200", "/virtio_mmio@a002400", "/virtio_mmio@a002600", "/virtio_mmio@a002800", "/virtio_mmio@a002a00", "/virtio_mmio@a002c00", "/virtio_mmio@a002e00", "/virtio_mmio@a003000", "/virtio_mmio@a003200", "/virtio_mmio@a003400", "/virtio_mmio@a003600", "/virtio_mmio@a003800", "/virtio_mmio@a003a00", "/virtio_mmio@a003c00", "/virtio_mmio@a003e00", "/pcie@10000000", "/pl061@9030000", "/pl031@9010000", "/gpio-key-poweroff", "/intc@8000000", "/pl011@9000000", "/timer", "/intc@8000000/its@8080000"][m
[m[37m[  0.830332 0:2 axvm::arch::aarch64::fdt::core::device:96] [32mFound excluded devices: ["/virtio_mmio@a000000", "/virtio_mmio@a000200", "/virtio_mmio@a000400", "/virtio_mmio@a000600", "/virtio_mmio@a000800", "/virtio_mmio@a000a00", "/virtio_mmio@a000c00", "/virtio_mmio@a000e00", "/virtio_mmio@a001000", "/virtio_mmio@a001200", "/virtio_mmio@a001400", "/virtio_mmio@a001600", "/virtio_mmio@a001800", "/virtio_mmio@a001a00", "/virtio_mmio@a001c00", "/virtio_mmio@a001e00", "/virtio_mmio@a002000", "/virtio_mmio@a002200", "/virtio_mmio@a002400", "/virtio_mmio@a002600", "/virtio_mmio@a002800", "/virtio_mmio@a002a00", "/virtio_mmio@a002c00", "/virtio_mmio@a002e00", "/virtio_mmio@a003000", "/virtio_mmio@a003200", "/virtio_mmio@a003400", "/virtio_mmio@a003600", "/virtio_mmio@a003800", "/virtio_mmio@a003a00", "/virtio_mmio@a003c00", "/virtio_mmio@a003e00", "/pcie@10000000", "/pl061@9030000", "/pl031@9010000", "/gpio-key-poweroff", "/intc@8000000", "/pl011@9000000", "/timer", "/intc@8000000/its@8080000"][m
[m[37m[  0.831774 0:2 axvisor::config:137] [32mCreating VM[3] "rtthread-net"[m
[m[37m[  0.831854 0:2 axvm::arch::aarch64::vgic::plan:214] [32massigned_spis: 0 passthrough interrupts configured[m
[m[37m[  0.833170 0:2 axvm::vm:809] [32mVM created: id=3[m
[m[37m[  0.833314 0:2 axvisor::config:149] [32mVM[3] created success, loading images...[m
[m[37m[  0.838726 0:2 axdevice::device:1232] [32mDeviceRuntime: registered device id=0[m
[m[37m[  0.838807 0:2 axdevice::device:1232] [32mDeviceRuntime: registered device id=1[m
[m[37m[  0.838870 0:2 axdevice::device:1232] [32mDeviceRuntime: registered device id=2[m
[m[37m[  0.839014 0:2 axdevice::device:1232] [32mDeviceRuntime: registered device id=3[m
[m[37m[  0.839444 0:2 axdevice::device:1232] [32mDeviceRuntime: registered device id=4[m
[m[37m[  0.839606 0:2 axvm::vm::prepare:82] [32mVM setup: id=3[m
[m[37m[  0.839772 0:2 axvm::runtime:42] [32mInitializing VMM...[m
[m[37m[  0.840289 0:2 axvm::runtime:53] [32mVMM starting, booting VMs...[m
[m[37m[  0.840436 0:2 axvm::vm:1044] [32mStarting VM[1][m
[m[37m[  0.840550 0:2 axvm::runtime::vcpus:397] [32mSpawning task for VM[1] VCpu[0][m
[m[37m[  0.840873 0:2 axvm::runtime::vcpus:414] [32mVCpu task Task(25, "VM[1]-VCpu[0]") created cpumask: [0, 1, 3, ][m
[m[37m[  0.842758 0:2 axvm::runtime:61] [32mVM[1] boot success[m
[m[37m[  0.842825 0:2 axvm::vm:1044] [32mStarting VM[3][m
[m[37m[  0.842879 0:2 axvm::runtime::vcpus:397] [32mSpawning task for VM[3] VCpu[0][m
[m[37m[  0.842968 0:2 axvm::runtime::vcpus:414] [32mVCpu task Task(27, "VM[3]-VCpu[0]") created cpumask: [2, ][m
[m[37m[  0.843169 0:2 axvm::runtime:61] [32mVM[3] boot success[m
[m[37m[  0.843412 2:27 axvm::runtime::vcpus:468] [32mVM[3] VCpu[0] waiting for running[m
[m[37m[  0.843772 2:27 axvm::runtime::vcpus:546] [32mVM[3] VCpu[0] running...[m
[m[37m[  0.844512 0:2 axvisor:89] [32m[OK] Default guest initialized[m
[m[37m[  0.844985 0:25 axvm::runtime::vcpus:468] [32mVM[1] VCpu[0] waiting for running[m
[m[37m[  0.845075 0:25 axvm::runtime::vcpus:546] [32mVM[1] VCpu[0] running...[m
[m[VM 3] [32m[I/rtdm.ofw] Booting RT-Thread on physical CPU 0x0[0m
[VM 3] [32m[I/rtdm.ofw] Machine model: linux,dummy-virt[0m
[VM 3] [32m[I/rtdm.ofw] Memory node(0) ranges: 0x00000000a0000000 - 0x00000000b0000000[0m
[VM 3] [32m[I/mm.memblock] System memory:[0m
[VM 3] [32m[I/mm.memblock]                    [0x00000000a0000000, 0x00000000b0000000][0m
[VM 3] [32m[I/mm.memblock] Reserved memory:[0m
[VM 3] [32m[I/mm.memblock]                    [0x00000000a0000000, 0x00000000a0135000][0m
[VM 3] [32m[I/mm.memblock]                    [0x00000000a0135000, 0x00000000a4135000][0m
[37m[  0.889180 0:25 axvm::runtime::hvc:258] [32mVM[1] PSCI_FEATURES function_id=0x80000000[m
[m[37m[  0.889842 0:25 axvm::runtime::hvc:258] [32mVM[1] PSCI_FEATURES function_id=0xc4000001[m
[m[37m[  0.890101 0:25 axvm::runtime::hvc:258] [32mVM[1] PSCI_FEATURES function_id=0xc400000e[m
[m[37m[  0.890327 0:25 axvm::runtime::hvc:258] [32mVM[1] PSCI_FEATURES function_id=0xc4000012[m
[m[VM 3] [32m[I/mm.memblock]                    [0x00000000a4135000, 0x00000000a4335000][0m
[VM 3] [32m[I/mm.memblock]                    [0x00000000a4335000, 0x00000000a4336000][0m
[VM 3] [32m[I/mm.memblock] physical memory region [0x00000000a4336000-0x00000000b0000000] installed to system page[0m
[VM 3] [32m[I/mm.memblock] 197 MB memory installed to system page[0m
[VM 3] [32m[I/osi.psci] Using PSCI v1.1 Function IDs[0m
[VM 3] [32m[I/rtdm.ofw] Console: uart0 (<no-node>)[0m
[VM 3] 
[VM 3]  \ | /
[VM 3] - RT -     Thread Operating System
[VM 3]  / | \     5.2.2 build Aug 20 2026 12:18:58
[VM 3]  2006 - 2024 Copyright by RT-Thread team
[VM 3] lwIP-2.1.2 initialized!
[37m[  0.976695 0:25 axvm::runtime::hvc:272] [32mVM[1] PSCI_CPU_ON target=0x1 entry=0x805bf3e0 context=0x0[m
[m[37m[  0.977209 0:25 axvm::runtime::vcpus:397] [32mSpawning task for VM[1] VCpu[1][m
[m[37m[  0.977418 0:25 axvm::runtime::vcpus:414] [32mVCpu task Task(30, "VM[1]-VCpu[1]") created cpumask: [0, 1, 3, ][m
[m[37m[  0.977814 0:30 axvm::runtime::vcpus:468] [32mVM[1] VCpu[1] waiting for running[m
[m[37m[  0.978320 0:30 axvm::runtime::vcpus:546] [32mVM[1] VCpu[1] running...[m
[m[37m[  0.982027 0:25 axvisor::virtio_net:491] [33mvirtio-net drops an ingress frame: NotReady[m
[m[VM 3] [32m[I/sal.skt] Socket Abstraction Layer initialize success.[0m
[VM 3] [32m[I/rtdm.mnt] File system initialization done[0m
[VM 3] Axvisor RT-Thread guest ready
[VM 3] TASK3_RTOS_READY ip=192.168.77.30 port=9877
[VM 1] Booting Linux on physical CPU 0x0000000000 [0x410fd083]
[VM 1] Linux version 6.12.21 (yfblock@9950x) (aarch64-linux-gnu-gcc (Ubuntu 13.3.0-6ubuntu2~24.04.1) 13.3.0, GNU ld (GNU Binutils for Ubuntu) 2.42) #1 SMP PREEMPT Wed Aug 19 16:45:40 CST 2026
[VM 1] Machine model: linux,dummy-virt
[VM 1] efi: UEFI not found.
[VM 1] OF: reserved mem: Reserved memory: No reserved-memory node in the DT
[VM 1] Zone ranges:
[VM 1]   DMA      [mem 0x0000000080000000-0x000000009fffffff]
[VM 1]   DMA32    empty
[VM 1]   Normal   empty
[VM 1] Movable zone start for each node
[VM 1] Early memory node ranges
[VM 1]   node   0: [mem 0x0000000080000000-0x000000009fffffff]
[VM 1] Initmem setup node 0 [mem 0x0000000080000000-0x000000009fffffff]
[VM 1] psci: probing for conduit method from DT.
[VM 1] psci: PSCIv1.1 detected in firmware.
[VM 1] psci: Using standard PSCI v0.2 function IDs
[VM 1] psci: Trusted OS migration not required
[VM 1] psci: SMC Calling Convention v65535.65535
[VM 1] percpu: Embedded 14 pages/cpu s28248 r0 d29096 u57344
[VM 1] Detected PIPT I-cache on CPU0
[VM 1] CPU features: detected: GIC system register CPU interface
[VM 1] CPU features: detected: Spectre-v2
[VM 1] CPU features: detected: Spectre-v4
[VM 1] CPU features: detected: Spectre-BHB
[VM 1] CPU features: detected: ARM errata 1165522, 1319367, or 1530923
[VM 1] alternatives: applying boot alternatives
[VM 1] Kernel command line: console=ttyAMA0 task2.count=30000 task2.fault=none task3.frames=3 task3.fault=normal
[VM 1] Dentry cache hash table entries: 65536 (order: 7, 524288 bytes, linear)
[VM 1] Inode-cache hash table entries: 32768 (order: 6, 262144 bytes, linear)
[VM 1] Built 1 zonelists, mobility grouping on.  Total pages: 131072
[VM 1] mem auto-init: stack:all(zero), heap alloc:off, heap free:off
[VM 1] software IO TLB: SWIOTLB bounce buffer size adjusted to 0MB
[VM 1] software IO TLB: area num 2.
[VM 1] software IO TLB: mapped [mem 0x000000009f580000-0x000000009f600000] (0MB)
[VM 1] SLUB: HWalign=64, Order=0-3, MinObjects=0, CPUs=2, Nodes=1
[VM 1] rcu: Preemptible hierarchical RCU implementation.
[VM 1] rcu: RCU calculated value of scheduler-enlistment delay is 10 jiffies.
[VM 1] NR_IRQS: 64, nr_irqs: 64, preallocated irqs: 0
[VM 1] GICv3: 256 SPIs implemented
[VM 1] GICv3: 0 Extended SPIs implemented
[VM 1] Root IRQ handler: gic_handle_irq
[VM 1] GICv3: GICv3 features: 16 PPIs, RSS
[VM 1] GICv3: GICD_CTRL.DS=0, SCR_EL3.FIQ=0
[VM 1] GICv3: CPU0: found redistributor 0 region 0:0x00000000080a0000
[VM 1] ITS [mem 0x08080000-0x0809ffff]
[VM 1] ITS@0x0000000008080000: allocated 8192 Devices @80c40000 (indirect, esz 8, psz 64K, shr 1)
[VM 1] ITS@0x0000000008080000: allocated 8192 Interrupt Collections @80c50000 (flat, esz 8, psz 64K, shr 1)
[VM 1] GICv3: using LPI property table @0x0000000080c60000
[VM 1] GICv3: CPU0: using allocated LPI pending table @0x0000000080c70000
[VM 1] rcu: srcu_init: Setting srcu_struct sizes based on contention.
[VM 1] arch_timer: cp15 timer(s) running at 62.50MHz (virt).
[VM 1] clocksource: arch_sys_counter: mask: 0x1ffffffffffffff max_cycles: 0x1cd42e208c, max_idle_ns: 881590405314 ns
[VM 1] sched_clock: 57 bits at 63MHz, resolution 16ns, wraps every 4398046511096ns
[VM 1] Console: colour dummy device 80x25
[VM 1] Calibrating delay loop (skipped), value calculated using timer frequency.. 125.00 BogoMIPS (lpj=625000)
[VM 1] pid_max: default: 32768 minimum: 301
[VM 1] Mount-cache hash table entries: 1024 (order: 1, 8192 bytes, linear)
[VM 1] Mountpoint-cache hash table entries: 1024 (order: 1, 8192 bytes, linear)
[VM 1] /cpus/cpu-map/socket0/cluster0/core2: Can't get CPU for leaf core
[VM 1] cacheinfo: Unable to detect cache hierarchy for CPU 0
[VM 1] rcu: Hierarchical SRCU implementation.
[VM 1] rcu: 	Max phase no-delay instances is 1000.
[VM 1] EFI services will not be available.
[VM 1] smp: Bringing up secondary CPUs ...
[VM 1] Detected PIPT I-cache on CPU1
[VM 1] GICv3: CPU1: found redistributor 1 region 0:0x00000000080c0000
[VM 1] GICv3: CPU1: using allocated LPI pending table @0x0000000080c80000
[VM 1] CPU1: Booted secondary processor 0x0000000001 [0x410fd083]
[VM 1] smp: Brought up 1 node, 2 CPUs
[VM 1] SMP: Total of 2 processors activated.
[VM 1] CPU: All CPU(s) started at EL1
[VM 1] CPU features: detected: 32-bit EL0 Support
[VM 1] CPU features: detected: CRC32 instructions
[VM 1] alternatives: applying system-wide alternatives
[VM 1] Memory: 497220K/524288K available (4864K kernel code, 700K rwdata, 936K rodata, 1152K init, 345K bss, 24296K reserved, 0K cma-reserved)
[VM 1] devtmpfs: initialized
[VM 1] clocksource: jiffies: mask: 0xffffffff max_cycles: 0xffffffff, max_idle_ns: 19112604462750000 ns
[VM 1] futex hash table entries: 512 (order: 3, 32768 bytes, linear)
[VM 1] DMI not present or invalid.
[VM 1] NET: Registered PF_NETLINK/PF_ROUTE protocol family
[VM 1] DMA: preallocated 128 KiB GFP_KERNEL pool for atomic allocations
[VM 1] DMA: preallocated 128 KiB GFP_KERNEL|GFP_DMA pool for atomic allocations
[VM 1] DMA: preallocated 128 KiB GFP_KERNEL|GFP_DMA32 pool for atomic allocations
[VM 1] ASID allocator initialised with 65536 entries
[VM 1] Serial: AMBA PL011 UART driver
[VM 1] 9000000.pl011: ttyAMA0 at MMIO 0x9000000 (irq = 13, base_baud = 0) is a PL011 rev1
[VM 1] printk: legacy console [ttyAMA0] enabled
[VM 1] iommu: Default domain type: Translated
[VM 1] iommu: DMA domain TLB invalidation policy: strict mode
[VM 1] pps_core: LinuxPPS API ver. 1 registered
[VM 1] pps_core: Software ver. 5.3.6 - Copyright 2005-2007 Rodolfo Giometti <giometti@linux.it>
[VM 1] PTP clock support registered
[VM 1] clocksource: Switched to clocksource arch_sys_counter
[VM 1] NET: Registered PF_INET protocol family
[VM 1] IP idents hash table entries: 8192 (order: 4, 65536 bytes, linear)
[VM 1] tcp_listen_portaddr_hash hash table entries: 256 (order: 0, 4096 bytes, linear)
[VM 1] Table-perturb hash table entries: 65536 (order: 6, 262144 bytes, linear)
[VM 1] TCP established hash table entries: 4096 (order: 3, 32768 bytes, linear)
[VM 1] TCP bind hash table entries: 4096 (order: 5, 131072 bytes, linear)
[VM 1] TCP: Hash tables configured (established 4096 bind 4096)
[VM 1] UDP hash table entries: 256 (order: 1, 8192 bytes, linear)
[VM 1] UDP-Lite hash table entries: 256 (order: 1, 8192 bytes, linear)
[VM 1] NET: Registered PF_UNIX/PF_LOCAL protocol family
[VM 1] Unpacking initramfs...
[VM 1] workingset: timestamp_bits=62 max_order=17 bucket_order=0
[VM 1] io scheduler mq-deadline registered
[VM 1] io scheduler kyber registered
[VM 1] SMCCC: SOC_ID: ARCH_SOC_ID not implemented, skipping ....
[VM 1] NET: Registered PF_INET6 protocol family
[VM 1] Freeing initrd memory: 5380K
[VM 1] Segment Routing with IPv6
[VM 1] In-situ OAM (IOAM) with IPv6
[VM 1] sit: IPv6, IPv4 and MPLS over IPv4 tunneling driver
[VM 1] NET: Registered PF_PACKET protocol family
[VM 1] clk: Disabling unused clocks
[VM 1] Freeing unused kernel memory: 1152K
[VM 1] Run /init as init process
[VM 1] LINUX_SMP_READY configured=2 online=0-1 nproc=2
[VM 3] msh />[32m[I/rtipic.srv] server starting on 192.168.77.30:9876[0m
[VM 1] TASK123_LINUX_NET_READY ip=192.168.77.11 peer=192.168.77.30
[VM 1] TASK2_LINUX_BEGIN port=9876
[VM 3] RTIPC_SERVER_READY ip=192.168.77.30 port=9876

[Axvisor] attached VM[3] console; use Ctrl+X, then h to return to the shell
[32m[I/rtipic.srv] listening...[0m

[Axvisor] attached VM[1] console; use Ctrl+X, then h to return to the shell
=== RT-IPC Benchmark Client ===
Target: 192.168.77.30:9876, count=30000 per size

[client] fault profile: none
random: crng init done
[client] connecting...
[client] connected!

--- Payload 64B ---
[progress] size=64 idx=1948 sent=1949 recv=1949 state=3 tx=1949 rx=1949 retrans=0 timeouts=0 dup=0 reorder=0 errors=0 acks=1949 stall=0ms
[progress] size=64 idx=3808 sent=3809 recv=3808 state=3 tx=3809 rx=3808 retrans=0 timeouts=0 dup=0 reorder=0 errors=0 acks=3809 stall=3ms
[progress] size=64 idx=5484 sent=5485 recv=5485 state=3 tx=5485 rx=5485 retrans=0 timeouts=0 dup=0 reorder=0 errors=0 acks=5485 stall=0ms
[progress] size=64 idx=7282 sent=7283 recv=7282 state=3 tx=7283 rx=7282 retrans=0 timeouts=0 dup=0 reorder=0 errors=0 acks=7283 stall=3ms
[progress] size=64 idx=9187 sent=9188 recv=9188 state=3 tx=9188 rx=9188 retrans=0 timeouts=0 dup=0 reorder=0 errors=0 acks=9188 stall=0ms
[progress] size=64 idx=11113 sent=11114 recv=11114 state=3 tx=11114 rx=11114 retrans=0 timeouts=0 dup=0 reorder=0 errors=0 acks=11114 stall=0ms
[progress] size=64 idx=13049 sent=13050 recv=13049 state=3 tx=13050 rx=13049 retrans=0 timeouts=0 dup=0 reorder=0 errors=0 acks=13050 stall=1ms
[client] fault injection: force disconnect at request=15000
[client] reconnect complete recovery_ms=208 attempts=1
[progress] size=64 idx=15000 sent=15001 recv=15000 state=3 tx=15001 rx=15000 retrans=0 timeouts=0 dup=0 reorder=0 errors=0 acks=15001 stall=222ms
[progress] size=64 idx=16916 sent=16917 recv=16916 state=3 tx=16917 rx=16916 retrans=0 timeouts=0 dup=0 reorder=0 errors=0 acks=16917 stall=2ms
[progress] size=64 idx=18868 sent=18869 recv=18868 state=3 tx=18869 rx=18868 retrans=0 timeouts=0 dup=0 reorder=0 errors=0 acks=18869 stall=2ms
[progress] size=64 idx=20836 sent=20837 recv=20837 state=3 tx=20837 rx=20837 retrans=0 timeouts=0 dup=0 reorder=0 errors=0 acks=20837 stall=0ms
[progress] size=64 idx=22809 sent=22810 recv=22809 state=3 tx=22810 rx=22809 retrans=0 timeouts=0 dup=0 reorder=0 errors=0 acks=22810 stall=2ms
[progress] size=64 idx=24776 sent=24777 recv=24777 state=3 tx=24777 rx=24777 retrans=0 timeouts=0 dup=0 reorder=0 errors=0 acks=24777 stall=0ms
[progress] size=64 idx=26730 sent=26731 recv=26730 state=3 tx=26731 rx=26730 retrans=0 timeouts=0 dup=0 reorder=0 errors=0 acks=26731 stall=2ms
[progress] size=64 idx=28698 sent=28699 recv=28699 state=3 tx=28699 rx=28699 retrans=0 timeouts=0 dup=0 reorder=0 errors=0 acks=28699 stall=0ms
  sent=30000  recv=30000  loss=0%
  RTT: min=0ms avg=2ms max=43ms P50=2ms P95=3ms P99=7ms P99.9=12ms
  throughput=23.87KiB/s
  request_timeouts=0 protocol_errors=0 reconnects=1
  transport: retrans=0 timeouts=0 dup=0 reorder=0 errors=0

--- Payload 256B ---
[progress] size=256 idx=1954 sent=1955 recv=1954 state=3 tx=31955 rx=31954 retrans=0 timeouts=0 dup=0 reorder=0 errors=0 acks=31955 stall=2ms
[progress] size=256 idx=3901 sent=3902 recv=3902 state=3 tx=33902 rx=33902 retrans=0 timeouts=0 dup=0 reorder=0 errors=0 acks=33902 stall=0ms
[progress] size=256 idx=5868 sent=5869 recv=5868 state=3 tx=35869 rx=35868 retrans=0 timeouts=0 dup=0 reorder=0 errors=0 acks=35869 stall=2ms
[progress] size=256 idx=7895 sent=7896 recv=7895 state=3 tx=37896 rx=37895 retrans=0 timeouts=0 dup=0 reorder=0 errors=0 acks=37896 stall=1ms
[progress] size=256 idx=9858 sent=9859 recv=9859 state=3 tx=39859 rx=39859 retrans=0 timeouts=0 dup=0 reorder=0 errors=0 acks=39859 stall=0ms
[progress] size=256 idx=11817 sent=11818 recv=11818 state=3 tx=41818 rx=41818 retrans=0 timeouts=0 dup=0 reorder=0 errors=0 acks=41818 stall=0ms
[progress] size=256 idx=13787 sent=13788 recv=13788 state=3 tx=43788 rx=43788 retrans=0 timeouts=0 dup=0 reorder=0 errors=0 acks=43788 stall=0ms
[progress] size=256 idx=15756 sent=15757 recv=15757 state=3 tx=45757 rx=45757 retrans=0 timeouts=0 dup=0 reorder=0 errors=0 acks=45757 stall=0ms
[progress] size=256 idx=17719 sent=17720 recv=17719 state=3 tx=47720 rx=47719 retrans=0 timeouts=0 dup=0 reorder=0 errors=0 acks=47720 stall=2ms
[progress] size=256 idx=19673 sent=19674 recv=19674 state=3 tx=49674 rx=49674 retrans=0 timeouts=0 dup=0 reorder=0 errors=0 acks=49674 stall=0ms
[progress] size=256 idx=21629 sent=21630 recv=21630 state=3 tx=51630 rx=51630 retrans=0 timeouts=0 dup=0 reorder=0 errors=0 acks=51630 stall=0ms
[progress] size=256 idx=23594 sent=23595 recv=23594 state=3 tx=53595 rx=53594 retrans=0 timeouts=0 dup=0 reorder=0 errors=0 acks=53595 stall=2ms
[progress] size=256 idx=25552 sent=25553 recv=25553 state=3 tx=55553 rx=55553 retrans=0 timeouts=0 dup=0 reorder=0 errors=0 acks=55553 stall=0ms
[progress] size=256 idx=27529 sent=27530 recv=27530 state=3 tx=57530 rx=57530 retrans=0 timeouts=0 dup=0 reorder=0 errors=0 acks=57530 stall=0ms
[progress] size=256 idx=29495 sent=29496 recv=29495 state=3 tx=59496 rx=59495 retrans=0 timeouts=0 dup=0 reorder=0 errors=0 acks=59496 stall=2ms
  sent=30000  recv=30000  loss=0%
  RTT: min=0ms avg=2ms max=53ms P50=2ms P95=3ms P99=3ms P99.9=10ms
  throughput=98.29KiB/s
  request_timeouts=0 protocol_errors=0 reconnects=0
  transport: retrans=0 timeouts=0 dup=0 reorder=0 errors=0

--- Payload 1024B ---
[progress] size=1024 idx=1934 sent=1935 recv=1934 state=3 tx=61935 rx=61934 retrans=0 timeouts=0 dup=0 reorder=0 errors=0 acks=61935 stall=1ms
[progress] size=1024 idx=3890 sent=3891 recv=3890 state=3 tx=63891 rx=63890 retrans=0 timeouts=0 dup=0 reorder=0 errors=0 acks=63891 stall=2ms
[progress] size=1024 idx=5848 sent=5849 recv=5848 state=3 tx=65849 rx=65848 retrans=0 timeouts=0 dup=0 reorder=0 errors=0 acks=65849 stall=1ms
[progress] size=1024 idx=7789 sent=7790 recv=7790 state=3 tx=67790 rx=67790 retrans=0 timeouts=0 dup=0 reorder=0 errors=0 acks=67790 stall=0ms
[progress] size=1024 idx=9724 sent=9725 recv=9725 state=3 tx=69725 rx=69725 retrans=0 timeouts=0 dup=0 reorder=0 errors=0 acks=69725 stall=0ms
[progress] size=1024 idx=11654 sent=11655 recv=11655 state=3 tx=71655 rx=71655 retrans=0 timeouts=0 dup=0 reorder=0 errors=0 acks=71655 stall=0ms
[progress] size=1024 idx=13608 sent=13609 recv=13609 state=3 tx=73609 rx=73609 retrans=0 timeouts=0 dup=0 reorder=0 errors=0 acks=73609 stall=0ms
[progress] size=1024 idx=15556 sent=15557 recv=15557 state=3 tx=75557 rx=75557 retrans=0 timeouts=0 dup=0 reorder=0 errors=0 acks=75557 stall=0ms
[progress] size=1024 idx=17558 sent=17559 recv=17558 state=3 tx=77559 rx=77558 retrans=0 timeouts=0 dup=0 reorder=0 errors=0 acks=77559 stall=2ms
[progress] size=1024 idx=19501 sent=19502 recv=19502 state=3 tx=79502 rx=79502 retrans=0 timeouts=0 dup=0 reorder=0 errors=0 acks=79502 stall=0ms
[progress] size=1024 idx=21395 sent=21396 recv=21395 state=3 tx=81396 rx=81395 retrans=0 timeouts=0 dup=0 reorder=0 errors=0 acks=81396 stall=2ms
[progress] size=1024 idx=23346 sent=23347 recv=23346 state=3 tx=83347 rx=83346 retrans=0 timeouts=0 dup=0 reorder=0 errors=0 acks=83347 stall=2ms
[progress] size=1024 idx=25305 sent=25306 recv=25306 state=3 tx=85306 rx=85306 retrans=0 timeouts=0 dup=0 reorder=0 errors=0 acks=85306 stall=0ms
[progress] size=1024 idx=27267 sent=27268 recv=27268 state=3 tx=87268 rx=87268 retrans=0 timeouts=0 dup=0 reorder=0 errors=0 acks=87268 stall=0ms
[progress] size=1024 idx=29207 sent=29208 recv=29208 state=3 tx=89208 rx=89208 retrans=0 timeouts=0 dup=0 reorder=0 errors=0 acks=89208 stall=0ms
  sent=30000  recv=30000  loss=0%
  RTT: min=0ms avg=2ms max=54ms P50=2ms P95=3ms P99=3ms P99.9=12ms
  throughput=389.28KiB/s
  request_timeouts=0 protocol_errors=0 reconnects=0
  transport: retrans=0 timeouts=0 dup=0 reorder=0 errors=0

========================================
ALL TESTS COMPLETE
========================================
RT-IPC client exited with rc=0
TASK2_LINUX_END status=PASS
TASK3_LINUX_READY ip=192.168.77.11 peer=192.168.77.30:9877
TASK3_FRAME_CSV=FIXED,0,0,2,2,21649,908,0,0,0,0,349,2534,0,0,0
TASK3_FRAME_CSV=FIXED,1,1461,2,2,16624,417,0,0,0,0,84,2280,0,0,0
TASK3_FRAME_CSV=FIXED,2,2900,2,2,32767,413,0,0,0,0,70,2248,0,0,0
TASK3_FRAME_CSV=AI,0,0,2,2,21649,418,0,0,0,0,94,2869,0,0,0
TASK3_FRAME_CSV=AI,1,1461,2,2,16624,407,0,0,0,0,76,2968,0,0,0
TASK3_FRAME_CSV=AI,2,2900,2,2,32767,405,0,0,0,0,79,2891,0,0,0
TASK3_SUMMARY_JSON={"schema":1,"frames_per_mode":3,"records":6,"elapsed_us":443137,"requests":6,"successes":6,"success_rate":1.000000,"application_errors":0,"application_timeouts":0,"transport_retries":0,"duplicates":0,"recovered":0,"reconnects":0,"injected_drops":0,"classification":{"correct":3,"total":3,"accuracy":1.000000,"confusion_matrix":[[0,0,0],[0,3,0],[0,0,0]]},"inference_us":{"min":405,"mean":494,"p50":413,"p95":908,"p99":908,"max":908},"round_trip_us":{"min":2248,"mean":2631,"p50":2534,"p95":2968,"p99":2968,"max":2968},"tracking_error_q15":{"fixed":{"min":0,"mean":1453,"p50":1461,"p95":2900,"p99":2900,"max":2900},"ai":{"min":0,"mean":1453,"p50":1461,"p95":2900,"p99":2900,"max":2900}},"settling":{"fixed":{"direction_changes":0,"successes":0,"mean_frames":0,"max_frames":0},"ai":{"direction_changes":0,"successes":0,"mean_frames":0,"max_frames":0}},"effective_payload_bytes_per_second":324}
TASK3_LINUX_END status=PASS
TASK123_LINUX_END status=PASS

[Axvisor] attached VM[3] console; use Ctrl+X, then h to return to the shell
benchmark 100000
msh />RTBENCH_BEGIN samples=100000 frequency=62500000
[32m[I/rtipic.srv] client connected[0m
[32m[I/rtipic.srv] client connected[0m
[33m[W/rtipic.srv] client disconnected[0m
RTBENCH metric=timer_jitter run=1 expected=100000 collected=100000 missing=0 p50_ns=70352 p95_ns=342416 p99_ns=403312 p99_9_ns=434528 max_ns=590544 miss_100us=43598 miss_500us=9 miss_1ms=0 mean_ns=114069
RTBENCH metric=callback_exec run=1 expected=100000 collected=100000 missing=0 p50_ns=528 p95_ns=752 p99_ns=4304 p99_9_ns=10912 max_ns=157936 miss_100us=40 miss_500us=0 miss_1ms=0 mean_ns=691
RTBENCH metric=timer_jitter run=2 expected=100000 collected=100000 missing=0 p50_ns=84416 p95_ns=347840 p99_ns=403264 p99_9_ns=439680 max_ns=738784 miss_100us=47112 miss_500us=17 miss_1ms=0 mean_ns=124586
RTBENCH metric=callback_exec run=2 expected=100000 collected=100000 missing=0 p50_ns=528 p95_ns=688 p99_ns=2416 p99_9_ns=10240 max_ns=169696 miss_100us=27 miss_500us=0 miss_1ms=0 mean_ns=623
[33m[W/rtipic.srv] client disconnected[0m
TASK3_RTOS_FINAL requests=9 errors=0 duplicates=0 applied_steps=3 retries=0
[37m[241.113194 0:25 axvm::runtime::hvc:352] [33mVM[1] PSCI_SYSTEM_OFF[m
[m[37m[241.113442 0:25 axvm::vm:1133] [32mStopping VM[1]: SystemDown[m
[m[37m[241.113807 0:25 axvm::runtime::vcpus:624] [33mVM[1] VCpu[0] stopping because of VM stopping[m
[m[37m[241.114036 0:25 axvm::runtime::vcpus:662] [32mVM[1] VCpu[0] exiting...[m
[m[37m[241.114442 0:30 axvm::runtime::vcpus:624] [33mVM[1] VCpu[1] stopping because of VM stopping[m
[m[37m[241.114668 0:30 axvm::runtime::vcpus:631] [32mVM[1] VCpu[1] last VCpu exiting, decreasing running VM count[m
[m[37m[241.115447 0:30 axvm::runtime::vcpus:641] [32mVM[1] state changed to Stopped[m
[m[37m[241.115598 0:30 axvm::runtime::vcpus:662] [32mVM[1] VCpu[1] exiting...[m
[mRTBENCH metric=timer_jitter run=3 expected=100000 collected=100000 missing=0 p50_ns=6352 p95_ns=272864 p99_ns=375024 p99_9_ns=420336 max_ns=538672 miss_100us=16611 miss_500us=1 miss_1ms=0 mean_ns=47075
RTBENCH metric=callback_exec run=3 expected=100000 collected=100000 missing=0 p50_ns=464 p95_ns=624 p99_ns=1024 p99_9_ns=9856 max_ns=149632 miss_100us=7 miss_500us=0 miss_1ms=0 mean_ns=522
RTBENCH metric=preemption run=1 expected=100000 collected=100000 missing=0 p50_ns=5056 p95_ns=5280 p99_ns=5632 p99_9_ns=7920 max_ns=128816 miss_100us=16 miss_500us=0 miss_1ms=0 mean_ns=5073
RTBENCH metric=irq run=1 expected=100000 collected=100000 missing=0 p50_ns=75872 p95_ns=77472 p99_ns=79600 p99_9_ns=110544 max_ns=248704 miss_100us=354 miss_500us=0 miss_1ms=0 mean_ns=75860
RTBENCH metric=irq_to_task run=1 expected=100000 collected=100000 missing=0 p50_ns=78528 p95_ns=263664 p99_ns=273584 p99_9_ns=286848 max_ns=486064 miss_100us=10051 miss_500us=0 miss_1ms=0 mean_ns=96507
RTBENCH metric=irq_disabled_duration run=1 expected=100000 collected=100000 missing=0 p50_ns=224 p95_ns=240 p99_ns=320 p99_9_ns=496 max_ns=202864 miss_100us=5 miss_500us=0 miss_1ms=0 mean_ns=242
RTBENCH metric=mutex_inversion run=1 expected=100000 collected=100000 missing=0 p50_ns=10928 p95_ns=12384 p99_ns=21792 p99_9_ns=221216 max_ns=438304 miss_100us=884 miss_500us=0 miss_1ms=0 mean_ns=8126
RTBENCH metric=wake_under_load run=1 expected=100000 collected=100000 missing=0 p50_ns=1600 p95_ns=1760 p99_ns=2912 p99_9_ns=194640 max_ns=215632 miss_100us=226 miss_500us=0 miss_1ms=0 mean_ns=2058
RTBENCH_END status=PASS
qemu-system-aarch64: terminating on signal 15 from pid 2036227 (bash)
