Booting Linux on physical CPU 0x0000000000 [0x410fd083]
Linux version 6.12.21 (yfblock@9950x) (aarch64-linux-gnu-gcc (Ubuntu 13.3.0-6ubuntu2~24.04.1) 13.3.0, GNU ld (GNU Binutils for Ubuntu) 2.42) #1 SMP PREEMPT Wed Aug 19 16:45:40 CST 2026
Machine model: linux,dummy-virt
efi: UEFI not found.
OF: reserved mem: Reserved memory: No reserved-memory node in the DT
Zone ranges:
  DMA      [mem 0x0000000080000000-0x000000009fffffff]
  DMA32    empty
  Normal   empty
Movable zone start for each node
Early memory node ranges
  node   0: [mem 0x0000000080000000-0x000000009fffffff]
Initmem setup node 0 [mem 0x0000000080000000-0x000000009fffffff]
psci: probing for conduit method from DT.
psci: PSCIv1.1 detected in firmware.
psci: Using standard PSCI v0.2 function IDs
psci: Trusted OS migration not required
psci: SMC Calling Convention v65535.65535
percpu: Embedded 14 pages/cpu s28248 r0 d29096 u57344
Detected PIPT I-cache on CPU0
CPU features: detected: GIC system register CPU interface
CPU features: detected: Spectre-v2
CPU features: detected: Spectre-v4
CPU features: detected: Spectre-BHB
CPU features: detected: ARM errata 1165522, 1319367, or 1530923
alternatives: applying boot alternatives
Kernel command line: console=ttyAMA0 task2.count=30000 task2.fault=none task3.frames=3 task3.fault=normal
Dentry cache hash table entries: 65536 (order: 7, 524288 bytes, linear)
Inode-cache hash table entries: 32768 (order: 6, 262144 bytes, linear)
Built 1 zonelists, mobility grouping on.  Total pages: 131072
mem auto-init: stack:all(zero), heap alloc:off, heap free:off
software IO TLB: SWIOTLB bounce buffer size adjusted to 0MB
software IO TLB: area num 2.
software IO TLB: mapped [mem 0x000000009f580000-0x000000009f600000] (0MB)
SLUB: HWalign=64, Order=0-3, MinObjects=0, CPUs=2, Nodes=1
rcu: Preemptible hierarchical RCU implementation.
rcu: RCU calculated value of scheduler-enlistment delay is 10 jiffies.
NR_IRQS: 64, nr_irqs: 64, preallocated irqs: 0
GICv3: 256 SPIs implemented
GICv3: 0 Extended SPIs implemented
Root IRQ handler: gic_handle_irq
GICv3: GICv3 features: 16 PPIs, RSS
GICv3: GICD_CTRL.DS=0, SCR_EL3.FIQ=0
GICv3: CPU0: found redistributor 0 region 0:0x00000000080a0000
ITS [mem 0x08080000-0x0809ffff]
ITS@0x0000000008080000: allocated 8192 Devices @80c40000 (indirect, esz 8, psz 64K, shr 1)
ITS@0x0000000008080000: allocated 8192 Interrupt Collections @80c50000 (flat, esz 8, psz 64K, shr 1)
GICv3: using LPI property table @0x0000000080c60000
GICv3: CPU0: using allocated LPI pending table @0x0000000080c70000
rcu: srcu_init: Setting srcu_struct sizes based on contention.
arch_timer: cp15 timer(s) running at 62.50MHz (virt).
clocksource: arch_sys_counter: mask: 0x1ffffffffffffff max_cycles: 0x1cd42e208c, max_idle_ns: 881590405314 ns
sched_clock: 57 bits at 63MHz, resolution 16ns, wraps every 4398046511096ns
Console: colour dummy device 80x25
Calibrating delay loop (skipped), value calculated using timer frequency.. 125.00 BogoMIPS (lpj=625000)
pid_max: default: 32768 minimum: 301
Mount-cache hash table entries: 1024 (order: 1, 8192 bytes, linear)
Mountpoint-cache hash table entries: 1024 (order: 1, 8192 bytes, linear)
/cpus/cpu-map/socket0/cluster0/core2: Can't get CPU for leaf core
cacheinfo: Unable to detect cache hierarchy for CPU 0
rcu: Hierarchical SRCU implementation.
rcu: 	Max phase no-delay instances is 1000.
EFI services will not be available.
smp: Bringing up secondary CPUs ...
Detected PIPT I-cache on CPU1
GICv3: CPU1: found redistributor 1 region 0:0x00000000080c0000
GICv3: CPU1: using allocated LPI pending table @0x0000000080c80000
CPU1: Booted secondary processor 0x0000000001 [0x410fd083]
smp: Brought up 1 node, 2 CPUs
SMP: Total of 2 processors activated.
CPU: All CPU(s) started at EL1
CPU features: detected: 32-bit EL0 Support
CPU features: detected: CRC32 instructions
alternatives: applying system-wide alternatives
Memory: 497220K/524288K available (4864K kernel code, 700K rwdata, 936K rodata, 1152K init, 345K bss, 24296K reserved, 0K cma-reserved)
devtmpfs: initialized
clocksource: jiffies: mask: 0xffffffff max_cycles: 0xffffffff, max_idle_ns: 19112604462750000 ns
futex hash table entries: 512 (order: 3, 32768 bytes, linear)
DMI not present or invalid.
NET: Registered PF_NETLINK/PF_ROUTE protocol family
DMA: preallocated 128 KiB GFP_KERNEL pool for atomic allocations
DMA: preallocated 128 KiB GFP_KERNEL|GFP_DMA pool for atomic allocations
DMA: preallocated 128 KiB GFP_KERNEL|GFP_DMA32 pool for atomic allocations
ASID allocator initialised with 65536 entries
Serial: AMBA PL011 UART driver
9000000.pl011: ttyAMA0 at MMIO 0x9000000 (irq = 13, base_baud = 0) is a PL011 rev1
printk: legacy console [ttyAMA0] enabled
iommu: Default domain type: Translated
iommu: DMA domain TLB invalidation policy: strict mode
pps_core: LinuxPPS API ver. 1 registered
pps_core: Software ver. 5.3.6 - Copyright 2005-2007 Rodolfo Giometti <giometti@linux.it>
PTP clock support registered
clocksource: Switched to clocksource arch_sys_counter
NET: Registered PF_INET protocol family
IP idents hash table entries: 8192 (order: 4, 65536 bytes, linear)
tcp_listen_portaddr_hash hash table entries: 256 (order: 0, 4096 bytes, linear)
Table-perturb hash table entries: 65536 (order: 6, 262144 bytes, linear)
TCP established hash table entries: 4096 (order: 3, 32768 bytes, linear)
TCP bind hash table entries: 4096 (order: 5, 131072 bytes, linear)
TCP: Hash tables configured (established 4096 bind 4096)
UDP hash table entries: 256 (order: 1, 8192 bytes, linear)
UDP-Lite hash table entries: 256 (order: 1, 8192 bytes, linear)
NET: Registered PF_UNIX/PF_LOCAL protocol family
Unpacking initramfs...
workingset: timestamp_bits=62 max_order=17 bucket_order=0
io scheduler mq-deadline registered
io scheduler kyber registered
SMCCC: SOC_ID: ARCH_SOC_ID not implemented, skipping ....
NET: Registered PF_INET6 protocol family
Freeing initrd memory: 5380K
Segment Routing with IPv6
In-situ OAM (IOAM) with IPv6
sit: IPv6, IPv4 and MPLS over IPv4 tunneling driver
NET: Registered PF_PACKET protocol family
clk: Disabling unused clocks
Freeing unused kernel memory: 1152K
Run /init as init process
LINUX_SMP_READY configured=2 online=0-1 nproc=2
TASK123_LINUX_NET_READY ip=192.168.77.11 peer=192.168.77.30
TASK2_LINUX_BEGIN port=9876
=== RT-IPC Benchmark Client ===
Target: 192.168.77.30:9876, count=30000 per size

[client] fault profile: none
random: crng init done
[client] connecting...
[client] connected!

--- Payload 64B ---
[progress] size=64 idx=1948 sent=1949 recv=1949 state=3 tx=1949 rx=1949 retrans=0 timeouts=0 dup=0 reorder=0 errors=0 acks=1949 stall=0ms
[progress] size=64 idx=3808 sent=3809 recv=3808 state=3 tx=3809 rx=3808 retrans=0 timeouts=0 dup=0 reorder=0 errors=0 acks=3809 stall=3ms
[progress] size=64 idx=5484 sent=5485 recv=5485 state=3 tx=5485 rx=5485 retrans=0 timeouts=0 dup=0 reorder=0 errors=0 acks=5485 stall=0ms
[progress] size=64 idx=7282 sent=7283 recv=7282 state=3 tx=7283 rx=7282 retrans=0 timeouts=0 dup=0 reorder=0 errors=0 acks=7283 stall=3ms
[progress] size=64 idx=9187 sent=9188 recv=9188 state=3 tx=9188 rx=9188 retrans=0 timeouts=0 dup=0 reorder=0 errors=0 acks=9188 stall=0ms
[progress] size=64 idx=11113 sent=11114 recv=11114 state=3 tx=11114 rx=11114 retrans=0 timeouts=0 dup=0 reorder=0 errors=0 acks=11114 stall=0ms
[progress] size=64 idx=13049 sent=13050 recv=13049 state=3 tx=13050 rx=13049 retrans=0 timeouts=0 dup=0 reorder=0 errors=0 acks=13050 stall=1ms
[client] fault injection: force disconnect at request=15000
[client] reconnect complete recovery_ms=208 attempts=1
[progress] size=64 idx=15000 sent=15001 recv=15000 state=3 tx=15001 rx=15000 retrans=0 timeouts=0 dup=0 reorder=0 errors=0 acks=15001 stall=222ms
[progress] size=64 idx=16916 sent=16917 recv=16916 state=3 tx=16917 rx=16916 retrans=0 timeouts=0 dup=0 reorder=0 errors=0 acks=16917 stall=2ms
[progress] size=64 idx=18868 sent=18869 recv=18868 state=3 tx=18869 rx=18868 retrans=0 timeouts=0 dup=0 reorder=0 errors=0 acks=18869 stall=2ms
[progress] size=64 idx=20836 sent=20837 recv=20837 state=3 tx=20837 rx=20837 retrans=0 timeouts=0 dup=0 reorder=0 errors=0 acks=20837 stall=0ms
[progress] size=64 idx=22809 sent=22810 recv=22809 state=3 tx=22810 rx=22809 retrans=0 timeouts=0 dup=0 reorder=0 errors=0 acks=22810 stall=2ms
[progress] size=64 idx=24776 sent=24777 recv=24777 state=3 tx=24777 rx=24777 retrans=0 timeouts=0 dup=0 reorder=0 errors=0 acks=24777 stall=0ms
[progress] size=64 idx=26730 sent=26731 recv=26730 state=3 tx=26731 rx=26730 retrans=0 timeouts=0 dup=0 reorder=0 errors=0 acks=26731 stall=2ms
[progress] size=64 idx=28698 sent=28699 recv=28699 state=3 tx=28699 rx=28699 retrans=0 timeouts=0 dup=0 reorder=0 errors=0 acks=28699 stall=0ms
  sent=30000  recv=30000  loss=0%
  RTT: min=0ms avg=2ms max=43ms P50=2ms P95=3ms P99=7ms P99.9=12ms
  throughput=23.87KiB/s
  request_timeouts=0 protocol_errors=0 reconnects=1
  transport: retrans=0 timeouts=0 dup=0 reorder=0 errors=0

--- Payload 256B ---
[progress] size=256 idx=1954 sent=1955 recv=1954 state=3 tx=31955 rx=31954 retrans=0 timeouts=0 dup=0 reorder=0 errors=0 acks=31955 stall=2ms
[progress] size=256 idx=3901 sent=3902 recv=3902 state=3 tx=33902 rx=33902 retrans=0 timeouts=0 dup=0 reorder=0 errors=0 acks=33902 stall=0ms
[progress] size=256 idx=5868 sent=5869 recv=5868 state=3 tx=35869 rx=35868 retrans=0 timeouts=0 dup=0 reorder=0 errors=0 acks=35869 stall=2ms
[progress] size=256 idx=7895 sent=7896 recv=7895 state=3 tx=37896 rx=37895 retrans=0 timeouts=0 dup=0 reorder=0 errors=0 acks=37896 stall=1ms
[progress] size=256 idx=9858 sent=9859 recv=9859 state=3 tx=39859 rx=39859 retrans=0 timeouts=0 dup=0 reorder=0 errors=0 acks=39859 stall=0ms
[progress] size=256 idx=11817 sent=11818 recv=11818 state=3 tx=41818 rx=41818 retrans=0 timeouts=0 dup=0 reorder=0 errors=0 acks=41818 stall=0ms
[progress] size=256 idx=13787 sent=13788 recv=13788 state=3 tx=43788 rx=43788 retrans=0 timeouts=0 dup=0 reorder=0 errors=0 acks=43788 stall=0ms
[progress] size=256 idx=15756 sent=15757 recv=15757 state=3 tx=45757 rx=45757 retrans=0 timeouts=0 dup=0 reorder=0 errors=0 acks=45757 stall=0ms
[progress] size=256 idx=17719 sent=17720 recv=17719 state=3 tx=47720 rx=47719 retrans=0 timeouts=0 dup=0 reorder=0 errors=0 acks=47720 stall=2ms
[progress] size=256 idx=19673 sent=19674 recv=19674 state=3 tx=49674 rx=49674 retrans=0 timeouts=0 dup=0 reorder=0 errors=0 acks=49674 stall=0ms
[progress] size=256 idx=21629 sent=21630 recv=21630 state=3 tx=51630 rx=51630 retrans=0 timeouts=0 dup=0 reorder=0 errors=0 acks=51630 stall=0ms
[progress] size=256 idx=23594 sent=23595 recv=23594 state=3 tx=53595 rx=53594 retrans=0 timeouts=0 dup=0 reorder=0 errors=0 acks=53595 stall=2ms
[progress] size=256 idx=25552 sent=25553 recv=25553 state=3 tx=55553 rx=55553 retrans=0 timeouts=0 dup=0 reorder=0 errors=0 acks=55553 stall=0ms
[progress] size=256 idx=27529 sent=27530 recv=27530 state=3 tx=57530 rx=57530 retrans=0 timeouts=0 dup=0 reorder=0 errors=0 acks=57530 stall=0ms
[progress] size=256 idx=29495 sent=29496 recv=29495 state=3 tx=59496 rx=59495 retrans=0 timeouts=0 dup=0 reorder=0 errors=0 acks=59496 stall=2ms
  sent=30000  recv=30000  loss=0%
  RTT: min=0ms avg=2ms max=53ms P50=2ms P95=3ms P99=3ms P99.9=10ms
  throughput=98.29KiB/s
  request_timeouts=0 protocol_errors=0 reconnects=0
  transport: retrans=0 timeouts=0 dup=0 reorder=0 errors=0

--- Payload 1024B ---
[progress] size=1024 idx=1934 sent=1935 recv=1934 state=3 tx=61935 rx=61934 retrans=0 timeouts=0 dup=0 reorder=0 errors=0 acks=61935 stall=1ms
[progress] size=1024 idx=3890 sent=3891 recv=3890 state=3 tx=63891 rx=63890 retrans=0 timeouts=0 dup=0 reorder=0 errors=0 acks=63891 stall=2ms
[progress] size=1024 idx=5848 sent=5849 recv=5848 state=3 tx=65849 rx=65848 retrans=0 timeouts=0 dup=0 reorder=0 errors=0 acks=65849 stall=1ms
[progress] size=1024 idx=7789 sent=7790 recv=7790 state=3 tx=67790 rx=67790 retrans=0 timeouts=0 dup=0 reorder=0 errors=0 acks=67790 stall=0ms
[progress] size=1024 idx=9724 sent=9725 recv=9725 state=3 tx=69725 rx=69725 retrans=0 timeouts=0 dup=0 reorder=0 errors=0 acks=69725 stall=0ms
[progress] size=1024 idx=11654 sent=11655 recv=11655 state=3 tx=71655 rx=71655 retrans=0 timeouts=0 dup=0 reorder=0 errors=0 acks=71655 stall=0ms
[progress] size=1024 idx=13608 sent=13609 recv=13609 state=3 tx=73609 rx=73609 retrans=0 timeouts=0 dup=0 reorder=0 errors=0 acks=73609 stall=0ms
[progress] size=1024 idx=15556 sent=15557 recv=15557 state=3 tx=75557 rx=75557 retrans=0 timeouts=0 dup=0 reorder=0 errors=0 acks=75557 stall=0ms
[progress] size=1024 idx=17558 sent=17559 recv=17558 state=3 tx=77559 rx=77558 retrans=0 timeouts=0 dup=0 reorder=0 errors=0 acks=77559 stall=2ms
[progress] size=1024 idx=19501 sent=19502 recv=19502 state=3 tx=79502 rx=79502 retrans=0 timeouts=0 dup=0 reorder=0 errors=0 acks=79502 stall=0ms
[progress] size=1024 idx=21395 sent=21396 recv=21395 state=3 tx=81396 rx=81395 retrans=0 timeouts=0 dup=0 reorder=0 errors=0 acks=81396 stall=2ms
[progress] size=1024 idx=23346 sent=23347 recv=23346 state=3 tx=83347 rx=83346 retrans=0 timeouts=0 dup=0 reorder=0 errors=0 acks=83347 stall=2ms
[progress] size=1024 idx=25305 sent=25306 recv=25306 state=3 tx=85306 rx=85306 retrans=0 timeouts=0 dup=0 reorder=0 errors=0 acks=85306 stall=0ms
[progress] size=1024 idx=27267 sent=27268 recv=27268 state=3 tx=87268 rx=87268 retrans=0 timeouts=0 dup=0 reorder=0 errors=0 acks=87268 stall=0ms
[progress] size=1024 idx=29207 sent=29208 recv=29208 state=3 tx=89208 rx=89208 retrans=0 timeouts=0 dup=0 reorder=0 errors=0 acks=89208 stall=0ms
  sent=30000  recv=30000  loss=0%
  RTT: min=0ms avg=2ms max=54ms P50=2ms P95=3ms P99=3ms P99.9=12ms
  throughput=389.28KiB/s
  request_timeouts=0 protocol_errors=0 reconnects=0
  transport: retrans=0 timeouts=0 dup=0 reorder=0 errors=0

========================================
ALL TESTS COMPLETE
========================================
RT-IPC client exited with rc=0
TASK2_LINUX_END status=PASS
TASK3_LINUX_READY ip=192.168.77.11 peer=192.168.77.30:9877
TASK3_FRAME_CSV=FIXED,0,0,2,2,21649,908,0,0,0,0,349,2534,0,0,0
TASK3_FRAME_CSV=FIXED,1,1461,2,2,16624,417,0,0,0,0,84,2280,0,0,0
TASK3_FRAME_CSV=FIXED,2,2900,2,2,32767,413,0,0,0,0,70,2248,0,0,0
TASK3_FRAME_CSV=AI,0,0,2,2,21649,418,0,0,0,0,94,2869,0,0,0
TASK3_FRAME_CSV=AI,1,1461,2,2,16624,407,0,0,0,0,76,2968,0,0,0
TASK3_FRAME_CSV=AI,2,2900,2,2,32767,405,0,0,0,0,79,2891,0,0,0
TASK3_SUMMARY_JSON={"schema":1,"frames_per_mode":3,"records":6,"elapsed_us":443137,"requests":6,"successes":6,"success_rate":1.000000,"application_errors":0,"application_timeouts":0,"transport_retries":0,"duplicates":0,"recovered":0,"reconnects":0,"injected_drops":0,"classification":{"correct":3,"total":3,"accuracy":1.000000,"confusion_matrix":[[0,0,0],[0,3,0],[0,0,0]]},"inference_us":{"min":405,"mean":494,"p50":413,"p95":908,"p99":908,"max":908},"round_trip_us":{"min":2248,"mean":2631,"p50":2534,"p95":2968,"p99":2968,"max":2968},"tracking_error_q15":{"fixed":{"min":0,"mean":1453,"p50":1461,"p95":2900,"p99":2900,"max":2900},"ai":{"min":0,"mean":1453,"p50":1461,"p95":2900,"p99":2900,"max":2900}},"settling":{"fixed":{"direction_changes":0,"successes":0,"mean_frames":0,"max_frames":0},"ai":{"direction_changes":0,"successes":0,"mean_frames":0,"max_frames":0}},"effective_payload_bytes_per_second":324}
TASK3_LINUX_END status=PASS
TASK123_LINUX_END status=PASS

