[I/rtdm.ofw] Booting RT-Thread on physical CPU 0x0
[I/rtdm.ofw] Machine model: linux,dummy-virt
[I/rtdm.ofw] Memory node(0) ranges: 0x00000000a0000000 - 0x00000000b0000000
[I/mm.memblock] System memory:
[I/mm.memblock]                    [0x00000000a0000000, 0x00000000b0000000]
[I/mm.memblock] Reserved memory:
[I/mm.memblock]                    [0x00000000a0000000, 0x00000000a0135000]
[I/mm.memblock]                    [0x00000000a0135000, 0x00000000a4135000]
[I/mm.memblock]                    [0x00000000a4135000, 0x00000000a4335000]
[I/mm.memblock]                    [0x00000000a4335000, 0x00000000a4336000]
[I/mm.memblock] physical memory region [0x00000000a4336000-0x00000000b0000000] installed to system page
[I/mm.memblock] 197 MB memory installed to system page
[I/osi.psci] Using PSCI v1.1 Function IDs
[I/rtdm.ofw] Console: uart0 (<no-node>)

 \ | /
- RT -     Thread Operating System
 / | \     5.2.2 build Aug 20 2026 12:18:58
 2006 - 2024 Copyright by RT-Thread team
lwIP-2.1.2 initialized!
[I/sal.skt] Socket Abstraction Layer initialize success.
[I/rtdm.mnt] File system initialization done
Axvisor RT-Thread guest ready
TASK3_RTOS_READY ip=192.168.77.30 port=9877
msh />[I/rtipic.srv] server starting on 192.168.77.30:9876
RTIPC_SERVER_READY ip=192.168.77.30 port=9876
RTBENCH metric=timer_jitter run=1 expected=100000 collected=100000 missing=0 p50_ns=70352 p95_ns=342416 p99_ns=403312 p99_9_ns=434528 max_ns=590544 miss_100us=43598 miss_500us=9 miss_1ms=0 mean_ns=114069
RTBENCH metric=callback_exec run=1 expected=100000 collected=100000 missing=0 p50_ns=528 p95_ns=752 p99_ns=4304 p99_9_ns=10912 max_ns=157936 miss_100us=40 miss_500us=0 miss_1ms=0 mean_ns=691
RTBENCH metric=timer_jitter run=2 expected=100000 collected=100000 missing=0 p50_ns=84416 p95_ns=347840 p99_ns=403264 p99_9_ns=439680 max_ns=738784 miss_100us=47112 miss_500us=17 miss_1ms=0 mean_ns=124586
RTBENCH metric=callback_exec run=2 expected=100000 collected=100000 missing=0 p50_ns=528 p95_ns=688 p99_ns=2416 p99_9_ns=10240 max_ns=169696 miss_100us=27 miss_500us=0 miss_1ms=0 mean_ns=623
TASK3_RTOS_FINAL requests=9 errors=0 duplicates=0 applied_steps=3 retries=0
RTBENCH metric=timer_jitter run=3 expected=100000 collected=100000 missing=0 p50_ns=6352 p95_ns=272864 p99_ns=375024 p99_9_ns=420336 max_ns=538672 miss_100us=16611 miss_500us=1 miss_1ms=0 mean_ns=47075
RTBENCH metric=callback_exec run=3 expected=100000 collected=100000 missing=0 p50_ns=464 p95_ns=624 p99_ns=1024 p99_9_ns=9856 max_ns=149632 miss_100us=7 miss_500us=0 miss_1ms=0 mean_ns=522
RTBENCH metric=preemption run=1 expected=100000 collected=100000 missing=0 p50_ns=5056 p95_ns=5280 p99_ns=5632 p99_9_ns=7920 max_ns=128816 miss_100us=16 miss_500us=0 miss_1ms=0 mean_ns=5073
RTBENCH metric=irq run=1 expected=100000 collected=100000 missing=0 p50_ns=75872 p95_ns=77472 p99_ns=79600 p99_9_ns=110544 max_ns=248704 miss_100us=354 miss_500us=0 miss_1ms=0 mean_ns=75860
RTBENCH metric=irq_to_task run=1 expected=100000 collected=100000 missing=0 p50_ns=78528 p95_ns=263664 p99_ns=273584 p99_9_ns=286848 max_ns=486064 miss_100us=10051 miss_500us=0 miss_1ms=0 mean_ns=96507
RTBENCH metric=irq_disabled_duration run=1 expected=100000 collected=100000 missing=0 p50_ns=224 p95_ns=240 p99_ns=320 p99_9_ns=496 max_ns=202864 miss_100us=5 miss_500us=0 miss_1ms=0 mean_ns=242
RTBENCH metric=mutex_inversion run=1 expected=100000 collected=100000 missing=0 p50_ns=10928 p95_ns=12384 p99_ns=21792 p99_9_ns=221216 max_ns=438304 miss_100us=884 miss_500us=0 miss_1ms=0 mean_ns=8126
RTBENCH metric=wake_under_load run=1 expected=100000 collected=100000 missing=0 p50_ns=1600 p95_ns=1760 p99_ns=2912 p99_9_ns=194640 max_ns=215632 miss_100us=226 miss_500us=0 miss_1ms=0 mean_ns=2058
RTBENCH_END status=PASS
