*** Booting Zephyr OS build v4.4.2 ***
RTIPC_SERVER_READY ip=192.168.77.30 port=9876
TASK3_RTOS_READY ip=192.168.77.30 port=9877

TASK3_RTOS_FINAL requests=6 errors=0 duplicates=0 applied_steps=6 retries=0
TASK3_RTOS_FINAL_DONE
RTBENCH_PMU status=unavailable event=0x8 reason=guest_pmu_unavailable units=ns
RTBENCH_BEGIN samples=10 expected=10 frequency=62500000 pmu_event=0x8
RTBENCH_NS metric=timer_jitter run=1 expected=10 collected=10 missing=0 p50_ns=398352 p95_ns=797104 p99_ns=797104 p99_9_ns=797104 max_ns=899536 mean_ns=450260
RTBENCH_NS metric=timer_jitter run=1 expected=10 collected=10 missing=0 p50_ns=398352 p95_ns=797104 p99_ns=797104 p99_9_ns=797104 max_ns=899536 mean_ns=450260
RTBENCH_NS metric=timer_jitter run=1 expected=10 collected=10 missing=0 p50_ns=398352 p95_ns=797104 p99_ns=797104 p99_9_ns=797104 max_ns=899536 mean_ns=450260
RTBENCH_NS metric=callback_exec run=1 expected=10 collected=10 missing=0 p50_ns=16 p95_ns=16 p99_ns=16 p99_9_ns=16 max_ns=16 mean_ns=16
RTBENCH_NS metric=callback_exec run=1 expected=10 collected=10 missing=0 p50_ns=16 p95_ns=16 p99_ns=16 p99_9_ns=16 max_ns=16 mean_ns=16
RTBENCH_NS metric=callback_exec run=1 expected=10 collected=10 missing=0 p50_ns=16 p95_ns=16 p99_ns=16 p99_9_ns=16 max_ns=16 mean_ns=16
RTBENCH_NS metric=preemption run=1 expected=10 collected=10 missing=0 p50_ns=80 p95_ns=96 p99_ns=96 p99_9_ns=96 max_ns=96 mean_ns=86
RTBENCH_NS metric=preemption run=1 expected=10 collected=10 missing=0 p50_ns=80 p95_ns=96 p99_ns=96 p99_9_ns=96 max_ns=96 mean_ns=86
RTBENCH_NS metric=preemption run=1 expected=10 collected=10 missing=0 p50_ns=80 p95_ns=96 p99_ns=96 p99_9_ns=96 max_ns=96 mean_ns=86
RTBENCH_NS metric=irq run=1 expected=10 collected=10 missing=0 p50_ns=32 p95_ns=32 p99_ns=32 p99_9_ns=32 max_ns=32 mean_ns=28
RTBENCH_NS metric=irq run=1 expected=10 collected=10 missing=0 p50_ns=32 p95_ns=32 p99_ns=32 p99_9_ns=32 max_ns=32 mean_ns=28
RTBENCH_NS metric=irq run=1 expected=10 collected=10 missing=0 p50_ns=32 p95_ns=32 p99_ns=32 p99_9_ns=32 max_ns=32 mean_ns=28
RTBENCH_NS metric=irq_to_task run=1 expected=10 collected=10 missing=0 p50_ns=80 p95_ns=96 p99_ns=96 p99_9_ns=96 max_ns=96 mean_ns=83
RTBENCH_NS metric=irq_to_task run=1 expected=10 collected=10 missing=0 p50_ns=80 p95_ns=96 p99_ns=96 p99_9_ns=96 max_ns=96 mean_ns=83
RTBENCH_NS metric=irq_to_task run=1 expected=10 collected=10 missing=0 p50_ns=80 p95_ns=96 p99_ns=96 p99_9_ns=96 max_ns=96 mean_ns=83
RTBENCH_NS metric=irq_disabled_duration run=1 expected=10 collected=10 missing=0 p50_ns=32 p95_ns=32 p99_ns=32 p99_9_ns=32 max_ns=32 mean_ns=28
RTBENCH_NS metric=irq_disabled_duration run=1 expected=10 collected=10 missing=0 p50_ns=32 p95_ns=32 p99_ns=32 p99_9_ns=32 max_ns=32 mean_ns=28
RTBENCH_NS metric=irq_disabled_duration run=1 expected=10 collected=10 missing=0 p50_ns=32 p95_ns=32 p99_ns=32 p99_9_ns=32 max_ns=32 mean_ns=28
RTBENCH_NS metric=mutex_inversion run=1 expected=10 collected=10 missing=0 p50_ns=80 p95_ns=80 p99_ns=80 p99_9_ns=80 max_ns=80 mean_ns=80
RTBENCH_NS metric=mutex_inversion run=1 expected=10 collected=10 missing=0 p50_ns=80 p95_ns=80 p99_ns=80 p99_9_ns=80 max_ns=80 mean_ns=80
RTBENCH_NS metric=mutex_inversion run=1 expected=10 collected=10 missing=0 p50_ns=80 p95_ns=80 p99_ns=80 p99_9_ns=80 max_ns=80 mean_ns=80
RTBENCH_NS metric=wake_under_load run=1 expected=10 collected=10 missing=0 p50_ns=80 p95_ns=80 p99_ns=80 p99_9_ns=80 max_ns=96 mean_ns=81
RTBENCH_NS metric=wake_under_load run=1 expected=10 collected=10 missing=0 p50_ns=80 p95_ns=80 p99_ns=80 p99_9_ns=80 max_ns=96 mean_ns=81
RTBENCH_NS metric=wake_under_load run=1 expected=10 collected=10 missing=0 p50_ns=80 p95_ns=80 p99_ns=80 p99_9_ns=80 max_ns=96 mean_ns=81
RTBENCH_NS metric=context_switch run=1 expected=10 collected=10 missing=0 p50_ns=80 p95_ns=96 p99_ns=96 p99_9_ns=96 max_ns=96 mean_ns=83
RTBENCH_NS metric=context_switch run=1 expected=10 collected=10 missing=0 p50_ns=80 p95_ns=96 p99_ns=96 p99_9_ns=96 max_ns=96 mean_ns=83
RTBENCH_NS metric=context_switch run=1 expected=10 collected=10 missing=0 p50_ns=80 p95_ns=96 p99_ns=96 p99_9_ns=96 max_ns=96 mean_ns=83
RTBENCH_NS metric=scheduler_decision run=1 expected=10 collected=10 missing=0 p50_ns=80 p95_ns=96 p99_ns=96 p99_9_ns=96 max_ns=96 mean_ns=86
RTBENCH_NS metric=scheduler_decision run=1 expected=10 collected=10 missing=0 p50_ns=80 p95_ns=96 p99_ns=96 p99_9_ns=96 max_ns=96 mean_ns=86
RTBENCH_NS metric=scheduler_decision run=1 expected=10 collected=10 missing=0 p50_ns=80 p95_ns=96 p99_ns=96 p99_9_ns=96 max_ns=96 mean_ns=86
RTBENCH_NS metric=sync_sem run=1 expected=10 collected=10 missing=0 p50_ns=80 p95_ns=96 p99_ns=96 p99_9_ns=96 max_ns=96 mean_ns=83
RTBENCH_NS metric=sync_sem run=1 expected=10 collected=10 missing=0 p50_ns=80 p95_ns=96 p99_ns=96 p99_9_ns=96 max_ns=96 mean_ns=83
RTBENCH_NS metric=sync_sem run=1 expected=10 collected=10 missing=0 p50_ns=80 p95_ns=96 p99_ns=96 p99_9_ns=96 max_ns=96 mean_ns=83
RTBENCH_NS metric=sync_mutex run=1 expected=10 collected=10 missing=0 p50_ns=96 p95_ns=96 p99_ns=96 p99_9_ns=96 max_ns=96 mean_ns=96
RTBENCH_NS metric=sync_mutex run=1 expected=10 collected=10 missing=0 p50_ns=96 p95_ns=96 p99_ns=96 p99_9_ns=96 max_ns=96 mean_ns=96
RTBENCH_NS metric=sync_mutex run=1 expected=10 collected=10 missing=0 p50_ns=96 p95_ns=96 p99_ns=96 p99_9_ns=96 max_ns=96 mean_ns=96
RTBENCH_NS metric=sync_mailbox run=1 expected=10 collected=10 missing=0 p50_ns=192 p95_ns=192 p99_ns=192 p99_9_ns=192 max_ns=192 mean_ns=187
RTBENCH_NS metric=sync_mailbox run=1 expected=10 collected=10 missing=0 p50_ns=192 p95_ns=192 p99_ns=192 p99_9_ns=192 max_ns=192 mean_ns=187
RTBENCH_NS metric=sync_mailbox run=1 expected=10 collected=10 missing=0 p50_ns=192 p95_ns=192 p99_ns=192 p99_9_ns=192 max_ns=192 mean_ns=187
RTBENCH_NS metric=irq_handler_exec run=1 expected=10 collected=10 missing=0 p50_ns=816 p95_ns=832 p99_ns=832 p99_9_ns=832 max_ns=832 mean_ns=824
RTBENCH_NS metric=irq_handler_exec run=1 expected=10 collected=10 missing=0 p50_ns=816 p95_ns=832 p99_ns=832 p99_9_ns=832 max_ns=832 mean_ns=824
RTBENCH_NS metric=irq_handler_exec run=1 expected=10 collected=10 missing=0 p50_ns=816 p95_ns=832 p99_ns=832 p99_9_ns=832 max_ns=832 mean_ns=824
RTBENCH_NS metric=deadline_miss_under_load run=1 expected=10 collected=10 missing=0 p50_ns=97744 p95_ns=116240 p99_ns=116240 p99_9_ns=116240 max_ns=116432 mean_ns=100702
RTBENCH_NS metric=deadline_miss_under_load run=1 expected=10 collected=10 missing=0 p50_ns=97744 p95_ns=116240 p99_ns=116240 p99_9_ns=116240 max_ns=116432 mean_ns=100702
RTBENCH_NS metric=deadline_miss_under_load run=1 expected=10 collected=10 missing=0 p50_ns=97744 p95_ns=116240 p99_ns=116240 p99_9_ns=116240 max_ns=116432 mean_ns=100702
RTBENCH_NS metric=net_event_latency run=1 expected=10 collected=10 missing=0 p50_ns=118640 p95_ns=122000 p99_ns=122000 p99_9_ns=122000 max_ns=301408 mean_ns=137508
RTBENCH_NS metric=net_event_latency run=1 expected=10 collected=10 missing=0 p50_ns=118640 p95_ns=122000 p99_ns=122000 p99_9_ns=122000 max_ns=301408 mean_ns=137508
RTBENCH_NS metric=net_event_latency run=1 expected=10 collected=10 missing=0 p50_ns=118640 p95_ns=122000 p99_ns=122000 p99_9_ns=122000 max_ns=301408 mean_ns=137508
RTBENCH_END status=PASS expected=10 collected=10 missing=0
RTBENCH_DONE
