[32m[I/rtdm.ofw] Booting RT-Thread on physical CPU 0x0[0m
[32m[I/rtdm.ofw] Machine model: linux,dummy-virt[0m
[32m[I/rtdm.ofw] Memory node(0) ranges: 0x0000000040000000 - 0x0000000080000000[0m
[32m[I/mm.memblock] System memory:[0m
[32m[I/mm.memblock]                    [0x0000000040000000, 0x0000000080000000][0m
[32m[I/mm.memblock] Reserved memory:[0m
[32m[I/mm.memblock]                    [0x0000000040200000, 0x0000000040335000][0m
[32m[I/mm.memblock]                    [0x0000000040335000, 0x0000000044335000][0m
[32m[I/mm.memblock]                    [0x0000000044335000, 0x0000000044535000][0m
[32m[I/mm.memblock]                    [0x0000000044535000, 0x0000000044635000][0m
[32m[I/mm.memblock] physical memory region [0x0000000040000000-0x0000000040200000] installed to system page[0m
[32m[I/mm.memblock] physical memory region [0x0000000044635000-0x0000000080000000] installed to system page[0m
[32m[I/mm.memblock] 1002 MB memory installed to system page[0m
[32m[I/osi.psci] Using PSCI v1.1 Function IDs[0m
[32m[I/rtdm.ofw] Console: uart0 (<no-node>)[0m

 \ | /
- RT -     Thread Operating System
 / | \     5.2.2 build Aug 20 2026 14:34:41
 2006 - 2024 Copyright by RT-Thread team
lwIP-2.1.2 initialized!
[32m[I/sal.skt] Socket Abstraction Layer initialize success.[0m
[32m[I/rtdm.mnt] File system initialization done[0m
Axvisor RT-Thread guest ready
TASK3_RTOS_READY ip=192.168.77.30 port=9877
msh />rtbench_stability 10
msh />RTBENCH_STABILITY_BEGIN seconds=10 expected=9999
[32m[I/rtipic.srv] server starting on 192.168.77.30:9876[0m
RTIPC_SERVER_READY ip=192.168.77.30 port=9876
[32m[I/rtipic.srv] listening...[0m
RTBENCH metric=stability_jitter run=1 expected=9999 collected=9999 missing=0 p50_ns=656 p95_ns=3776 p99_ns=16944 p99_9_ns=42480 max_ns=76240 miss_100us=0 miss_500us=0 miss_1ms=0 mean_ns=1358
RTBENCH metric=callback_exec run=1 expected=9999 collected=9999 missing=0 p50_ns=112 p95_ns=160 p99_ns=2272 p99_9_ns=9520 max_ns=32576 miss_100us=0 miss_500us=0 miss_1ms=0 mean_ns=198
RTBENCH_STABILITY_END status=PASS expected=9999 collected=9999 missing=0
RTBENCH_STABILITY_DONE
