{
  "schema": 1,
  "metrics": [
    "stability_jitter",
    "callback_exec"
  ],
  "core_metrics": [
    "stability_jitter",
    "callback_exec"
  ],
  "comparison": {
    "stability_jitter": {
      "A_native": {
        "expected": 9999,
        "collected": 9999,
        "missing": 0,
        "p50_ns": 656,
        "p95_ns": 3776,
        "p99_ns": 16944,
        "p99_9_ns": 42480,
        "max_ns": 76240,
        "miss_100us": 0,
        "miss_500us": 0,
        "miss_1ms": 0,
        "mean_ns": 1358
      },
      "B_axvisor_rtthread": {
        "expected": 9999,
        "collected": 9999,
        "missing": 0,
        "p50_ns": 3264,
        "p95_ns": 12608,
        "p99_ns": 20384,
        "p99_9_ns": 141824,
        "max_ns": 234720,
        "miss_100us": 20,
        "miss_500us": 0,
        "miss_1ms": 0,
        "mean_ns": 4743
      },
      "C_axvisor_linux_rtthread": {
        "expected": 9999,
        "collected": 9999,
        "missing": 0,
        "p50_ns": 4736,
        "p95_ns": 250336,
        "p99_ns": 385936,
        "p99_9_ns": 530896,
        "max_ns": 2422080,
        "miss_100us": 1339,
        "miss_500us": 16,
        "miss_1ms": 1,
        "mean_ns": 39749
      },
      "B_over_A": {
        "p50_ns": 4.975609756097561,
        "p95_ns": 3.3389830508474576,
        "p99_ns": 1.2030217186024552,
        "p99_9_ns": 3.338606403013183,
        "max_ns": 3.0786988457502624,
        "mean_ns": 3.492636229749632,
        "miss_100us": null,
        "miss_500us": null,
        "miss_1ms": null
      },
      "C_over_B": {
        "p50_ns": 1.4509803921568627,
        "p95_ns": 19.85532994923858,
        "p99_ns": 18.933281004709578,
        "p99_9_ns": 3.7433438628158844,
        "max_ns": 10.319018404907975,
        "mean_ns": 8.38056082648113,
        "miss_100us": 66.95,
        "miss_500us": null,
        "miss_1ms": null
      }
    },
    "callback_exec": {
      "A_native": {
        "expected": 9999,
        "collected": 9999,
        "missing": 0,
        "p50_ns": 112,
        "p95_ns": 160,
        "p99_ns": 2272,
        "p99_9_ns": 9520,
        "max_ns": 32576,
        "miss_100us": 0,
        "miss_500us": 0,
        "miss_1ms": 0,
        "mean_ns": 198
      },
      "B_axvisor_rtthread": {
        "expected": 9999,
        "collected": 9999,
        "missing": 0,
        "p50_ns": 624,
        "p95_ns": 832,
        "p99_ns": 1008,
        "p99_9_ns": 3536,
        "max_ns": 42992,
        "miss_100us": 0,
        "miss_500us": 0,
        "miss_1ms": 0,
        "mean_ns": 621
      },
      "C_axvisor_linux_rtthread": {
        "expected": 9999,
        "collected": 9999,
        "missing": 0,
        "p50_ns": 480,
        "p95_ns": 3600,
        "p99_ns": 9632,
        "p99_9_ns": 10800,
        "max_ns": 48560,
        "miss_100us": 0,
        "miss_500us": 0,
        "miss_1ms": 0,
        "mean_ns": 826
      },
      "B_over_A": {
        "p50_ns": 5.571428571428571,
        "p95_ns": 5.2,
        "p99_ns": 0.44366197183098594,
        "p99_9_ns": 0.37142857142857144,
        "max_ns": 1.3197445972495088,
        "mean_ns": 3.1363636363636362,
        "miss_100us": null,
        "miss_500us": null,
        "miss_1ms": null
      },
      "C_over_B": {
        "p50_ns": 0.7692307692307693,
        "p95_ns": 4.326923076923077,
        "p99_ns": 9.555555555555555,
        "p99_9_ns": 3.0542986425339365,
        "max_ns": 1.129512467435802,
        "mean_ns": 1.3301127214170692,
        "miss_100us": null,
        "miss_500us": null,
        "miss_1ms": null
      }
    }
  },
  "assessment": {
    "A_native": {
      "data_complete": true,
      "strict_tail_pass": true,
      "tail_degradation": 76240
    },
    "B_axvisor_rtthread": {
      "data_complete": true,
      "strict_tail_pass": true,
      "tail_degradation": 234720
    },
    "C_axvisor_linux_rtthread": {
      "data_complete": true,
      "strict_tail_pass": false,
      "tail_degradation": 2422080
    }
  }
}
