[I/rtdm.ofw] Booting RT-Thread on physical CPU 0x0
[I/rtdm.ofw] Machine model: linux,dummy-virt
[I/rtdm.ofw] Memory node(0) ranges: 0x00000000a0000000 - 0x00000000b0000000
[I/mm.memblock] System memory:
[I/mm.memblock]                    [0x00000000a0000000, 0x00000000b0000000]
[I/mm.memblock] Reserved memory:
[I/mm.memblock]                    [0x00000000a0000000, 0x00000000a0135000]
[I/mm.memblock]                    [0x00000000a0135000, 0x00000000a4135000]
[I/mm.memblock]                    [0x00000000a4135000, 0x00000000a4335000]
[I/mm.memblock]                    [0x00000000a4335000, 0x00000000a4336000]
[I/mm.memblock] physical memory region [0x00000000a4336000-0x00000000b0000000] installed to system page
[I/mm.memblock] 197 MB memory installed to system page
[I/osi.psci] Using PSCI v1.1 Function IDs
[I/rtdm.ofw] Console: uart0 (<no-node>)

 \ | /
- RT -     Thread Operating System
 / | \     5.2.2 build Aug 20 2026 14:11:19
 2006 - 2024 Copyright by RT-Thread team
lwIP-2.1.2 initialized!
[I/sal.skt] Socket Abstraction Layer initialize success.
[I/rtdm.mnt] File system initialization done
Axvisor RT-Thread guest ready
TASK3_RTOS_READY ip=192.168.77.30 port=9877
msh />[I/rtipic.srv] server starting on 192.168.77.30:9876
RTIPC_SERVER_READY ip=192.168.77.30 port=9876
[I/rtipic.srv] listening...
RTBENCH_NET_PROBE_READY listen=9879 count=10
RTBENCH_NET_PROBE_TRIGGERED count=10
RTBENCH_NET_PROBE_END sent=10 retries=0
RTBENCH metric=timer_jitter run=1 expected=10 collected=10 missing=0 p50_ns=6368 p95_ns=85808 p99_ns=85808 p99_9_ns=85808 max_ns=85808 miss_100us=0 miss_500us=0 miss_1ms=0 mean_ns=22900
RTBENCH metric=callback_exec run=1 expected=10 collected=10 missing=0 p50_ns=656 p95_ns=41728 p99_ns=41728 p99_9_ns=41728 max_ns=41728 miss_100us=0 miss_500us=0 miss_1ms=0 mean_ns=5089
RTBENCH metric=timer_jitter run=2 expected=10 collected=10 missing=0 p50_ns=1376 p95_ns=77216 p99_ns=77216 p99_9_ns=77216 max_ns=77216 miss_100us=0 miss_500us=0 miss_1ms=0 mean_ns=18508
RTBENCH metric=callback_exec run=2 expected=10 collected=10 missing=0 p50_ns=752 p95_ns=3712 p99_ns=3712 p99_9_ns=3712 max_ns=3712 miss_100us=0 miss_500us=0 miss_1ms=0 mean_ns=934
RTBENCH metric=timer_jitter run=3 expected=10 collected=10 missing=0 p50_ns=3360 p95_ns=68864 p99_ns=68864 p99_9_ns=68864 max_ns=68864 miss_100us=0 miss_500us=0 miss_1ms=0 mean_ns=16220
RTBENCH metric=callback_exec run=3 expected=10 collected=10 missing=0 p50_ns=480 p95_ns=752 p99_ns=752 p99_9_ns=752 max_ns=752 miss_100us=0 miss_500us=0 miss_1ms=0 mean_ns=539
RTBENCH metric=preemption run=1 expected=10 collected=10 missing=0 p50_ns=4512 p95_ns=12096 p99_ns=12096 p99_9_ns=12096 max_ns=12096 miss_100us=0 miss_500us=0 miss_1ms=0 mean_ns=5360
RTBENCH metric=irq run=1 expected=10 collected=10 missing=0 p50_ns=77264 p95_ns=240064 p99_ns=240064 p99_9_ns=240064 max_ns=240064 miss_100us=1 miss_500us=0 miss_1ms=0 mean_ns=94628
RTBENCH metric=irq_to_task run=1 expected=10 collected=10 missing=0 p50_ns=78400 p95_ns=262048 p99_ns=262048 p99_9_ns=262048 max_ns=262048 miss_100us=2 miss_500us=0 miss_1ms=0 mean_ns=100747
RTBENCH metric=irq_disabled_duration run=1 expected=10 collected=10 missing=0 p50_ns=240 p95_ns=19824 p99_ns=19824 p99_9_ns=19824 max_ns=19824 miss_100us=0 miss_500us=0 miss_1ms=0 mean_ns=2254
RTBENCH metric=mutex_inversion run=1 expected=10 collected=10 missing=0 p50_ns=656 p95_ns=40880 p99_ns=40880 p99_9_ns=40880 max_ns=40880 miss_100us=0 miss_500us=0 miss_1ms=0 mean_ns=10406
RTBENCH metric=wake_under_load run=1 expected=10 collected=10 missing=0 p50_ns=1696 p95_ns=8672 p99_ns=8672 p99_9_ns=8672 max_ns=8672 miss_100us=0 miss_500us=0 miss_1ms=0 mean_ns=2480
RTBENCH_NET_READY port=9878 expected=10
RTBENCH metric=net_event_latency run=1 expected=10 collected=10 missing=0 p50_ns=212752 p95_ns=379120 p99_ns=379120 p99_9_ns=379120 max_ns=379120 miss_100us=10 miss_500us=0 miss_1ms=0 mean_ns=228908
RTBENCH_NET_DIAGNOSTIC irq_dropped=0 irq_coalesced=0 probe_received=10 probe_acked=10 probe_no_irq=0 probe_duplicates=0
RTBENCH_END status=PASS
TASK3_RTOS_FINAL requests=9 errors=0 duplicates=0 applied_steps=3 retries=0
