qemu-system-aarch64: warning: hub 77 is not connected to host network
root=/dev/nvme0n1 rw init=/bin/sh
VM Load @PA:0x40200000
VM Load Offset: 0xffff0000c0200000
Memory Map:
  Free   0x00000040000000 - 0x00000040200000 (2 MiB)
  KImg   0x00000040200000 - 0x00000041400000 (18 MiB)
  Free   0x00000041400000 - 0x00000240000000 (7.98 GiB)
Initialize RAM allocator: 0x41400000..0x240000000
Reserving CPU-local areas
CPU-local area stride: 0x44000 bytes
Total CPU-local allocation: 0x110000 bytes (4 CPUs)
Flushed RAM used range to memory map: 0x41400000..0x41500000, current: 0x41500000
Flushed RAM used range to memory map: 0x41500000..0x41610000, current: 0x41610000
CPU-local areas allocated at 0x41500000 - 0x41610000
EL: 2
Mapping early memory regions...
Ram                 : [0x0000000040000000, 0x0000000240000000) -> [0x0000000040000000, 0x0000000240000000) (8 GiB)
KImage              : [0x0000ffff80000000, 0x0000ffff81200000) -> [0x0000000040200000, 0x0000000041400000) (18 MiB)
PerCpu              : [0x0000ff0041500000, 0x0000ff0041610000) -> [0x0000000041500000, 0x0000000041610000) (1.06 MiB)
Debug serial        : [0x0000000009000000, 0x0000000009001000) -> [0x0000000009000000, 0x0000000009001000) (4 KiB)
Boot page table at physical address: PA:0x41610000
Setting up table registers...
MMU Entry point at physical address: 0x40460cfc
Trap vector at 0xffff80264800
Memory Map:
  MMIO   0x00000009000000 - 0x00000009001000 (4 KiB)
  Free   0x00000040000000 - 0x00000040200000 (2 MiB)
  KImg   0x00000040200000 - 0x00000041400000 (18 MiB)
  Rsv    0x00000041400000 - 0x00000041500000 (1 MiB)
  PerCPU 0x00000041500000 - 0x00000041610000 (1.06 MiB)
  Rsv    0x00000041610000 - 0x0000004161a000 (40 KiB)
  Free   0x0000004161a000 - 0x00000240000000 (7.98 GiB)
Jumping to main entry point at 0xffff80248b28 with SP 0x0000ff0041544000

       d8888                            .d88888b.   .d8888b.
      d88888                           d88P" "Y88b d88P  Y88b
     d88P888                           888     888 Y88b.
    d88P 888 888d888  .d8888b  .d88b.  888     888  "Y888b.
   d88P  888 888P"   d88P"    d8P  Y8b 888     888     "Y88b.
  d88P   888 888     888      88888888 888     888       "888
 d8888888888 888     Y88b.    Y8b.     Y88b. .d88P Y88b  d88P
d88P     888 888      "Y8888P  "Y8888   "Y88888P"   "Y8888P"

arch = aarch64
platform = linux,dummy-virt
target = aarch64-unknown-none-softfloat
build_mode = 
log_level = info
backtrace = false
smp = 4

[37m[  0.048645 ax_runtime:223] [32mLogging is enabled.[m
[m[37m[  0.048934 ax_runtime:224] [32mPrimary CPU 0 started, arg = 0x41400000.[m
[m[37m[  0.049006 ax_runtime:226] [32mFound physcial memory regions:[m
[m[37m[  0.049845 ax_runtime:228] [32m  [PA:0x9000000, PA:0x9001000) mmio (READ | WRITE | DEVICE | RESERVED)[m
[m[37m[  0.050047 ax_runtime:228] [32m  [PA:0x40000000, PA:0x40200000) free memory (READ | WRITE | FREE)[m
[m[37m[  0.050152 ax_runtime:228] [32m  [PA:0x40200000, PA:0x41400000) reserved (READ | WRITE | EXECUTE | RESERVED)[m
[m[37m[  0.050233 ax_runtime:228] [32m  [PA:0x41400000, PA:0x41500000) reserved (READ | WRITE | EXECUTE | RESERVED)[m
[m[37m[  0.050310 ax_runtime:228] [32m  [PA:0x41500000, PA:0x41610000) reserved (READ | WRITE | EXECUTE | RESERVED)[m
[m[37m[  0.050387 ax_runtime:228] [32m  [PA:0x41610000, PA:0x4161a000) reserved (READ | WRITE | EXECUTE | RESERVED)[m
[m[37m[  0.050465 ax_runtime:228] [32m  [PA:0x4161a000, PA:0x240000000) free memory (READ | WRITE | FREE)[m
[m[37m[  0.050551 ax_runtime:376] [32mInitialize global memory allocator...[m
[m[37m[  0.050622 ax_runtime:377] [32m  use buddy-slab-allocator allocator.[m
[m[37m[  0.050764 ax_alloc::buddy_slab:158] [32mInitialize global memory allocator, start_vaddr: 0x4161a000, size: 0x1fe9e6000[m
[m[37m[  0.056303 ax_alloc::buddy_slab:424] [32mglobal allocator initialized[m
[m[37m[  0.056490 ax_alloc::buddy_slab:168] [32mAdd memory region, start_vaddr: 0x40000000, size: 0x200000[m
[m[37m[  0.056617 buddy_slab_allocator::global:151] [32mGlobalAllocator: skip region 0x40000000+0x200000, no allocator-visible memory after 2097152 alignment[m
[m[37m[  0.056854 ax_runtime:263] [32mkernel aspace: [VA:0x0, VA:0xffffffffffffffff)[m
[m[37m[  0.056954 ax_mm:103] [32mInitialize virtual memory management...[m
[m[37m[  0.567140 ax_runtime:275] [32mInitialize platform devices...[m
[m[37m[  0.572272 someboot::arch::power:23] [32mPower management method : SMC[m
[m[37m[  0.572409 somehal::driver:5] [32mInitializing rdrive with FDT at 0x41400000[m
[m[37m[  0.583020 somehal::arch::gic::v3:284] [32mGICv3 CPU 0 EOI mode: two_step=true[m
[m[37m[  0.588644 ax_task::api:137] [32mInitialize scheduling...[m
[m[37m[  0.589715 ax_task::api:145] [32m  use Round-robin scheduler.[m
[m[37m[  0.589990 ax_runtime:301] [32mInitialize interrupt handlers...[m
[m[37m[  0.591729 ax_runtime::devices:2] [32mProbe platform devices...[m
[m[37m[  0.612561 ax_driver::block::nvme:42] [32mNVMe PCI endpoint 0000:00:01.0: BAR0=0x8000000000..0x8000004000, int_pin=1, int_line=0[m
[m[37m[  0.623182 nvme_driver::nvme:161] [32mNVME @0x8000000000 deferred init, version: 1.4.0[m
[m[37m[  0.623696 ax_driver::block::nvme:74] [32mNVMe block device registered at 0000:00:01.0 with 65 MSI-X vectors[m
[m[37m[  0.628307 ax_fs_ng::block::runtime::lifecycle::device:300] [32mblock device nvme IRQ source 0 (IrqId { domain: IrqDomainId(9), hwirq: HwIrq(0) }) fixed to CPU 0 for queue mask 0x0[m
[m[37m[  0.645990 ax_fs_ng::block::runtime::hctx:177] [32mblock hctx 0 bound to CPU 0 with hardware depth 63[m
[m[37m[  0.646414 ax_fs_ng::block::runtime::lifecycle::device:300] [32mblock device nvme IRQ source 1 (IrqId { domain: IrqDomainId(9), hwirq: HwIrq(1) }) fixed to CPU 0 for queue mask 0x1[m
[m[37m[  0.652001 ax_fs_ng::root:341] [32m    raw device fs=Some(Ext4)[m
[m[37m[  0.652149 ax_fs_ng::root:372] [32m  block device 0 (nvme) has no usable partition table; treating the whole disk as a candidate[m
[m[37m[  0.652498 ax_fs_ng::root:481] [32m  matched root by raw device path on disk0 raw device[m
[m[37m[  0.652873 ax_fs_ng:87] [32mInitialize filesystem subsystem...[m
[m[37m[  0.652944 ax_fs_ng:88] [32m  selected root device: disk0 raw device[m
[m[37m[  0.655591 rsext4::crc32c::arm64:54] [33mID_AA64ISAR0_EL1[19:16]: 0x1[m
[m[37m[  0.655675 rsext4::crc32c::arm64:57] [33mHardware CRC32C support detected.[m
[m[37m[  0.661177 rsext4::ext4::mount:331] [32m/lost+found exists (superblock hint inode=11)[m
[m[37m[  0.662264 rsext4::ext4::mount:466] [32mExt4 filesystem mounted[m
[m[37m[  0.662337 rsext4::ext4::mount:467] [32m  - block size: 4096 bytes[m
[m[37m[  0.662406 rsext4::ext4::mount:468] [32m  - total blocks: 8192[m
[m[37m[  0.662477 rsext4::ext4::mount:469] [32m  - free blocks: 1226[m
[m[37m[  0.662556 rsext4::ext4::mount:470] [32m  - total inodes: 8192[m
[m[37m[  0.662638 rsext4::ext4::mount:471] [32m  - free inodes: 8151[m
[m[37m[  0.662737 rsext4::ext4::sync:13] [32mSyncing filesystem...[m
[m[37m[  0.668477 rsext4::ext4::mount:550] [32mExt4 filesystem mounted[m
[m[37m[  0.668909 ax_fs_ng:101] [32m  filesystem type: "ext4"[m
[m[37m[  0.671879 somehal::arch::gic::v3:284] [32mGICv3 CPU 1 EOI mode: two_step=true[m
[m[37m[  0.672146 ax_runtime::mp:79] [32mSecondary CPU 1 started.[m
[m[37m[  0.672713 ax_runtime::mp:110] [32mSecondary CPU 1 init OK.[m
[m[37m[  0.674412 somehal::arch::gic::v3:284] [32mGICv3 CPU 2 EOI mode: two_step=true[m
[m[37m[  0.674545 ax_runtime::mp:79] [32mSecondary CPU 2 started.[m
[m[37m[  0.674787 ax_runtime::mp:110] [32mSecondary CPU 2 init OK.[m
[m[37m[  0.677090 somehal::arch::gic::v3:284] [32mGICv3 CPU 3 EOI mode: two_step=true[m
[m[37m[  0.677321 ax_runtime::mp:79] [32mSecondary CPU 3 started.[m
[m[37m[  0.677374 ax_runtime:349] [32mPrimary CPU 0 init OK.[m
[m[37m[  0.677708 ax_runtime::mp:110] [32mSecondary CPU 3 init OK.[m
[m[37m[  0.689185 0:4 ax_fs_ng::block::runtime::hctx:177] [32mblock hctx 1 bound to CPU 1 with hardware depth 63[m
[m[37m[  0.689343 0:4 ax_fs_ng::block::runtime::hctx:177] [32mblock hctx 2 bound to CPU 2 with hardware depth 63[m
[m[37m[  0.689450 0:4 ax_fs_ng::block::runtime::hctx:177] [32mblock hctx 3 bound to CPU 3 with hardware depth 63[m
[m[37m[  0.689770 0:4 ax_fs_ng::block::runtime::lifecycle::device:300] [32mblock device nvme IRQ source 2 (IrqId { domain: IrqDomainId(9), hwirq: HwIrq(2) }) fixed to CPU 1 for queue mask 0x2[m
[m[37m[  0.690023 0:4 ax_fs_ng::block::runtime::lifecycle::device:300] [32mblock device nvme IRQ source 3 (IrqId { domain: IrqDomainId(9), hwirq: HwIrq(3) }) fixed to CPU 2 for queue mask 0x4[m
[m[37m[  0.690264 0:4 ax_fs_ng::block::runtime::lifecycle::device:300] [32mblock device nvme IRQ source 4 (IrqId { domain: IrqDomainId(9), hwirq: HwIrq(4) }) fixed to CPU 3 for queue mask 0x8[m
[m[37m[  0.692020 0:2 ax_fs_ng::block::runtime::lifecycle::device:385] [32mblock device nvme online with 4 hctxs across 4 CPUs[m
[m

       d8888            888     888  d8b
      d88888            888     888  Y8P
     d88P888            888     888
    d88P 888  888  888  Y88b   d88P  888  .d8888b    .d88b.   888d888
   d88P  888  `Y8bd8P'   Y88b d88P   888  88K       d88""88b  888P"
  d88P   888    X88K      Y88o88P    888  "Y8888b.  888  888  888
 d8888888888  .d8""8b.     Y888P     888       X88  Y88..88P  888
d88P     888  888  888      Y8P      888   88888P'   "Y88P"   888


by AxVisor Team

[37m[  0.694108 0:2 axvisor:73] [32mStarting virtualization...[m
[m[37m[  0.694213 0:2 axvm::host::arceos:353] [32mEnabling hardware virtualization support on all cores...[m
[m[37m[  0.694328 0:2 axvm::host::arceos:359] [32mCore 0 is initializing hardware virtualization support...[m
[m[37m[  0.694443 0:2 axvm::timer:318] [32mInitializing AxVM timer wheel...[m
[m[37m[  0.698952 0:2 axvm::host::arceos:361] [32mHardware virtualization support enabled on core 0[m
[m[37m[  0.699310 1:19 axvm::host::arceos:371] [32mCore 1 is initializing hardware virtualization support...[m
[m[37m[  0.699366 2:20 axvm::host::arceos:371] [32mCore 2 is initializing hardware virtualization support...[m
[m[37m[  0.699375 0:2 axvm::host::arceos:387] [32mWaiting for all cores to enable hardware virtualization...[m
[m[37m[  0.699467 1:19 axvm::timer:318] [32mInitializing AxVM timer wheel...[m
[m[37m[  0.699573 2:20 axvm::timer:318] [32mInitializing AxVM timer wheel...[m
[m[37m[  0.699382 3:21 axvm::host::arceos:371] [32mCore 3 is initializing hardware virtualization support...[m
[m[37m[  0.699928 3:21 axvm::timer:318] [32mInitializing AxVM timer wheel...[m
[m[37m[  0.700081 1:19 axvm::host::arceos:374] [32mHardware virtualization support enabled on core 1[m
[m[37m[  0.700092 2:20 axvm::host::arceos:374] [32mHardware virtualization support enabled on core 2[m
[m[37m[  0.700374 3:21 axvm::host::arceos:374] [32mHardware virtualization support enabled on core 3[m
[m[37m[  0.700507 0:2 axvm::host::arceos:403] [32mAll cores have enabled hardware virtualization support.[m
[m[37m[  0.704832 0:2 axvisor::manager:143] [32mNOT find dir: /guest/vm_default in filesystem[m
[m[37m[  0.705023 0:2 axvisor::config:90] [32mUsing static VM configs.[m
[m[37m[  0.719290 0:2 axvm::arch::aarch64::fdt::core:79] [32mVM[1] virtual GIC follows host firmware resources: GuestGicProfile { compatible: "arm,gic-v3", node_path: "/intc@8000000", node_phandle: Some(32773), distributor: GuestMmioRegion { base: 134217728, length: 65536 }, cpu_region: Redistributors(GuestGicRedistributorProfile { regions: [GuestMmioRegion { base: 134873088, length: 16121856 }], stride: 131072 }), its: [GuestItsProfile { id: ItsId(0), node_path: "/intc@8000000/its@8080000", node_phandle: Some(32774), registers: GuestMmioRegion { base: 134742016, length: 131072 } }] }[m
[m[37m[  0.721216 0:2 axvm::arch::aarch64::fdt::core:93] [32mVM[1] architectural timer follows host firmware PPIs[m
[m[37m[  0.725570 0:2 axvm::arch::aarch64::fdt::core::parser:442] [32mCPU node: /cpus/cpu@0, node_id: 0x0, hardware_cpu_id: 0x0[m
[m[37m[  0.725735 0:2 axvm::arch::aarch64::fdt::core::parser:442] [32mCPU node: /cpus/cpu@1, node_id: 0x1, hardware_cpu_id: 0x1[m
[m[37m[  0.725883 0:2 axvm::arch::aarch64::fdt::core::parser:442] [32mCPU node: /cpus/cpu@2, node_id: 0x2, hardware_cpu_id: 0x2[m
[m[37m[  0.726010 0:2 axvm::arch::aarch64::fdt::core::parser:442] [32mCPU node: /cpus/cpu@3, node_id: 0x3, hardware_cpu_id: 0x3[m
[m[37m[  0.726210 0:2 axvm::arch::aarch64::fdt::core::parser:449] [32mFound 4 host CPU nodes[m
[m[37m[  0.726569 0:2 axvm::arch::aarch64::fdt::core:144] [32mVM[1] DTB not found, generating from the VM configuration[m
[m[37m[  0.739781 0:2 axvm::arch::aarch64::fdt::core::device:96] [32mFound excluded devices: ["/virtio_mmio@a000000", "/virtio_mmio@a000200", "/virtio_mmio@a000400", "/virtio_mmio@a000600", "/virtio_mmio@a000800", "/virtio_mmio@a000a00", "/virtio_mmio@a000c00", "/virtio_mmio@a000e00", "/virtio_mmio@a001000", "/virtio_mmio@a001200", "/virtio_mmio@a001400", "/virtio_mmio@a001600", "/virtio_mmio@a001800", "/virtio_mmio@a001a00", "/virtio_mmio@a001c00", "/virtio_mmio@a001e00", "/virtio_mmio@a002000", "/virtio_mmio@a002200", "/virtio_mmio@a002400", "/virtio_mmio@a002600", "/virtio_mmio@a002800", "/virtio_mmio@a002a00", "/virtio_mmio@a002c00", "/virtio_mmio@a002e00", "/virtio_mmio@a003000", "/virtio_mmio@a003200", "/virtio_mmio@a003400", "/virtio_mmio@a003600", "/virtio_mmio@a003800", "/virtio_mmio@a003a00", "/virtio_mmio@a003c00", "/virtio_mmio@a003e00", "/pcie@10000000", "/pl061@9030000", "/pl031@9010000", "/gpio-key-poweroff", "/intc@8000000", "/pl011@9000000", "/timer", "/intc@8000000/its@8080000"][m
[m[37m[  0.748491 0:2 axvm::arch::aarch64::fdt::core::device:96] [32mFound excluded devices: ["/virtio_mmio@a000000", "/virtio_mmio@a000200", "/virtio_mmio@a000400", "/virtio_mmio@a000600", "/virtio_mmio@a000800", "/virtio_mmio@a000a00", "/virtio_mmio@a000c00", "/virtio_mmio@a000e00", "/virtio_mmio@a001000", "/virtio_mmio@a001200", "/virtio_mmio@a001400", "/virtio_mmio@a001600", "/virtio_mmio@a001800", "/virtio_mmio@a001a00", "/virtio_mmio@a001c00", "/virtio_mmio@a001e00", "/virtio_mmio@a002000", "/virtio_mmio@a002200", "/virtio_mmio@a002400", "/virtio_mmio@a002600", "/virtio_mmio@a002800", "/virtio_mmio@a002a00", "/virtio_mmio@a002c00", "/virtio_mmio@a002e00", "/virtio_mmio@a003000", "/virtio_mmio@a003200", "/virtio_mmio@a003400", "/virtio_mmio@a003600", "/virtio_mmio@a003800", "/virtio_mmio@a003a00", "/virtio_mmio@a003c00", "/virtio_mmio@a003e00", "/pcie@10000000", "/pl061@9030000", "/pl031@9010000", "/gpio-key-poweroff", "/intc@8000000", "/pl011@9000000", "/timer", "/intc@8000000/its@8080000"][m
[m[37m[  0.750326 0:2 axvisor::config:137] [32mCreating VM[1] "linux-net"[m
[m[37m[  0.750758 0:2 axvm::arch::aarch64::vgic::plan:214] [32massigned_spis: 0 passthrough interrupts configured[m
[m[37m[  0.762582 0:2 axvm::vm:892] [32mVM created: id=1[m
[m[37m[  0.763661 0:2 axvisor::config:149] [32mVM[1] created success, loading images...[m
[m[37m[  0.777386 0:2 axvm::boot::images:137] [32mLoading ramdisk image from memory (5831315 bytes) into GPA @0x8c000000[m
[m[37m[  0.799718 0:2 axdevice::device:1232] [32mDeviceRuntime: registered device id=0[m
[m[37m[  0.800033 0:2 axdevice::device:1232] [32mDeviceRuntime: registered device id=1[m
[m[37m[  0.800183 0:2 axdevice::device:1232] [32mDeviceRuntime: registered device id=2[m
[m[37m[  0.801586 0:2 axdevice::device:1232] [32mDeviceRuntime: registered device id=3[m
[m[37m[  0.803098 0:2 axdevice::device:1232] [32mDeviceRuntime: registered device id=4[m
[m[37m[  0.805682 0:2 axvm::vm::prepare:82] [32mVM setup: id=1[m
[m[37m[  0.809366 0:2 axvm::arch::aarch64::fdt::core:79] [32mVM[3] virtual GIC follows host firmware resources: GuestGicProfile { compatible: "arm,gic-v3", node_path: "/intc@8000000", node_phandle: Some(32773), distributor: GuestMmioRegion { base: 134217728, length: 65536 }, cpu_region: Redistributors(GuestGicRedistributorProfile { regions: [GuestMmioRegion { base: 134873088, length: 16121856 }], stride: 131072 }), its: [GuestItsProfile { id: ItsId(0), node_path: "/intc@8000000/its@8080000", node_phandle: Some(32774), registers: GuestMmioRegion { base: 134742016, length: 131072 } }] }[m
[m[37m[  0.809939 0:2 axvm::arch::aarch64::fdt::core:93] [32mVM[3] architectural timer follows host firmware PPIs[m
[m[37m[  0.814046 0:2 axvm::arch::aarch64::fdt::core::parser:442] [32mCPU node: /cpus/cpu@0, node_id: 0x0, hardware_cpu_id: 0x0[m
[m[37m[  0.814161 0:2 axvm::arch::aarch64::fdt::core::parser:442] [32mCPU node: /cpus/cpu@1, node_id: 0x1, hardware_cpu_id: 0x1[m
[m[37m[  0.814267 0:2 axvm::arch::aarch64::fdt::core::parser:442] [32mCPU node: /cpus/cpu@2, node_id: 0x2, hardware_cpu_id: 0x2[m
[m[37m[  0.814371 0:2 axvm::arch::aarch64::fdt::core::parser:442] [32mCPU node: /cpus/cpu@3, node_id: 0x3, hardware_cpu_id: 0x3[m
[m[37m[  0.814512 0:2 axvm::arch::aarch64::fdt::core::parser:449] [32mFound 4 host CPU nodes[m
[m[37m[  0.814625 0:2 axvm::arch::aarch64::fdt::core:144] [32mVM[3] DTB not found, generating from the VM configuration[m
[m[37m[  0.823550 0:2 axvm::arch::aarch64::fdt::core::device:96] [32mFound excluded devices: ["/virtio_mmio@a000000", "/virtio_mmio@a000200", "/virtio_mmio@a000400", "/virtio_mmio@a000600", "/virtio_mmio@a000800", "/virtio_mmio@a000a00", "/virtio_mmio@a000c00", "/virtio_mmio@a000e00", "/virtio_mmio@a001000", "/virtio_mmio@a001200", "/virtio_mmio@a001400", "/virtio_mmio@a001600", "/virtio_mmio@a001800", "/virtio_mmio@a001a00", "/virtio_mmio@a001c00", "/virtio_mmio@a001e00", "/virtio_mmio@a002000", "/virtio_mmio@a002200", "/virtio_mmio@a002400", "/virtio_mmio@a002600", "/virtio_mmio@a002800", "/virtio_mmio@a002a00", "/virtio_mmio@a002c00", "/virtio_mmio@a002e00", "/virtio_mmio@a003000", "/virtio_mmio@a003200", "/virtio_mmio@a003400", "/virtio_mmio@a003600", "/virtio_mmio@a003800", "/virtio_mmio@a003a00", "/virtio_mmio@a003c00", "/virtio_mmio@a003e00", "/pcie@10000000", "/pl061@9030000", "/pl031@9010000", "/gpio-key-poweroff", "/intc@8000000", "/pl011@9000000", "/timer", "/intc@8000000/its@8080000"][m
[m[37m[  0.830359 0:2 axvm::arch::aarch64::fdt::core::device:96] [32mFound excluded devices: ["/virtio_mmio@a000000", "/virtio_mmio@a000200", "/virtio_mmio@a000400", "/virtio_mmio@a000600", "/virtio_mmio@a000800", "/virtio_mmio@a000a00", "/virtio_mmio@a000c00", "/virtio_mmio@a000e00", "/virtio_mmio@a001000", "/virtio_mmio@a001200", "/virtio_mmio@a001400", "/virtio_mmio@a001600", "/virtio_mmio@a001800", "/virtio_mmio@a001a00", "/virtio_mmio@a001c00", "/virtio_mmio@a001e00", "/virtio_mmio@a002000", "/virtio_mmio@a002200", "/virtio_mmio@a002400", "/virtio_mmio@a002600", "/virtio_mmio@a002800", "/virtio_mmio@a002a00", "/virtio_mmio@a002c00", "/virtio_mmio@a002e00", "/virtio_mmio@a003000", "/virtio_mmio@a003200", "/virtio_mmio@a003400", "/virtio_mmio@a003600", "/virtio_mmio@a003800", "/virtio_mmio@a003a00", "/virtio_mmio@a003c00", "/virtio_mmio@a003e00", "/pcie@10000000", "/pl061@9030000", "/pl031@9010000", "/gpio-key-poweroff", "/intc@8000000", "/pl011@9000000", "/timer", "/intc@8000000/its@8080000"][m
[m[37m[  0.831912 0:2 axvisor::config:137] [32mCreating VM[3] "rtthread-net"[m
[m[37m[  0.832011 0:2 axvm::arch::aarch64::vgic::plan:214] [32massigned_spis: 0 passthrough interrupts configured[m
[m[37m[  0.833425 0:2 axvm::vm:892] [32mVM created: id=3[m
[m[37m[  1.997994 0:2 axvisor::config:149] [32mVM[3] created success, loading images...[m
[m[37m[  2.004125 0:2 axdevice::device:1232] [32mDeviceRuntime: registered device id=0[m
[m[37m[  2.004220 0:2 axdevice::device:1232] [32mDeviceRuntime: registered device id=1[m
[m[37m[  2.004286 0:2 axdevice::device:1232] [32mDeviceRuntime: registered device id=2[m
[m[37m[  2.004472 0:2 axdevice::device:1232] [32mDeviceRuntime: registered device id=3[m
[m[37m[  2.005120 0:2 axdevice::device:1232] [32mDeviceRuntime: registered device id=4[m
[m[37m[  2.005382 0:2 axvm::vm::prepare:82] [32mVM setup: id=3[m
[m[37m[  2.005638 0:2 axvm::runtime:105] [32mInitializing VMM...[m
[m[37m[  2.006244 0:2 axvm::runtime:116] [32mVMM starting, booting VMs...[m
[m[37m[  2.006425 0:2 axvm::vm:1133] [32mStarting VM[1][m
[m[37m[  2.006561 0:2 axvm::runtime::vcpus:395] [32mSpawning task for VM[1] VCpu[0][m
[m[37m[  2.006983 0:2 axvm::runtime::vcpus:412] [32mVCpu task Task(25, "VM[1]-VCpu[0]") created cpumask: [0, 1, 3, ][m
[m[37m[  2.009357 0:2 axvm::runtime:124] [32mVM[1] boot success[m
[m[37m[  2.009437 0:2 axvm::vm:1133] [32mStarting VM[3][m
[m[37m[  2.009496 0:2 axvm::runtime::vcpus:395] [32mSpawning task for VM[3] VCpu[0][m
[m[37m[  2.009603 0:2 axvm::runtime::vcpus:412] [32mVCpu task Task(27, "VM[3]-VCpu[0]") created cpumask: [2, ][m
[m[37m[  2.009802 0:2 axvm::runtime:124] [32mVM[3] boot success[m
[m[37m[  2.010040 2:27 axvm::runtime::vcpus:466] [32mVM[3] VCpu[0] waiting for running[m
[m[37m[  2.010458 2:27 axvm::runtime::vcpus:544] [32mVM[3] VCpu[0] running...[m
[m[37m[  2.011390 0:2 axvisor:89] [32m[OK] Default guest initialized[m
[m[37m[  2.011941 0:25 axvm::runtime::vcpus:466] [32mVM[1] VCpu[0] waiting for running[m
[m[37m[  2.012035 0:25 axvm::runtime::vcpus:544] [32mVM[1] VCpu[0] running...[m
[m[VM 3] [32m[I/rtdm.ofw] Booting RT-Thread on physical CPU 0x0[0m
[VM 3] [32m[I/rtdm.ofw] Machine model: linux,dummy-virt[0m
[VM 3] [32m[I/rtdm.ofw] Memory node(0) ranges: 0x0000000040000000 - 0x0000000080000000[0m
[VM 3] [32m[I/mm.memblock] System memory:[0m
[VM 3] [32m[I/mm.memblock]                    [0x0000000040000000, 0x0000000080000000][0m
[VM 3] [32m[I/mm.memblock] Reserved memory:[0m
[VM 3] [32m[I/mm.memblock]                    [0x0000000040200000, 0x0000000040335000][0m
[VM 3] [32m[I/mm.memblock]                    [0x0000000040335000, 0x0000000044335000][0m
[VM 3] [32m[I/mm.memblock]                    [0x0000000044335000, 0x0000000044535000][0m
[VM 3] [32m[I/mm.memblock]                    [0x0000000044535000, 0x0000000044536000][0m
[37m[  2.061234 0:25 axvm::runtime::hvc:258] [32mVM[1] PSCI_FEATURES function_id=0x80000000[m
[m[37m[  2.062157 0:25 axvm::runtime::hvc:258] [32mVM[1] PSCI_FEATURES function_id=0xc4000001[m
[m[37m[  2.062428 0:25 axvm::runtime::hvc:258] [32mVM[1] PSCI_FEATURES function_id=0xc400000e[m
[m[37m[  2.062687 0:25 axvm::runtime::hvc:258] [32mVM[1] PSCI_FEATURES function_id=0xc4000012[m
[m[VM 3] [32m[I/mm.memblock] physical memory region [0x0000000040000000-0x0000000040200000] installed to system page[0m
[VM 3] [32m[I/mm.memblock] physical memory region [0x0000000044536000-0x0000000080000000] installed to system page[0m
[VM 3] [32m[I/mm.memblock] 1003 MB memory installed to system page[0m
[VM 3] [32m[I/osi.psci] Using PSCI v1.1 Function IDs[0m
[VM 3] [32m[I/rtdm.ofw] Console: uart0 (<no-node>)[0m
[VM 3] 
[VM 3]  \ | /
[VM 3] - RT -     Thread Operating System
[VM 3]  / | \     5.2.2 build Aug 21 2026 01:27:22
[VM 3]  2006 - 2024 Copyright by RT-Thread team
[37m[  2.156543 0:25 axvm::runtime::hvc:272] [32mVM[1] PSCI_CPU_ON target=0x1 entry=0x805bf3e0 context=0x0[m
[m[37m[  2.157072 0:25 axvm::runtime::vcpus:395] [32mSpawning task for VM[1] VCpu[1][m
[VM 3] lwIP-2.1.2 initialized!
[m[37m[  2.157822 0:25 axvm::runtime::vcpus:412] [32mVCpu task Task(30, "VM[1]-VCpu[1]") created cpumask: [0, 1, 3, ][m
[m[37m[  2.158385 0:30 axvm::runtime::vcpus:466] [32mVM[1] VCpu[1] waiting for running[m
[m[37m[  2.158943 0:30 axvm::runtime::vcpus:544] [32mVM[1] VCpu[1] running...[m
[m[37m[  2.170202 0:25 axvisor::virtio_net:495] [33mvirtio-net drops an ingress frame: NotReady[m
[m[VM 3] [32m[I/sal.skt] Socket Abstraction Layer initialize success.[0m
[VM 3] [32m[I/rtdm.mnt] File system initialization done[0m
[VM 3] Axvisor RT-Thread guest ready
[VM 3] TASK3_RTOS_READY ip=192.168.77.30 port=9877
[VM 1] Booting Linux on physical CPU 0x0000000000 [0x410fd083]
[VM 1] Linux version 6.12.21 (yfblock@9950x) (aarch64-linux-gnu-gcc (Ubuntu 13.3.0-6ubuntu2~24.04.1) 13.3.0, GNU ld (GNU Binutils for Ubuntu) 2.42) #1 SMP PREEMPT Thu Aug 20 14:10:48 CST 2026
[VM 1] Machine model: linux,dummy-virt
[VM 1] efi: UEFI not found.
[VM 1] OF: reserved mem: Reserved memory: No reserved-memory node in the DT
[VM 1] Zone ranges:
[VM 1]   DMA      [mem 0x0000000080000000-0x000000009fffffff]
[VM 1]   DMA32    empty
[VM 1]   Normal   empty
[VM 1] Movable zone start for each node
[VM 1] Early memory node ranges
[VM 1]   node   0: [mem 0x0000000080000000-0x000000009fffffff]
[VM 1] Initmem setup node 0 [mem 0x0000000080000000-0x000000009fffffff]
[VM 1] psci: probing for conduit method from DT.
[VM 1] psci: PSCIv1.1 detected in firmware.
[VM 1] psci: Using standard PSCI v0.2 function IDs
[VM 1] psci: Trusted OS migration not required
[VM 1] psci: SMC Calling Convention v65535.65535
[VM 1] percpu: Embedded 14 pages/cpu s28248 r0 d29096 u57344
[VM 1] Detected PIPT I-cache on CPU0
[VM 1] CPU features: detected: GIC system register CPU interface
[VM 1] CPU features: detected: Spectre-v2
[VM 1] CPU features: detected: Spectre-v4
[VM 1] CPU features: detected: Spectre-BHB
[VM 1] CPU features: detected: ARM errata 1165522, 1319367, or 1530923
[VM 1] alternatives: applying boot alternatives
[VM 1] Kernel command line: console=ttyAMA0 task2.count=30000 task2.fault=none task3.frames=3 task3.fault=normal rtbench.net.count=100000
[VM 1] Dentry cache hash table entries: 65536 (order: 7, 524288 bytes, linear)
[VM 1] Inode-cache hash table entries: 32768 (order: 6, 262144 bytes, linear)
[VM 1] Built 1 zonelists, mobility grouping on.  Total pages: 131072
[VM 1] mem auto-init: stack:all(zero), heap alloc:off, heap free:off
[VM 1] software IO TLB: SWIOTLB bounce buffer size adjusted to 0MB
[VM 1] software IO TLB: area num 2.
[VM 1] software IO TLB: mapped [mem 0x000000009f580000-0x000000009f600000] (0MB)
[VM 1] SLUB: HWalign=64, Order=0-3, MinObjects=0, CPUs=2, Nodes=1
[VM 1] rcu: Preemptible hierarchical RCU implementation.
[VM 1] rcu: RCU calculated value of scheduler-enlistment delay is 10 jiffies.
[VM 1] NR_IRQS: 64, nr_irqs: 64, preallocated irqs: 0
[VM 1] GICv3: 256 SPIs implemented
[VM 1] GICv3: 0 Extended SPIs implemented
[VM 1] Root IRQ handler: gic_handle_irq
[VM 1] GICv3: GICv3 features: 16 PPIs, RSS
[VM 1] GICv3: GICD_CTRL.DS=0, SCR_EL3.FIQ=0
[VM 1] GICv3: CPU0: found redistributor 0 region 0:0x00000000080a0000
[VM 1] ITS [mem 0x08080000-0x0809ffff]
[VM 1] ITS@0x0000000008080000: allocated 8192 Devices @80c40000 (indirect, esz 8, psz 64K, shr 1)
[VM 1] ITS@0x0000000008080000: allocated 8192 Interrupt Collections @80c50000 (flat, esz 8, psz 64K, shr 1)
[VM 1] GICv3: using LPI property table @0x0000000080c60000
[VM 1] GICv3: CPU0: using allocated LPI pending table @0x0000000080c70000
[VM 1] rcu: srcu_init: Setting srcu_struct sizes based on contention.
[VM 1] arch_timer: cp15 timer(s) running at 62.50MHz (virt).
[VM 1] clocksource: arch_sys_counter: mask: 0x1ffffffffffffff max_cycles: 0x1cd42e208c, max_idle_ns: 881590405314 ns
[VM 1] sched_clock: 57 bits at 63MHz, resolution 16ns, wraps every 4398046511096ns
[VM 1] Console: colour dummy device 80x25
[VM 1] Calibrating delay loop (skipped), value calculated using timer frequency.. 125.00 BogoMIPS (lpj=625000)
[VM 1] pid_max: default: 32768 minimum: 301
[VM 1] Mount-cache hash table entries: 1024 (order: 1, 8192 bytes, linear)
[VM 1] Mountpoint-cache hash table entries: 1024 (order: 1, 8192 bytes, linear)
[VM 1] /cpus/cpu-map/socket0/cluster0/core2: Can't get CPU for leaf core
[VM 1] cacheinfo: Unable to detect cache hierarchy for CPU 0
[VM 1] rcu: Hierarchical SRCU implementation.
[VM 1] rcu: 	Max phase no-delay instances is 1000.
[VM 1] EFI services will not be available.
[VM 1] smp: Bringing up secondary CPUs ...
[VM 1] Detected PIPT I-cache on CPU1
[VM 1] GICv3: CPU1: found redistributor 1 region 0:0x00000000080c0000
[VM 1] GICv3: CPU1: using allocated LPI pending table @0x0000000080c80000
[VM 1] CPU1: Booted secondary processor 0x0000000001 [0x410fd083]
[VM 1] smp: Brought up 1 node, 2 CPUs
[VM 1] SMP: Total of 2 processors activated.
[VM 1] CPU: All CPU(s) started at EL1
[VM 1] CPU features: detected: 32-bit EL0 Support
[VM 1] CPU features: detected: CRC32 instructions
[VM 1] alternatives: applying system-wide alternatives
[VM 1] Memory: 497472K/524288K available (4864K kernel code, 700K rwdata, 936K rodata, 1152K init, 345K bss, 24608K reserved, 0K cma-reserved)
[VM 1] devtmpfs: initialized
[VM 1] clocksource: jiffies: mask: 0xffffffff max_cycles: 0xffffffff, max_idle_ns: 19112604462750000 ns
[VM 1] futex hash table entries: 512 (order: 3, 32768 bytes, linear)
[VM 1] DMI not present or invalid.
[VM 1] NET: Registered PF_NETLINK/PF_ROUTE protocol family
[VM 1] DMA: preallocated 128 KiB GFP_KERNEL pool for atomic allocations
[VM 1] DMA: preallocated 128 KiB GFP_KERNEL|GFP_DMA pool for atomic allocations
[VM 1] DMA: preallocated 128 KiB GFP_KERNEL|GFP_DMA32 pool for atomic allocations
[VM 1] ASID allocator initialised with 65536 entries
[VM 1] Serial: AMBA PL011 UART driver
[VM 1] 9000000.pl011: ttyAMA0 at MMIO 0x9000000 (irq = 13, base_baud = 0) is a PL011 rev1
[VM 1] printk: legacy console [ttyAMA0] enabled
[VM 1] iommu: Default domain type: Translated
[VM 1] iommu: DMA domain TLB invalidation policy: strict mode
[VM 1] pps_core: LinuxPPS API ver. 1 registered
[VM 1] pps_core: Software ver. 5.3.6 - Copyright 2005-2007 Rodolfo Giometti <giometti@linux.it>
[VM 1] PTP clock support registered
[VM 1] clocksource: Switched to clocksource arch_sys_counter
[VM 1] NET: Registered PF_INET protocol family
[VM 1] IP idents hash table entries: 8192 (order: 4, 65536 bytes, linear)
[VM 1] tcp_listen_portaddr_hash hash table entries: 256 (order: 0, 4096 bytes, linear)
[VM 1] Table-perturb hash table entries: 65536 (order: 6, 262144 bytes, linear)
[VM 1] TCP established hash table entries: 4096 (order: 3, 32768 bytes, linear)
[VM 1] TCP bind hash table entries: 4096 (order: 5, 131072 bytes, linear)
[VM 1] TCP: Hash tables configured (established 4096 bind 4096)
[VM 1] UDP hash table entries: 256 (order: 1, 8192 bytes, linear)
[VM 1] UDP-Lite hash table entries: 256 (order: 1, 8192 bytes, linear)
[VM 1] NET: Registered PF_UNIX/PF_LOCAL protocol family
[VM 1] Unpacking initramfs...
[VM 1] workingset: timestamp_bits=62 max_order=17 bucket_order=0
[VM 1] io scheduler mq-deadline registered
[VM 1] io scheduler kyber registered
[VM 1] SMCCC: SOC_ID: ARCH_SOC_ID not implemented, skipping ....
[VM 1] NET: Registered PF_INET6 protocol family
[VM 1] Segment Routing with IPv6
[VM 1] In-situ OAM (IOAM) with IPv6
[VM 1] sit: IPv6, IPv4 and MPLS over IPv4 tunneling driver
[VM 1] NET: Registered PF_PACKET protocol family
[VM 1] Freeing initrd memory: 5692K
[VM 1] clk: Disabling unused clocks
[VM 1] Freeing unused kernel memory: 1152K
[VM 1] Run /init as init process
[VM 1] LINUX_SMP_READY configured=2 online=0-1 nproc=2
[VM 3] msh />[32m[I/rtipic.srv] server starting on 192.168.77.30:9876[0m
[VM 3] RTIPC_SERVER_READY ip=192.168.77.30 port=9876
[VM 3] [32m[I/rtipic.srv] listening...[0m

[Axvisor] attached VM[3] console; use Ctrl+X, then h to return to the shell

[Axvisor] attached VM[1] console; use Ctrl+X, then h to return to the shell
TASK123_LINUX_NET_READY ip=192.168.77.11 peer=192.168.77.30
TASK3_LINUX_NET_PROBE_READY count=100000
TASK2_LINUX_BEGIN port=9876
=== RT-IPC Benchmark Client ===
RTBENCH_NET_PROBE_READY listen=9879 count=100000
Target: 192.168.77.30:9876, count=30000 per size

[client] fault profile: none
random: crng init done
[client] connecting...
[client] connected!

--- Payload 64B ---
[progress] size=64 idx=1938 sent=1939 recv=1938 state=3 tx=1939 rx=1938 retrans=0 timeouts=0 dup=0 reorder=0 errors=0 acks=1939 stall=2ms
[progress] size=64 idx=3855 sent=3856 recv=3855 state=3 tx=3856 rx=3855 retrans=0 timeouts=0 dup=0 reorder=0 errors=0 acks=3856 stall=2ms
[progress] size=64 idx=5803 sent=5804 recv=5803 state=3 tx=5804 rx=5803 retrans=0 timeouts=0 dup=0 reorder=0 errors=0 acks=5804 stall=1ms
[progress] size=64 idx=7746 sent=7747 recv=7746 state=3 tx=7747 rx=7746 retrans=0 timeouts=0 dup=0 reorder=0 errors=0 acks=7747 stall=2ms
[progress] size=64 idx=9679 sent=9680 recv=9679 state=3 tx=9680 rx=9679 retrans=0 timeouts=0 dup=0 reorder=0 errors=0 acks=9680 stall=2ms
[progress] size=64 idx=11631 sent=11632 recv=11631 state=3 tx=11632 rx=11631 retrans=0 timeouts=0 dup=0 reorder=0 errors=0 acks=11632 stall=2ms
[progress] size=64 idx=13554 sent=13555 recv=13554 state=3 tx=13555 rx=13554 retrans=0 timeouts=0 dup=0 reorder=0 errors=0 acks=13555 stall=2ms
[client] fault injection: force disconnect at request=15000
[client] reconnect complete recovery_ms=202 attempts=1
[progress] size=64 idx=15395 sent=15396 recv=15396 state=3 tx=15396 rx=15396 retrans=0 timeouts=0 dup=0 reorder=0 errors=0 acks=15396 stall=0ms
[progress] size=64 idx=17335 sent=17336 recv=17336 state=3 tx=17336 rx=17336 retrans=0 timeouts=0 dup=0 reorder=0 errors=0 acks=17336 stall=0ms
[progress] size=64 idx=19279 sent=19280 recv=19279 state=3 tx=19280 rx=19279 retrans=0 timeouts=0 dup=0 reorder=0 errors=0 acks=19280 stall=2ms
[progress] size=64 idx=21224 sent=21225 recv=21225 state=3 tx=21225 rx=21225 retrans=0 timeouts=0 dup=0 reorder=0 errors=0 acks=21225 stall=0ms
[progress] size=64 idx=23170 sent=23171 recv=23170 state=3 tx=23171 rx=23170 retrans=0 timeouts=0 dup=0 reorder=0 errors=0 acks=23170 stall=2ms
[progress] size=64 idx=25114 sent=25115 recv=25114 state=3 tx=25115 rx=25114 retrans=0 timeouts=0 dup=0 reorder=0 errors=0 acks=25114 stall=2ms
[progress] size=64 idx=27043 sent=27044 recv=27043 state=3 tx=27044 rx=27043 retrans=0 timeouts=0 dup=0 reorder=0 errors=0 acks=27043 stall=3ms
[progress] size=64 idx=28966 sent=28967 recv=28966 state=3 tx=28967 rx=28966 retrans=0 timeouts=0 dup=0 reorder=0 errors=0 acks=28967 stall=2ms
  sent=30000  recv=30000  loss=0%
  RTT: min=0ms avg=2ms max=47ms P50=2ms P95=3ms P99=4ms P99.9=12ms
  throughput=24.12KiB/s
  request_timeouts=0 protocol_errors=0 reconnects=1
  transport: retrans=0 timeouts=0 dup=0 reorder=0 errors=0

--- Payload 256B ---
[progress] size=256 idx=1875 sent=1876 recv=1875 state=3 tx=31876 rx=31875 retrans=0 timeouts=0 dup=0 reorder=0 errors=0 acks=31876 stall=1ms
[progress] size=256 idx=3804 sent=3805 recv=3804 state=3 tx=33805 rx=33804 retrans=0 timeouts=0 dup=0 reorder=0 errors=0 acks=33805 stall=2ms
[progress] size=256 idx=5722 sent=5723 recv=5722 state=3 tx=35723 rx=35722 retrans=0 timeouts=0 dup=0 reorder=0 errors=0 acks=35723 stall=2ms
[progress] size=256 idx=7670 sent=7671 recv=7671 state=3 tx=37671 rx=37671 retrans=0 timeouts=0 dup=0 reorder=0 errors=0 acks=37671 stall=0ms
[progress] size=256 idx=9574 sent=9575 recv=9574 state=3 tx=39575 rx=39574 retrans=0 timeouts=0 dup=0 reorder=0 errors=0 acks=39575 stall=2ms
[progress] size=256 idx=11501 sent=11502 recv=11502 state=3 tx=41502 rx=41502 retrans=0 timeouts=0 dup=0 reorder=0 errors=0 acks=41502 stall=0ms
[progress] size=256 idx=13458 sent=13459 recv=13458 state=3 tx=43459 rx=43458 retrans=0 timeouts=0 dup=0 reorder=0 errors=0 acks=43459 stall=2ms
[progress] size=256 idx=15411 sent=15412 recv=15411 state=3 tx=45412 rx=45411 retrans=0 timeouts=0 dup=0 reorder=0 errors=0 acks=45412 stall=2ms
[progress] size=256 idx=17363 sent=17364 recv=17364 state=3 tx=47364 rx=47364 retrans=0 timeouts=0 dup=0 reorder=0 errors=0 acks=47364 stall=0ms
[progress] size=256 idx=19299 sent=19300 recv=19299 state=3 tx=49300 rx=49299 retrans=0 timeouts=0 dup=0 reorder=0 errors=0 acks=49300 stall=2ms
[progress] size=256 idx=21260 sent=21261 recv=21261 state=3 tx=51261 rx=51261 retrans=0 timeouts=0 dup=0 reorder=0 errors=0 acks=51261 stall=0ms
[progress] size=256 idx=23218 sent=23219 recv=23219 state=3 tx=53219 rx=53219 retrans=0 timeouts=0 dup=0 reorder=0 errors=0 acks=53219 stall=0ms
[progress] size=256 idx=25165 sent=25166 recv=25165 state=3 tx=55166 rx=55165 retrans=0 timeouts=0 dup=0 reorder=0 errors=0 acks=55166 stall=2ms
[progress] size=256 idx=27112 sent=27113 recv=27113 state=3 tx=57113 rx=57113 retrans=0 timeouts=0 dup=0 reorder=0 errors=0 acks=57113 stall=0ms
[progress] size=256 idx=29068 sent=29069 recv=29069 state=3 tx=59069 rx=59069 retrans=0 timeouts=0 dup=0 reorder=0 errors=0 acks=59069 stall=0ms
  sent=30000  recv=30000  loss=0%
  RTT: min=0ms avg=2ms max=45ms P50=2ms P95=3ms P99=4ms P99.9=12ms
  throughput=96.86KiB/s
  request_timeouts=0 protocol_errors=0 reconnects=0
  transport: retrans=0 timeouts=0 dup=0 reorder=0 errors=0

--- Payload 1024B ---
[progress] size=1024 idx=1938 sent=1939 recv=1939 state=3 tx=61939 rx=61939 retrans=0 timeouts=0 dup=0 reorder=0 errors=0 acks=61939 stall=0ms
[progress] size=1024 idx=3833 sent=3834 recv=3833 state=3 tx=63834 rx=63833 retrans=0 timeouts=0 dup=0 reorder=0 errors=0 acks=63834 stall=2ms
[progress] size=1024 idx=5732 sent=5733 recv=5732 state=3 tx=65733 rx=65732 retrans=0 timeouts=0 dup=0 reorder=0 errors=0 acks=65733 stall=12ms
[progress] size=1024 idx=7639 sent=7640 recv=7639 state=3 tx=67640 rx=67639 retrans=0 timeouts=0 dup=0 reorder=0 errors=0 acks=67640 stall=3ms
[progress] size=1024 idx=9540 sent=9541 recv=9540 state=3 tx=69541 rx=69540 retrans=0 timeouts=0 dup=0 reorder=0 errors=0 acks=69541 stall=2ms
[progress] size=1024 idx=11462 sent=11463 recv=11462 state=3 tx=71463 rx=71462 retrans=0 timeouts=0 dup=0 reorder=0 errors=0 acks=71463 stall=2ms
[progress] size=1024 idx=13392 sent=13393 recv=13392 state=3 tx=73393 rx=73392 retrans=0 timeouts=0 dup=0 reorder=0 errors=0 acks=73393 stall=2ms
[progress] size=1024 idx=15287 sent=15288 recv=15288 state=3 tx=75288 rx=75288 retrans=0 timeouts=0 dup=0 reorder=0 errors=0 acks=75288 stall=0ms
[progress] size=1024 idx=17267 sent=17268 recv=17268 state=3 tx=77268 rx=77268 retrans=0 timeouts=0 dup=0 reorder=0 errors=0 acks=77268 stall=0ms
[progress] size=1024 idx=19179 sent=19180 recv=19179 state=3 tx=79180 rx=79179 retrans=0 timeouts=0 dup=0 reorder=0 errors=0 acks=79180 stall=2ms
[progress] size=1024 idx=21105 sent=21106 recv=21106 state=3 tx=81106 rx=81106 retrans=0 timeouts=0 dup=0 reorder=0 errors=0 acks=81106 stall=0ms
[progress] size=1024 idx=23033 sent=23034 recv=23034 state=3 tx=83034 rx=83034 retrans=0 timeouts=0 dup=0 reorder=0 errors=0 acks=83034 stall=0ms
[progress] size=1024 idx=24943 sent=24944 recv=24943 state=3 tx=84944 rx=84943 retrans=0 timeouts=0 dup=0 reorder=0 errors=0 acks=84944 stall=1ms
[progress] size=1024 idx=26872 sent=26873 recv=26873 state=3 tx=86873 rx=86873 retrans=0 timeouts=0 dup=0 reorder=0 errors=0 acks=86873 stall=0ms
[progress] size=1024 idx=28801 sent=28802 recv=28802 state=3 tx=88802 rx=88802 retrans=0 timeouts=0 dup=0 reorder=0 errors=0 acks=88802 stall=0ms
  sent=30000  recv=30000  loss=0%
  RTT: min=0ms avg=2ms max=50ms P50=2ms P95=3ms P99=4ms P99.9=12ms
  throughput=383.56KiB/s
  request_timeouts=0 protocol_errors=0 reconnects=0
  transport: retrans=0 timeouts=0 dup=0 reorder=0 errors=0

========================================
ALL TESTS COMPLETE
========================================
RT-IPC client exited with rc=0
TASK2_LINUX_END status=PASS
TASK3_LINUX_READY ip=192.168.77.11 peer=192.168.77.30:9877
TASK3_FRAME_CSV=FIXED,0,0,2,2,21649,912,0,0,0,0,149,4177,0,0,0
TASK3_FRAME_CSV=FIXED,1,1461,2,2,16624,412,0,0,0,0,104,3857,0,0,0
TASK3_FRAME_CSV=FIXED,2,2900,2,2,32767,413,0,0,0,0,93,2670,0,0,0
TASK3_FRAME_CSV=AI,0,0,2,2,21649,419,0,0,0,0,111,8669,0,0,0
TASK3_FRAME_CSV=AI,1,1461,2,2,16624,421,0,0,0,0,89,2427,0,0,0
TASK3_FRAME_CSV=AI,2,2900,2,2,32767,412,0,0,0,0,90,2810,0,0,0
TASK3_SUMMARY_JSON={"schema":1,"frames_per_mode":3,"records":6,"elapsed_us":451276,"requests":6,"successes":6,"success_rate":1.000000,"application_errors":0,"application_timeouts":0,"transport_retries":0,"duplicates":0,"recovered":0,"reconnects":0,"injected_drops":0,"classification":{"correct":3,"total":3,"accuracy":1.000000,"confusion_matrix":[[0,0,0],[0,3,0],[0,0,0]]},"inference_us":{"min":412,"mean":498,"p50":413,"p95":912,"p99":912,"max":912},"round_trip_us":{"min":2427,"mean":4101,"p50":2810,"p95":8669,"p99":8669,"max":8669},"tracking_error_q15":{"fixed":{"min":0,"mean":1453,"p50":1461,"p95":2900,"p99":2900,"max":2900},"ai":{"min":0,"mean":1453,"p50":1461,"p95":2900,"p99":2900,"max":2900}},"settling":{"fixed":{"direction_changes":0,"successes":0,"mean_frames":0,"max_frames":0},"ai":{"direction_changes":0,"successes":0,"mean_frames":0,"max_frames":0}},"effective_payload_bytes_per_second":319}
TASK3_LINUX_END status=PASS
TASK123_LINUX_END status=PASS

[Axvisor] attached VM[3] console; use Ctrl+X, then h to return to the shell
benchmark 100000
msh />RTBENCH_BEGIN samples=100000 frequency=62500000
[32m[I/rtipic.srv] client connected[0m
[32m[I/rtipic.srv] client connected[0m
[33m[W/rtipic.srv] client disconnected[0m
RTBENCH metric=timer_jitter run=1 expected=100000 collected=100000 missing=0 p50_ns=99424 p95_ns=403920 p99_ns=441824 p99_9_ns=548576 max_ns=905040 miss_100us=49920 miss_500us=149 miss_1ms=0 mean_ns=144843
RTBENCH metric=callback_exec run=1 expected=100000 collected=100000 missing=0 p50_ns=528 p95_ns=816 p99_ns=4448 p99_9_ns=7120 max_ns=172128 miss_100us=33 miss_500us=0 miss_1ms=0 mean_ns=698
RTBENCH metric=timer_jitter run=2 expected=100000 collected=100000 missing=0 p50_ns=123504 p95_ns=411296 p99_ns=445136 p99_9_ns=489440 max_ns=875840 miss_100us=53437 miss_500us=85 miss_1ms=0 mean_ns=155760
RTBENCH metric=callback_exec run=2 expected=100000 collected=100000 missing=0 p50_ns=528 p95_ns=736 p99_ns=1920 p99_9_ns=5792 max_ns=173072 miss_100us=43 miss_500us=0 miss_1ms=0 mean_ns=641
[33m[W/rtipic.srv] client disconnected[0m
TASK3_RTOS_FINAL requests=9 errors=0 duplicates=0 applied_steps=3 retries=0
RTBENCH metric=timer_jitter run=3 expected=100000 collected=100000 missing=0 p50_ns=5280 p95_ns=359472 p99_ns=426304 p99_9_ns=471008 max_ns=607392 miss_100us=20220 miss_500us=29 miss_1ms=0 mean_ns=62472
RTBENCH metric=callback_exec run=3 expected=100000 collected=100000 missing=0 p50_ns=464 p95_ns=592 p99_ns=768 p99_9_ns=3616 max_ns=165200 miss_100us=18 miss_500us=0 miss_1ms=0 mean_ns=514
RTBENCH metric=preemption run=1 expected=100000 collected=100000 missing=0 p50_ns=5104 p95_ns=5360 p99_ns=5648 p99_9_ns=7872 max_ns=139840 miss_100us=13 miss_500us=0 miss_1ms=0 mean_ns=5121
RTBENCH metric=irq run=1 expected=100000 collected=100000 missing=0 p50_ns=75696 p95_ns=78976 p99_ns=84064 p99_9_ns=113088 max_ns=294528 miss_100us=283 miss_500us=0 miss_1ms=0 mean_ns=76082
RTBENCH metric=irq_to_task run=1 expected=100000 collected=100000 missing=0 p50_ns=79920 p95_ns=281152 p99_ns=289088 p99_9_ns=421424 max_ns=781776 miss_100us=9789 miss_500us=83 miss_1ms=0 mean_ns=99203
RTBENCH metric=irq_disabled_duration run=1 expected=100000 collected=100000 missing=0 p50_ns=224 p95_ns=256 p99_ns=368 p99_9_ns=1776 max_ns=212240 miss_100us=5 miss_500us=0 miss_1ms=0 mean_ns=248
RTBENCH metric=mutex_inversion run=1 expected=100000 collected=100000 missing=0 p50_ns=9264 p95_ns=13216 p99_ns=22752 p99_9_ns=242912 max_ns=1035504 miss_100us=872 miss_500us=6 miss_1ms=2 mean_ns=8740
RTBENCH metric=wake_under_load run=1 expected=100000 collected=100000 missing=0 p50_ns=1632 p95_ns=1984 p99_ns=3232 p99_9_ns=215312 max_ns=429984 miss_100us=206 miss_500us=0 miss_1ms=0 mean_ns=2130
RTBENCH_NET_READY port=9878 expected=100000
[37m[1000.262257 0:25 axvm::runtime::hvc:352] [33mVM[1] PSCI_SYSTEM_OFF[m
[m[37m[1000.262414 0:25 axvm::vm:1223] [32mStopping VM[1]: SystemDown[m
[m[37m[1000.262762 0:25 axvm::runtime::vcpus:629] [33mVM[1] VCpu[0] stopping because of VM stopping[m
[m[37m[1000.262872 0:25 axvm::runtime::vcpus:667] [32mVM[1] VCpu[0] exiting...[m
[m[37m[1000.263252 0:30 axvm::runtime::vcpus:629] [33mVM[1] VCpu[1] stopping because of VM stopping[m
[m[37m[1000.263357 0:30 axvm::runtime::vcpus:636] [32mVM[1] VCpu[1] last VCpu exiting, decreasing running VM count[m
[m[37m[1000.264039 0:30 axvm::runtime::vcpus:646] [32mVM[1] state changed to Stopped[m
[m[37m[1000.264149 0:30 axvm::runtime::vcpus:667] [32mVM[1] VCpu[1] exiting...[m
[mRTBENCH metric=net_event_latency run=1 expected=100000 collected=100000 missing=0 p50_ns=809232 p95_ns=919360 p99_ns=939536 p99_9_ns=1030368 max_ns=1786752 miss_100us=100000 miss_500us=95032 miss_1ms=155 mean_ns=777237
RTBENCH_NET_DIAGNOSTIC irq_dropped=0 irq_coalesced=96140 probe_received=199999 probe_acked=199999 probe_no_irq=0 probe_duplicates=99999 trigger_attempts=1 trigger_socket_failures=0 trigger_send_failures=0
RTBENCH_END status=PASS
qemu-system-aarch64: terminating on signal 15 from pid 2120267 (bash)
