{
  "schema": 1,
  "metrics": [
    "timer_jitter",
    "callback_exec",
    "preemption",
    "irq",
    "irq_to_task",
    "irq_disabled_duration",
    "mutex_inversion",
    "wake_under_load",
    "net_event_latency"
  ],
  "core_metrics": [
    "timer_jitter",
    "callback_exec",
    "preemption",
    "irq",
    "irq_to_task",
    "irq_disabled_duration",
    "mutex_inversion",
    "wake_under_load"
  ],
  "comparison": {
    "timer_jitter": {
      "A_native": {
        "expected": 100000,
        "collected": 100000,
        "missing": 0,
        "p50_ns": 576,
        "p95_ns": 4528,
        "p99_ns": 12240,
        "p99_9_ns": 38096,
        "max_ns": 242096,
        "miss_100us": 4,
        "miss_500us": 0,
        "miss_1ms": 0,
        "mean_ns": 1302
      },
      "B_axvisor_rtthread": {
        "expected": 100000,
        "collected": 100000,
        "missing": 0,
        "p50_ns": 3184,
        "p95_ns": 15536,
        "p99_ns": 26576,
        "p99_9_ns": 150864,
        "max_ns": 585232,
        "miss_100us": 245,
        "miss_500us": 2,
        "miss_1ms": 0,
        "mean_ns": 5257
      },
      "C_axvisor_linux_rtthread": {
        "expected": 100000,
        "collected": 100000,
        "missing": 0,
        "p50_ns": 99424,
        "p95_ns": 403920,
        "p99_ns": 441824,
        "p99_9_ns": 548576,
        "max_ns": 905040,
        "miss_100us": 49920,
        "miss_500us": 149,
        "miss_1ms": 0,
        "mean_ns": 144843
      },
      "B_over_A": {
        "p50_ns": 5.527777777777778,
        "p95_ns": 3.431095406360424,
        "p99_ns": 2.1712418300653593,
        "p99_9_ns": 3.9601007979840404,
        "max_ns": 2.4173550988037804,
        "mean_ns": 4.037634408602151,
        "miss_100us": 61.25,
        "miss_500us": null,
        "miss_1ms": null
      },
      "C_over_B": {
        "p50_ns": 31.22613065326633,
        "p95_ns": 25.998970133882594,
        "p99_ns": 16.62492474413004,
        "p99_9_ns": 3.6362286562732,
        "max_ns": 1.5464636246821772,
        "mean_ns": 27.552406315389007,
        "miss_100us": 203.75510204081633,
        "miss_500us": 74.5,
        "miss_1ms": null
      }
    },
    "callback_exec": {
      "A_native": {
        "expected": 100000,
        "collected": 100000,
        "missing": 0,
        "p50_ns": 112,
        "p95_ns": 192,
        "p99_ns": 448,
        "p99_9_ns": 9392,
        "max_ns": 36976,
        "miss_100us": 0,
        "miss_500us": 0,
        "miss_1ms": 0,
        "mean_ns": 150
      },
      "B_axvisor_rtthread": {
        "expected": 100000,
        "collected": 100000,
        "missing": 0,
        "p50_ns": 432,
        "p95_ns": 496,
        "p99_ns": 608,
        "p99_9_ns": 2272,
        "max_ns": 149904,
        "miss_100us": 3,
        "miss_500us": 0,
        "miss_1ms": 0,
        "mean_ns": 440
      },
      "C_axvisor_linux_rtthread": {
        "expected": 100000,
        "collected": 100000,
        "missing": 0,
        "p50_ns": 528,
        "p95_ns": 736,
        "p99_ns": 1920,
        "p99_9_ns": 5792,
        "max_ns": 173072,
        "miss_100us": 43,
        "miss_500us": 0,
        "miss_1ms": 0,
        "mean_ns": 641
      },
      "B_over_A": {
        "p50_ns": 3.857142857142857,
        "p95_ns": 2.5833333333333335,
        "p99_ns": 1.3571428571428572,
        "p99_9_ns": 0.24190800681431004,
        "max_ns": 4.054089138900909,
        "mean_ns": 2.933333333333333,
        "miss_100us": null,
        "miss_500us": null,
        "miss_1ms": null
      },
      "C_over_B": {
        "p50_ns": 1.2222222222222223,
        "p95_ns": 1.4838709677419355,
        "p99_ns": 3.1578947368421053,
        "p99_9_ns": 2.5492957746478875,
        "max_ns": 1.154552246771267,
        "mean_ns": 1.4568181818181818,
        "miss_100us": 14.333333333333334,
        "miss_500us": null,
        "miss_1ms": null
      }
    },
    "preemption": {
      "A_native": {
        "expected": 100000,
        "collected": 100000,
        "missing": 0,
        "p50_ns": 1872,
        "p95_ns": 4352,
        "p99_ns": 8240,
        "p99_9_ns": 11392,
        "max_ns": 16640,
        "miss_100us": 0,
        "miss_500us": 0,
        "miss_1ms": 0,
        "mean_ns": 2152
      },
      "B_axvisor_rtthread": {
        "expected": 100000,
        "collected": 100000,
        "missing": 0,
        "p50_ns": 4864,
        "p95_ns": 5056,
        "p99_ns": 5280,
        "p99_9_ns": 7456,
        "max_ns": 147152,
        "miss_100us": 12,
        "miss_500us": 0,
        "miss_1ms": 0,
        "mean_ns": 4730
      },
      "C_axvisor_linux_rtthread": {
        "expected": 100000,
        "collected": 100000,
        "missing": 0,
        "p50_ns": 5104,
        "p95_ns": 5360,
        "p99_ns": 5648,
        "p99_9_ns": 7872,
        "max_ns": 139840,
        "miss_100us": 13,
        "miss_500us": 0,
        "miss_1ms": 0,
        "mean_ns": 5121
      },
      "B_over_A": {
        "p50_ns": 2.5982905982905984,
        "p95_ns": 1.161764705882353,
        "p99_ns": 0.6407766990291263,
        "p99_9_ns": 0.6544943820224719,
        "max_ns": 8.84326923076923,
        "mean_ns": 2.1979553903345725,
        "miss_100us": null,
        "miss_500us": null,
        "miss_1ms": null
      },
      "C_over_B": {
        "p50_ns": 1.049342105263158,
        "p95_ns": 1.0601265822784811,
        "p99_ns": 1.0696969696969696,
        "p99_9_ns": 1.055793991416309,
        "max_ns": 0.9503098836577145,
        "mean_ns": 1.082663847780127,
        "miss_100us": 1.0833333333333333,
        "miss_500us": null,
        "miss_1ms": null
      }
    },
    "irq": {
      "A_native": {
        "expected": 100000,
        "collected": 100000,
        "missing": 0,
        "p50_ns": 1648,
        "p95_ns": 2016,
        "p99_ns": 6144,
        "p99_9_ns": 11392,
        "max_ns": 49552,
        "miss_100us": 0,
        "miss_500us": 0,
        "miss_1ms": 0,
        "mean_ns": 1809
      },
      "B_axvisor_rtthread": {
        "expected": 100000,
        "collected": 100000,
        "missing": 0,
        "p50_ns": 77472,
        "p95_ns": 81392,
        "p99_ns": 83136,
        "p99_9_ns": 116944,
        "max_ns": 276176,
        "miss_100us": 252,
        "miss_500us": 0,
        "miss_1ms": 0,
        "mean_ns": 78011
      },
      "C_axvisor_linux_rtthread": {
        "expected": 100000,
        "collected": 100000,
        "missing": 0,
        "p50_ns": 75696,
        "p95_ns": 78976,
        "p99_ns": 84064,
        "p99_9_ns": 113088,
        "max_ns": 294528,
        "miss_100us": 283,
        "miss_500us": 0,
        "miss_1ms": 0,
        "mean_ns": 76082
      },
      "B_over_A": {
        "p50_ns": 47.00970873786408,
        "p95_ns": 40.37301587301587,
        "p99_ns": 13.53125,
        "p99_9_ns": 10.265449438202246,
        "max_ns": 5.573458185340653,
        "mean_ns": 43.12382531785517,
        "miss_100us": null,
        "miss_500us": null,
        "miss_1ms": null
      },
      "C_over_B": {
        "p50_ns": 0.9770755885997522,
        "p95_ns": 0.9703164930214272,
        "p99_ns": 1.0111624326404927,
        "p99_9_ns": 0.9670269530715556,
        "max_ns": 1.0664503794681652,
        "mean_ns": 0.9752727179500327,
        "miss_100us": 1.123015873015873,
        "miss_500us": null,
        "miss_1ms": null
      }
    },
    "irq_to_task": {
      "A_native": {
        "expected": 100000,
        "collected": 100000,
        "missing": 0,
        "p50_ns": 2304,
        "p95_ns": 2336,
        "p99_ns": 2704,
        "p99_9_ns": 7088,
        "max_ns": 33840,
        "miss_100us": 0,
        "miss_500us": 0,
        "miss_1ms": 0,
        "mean_ns": 2330
      },
      "B_axvisor_rtthread": {
        "expected": 100000,
        "collected": 100000,
        "missing": 0,
        "p50_ns": 79872,
        "p95_ns": 286608,
        "p99_ns": 305744,
        "p99_9_ns": 332752,
        "max_ns": 883840,
        "miss_100us": 9553,
        "miss_500us": 21,
        "miss_1ms": 0,
        "mean_ns": 100602
      },
      "C_axvisor_linux_rtthread": {
        "expected": 100000,
        "collected": 100000,
        "missing": 0,
        "p50_ns": 79920,
        "p95_ns": 281152,
        "p99_ns": 289088,
        "p99_9_ns": 421424,
        "max_ns": 781776,
        "miss_100us": 9789,
        "miss_500us": 83,
        "miss_1ms": 0,
        "mean_ns": 99203
      },
      "B_over_A": {
        "p50_ns": 34.666666666666664,
        "p95_ns": 122.6917808219178,
        "p99_ns": 113.07100591715977,
        "p99_9_ns": 46.94582392776524,
        "max_ns": 26.11820330969267,
        "mean_ns": 43.176824034334764,
        "miss_100us": null,
        "miss_500us": null,
        "miss_1ms": null
      },
      "C_over_B": {
        "p50_ns": 1.0006009615384615,
        "p95_ns": 0.9809635460280244,
        "p99_ns": 0.9455230519650426,
        "p99_9_ns": 1.2664807424147713,
        "max_ns": 0.8845220854453295,
        "mean_ns": 0.9860937158306992,
        "miss_100us": 1.0247042813775777,
        "miss_500us": 3.9523809523809526,
        "miss_1ms": null
      }
    },
    "irq_disabled_duration": {
      "A_native": {
        "expected": 100000,
        "collected": 100000,
        "missing": 0,
        "p50_ns": 224,
        "p95_ns": 240,
        "p99_ns": 240,
        "p99_9_ns": 400,
        "max_ns": 20112,
        "miss_100us": 0,
        "miss_500us": 0,
        "miss_1ms": 0,
        "mean_ns": 224
      },
      "B_axvisor_rtthread": {
        "expected": 100000,
        "collected": 100000,
        "missing": 0,
        "p50_ns": 240,
        "p95_ns": 256,
        "p99_ns": 320,
        "p99_9_ns": 1360,
        "max_ns": 234320,
        "miss_100us": 8,
        "miss_500us": 0,
        "miss_1ms": 0,
        "mean_ns": 255
      },
      "C_axvisor_linux_rtthread": {
        "expected": 100000,
        "collected": 100000,
        "missing": 0,
        "p50_ns": 224,
        "p95_ns": 256,
        "p99_ns": 368,
        "p99_9_ns": 1776,
        "max_ns": 212240,
        "miss_100us": 5,
        "miss_500us": 0,
        "miss_1ms": 0,
        "mean_ns": 248
      },
      "B_over_A": {
        "p50_ns": 1.0714285714285714,
        "p95_ns": 1.0666666666666667,
        "p99_ns": 1.3333333333333333,
        "p99_9_ns": 3.4,
        "max_ns": 11.650755767700876,
        "mean_ns": 1.1383928571428572,
        "miss_100us": null,
        "miss_500us": null,
        "miss_1ms": null
      },
      "C_over_B": {
        "p50_ns": 0.9333333333333333,
        "p95_ns": 1.0,
        "p99_ns": 1.15,
        "p99_9_ns": 1.3058823529411765,
        "max_ns": 0.9057698873335609,
        "mean_ns": 0.9725490196078431,
        "miss_100us": 0.625,
        "miss_500us": null,
        "miss_1ms": null
      }
    },
    "mutex_inversion": {
      "A_native": {
        "expected": 100000,
        "collected": 100000,
        "missing": 0,
        "p50_ns": 5328,
        "p95_ns": 10512,
        "p99_ns": 11760,
        "p99_9_ns": 18384,
        "max_ns": 51040,
        "miss_100us": 0,
        "miss_500us": 0,
        "miss_1ms": 0,
        "mean_ns": 5517
      },
      "B_axvisor_rtthread": {
        "expected": 100000,
        "collected": 100000,
        "missing": 0,
        "p50_ns": 10912,
        "p95_ns": 12400,
        "p99_ns": 18384,
        "p99_9_ns": 247152,
        "max_ns": 394320,
        "miss_100us": 806,
        "miss_500us": 0,
        "miss_1ms": 0,
        "mean_ns": 8257
      },
      "C_axvisor_linux_rtthread": {
        "expected": 100000,
        "collected": 100000,
        "missing": 0,
        "p50_ns": 9264,
        "p95_ns": 13216,
        "p99_ns": 22752,
        "p99_9_ns": 242912,
        "max_ns": 1035504,
        "miss_100us": 872,
        "miss_500us": 6,
        "miss_1ms": 2,
        "mean_ns": 8740
      },
      "B_over_A": {
        "p50_ns": 2.048048048048048,
        "p95_ns": 1.1796042617960427,
        "p99_ns": 1.563265306122449,
        "p99_9_ns": 13.443864229765014,
        "max_ns": 7.725705329153605,
        "mean_ns": 1.496646728294363,
        "miss_100us": null,
        "miss_500us": null,
        "miss_1ms": null
      },
      "C_over_B": {
        "p50_ns": 0.8489736070381232,
        "p95_ns": 1.0658064516129033,
        "p99_ns": 1.237597911227154,
        "p99_9_ns": 0.9828445652877581,
        "max_ns": 2.626049908703591,
        "mean_ns": 1.0584958217270195,
        "miss_100us": 1.0818858560794045,
        "miss_500us": null,
        "miss_1ms": null
      }
    },
    "wake_under_load": {
      "A_native": {
        "expected": 100000,
        "collected": 100000,
        "missing": 0,
        "p50_ns": 1328,
        "p95_ns": 1360,
        "p99_ns": 1392,
        "p99_9_ns": 5392,
        "max_ns": 41152,
        "miss_100us": 0,
        "miss_500us": 0,
        "miss_1ms": 0,
        "mean_ns": 1341
      },
      "B_axvisor_rtthread": {
        "expected": 100000,
        "collected": 100000,
        "missing": 0,
        "p50_ns": 1520,
        "p95_ns": 1792,
        "p99_ns": 3088,
        "p99_9_ns": 217792,
        "max_ns": 251536,
        "miss_100us": 193,
        "miss_500us": 0,
        "miss_1ms": 0,
        "mean_ns": 1978
      },
      "C_axvisor_linux_rtthread": {
        "expected": 100000,
        "collected": 100000,
        "missing": 0,
        "p50_ns": 1632,
        "p95_ns": 1984,
        "p99_ns": 3232,
        "p99_9_ns": 215312,
        "max_ns": 429984,
        "miss_100us": 206,
        "miss_500us": 0,
        "miss_1ms": 0,
        "mean_ns": 2130
      },
      "B_over_A": {
        "p50_ns": 1.144578313253012,
        "p95_ns": 1.3176470588235294,
        "p99_ns": 2.218390804597701,
        "p99_9_ns": 40.39169139465876,
        "max_ns": 6.112363919129082,
        "mean_ns": 1.4750186428038776,
        "miss_100us": null,
        "miss_500us": null,
        "miss_1ms": null
      },
      "C_over_B": {
        "p50_ns": 1.0736842105263158,
        "p95_ns": 1.1071428571428572,
        "p99_ns": 1.0466321243523315,
        "p99_9_ns": 0.988612988539524,
        "max_ns": 1.709433242160168,
        "mean_ns": 1.076845298281092,
        "miss_100us": 1.067357512953368,
        "miss_500us": null,
        "miss_1ms": null
      }
    }
  },
  "assessment": {
    "A_native": {
      "data_complete": true,
      "strict_tail_pass": true,
      "tail_degradation": 242096
    },
    "B_axvisor_rtthread": {
      "data_complete": true,
      "strict_tail_pass": true,
      "tail_degradation": 883840
    },
    "C_axvisor_linux_rtthread": {
      "data_complete": true,
      "strict_tail_pass": false,
      "tail_degradation": 1786752
    }
  },
  "network_metric_status": "not_applicable_for_B",
  "network_comparison": {
    "metric": "net_event_latency",
    "A_native": {
      "expected": 100000,
      "collected": 100000,
      "missing": 0,
      "p50_ns": 38544,
      "p95_ns": 52720,
      "p99_ns": 99200,
      "p99_9_ns": 131376,
      "max_ns": 199776,
      "miss_100us": 974,
      "miss_500us": 0,
      "miss_1ms": 0,
      "mean_ns": 41455
    },
    "B_axvisor_rtthread": null,
    "C_axvisor_linux_rtthread": {
      "expected": 100000,
      "collected": 100000,
      "missing": 0,
      "p50_ns": 809232,
      "p95_ns": 919360,
      "p99_ns": 939536,
      "p99_9_ns": 1030368,
      "max_ns": 1786752,
      "miss_100us": 100000,
      "miss_500us": 95032,
      "miss_1ms": 155,
      "mean_ns": 777237
    },
    "reason": "AxVisor-only has one guest and no peer endpoint for the cross-guest UDP probe",
    "C_over_A": {
      "p50_ns": 20.99501867995019,
      "p95_ns": 17.438543247344462,
      "p99_ns": 9.471129032258064,
      "p99_9_ns": 7.842893679210815,
      "max_ns": 8.943777030273907,
      "mean_ns": 18.74893257749367,
      "miss_100us": 102.6694045174538,
      "miss_500us": null,
      "miss_1ms": null
    }
  }
}
