Linux 7.0.0-28-generic (9950x) 	08/20/26 	_x86_64_	(32 CPU)

# Time        UID      TGID       TID    %usr %system  %guest   %wait    %CPU   CPU  Command
19:21:06     1000     38956         -    4.00    1.00    0.00    0.00    5.00     6  qemu-system-aar
19:21:06     1000         -     38956    0.00    0.00    0.00    0.00    0.00     6  |__qemu-system-aar
19:21:06     1000         -     38965    0.00    0.00    0.00    0.00    0.00    12  |__call_rcu
19:21:06     1000         -     38977    3.00    0.00    0.00    0.00    3.00     1  |__CPU 0/TCG
19:21:07     1000     38956         -    1.00    0.00    0.00    0.00    1.00     6  qemu-system-aar
19:21:07     1000         -     38956    1.00    1.00    0.00    0.00    2.00     6  |__qemu-system-aar
19:21:07     1000         -     38965    0.00    0.00    0.00    0.00    0.00    12  |__call_rcu
19:21:07     1000         -     38977    1.00    0.00    0.00    0.00    1.00     2  |__CPU 0/TCG
19:21:08     1000     38956         -    2.00    1.00    0.00    0.00    3.00     7  qemu-system-aar
19:21:08     1000         -     38956    0.00    0.00    0.00    0.00    0.00     7  |__qemu-system-aar
19:21:08     1000         -     38965    0.00    0.00    0.00    0.00    0.00    12  |__call_rcu
19:21:08     1000         -     38977    1.00    0.00    0.00    0.00    1.00     0  |__CPU 0/TCG
19:21:09     1000     38956         -    3.00    0.00    0.00    0.00    3.00     6  qemu-system-aar
19:21:09     1000         -     38956    0.00    0.00    0.00    0.00    0.00     6  |__qemu-system-aar
19:21:09     1000         -     38965    0.00    0.00    0.00    0.00    0.00    12  |__call_rcu
19:21:09     1000         -     38977    2.00    1.00    0.00    0.00    3.00     7  |__CPU 0/TCG
19:21:10     1000     38956         -    2.00    1.00    0.00    0.00    3.00     6  qemu-system-aar
19:21:10     1000         -     38956    1.00    1.00    0.00    0.00    2.00     6  |__qemu-system-aar
19:21:10     1000         -     38965    0.00    0.00    0.00    0.00    0.00    12  |__call_rcu
19:21:10     1000         -     38977    2.00    0.00    0.00    0.00    2.00    20  |__CPU 0/TCG
19:21:11     1000     38956         -   12.00    0.00    0.00    0.00   12.00     7  qemu-system-aar
19:21:11     1000         -     38956    0.00    1.00    0.00    0.00    1.00     7  |__qemu-system-aar
19:21:11     1000         -     38965    0.00    0.00    0.00    0.00    0.00    12  |__call_rcu
19:21:11     1000         -     38977   10.00    0.00    0.00    0.00   10.00    20  |__CPU 0/TCG
19:21:12     1000     38956         -    7.00    0.00    0.00    0.00    7.00     2  qemu-system-aar
19:21:12     1000         -     38956    2.00    1.00    0.00    0.00    3.00     2  |__qemu-system-aar
19:21:12     1000         -     38965    0.00    0.00    0.00    0.00    0.00    12  |__call_rcu
19:21:12     1000         -     38977    6.00    0.00    0.00    0.00    6.00    20  |__CPU 0/TCG
