Linux 6.17.0-40-generic (9950x) 	08/16/26 	_x86_64_	(32 CPU)

# Time        UID      TGID       TID    %usr %system  %guest   %wait    %CPU   CPU  Command
06:09:27     1000   2905597         -  103.00    5.00    0.00    0.00  108.00     1  qemu-system-aar
06:09:27     1000         -   2905597    1.00    3.00    0.00    0.00    4.00     1  |__qemu-system-aar
06:09:27     1000         -   2905604    0.00    0.00    0.00    0.00    0.00     1  |__call_rcu
06:09:27     1000         -   2905605    0.00    0.00    0.00    0.00    0.00     8  |__worker
06:09:27     1000         -   2905619   94.00    1.00    0.00    0.00   95.00    20  |__CPU 0/TCG
06:09:27     1000         -   2905620    1.00    0.00    0.00    0.00    1.00     5  |__CPU 1/TCG
06:09:27     1000         -   2905621    6.00    0.00    0.00    0.00    6.00     0  |__CPU 2/TCG
06:09:27     1000         -   2905622    0.00    0.00    0.00    0.00    0.00     3  |__CPU 3/TCG
06:09:28     1000   2905597         -  200.00    4.00    0.00    0.00  204.00     2  qemu-system-aar
06:09:28     1000         -   2905597    0.00    3.00    0.00    0.00    3.00     2  |__qemu-system-aar
06:09:28     1000         -   2905604    0.00    0.00    0.00    0.00    0.00     3  |__call_rcu
06:09:28     1000         -   2905605    0.00    0.00    0.00    0.00    0.00     8  |__worker
06:09:28     1000         -   2905619   98.00    1.00    0.00    0.00   99.00    20  |__CPU 0/TCG
06:09:28     1000         -   2905620    1.00    0.00    0.00    0.00    1.00     5  |__CPU 1/TCG
06:09:28     1000         -   2905621   98.00    1.00    0.00    0.00   99.00     0  |__CPU 2/TCG
06:09:28     1000         -   2905622    0.00    0.00    0.00    0.00    0.00     7  |__CPU 3/TCG
06:09:29     1000   2905597         -  199.00    3.00    0.00    0.00  202.00    17  qemu-system-aar
06:09:29     1000         -   2905597    2.00    2.00    0.00    0.00    4.00    17  |__qemu-system-aar
06:09:29     1000         -   2905604    0.00    0.00    0.00    0.00    0.00     3  |__call_rcu
06:09:29     1000         -   2905605    0.00    0.00    0.00    0.00    0.00     8  |__worker
06:09:29     1000         -   2905619   98.00    1.00    0.00    0.00   99.00    20  |__CPU 0/TCG
06:09:29     1000         -   2905620    1.00    0.00    0.00    0.00    1.00     5  |__CPU 1/TCG
06:09:29     1000         -   2905621   99.00    0.00    0.00    0.00   99.00    16  |__CPU 2/TCG
06:09:29     1000         -   2905622    0.00    0.00    0.00    0.00    0.00     7  |__CPU 3/TCG
06:09:30     1000   2905597         -  201.00    3.00    0.00    0.00  204.00    17  qemu-system-aar
06:09:30     1000         -   2905597    1.00    2.00    0.00    0.00    3.00    17  |__qemu-system-aar
06:09:30     1000         -   2905604    0.00    0.00    0.00    0.00    0.00     3  |__call_rcu
06:09:30     1000         -   2905605    0.00    0.00    0.00    0.00    0.00     8  |__worker
06:09:30     1000         -   2905619   98.00    1.00    0.00    0.00   99.00    20  |__CPU 0/TCG
06:09:30     1000         -   2905620    1.00    0.00    0.00    0.00    1.00     2  |__CPU 1/TCG
06:09:30     1000         -   2905621   99.00    1.00    0.00    0.00  100.00     0  |__CPU 2/TCG
06:09:30     1000         -   2905622    0.00    0.00    0.00    0.00    0.00     7  |__CPU 3/TCG
06:09:31     1000   2905597         -  200.00    2.00    0.00    0.00  202.00    19  qemu-system-aar
06:09:31     1000         -   2905597    1.00    2.00    0.00    0.00    3.00    19  |__qemu-system-aar
06:09:31     1000         -   2905604    0.00    0.00    0.00    0.00    0.00     3  |__call_rcu
06:09:31     1000         -   2905605    0.00    0.00    0.00    0.00    0.00     8  |__worker
06:09:31     1000         -   2905619   99.00    1.00    0.00    0.00  100.00    20  |__CPU 0/TCG
06:09:31     1000         -   2905620    0.00    0.00    0.00    0.00    0.00     5  |__CPU 1/TCG
06:09:31     1000         -   2905621   98.00    1.00    0.00    0.00   99.00    16  |__CPU 2/TCG
06:09:31     1000         -   2905622    0.00    0.00    0.00    0.00    0.00     7  |__CPU 3/TCG
06:09:32     1000   2905597         -  200.00    3.00    0.00    0.00  203.00    17  qemu-system-aar
06:09:32     1000         -   2905597    1.00    3.00    0.00    0.00    4.00    17  |__qemu-system-aar
06:09:32     1000         -   2905604    0.00    0.00    0.00    0.00    0.00     3  |__call_rcu
06:09:32     1000         -   2905605    0.00    0.00    0.00    0.00    0.00     8  |__worker
06:09:32     1000         -   2905619   98.00    0.00    0.00    0.00   98.00    20  |__CPU 0/TCG
06:09:32     1000         -   2905620    1.00    0.00    0.00    0.00    1.00     5  |__CPU 1/TCG
06:09:32     1000         -   2905621   99.00    1.00    0.00    0.00  100.00    16  |__CPU 2/TCG
06:09:32     1000         -   2905622    0.00    0.00    0.00    0.00    0.00     7  |__CPU 3/TCG
06:09:33     1000   2905597         -  199.00    3.00    0.00    0.00  202.00    21  qemu-system-aar
06:09:33     1000         -   2905597    1.00    2.00    0.00    0.00    3.00    21  |__qemu-system-aar
06:09:33     1000         -   2905604    0.00    0.00    0.00    0.00    0.00     3  |__call_rcu
06:09:33     1000         -   2905605    0.00    0.00    0.00    0.00    0.00     8  |__worker
06:09:33     1000         -   2905619   99.00    1.00    0.00    0.00  100.00     0  |__CPU 0/TCG
06:09:33     1000         -   2905620    0.00    0.00    0.00    0.00    0.00     5  |__CPU 1/TCG
06:09:33     1000         -   2905621   99.00    1.00    0.00    0.00  100.00    20  |__CPU 2/TCG
06:09:33     1000         -   2905622    0.00    0.00    0.00    0.00    0.00     7  |__CPU 3/TCG
06:09:34     1000   2905597         -  196.00    5.00    0.00    0.00  201.00     2  qemu-system-aar
06:09:34     1000         -   2905597    1.00    2.00    0.00    0.00    3.00     2  |__qemu-system-aar
06:09:34     1000         -   2905604    0.00    0.00    0.00    0.00    0.00     3  |__call_rcu
06:09:34     1000         -   2905605    0.00    0.00    0.00    0.00    0.00     8  |__worker
06:09:34     1000         -   2905619   95.00    1.00    0.00    0.00   96.00     0  |__CPU 0/TCG
06:09:34     1000         -   2905620    1.00    1.00    0.00    0.00    2.00    19  |__CPU 1/TCG
06:09:34     1000         -   2905621   97.00    2.00    0.00    0.00   99.00    20  |__CPU 2/TCG
06:09:34     1000         -   2905622    0.00    0.00    0.00    0.00    0.00     7  |__CPU 3/TCG
06:09:35     1000   2905597         -  196.00    4.00    0.00    0.00  200.00     6  qemu-system-aar
06:09:35     1000         -   2905597    1.00    2.00    0.00    0.00    3.00     6  |__qemu-system-aar
06:09:35     1000         -   2905604    0.00    0.00    0.00    0.00    0.00     3  |__call_rcu
06:09:35     1000         -   2905605    0.00    0.00    0.00    0.00    0.00     8  |__worker
06:09:35     1000         -   2905619   96.00    1.00    0.00    0.00   97.00     0  |__CPU 0/TCG
06:09:35     1000         -   2905620    0.00    0.00    0.00    0.00    0.00    21  |__CPU 1/TCG
06:09:35     1000         -   2905621   98.00    2.00    0.00    0.00  100.00    20  |__CPU 2/TCG
06:09:35     1000         -   2905622    0.00    0.00    0.00    0.00    0.00     7  |__CPU 3/TCG
06:09:36     1000   2905597         -  195.00    5.00    0.00    0.00  200.00    16  qemu-system-aar
06:09:36     1000         -   2905597    1.00    3.00    0.00    0.00    4.00    16  |__qemu-system-aar
06:09:36     1000         -   2905604    0.00    0.00    0.00    0.00    0.00     3  |__call_rcu
06:09:36     1000         -   2905605    0.00    0.00    0.00    0.00    0.00     8  |__worker
06:09:36     1000         -   2905619   95.00    2.00    0.00    0.00   97.00     0  |__CPU 0/TCG
06:09:36     1000         -   2905620    1.00    0.00    0.00    0.00    1.00    21  |__CPU 1/TCG
06:09:36     1000         -   2905621   98.00    1.00    0.00    0.00   99.00    20  |__CPU 2/TCG
06:09:36     1000         -   2905622    0.00    0.00    0.00    0.00    0.00     7  |__CPU 3/TCG
06:09:37     1000   2905597         -  201.00    3.00    0.00    0.00  204.00     3  qemu-system-aar
06:09:37     1000         -   2905597    2.00    2.00    0.00    0.00    4.00     3  |__qemu-system-aar
06:09:37     1000         -   2905604    0.00    0.00    0.00    0.00    0.00     3  |__call_rcu
06:09:37     1000         -   2905619   99.00    1.00    0.00    0.00  100.00     0  |__CPU 0/TCG
06:09:37     1000         -   2905620    0.00    0.00    0.00    0.00    0.00    21  |__CPU 1/TCG
06:09:37     1000         -   2905621   99.00    1.00    0.00    0.00  100.00    20  |__CPU 2/TCG
06:09:37     1000         -   2905622    0.00    0.00    0.00    0.00    0.00     7  |__CPU 3/TCG
06:09:38     1000   2905597         -  202.00    1.00    0.00    0.00  203.00     3  qemu-system-aar
06:09:38     1000         -   2905597    1.00    3.00    0.00    0.00    4.00     3  |__qemu-system-aar
06:09:38     1000         -   2905604    0.00    0.00    0.00    0.00    0.00     3  |__call_rcu
06:09:38     1000         -   2905619   99.00    0.00    0.00    0.00   99.00     0  |__CPU 0/TCG
06:09:38     1000         -   2905620    1.00    0.00    0.00    0.00    1.00    20  |__CPU 1/TCG
06:09:38     1000         -   2905621   99.00    1.00    0.00    0.00  100.00     4  |__CPU 2/TCG
06:09:38     1000         -   2905622    0.00    0.00    0.00    0.00    0.00     7  |__CPU 3/TCG
06:09:39     1000   2905597         -  201.00    2.00    0.00    0.00  203.00     5  qemu-system-aar
06:09:39     1000         -   2905597    1.00    2.00    0.00    0.00    3.00     5  |__qemu-system-aar
06:09:39     1000         -   2905604    0.00    0.00    0.00    0.00    0.00     3  |__call_rcu
06:09:39     1000         -   2905619   99.00    0.00    0.00    0.00   99.00    16  |__CPU 0/TCG
06:09:39     1000         -   2905620    0.00    0.00    0.00    0.00    0.00    20  |__CPU 1/TCG
06:09:39     1000         -   2905621   99.00    0.00    0.00    0.00   99.00     4  |__CPU 2/TCG
06:09:39     1000         -   2905622    0.00    0.00    0.00    0.00    0.00     7  |__CPU 3/TCG
06:09:40     1000   2905597         -  199.00    3.00    0.00    0.00  202.00     5  qemu-system-aar
06:09:40     1000         -   2905597    1.00    2.00    0.00    0.00    3.00     5  |__qemu-system-aar
06:09:40     1000         -   2905604    0.00    0.00    0.00    0.00    0.00     3  |__call_rcu
06:09:40     1000         -   2905619   99.00    1.00    0.00    0.00  100.00     0  |__CPU 0/TCG
06:09:40     1000         -   2905620    1.00    0.00    0.00    0.00    1.00    20  |__CPU 1/TCG
06:09:40     1000         -   2905621   98.00    2.00    0.00    0.00  100.00     4  |__CPU 2/TCG
06:09:40     1000         -   2905622    0.00    0.00    0.00    0.00    0.00     7  |__CPU 3/TCG
06:09:41     1000   2905597         -  199.00    2.00    0.00    0.00  201.00     3  qemu-system-aar
06:09:41     1000         -   2905597    1.00    2.00    0.00    0.00    3.00     3  |__qemu-system-aar
06:09:41     1000         -   2905604    0.00    0.00    0.00    0.00    0.00     3  |__call_rcu
06:09:41     1000         -   2905619   98.00    0.00    0.00    0.00   98.00    16  |__CPU 0/TCG
06:09:41     1000         -   2905620    0.00    0.00    0.00    0.00    0.00    19  |__CPU 1/TCG
06:09:41     1000         -   2905621   98.00    1.00    0.00    0.00   99.00    20  |__CPU 2/TCG
06:09:41     1000         -   2905622    0.00    0.00    0.00    0.00    0.00     7  |__CPU 3/TCG
06:09:42     1000   2905597         -  200.00    3.00    0.00    0.00  203.00    19  qemu-system-aar
06:09:42     1000         -   2905597    0.00    3.00    0.00    0.00    3.00    19  |__qemu-system-aar
06:09:42     1000         -   2905604    0.00    0.00    0.00    0.00    0.00     3  |__call_rcu
06:09:42     1000         -   2905619  100.00    0.00    0.00    0.00  100.00    16  |__CPU 0/TCG
06:09:42     1000         -   2905620    0.00    0.00    0.00    0.00    0.00    21  |__CPU 1/TCG
06:09:42     1000         -   2905621   99.00    1.00    0.00    0.00  100.00    20  |__CPU 2/TCG
06:09:42     1000         -   2905622    0.00    0.00    0.00    0.00    0.00     7  |__CPU 3/TCG
06:09:43     1000   2905597         -  200.00    2.00    0.00    0.00  202.00    19  qemu-system-aar
06:09:43     1000         -   2905597    2.00    1.00    0.00    0.00    3.00    19  |__qemu-system-aar
06:09:43     1000         -   2905604    0.00    0.00    0.00    0.00    0.00     3  |__call_rcu
06:09:43     1000         -   2905619   98.00    1.00    0.00    0.00   99.00    16  |__CPU 0/TCG
06:09:43     1000         -   2905620    1.00    0.00    0.00    0.00    1.00    21  |__CPU 1/TCG
06:09:43     1000         -   2905621   98.00    1.00    0.00    0.00   99.00    20  |__CPU 2/TCG
06:09:43     1000         -   2905622    0.00    0.00    0.00    0.00    0.00     7  |__CPU 3/TCG
06:09:44     1000   2905597         -  200.00    2.00    0.00    0.00  202.00     5  qemu-system-aar
06:09:44     1000         -   2905597    1.00    1.00    0.00    0.00    2.00     5  |__qemu-system-aar
06:09:44     1000         -   2905604    0.00    0.00    0.00    0.00    0.00     3  |__call_rcu
06:09:44     1000         -   2905619   99.00    0.00    0.00    0.00   99.00    16  |__CPU 0/TCG
06:09:44     1000         -   2905620    0.00    0.00    0.00    0.00    0.00    21  |__CPU 1/TCG
06:09:44     1000         -   2905621   98.00    1.00    0.00    0.00   99.00    20  |__CPU 2/TCG
06:09:44     1000         -   2905622    0.00    0.00    0.00    0.00    0.00     7  |__CPU 3/TCG
06:09:45     1000   2905597         -  200.00    3.00    0.00    0.00  203.00    19  qemu-system-aar
06:09:45     1000         -   2905597    1.00    2.00    0.00    0.00    3.00    19  |__qemu-system-aar
06:09:45     1000         -   2905604    0.00    0.00    0.00    0.00    0.00     3  |__call_rcu
06:09:45     1000         -   2905619  100.00    0.00    0.00    0.00  100.00    16  |__CPU 0/TCG
06:09:45     1000         -   2905620    0.00    0.00    0.00    0.00    0.00    21  |__CPU 1/TCG
06:09:45     1000         -   2905621   99.00    1.00    0.00    0.00  100.00    20  |__CPU 2/TCG
06:09:45     1000         -   2905622    0.00    0.00    0.00    0.00    0.00     7  |__CPU 3/TCG
06:09:46     1000   2905597         -  200.00    2.00    0.00    0.00  202.00     6  qemu-system-aar
06:09:46     1000         -   2905597    1.00    2.00    0.00    0.00    3.00     6  |__qemu-system-aar
06:09:46     1000         -   2905604    0.00    0.00    0.00    0.00    0.00     3  |__call_rcu
06:09:46     1000         -   2905619   98.00    1.00    0.00    0.00   99.00    16  |__CPU 0/TCG
06:09:46     1000         -   2905620    1.00    0.00    0.00    0.00    1.00    22  |__CPU 1/TCG
06:09:46     1000         -   2905621   99.00    1.00    0.00    0.00  100.00    20  |__CPU 2/TCG
06:09:46     1000         -   2905622    0.00    0.00    0.00    0.00    0.00     7  |__CPU 3/TCG
06:09:47     1000   2905597         -  199.00    3.00    0.00    0.00  202.00     6  qemu-system-aar
06:09:47     1000         -   2905597    1.00    2.00    0.00    0.00    3.00     6  |__qemu-system-aar
06:09:47     1000         -   2905604    0.00    0.00    0.00    0.00    0.00     3  |__call_rcu
06:09:47     1000         -   2905619   99.00    1.00    0.00    0.00  100.00     0  |__CPU 0/TCG
06:09:47     1000         -   2905620    0.00    0.00    0.00    0.00    0.00    21  |__CPU 1/TCG
06:09:47     1000         -   2905621   99.00    1.00    0.00    0.00  100.00    20  |__CPU 2/TCG
06:09:47     1000         -   2905622    0.00    0.00    0.00    0.00    0.00     7  |__CPU 3/TCG
06:09:48     1000   2905597         -  200.00    2.00    0.00    0.00  202.00     6  qemu-system-aar
06:09:48     1000         -   2905597    1.00    2.00    0.00    0.00    3.00     6  |__qemu-system-aar
06:09:48     1000         -   2905604    0.00    0.00    0.00    0.00    0.00     3  |__call_rcu
06:09:48     1000         -   2905619   99.00    0.00    0.00    0.00   99.00     0  |__CPU 0/TCG
06:09:48     1000         -   2905620    1.00    0.00    0.00    0.00    1.00    22  |__CPU 1/TCG
06:09:48     1000         -   2905621   99.00    0.00    0.00    0.00   99.00    20  |__CPU 2/TCG
06:09:48     1000         -   2905622    0.00    0.00    0.00    0.00    0.00     7  |__CPU 3/TCG
06:09:49     1000   2905597         -  201.00    3.00    0.00    0.00  204.00    20  qemu-system-aar
06:09:49     1000         -   2905597    2.00    2.00    0.00    0.00    4.00    20  |__qemu-system-aar
06:09:49     1000         -   2905604    0.00    0.00    0.00    0.00    0.00     3  |__call_rcu
06:09:49     1000         -   2905619   99.00    1.00    0.00    0.00  100.00    16  |__CPU 0/TCG
06:09:49     1000         -   2905620    0.00    0.00    0.00    0.00    0.00     0  |__CPU 1/TCG
06:09:49     1000         -   2905621   98.00    2.00    0.00    0.00  100.00     4  |__CPU 2/TCG
06:09:49     1000         -   2905622    0.00    0.00    0.00    0.00    0.00     7  |__CPU 3/TCG
06:09:50     1000   2905597         -  200.00    3.00    0.00    0.00  203.00     6  qemu-system-aar
06:09:50     1000         -   2905597    1.00    3.00    0.00    0.00    4.00     6  |__qemu-system-aar
06:09:50     1000         -   2905604    0.00    0.00    0.00    0.00    0.00     3  |__call_rcu
06:09:50     1000         -   2905619   99.00    0.00    0.00    0.00   99.00    16  |__CPU 0/TCG
06:09:50     1000         -   2905620    1.00    0.00    0.00    0.00    1.00     0  |__CPU 1/TCG
06:09:50     1000         -   2905621   98.00    1.00    0.00    0.00   99.00     4  |__CPU 2/TCG
06:09:50     1000         -   2905622    0.00    0.00    0.00    0.00    0.00     7  |__CPU 3/TCG
06:09:51     1000   2905597         -  198.00    3.00    0.00    0.00  201.00     5  qemu-system-aar
06:09:51     1000         -   2905597    1.00    1.00    0.00    0.00    2.00     5  |__qemu-system-aar
06:09:51     1000         -   2905604    0.00    0.00    0.00    0.00    0.00     3  |__call_rcu
06:09:51     1000         -   2905619   98.00    1.00    0.00    0.00   99.00    16  |__CPU 0/TCG
06:09:51     1000         -   2905620    0.00    0.00    0.00    0.00    0.00    22  |__CPU 1/TCG
06:09:51     1000         -   2905621   98.00    1.00    0.00    0.00   99.00    20  |__CPU 2/TCG
06:09:51     1000         -   2905622    0.00    0.00    0.00    0.00    0.00     7  |__CPU 3/TCG
06:09:52     1000   2905597         -  200.00    3.00    0.00    0.00  203.00    17  qemu-system-aar
06:09:52     1000         -   2905597    1.00    2.00    0.00    0.00    3.00    17  |__qemu-system-aar
06:09:52     1000         -   2905604    0.00    0.00    0.00    0.00    0.00     3  |__call_rcu
06:09:52     1000         -   2905619   99.00    0.00    0.00    0.00   99.00    16  |__CPU 0/TCG
06:09:52     1000         -   2905620    1.00    0.00    0.00    0.00    1.00    10  |__CPU 1/TCG
06:09:52     1000         -   2905621   98.00    2.00    0.00    0.00  100.00    20  |__CPU 2/TCG
06:09:52     1000         -   2905622    0.00    0.00    0.00    0.00    0.00     7  |__CPU 3/TCG
06:09:53     1000   2905597         -  201.00    1.00    0.00    0.00  202.00    18  qemu-system-aar
06:09:53     1000         -   2905597    1.00    2.00    0.00    0.00    3.00    18  |__qemu-system-aar
06:09:53     1000         -   2905604    0.00    0.00    0.00    0.00    0.00     3  |__call_rcu
06:09:53     1000         -   2905619   99.00    1.00    0.00    0.00  100.00     0  |__CPU 0/TCG
06:09:53     1000         -   2905620    0.00    0.00    0.00    0.00    0.00    10  |__CPU 1/TCG
06:09:53     1000         -   2905621  100.00    0.00    0.00    0.00  100.00     4  |__CPU 2/TCG
06:09:53     1000         -   2905622    0.00    0.00    0.00    0.00    0.00     7  |__CPU 3/TCG
06:09:54     1000   2905597         -  200.00    3.00    0.00    0.00  203.00    19  qemu-system-aar
06:09:54     1000         -   2905597    2.00    2.00    0.00    0.00    4.00    19  |__qemu-system-aar
06:09:54     1000         -   2905604    0.00    0.00    0.00    0.00    0.00     3  |__call_rcu
06:09:54     1000         -   2905619   98.00    0.00    0.00    0.00   98.00     0  |__CPU 0/TCG
06:09:54     1000         -   2905620    1.00    0.00    0.00    0.00    1.00    11  |__CPU 1/TCG
06:09:54     1000         -   2905621   98.00    1.00    0.00    0.00   99.00     4  |__CPU 2/TCG
06:09:54     1000         -   2905622    0.00    0.00    0.00    0.00    0.00     7  |__CPU 3/TCG
06:09:55     1000   2905597         -  199.00    2.00    0.00    0.00  201.00    19  qemu-system-aar
06:09:55     1000         -   2905597    0.00    2.00    0.00    0.00    2.00    19  |__qemu-system-aar
06:09:55     1000         -   2905604    0.00    0.00    0.00    0.00    0.00     3  |__call_rcu
06:09:55     1000         -   2905619   99.00    1.00    0.00    0.00  100.00     0  |__CPU 0/TCG
06:09:55     1000         -   2905620    0.00    0.00    0.00    0.00    0.00    11  |__CPU 1/TCG
06:09:55     1000         -   2905621   99.00    1.00    0.00    0.00  100.00     4  |__CPU 2/TCG
06:09:55     1000         -   2905622    0.00    0.00    0.00    0.00    0.00     7  |__CPU 3/TCG
06:09:56     1000   2905597         -  199.00    3.00    0.00    0.00  202.00     6  qemu-system-aar
06:09:56     1000         -   2905597    2.00    1.00    0.00    0.00    3.00     6  |__qemu-system-aar
06:09:56     1000         -   2905604    0.00    0.00    0.00    0.00    0.00     3  |__call_rcu
06:09:56     1000         -   2905619   98.00    0.00    0.00    0.00   98.00    16  |__CPU 0/TCG
06:09:56     1000         -   2905620    1.00    0.00    0.00    0.00    1.00     3  |__CPU 1/TCG
06:09:56     1000         -   2905621   98.00    1.00    0.00    0.00   99.00     4  |__CPU 2/TCG
06:09:56     1000         -   2905622    0.00    0.00    0.00    0.00    0.00     7  |__CPU 3/TCG
06:09:57     1000   2905597         -  199.00    3.00    0.00    0.00  202.00     3  qemu-system-aar
06:09:57     1000         -   2905597    0.00    3.00    0.00    0.00    3.00     3  |__qemu-system-aar
06:09:57     1000         -   2905604    0.00    0.00    0.00    0.00    0.00     3  |__call_rcu
06:09:57     1000         -   2905619   99.00    1.00    0.00    0.00  100.00     0  |__CPU 0/TCG
06:09:57     1000         -   2905620    0.00    0.00    0.00    0.00    0.00     7  |__CPU 1/TCG
06:09:57     1000         -   2905621   98.00    1.00    0.00    0.00   99.00    20  |__CPU 2/TCG
06:09:57     1000         -   2905622    0.00    0.00    0.00    0.00    0.00     7  |__CPU 3/TCG
06:09:58     1000   2905597         -  201.00    3.00    0.00    0.00  204.00     4  qemu-system-aar
06:09:58     1000         -   2905597    2.00    2.00    0.00    0.00    4.00     4  |__qemu-system-aar
06:09:58     1000         -   2905604    0.00    0.00    0.00    0.00    0.00     3  |__call_rcu
06:09:58     1000         -   2905619   99.00    0.00    0.00    0.00   99.00     0  |__CPU 0/TCG
06:09:58     1000         -   2905620    1.00    0.00    0.00    0.00    1.00     1  |__CPU 1/TCG
06:09:58     1000         -   2905621   99.00    1.00    0.00    0.00  100.00    20  |__CPU 2/TCG
06:09:58     1000         -   2905622    0.00    0.00    0.00    0.00    0.00     7  |__CPU 3/TCG
06:09:59     1000   2905597         -  200.00    2.00    0.00    0.00  202.00     3  qemu-system-aar
06:09:59     1000         -   2905597    1.00    2.00    0.00    0.00    3.00     3  |__qemu-system-aar
06:09:59     1000         -   2905604    0.00    0.00    0.00    0.00    0.00     3  |__call_rcu
06:09:59     1000         -   2905619   99.00    0.00    0.00    0.00   99.00     0  |__CPU 0/TCG
06:09:59     1000         -   2905620    0.00    0.00    0.00    0.00    0.00     1  |__CPU 1/TCG
06:09:59     1000         -   2905621   99.00    1.00    0.00    0.00  100.00     4  |__CPU 2/TCG
06:09:59     1000         -   2905622    0.00    0.00    0.00    0.00    0.00     7  |__CPU 3/TCG
06:10:00     1000   2905597         -  200.00    2.00    0.00    0.00  202.00     7  qemu-system-aar
06:10:00     1000         -   2905597    1.00    2.00    0.00    0.00    3.00     7  |__qemu-system-aar
06:10:00     1000         -   2905604    0.00    0.00    0.00    0.00    0.00     3  |__call_rcu
06:10:00     1000         -   2905619   99.00    1.00    0.00    0.00  100.00     0  |__CPU 0/TCG
06:10:00     1000         -   2905620    0.00    0.00    0.00    0.00    0.00     1  |__CPU 1/TCG
06:10:00     1000         -   2905621   98.00    1.00    0.00    0.00   99.00    20  |__CPU 2/TCG
06:10:00     1000         -   2905622    0.00    0.00    0.00    0.00    0.00     7  |__CPU 3/TCG
06:10:01     1000   2905597         -  199.00    2.00    0.00    0.00  201.00     7  qemu-system-aar
06:10:01     1000         -   2905597    1.00    2.00    0.00    0.00    3.00     7  |__qemu-system-aar
06:10:01     1000         -   2905604    0.00    0.00    0.00    0.00    0.00     3  |__call_rcu
06:10:01     1000         -   2905619   99.00    0.00    0.00    0.00   99.00    16  |__CPU 0/TCG
06:10:01     1000         -   2905620    0.00    0.00    0.00    0.00    0.00     1  |__CPU 1/TCG
06:10:01     1000         -   2905621   99.00    1.00    0.00    0.00  100.00    20  |__CPU 2/TCG
06:10:01     1000         -   2905622    0.00    0.00    0.00    0.00    0.00     7  |__CPU 3/TCG
06:10:02     1000   2905597         -  201.00    2.00    0.00    0.00  203.00     6  qemu-system-aar
06:10:02     1000         -   2905597    2.00    1.00    0.00    0.00    3.00     6  |__qemu-system-aar
06:10:02     1000         -   2905604    0.00    0.00    0.00    0.00    0.00     3  |__call_rcu
06:10:02     1000         -   2905619   99.00    1.00    0.00    0.00  100.00    16  |__CPU 0/TCG
06:10:02     1000         -   2905620    1.00    0.00    0.00    0.00    1.00     1  |__CPU 1/TCG
06:10:02     1000         -   2905621   99.00    1.00    0.00    0.00  100.00     4  |__CPU 2/TCG
06:10:02     1000         -   2905622    0.00    0.00    0.00    0.00    0.00     7  |__CPU 3/TCG
06:10:03     1000   2905597         -  200.00    2.00    0.00    0.00  202.00     7  qemu-system-aar
06:10:03     1000         -   2905597    0.00    2.00    0.00    0.00    2.00     7  |__qemu-system-aar
06:10:03     1000         -   2905604    0.00    0.00    0.00    0.00    0.00     3  |__call_rcu
06:10:03     1000         -   2905619   99.00    0.00    0.00    0.00   99.00    16  |__CPU 0/TCG
06:10:03     1000         -   2905620    0.00    0.00    0.00    0.00    0.00     2  |__CPU 1/TCG
06:10:03     1000         -   2905621   98.00    0.00    0.00    0.00   98.00     4  |__CPU 2/TCG
06:10:03     1000         -   2905622    0.00    0.00    0.00    0.00    0.00     7  |__CPU 3/TCG
06:10:04     1000   2905597         -  200.00    2.00    0.00    0.00  202.00    18  qemu-system-aar
06:10:04     1000         -   2905597    1.00    2.00    0.00    0.00    3.00    18  |__qemu-system-aar
06:10:04     1000         -   2905604    0.00    0.00    0.00    0.00    0.00     3  |__call_rcu
06:10:04     1000         -   2905619   98.00    0.00    0.00    0.00   98.00    16  |__CPU 0/TCG
06:10:04     1000         -   2905620    1.00    0.00    0.00    0.00    1.00     2  |__CPU 1/TCG
06:10:04     1000         -   2905621   99.00    1.00    0.00    0.00  100.00     4  |__CPU 2/TCG
06:10:04     1000         -   2905622    0.00    0.00    0.00    0.00    0.00     7  |__CPU 3/TCG
06:10:05     1000   2905597         -  200.00    2.00    0.00    0.00  202.00    23  qemu-system-aar
06:10:05     1000         -   2905597    2.00    2.00    0.00    0.00    4.00    23  |__qemu-system-aar
06:10:05     1000         -   2905604    0.00    0.00    0.00    0.00    0.00     3  |__call_rcu
06:10:05     1000         -   2905619   99.00    1.00    0.00    0.00  100.00    16  |__CPU 0/TCG
06:10:05     1000         -   2905620    0.00    0.00    0.00    0.00    0.00     2  |__CPU 1/TCG
06:10:05     1000         -   2905621   99.00    1.00    0.00    0.00  100.00     4  |__CPU 2/TCG
06:10:05     1000         -   2905622    0.00    0.00    0.00    0.00    0.00     7  |__CPU 3/TCG
06:10:06     1000   2905597         -  200.00    3.00    0.00    0.00  203.00     1  qemu-system-aar
06:10:06     1000         -   2905597    0.00    2.00    0.00    0.00    2.00     1  |__qemu-system-aar
06:10:06     1000         -   2905604    0.00    0.00    0.00    0.00    0.00     3  |__call_rcu
06:10:06     1000         -   2905619   99.00    0.00    0.00    0.00   99.00    16  |__CPU 0/TCG
06:10:06     1000         -   2905620    1.00    0.00    0.00    0.00    1.00     3  |__CPU 1/TCG
06:10:06     1000         -   2905621   98.00    1.00    0.00    0.00   99.00    20  |__CPU 2/TCG
06:10:06     1000         -   2905622    0.00    0.00    0.00    0.00    0.00     7  |__CPU 3/TCG
06:10:07     1000   2905597         -  199.00    4.00    0.00    0.00  203.00     2  qemu-system-aar
06:10:07     1000         -   2905597    1.00    2.00    0.00    0.00    3.00     2  |__qemu-system-aar
06:10:07     1000         -   2905604    0.00    0.00    0.00    0.00    0.00     3  |__call_rcu
06:10:07     1000         -   2905619   99.00    1.00    0.00    0.00  100.00     0  |__CPU 0/TCG
06:10:07     1000         -   2905620    0.00    0.00    0.00    0.00    0.00     5  |__CPU 1/TCG
06:10:07     1000         -   2905621   99.00    2.00    0.00    0.00  101.00    20  |__CPU 2/TCG
06:10:07     1000         -   2905622    0.00    0.00    0.00    0.00    0.00     7  |__CPU 3/TCG
06:10:08     1000   2905597         -  199.00    3.00    0.00    0.00  202.00     2  qemu-system-aar
06:10:08     1000         -   2905597    1.00    2.00    0.00    0.00    3.00     2  |__qemu-system-aar
06:10:08     1000         -   2905604    0.00    0.00    0.00    0.00    0.00     3  |__call_rcu
06:10:08     1000         -   2905619   99.00    0.00    0.00    0.00   99.00     0  |__CPU 0/TCG
06:10:08     1000         -   2905620    1.00    0.00    0.00    0.00    1.00     8  |__CPU 1/TCG
06:10:08     1000         -   2905621   98.00    1.00    0.00    0.00   99.00    20  |__CPU 2/TCG
06:10:08     1000         -   2905622    0.00    0.00    0.00    0.00    0.00     7  |__CPU 3/TCG
06:10:09     1000   2905597         -  199.00    3.00    0.00    0.00  202.00     3  qemu-system-aar
06:10:09     1000         -   2905597    0.00    3.00    0.00    0.00    3.00     3  |__qemu-system-aar
06:10:09     1000         -   2905604    0.00    0.00    0.00    0.00    0.00     3  |__call_rcu
06:10:09     1000         -   2905619   98.00    1.00    0.00    0.00   99.00    16  |__CPU 0/TCG
06:10:09     1000         -   2905620    0.00    0.00    0.00    0.00    0.00     8  |__CPU 1/TCG
06:10:09     1000         -   2905621   99.00    1.00    0.00    0.00  100.00    20  |__CPU 2/TCG
06:10:09     1000         -   2905622    0.00    0.00    0.00    0.00    0.00     7  |__CPU 3/TCG
06:10:10     1000   2905597         -  201.00    1.00    0.00    0.00  202.00     3  qemu-system-aar
06:10:10     1000         -   2905597    1.00    1.00    0.00    0.00    2.00     3  |__qemu-system-aar
06:10:10     1000         -   2905604    0.00    0.00    0.00    0.00    0.00     3  |__call_rcu
06:10:10     1000         -   2905619   99.00    0.00    0.00    0.00   99.00    16  |__CPU 0/TCG
06:10:10     1000         -   2905620    1.00    1.00    0.00    0.00    2.00     8  |__CPU 1/TCG
06:10:10     1000         -   2905621   99.00    0.00    0.00    0.00   99.00    20  |__CPU 2/TCG
06:10:10     1000         -   2905622    0.00    0.00    0.00    0.00    0.00     7  |__CPU 3/TCG
06:10:11     1000   2905597         -  200.00    3.00    0.00    0.00  203.00     3  qemu-system-aar
06:10:11     1000         -   2905597    1.00    2.00    0.00    0.00    3.00     3  |__qemu-system-aar
06:10:11     1000         -   2905604    0.00    0.00    0.00    0.00    0.00     3  |__call_rcu
06:10:11     1000         -   2905619   99.00    1.00    0.00    0.00  100.00     0  |__CPU 0/TCG
06:10:11     1000         -   2905620    0.00    0.00    0.00    0.00    0.00     8  |__CPU 1/TCG
06:10:11     1000         -   2905621   99.00    1.00    0.00    0.00  100.00     4  |__CPU 2/TCG
06:10:11     1000         -   2905622    0.00    0.00    0.00    0.00    0.00     7  |__CPU 3/TCG
06:10:12     1000   2905597         -  200.00    2.00    0.00    0.00  202.00    17  qemu-system-aar
06:10:12     1000         -   2905597    2.00    2.00    0.00    0.00    4.00    17  |__qemu-system-aar
06:10:12     1000         -   2905604    0.00    0.00    0.00    0.00    0.00     3  |__call_rcu
06:10:12     1000         -   2905619   98.00    1.00    0.00    0.00   99.00     0  |__CPU 0/TCG
06:10:12     1000         -   2905620    1.00    0.00    0.00    0.00    1.00    18  |__CPU 1/TCG
06:10:12     1000         -   2905621   98.00    1.00    0.00    0.00   99.00    20  |__CPU 2/TCG
06:10:12     1000         -   2905622    0.00    0.00    0.00    0.00    0.00     7  |__CPU 3/TCG
06:10:13     1000   2905597         -  199.00    3.00    0.00    0.00  202.00     5  qemu-system-aar
06:10:13     1000         -   2905597    1.00    1.00    0.00    0.00    2.00     5  |__qemu-system-aar
06:10:13     1000         -   2905604    0.00    0.00    0.00    0.00    0.00     3  |__call_rcu
06:10:13     1000         -   2905619   99.00    0.00    0.00    0.00   99.00    16  |__CPU 0/TCG
06:10:13     1000         -   2905620    0.00    0.00    0.00    0.00    0.00    18  |__CPU 1/TCG
06:10:13     1000         -   2905621   99.00    1.00    0.00    0.00  100.00    20  |__CPU 2/TCG
06:10:13     1000         -   2905622    0.00    0.00    0.00    0.00    0.00     7  |__CPU 3/TCG
06:10:14     1000   2905597         -  201.00    1.00    0.00    0.00  202.00     6  qemu-system-aar
06:10:14     1000         -   2905597    1.00    2.00    0.00    0.00    3.00     6  |__qemu-system-aar
06:10:14     1000         -   2905604    0.00    0.00    0.00    0.00    0.00     3  |__call_rcu
06:10:14     1000         -   2905619   99.00    0.00    0.00    0.00   99.00    16  |__CPU 0/TCG
06:10:14     1000         -   2905620    1.00    0.00    0.00    0.00    1.00    18  |__CPU 1/TCG
06:10:14     1000         -   2905621   99.00    1.00    0.00    0.00  100.00    20  |__CPU 2/TCG
06:10:14     1000         -   2905622    0.00    0.00    0.00    0.00    0.00     7  |__CPU 3/TCG
06:10:15     1000   2905597         -  201.00    2.00    0.00    0.00  203.00     6  qemu-system-aar
06:10:15     1000         -   2905597    1.00    2.00    0.00    0.00    3.00     6  |__qemu-system-aar
06:10:15     1000         -   2905604    0.00    0.00    0.00    0.00    0.00     3  |__call_rcu
06:10:15     1000         -   2905619   99.00    1.00    0.00    0.00  100.00    16  |__CPU 0/TCG
06:10:15     1000         -   2905620    0.00    0.00    0.00    0.00    0.00    21  |__CPU 1/TCG
06:10:15     1000         -   2905621   99.00    0.00    0.00    0.00   99.00    20  |__CPU 2/TCG
06:10:15     1000         -   2905622    0.00    0.00    0.00    0.00    0.00     7  |__CPU 3/TCG
06:10:16     1000   2905597         -  201.00    1.00    0.00    0.00  202.00     3  qemu-system-aar
06:10:16     1000         -   2905597    2.00    1.00    0.00    0.00    3.00     3  |__qemu-system-aar
06:10:16     1000         -   2905604    0.00    0.00    0.00    0.00    0.00     3  |__call_rcu
06:10:16     1000         -   2905619   99.00    0.00    0.00    0.00   99.00    16  |__CPU 0/TCG
06:10:16     1000         -   2905620    1.00    0.00    0.00    0.00    1.00    18  |__CPU 1/TCG
06:10:16     1000         -   2905621   98.00    1.00    0.00    0.00   99.00    20  |__CPU 2/TCG
06:10:16     1000         -   2905622    0.00    0.00    0.00    0.00    0.00     7  |__CPU 3/TCG
06:10:17     1000   2905597         -  200.00    3.00    0.00    0.00  203.00     6  qemu-system-aar
06:10:17     1000         -   2905597    1.00    2.00    0.00    0.00    3.00     6  |__qemu-system-aar
06:10:17     1000         -   2905604    0.00    0.00    0.00    0.00    0.00     3  |__call_rcu
06:10:17     1000         -   2905619   99.00    1.00    0.00    0.00  100.00    16  |__CPU 0/TCG
06:10:17     1000         -   2905620    1.00    0.00    0.00    0.00    1.00    18  |__CPU 1/TCG
06:10:17     1000         -   2905621   99.00    2.00    0.00    0.00  101.00    20  |__CPU 2/TCG
06:10:17     1000         -   2905622    0.00    0.00    0.00    0.00    0.00     7  |__CPU 3/TCG
06:10:18     1000   2905597         -  200.00    2.00    0.00    0.00  202.00    17  qemu-system-aar
06:10:18     1000         -   2905597    1.00    2.00    0.00    0.00    3.00    17  |__qemu-system-aar
06:10:18     1000         -   2905604    0.00    0.00    0.00    0.00    0.00     3  |__call_rcu
06:10:18     1000         -   2905619   99.00    0.00    0.00    0.00   99.00    16  |__CPU 0/TCG
06:10:18     1000         -   2905620    0.00    0.00    0.00    0.00    0.00    18  |__CPU 1/TCG
06:10:18     1000         -   2905621   99.00    0.00    0.00    0.00   99.00    20  |__CPU 2/TCG
06:10:18     1000         -   2905622    0.00    0.00    0.00    0.00    0.00     7  |__CPU 3/TCG
06:10:19     1000   2905597         -  201.00    2.00    0.00    0.00  203.00    18  qemu-system-aar
06:10:19     1000         -   2905597    1.00    1.00    0.00    0.00    2.00    18  |__qemu-system-aar
06:10:19     1000         -   2905604    0.00    0.00    0.00    0.00    0.00     3  |__call_rcu
06:10:19     1000         -   2905619   99.00    0.00    0.00    0.00   99.00    16  |__CPU 0/TCG
06:10:19     1000         -   2905620    0.00    0.00    0.00    0.00    0.00    21  |__CPU 1/TCG
06:10:19     1000         -   2905621   98.00    1.00    0.00    0.00   99.00    20  |__CPU 2/TCG
06:10:19     1000         -   2905622    0.00    0.00    0.00    0.00    0.00     7  |__CPU 3/TCG
06:10:20     1000   2905597         -  200.00    2.00    0.00    0.00  202.00    19  qemu-system-aar
06:10:20     1000         -   2905597    1.00    2.00    0.00    0.00    3.00    19  |__qemu-system-aar
06:10:20     1000         -   2905604    0.00    0.00    0.00    0.00    0.00     3  |__call_rcu
06:10:20     1000         -   2905619   99.00    1.00    0.00    0.00  100.00     0  |__CPU 0/TCG
06:10:20     1000         -   2905620    1.00    0.00    0.00    0.00    1.00    18  |__CPU 1/TCG
06:10:20     1000         -   2905621   99.00    1.00    0.00    0.00  100.00    20  |__CPU 2/TCG
06:10:20     1000         -   2905622    0.00    0.00    0.00    0.00    0.00     7  |__CPU 3/TCG
06:10:21     1000   2905597         -  199.00    2.00    0.00    0.00  201.00     1  qemu-system-aar
06:10:21     1000         -   2905597    2.00    2.00    0.00    0.00    4.00    19  |__qemu-system-aar
06:10:21     1000         -   2905604    0.00    0.00    0.00    0.00    0.00     3  |__call_rcu
06:10:21     1000         -   2905619   98.00    0.00    0.00    0.00   98.00     0  |__CPU 0/TCG
06:10:21     1000         -   2905620    0.00    0.00    0.00    0.00    0.00    18  |__CPU 1/TCG
06:10:21     1000         -   2905621   98.00    1.00    0.00    0.00   99.00    20  |__CPU 2/TCG
06:10:21     1000         -   2905622    0.00    0.00    0.00    0.00    0.00     7  |__CPU 3/TCG
06:10:22     1000   2905597         -  200.00    2.00    0.00    0.00  202.00    19  qemu-system-aar
06:10:22     1000         -   2905597    0.00    2.00    0.00    0.00    2.00    19  |__qemu-system-aar
06:10:22     1000         -   2905604    0.00    0.00    0.00    0.00    0.00     3  |__call_rcu
06:10:22     1000         -   2905619   99.00    1.00    0.00    0.00  100.00     0  |__CPU 0/TCG
06:10:22     1000         -   2905620    1.00    0.00    0.00    0.00    1.00    21  |__CPU 1/TCG
06:10:22     1000         -   2905621   99.00    1.00    0.00    0.00  100.00    20  |__CPU 2/TCG
06:10:22     1000         -   2905622    0.00    0.00    0.00    0.00    0.00     7  |__CPU 3/TCG
06:10:23     1000   2905597         -  199.00    3.00    0.00    0.00  202.00    23  qemu-system-aar
06:10:23     1000         -   2905597    1.00    2.00    0.00    0.00    3.00    23  |__qemu-system-aar
06:10:23     1000         -   2905604    0.00    0.00    0.00    0.00    0.00     3  |__call_rcu
06:10:23     1000         -   2905619   98.00    1.00    0.00    0.00   99.00     0  |__CPU 0/TCG
06:10:23     1000         -   2905620    1.00    0.00    0.00    0.00    1.00    19  |__CPU 1/TCG
06:10:23     1000         -   2905621   99.00    1.00    0.00    0.00  100.00     4  |__CPU 2/TCG
06:10:23     1000         -   2905622    0.00    0.00    0.00    0.00    0.00     7  |__CPU 3/TCG
06:10:24     1000   2905597         -  201.00    2.00    0.00    0.00  203.00     5  qemu-system-aar
06:10:24     1000         -   2905597    0.00    2.00    0.00    0.00    2.00     5  |__qemu-system-aar
06:10:24     1000         -   2905604    0.00    0.00    0.00    0.00    0.00     3  |__call_rcu
06:10:24     1000         -   2905619   99.00    0.00    0.00    0.00   99.00    16  |__CPU 0/TCG
06:10:24     1000         -   2905620    0.00    0.00    0.00    0.00    0.00    19  |__CPU 1/TCG
06:10:24     1000         -   2905621   99.00    1.00    0.00    0.00  100.00     4  |__CPU 2/TCG
06:10:24     1000         -   2905622    0.00    0.00    0.00    0.00    0.00     7  |__CPU 3/TCG
06:10:25     1000   2905597         -  199.00    3.00    0.00    0.00  202.00     6  qemu-system-aar
06:10:25     1000         -   2905597    2.00    2.00    0.00    0.00    4.00     6  |__qemu-system-aar
06:10:25     1000         -   2905604    0.00    0.00    0.00    0.00    0.00     3  |__call_rcu
06:10:25     1000         -   2905619   99.00    1.00    0.00    0.00  100.00    16  |__CPU 0/TCG
06:10:25     1000         -   2905620    1.00    0.00    0.00    0.00    1.00    21  |__CPU 1/TCG
06:10:25     1000         -   2905621   99.00    0.00    0.00    0.00   99.00    20  |__CPU 2/TCG
06:10:25     1000         -   2905622    0.00    0.00    0.00    0.00    0.00     7  |__CPU 3/TCG
06:10:26     1000   2905597         -  198.00    3.00    0.00    0.00  201.00     7  qemu-system-aar
06:10:26     1000         -   2905597    0.00    2.00    0.00    0.00    2.00     7  |__qemu-system-aar
06:10:26     1000         -   2905604    0.00    0.00    0.00    0.00    0.00     3  |__call_rcu
06:10:26     1000         -   2905619   98.00    1.00    0.00    0.00   99.00    16  |__CPU 0/TCG
06:10:26     1000         -   2905620    0.00    0.00    0.00    0.00    0.00    21  |__CPU 1/TCG
06:10:26     1000         -   2905621   98.00    1.00    0.00    0.00   99.00     4  |__CPU 2/TCG
06:10:26     1000         -   2905622    0.00    0.00    0.00    0.00    0.00     7  |__CPU 3/TCG
06:10:27     1000   2905597         -  201.00    2.00    0.00    0.00  203.00    17  qemu-system-aar
06:10:27     1000         -   2905597    1.00    2.00    0.00    0.00    3.00    17  |__qemu-system-aar
06:10:27     1000         -   2905604    0.00    0.00    0.00    0.00    0.00     3  |__call_rcu
06:10:27     1000         -   2905619   99.00    0.00    0.00    0.00   99.00    16  |__CPU 0/TCG
06:10:27     1000         -   2905620    1.00    0.00    0.00    0.00    1.00    21  |__CPU 1/TCG
06:10:27     1000         -   2905621   99.00    1.00    0.00    0.00  100.00     4  |__CPU 2/TCG
06:10:27     1000         -   2905622    0.00    0.00    0.00    0.00    0.00     7  |__CPU 3/TCG
06:10:28     1000   2905597         -  200.00    3.00    0.00    0.00  203.00     5  qemu-system-aar
06:10:28     1000         -   2905597    1.00    2.00    0.00    0.00    3.00     5  |__qemu-system-aar
06:10:28     1000         -   2905604    0.00    0.00    0.00    0.00    0.00     3  |__call_rcu
06:10:28     1000         -   2905619   99.00    0.00    0.00    0.00   99.00    16  |__CPU 0/TCG
06:10:28     1000         -   2905620    0.00    0.00    0.00    0.00    0.00    21  |__CPU 1/TCG
06:10:28     1000         -   2905621   98.00    1.00    0.00    0.00   99.00     4  |__CPU 2/TCG
06:10:28     1000         -   2905622    0.00    0.00    0.00    0.00    0.00     7  |__CPU 3/TCG
06:10:29     1000   2905597         -  199.00    2.00    0.00    0.00  201.00    17  qemu-system-aar
06:10:29     1000         -   2905597    1.00    2.00    0.00    0.00    3.00    17  |__qemu-system-aar
06:10:29     1000         -   2905604    0.00    0.00    0.00    0.00    0.00     3  |__call_rcu
06:10:29     1000         -   2905619   99.00    1.00    0.00    0.00  100.00    16  |__CPU 0/TCG
06:10:29     1000         -   2905620    0.00    0.00    0.00    0.00    0.00    23  |__CPU 1/TCG
06:10:29     1000         -   2905621   98.00    2.00    0.00    0.00  100.00     4  |__CPU 2/TCG
06:10:29     1000         -   2905622    0.00    0.00    0.00    0.00    0.00     7  |__CPU 3/TCG
06:10:30     1000   2905597         -  200.00    3.00    0.00    0.00  203.00     5  qemu-system-aar
06:10:30     1000         -   2905597    2.00    1.00    0.00    0.00    3.00     5  |__qemu-system-aar
06:10:30     1000         -   2905604    0.00    0.00    0.00    0.00    0.00     3  |__call_rcu
06:10:30     1000         -   2905619   99.00    1.00    0.00    0.00  100.00    16  |__CPU 0/TCG
06:10:30     1000         -   2905620    1.00    0.00    0.00    0.00    1.00    23  |__CPU 1/TCG
06:10:30     1000         -   2905621   99.00    0.00    0.00    0.00   99.00     4  |__CPU 2/TCG
06:10:30     1000         -   2905622    0.00    0.00    0.00    0.00    0.00     7  |__CPU 3/TCG
06:10:31     1000   2905597         -  199.00    2.00    0.00    0.00  201.00     6  qemu-system-aar
06:10:31     1000         -   2905597    1.00    2.00    0.00    0.00    3.00     6  |__qemu-system-aar
06:10:31     1000         -   2905604    0.00    0.00    0.00    0.00    0.00     3  |__call_rcu
06:10:31     1000         -   2905619   98.00    0.00    0.00    0.00   98.00     2  |__CPU 0/TCG
06:10:31     1000         -   2905620    1.00    0.00    0.00    0.00    1.00    23  |__CPU 1/TCG
06:10:31     1000         -   2905621   98.00    1.00    0.00    0.00   99.00    20  |__CPU 2/TCG
06:10:31     1000         -   2905622    0.00    0.00    0.00    0.00    0.00     7  |__CPU 3/TCG
06:10:32     1000   2905597         -  201.00    2.00    0.00    0.00  203.00     5  qemu-system-aar
06:10:32     1000         -   2905597    1.00    2.00    0.00    0.00    3.00     5  |__qemu-system-aar
06:10:32     1000         -   2905604    0.00    0.00    0.00    0.00    0.00     3  |__call_rcu
06:10:32     1000         -   2905619   99.00    0.00    0.00    0.00   99.00     0  |__CPU 0/TCG
06:10:32     1000         -   2905620    0.00    0.00    0.00    0.00    0.00    21  |__CPU 1/TCG
06:10:32     1000         -   2905621   99.00    1.00    0.00    0.00  100.00     4  |__CPU 2/TCG
06:10:32     1000         -   2905622    0.00    0.00    0.00    0.00    0.00     7  |__CPU 3/TCG
06:10:33     1000   2905597         -  199.00    3.00    0.00    0.00  202.00    18  qemu-system-aar
06:10:33     1000         -   2905597    1.00    2.00    0.00    0.00    3.00    18  |__qemu-system-aar
06:10:33     1000         -   2905604    0.00    0.00    0.00    0.00    0.00     3  |__call_rcu
06:10:33     1000         -   2905619   99.00    1.00    0.00    0.00  100.00    16  |__CPU 0/TCG
06:10:33     1000         -   2905620    0.00    0.00    0.00    0.00    0.00    21  |__CPU 1/TCG
06:10:33     1000         -   2905621   99.00    1.00    0.00    0.00  100.00    20  |__CPU 2/TCG
06:10:33     1000         -   2905622    0.00    0.00    0.00    0.00    0.00     7  |__CPU 3/TCG
06:10:34     1000   2905597         -  200.00    3.00    0.00    0.00  203.00    18  qemu-system-aar
06:10:34     1000         -   2905597    1.00    2.00    0.00    0.00    3.00    18  |__qemu-system-aar
06:10:34     1000         -   2905604    0.00    0.00    0.00    0.00    0.00     3  |__call_rcu
06:10:34     1000         -   2905619   99.00    0.00    0.00    0.00   99.00    16  |__CPU 0/TCG
06:10:34     1000         -   2905620    1.00    0.00    0.00    0.00    1.00    23  |__CPU 1/TCG
06:10:34     1000         -   2905621   99.00    1.00    0.00    0.00  100.00    20  |__CPU 2/TCG
06:10:34     1000         -   2905622    0.00    0.00    0.00    0.00    0.00     7  |__CPU 3/TCG
06:10:35     1000   2905597         -  201.00    2.00    0.00    0.00  203.00    18  qemu-system-aar
06:10:35     1000         -   2905597    1.00    1.00    0.00    0.00    2.00    18  |__qemu-system-aar
06:10:35     1000         -   2905604    0.00    0.00    0.00    0.00    0.00     3  |__call_rcu
06:10:35     1000         -   2905619   99.00    0.00    0.00    0.00   99.00    16  |__CPU 0/TCG
06:10:35     1000         -   2905620    1.00    0.00    0.00    0.00    1.00    21  |__CPU 1/TCG
06:10:35     1000         -   2905621   98.00    1.00    0.00    0.00   99.00     4  |__CPU 2/TCG
06:10:35     1000         -   2905622    0.00    0.00    0.00    0.00    0.00     7  |__CPU 3/TCG
06:10:36     1000   2905597         -  199.00    1.00    0.00    0.00  200.00    21  qemu-system-aar
06:10:36     1000         -   2905597    1.00    2.00    0.00    0.00    3.00    21  |__qemu-system-aar
06:10:36     1000         -   2905604    0.00    0.00    0.00    0.00    0.00     3  |__call_rcu
06:10:36     1000         -   2905619   98.00    1.00    0.00    0.00   99.00    16  |__CPU 0/TCG
06:10:36     1000         -   2905620    0.00    0.00    0.00    0.00    0.00    23  |__CPU 1/TCG
06:10:36     1000         -   2905621   99.00    1.00    0.00    0.00  100.00    20  |__CPU 2/TCG
06:10:36     1000         -   2905622    0.00    0.00    0.00    0.00    0.00     7  |__CPU 3/TCG
06:10:37     1000   2905597         -  201.00    2.00    0.00    0.00  203.00    19  qemu-system-aar
06:10:37     1000         -   2905597    1.00    2.00    0.00    0.00    3.00    19  |__qemu-system-aar
06:10:37     1000         -   2905604    0.00    0.00    0.00    0.00    0.00     3  |__call_rcu
06:10:37     1000         -   2905619  100.00    0.00    0.00    0.00  100.00    16  |__CPU 0/TCG
06:10:37     1000         -   2905620    1.00    0.00    0.00    0.00    1.00    23  |__CPU 1/TCG
06:10:37     1000         -   2905621   98.00    1.00    0.00    0.00   99.00    20  |__CPU 2/TCG
06:10:37     1000         -   2905622    0.00    0.00    0.00    0.00    0.00     7  |__CPU 3/TCG
06:10:38     1000   2905597         -  200.00    3.00    0.00    0.00  203.00     2  qemu-system-aar
06:10:38     1000         -   2905597    1.00    2.00    0.00    0.00    3.00     2  |__qemu-system-aar
06:10:38     1000         -   2905604    0.00    0.00    0.00    0.00    0.00     3  |__call_rcu
06:10:38     1000         -   2905619   99.00    1.00    0.00    0.00  100.00    16  |__CPU 0/TCG
06:10:38     1000         -   2905620    0.00    0.00    0.00    0.00    0.00    22  |__CPU 1/TCG
06:10:38     1000         -   2905621   99.00    1.00    0.00    0.00  100.00    20  |__CPU 2/TCG
06:10:38     1000         -   2905622    0.00    0.00    0.00    0.00    0.00     7  |__CPU 3/TCG
06:10:39     1000   2905597         -  200.00    2.00    0.00    0.00  202.00     5  qemu-system-aar
06:10:39     1000         -   2905597    1.00    2.00    0.00    0.00    3.00     5  |__qemu-system-aar
06:10:39     1000         -   2905604    0.00    0.00    0.00    0.00    0.00     3  |__call_rcu
06:10:39     1000         -   2905619   99.00    0.00    0.00    0.00   99.00    16  |__CPU 0/TCG
06:10:39     1000         -   2905620    1.00    0.00    0.00    0.00    1.00    22  |__CPU 1/TCG
06:10:39     1000         -   2905621   98.00    1.00    0.00    0.00   99.00    20  |__CPU 2/TCG
06:10:39     1000         -   2905622    0.00    0.00    0.00    0.00    0.00     7  |__CPU 3/TCG
06:10:40     1000   2905597         -  201.00    1.00    0.00    0.00  202.00    17  qemu-system-aar
06:10:40     1000         -   2905597    1.00    2.00    0.00    0.00    3.00    17  |__qemu-system-aar
06:10:40     1000         -   2905604    0.00    0.00    0.00    0.00    0.00     3  |__call_rcu
06:10:40     1000         -   2905619   99.00    0.00    0.00    0.00   99.00    16  |__CPU 0/TCG
06:10:40     1000         -   2905620    0.00    0.00    0.00    0.00    0.00    22  |__CPU 1/TCG
06:10:40     1000         -   2905621  100.00    1.00    0.00    0.00  101.00    20  |__CPU 2/TCG
06:10:40     1000         -   2905622    0.00    0.00    0.00    0.00    0.00     7  |__CPU 3/TCG
06:10:41     1000   2905597         -  198.00    3.00    0.00    0.00  201.00    17  qemu-system-aar
06:10:41     1000         -   2905597    1.00    2.00    0.00    0.00    3.00    17  |__qemu-system-aar
06:10:41     1000         -   2905604    0.00    0.00    0.00    0.00    0.00     3  |__call_rcu
06:10:41     1000         -   2905619   98.00    1.00    0.00    0.00   99.00    16  |__CPU 0/TCG
06:10:41     1000         -   2905620    1.00    0.00    0.00    0.00    1.00    22  |__CPU 1/TCG
06:10:41     1000         -   2905621   97.00    1.00    0.00    0.00   98.00    20  |__CPU 2/TCG
06:10:41     1000         -   2905622    0.00    0.00    0.00    0.00    0.00     7  |__CPU 3/TCG
06:10:42     1000   2905597         -  201.00    2.00    0.00    0.00  203.00    18  qemu-system-aar
06:10:42     1000         -   2905597    1.00    1.00    0.00    0.00    2.00    18  |__qemu-system-aar
06:10:42     1000         -   2905604    0.00    0.00    0.00    0.00    0.00     3  |__call_rcu
06:10:42     1000         -   2905619   99.00    0.00    0.00    0.00   99.00    16  |__CPU 0/TCG
06:10:42     1000         -   2905620    0.00    0.00    0.00    0.00    0.00    22  |__CPU 1/TCG
06:10:42     1000         -   2905621   99.00    1.00    0.00    0.00  100.00    20  |__CPU 2/TCG
06:10:42     1000         -   2905622    0.00    0.00    0.00    0.00    0.00     7  |__CPU 3/TCG
06:10:43     1000   2905597         -  200.00    3.00    0.00    0.00  203.00    21  qemu-system-aar
06:10:43     1000         -   2905597    2.00    2.00    0.00    0.00    4.00    21  |__qemu-system-aar
06:10:43     1000         -   2905604    0.00    0.00    0.00    0.00    0.00     3  |__call_rcu
06:10:43     1000         -   2905619   99.00    1.00    0.00    0.00  100.00     0  |__CPU 0/TCG
06:10:43     1000         -   2905620    1.00    0.00    0.00    0.00    1.00     5  |__CPU 1/TCG
06:10:43     1000         -   2905621   98.00    1.00    0.00    0.00   99.00    20  |__CPU 2/TCG
06:10:43     1000         -   2905622    0.00    0.00    0.00    0.00    0.00     7  |__CPU 3/TCG
06:10:44     1000   2905597         -  199.00    3.00    0.00    0.00  202.00    23  qemu-system-aar
06:10:44     1000         -   2905597    1.00    2.00    0.00    0.00    3.00    23  |__qemu-system-aar
06:10:44     1000         -   2905604    0.00    0.00    0.00    0.00    0.00     3  |__call_rcu
06:10:44     1000         -   2905619   99.00    0.00    0.00    0.00   99.00     0  |__CPU 0/TCG
06:10:44     1000         -   2905620    0.00    0.00    0.00    0.00    0.00     5  |__CPU 1/TCG
06:10:44     1000         -   2905621   99.00    1.00    0.00    0.00  100.00     4  |__CPU 2/TCG
06:10:44     1000         -   2905622    0.00    0.00    0.00    0.00    0.00     7  |__CPU 3/TCG
06:10:45     1000   2905597         -  200.00    2.00    0.00    0.00  202.00     1  qemu-system-aar
06:10:45     1000         -   2905597    0.00    2.00    0.00    0.00    2.00     1  |__qemu-system-aar
06:10:45     1000         -   2905604    0.00    0.00    0.00    0.00    0.00     3  |__call_rcu
06:10:45     1000         -   2905619   98.00    1.00    0.00    0.00   99.00    16  |__CPU 0/TCG
06:10:45     1000         -   2905620    1.00    0.00    0.00    0.00    1.00     5  |__CPU 1/TCG
06:10:45     1000         -   2905621   99.00    1.00    0.00    0.00  100.00     4  |__CPU 2/TCG
06:10:45     1000         -   2905622    0.00    0.00    0.00    0.00    0.00     7  |__CPU 3/TCG
06:10:46     1000   2905597         -  200.00    3.00    0.00    0.00  203.00     5  qemu-system-aar
06:10:46     1000         -   2905597    1.00    2.00    0.00    0.00    3.00     5  |__qemu-system-aar
06:10:46     1000         -   2905604    0.00    0.00    0.00    0.00    0.00     3  |__call_rcu
06:10:46     1000         -   2905619   99.00    0.00    0.00    0.00   99.00     0  |__CPU 0/TCG
06:10:46     1000         -   2905620    0.00    0.00    0.00    0.00    0.00    23  |__CPU 1/TCG
06:10:46     1000         -   2905621   99.00    0.00    0.00    0.00   99.00     4  |__CPU 2/TCG
06:10:46     1000         -   2905622    0.00    0.00    0.00    0.00    0.00     7  |__CPU 3/TCG
06:10:47     1000   2905597         -  199.00    3.00    0.00    0.00  202.00     5  qemu-system-aar
06:10:47     1000         -   2905597    0.00    3.00    0.00    0.00    3.00     5  |__qemu-system-aar
06:10:47     1000         -   2905604    0.00    0.00    0.00    0.00    0.00     3  |__call_rcu
06:10:47     1000         -   2905619   99.00    1.00    0.00    0.00  100.00    16  |__CPU 0/TCG
06:10:47     1000         -   2905620    1.00    0.00    0.00    0.00    1.00    23  |__CPU 1/TCG
06:10:47     1000         -   2905621   99.00    2.00    0.00    0.00  101.00     4  |__CPU 2/TCG
06:10:47     1000         -   2905622    0.00    0.00    0.00    0.00    0.00     7  |__CPU 3/TCG
06:10:48     1000   2905597         -  201.00    2.00    0.00    0.00  203.00     3  qemu-system-aar
06:10:48     1000         -   2905597    1.00    2.00    0.00    0.00    3.00     3  |__qemu-system-aar
06:10:48     1000         -   2905604    0.00    0.00    0.00    0.00    0.00     3  |__call_rcu
06:10:48     1000         -   2905619   99.00    0.00    0.00    0.00   99.00    16  |__CPU 0/TCG
06:10:48     1000         -   2905620    0.00    0.00    0.00    0.00    0.00     2  |__CPU 1/TCG
06:10:48     1000         -   2905621   98.00    0.00    0.00    0.00   98.00     4  |__CPU 2/TCG
06:10:48     1000         -   2905622    0.00    0.00    0.00    0.00    0.00     7  |__CPU 3/TCG
06:10:49     1000   2905597         -  199.00    2.00    0.00    0.00  201.00    17  qemu-system-aar
06:10:49     1000         -   2905597    0.00    2.00    0.00    0.00    2.00    17  |__qemu-system-aar
06:10:49     1000         -   2905604    0.00    0.00    0.00    0.00    0.00     3  |__call_rcu
06:10:49     1000         -   2905619   99.00    1.00    0.00    0.00  100.00    16  |__CPU 0/TCG
06:10:49     1000         -   2905620    1.00    0.00    0.00    0.00    1.00    23  |__CPU 1/TCG
06:10:49     1000         -   2905621   99.00    1.00    0.00    0.00  100.00     4  |__CPU 2/TCG
06:10:49     1000         -   2905622    0.00    0.00    0.00    0.00    0.00     7  |__CPU 3/TCG
06:10:50     1000   2905597         -  201.00    2.00    0.00    0.00  203.00    17  qemu-system-aar
06:10:50     1000         -   2905597    2.00    2.00    0.00    0.00    4.00    17  |__qemu-system-aar
06:10:50     1000         -   2905604    0.00    0.00    0.00    0.00    0.00     3  |__call_rcu
06:10:50     1000         -   2905619   98.00    0.00    0.00    0.00   98.00    16  |__CPU 0/TCG
06:10:50     1000         -   2905620    0.00    0.00    0.00    0.00    0.00    23  |__CPU 1/TCG
06:10:50     1000         -   2905621   99.00    1.00    0.00    0.00  100.00     4  |__CPU 2/TCG
06:10:50     1000         -   2905622    0.00    0.00    0.00    0.00    0.00     7  |__CPU 3/TCG
06:10:51     1000   2905597         -  200.00    3.00    0.00    0.00  203.00     7  qemu-system-aar
06:10:51     1000         -   2905597    1.00    2.00    0.00    0.00    3.00     7  |__qemu-system-aar
06:10:51     1000         -   2905604    0.00    0.00    0.00    0.00    0.00     3  |__call_rcu
06:10:51     1000         -   2905619   99.00    1.00    0.00    0.00  100.00    16  |__CPU 0/TCG
06:10:51     1000         -   2905620    1.00    0.00    0.00    0.00    1.00    23  |__CPU 1/TCG
06:10:51     1000         -   2905621   99.00    1.00    0.00    0.00  100.00     4  |__CPU 2/TCG
06:10:51     1000         -   2905622    0.00    0.00    0.00    0.00    0.00     7  |__CPU 3/TCG
06:10:52     1000   2905597         -  198.00    2.00    0.00    0.00  200.00    19  qemu-system-aar
06:10:52     1000         -   2905597    0.00    2.00    0.00    0.00    2.00    19  |__qemu-system-aar
06:10:52     1000         -   2905604    0.00    0.00    0.00    0.00    0.00     3  |__call_rcu
06:10:52     1000         -   2905619   98.00    0.00    0.00    0.00   98.00    16  |__CPU 0/TCG
06:10:52     1000         -   2905620    0.00    0.00    0.00    0.00    0.00     2  |__CPU 1/TCG
06:10:52     1000         -   2905621   98.00    1.00    0.00    0.00   99.00     4  |__CPU 2/TCG
06:10:52     1000         -   2905622    0.00    0.00    0.00    0.00    0.00     7  |__CPU 3/TCG
06:10:53     1000   2905597         -  200.00    3.00    0.00    0.00  203.00     7  qemu-system-aar
06:10:53     1000         -   2905597    2.00    2.00    0.00    0.00    4.00     7  |__qemu-system-aar
06:10:53     1000         -   2905604    0.00    0.00    0.00    0.00    0.00     3  |__call_rcu
06:10:53     1000         -   2905619   99.00    1.00    0.00    0.00  100.00     0  |__CPU 0/TCG
06:10:53     1000         -   2905620    1.00    0.00    0.00    0.00    1.00     3  |__CPU 1/TCG
06:10:53     1000         -   2905621   98.00    1.00    0.00    0.00   99.00     4  |__CPU 2/TCG
06:10:53     1000         -   2905622    0.00    0.00    0.00    0.00    0.00     7  |__CPU 3/TCG

