Linux 6.17.0-40-generic (9950x) 	08/15/26 	_x86_64_	(32 CPU)

# Time        UID      TGID       TID    %usr %system  %guest   %wait    %CPU   CPU  Command
19:13:00     1000   1302459         -  103.00    6.00    0.00    0.00  109.00     1  qemu-system-aar
19:13:00     1000         -   1302459    1.00    3.00    0.00    0.00    4.00     1  |__qemu-system-aar
19:13:00     1000         -   1302465    0.00    0.00    0.00    0.00    0.00     1  |__call_rcu
19:13:00     1000         -   1302466    0.00    0.00    0.00    0.00    0.00     2  |__worker
19:13:00     1000         -   1302475   93.00    1.00    0.00    0.00   94.00     4  |__CPU 0/TCG
19:13:00     1000         -   1302476    1.00    0.00    0.00    0.00    1.00     2  |__CPU 1/TCG
19:13:00     1000         -   1302477    6.00    0.00    0.00    0.00    6.00     0  |__CPU 2/TCG
19:13:00     1000         -   1302478    0.00    0.00    0.00    0.00    0.00    13  |__CPU 3/TCG
19:13:01     1000   1302459         -  195.00    7.00    0.00    0.00  202.00     2  qemu-system-aar
19:13:01     1000         -   1302459    0.00    3.00    0.00    0.00    3.00     2  |__qemu-system-aar
19:13:01     1000         -   1302465    0.00    0.00    0.00    0.00    0.00     1  |__call_rcu
19:13:01     1000         -   1302466    0.00    0.00    0.00    0.00    0.00     2  |__worker
19:13:01     1000         -   1302475   94.00    6.00    0.00    0.00  100.00     0  |__CPU 0/TCG
19:13:01     1000         -   1302476    1.00    0.00    0.00    0.00    1.00     3  |__CPU 1/TCG
19:13:01     1000         -   1302477   98.00    1.00    0.00    0.00   99.00     4  |__CPU 2/TCG
19:13:01     1000         -   1302478    0.00    0.00    0.00    0.00    0.00    13  |__CPU 3/TCG
19:13:02     1000   1302459         -  199.00    5.00    0.00    0.00  204.00     2  qemu-system-aar
19:13:02     1000         -   1302459    1.00    2.00    0.00    0.00    3.00     2  |__qemu-system-aar
19:13:02     1000         -   1302465    0.00    0.00    0.00    0.00    0.00     1  |__call_rcu
19:13:02     1000         -   1302466    0.00    0.00    0.00    0.00    0.00     2  |__worker
19:13:02     1000         -   1302475   96.00    3.00    0.00    0.00   99.00     0  |__CPU 0/TCG
19:13:02     1000         -   1302476    0.00    0.00    0.00    0.00    0.00     3  |__CPU 1/TCG
19:13:02     1000         -   1302477   99.00    1.00    0.00    0.00  100.00     4  |__CPU 2/TCG
19:13:02     1000         -   1302478    0.00    0.00    0.00    0.00    0.00    13  |__CPU 3/TCG
19:13:03     1000   1302459         -  201.00    2.00    0.00    0.00  203.00     2  qemu-system-aar
19:13:03     1000         -   1302459    1.00    3.00    0.00    0.00    4.00     2  |__qemu-system-aar
19:13:03     1000         -   1302465    0.00    0.00    0.00    0.00    0.00     1  |__call_rcu
19:13:03     1000         -   1302466    0.00    0.00    0.00    0.00    0.00     2  |__worker
19:13:03     1000         -   1302475   98.00    1.00    0.00    0.00   99.00    16  |__CPU 0/TCG
19:13:03     1000         -   1302476    1.00    0.00    0.00    0.00    1.00     3  |__CPU 1/TCG
19:13:03     1000         -   1302477   98.00    2.00    0.00    0.00  100.00    20  |__CPU 2/TCG
19:13:03     1000         -   1302478    0.00    0.00    0.00    0.00    0.00    13  |__CPU 3/TCG
19:13:04     1000   1302459         -  201.00    2.00    0.00    0.00  203.00     1  qemu-system-aar
19:13:04     1000         -   1302459    2.00    2.00    0.00    0.00    4.00     1  |__qemu-system-aar
19:13:04     1000         -   1302465    0.00    0.00    0.00    0.00    0.00     1  |__call_rcu
19:13:04     1000         -   1302466    0.00    0.00    0.00    0.00    0.00     2  |__worker
19:13:04     1000         -   1302475   99.00    1.00    0.00    0.00  100.00    16  |__CPU 0/TCG
19:13:04     1000         -   1302476    0.00    0.00    0.00    0.00    0.00     5  |__CPU 1/TCG
19:13:04     1000         -   1302477   99.00    0.00    0.00    0.00   99.00    20  |__CPU 2/TCG
19:13:04     1000         -   1302478    0.00    0.00    0.00    0.00    0.00    13  |__CPU 3/TCG
19:13:05     1000   1302459         -  202.00    1.00    0.00    0.00  203.00     2  qemu-system-aar
19:13:05     1000         -   1302459    0.00    3.00    0.00    0.00    3.00     2  |__qemu-system-aar
19:13:05     1000         -   1302465    0.00    0.00    0.00    0.00    0.00     1  |__call_rcu
19:13:05     1000         -   1302466    0.00    0.00    0.00    0.00    0.00     2  |__worker
19:13:05     1000         -   1302475   98.00    1.00    0.00    0.00   99.00    16  |__CPU 0/TCG
19:13:05     1000         -   1302476    1.00    0.00    0.00    0.00    1.00     5  |__CPU 1/TCG
19:13:05     1000         -   1302477   99.00    1.00    0.00    0.00  100.00    20  |__CPU 2/TCG
19:13:05     1000         -   1302478    0.00    0.00    0.00    0.00    0.00    14  |__CPU 3/TCG
19:13:06     1000   1302459         -  201.00    2.00    0.00    0.00  203.00     2  qemu-system-aar
19:13:06     1000         -   1302459    1.00    2.00    0.00    0.00    3.00     2  |__qemu-system-aar
19:13:06     1000         -   1302465    0.00    0.00    0.00    0.00    0.00     1  |__call_rcu
19:13:06     1000         -   1302466    0.00    0.00    0.00    0.00    0.00     2  |__worker
19:13:06     1000         -   1302475  100.00    0.00    0.00    0.00  100.00    16  |__CPU 0/TCG
19:13:06     1000         -   1302476    0.00    0.00    0.00    0.00    0.00     5  |__CPU 1/TCG
19:13:06     1000         -   1302477   99.00    1.00    0.00    0.00  100.00    20  |__CPU 2/TCG
19:13:06     1000         -   1302478    0.00    0.00    0.00    0.00    0.00    14  |__CPU 3/TCG
19:13:07     1000   1302459         -  202.00    1.00    0.00    0.00  203.00     3  qemu-system-aar
19:13:07     1000         -   1302459    1.00    2.00    0.00    0.00    3.00     3  |__qemu-system-aar
19:13:07     1000         -   1302465    0.00    0.00    0.00    0.00    0.00     1  |__call_rcu
19:13:07     1000         -   1302466    0.00    0.00    0.00    0.00    0.00     2  |__worker
19:13:07     1000         -   1302475   98.00    0.00    0.00    0.00   98.00    16  |__CPU 0/TCG
19:13:07     1000         -   1302476    1.00    0.00    0.00    0.00    1.00     7  |__CPU 1/TCG
19:13:07     1000         -   1302477   99.00    0.00    0.00    0.00   99.00    20  |__CPU 2/TCG
19:13:07     1000         -   1302478    0.00    0.00    0.00    0.00    0.00    14  |__CPU 3/TCG
19:13:08     1000   1302459         -  201.00    2.00    0.00    0.00  203.00    21  qemu-system-aar
19:13:08     1000         -   1302459    1.00    3.00    0.00    0.00    4.00    21  |__qemu-system-aar
19:13:08     1000         -   1302465    0.00    0.00    0.00    0.00    0.00     1  |__call_rcu
19:13:08     1000         -   1302466    0.00    0.00    0.00    0.00    0.00     2  |__worker
19:13:08     1000         -   1302475   99.00    1.00    0.00    0.00  100.00    16  |__CPU 0/TCG
19:13:08     1000         -   1302476    1.00    0.00    0.00    0.00    1.00     7  |__CPU 1/TCG
19:13:08     1000         -   1302477   99.00    1.00    0.00    0.00  100.00    20  |__CPU 2/TCG
19:13:08     1000         -   1302478    0.00    0.00    0.00    0.00    0.00    14  |__CPU 3/TCG
19:13:09     1000   1302459         -  202.00    1.00    0.00    0.00  203.00    18  qemu-system-aar
19:13:09     1000         -   1302459    1.00    2.00    0.00    0.00    3.00    18  |__qemu-system-aar
19:13:09     1000         -   1302465    0.00    0.00    0.00    0.00    0.00     1  |__call_rcu
19:13:09     1000         -   1302466    0.00    0.00    0.00    0.00    0.00     2  |__worker
19:13:09     1000         -   1302475   99.00    0.00    0.00    0.00   99.00    16  |__CPU 0/TCG
19:13:09     1000         -   1302476    0.00    0.00    0.00    0.00    0.00     7  |__CPU 1/TCG
19:13:09     1000         -   1302477   98.00    2.00    0.00    0.00  100.00    20  |__CPU 2/TCG
19:13:09     1000         -   1302478    0.00    0.00    0.00    0.00    0.00    14  |__CPU 3/TCG
19:13:10     1000   1302459         -  202.00    2.00    0.00    0.00  204.00    18  qemu-system-aar
19:13:10     1000         -   1302459    1.00    3.00    0.00    0.00    4.00    18  |__qemu-system-aar
19:13:10     1000         -   1302465    0.00    0.00    0.00    0.00    0.00     1  |__call_rcu
19:13:10     1000         -   1302475   99.00    0.00    0.00    0.00   99.00    16  |__CPU 0/TCG
19:13:10     1000         -   1302476    1.00    0.00    0.00    0.00    1.00     7  |__CPU 1/TCG
19:13:10     1000         -   1302477  100.00    0.00    0.00    0.00  100.00    20  |__CPU 2/TCG
19:13:10     1000         -   1302478    0.00    0.00    0.00    0.00    0.00    14  |__CPU 3/TCG
19:13:11     1000   1302459         -  202.00    1.00    0.00    0.00  203.00    23  qemu-system-aar
19:13:11     1000         -   1302459    0.00    2.00    0.00    0.00    2.00    23  |__qemu-system-aar
19:13:11     1000         -   1302465    0.00    0.00    0.00    0.00    0.00     1  |__call_rcu
19:13:11     1000         -   1302475  100.00    1.00    0.00    0.00  101.00    16  |__CPU 0/TCG
19:13:11     1000         -   1302476    0.00    0.00    0.00    0.00    0.00     7  |__CPU 1/TCG
19:13:11     1000         -   1302477   99.00    1.00    0.00    0.00  100.00     4  |__CPU 2/TCG
19:13:11     1000         -   1302478    0.00    0.00    0.00    0.00    0.00    14  |__CPU 3/TCG
19:13:12     1000   1302459         -  201.00    1.00    0.00    0.00  202.00    23  qemu-system-aar
19:13:12     1000         -   1302459    2.00    2.00    0.00    0.00    4.00    23  |__qemu-system-aar
19:13:12     1000         -   1302465    0.00    0.00    0.00    0.00    0.00     1  |__call_rcu
19:13:12     1000         -   1302475   99.00    0.00    0.00    0.00   99.00    16  |__CPU 0/TCG
19:13:12     1000         -   1302476    0.00    0.00    0.00    0.00    0.00     7  |__CPU 1/TCG
19:13:12     1000         -   1302477   99.00    0.00    0.00    0.00   99.00    20  |__CPU 2/TCG
19:13:12     1000         -   1302478    0.00    0.00    0.00    0.00    0.00    14  |__CPU 3/TCG
