Linux 6.17.0-40-generic (9950x) 	08/15/26 	_x86_64_	(32 CPU)

# Time        UID      TGID       TID    %usr %system  %guest   %wait    %CPU   CPU  Command
21:07:28     1000   1442587         -  102.00    7.00    0.00    0.00  109.00     1  qemu-system-aar
21:07:28     1000         -   1442587    1.00    3.00    0.00    0.00    4.00     1  |__qemu-system-aar
21:07:28     1000         -   1442594    0.00    0.00    0.00    0.00    0.00     1  |__call_rcu
21:07:28     1000         -   1442595    0.00    0.00    0.00    0.00    0.00    14  |__worker
21:07:28     1000         -   1442596    0.00    0.00    0.00    0.00    0.00    13  |__worker
21:07:28     1000         -   1442624   93.00    2.00    0.00    0.00   95.00    16  |__CPU 0/TCG
21:07:28     1000         -   1442625    1.00    0.00    0.00    0.00    1.00    11  |__CPU 1/TCG
21:07:28     1000         -   1442626    6.00    0.00    0.00    0.00    6.00     4  |__CPU 2/TCG
21:07:28     1000         -   1442627    0.00    0.00    0.00    0.00    0.00     2  |__CPU 3/TCG
21:07:29     1000   1442587         -  200.00    4.00    0.00    0.00  204.00     2  qemu-system-aar
21:07:29     1000         -   1442587    1.00    2.00    0.00    0.00    3.00     2  |__qemu-system-aar
21:07:29     1000         -   1442594    0.00    0.00    0.00    0.00    0.00     1  |__call_rcu
21:07:29     1000         -   1442595    0.00    0.00    0.00    0.00    0.00    14  |__worker
21:07:29     1000         -   1442596    0.00    0.00    0.00    0.00    0.00    13  |__worker
21:07:29     1000         -   1442624   98.00    1.00    0.00    0.00   99.00    16  |__CPU 0/TCG
21:07:29     1000         -   1442625    1.00    0.00    0.00    0.00    1.00    13  |__CPU 1/TCG
21:07:29     1000         -   1442626   98.00    2.00    0.00    0.00  100.00    20  |__CPU 2/TCG
21:07:29     1000         -   1442627    0.00    0.00    0.00    0.00    0.00     2  |__CPU 3/TCG
21:07:30     1000   1442587         -  201.00    2.00    0.00    0.00  203.00     6  qemu-system-aar
21:07:30     1000         -   1442587    2.00    2.00    0.00    0.00    4.00     6  |__qemu-system-aar
21:07:30     1000         -   1442594    0.00    0.00    0.00    0.00    0.00     1  |__call_rcu
21:07:30     1000         -   1442595    0.00    0.00    0.00    0.00    0.00    14  |__worker
21:07:30     1000         -   1442596    0.00    0.00    0.00    0.00    0.00    13  |__worker
21:07:30     1000         -   1442624   98.00    1.00    0.00    0.00   99.00    16  |__CPU 0/TCG
21:07:30     1000         -   1442625    1.00    0.00    0.00    0.00    1.00    13  |__CPU 1/TCG
21:07:30     1000         -   1442626   99.00    0.00    0.00    0.00   99.00     4  |__CPU 2/TCG
21:07:30     1000         -   1442627    0.00    0.00    0.00    0.00    0.00     2  |__CPU 3/TCG
21:07:31     1000   1442587         -  198.00    6.00    0.00    0.00  204.00    13  qemu-system-aar
21:07:31     1000         -   1442587    1.00    4.00    0.00    0.00    5.00    13  |__qemu-system-aar
21:07:31     1000         -   1442594    0.00    0.00    0.00    0.00    0.00     1  |__call_rcu
21:07:31     1000         -   1442595    0.00    0.00    0.00    0.00    0.00    14  |__worker
21:07:31     1000         -   1442596    0.00    0.00    0.00    0.00    0.00    13  |__worker
21:07:31     1000         -   1442624   98.00    0.00    0.00    0.00   98.00     0  |__CPU 0/TCG
21:07:31     1000         -   1442625    1.00    0.00    0.00    0.00    1.00    12  |__CPU 1/TCG
21:07:31     1000         -   1442626   97.00    2.00    0.00    0.00   99.00     4  |__CPU 2/TCG
21:07:31     1000         -   1442627    0.00    0.00    0.00    0.00    0.00     2  |__CPU 3/TCG
21:07:32     1000   1442587         -  200.00    3.00    0.00    0.00  203.00     6  qemu-system-aar
21:07:32     1000         -   1442587    1.00    3.00    0.00    0.00    4.00     6  |__qemu-system-aar
21:07:32     1000         -   1442594    0.00    0.00    0.00    0.00    0.00     1  |__call_rcu
21:07:32     1000         -   1442595    0.00    0.00    0.00    0.00    0.00    14  |__worker
21:07:32     1000         -   1442596    0.00    0.00    0.00    0.00    0.00    13  |__worker
21:07:32     1000         -   1442624   99.00    1.00    0.00    0.00  100.00     0  |__CPU 0/TCG
21:07:32     1000         -   1442625    0.00    0.00    0.00    0.00    0.00    12  |__CPU 1/TCG
21:07:32     1000         -   1442626   99.00    1.00    0.00    0.00  100.00     4  |__CPU 2/TCG
21:07:32     1000         -   1442627    0.00    0.00    0.00    0.00    0.00     2  |__CPU 3/TCG
21:07:33     1000   1442587         -  202.00    3.00    0.00    0.00  205.00    16  qemu-system-aar
21:07:33     1000         -   1442587    2.00    3.00    0.00    0.00    5.00    16  |__qemu-system-aar
21:07:33     1000         -   1442594    0.00    0.00    0.00    0.00    0.00     1  |__call_rcu
21:07:33     1000         -   1442595    0.00    0.00    0.00    0.00    0.00    14  |__worker
21:07:33     1000         -   1442596    0.00    0.00    0.00    0.00    0.00    13  |__worker
21:07:33     1000         -   1442624   99.00    0.00    0.00    0.00   99.00     0  |__CPU 0/TCG
21:07:33     1000         -   1442625    1.00    0.00    0.00    0.00    1.00    17  |__CPU 1/TCG
21:07:33     1000         -   1442626   99.00    0.00    0.00    0.00   99.00     4  |__CPU 2/TCG
21:07:33     1000         -   1442627    0.00    0.00    0.00    0.00    0.00     2  |__CPU 3/TCG
21:07:34     1000   1442587         -  201.00    2.00    0.00    0.00  203.00     6  qemu-system-aar
21:07:34     1000         -   1442587    1.00    3.00    0.00    0.00    4.00     6  |__qemu-system-aar
21:07:34     1000         -   1442594    0.00    0.00    0.00    0.00    0.00     1  |__call_rcu
21:07:34     1000         -   1442595    0.00    0.00    0.00    0.00    0.00    14  |__worker
21:07:34     1000         -   1442596    0.00    0.00    0.00    0.00    0.00    13  |__worker
21:07:34     1000         -   1442624   99.00    1.00    0.00    0.00  100.00    16  |__CPU 0/TCG
21:07:34     1000         -   1442625    0.00    0.00    0.00    0.00    0.00    17  |__CPU 1/TCG
21:07:34     1000         -   1442626  100.00    1.00    0.00    0.00  101.00     4  |__CPU 2/TCG
21:07:34     1000         -   1442627    0.00    0.00    0.00    0.00    0.00     2  |__CPU 3/TCG
21:07:35     1000   1442587         -  201.00    2.00    0.00    0.00  203.00    17  qemu-system-aar
21:07:35     1000         -   1442587    1.00    2.00    0.00    0.00    3.00    17  |__qemu-system-aar
21:07:35     1000         -   1442594    0.00    0.00    0.00    0.00    0.00     1  |__call_rcu
21:07:35     1000         -   1442595    0.00    0.00    0.00    0.00    0.00    14  |__worker
21:07:35     1000         -   1442596    0.00    0.00    0.00    0.00    0.00    13  |__worker
21:07:35     1000         -   1442624   99.00    1.00    0.00    0.00  100.00     0  |__CPU 0/TCG
21:07:35     1000         -   1442625    1.00    1.00    0.00    0.00    2.00    21  |__CPU 1/TCG
21:07:35     1000         -   1442626   98.00    1.00    0.00    0.00   99.00     4  |__CPU 2/TCG
21:07:35     1000         -   1442627    0.00    0.00    0.00    0.00    0.00     2  |__CPU 3/TCG
21:07:36     1000   1442587         -  201.00    2.00    0.00    0.00  203.00    17  qemu-system-aar
21:07:36     1000         -   1442587    1.00    2.00    0.00    0.00    3.00    17  |__qemu-system-aar
21:07:36     1000         -   1442594    0.00    0.00    0.00    0.00    0.00     1  |__call_rcu
21:07:36     1000         -   1442595    0.00    0.00    0.00    0.00    0.00    14  |__worker
21:07:36     1000         -   1442596    0.00    0.00    0.00    0.00    0.00    13  |__worker
21:07:36     1000         -   1442624   99.00    0.00    0.00    0.00   99.00    16  |__CPU 0/TCG
21:07:36     1000         -   1442625    0.00    0.00    0.00    0.00    0.00    21  |__CPU 1/TCG
21:07:36     1000         -   1442626   99.00    0.00    0.00    0.00   99.00     4  |__CPU 2/TCG
21:07:36     1000         -   1442627    0.00    0.00    0.00    0.00    0.00     2  |__CPU 3/TCG
21:07:37     1000   1442587         -  200.00    3.00    0.00    0.00  203.00    17  qemu-system-aar
21:07:37     1000         -   1442587    2.00    2.00    0.00    0.00    4.00    17  |__qemu-system-aar
21:07:37     1000         -   1442594    0.00    0.00    0.00    0.00    0.00     1  |__call_rcu
21:07:37     1000         -   1442595    0.00    0.00    0.00    0.00    0.00    14  |__worker
21:07:37     1000         -   1442596    0.00    0.00    0.00    0.00    0.00    13  |__worker
21:07:37     1000         -   1442624   99.00    0.00    0.00    0.00   99.00    16  |__CPU 0/TCG
21:07:37     1000         -   1442625    1.00    0.00    0.00    0.00    1.00    21  |__CPU 1/TCG
21:07:37     1000         -   1442626   99.00    1.00    0.00    0.00  100.00     4  |__CPU 2/TCG
21:07:37     1000         -   1442627    0.00    0.00    0.00    0.00    0.00     2  |__CPU 3/TCG
21:07:38     1000   1442587         -  199.00    3.00    0.00    0.00  202.00     6  qemu-system-aar
21:07:38     1000         -   1442587    1.00    2.00    0.00    0.00    3.00     6  |__qemu-system-aar
21:07:38     1000         -   1442594    0.00    0.00    0.00    0.00    0.00     1  |__call_rcu
21:07:38     1000         -   1442596    0.00    0.00    0.00    0.00    0.00    13  |__worker
21:07:38     1000         -   1442624   99.00    1.00    0.00    0.00  100.00    16  |__CPU 0/TCG
21:07:38     1000         -   1442625    0.00    0.00    0.00    0.00    0.00    22  |__CPU 1/TCG
21:07:38     1000         -   1442626   99.00    1.00    0.00    0.00  100.00     4  |__CPU 2/TCG
21:07:38     1000         -   1442627    0.00    0.00    0.00    0.00    0.00     2  |__CPU 3/TCG
21:07:39     1000   1442587         -  201.00    2.00    0.00    0.00  203.00    17  qemu-system-aar
21:07:39     1000         -   1442587    1.00    2.00    0.00    0.00    3.00    17  |__qemu-system-aar
21:07:39     1000         -   1442594    0.00    0.00    0.00    0.00    0.00     1  |__call_rcu
21:07:39     1000         -   1442596    0.00    0.00    0.00    0.00    0.00    13  |__worker
21:07:39     1000         -   1442624   99.00    0.00    0.00    0.00   99.00    16  |__CPU 0/TCG
21:07:39     1000         -   1442625    1.00    0.00    0.00    0.00    1.00    22  |__CPU 1/TCG
21:07:39     1000         -   1442626   99.00    1.00    0.00    0.00  100.00     4  |__CPU 2/TCG
21:07:39     1000         -   1442627    0.00    0.00    0.00    0.00    0.00     2  |__CPU 3/TCG
21:07:40     1000   1442587         -  201.00    3.00    0.00    0.00  204.00    17  qemu-system-aar
21:07:40     1000         -   1442587    1.00    2.00    0.00    0.00    3.00    17  |__qemu-system-aar
21:07:40     1000         -   1442594    0.00    0.00    0.00    0.00    0.00     1  |__call_rcu
21:07:40     1000         -   1442596    0.00    0.00    0.00    0.00    0.00    13  |__worker
21:07:40     1000         -   1442624   99.00    0.00    0.00    0.00   99.00    16  |__CPU 0/TCG
21:07:40     1000         -   1442625    0.00    0.00    0.00    0.00    0.00     1  |__CPU 1/TCG
21:07:40     1000         -   1442626   99.00    1.00    0.00    0.00  100.00     4  |__CPU 2/TCG
21:07:40     1000         -   1442627    0.00    0.00    0.00    0.00    0.00     2  |__CPU 3/TCG
21:07:41     1000   1442587         -  199.00    4.00    0.00    0.00  203.00     2  qemu-system-aar
21:07:41     1000         -   1442587    1.00    3.00    0.00    0.00    4.00     2  |__qemu-system-aar
21:07:41     1000         -   1442594    0.00    0.00    0.00    0.00    0.00     1  |__call_rcu
21:07:41     1000         -   1442596    0.00    0.00    0.00    0.00    0.00    13  |__worker
21:07:41     1000         -   1442624   98.00    1.00    0.00    0.00   99.00     0  |__CPU 0/TCG
21:07:41     1000         -   1442625    1.00    0.00    0.00    0.00    1.00    23  |__CPU 1/TCG
21:07:41     1000         -   1442626   97.00    1.00    0.00    0.00   98.00     4  |__CPU 2/TCG
21:07:41     1000         -   1442627    0.00    0.00    0.00    0.00    0.00     2  |__CPU 3/TCG
21:07:42     1000   1442587         -  199.00    3.00    0.00    0.00  202.00     3  qemu-system-aar
21:07:42     1000         -   1442587    1.00    2.00    0.00    0.00    3.00     3  |__qemu-system-aar
21:07:42     1000         -   1442594    0.00    0.00    0.00    0.00    0.00     1  |__call_rcu
21:07:42     1000         -   1442596    0.00    0.00    0.00    0.00    0.00    13  |__worker
21:07:42     1000         -   1442624   99.00    1.00    0.00    0.00  100.00    16  |__CPU 0/TCG
21:07:42     1000         -   1442625    1.00    0.00    0.00    0.00    1.00    23  |__CPU 1/TCG
21:07:42     1000         -   1442626   99.00    1.00    0.00    0.00  100.00    20  |__CPU 2/TCG
21:07:42     1000         -   1442627    0.00    0.00    0.00    0.00    0.00     2  |__CPU 3/TCG
21:07:43     1000   1442587         -  201.00    2.00    0.00    0.00  203.00     3  qemu-system-aar
21:07:43     1000         -   1442587    1.00    2.00    0.00    0.00    3.00     3  |__qemu-system-aar
21:07:43     1000         -   1442594    0.00    0.00    0.00    0.00    0.00     1  |__call_rcu
21:07:43     1000         -   1442596    0.00    0.00    0.00    0.00    0.00    13  |__worker
21:07:43     1000         -   1442624   99.00    1.00    0.00    0.00  100.00    16  |__CPU 0/TCG
21:07:43     1000         -   1442625    0.00    0.00    0.00    0.00    0.00    23  |__CPU 1/TCG
21:07:43     1000         -   1442626   99.00    1.00    0.00    0.00  100.00    20  |__CPU 2/TCG
21:07:43     1000         -   1442627    0.00    0.00    0.00    0.00    0.00     2  |__CPU 3/TCG
21:07:44     1000   1442587         -  200.00    3.00    0.00    0.00  203.00     7  qemu-system-aar
21:07:44     1000         -   1442587    1.00    2.00    0.00    0.00    3.00     7  |__qemu-system-aar
21:07:44     1000         -   1442594    0.00    0.00    0.00    0.00    0.00     1  |__call_rcu
21:07:44     1000         -   1442596    0.00    0.00    0.00    0.00    0.00    13  |__worker
21:07:44     1000         -   1442624   99.00    0.00    0.00    0.00   99.00     0  |__CPU 0/TCG
21:07:44     1000         -   1442625    0.00    0.00    0.00    0.00    0.00    23  |__CPU 1/TCG
21:07:44     1000         -   1442626   98.00    1.00    0.00    0.00   99.00     4  |__CPU 2/TCG
21:07:44     1000         -   1442627    0.00    0.00    0.00    0.00    0.00     2  |__CPU 3/TCG
21:07:45     1000   1442587         -  201.00    2.00    0.00    0.00  203.00     1  qemu-system-aar
21:07:45     1000         -   1442587    1.00    3.00    0.00    0.00    4.00     1  |__qemu-system-aar
21:07:45     1000         -   1442594    0.00    0.00    0.00    0.00    0.00     1  |__call_rcu
21:07:45     1000         -   1442596    0.00    0.00    0.00    0.00    0.00    13  |__worker
21:07:45     1000         -   1442624   99.00    0.00    0.00    0.00   99.00     0  |__CPU 0/TCG
21:07:45     1000         -   1442625    1.00    0.00    0.00    0.00    1.00    23  |__CPU 1/TCG
21:07:45     1000         -   1442626   99.00    1.00    0.00    0.00  100.00    20  |__CPU 2/TCG
21:07:45     1000         -   1442627    0.00    0.00    0.00    0.00    0.00     2  |__CPU 3/TCG
21:07:46     1000   1442587         -  199.00    3.00    0.00    0.00  202.00    18  qemu-system-aar
21:07:46     1000         -   1442587    0.00    3.00    0.00    0.00    3.00    18  |__qemu-system-aar
21:07:46     1000         -   1442594    0.00    0.00    0.00    0.00    0.00     1  |__call_rcu
21:07:46     1000         -   1442596    0.00    0.00    0.00    0.00    0.00    13  |__worker
21:07:46     1000         -   1442624   99.00    1.00    0.00    0.00  100.00     0  |__CPU 0/TCG
21:07:46     1000         -   1442625    0.00    0.00    0.00    0.00    0.00    23  |__CPU 1/TCG
21:07:46     1000         -   1442626   99.00    1.00    0.00    0.00  100.00    20  |__CPU 2/TCG
21:07:46     1000         -   1442627    0.00    0.00    0.00    0.00    0.00     2  |__CPU 3/TCG
21:07:47     1000   1442587         -  201.00    2.00    0.00    0.00  203.00    21  qemu-system-aar
21:07:47     1000         -   1442587    1.00    2.00    0.00    0.00    3.00    21  |__qemu-system-aar
21:07:47     1000         -   1442594    0.00    0.00    0.00    0.00    0.00     1  |__call_rcu
21:07:47     1000         -   1442596    0.00    0.00    0.00    0.00    0.00    13  |__worker
21:07:47     1000         -   1442624   99.00    0.00    0.00    0.00   99.00     0  |__CPU 0/TCG
21:07:47     1000         -   1442625    1.00    0.00    0.00    0.00    1.00    23  |__CPU 1/TCG
21:07:47     1000         -   1442626   98.00    1.00    0.00    0.00   99.00    20  |__CPU 2/TCG
21:07:47     1000         -   1442627    0.00    0.00    0.00    0.00    0.00     2  |__CPU 3/TCG
