Linux 6.17.0-40-generic (9950x) 	08/16/26 	_x86_64_	(32 CPU)

# Time        UID      TGID       TID    %usr %system  %guest   %wait    %CPU   CPU  Command
07:00:02     1000   3363948         -   96.00    7.00    0.00    0.00  103.00     4  qemu-system-aar
07:00:02     1000         -   3363948    1.00    4.00    0.00    0.00    5.00     4  |__qemu-system-aar
07:00:02     1000         -   3363956    0.00    0.00    0.00    0.00    0.00    10  |__call_rcu
07:00:02     1000         -   3363957    0.00    0.00    0.00    0.00    0.00     5  |__worker
07:00:02     1000         -   3363970   92.00    2.00    0.00    0.00   94.00    16  |__CPU 0/TCG
07:00:02     1000         -   3363972    1.00    0.00    0.00    0.00    1.00     9  |__CPU 1/TCG
07:00:02     1000         -   3363973    0.00    0.00    0.00    0.00    0.00     1  |__CPU 2/TCG
07:00:02     1000         -   3363974    0.00    0.00    0.00    0.00    0.00    10  |__CPU 3/TCG
07:00:03     1000   3363948         -  190.00   13.00    0.00    0.00  203.00    11  qemu-system-aar
07:00:03     1000         -   3363948    2.00    2.00    0.00    0.00    4.00    11  |__qemu-system-aar
07:00:03     1000         -   3363956    0.00    0.00    0.00    0.00    0.00    10  |__call_rcu
07:00:03     1000         -   3363957    0.00    0.00    0.00    0.00    0.00     5  |__worker
07:00:03     1000         -   3363970   91.00    9.00    0.00    0.00  100.00     0  |__CPU 0/TCG
07:00:03     1000         -   3363972    2.00    0.00    0.00    0.00    2.00    13  |__CPU 1/TCG
07:00:03     1000         -   3363973   95.00    2.00    0.00    0.00   97.00     4  |__CPU 2/TCG
07:00:03     1000         -   3363974    0.00    0.00    0.00    0.00    0.00    11  |__CPU 3/TCG
07:00:04     1000   3363948         -  198.00    4.00    0.00    0.00  202.00     1  qemu-system-aar
07:00:04     1000         -   3363948    0.00    3.00    0.00    0.00    3.00     1  |__qemu-system-aar
07:00:04     1000         -   3363956    0.00    0.00    0.00    0.00    0.00    10  |__call_rcu
07:00:04     1000         -   3363957    0.00    0.00    0.00    0.00    0.00     5  |__worker
07:00:04     1000         -   3363970   97.00    1.00    0.00    0.00   98.00     0  |__CPU 0/TCG
07:00:04     1000         -   3363972    0.00    0.00    0.00    0.00    0.00     2  |__CPU 1/TCG
07:00:04     1000         -   3363973   97.00    2.00    0.00    0.00   99.00    20  |__CPU 2/TCG
07:00:04     1000         -   3363974    0.00    0.00    0.00    0.00    0.00    11  |__CPU 3/TCG
07:00:05     1000   3363948         -  199.00    6.00    0.00    0.00  205.00    27  qemu-system-aar
07:00:05     1000         -   3363948    2.00    3.00    0.00    0.00    5.00    27  |__qemu-system-aar
07:00:05     1000         -   3363956    0.00    0.00    0.00    0.00    0.00    10  |__call_rcu
07:00:05     1000         -   3363957    0.00    0.00    0.00    0.00    0.00     5  |__worker
07:00:05     1000         -   3363970   98.00    1.00    0.00    0.00   99.00    16  |__CPU 0/TCG
07:00:05     1000         -   3363972    1.00    0.00    0.00    0.00    1.00    31  |__CPU 1/TCG
07:00:05     1000         -   3363973   97.00    2.00    0.00    0.00   99.00    20  |__CPU 2/TCG
07:00:05     1000         -   3363974    0.00    0.00    0.00    0.00    0.00    11  |__CPU 3/TCG
07:00:06     1000   3363948         -  198.00    5.00    0.00    0.00  203.00     5  qemu-system-aar
07:00:06     1000         -   3363948    3.00    4.00    0.00    0.00    7.00     5  |__qemu-system-aar
07:00:06     1000         -   3363956    0.00    0.00    0.00    0.00    0.00    10  |__call_rcu
07:00:06     1000         -   3363957    0.00    0.00    0.00    0.00    0.00     5  |__worker
07:00:06     1000         -   3363970   97.00    2.00    0.00    0.00   99.00    16  |__CPU 0/TCG
07:00:06     1000         -   3363972    1.00    0.00    0.00    0.00    1.00    12  |__CPU 1/TCG
07:00:06     1000         -   3363973   98.00    2.00    0.00    0.00  100.00     4  |__CPU 2/TCG
07:00:06     1000         -   3363974    0.00    0.00    0.00    0.00    0.00    11  |__CPU 3/TCG
07:00:07     1000   3363948         -  201.00    2.00    0.00    0.00  203.00     5  qemu-system-aar
07:00:07     1000         -   3363948    1.00    2.00    0.00    0.00    3.00     5  |__qemu-system-aar
07:00:07     1000         -   3363956    0.00    0.00    0.00    0.00    0.00    10  |__call_rcu
07:00:07     1000         -   3363957    0.00    0.00    0.00    0.00    0.00     5  |__worker
07:00:07     1000         -   3363970   99.00    0.00    0.00    0.00   99.00    16  |__CPU 0/TCG
07:00:07     1000         -   3363972    0.00    0.00    0.00    0.00    0.00     6  |__CPU 1/TCG
07:00:07     1000         -   3363973   99.00    0.00    0.00    0.00   99.00     4  |__CPU 2/TCG
07:00:07     1000         -   3363974    0.00    0.00    0.00    0.00    0.00    11  |__CPU 3/TCG
07:00:08     1000   3363948         -  200.00    3.00    0.00    0.00  203.00     7  qemu-system-aar
07:00:08     1000         -   3363948    2.00    2.00    0.00    0.00    4.00     7  |__qemu-system-aar
07:00:08     1000         -   3363956    0.00    0.00    0.00    0.00    0.00    10  |__call_rcu
07:00:08     1000         -   3363957    0.00    0.00    0.00    0.00    0.00     5  |__worker
07:00:08     1000         -   3363970   98.00    1.00    0.00    0.00   99.00    16  |__CPU 0/TCG
07:00:08     1000         -   3363972    1.00    0.00    0.00    0.00    1.00     6  |__CPU 1/TCG
07:00:08     1000         -   3363973   99.00    1.00    0.00    0.00  100.00     4  |__CPU 2/TCG
07:00:08     1000         -   3363974    0.00    0.00    0.00    0.00    0.00    11  |__CPU 3/TCG
07:00:09     1000   3363948         -  196.00    5.00    0.00    0.00  201.00    22  qemu-system-aar
07:00:09     1000         -   3363948    1.00    2.00    0.00    0.00    3.00    22  |__qemu-system-aar
07:00:09     1000         -   3363956    0.00    0.00    0.00    0.00    0.00    10  |__call_rcu
07:00:09     1000         -   3363957    0.00    0.00    0.00    0.00    0.00     5  |__worker
07:00:09     1000         -   3363970   96.00    1.00    0.00    0.00   97.00    16  |__CPU 0/TCG
07:00:09     1000         -   3363972    0.00    0.00    0.00    0.00    0.00     6  |__CPU 1/TCG
07:00:09     1000         -   3363973   98.00    2.00    0.00    0.00  100.00     4  |__CPU 2/TCG
07:00:09     1000         -   3363974    0.00    0.00    0.00    0.00    0.00    11  |__CPU 3/TCG
07:00:10     1000   3363948         -  196.00    4.00    0.00    0.00  200.00    19  qemu-system-aar
07:00:10     1000         -   3363948    1.00    2.00    0.00    0.00    3.00    19  |__qemu-system-aar
07:00:10     1000         -   3363956    0.00    0.00    0.00    0.00    0.00    10  |__call_rcu
07:00:10     1000         -   3363957    0.00    0.00    0.00    0.00    0.00     5  |__worker
07:00:10     1000         -   3363970   96.00    1.00    0.00    0.00   97.00    16  |__CPU 0/TCG
07:00:10     1000         -   3363972    1.00    0.00    0.00    0.00    1.00    17  |__CPU 1/TCG
07:00:10     1000         -   3363973   98.00    1.00    0.00    0.00   99.00    20  |__CPU 2/TCG
07:00:10     1000         -   3363974    0.00    0.00    0.00    0.00    0.00    11  |__CPU 3/TCG
07:00:11     1000   3363948         -  197.00    4.00    0.00    0.00  201.00    21  qemu-system-aar
07:00:11     1000         -   3363948    1.00    3.00    0.00    0.00    4.00    21  |__qemu-system-aar
07:00:11     1000         -   3363956    0.00    0.00    0.00    0.00    0.00    10  |__call_rcu
07:00:11     1000         -   3363957    0.00    0.00    0.00    0.00    0.00     5  |__worker
07:00:11     1000         -   3363970   96.00    1.00    0.00    0.00   97.00    16  |__CPU 0/TCG
07:00:11     1000         -   3363972    0.00    0.00    0.00    0.00    0.00    17  |__CPU 1/TCG
07:00:11     1000         -   3363973   98.00    2.00    0.00    0.00  100.00    20  |__CPU 2/TCG
07:00:11     1000         -   3363974    0.00    0.00    0.00    0.00    0.00    11  |__CPU 3/TCG
07:00:12     1000   3363948         -  199.00    2.00    0.00    0.00  201.00    21  qemu-system-aar
07:00:12     1000         -   3363948    1.00    2.00    0.00    0.00    3.00    21  |__qemu-system-aar
07:00:12     1000         -   3363956    0.00    0.00    0.00    0.00    0.00    10  |__call_rcu
07:00:12     1000         -   3363970   97.00    1.00    0.00    0.00   98.00    16  |__CPU 0/TCG
07:00:12     1000         -   3363972    1.00    0.00    0.00    0.00    1.00     6  |__CPU 1/TCG
07:00:12     1000         -   3363973   99.00    1.00    0.00    0.00  100.00     4  |__CPU 2/TCG
07:00:12     1000         -   3363974    0.00    0.00    0.00    0.00    0.00    11  |__CPU 3/TCG
07:00:13     1000   3363948         -  200.00    3.00    0.00    0.00  203.00    21  qemu-system-aar
07:00:13     1000         -   3363948    1.00    2.00    0.00    0.00    3.00    21  |__qemu-system-aar
07:00:13     1000         -   3363956    0.00    0.00    0.00    0.00    0.00    10  |__call_rcu
07:00:13     1000         -   3363970   99.00    1.00    0.00    0.00  100.00    16  |__CPU 0/TCG
07:00:13     1000         -   3363972    1.00    0.00    0.00    0.00    1.00     7  |__CPU 1/TCG
07:00:13     1000         -   3363973   99.00    1.00    0.00    0.00  100.00     4  |__CPU 2/TCG
07:00:13     1000         -   3363974    0.00    0.00    0.00    0.00    0.00    11  |__CPU 3/TCG
07:00:14     1000   3363948         -  201.00    2.00    0.00    0.00  203.00    21  qemu-system-aar
07:00:14     1000         -   3363948    1.00    2.00    0.00    0.00    3.00    21  |__qemu-system-aar
07:00:14     1000         -   3363956    0.00    0.00    0.00    0.00    0.00    10  |__call_rcu
07:00:14     1000         -   3363970   99.00    0.00    0.00    0.00   99.00    16  |__CPU 0/TCG
07:00:14     1000         -   3363972    0.00    0.00    0.00    0.00    0.00     6  |__CPU 1/TCG
07:00:14     1000         -   3363973   98.00    1.00    0.00    0.00   99.00     4  |__CPU 2/TCG
07:00:14     1000         -   3363974    0.00    0.00    0.00    0.00    0.00    11  |__CPU 3/TCG
07:00:15     1000   3363948         -  200.00    2.00    0.00    0.00  202.00    23  qemu-system-aar
07:00:15     1000         -   3363948    1.00    2.00    0.00    0.00    3.00    23  |__qemu-system-aar
07:00:15     1000         -   3363956    0.00    0.00    0.00    0.00    0.00    10  |__call_rcu
07:00:15     1000         -   3363970   98.00    1.00    0.00    0.00   99.00    16  |__CPU 0/TCG
07:00:15     1000         -   3363972    1.00    0.00    0.00    0.00    1.00     7  |__CPU 1/TCG
07:00:15     1000         -   3363973   99.00    0.00    0.00    0.00   99.00     4  |__CPU 2/TCG
07:00:15     1000         -   3363974    0.00    0.00    0.00    0.00    0.00    11  |__CPU 3/TCG
07:00:16     1000   3363948         -  201.00    1.00    0.00    0.00  202.00    23  qemu-system-aar
07:00:16     1000         -   3363948    1.00    2.00    0.00    0.00    3.00    23  |__qemu-system-aar
07:00:16     1000         -   3363956    0.00    0.00    0.00    0.00    0.00    10  |__call_rcu
07:00:16     1000         -   3363970   99.00    0.00    0.00    0.00   99.00    16  |__CPU 0/TCG
07:00:16     1000         -   3363972    0.00    0.00    0.00    0.00    0.00     7  |__CPU 1/TCG
07:00:16     1000         -   3363973   99.00    1.00    0.00    0.00  100.00     4  |__CPU 2/TCG
07:00:16     1000         -   3363974    0.00    0.00    0.00    0.00    0.00    11  |__CPU 3/TCG
07:00:17     1000   3363948         -  199.00    3.00    0.00    0.00  202.00    23  qemu-system-aar
07:00:17     1000         -   3363948    1.00    2.00    0.00    0.00    3.00    23  |__qemu-system-aar
07:00:17     1000         -   3363956    0.00    0.00    0.00    0.00    0.00    10  |__call_rcu
07:00:17     1000         -   3363970   99.00    1.00    0.00    0.00  100.00    16  |__CPU 0/TCG
07:00:17     1000         -   3363972    0.00    0.00    0.00    0.00    0.00     7  |__CPU 1/TCG
07:00:17     1000         -   3363973   99.00    1.00    0.00    0.00  100.00     4  |__CPU 2/TCG
07:00:17     1000         -   3363974    0.00    0.00    0.00    0.00    0.00    11  |__CPU 3/TCG
07:00:18     1000   3363948         -  200.00    2.00    0.00    0.00  202.00     5  qemu-system-aar
07:00:18     1000         -   3363948    1.00    2.00    0.00    0.00    3.00     5  |__qemu-system-aar
07:00:18     1000         -   3363956    0.00    0.00    0.00    0.00    0.00    10  |__call_rcu
07:00:18     1000         -   3363970   98.00    1.00    0.00    0.00   99.00     0  |__CPU 0/TCG
07:00:18     1000         -   3363972    1.00    0.00    0.00    0.00    1.00     7  |__CPU 1/TCG
07:00:18     1000         -   3363973   98.00    1.00    0.00    0.00   99.00    20  |__CPU 2/TCG
07:00:18     1000         -   3363974    0.00    0.00    0.00    0.00    0.00    11  |__CPU 3/TCG
07:00:19     1000   3363948         -  201.00    3.00    0.00    0.00  204.00    16  qemu-system-aar
07:00:19     1000         -   3363948    2.00    2.00    0.00    0.00    4.00    16  |__qemu-system-aar
07:00:19     1000         -   3363956    0.00    0.00    0.00    0.00    0.00    10  |__call_rcu
07:00:19     1000         -   3363970   99.00    0.00    0.00    0.00   99.00     0  |__CPU 0/TCG
07:00:19     1000         -   3363972    0.00    0.00    0.00    0.00    0.00     6  |__CPU 1/TCG
07:00:19     1000         -   3363973   99.00    1.00    0.00    0.00  100.00    20  |__CPU 2/TCG
07:00:19     1000         -   3363974    0.00    0.00    0.00    0.00    0.00    11  |__CPU 3/TCG
07:00:20     1000   3363948         -  201.00    2.00    0.00    0.00  203.00    16  qemu-system-aar
07:00:20     1000         -   3363948    2.00    2.00    0.00    0.00    4.00    16  |__qemu-system-aar
07:00:20     1000         -   3363956    0.00    0.00    0.00    0.00    0.00    10  |__call_rcu
07:00:20     1000         -   3363970   98.00    1.00    0.00    0.00   99.00     0  |__CPU 0/TCG
07:00:20     1000         -   3363972    1.00    0.00    0.00    0.00    1.00     7  |__CPU 1/TCG
07:00:20     1000         -   3363973   98.00    1.00    0.00    0.00   99.00    20  |__CPU 2/TCG
07:00:20     1000         -   3363974    0.00    0.00    0.00    0.00    0.00    11  |__CPU 3/TCG
07:00:21     1000   3363948         -  200.00    3.00    0.00    0.00  203.00    21  qemu-system-aar
07:00:21     1000         -   3363948    1.00    3.00    0.00    0.00    4.00    21  |__qemu-system-aar
07:00:21     1000         -   3363956    0.00    0.00    0.00    0.00    0.00    10  |__call_rcu
07:00:21     1000         -   3363970   99.00    0.00    0.00    0.00   99.00    16  |__CPU 0/TCG
07:00:21     1000         -   3363972    1.00    0.00    0.00    0.00    1.00     6  |__CPU 1/TCG
07:00:21     1000         -   3363973   99.00    1.00    0.00    0.00  100.00    20  |__CPU 2/TCG
07:00:21     1000         -   3363974    0.00    0.00    0.00    0.00    0.00    11  |__CPU 3/TCG
07:00:22     1000   3363948         -  201.00    2.00    0.00    0.00  203.00    19  qemu-system-aar
07:00:22     1000         -   3363948    1.00    2.00    0.00    0.00    3.00    19  |__qemu-system-aar
07:00:22     1000         -   3363956    0.00    0.00    0.00    0.00    0.00    10  |__call_rcu
07:00:22     1000         -   3363970   99.00    1.00    0.00    0.00  100.00    16  |__CPU 0/TCG
07:00:22     1000         -   3363972    0.00    0.00    0.00    0.00    0.00     6  |__CPU 1/TCG
07:00:22     1000         -   3363973   99.00    1.00    0.00    0.00  100.00    20  |__CPU 2/TCG
07:00:22     1000         -   3363974    0.00    0.00    0.00    0.00    0.00    11  |__CPU 3/TCG
07:00:23     1000   3363948         -  199.00    3.00    0.00    0.00  202.00    23  qemu-system-aar
07:00:23     1000         -   3363948    1.00    2.00    0.00    0.00    3.00    23  |__qemu-system-aar
07:00:23     1000         -   3363956    0.00    0.00    0.00    0.00    0.00    10  |__call_rcu
07:00:23     1000         -   3363970   99.00    0.00    0.00    0.00   99.00    16  |__CPU 0/TCG
07:00:23     1000         -   3363972    1.00    0.00    0.00    0.00    1.00     6  |__CPU 1/TCG
07:00:23     1000         -   3363973   98.00    2.00    0.00    0.00  100.00    20  |__CPU 2/TCG
07:00:23     1000         -   3363974    0.00    0.00    0.00    0.00    0.00    11  |__CPU 3/TCG
07:00:24     1000   3363948         -  201.00    2.00    0.00    0.00  203.00     2  qemu-system-aar
07:00:24     1000         -   3363948    0.00    2.00    0.00    0.00    2.00     2  |__qemu-system-aar
07:00:24     1000         -   3363956    0.00    0.00    0.00    0.00    0.00    10  |__call_rcu
07:00:24     1000         -   3363970   99.00    0.00    0.00    0.00   99.00    16  |__CPU 0/TCG
07:00:24     1000         -   3363972    0.00    0.00    0.00    0.00    0.00     7  |__CPU 1/TCG
07:00:24     1000         -   3363973   99.00    0.00    0.00    0.00   99.00    20  |__CPU 2/TCG
07:00:24     1000         -   3363974    0.00    0.00    0.00    0.00    0.00    11  |__CPU 3/TCG
07:00:25     1000   3363948         -  199.00    3.00    0.00    0.00  202.00     6  qemu-system-aar
07:00:25     1000         -   3363948    1.00    2.00    0.00    0.00    3.00     6  |__qemu-system-aar
07:00:25     1000         -   3363956    0.00    0.00    0.00    0.00    0.00    10  |__call_rcu
07:00:25     1000         -   3363970   98.00    1.00    0.00    0.00   99.00    16  |__CPU 0/TCG
07:00:25     1000         -   3363972    1.00    0.00    0.00    0.00    1.00     7  |__CPU 1/TCG
07:00:25     1000         -   3363973   99.00    1.00    0.00    0.00  100.00    20  |__CPU 2/TCG
07:00:25     1000         -   3363974    0.00    0.00    0.00    0.00    0.00    11  |__CPU 3/TCG
07:00:26     1000   3363948         -  201.00    2.00    0.00    0.00  203.00     6  qemu-system-aar
07:00:26     1000         -   3363948    1.00    3.00    0.00    0.00    4.00     6  |__qemu-system-aar
07:00:26     1000         -   3363956    0.00    0.00    0.00    0.00    0.00    10  |__call_rcu
07:00:26     1000         -   3363970   99.00    1.00    0.00    0.00  100.00     0  |__CPU 0/TCG
07:00:26     1000         -   3363972    1.00    0.00    0.00    0.00    1.00     2  |__CPU 1/TCG
07:00:26     1000         -   3363973   98.00    1.00    0.00    0.00   99.00     4  |__CPU 2/TCG
07:00:26     1000         -   3363974    0.00    0.00    0.00    0.00    0.00    11  |__CPU 3/TCG
07:00:27     1000   3363948         -  201.00    2.00    0.00    0.00  203.00     3  qemu-system-aar
07:00:27     1000         -   3363948    2.00    1.00    0.00    0.00    3.00     3  |__qemu-system-aar
07:00:27     1000         -   3363956    0.00    0.00    0.00    0.00    0.00    10  |__call_rcu
07:00:27     1000         -   3363970   98.00    0.00    0.00    0.00   98.00     0  |__CPU 0/TCG
07:00:27     1000         -   3363972    0.00    0.00    0.00    0.00    0.00    16  |__CPU 1/TCG
07:00:27     1000         -   3363973   99.00    1.00    0.00    0.00  100.00     4  |__CPU 2/TCG
07:00:27     1000         -   3363974    0.00    0.00    0.00    0.00    0.00    11  |__CPU 3/TCG
07:00:28     1000   3363948         -  199.00    3.00    0.00    0.00  202.00     5  qemu-system-aar
07:00:28     1000         -   3363948    1.00    2.00    0.00    0.00    3.00     5  |__qemu-system-aar
07:00:28     1000         -   3363956    0.00    0.00    0.00    0.00    0.00    10  |__call_rcu
07:00:28     1000         -   3363970   99.00    1.00    0.00    0.00  100.00     0  |__CPU 0/TCG
07:00:28     1000         -   3363972    1.00    0.00    0.00    0.00    1.00    16  |__CPU 1/TCG
07:00:28     1000         -   3363973   99.00    1.00    0.00    0.00  100.00     4  |__CPU 2/TCG
07:00:28     1000         -   3363974    0.00    0.00    0.00    0.00    0.00    11  |__CPU 3/TCG
07:00:29     1000   3363948         -  198.02    1.98    0.00    0.00  200.00     7  qemu-system-aar
07:00:29     1000         -   3363948    0.00    2.97    0.00    0.00    2.97     7  |__qemu-system-aar
07:00:29     1000         -   3363956    0.00    0.00    0.00    0.00    0.00    10  |__call_rcu
07:00:29     1000         -   3363970   98.02    0.99    0.00    0.00   99.01     0  |__CPU 0/TCG
07:00:29     1000         -   3363972    0.00    0.00    0.00    0.00    0.00    16  |__CPU 1/TCG
07:00:29     1000         -   3363973   98.02    0.99    0.00    0.00   99.01     4  |__CPU 2/TCG
07:00:29     1000         -   3363974    0.00    0.00    0.00    0.00    0.00    11  |__CPU 3/TCG
