Linux 6.17.0-40-generic (9950x) 	08/16/26 	_x86_64_	(32 CPU)

# Time        UID      TGID       TID    %usr %system  %guest   %wait    %CPU   CPU  Command
07:04:20     1000   3371190         -   96.00    6.00    0.00    0.00  102.00    16  qemu-system-aar
07:04:20     1000         -   3371190    1.00    4.00    0.00    0.00    5.00    16  |__qemu-system-aar
07:04:20     1000         -   3371197    0.00    0.00    0.00    0.00    0.00    22  |__call_rcu
07:04:20     1000         -   3371198    0.00    0.00    0.00    0.00    0.00    11  |__worker
07:04:20     1000         -   3371211   93.00    2.00    0.00    0.00   95.00     4  |__CPU 0/TCG
07:04:20     1000         -   3371213    1.00    0.00    0.00    0.00    1.00     0  |__CPU 1/TCG
07:04:20     1000         -   3371214    0.00    0.00    0.00    0.00    0.00    26  |__CPU 2/TCG
07:04:20     1000         -   3371215    0.00    0.00    0.00    0.00    0.00    27  |__CPU 3/TCG
07:04:21     1000   3371190         -  197.00    7.00    0.00    0.00  204.00    19  qemu-system-aar
07:04:21     1000         -   3371190    1.00    3.00    0.00    0.00    4.00    19  |__qemu-system-aar
07:04:21     1000         -   3371197    0.00    0.00    0.00    0.00    0.00    22  |__call_rcu
07:04:21     1000         -   3371198    0.00    0.00    0.00    0.00    0.00    11  |__worker
07:04:21     1000         -   3371211   96.00    3.00    0.00    0.00   99.00    20  |__CPU 0/TCG
07:04:21     1000         -   3371213    1.00    0.00    0.00    0.00    1.00     5  |__CPU 1/TCG
07:04:21     1000         -   3371214   97.00    2.00    0.00    0.00   99.00    16  |__CPU 2/TCG
07:04:21     1000         -   3371215    0.00    0.00    0.00    0.00    0.00    27  |__CPU 3/TCG
07:04:22     1000   3371190         -  199.00    4.00    0.00    0.00  203.00    19  qemu-system-aar
07:04:22     1000         -   3371190    1.00    4.00    0.00    0.00    5.00    19  |__qemu-system-aar
07:04:22     1000         -   3371197    0.00    0.00    0.00    0.00    0.00    22  |__call_rcu
07:04:22     1000         -   3371198    0.00    0.00    0.00    0.00    0.00    11  |__worker
07:04:22     1000         -   3371211   97.00    1.00    0.00    0.00   98.00     4  |__CPU 0/TCG
07:04:22     1000         -   3371213    1.00    0.00    0.00    0.00    1.00     5  |__CPU 1/TCG
07:04:22     1000         -   3371214   98.00    0.00    0.00    0.00   98.00    16  |__CPU 2/TCG
07:04:22     1000         -   3371215    0.00    0.00    0.00    0.00    0.00    27  |__CPU 3/TCG
07:04:23     1000   3371190         -  201.00    4.00    0.00    0.00  205.00    12  qemu-system-aar
07:04:23     1000         -   3371190    2.00    3.00    0.00    0.00    5.00    12  |__qemu-system-aar
07:04:23     1000         -   3371197    0.00    0.00    0.00    0.00    0.00    22  |__call_rcu
07:04:23     1000         -   3371198    0.00    0.00    0.00    0.00    0.00    11  |__worker
07:04:23     1000         -   3371211   97.00    2.00    0.00    0.00   99.00    20  |__CPU 0/TCG
07:04:23     1000         -   3371213    1.00    0.00    0.00    0.00    1.00     2  |__CPU 1/TCG
07:04:23     1000         -   3371214   98.00    2.00    0.00    0.00  100.00    16  |__CPU 2/TCG
07:04:23     1000         -   3371215    0.00    0.00    0.00    0.00    0.00    27  |__CPU 3/TCG
07:04:24     1000   3371190         -  199.00    6.00    0.00    0.00  205.00    17  qemu-system-aar
07:04:24     1000         -   3371190    2.00    5.00    0.00    0.00    7.00    17  |__qemu-system-aar
07:04:24     1000         -   3371197    0.00    0.00    0.00    0.00    0.00    22  |__call_rcu
07:04:24     1000         -   3371198    0.00    0.00    0.00    0.00    0.00    11  |__worker
07:04:24     1000         -   3371211   96.00    2.00    0.00    0.00   98.00    20  |__CPU 0/TCG
07:04:24     1000         -   3371213    0.00    0.00    0.00    0.00    0.00     2  |__CPU 1/TCG
07:04:24     1000         -   3371214   96.00    2.00    0.00    0.00   98.00    16  |__CPU 2/TCG
07:04:24     1000         -   3371215    0.00    0.00    0.00    0.00    0.00    27  |__CPU 3/TCG
07:04:25     1000   3371190         -  203.00    0.00    0.00    0.00  203.00    18  qemu-system-aar
07:04:25     1000         -   3371190    2.00    2.00    0.00    0.00    4.00    18  |__qemu-system-aar
07:04:25     1000         -   3371197    0.00    0.00    0.00    0.00    0.00    22  |__call_rcu
07:04:25     1000         -   3371198    0.00    0.00    0.00    0.00    0.00    11  |__worker
07:04:25     1000         -   3371211  100.00    0.00    0.00    0.00  100.00    20  |__CPU 0/TCG
07:04:25     1000         -   3371213    1.00    0.00    0.00    0.00    1.00     2  |__CPU 1/TCG
07:04:25     1000         -   3371214   99.00    0.00    0.00    0.00   99.00    16  |__CPU 2/TCG
07:04:25     1000         -   3371215    0.00    0.00    0.00    0.00    0.00    27  |__CPU 3/TCG
07:04:26     1000   3371190         -  203.00    2.00    0.00    0.00  205.00    17  qemu-system-aar
07:04:26     1000         -   3371190    2.00    3.00    0.00    0.00    5.00    17  |__qemu-system-aar
07:04:26     1000         -   3371197    0.00    0.00    0.00    0.00    0.00    22  |__call_rcu
07:04:26     1000         -   3371198    0.00    0.00    0.00    0.00    0.00    11  |__worker
07:04:26     1000         -   3371211   99.00    0.00    0.00    0.00   99.00     4  |__CPU 0/TCG
07:04:26     1000         -   3371213    0.00    0.00    0.00    0.00    0.00     2  |__CPU 1/TCG
07:04:26     1000         -   3371214  100.00    1.00    0.00    0.00  101.00    16  |__CPU 2/TCG
07:04:26     1000         -   3371215    0.00    0.00    0.00    0.00    0.00    27  |__CPU 3/TCG
07:04:27     1000   3371190         -  198.00    3.00    0.00    0.00  201.00    19  qemu-system-aar
07:04:27     1000         -   3371190    0.00    4.00    0.00    0.00    4.00    19  |__qemu-system-aar
07:04:27     1000         -   3371197    0.00    0.00    0.00    0.00    0.00    22  |__call_rcu
07:04:27     1000         -   3371198    0.00    0.00    0.00    0.00    0.00    11  |__worker
07:04:27     1000         -   3371211   96.00    0.00    0.00    0.00   96.00     4  |__CPU 0/TCG
07:04:27     1000         -   3371213    1.00    0.00    0.00    0.00    1.00     2  |__CPU 1/TCG
07:04:27     1000         -   3371214   98.00    1.00    0.00    0.00   99.00    16  |__CPU 2/TCG
07:04:27     1000         -   3371215    0.00    0.00    0.00    0.00    0.00    27  |__CPU 3/TCG
07:04:28     1000   3371190         -  199.00    2.00    0.00    0.00  201.00     3  qemu-system-aar
07:04:28     1000         -   3371190    2.00    3.00    0.00    0.00    5.00     3  |__qemu-system-aar
07:04:28     1000         -   3371197    0.00    0.00    0.00    0.00    0.00    22  |__call_rcu
07:04:28     1000         -   3371198    0.00    0.00    0.00    0.00    0.00    11  |__worker
07:04:28     1000         -   3371211   95.00    2.00    0.00    0.00   97.00    20  |__CPU 0/TCG
07:04:28     1000         -   3371213    0.00    0.00    0.00    0.00    0.00     2  |__CPU 1/TCG
07:04:28     1000         -   3371214   99.00    1.00    0.00    0.00  100.00    16  |__CPU 2/TCG
07:04:28     1000         -   3371215    0.00    0.00    0.00    0.00    0.00    27  |__CPU 3/TCG
07:04:29     1000   3371190         -  199.00    3.00    0.00    0.00  202.00    20  qemu-system-aar
07:04:29     1000         -   3371190    2.00    2.00    0.00    0.00    4.00    20  |__qemu-system-aar
07:04:29     1000         -   3371197    0.00    0.00    0.00    0.00    0.00    22  |__call_rcu
07:04:29     1000         -   3371198    0.00    0.00    0.00    0.00    0.00    11  |__worker
07:04:29     1000         -   3371211   96.00    1.00    0.00    0.00   97.00     4  |__CPU 0/TCG
07:04:29     1000         -   3371213    1.00    0.00    0.00    0.00    1.00     1  |__CPU 1/TCG
07:04:29     1000         -   3371214   99.00    1.00    0.00    0.00  100.00    16  |__CPU 2/TCG
07:04:29     1000         -   3371215    0.00    0.00    0.00    0.00    0.00    27  |__CPU 3/TCG
07:04:30     1000   3371190         -  200.00    4.00    0.00    0.00  204.00    20  qemu-system-aar
07:04:30     1000         -   3371190    1.00    4.00    0.00    0.00    5.00    20  |__qemu-system-aar
07:04:30     1000         -   3371197    0.00    0.00    0.00    0.00    0.00    22  |__call_rcu
07:04:30     1000         -   3371211   97.00    1.00    0.00    0.00   98.00     4  |__CPU 0/TCG
07:04:30     1000         -   3371213    1.00    0.00    0.00    0.00    1.00     2  |__CPU 1/TCG
07:04:30     1000         -   3371214   98.00    1.00    0.00    0.00   99.00     0  |__CPU 2/TCG
07:04:30     1000         -   3371215    0.00    0.00    0.00    0.00    0.00    27  |__CPU 3/TCG
07:04:31     1000   3371190         -  201.00    2.00    0.00    0.00  203.00    20  qemu-system-aar
07:04:31     1000         -   3371190    2.00    3.00    0.00    0.00    5.00    20  |__qemu-system-aar
07:04:31     1000         -   3371197    0.00    0.00    0.00    0.00    0.00    22  |__call_rcu
07:04:31     1000         -   3371211   98.00    1.00    0.00    0.00   99.00    16  |__CPU 0/TCG
07:04:31     1000         -   3371213    0.00    0.00    0.00    0.00    0.00     6  |__CPU 1/TCG
07:04:31     1000         -   3371214   98.00    2.00    0.00    0.00  100.00     4  |__CPU 2/TCG
07:04:31     1000         -   3371215    0.00    0.00    0.00    0.00    0.00    27  |__CPU 3/TCG
07:04:32     1000   3371190         -  203.00    2.00    0.00    0.00  205.00    20  qemu-system-aar
07:04:32     1000         -   3371190    3.00    2.00    0.00    0.00    5.00    20  |__qemu-system-aar
07:04:32     1000         -   3371197    0.00    0.00    0.00    0.00    0.00    22  |__call_rcu
07:04:32     1000         -   3371211   99.00    0.00    0.00    0.00   99.00    16  |__CPU 0/TCG
07:04:32     1000         -   3371213    1.00    1.00    0.00    0.00    2.00     2  |__CPU 1/TCG
07:04:32     1000         -   3371214   99.00    0.00    0.00    0.00   99.00     4  |__CPU 2/TCG
07:04:32     1000         -   3371215    0.00    0.00    0.00    0.00    0.00    27  |__CPU 3/TCG
07:04:33     1000   3371190         -  202.00    3.00    0.00    0.00  205.00    14  qemu-system-aar
07:04:33     1000         -   3371190    2.00    4.00    0.00    0.00    6.00    14  |__qemu-system-aar
07:04:33     1000         -   3371197    0.00    0.00    0.00    0.00    0.00    22  |__call_rcu
07:04:33     1000         -   3371211   99.00    1.00    0.00    0.00  100.00    16  |__CPU 0/TCG
07:04:33     1000         -   3371213    0.00    0.00    0.00    0.00    0.00     6  |__CPU 1/TCG
07:04:33     1000         -   3371214   97.00    2.00    0.00    0.00   99.00     4  |__CPU 2/TCG
07:04:33     1000         -   3371215    0.00    0.00    0.00    0.00    0.00    27  |__CPU 3/TCG
07:04:34     1000   3371190         -  200.00    3.00    0.00    0.00  203.00    12  qemu-system-aar
07:04:34     1000         -   3371190    1.00    5.00    0.00    0.00    6.00    12  |__qemu-system-aar
07:04:34     1000         -   3371197    0.00    0.00    0.00    0.00    0.00    22  |__call_rcu
07:04:34     1000         -   3371211   98.00    0.00    0.00    0.00   98.00    16  |__CPU 0/TCG
07:04:34     1000         -   3371213    1.00    0.00    0.00    0.00    1.00     6  |__CPU 1/TCG
07:04:34     1000         -   3371214   97.00    2.00    0.00    0.00   99.00     4  |__CPU 2/TCG
07:04:34     1000         -   3371215    0.00    0.00    0.00    0.00    0.00    27  |__CPU 3/TCG
07:04:35     1000   3371190         -  201.00    4.00    0.00    0.00  205.00    12  qemu-system-aar
07:04:35     1000         -   3371190    1.00    4.00    0.00    0.00    5.00    12  |__qemu-system-aar
07:04:35     1000         -   3371197    0.00    0.00    0.00    0.00    0.00    22  |__call_rcu
07:04:35     1000         -   3371211   99.00    1.00    0.00    0.00  100.00    16  |__CPU 0/TCG
07:04:35     1000         -   3371213    1.00    0.00    0.00    0.00    1.00     6  |__CPU 1/TCG
07:04:35     1000         -   3371214   97.00    2.00    0.00    0.00   99.00     4  |__CPU 2/TCG
07:04:35     1000         -   3371215    0.00    0.00    0.00    0.00    0.00    27  |__CPU 3/TCG
07:04:36     1000   3371190         -  201.00    3.00    0.00    0.00  204.00     2  qemu-system-aar
07:04:36     1000         -   3371190    1.00    4.00    0.00    0.00    5.00     2  |__qemu-system-aar
07:04:36     1000         -   3371197    0.00    0.00    0.00    0.00    0.00    22  |__call_rcu
07:04:36     1000         -   3371211   98.00    0.00    0.00    0.00   98.00    16  |__CPU 0/TCG
07:04:36     1000         -   3371213    0.00    0.00    0.00    0.00    0.00     6  |__CPU 1/TCG
07:04:36     1000         -   3371214   98.00    1.00    0.00    0.00   99.00     4  |__CPU 2/TCG
07:04:36     1000         -   3371215    0.00    0.00    0.00    0.00    0.00    27  |__CPU 3/TCG
07:04:37     1000   3371190         -  202.00    1.00    0.00    0.00  203.00     7  qemu-system-aar
07:04:37     1000         -   3371190    2.00    2.00    0.00    0.00    4.00     7  |__qemu-system-aar
07:04:37     1000         -   3371197    0.00    0.00    0.00    0.00    0.00    22  |__call_rcu
07:04:37     1000         -   3371211  100.00    0.00    0.00    0.00  100.00    16  |__CPU 0/TCG
07:04:37     1000         -   3371213    1.00    0.00    0.00    0.00    1.00    17  |__CPU 1/TCG
07:04:37     1000         -   3371214   99.00    1.00    0.00    0.00  100.00     4  |__CPU 2/TCG
07:04:37     1000         -   3371215    0.00    0.00    0.00    0.00    0.00    27  |__CPU 3/TCG
07:04:38     1000   3371190         -  201.00    2.00    0.00    0.00  203.00     6  qemu-system-aar
07:04:38     1000         -   3371190    2.00    2.00    0.00    0.00    4.00     6  |__qemu-system-aar
07:04:38     1000         -   3371197    0.00    0.00    0.00    0.00    0.00    22  |__call_rcu
07:04:38     1000         -   3371211   98.00    1.00    0.00    0.00   99.00    16  |__CPU 0/TCG
07:04:38     1000         -   3371213    0.00    0.00    0.00    0.00    0.00    17  |__CPU 1/TCG
07:04:38     1000         -   3371214   99.00    1.00    0.00    0.00  100.00     4  |__CPU 2/TCG
07:04:38     1000         -   3371215    0.00    0.00    0.00    0.00    0.00    27  |__CPU 3/TCG
07:04:39     1000   3371190         -  202.00    1.00    0.00    0.00  203.00     6  qemu-system-aar
07:04:39     1000         -   3371190    1.00    2.00    0.00    0.00    3.00     6  |__qemu-system-aar
07:04:39     1000         -   3371197    0.00    0.00    0.00    0.00    0.00    22  |__call_rcu
07:04:39     1000         -   3371211   99.00    1.00    0.00    0.00  100.00    16  |__CPU 0/TCG
07:04:39     1000         -   3371213    1.00    0.00    0.00    0.00    1.00    17  |__CPU 1/TCG
07:04:39     1000         -   3371214   99.00    0.00    0.00    0.00   99.00    20  |__CPU 2/TCG
07:04:39     1000         -   3371215    0.00    0.00    0.00    0.00    0.00    27  |__CPU 3/TCG
07:04:40     1000   3371190         -  201.00    2.00    0.00    0.00  203.00     7  qemu-system-aar
07:04:40     1000         -   3371190    1.00    3.00    0.00    0.00    4.00     7  |__qemu-system-aar
07:04:40     1000         -   3371197    0.00    0.00    0.00    0.00    0.00    22  |__call_rcu
07:04:40     1000         -   3371211   98.00    1.00    0.00    0.00   99.00    16  |__CPU 0/TCG
07:04:40     1000         -   3371213    0.00    0.00    0.00    0.00    0.00    17  |__CPU 1/TCG
07:04:40     1000         -   3371214  100.00    0.00    0.00    0.00  100.00    20  |__CPU 2/TCG
07:04:40     1000         -   3371215    0.00    0.00    0.00    0.00    0.00    27  |__CPU 3/TCG
07:04:41     1000   3371190         -  203.00    1.00    0.00    0.00  204.00     7  qemu-system-aar
07:04:41     1000         -   3371190    1.00    2.00    0.00    0.00    3.00     7  |__qemu-system-aar
07:04:41     1000         -   3371197    0.00    0.00    0.00    0.00    0.00    22  |__call_rcu
07:04:41     1000         -   3371211   99.00    0.00    0.00    0.00   99.00    16  |__CPU 0/TCG
07:04:41     1000         -   3371213    1.00    0.00    0.00    0.00    1.00    17  |__CPU 1/TCG
07:04:41     1000         -   3371214   99.00    1.00    0.00    0.00  100.00    20  |__CPU 2/TCG
07:04:41     1000         -   3371215    0.00    0.00    0.00    0.00    0.00    27  |__CPU 3/TCG
07:04:42     1000   3371190         -  201.00    2.00    0.00    0.00  203.00    19  qemu-system-aar
07:04:42     1000         -   3371190    2.00    3.00    0.00    0.00    5.00    19  |__qemu-system-aar
07:04:42     1000         -   3371197    0.00    0.00    0.00    0.00    0.00    22  |__call_rcu
07:04:42     1000         -   3371211   99.00    1.00    0.00    0.00  100.00    16  |__CPU 0/TCG
07:04:42     1000         -   3371213    1.00    0.00    0.00    0.00    1.00    17  |__CPU 1/TCG
07:04:42     1000         -   3371214   99.00    0.00    0.00    0.00   99.00    20  |__CPU 2/TCG
07:04:42     1000         -   3371215    0.00    0.00    0.00    0.00    0.00    27  |__CPU 3/TCG
07:04:43     1000   3371190         -  202.00    2.00    0.00    0.00  204.00    22  qemu-system-aar
07:04:43     1000         -   3371190    1.00    2.00    0.00    0.00    3.00    22  |__qemu-system-aar
07:04:43     1000         -   3371197    0.00    0.00    0.00    0.00    0.00    22  |__call_rcu
07:04:43     1000         -   3371211   99.00    0.00    0.00    0.00   99.00    16  |__CPU 0/TCG
07:04:43     1000         -   3371213    0.00    0.00    0.00    0.00    0.00    17  |__CPU 1/TCG
07:04:43     1000         -   3371214   99.00    1.00    0.00    0.00  100.00    20  |__CPU 2/TCG
07:04:43     1000         -   3371215    0.00    0.00    0.00    0.00    0.00    27  |__CPU 3/TCG
07:04:44     1000   3371190         -  203.00    0.00    0.00    0.00  203.00     0  qemu-system-aar
07:04:44     1000         -   3371190    1.00    3.00    0.00    0.00    4.00     0  |__qemu-system-aar
07:04:44     1000         -   3371197    0.00    0.00    0.00    0.00    0.00    22  |__call_rcu
07:04:44     1000         -   3371211   99.00    0.00    0.00    0.00   99.00    16  |__CPU 0/TCG
07:04:44     1000         -   3371213    1.00    0.00    0.00    0.00    1.00     7  |__CPU 1/TCG
07:04:44     1000         -   3371214  100.00    0.00    0.00    0.00  100.00    20  |__CPU 2/TCG
07:04:44     1000         -   3371215    0.00    0.00    0.00    0.00    0.00    27  |__CPU 3/TCG
