Linux 6.17.0-40-generic (9950x) 	08/15/26 	_x86_64_	(32 CPU)

# Time        UID      TGID       TID    %usr %system  %guest   %wait    %CPU   CPU  Command
21:02:09     1000   1430965         -  100.00    7.00    0.00    0.00  107.00     2  qemu-system-aar
21:02:09     1000         -   1430965    1.00    3.00    0.00    0.00    4.00     2  |__qemu-system-aar
21:02:09     1000         -   1430972    0.00    0.00    0.00    0.00    0.00     8  |__call_rcu
21:02:09     1000         -   1430973    0.00    0.00    0.00    0.00    0.00     8  |__worker
21:02:09     1000         -   1430982   91.00    3.00    0.00    0.00   94.00     4  |__CPU 0/TCG
21:02:09     1000         -   1430983    1.00    0.00    0.00    0.00    1.00     5  |__CPU 1/TCG
21:02:09     1000         -   1430984    5.00    0.00    0.00    0.00    5.00     0  |__CPU 2/TCG
21:02:09     1000         -   1430985    0.00    0.00    0.00    0.00    0.00    16  |__CPU 3/TCG
21:02:10     1000   1430965         -  199.00    4.00    0.00    0.00  203.00     6  qemu-system-aar
21:02:10     1000         -   1430965    1.00    3.00    0.00    0.00    4.00     6  |__qemu-system-aar
21:02:10     1000         -   1430972    0.00    0.00    0.00    0.00    0.00     8  |__call_rcu
21:02:10     1000         -   1430973    0.00    0.00    0.00    0.00    0.00     8  |__worker
21:02:10     1000         -   1430982   98.00    2.00    0.00    0.00  100.00    20  |__CPU 0/TCG
21:02:10     1000         -   1430983    1.00    0.00    0.00    0.00    1.00     5  |__CPU 1/TCG
21:02:10     1000         -   1430984   97.00    1.00    0.00    0.00   98.00     0  |__CPU 2/TCG
21:02:10     1000         -   1430985    0.00    0.00    0.00    0.00    0.00    16  |__CPU 3/TCG
21:02:11     1000   1430965         -  200.00    3.00    0.00    0.00  203.00     6  qemu-system-aar
21:02:11     1000         -   1430965    1.00    2.00    0.00    0.00    3.00     6  |__qemu-system-aar
21:02:11     1000         -   1430972    0.00    0.00    0.00    0.00    0.00     8  |__call_rcu
21:02:11     1000         -   1430973    0.00    0.00    0.00    0.00    0.00     8  |__worker
21:02:11     1000         -   1430982   97.00    1.00    0.00    0.00   98.00    20  |__CPU 0/TCG
21:02:11     1000         -   1430983    1.00    0.00    0.00    0.00    1.00     5  |__CPU 1/TCG
21:02:11     1000         -   1430984   98.00    2.00    0.00    0.00  100.00     0  |__CPU 2/TCG
21:02:11     1000         -   1430985    0.00    0.00    0.00    0.00    0.00    16  |__CPU 3/TCG
21:02:12     1000   1430965         -  199.00    4.00    0.00    0.00  203.00     6  qemu-system-aar
21:02:12     1000         -   1430965    1.00    2.00    0.00    0.00    3.00     6  |__qemu-system-aar
21:02:12     1000         -   1430972    0.00    0.00    0.00    0.00    0.00     8  |__call_rcu
21:02:12     1000         -   1430973    0.00    0.00    0.00    0.00    0.00     8  |__worker
21:02:12     1000         -   1430982   98.00    2.00    0.00    0.00  100.00    20  |__CPU 0/TCG
21:02:12     1000         -   1430983    1.00    0.00    0.00    0.00    1.00     7  |__CPU 1/TCG
21:02:12     1000         -   1430984   98.00    1.00    0.00    0.00   99.00     0  |__CPU 2/TCG
21:02:12     1000         -   1430985    0.00    0.00    0.00    0.00    0.00    16  |__CPU 3/TCG
21:02:13     1000   1430965         -  200.00    3.00    0.00    0.00  203.00     7  qemu-system-aar
21:02:13     1000         -   1430965    2.00    2.00    0.00    0.00    4.00     7  |__qemu-system-aar
21:02:13     1000         -   1430972    0.00    0.00    0.00    0.00    0.00     8  |__call_rcu
21:02:13     1000         -   1430973    0.00    0.00    0.00    0.00    0.00     8  |__worker
21:02:13     1000         -   1430982   98.00    1.00    0.00    0.00   99.00    20  |__CPU 0/TCG
21:02:13     1000         -   1430983    1.00    0.00    0.00    0.00    1.00     6  |__CPU 1/TCG
21:02:13     1000         -   1430984   99.00    1.00    0.00    0.00  100.00    16  |__CPU 2/TCG
21:02:13     1000         -   1430985    0.00    0.00    0.00    0.00    0.00    16  |__CPU 3/TCG
21:02:14     1000   1430965         -  202.00    2.00    0.00    0.00  204.00     7  qemu-system-aar
21:02:14     1000         -   1430965    1.00    2.00    0.00    0.00    3.00     7  |__qemu-system-aar
21:02:14     1000         -   1430972    0.00    0.00    0.00    0.00    0.00     8  |__call_rcu
21:02:14     1000         -   1430973    0.00    0.00    0.00    0.00    0.00     8  |__worker
21:02:14     1000         -   1430982   99.00    0.00    0.00    0.00   99.00    20  |__CPU 0/TCG
21:02:14     1000         -   1430983    0.00    0.00    0.00    0.00    0.00     6  |__CPU 1/TCG
21:02:14     1000         -   1430984   99.00    1.00    0.00    0.00  100.00    16  |__CPU 2/TCG
21:02:14     1000         -   1430985    0.00    0.00    0.00    0.00    0.00    16  |__CPU 3/TCG
21:02:15     1000   1430965         -  201.00    2.00    0.00    0.00  203.00     6  qemu-system-aar
21:02:15     1000         -   1430965    1.00    3.00    0.00    0.00    4.00     6  |__qemu-system-aar
21:02:15     1000         -   1430972    0.00    0.00    0.00    0.00    0.00     8  |__call_rcu
21:02:15     1000         -   1430973    0.00    0.00    0.00    0.00    0.00     8  |__worker
21:02:15     1000         -   1430982   99.00    0.00    0.00    0.00   99.00    20  |__CPU 0/TCG
21:02:15     1000         -   1430983    1.00    0.00    0.00    0.00    1.00     5  |__CPU 1/TCG
21:02:15     1000         -   1430984   98.00    1.00    0.00    0.00   99.00    16  |__CPU 2/TCG
21:02:15     1000         -   1430985    0.00    0.00    0.00    0.00    0.00    16  |__CPU 3/TCG
21:02:16     1000   1430965         -  200.00    2.00    0.00    0.00  202.00    17  qemu-system-aar
21:02:16     1000         -   1430965    1.00    2.00    0.00    0.00    3.00    17  |__qemu-system-aar
21:02:16     1000         -   1430972    0.00    0.00    0.00    0.00    0.00     8  |__call_rcu
21:02:16     1000         -   1430973    0.00    0.00    0.00    0.00    0.00     8  |__worker
21:02:16     1000         -   1430982   99.00    1.00    0.00    0.00  100.00     4  |__CPU 0/TCG
21:02:16     1000         -   1430983    1.00    0.00    0.00    0.00    1.00     5  |__CPU 1/TCG
21:02:16     1000         -   1430984   99.00    1.00    0.00    0.00  100.00     0  |__CPU 2/TCG
21:02:16     1000         -   1430985    0.00    0.00    0.00    0.00    0.00    16  |__CPU 3/TCG
21:02:17     1000   1430965         -  201.00    2.00    0.00    0.00  203.00     3  qemu-system-aar
21:02:17     1000         -   1430965    1.00    2.00    0.00    0.00    3.00     3  |__qemu-system-aar
21:02:17     1000         -   1430972    0.00    0.00    0.00    0.00    0.00     8  |__call_rcu
21:02:17     1000         -   1430973    0.00    0.00    0.00    0.00    0.00     8  |__worker
21:02:17     1000         -   1430982   99.00    1.00    0.00    0.00  100.00    23  |__CPU 0/TCG
21:02:17     1000         -   1430983    0.00    0.00    0.00    0.00    0.00    22  |__CPU 1/TCG
21:02:17     1000         -   1430984   99.00    1.00    0.00    0.00  100.00    20  |__CPU 2/TCG
21:02:17     1000         -   1430985    0.00    0.00    0.00    0.00    0.00    16  |__CPU 3/TCG
21:02:18     1000   1430965         -  201.00    3.00    0.00    0.00  204.00    21  qemu-system-aar
21:02:18     1000         -   1430965    2.00    3.00    0.00    0.00    5.00    21  |__qemu-system-aar
21:02:18     1000         -   1430972    0.00    0.00    0.00    0.00    0.00     8  |__call_rcu
21:02:18     1000         -   1430973    0.00    0.00    0.00    0.00    0.00     8  |__worker
21:02:18     1000         -   1430982   98.00    0.00    0.00    0.00   98.00     3  |__CPU 0/TCG
21:02:18     1000         -   1430983    1.00    0.00    0.00    0.00    1.00    23  |__CPU 1/TCG
21:02:18     1000         -   1430984   98.00    1.00    0.00    0.00   99.00    22  |__CPU 2/TCG
21:02:18     1000         -   1430985    0.00    0.00    0.00    0.00    0.00    16  |__CPU 3/TCG
21:02:19     1000   1430965         -  200.00    2.00    0.00    0.00  202.00    17  qemu-system-aar
21:02:19     1000         -   1430965    1.00    3.00    0.00    0.00    4.00    17  |__qemu-system-aar
21:02:19     1000         -   1430972    0.00    0.00    0.00    0.00    0.00     8  |__call_rcu
21:02:19     1000         -   1430982   99.00    1.00    0.00    0.00  100.00     5  |__CPU 0/TCG
21:02:19     1000         -   1430983    0.00    0.00    0.00    0.00    0.00    22  |__CPU 1/TCG
21:02:19     1000         -   1430984   98.00    1.00    0.00    0.00   99.00    19  |__CPU 2/TCG
21:02:19     1000         -   1430985    0.00    0.00    0.00    0.00    0.00    16  |__CPU 3/TCG
21:02:20     1000   1430965         -  201.00    3.00    0.00    0.00  204.00    20  qemu-system-aar
21:02:20     1000         -   1430965    1.00    2.00    0.00    0.00    3.00    20  |__qemu-system-aar
21:02:20     1000         -   1430972    0.00    0.00    0.00    0.00    0.00     8  |__call_rcu
21:02:20     1000         -   1430982   99.00    1.00    0.00    0.00  100.00     6  |__CPU 0/TCG
21:02:20     1000         -   1430983    1.00    0.00    0.00    0.00    1.00    22  |__CPU 1/TCG
21:02:20     1000         -   1430984   99.00    1.00    0.00    0.00  100.00    19  |__CPU 2/TCG
21:02:20     1000         -   1430985    0.00    0.00    0.00    0.00    0.00    16  |__CPU 3/TCG
21:02:21     1000   1430965         -  201.00    2.00    0.00    0.00  203.00    20  qemu-system-aar
21:02:21     1000         -   1430965    1.00    3.00    0.00    0.00    4.00    20  |__qemu-system-aar
21:02:21     1000         -   1430972    0.00    0.00    0.00    0.00    0.00     8  |__call_rcu
21:02:21     1000         -   1430982   99.00    0.00    0.00    0.00   99.00     6  |__CPU 0/TCG
21:02:21     1000         -   1430983    1.00    0.00    0.00    0.00    1.00    22  |__CPU 1/TCG
21:02:21     1000         -   1430984   98.00    1.00    0.00    0.00   99.00    19  |__CPU 2/TCG
21:02:21     1000         -   1430985    0.00    0.00    0.00    0.00    0.00    16  |__CPU 3/TCG
21:02:22     1000   1430965         -  200.00    3.00    0.00    0.00  203.00    20  qemu-system-aar
21:02:22     1000         -   1430965    0.00    3.00    0.00    0.00    3.00    20  |__qemu-system-aar
21:02:22     1000         -   1430972    0.00    0.00    0.00    0.00    0.00     8  |__call_rcu
21:02:22     1000         -   1430982   98.00    1.00    0.00    0.00   99.00    22  |__CPU 0/TCG
21:02:22     1000         -   1430983    0.00    0.00    0.00    0.00    0.00    23  |__CPU 1/TCG
21:02:22     1000         -   1430984   99.00    1.00    0.00    0.00  100.00    19  |__CPU 2/TCG
21:02:22     1000         -   1430985    0.00    0.00    0.00    0.00    0.00    16  |__CPU 3/TCG
21:02:23     1000   1430965         -  201.00    2.00    0.00    0.00  203.00    20  qemu-system-aar
21:02:23     1000         -   1430965    1.00    3.00    0.00    0.00    4.00    20  |__qemu-system-aar
21:02:23     1000         -   1430972    0.00    0.00    0.00    0.00    0.00     8  |__call_rcu
21:02:23     1000         -   1430982   99.00    0.00    0.00    0.00   99.00    22  |__CPU 0/TCG
21:02:23     1000         -   1430983    1.00    0.00    0.00    0.00    1.00     0  |__CPU 1/TCG
21:02:23     1000         -   1430984   98.00    1.00    0.00    0.00   99.00    19  |__CPU 2/TCG
21:02:23     1000         -   1430985    0.00    0.00    0.00    0.00    0.00    16  |__CPU 3/TCG
21:02:24     1000   1430965         -  202.00    2.00    0.00    0.00  204.00    20  qemu-system-aar
21:02:24     1000         -   1430965    1.00    2.00    0.00    0.00    3.00    20  |__qemu-system-aar
21:02:24     1000         -   1430972    0.00    0.00    0.00    0.00    0.00     8  |__call_rcu
21:02:24     1000         -   1430982   99.00    1.00    0.00    0.00  100.00     6  |__CPU 0/TCG
21:02:24     1000         -   1430983    0.00    0.00    0.00    0.00    0.00    23  |__CPU 1/TCG
21:02:24     1000         -   1430984   99.00    0.00    0.00    0.00   99.00    19  |__CPU 2/TCG
21:02:24     1000         -   1430985    0.00    0.00    0.00    0.00    0.00    16  |__CPU 3/TCG
21:02:25     1000   1430965         -  201.00    2.00    0.00    0.00  203.00    22  qemu-system-aar
21:02:25     1000         -   1430965    2.00    3.00    0.00    0.00    5.00    22  |__qemu-system-aar
21:02:25     1000         -   1430972    0.00    0.00    0.00    0.00    0.00     8  |__call_rcu
21:02:25     1000         -   1430982   99.00    1.00    0.00    0.00  100.00     6  |__CPU 0/TCG
21:02:25     1000         -   1430983    1.00    0.00    0.00    0.00    1.00    23  |__CPU 1/TCG
21:02:25     1000         -   1430984   99.00    1.00    0.00    0.00  100.00    19  |__CPU 2/TCG
21:02:25     1000         -   1430985    0.00    0.00    0.00    0.00    0.00    16  |__CPU 3/TCG
21:02:26     1000   1430965         -  201.00    1.00    0.00    0.00  202.00    20  qemu-system-aar
21:02:26     1000         -   1430965    0.00    2.00    0.00    0.00    2.00    20  |__qemu-system-aar
21:02:26     1000         -   1430972    0.00    0.00    0.00    0.00    0.00     8  |__call_rcu
21:02:26     1000         -   1430982   99.00    0.00    0.00    0.00   99.00     6  |__CPU 0/TCG
21:02:26     1000         -   1430983    0.00    0.00    0.00    0.00    0.00     0  |__CPU 1/TCG
21:02:26     1000         -   1430984   98.00    1.00    0.00    0.00   99.00    19  |__CPU 2/TCG
21:02:26     1000         -   1430985    0.00    0.00    0.00    0.00    0.00    16  |__CPU 3/TCG
21:02:27     1000   1430965         -  190.10    2.97    0.00    1.98  193.07     4  qemu-system-aar
21:02:27     1000         -   1430965    0.99    2.97    0.00    1.98    3.96    17  |__qemu-system-aar
21:02:27     1000         -   1430972    0.00    0.00    0.00    0.00    0.00     8  |__call_rcu
21:02:27     1000         -   1430982   92.08    0.99    0.00    5.94   93.07     4  |__CPU 0/TCG
21:02:27     1000         -   1430983    0.99    0.00    0.00    0.00    0.99     4  |__CPU 1/TCG
21:02:27     1000         -   1430984   95.05    0.99    0.00    1.98   96.04    17  |__CPU 2/TCG
21:02:27     1000         -   1430985    0.00    0.00    0.00    0.00    0.00    16  |__CPU 3/TCG
