Linux 6.17.0-40-generic (9950x) 	08/15/26 	_x86_64_	(32 CPU)

# Time        UID      TGID       TID    %usr %system  %guest   %wait    %CPU   CPU  Command
21:13:39     1000   1454057         -  100.00    6.00    0.00    0.00  106.00     7  qemu-system-aar
21:13:39     1000         -   1454057    1.00    3.00    0.00    0.00    4.00     7  |__qemu-system-aar
21:13:39     1000         -   1454068    0.00    0.00    0.00    0.00    0.00     6  |__call_rcu
21:13:39     1000         -   1454069    0.00    0.00    0.00    0.00    0.00    29  |__worker
21:13:39     1000         -   1454077   93.00    2.00    0.00    0.00   95.00     3  |__CPU 0/TCG
21:13:39     1000         -   1454078    1.00    0.00    0.00    0.00    1.00    27  |__CPU 1/TCG
21:13:39     1000         -   1454079    3.00    0.00    0.00    0.00    3.00     6  |__CPU 2/TCG
21:13:39     1000         -   1454080    0.00    0.00    0.00    0.00    0.00    15  |__CPU 3/TCG
21:13:40     1000   1454057         -  199.00    5.00    0.00    0.00  204.00     7  qemu-system-aar
21:13:40     1000         -   1454057    1.00    4.00    0.00    0.00    5.00     7  |__qemu-system-aar
21:13:40     1000         -   1454068    0.00    0.00    0.00    0.00    0.00     7  |__call_rcu
21:13:40     1000         -   1454069    0.00    0.00    0.00    0.00    0.00    29  |__worker
21:13:40     1000         -   1454077   98.00    1.00    0.00    0.00   99.00     3  |__CPU 0/TCG
21:13:40     1000         -   1454078    2.00    0.00    0.00    0.00    2.00    19  |__CPU 1/TCG
21:13:40     1000         -   1454079   97.00    2.00    0.00    0.00   99.00     6  |__CPU 2/TCG
21:13:40     1000         -   1454080    0.00    0.00    0.00    0.00    0.00    15  |__CPU 3/TCG
21:13:41     1000   1454057         -  197.00    7.00    0.00    0.00  204.00     4  qemu-system-aar
21:13:41     1000         -   1454057    2.00    3.00    0.00    0.00    5.00     4  |__qemu-system-aar
21:13:41     1000         -   1454068    0.00    0.00    0.00    0.00    0.00     7  |__call_rcu
21:13:41     1000         -   1454069    0.00    0.00    0.00    0.00    0.00    29  |__worker
21:13:41     1000         -   1454077   97.00    1.00    0.00    0.00   98.00     6  |__CPU 0/TCG
21:13:41     1000         -   1454078    0.00    0.00    0.00    0.00    0.00    13  |__CPU 1/TCG
21:13:41     1000         -   1454079   96.00    3.00    0.00    0.00   99.00     3  |__CPU 2/TCG
21:13:41     1000         -   1454080    0.00    0.00    0.00    0.00    0.00    15  |__CPU 3/TCG
21:13:42     1000   1454057         -  197.00    7.00    0.00    0.00  204.00    15  qemu-system-aar
21:13:42     1000         -   1454057    2.00    4.00    0.00    0.00    6.00    15  |__qemu-system-aar
21:13:42     1000         -   1454068    0.00    0.00    0.00    0.00    0.00     7  |__call_rcu
21:13:42     1000         -   1454069    0.00    0.00    0.00    0.00    0.00    29  |__worker
21:13:42     1000         -   1454077   96.00    2.00    0.00    0.00   98.00    19  |__CPU 0/TCG
21:13:42     1000         -   1454078    1.00    0.00    0.00    0.00    1.00    10  |__CPU 1/TCG
21:13:42     1000         -   1454079   97.00    2.00    0.00    0.00   99.00     6  |__CPU 2/TCG
21:13:42     1000         -   1454080    0.00    0.00    0.00    0.00    0.00    15  |__CPU 3/TCG
21:13:43     1000   1454057         -  183.00    3.00    0.00    7.00  186.00    22  qemu-system-aar
21:13:43     1000         -   1454057    1.00    2.00    0.00    7.00    3.00    22  |__qemu-system-aar
21:13:43     1000         -   1454068    0.00    0.00    0.00    0.00    0.00     7  |__call_rcu
21:13:43     1000         -   1454069    0.00    0.00    0.00    0.00    0.00    29  |__worker
21:13:43     1000         -   1454077   90.00    1.00    0.00    8.00   91.00     4  |__CPU 0/TCG
21:13:43     1000         -   1454078    2.00    0.00    0.00    2.00    2.00    21  |__CPU 1/TCG
21:13:43     1000         -   1454079   88.00    2.00    0.00   10.00   90.00     0  |__CPU 2/TCG
21:13:43     1000         -   1454080    0.00    0.00    0.00    0.00    0.00    15  |__CPU 3/TCG
21:13:44     1000   1454057         -  201.00    2.00    0.00    0.00  203.00    21  qemu-system-aar
21:13:44     1000         -   1454057    1.00    3.00    0.00    0.00    4.00    21  |__qemu-system-aar
21:13:44     1000         -   1454068    0.00    0.00    0.00    0.00    0.00     7  |__call_rcu
21:13:44     1000         -   1454069    0.00    0.00    0.00    0.00    0.00    29  |__worker
21:13:44     1000         -   1454077   99.00    0.00    0.00    0.00   99.00    20  |__CPU 0/TCG
21:13:44     1000         -   1454078    0.00    0.00    0.00    0.00    0.00    17  |__CPU 1/TCG
21:13:44     1000         -   1454079   99.00    1.00    0.00    0.00  100.00     0  |__CPU 2/TCG
21:13:44     1000         -   1454080    0.00    0.00    0.00    0.00    0.00    15  |__CPU 3/TCG
21:13:45     1000   1454057         -  200.00    3.00    0.00    0.00  203.00    22  qemu-system-aar
21:13:45     1000         -   1454057    1.00    3.00    0.00    0.00    4.00    22  |__qemu-system-aar
21:13:45     1000         -   1454068    0.00    0.00    0.00    0.00    0.00     7  |__call_rcu
21:13:45     1000         -   1454069    0.00    0.00    0.00    0.00    0.00    29  |__worker
21:13:45     1000         -   1454077   98.00    1.00    0.00    0.00   99.00     4  |__CPU 0/TCG
21:13:45     1000         -   1454078    0.00    0.00    0.00    0.00    0.00    17  |__CPU 1/TCG
21:13:45     1000         -   1454079   98.00    1.00    0.00    0.00   99.00     0  |__CPU 2/TCG
21:13:45     1000         -   1454080    0.00    0.00    0.00    0.00    0.00    15  |__CPU 3/TCG
21:13:46     1000   1454057         -  200.00    2.00    0.00    0.00  202.00    22  qemu-system-aar
21:13:46     1000         -   1454057    1.00    2.00    0.00    0.00    3.00    22  |__qemu-system-aar
21:13:46     1000         -   1454068    0.00    0.00    0.00    0.00    0.00     7  |__call_rcu
21:13:46     1000         -   1454069    0.00    0.00    0.00    0.00    0.00    29  |__worker
21:13:46     1000         -   1454077   99.00    1.00    0.00    0.00  100.00     4  |__CPU 0/TCG
21:13:46     1000         -   1454078    0.00    0.00    0.00    0.00    0.00    17  |__CPU 1/TCG
21:13:46     1000         -   1454079   98.00    1.00    0.00    0.00   99.00     0  |__CPU 2/TCG
21:13:46     1000         -   1454080    0.00    0.00    0.00    0.00    0.00    15  |__CPU 3/TCG
21:13:47     1000   1454057         -  200.00    3.00    0.00    0.00  203.00    21  qemu-system-aar
21:13:47     1000         -   1454057    1.00    3.00    0.00    0.00    4.00    21  |__qemu-system-aar
21:13:47     1000         -   1454068    0.00    0.00    0.00    0.00    0.00     7  |__call_rcu
21:13:47     1000         -   1454069    0.00    0.00    0.00    0.00    0.00    29  |__worker
21:13:47     1000         -   1454077   99.00    0.00    0.00    0.00   99.00     4  |__CPU 0/TCG
21:13:47     1000         -   1454078    1.00    0.00    0.00    0.00    1.00    17  |__CPU 1/TCG
21:13:47     1000         -   1454079   99.00    1.00    0.00    0.00  100.00    16  |__CPU 2/TCG
21:13:47     1000         -   1454080    0.00    0.00    0.00    0.00    0.00    15  |__CPU 3/TCG
21:13:48     1000   1454057         -  201.00    2.00    0.00    0.00  203.00    21  qemu-system-aar
21:13:48     1000         -   1454057    1.00    2.00    0.00    0.00    3.00    21  |__qemu-system-aar
21:13:48     1000         -   1454068    0.00    0.00    0.00    0.00    0.00     7  |__call_rcu
21:13:48     1000         -   1454069    0.00    0.00    0.00    0.00    0.00    29  |__worker
21:13:48     1000         -   1454077   99.00    0.00    0.00    0.00   99.00     4  |__CPU 0/TCG
21:13:48     1000         -   1454078    0.00    0.00    0.00    0.00    0.00    17  |__CPU 1/TCG
21:13:48     1000         -   1454079   98.00    2.00    0.00    0.00  100.00     1  |__CPU 2/TCG
21:13:48     1000         -   1454080    0.00    0.00    0.00    0.00    0.00    15  |__CPU 3/TCG
21:13:49     1000   1454057         -  199.00    4.00    0.00    0.00  203.00     6  qemu-system-aar
21:13:49     1000         -   1454057    1.00    2.00    0.00    0.00    3.00     6  |__qemu-system-aar
21:13:49     1000         -   1454068    0.00    0.00    0.00    0.00    0.00     7  |__call_rcu
21:13:49     1000         -   1454077   98.00    1.00    0.00    0.00   99.00     4  |__CPU 0/TCG
21:13:49     1000         -   1454078    1.00    0.00    0.00    0.00    1.00    17  |__CPU 1/TCG
21:13:49     1000         -   1454079   98.00    1.00    0.00    0.00   99.00    16  |__CPU 2/TCG
21:13:49     1000         -   1454080    0.00    0.00    0.00    0.00    0.00    15  |__CPU 3/TCG
21:13:50     1000   1454057         -  199.00    3.00    0.00    0.00  202.00     5  qemu-system-aar
21:13:50     1000         -   1454057    2.00    2.00    0.00    0.00    4.00     5  |__qemu-system-aar
21:13:50     1000         -   1454068    0.00    0.00    0.00    0.00    0.00     7  |__call_rcu
21:13:50     1000         -   1454077   98.00    1.00    0.00    0.00   99.00    20  |__CPU 0/TCG
21:13:50     1000         -   1454078    0.00    1.00    0.00    0.00    1.00    17  |__CPU 1/TCG
21:13:50     1000         -   1454079   98.00    2.00    0.00    0.00  100.00    16  |__CPU 2/TCG
21:13:50     1000         -   1454080    0.00    0.00    0.00    0.00    0.00    15  |__CPU 3/TCG
21:13:51     1000   1454057         -  201.00    2.00    0.00    0.00  203.00     5  qemu-system-aar
21:13:51     1000         -   1454057    1.00    2.00    0.00    0.00    3.00     5  |__qemu-system-aar
21:13:51     1000         -   1454068    0.00    0.00    0.00    0.00    0.00     7  |__call_rcu
21:13:51     1000         -   1454077   99.00    1.00    0.00    0.00  100.00    20  |__CPU 0/TCG
21:13:51     1000         -   1454078    1.00    0.00    0.00    0.00    1.00    17  |__CPU 1/TCG
21:13:51     1000         -   1454079   99.00    0.00    0.00    0.00   99.00    16  |__CPU 2/TCG
21:13:51     1000         -   1454080    0.00    0.00    0.00    0.00    0.00    15  |__CPU 3/TCG
21:13:52     1000   1454057         -  199.00    3.00    0.00    0.00  202.00     6  qemu-system-aar
21:13:52     1000         -   1454057    0.00    3.00    0.00    0.00    3.00     6  |__qemu-system-aar
21:13:52     1000         -   1454068    0.00    0.00    0.00    0.00    0.00     7  |__call_rcu
21:13:52     1000         -   1454077   99.00    1.00    0.00    0.00  100.00     4  |__CPU 0/TCG
21:13:52     1000         -   1454078    0.00    0.00    0.00    0.00    0.00     2  |__CPU 1/TCG
21:13:52     1000         -   1454079   98.00    2.00    0.00    0.00  100.00    16  |__CPU 2/TCG
21:13:52     1000         -   1454080    0.00    0.00    0.00    0.00    0.00    15  |__CPU 3/TCG
21:13:53     1000   1454057         -  200.00    3.00    0.00    0.00  203.00    17  qemu-system-aar
21:13:53     1000         -   1454057    1.00    2.00    0.00    0.00    3.00    17  |__qemu-system-aar
21:13:53     1000         -   1454068    0.00    0.00    0.00    0.00    0.00     7  |__call_rcu
21:13:53     1000         -   1454077   98.00    1.00    0.00    0.00   99.00    20  |__CPU 0/TCG
21:13:53     1000         -   1454078    1.00    0.00    0.00    0.00    1.00    21  |__CPU 1/TCG
21:13:53     1000         -   1454079   98.00    1.00    0.00    0.00   99.00    16  |__CPU 2/TCG
21:13:53     1000         -   1454080    0.00    0.00    0.00    0.00    0.00    15  |__CPU 3/TCG
21:13:54     1000   1454057         -  199.00    3.00    0.00    0.00  202.00    19  qemu-system-aar
21:13:54     1000         -   1454057    1.00    2.00    0.00    0.00    3.00    19  |__qemu-system-aar
21:13:54     1000         -   1454068    0.00    0.00    0.00    0.00    0.00     7  |__call_rcu
21:13:54     1000         -   1454077   98.00    1.00    0.00    0.00   99.00    20  |__CPU 0/TCG
21:13:54     1000         -   1454078    0.00    0.00    0.00    0.00    0.00     2  |__CPU 1/TCG
21:13:54     1000         -   1454079   99.00    1.00    0.00    0.00  100.00    16  |__CPU 2/TCG
21:13:54     1000         -   1454080    0.00    0.00    0.00    0.00    0.00    15  |__CPU 3/TCG
21:13:55     1000   1454057         -  200.00    3.00    0.00    0.00  203.00    21  qemu-system-aar
21:13:55     1000         -   1454057    2.00    1.00    0.00    0.00    3.00    21  |__qemu-system-aar
21:13:55     1000         -   1454068    0.00    0.00    0.00    0.00    0.00     7  |__call_rcu
21:13:55     1000         -   1454077  100.00    0.00    0.00    0.00  100.00    20  |__CPU 0/TCG
21:13:55     1000         -   1454078    1.00    0.00    0.00    0.00    1.00     7  |__CPU 1/TCG
21:13:55     1000         -   1454079   98.00    2.00    0.00    0.00  100.00    16  |__CPU 2/TCG
21:13:55     1000         -   1454080    0.00    0.00    0.00    0.00    0.00    15  |__CPU 3/TCG
21:13:56     1000   1454057         -  199.00    4.00    0.00    0.00  203.00    23  qemu-system-aar
21:13:56     1000         -   1454057    2.00    3.00    0.00    0.00    5.00    23  |__qemu-system-aar
21:13:56     1000         -   1454068    0.00    0.00    0.00    0.00    0.00     7  |__call_rcu
21:13:56     1000         -   1454077   97.00    1.00    0.00    0.00   98.00     4  |__CPU 0/TCG
21:13:56     1000         -   1454078    1.00    0.00    0.00    0.00    1.00     1  |__CPU 1/TCG
21:13:56     1000         -   1454079   97.00    2.00    0.00    0.00   99.00    16  |__CPU 2/TCG
21:13:56     1000         -   1454080    0.00    0.00    0.00    0.00    0.00    15  |__CPU 3/TCG
21:13:57     1000   1454057         -  201.00    2.00    0.00    0.00  203.00     2  qemu-system-aar
21:13:57     1000         -   1454057    0.00    3.00    0.00    0.00    3.00     2  |__qemu-system-aar
21:13:57     1000         -   1454068    0.00    0.00    0.00    0.00    0.00     7  |__call_rcu
21:13:57     1000         -   1454077   99.00    1.00    0.00    0.00  100.00    20  |__CPU 0/TCG
21:13:57     1000         -   1454078    0.00    0.00    0.00    0.00    0.00     5  |__CPU 1/TCG
21:13:57     1000         -   1454079   98.00    1.00    0.00    0.00   99.00     0  |__CPU 2/TCG
21:13:57     1000         -   1454080    0.00    0.00    0.00    0.00    0.00    15  |__CPU 3/TCG
21:13:58     1000   1454057         -  202.00    2.00    0.00    0.00  204.00     7  qemu-system-aar
21:13:58     1000         -   1454057    2.00    2.00    0.00    0.00    4.00     7  |__qemu-system-aar
21:13:58     1000         -   1454068    0.00    0.00    0.00    0.00    0.00     7  |__call_rcu
21:13:58     1000         -   1454077   99.00    0.00    0.00    0.00   99.00    20  |__CPU 0/TCG
21:13:58     1000         -   1454078    1.00    0.00    0.00    0.00    1.00     5  |__CPU 1/TCG
21:13:58     1000         -   1454079   99.00    1.00    0.00    0.00  100.00     0  |__CPU 2/TCG
21:13:58     1000         -   1454080    0.00    0.00    0.00    0.00    0.00    15  |__CPU 3/TCG
21:13:59     1000   1454057         -  201.00    2.00    0.00    0.00  203.00     1  qemu-system-aar
21:13:59     1000         -   1454057    2.00    2.00    0.00    0.00    4.00     1  |__qemu-system-aar
21:13:59     1000         -   1454068    0.00    0.00    0.00    0.00    0.00     7  |__call_rcu
21:13:59     1000         -   1454077   99.00    0.00    0.00    0.00   99.00    20  |__CPU 0/TCG
21:13:59     1000         -   1454078    0.00    0.00    0.00    0.00    0.00     5  |__CPU 1/TCG
21:13:59     1000         -   1454079   99.00    1.00    0.00    0.00  100.00     0  |__CPU 2/TCG
21:13:59     1000         -   1454080    0.00    0.00    0.00    0.00    0.00    15  |__CPU 3/TCG
21:14:00     1000   1454057         -  201.00    2.00    0.00    0.00  203.00     5  qemu-system-aar
21:14:00     1000         -   1454057    2.00    2.00    0.00    0.00    4.00     5  |__qemu-system-aar
21:14:00     1000         -   1454068    0.00    0.00    0.00    0.00    0.00     7  |__call_rcu
21:14:00     1000         -   1454077   99.00    1.00    0.00    0.00  100.00     4  |__CPU 0/TCG
21:14:00     1000         -   1454078    1.00    0.00    0.00    0.00    1.00     5  |__CPU 1/TCG
21:14:00     1000         -   1454079   98.00    1.00    0.00    0.00   99.00     0  |__CPU 2/TCG
21:14:00     1000         -   1454080    0.00    0.00    0.00    0.00    0.00    15  |__CPU 3/TCG
21:14:01     1000   1454057         -  202.00    2.00    0.00    0.00  204.00    20  qemu-system-aar
21:14:01     1000         -   1454057    0.00    3.00    0.00    0.00    3.00    20  |__qemu-system-aar
21:14:01     1000         -   1454068    0.00    0.00    0.00    0.00    0.00     7  |__call_rcu
21:14:01     1000         -   1454077   99.00    0.00    0.00    0.00   99.00     4  |__CPU 0/TCG
21:14:01     1000         -   1454078    0.00    0.00    0.00    0.00    0.00     5  |__CPU 1/TCG
21:14:01     1000         -   1454079  100.00    1.00    0.00    0.00  101.00     0  |__CPU 2/TCG
21:14:01     1000         -   1454080    0.00    0.00    0.00    0.00    0.00    15  |__CPU 3/TCG
21:14:02     1000   1454057         -  201.00    3.00    0.00    0.00  204.00    17  qemu-system-aar
21:14:02     1000         -   1454057    2.00    2.00    0.00    0.00    4.00    17  |__qemu-system-aar
21:14:02     1000         -   1454068    0.00    0.00    0.00    0.00    0.00     7  |__call_rcu
21:14:02     1000         -   1454077   99.00    0.00    0.00    0.00   99.00    20  |__CPU 0/TCG
21:14:02     1000         -   1454078    0.00    0.00    0.00    0.00    0.00     1  |__CPU 1/TCG
21:14:02     1000         -   1454079   98.00    1.00    0.00    0.00   99.00    16  |__CPU 2/TCG
21:14:02     1000         -   1454080    0.00    0.00    0.00    0.00    0.00    15  |__CPU 3/TCG
21:14:03     1000   1454057         -  200.00    2.00    0.00    0.00  202.00     2  qemu-system-aar
21:14:03     1000         -   1454057    1.00    3.00    0.00    0.00    4.00     2  |__qemu-system-aar
21:14:03     1000         -   1454068    0.00    0.00    0.00    0.00    0.00     7  |__call_rcu
21:14:03     1000         -   1454077   99.00    1.00    0.00    0.00  100.00     4  |__CPU 0/TCG
21:14:03     1000         -   1454078    1.00    0.00    0.00    0.00    1.00     1  |__CPU 1/TCG
21:14:03     1000         -   1454079   99.00    2.00    0.00    0.00  101.00     0  |__CPU 2/TCG
21:14:03     1000         -   1454080    0.00    0.00    0.00    0.00    0.00    15  |__CPU 3/TCG
21:14:04     1000   1454057         -  201.00    3.00    0.00    0.00  204.00     2  qemu-system-aar
21:14:04     1000         -   1454057    1.00    3.00    0.00    0.00    4.00     2  |__qemu-system-aar
21:14:04     1000         -   1454068    0.00    0.00    0.00    0.00    0.00     7  |__call_rcu
21:14:04     1000         -   1454077   99.00    0.00    0.00    0.00   99.00     4  |__CPU 0/TCG
21:14:04     1000         -   1454078    0.00    0.00    0.00    0.00    0.00     1  |__CPU 1/TCG
21:14:04     1000         -   1454079   99.00    0.00    0.00    0.00   99.00     0  |__CPU 2/TCG
21:14:04     1000         -   1454080    0.00    0.00    0.00    0.00    0.00    15  |__CPU 3/TCG
21:14:05     1000   1454057         -  201.00    2.00    0.00    0.00  203.00    19  qemu-system-aar
21:14:05     1000         -   1454057    2.00    2.00    0.00    0.00    4.00    19  |__qemu-system-aar
21:14:05     1000         -   1454068    0.00    0.00    0.00    0.00    0.00     7  |__call_rcu
21:14:05     1000         -   1454077   98.00    1.00    0.00    0.00   99.00     4  |__CPU 0/TCG
21:14:05     1000         -   1454078    0.00    0.00    0.00    0.00    0.00     5  |__CPU 1/TCG
21:14:05     1000         -   1454079   98.00    2.00    0.00    0.00  100.00     0  |__CPU 2/TCG
21:14:05     1000         -   1454080    0.00    0.00    0.00    0.00    0.00    15  |__CPU 3/TCG
21:14:06     1000   1454057         -  201.00    2.00    0.00    0.00  203.00    19  qemu-system-aar
21:14:06     1000         -   1454057    1.00    2.00    0.00    0.00    3.00    19  |__qemu-system-aar
21:14:06     1000         -   1454068    0.00    0.00    0.00    0.00    0.00     7  |__call_rcu
21:14:06     1000         -   1454077   99.00    0.00    0.00    0.00   99.00     4  |__CPU 0/TCG
21:14:06     1000         -   1454078    1.00    0.00    0.00    0.00    1.00     6  |__CPU 1/TCG
21:14:06     1000         -   1454079   99.00    0.00    0.00    0.00   99.00    16  |__CPU 2/TCG
21:14:06     1000         -   1454080    0.00    0.00    0.00    0.00    0.00    15  |__CPU 3/TCG
21:14:07     1000   1454057         -  201.00    2.00    0.00    0.00  203.00    19  qemu-system-aar
21:14:07     1000         -   1454057    2.00    2.00    0.00    0.00    4.00    19  |__qemu-system-aar
21:14:07     1000         -   1454068    0.00    0.00    0.00    0.00    0.00     7  |__call_rcu
21:14:07     1000         -   1454077   99.00    0.00    0.00    0.00   99.00     4  |__CPU 0/TCG
21:14:07     1000         -   1454078    0.00    0.00    0.00    0.00    0.00     0  |__CPU 1/TCG
21:14:07     1000         -   1454079   99.00    2.00    0.00    0.00  101.00    16  |__CPU 2/TCG
21:14:07     1000         -   1454080    0.00    0.00    0.00    0.00    0.00    15  |__CPU 3/TCG
21:14:08     1000   1454057         -  200.00    3.00    0.00    0.00  203.00    19  qemu-system-aar
21:14:08     1000         -   1454057    1.00    3.00    0.00    0.00    4.00    19  |__qemu-system-aar
21:14:08     1000         -   1454068    0.00    0.00    0.00    0.00    0.00     7  |__call_rcu
21:14:08     1000         -   1454077   98.00    1.00    0.00    0.00   99.00     4  |__CPU 0/TCG
21:14:08     1000         -   1454078    1.00    0.00    0.00    0.00    1.00     0  |__CPU 1/TCG
21:14:08     1000         -   1454079   99.00    1.00    0.00    0.00  100.00    16  |__CPU 2/TCG
21:14:08     1000         -   1454080    0.00    0.00    0.00    0.00    0.00    15  |__CPU 3/TCG
21:14:09     1000   1454057         -  201.00    2.00    0.00    0.00  203.00    19  qemu-system-aar
21:14:09     1000         -   1454057    2.00    2.00    0.00    0.00    4.00    19  |__qemu-system-aar
21:14:09     1000         -   1454068    0.00    0.00    0.00    0.00    0.00     7  |__call_rcu
21:14:09     1000         -   1454077   99.00    1.00    0.00    0.00  100.00     4  |__CPU 0/TCG
21:14:09     1000         -   1454078    0.00    0.00    0.00    0.00    0.00     0  |__CPU 1/TCG
21:14:09     1000         -   1454079   98.00    1.00    0.00    0.00   99.00    16  |__CPU 2/TCG
21:14:09     1000         -   1454080    0.00    0.00    0.00    0.00    0.00    15  |__CPU 3/TCG
21:14:10     1000   1454057         -  201.00    3.00    0.00    0.00  204.00     4  qemu-system-aar
21:14:10     1000         -   1454057    1.00    3.00    0.00    0.00    4.00     4  |__qemu-system-aar
21:14:10     1000         -   1454068    0.00    0.00    0.00    0.00    0.00     7  |__call_rcu
21:14:10     1000         -   1454077   99.00    0.00    0.00    0.00   99.00    20  |__CPU 0/TCG
21:14:10     1000         -   1454078    0.00    0.00    0.00    0.00    0.00     0  |__CPU 1/TCG
21:14:10     1000         -   1454079   98.00    1.00    0.00    0.00   99.00    16  |__CPU 2/TCG
21:14:10     1000         -   1454080    0.00    0.00    0.00    0.00    0.00    15  |__CPU 3/TCG
21:14:11     1000   1454057         -  201.00    3.00    0.00    0.00  204.00    19  qemu-system-aar
21:14:11     1000         -   1454057    1.00    3.00    0.00    0.00    4.00    19  |__qemu-system-aar
21:14:11     1000         -   1454068    0.00    0.00    0.00    0.00    0.00     7  |__call_rcu
21:14:11     1000         -   1454077   99.00    0.00    0.00    0.00   99.00    20  |__CPU 0/TCG
21:14:11     1000         -   1454078    1.00    0.00    0.00    0.00    1.00     0  |__CPU 1/TCG
21:14:11     1000         -   1454079   99.00    2.00    0.00    0.00  101.00    16  |__CPU 2/TCG
21:14:11     1000         -   1454080    0.00    0.00    0.00    0.00    0.00    15  |__CPU 3/TCG
21:14:12     1000   1454057         -  201.00    2.00    0.00    0.00  203.00    19  qemu-system-aar
21:14:12     1000         -   1454057    0.00    3.00    0.00    0.00    3.00    19  |__qemu-system-aar
21:14:12     1000         -   1454068    0.00    0.00    0.00    0.00    0.00     7  |__call_rcu
21:14:12     1000         -   1454077  100.00    0.00    0.00    0.00  100.00    20  |__CPU 0/TCG
21:14:12     1000         -   1454078    1.00    0.00    0.00    0.00    1.00     0  |__CPU 1/TCG
21:14:12     1000         -   1454079   98.00    1.00    0.00    0.00   99.00    16  |__CPU 2/TCG
21:14:12     1000         -   1454080    0.00    0.00    0.00    0.00    0.00    15  |__CPU 3/TCG
21:14:13     1000   1454057         -  201.00    2.00    0.00    0.00  203.00    19  qemu-system-aar
21:14:13     1000         -   1454057    1.00    3.00    0.00    0.00    4.00    19  |__qemu-system-aar
21:14:13     1000         -   1454068    0.00    0.00    0.00    0.00    0.00     7  |__call_rcu
21:14:13     1000         -   1454077   98.00    1.00    0.00    0.00   99.00    20  |__CPU 0/TCG
21:14:13     1000         -   1454078    0.00    1.00    0.00    0.00    1.00     0  |__CPU 1/TCG
21:14:13     1000         -   1454079   99.00    1.00    0.00    0.00  100.00    16  |__CPU 2/TCG
21:14:13     1000         -   1454080    0.00    0.00    0.00    0.00    0.00    15  |__CPU 3/TCG
21:14:14     1000   1454057         -  202.00    2.00    0.00    0.00  204.00    19  qemu-system-aar
21:14:14     1000         -   1454057    2.00    1.00    0.00    0.00    3.00    19  |__qemu-system-aar
21:14:14     1000         -   1454068    0.00    0.00    0.00    0.00    0.00     7  |__call_rcu
21:14:14     1000         -   1454077   99.00    0.00    0.00    0.00   99.00    20  |__CPU 0/TCG
21:14:14     1000         -   1454078    1.00    0.00    0.00    0.00    1.00     0  |__CPU 1/TCG
21:14:14     1000         -   1454079   99.00    1.00    0.00    0.00  100.00    16  |__CPU 2/TCG
21:14:14     1000         -   1454080    0.00    0.00    0.00    0.00    0.00    15  |__CPU 3/TCG
21:14:15     1000   1454057         -  200.00    3.00    0.00    0.00  203.00    14  qemu-system-aar
21:14:15     1000         -   1454057    2.00    3.00    0.00    0.00    5.00    14  |__qemu-system-aar
21:14:15     1000         -   1454068    0.00    0.00    0.00    0.00    0.00     7  |__call_rcu
21:14:15     1000         -   1454077   99.00    0.00    0.00    0.00   99.00     4  |__CPU 0/TCG
21:14:15     1000         -   1454078    0.00    0.00    0.00    0.00    0.00     2  |__CPU 1/TCG
21:14:15     1000         -   1454079   97.00    2.00    0.00    0.00   99.00     0  |__CPU 2/TCG
21:14:15     1000         -   1454080    0.00    0.00    0.00    0.00    0.00    15  |__CPU 3/TCG
21:14:16     1000   1454057         -  199.00    6.00    0.00    0.00  205.00    29  qemu-system-aar
21:14:16     1000         -   1454057    1.00    4.00    0.00    0.00    5.00    29  |__qemu-system-aar
21:14:16     1000         -   1454068    0.00    0.00    0.00    0.00    0.00     7  |__call_rcu
21:14:16     1000         -   1454077   98.00    1.00    0.00    0.00   99.00     4  |__CPU 0/TCG
21:14:16     1000         -   1454078    0.00    0.00    0.00    0.00    0.00     1  |__CPU 1/TCG
21:14:16     1000         -   1454079   97.00    3.00    0.00    0.00  100.00     0  |__CPU 2/TCG
21:14:16     1000         -   1454080    0.00    0.00    0.00    0.00    0.00    15  |__CPU 3/TCG
21:14:17     1000   1454057         -  200.00    3.00    0.00    0.00  203.00     2  qemu-system-aar
21:14:17     1000         -   1454057    2.00    3.00    0.00    0.00    5.00     2  |__qemu-system-aar
21:14:17     1000         -   1454068    0.00    0.00    0.00    0.00    0.00     7  |__call_rcu
21:14:17     1000         -   1454077   98.00    1.00    0.00    0.00   99.00    20  |__CPU 0/TCG
21:14:17     1000         -   1454078    1.00    0.00    0.00    0.00    1.00     3  |__CPU 1/TCG
21:14:17     1000         -   1454079   98.00    2.00    0.00    0.00  100.00    16  |__CPU 2/TCG
21:14:17     1000         -   1454080    0.00    0.00    0.00    0.00    0.00    15  |__CPU 3/TCG
21:14:18     1000   1454057         -  199.00    4.00    0.00    0.00  203.00     3  qemu-system-aar
21:14:18     1000         -   1454057    1.00    3.00    0.00    0.00    4.00     3  |__qemu-system-aar
21:14:18     1000         -   1454068    0.00    0.00    0.00    0.00    0.00     7  |__call_rcu
21:14:18     1000         -   1454077   99.00    0.00    0.00    0.00   99.00    20  |__CPU 0/TCG
21:14:18     1000         -   1454078    1.00    0.00    0.00    0.00    1.00     1  |__CPU 1/TCG
21:14:18     1000         -   1454079   98.00    2.00    0.00    0.00  100.00    16  |__CPU 2/TCG
21:14:18     1000         -   1454080    0.00    0.00    0.00    0.00    0.00    15  |__CPU 3/TCG
21:14:19     1000   1454057         -  201.00    2.00    0.00    0.00  203.00     7  qemu-system-aar
21:14:19     1000         -   1454057    1.00    2.00    0.00    0.00    3.00     7  |__qemu-system-aar
21:14:19     1000         -   1454068    0.00    0.00    0.00    0.00    0.00     7  |__call_rcu
21:14:19     1000         -   1454077   99.00    1.00    0.00    0.00  100.00    20  |__CPU 0/TCG
21:14:19     1000         -   1454078    0.00    0.00    0.00    0.00    0.00     1  |__CPU 1/TCG
21:14:19     1000         -   1454079   98.00    1.00    0.00    0.00   99.00    16  |__CPU 2/TCG
21:14:19     1000         -   1454080    0.00    0.00    0.00    0.00    0.00    15  |__CPU 3/TCG
21:14:20     1000   1454057         -  201.00    3.00    0.00    0.00  204.00     7  qemu-system-aar
21:14:20     1000         -   1454057    1.00    2.00    0.00    0.00    3.00     7  |__qemu-system-aar
21:14:20     1000         -   1454068    0.00    0.00    0.00    0.00    0.00     7  |__call_rcu
21:14:20     1000         -   1454077   99.00    0.00    0.00    0.00   99.00    20  |__CPU 0/TCG
21:14:20     1000         -   1454078    1.00    0.00    0.00    0.00    1.00     1  |__CPU 1/TCG
21:14:20     1000         -   1454079   98.00    2.00    0.00    0.00  100.00    16  |__CPU 2/TCG
21:14:20     1000         -   1454080    0.00    0.00    0.00    0.00    0.00    15  |__CPU 3/TCG
21:14:21     1000   1454057         -  200.00    3.00    0.00    0.00  203.00     7  qemu-system-aar
21:14:21     1000         -   1454057    2.00    3.00    0.00    0.00    5.00     7  |__qemu-system-aar
21:14:21     1000         -   1454068    0.00    0.00    0.00    0.00    0.00     7  |__call_rcu
21:14:21     1000         -   1454077   99.00    0.00    0.00    0.00   99.00    20  |__CPU 0/TCG
21:14:21     1000         -   1454078    0.00    0.00    0.00    0.00    0.00     5  |__CPU 1/TCG
21:14:21     1000         -   1454079   98.00    2.00    0.00    0.00  100.00    16  |__CPU 2/TCG
21:14:21     1000         -   1454080    0.00    0.00    0.00    0.00    0.00    15  |__CPU 3/TCG
21:14:22     1000   1454057         -  201.00    3.00    0.00    0.00  204.00    17  qemu-system-aar
21:14:22     1000         -   1454057    0.00    3.00    0.00    0.00    3.00    17  |__qemu-system-aar
21:14:22     1000         -   1454068    0.00    0.00    0.00    0.00    0.00     7  |__call_rcu
21:14:22     1000         -   1454077   99.00    0.00    0.00    0.00   99.00    20  |__CPU 0/TCG
21:14:22     1000         -   1454078    1.00    0.00    0.00    0.00    1.00     5  |__CPU 1/TCG
21:14:22     1000         -   1454079   98.00    1.00    0.00    0.00   99.00    16  |__CPU 2/TCG
21:14:22     1000         -   1454080    0.00    0.00    0.00    0.00    0.00    15  |__CPU 3/TCG
21:14:23     1000   1454057         -  201.00    2.00    0.00    0.00  203.00    19  qemu-system-aar
21:14:23     1000         -   1454057    1.00    3.00    0.00    0.00    4.00    19  |__qemu-system-aar
21:14:23     1000         -   1454068    0.00    0.00    0.00    0.00    0.00     7  |__call_rcu
21:14:23     1000         -   1454077   99.00    1.00    0.00    0.00  100.00    20  |__CPU 0/TCG
21:14:23     1000         -   1454078    1.00    0.00    0.00    0.00    1.00     1  |__CPU 1/TCG
21:14:23     1000         -   1454079   99.00    2.00    0.00    0.00  101.00    16  |__CPU 2/TCG
21:14:23     1000         -   1454080    0.00    0.00    0.00    0.00    0.00    15  |__CPU 3/TCG
21:14:24     1000   1454057         -  200.00    3.00    0.00    0.00  203.00    21  qemu-system-aar
21:14:24     1000         -   1454057    1.00    3.00    0.00    0.00    4.00    21  |__qemu-system-aar
21:14:24     1000         -   1454068    0.00    0.00    0.00    0.00    0.00     7  |__call_rcu
21:14:24     1000         -   1454077   99.00    0.00    0.00    0.00   99.00    20  |__CPU 0/TCG
21:14:24     1000         -   1454078    0.00    0.00    0.00    0.00    0.00     1  |__CPU 1/TCG
21:14:24     1000         -   1454079   98.00    1.00    0.00    0.00   99.00    16  |__CPU 2/TCG
21:14:24     1000         -   1454080    0.00    0.00    0.00    0.00    0.00    15  |__CPU 3/TCG
21:14:25     1000   1454057         -  194.00    3.00    0.00    2.00  197.00    22  qemu-system-aar
21:14:25     1000         -   1454057    1.00    3.00    0.00    2.00    4.00    22  |__qemu-system-aar
21:14:25     1000         -   1454068    0.00    0.00    0.00    0.00    0.00     7  |__call_rcu
21:14:25     1000         -   1454077   95.00    1.00    0.00    3.00   96.00     4  |__CPU 0/TCG
21:14:25     1000         -   1454078    0.00    0.00    0.00    0.00    0.00     5  |__CPU 1/TCG
21:14:25     1000         -   1454079   95.00    1.00    0.00    4.00   96.00    16  |__CPU 2/TCG
21:14:25     1000         -   1454080    0.00    0.00    0.00    0.00    0.00    15  |__CPU 3/TCG
