Linux 6.17.0-40-generic (9950x) 	08/15/26 	_x86_64_	(32 CPU)

# Time        UID      TGID       TID    %usr %system  %guest   %wait    %CPU   CPU  Command
21:04:29     1000   1438297         -  103.00    5.00    0.00    0.00  108.00    20  qemu-system-aar
21:04:29     1000         -   1438297    1.00    3.00    0.00    0.00    4.00    20  |__qemu-system-aar
21:04:29     1000         -   1438303    0.00    0.00    0.00    0.00    0.00    15  |__call_rcu
21:04:29     1000         -   1438304    0.00    0.00    0.00    0.00    0.00    15  |__worker
21:04:29     1000         -   1438313   93.00    1.00    0.00    0.00   94.00     4  |__CPU 0/TCG
21:04:29     1000         -   1438314    1.00    0.00    0.00    0.00    1.00     3  |__CPU 1/TCG
21:04:29     1000         -   1438315    6.00    0.00    0.00    0.00    6.00     0  |__CPU 2/TCG
21:04:29     1000         -   1438316    0.00    0.00    0.00    0.00    0.00    23  |__CPU 3/TCG
21:04:30     1000   1438297         -  200.00    4.00    0.00    0.00  204.00     3  qemu-system-aar
21:04:30     1000         -   1438297    2.00    2.00    0.00    0.00    4.00     3  |__qemu-system-aar
21:04:30     1000         -   1438303    0.00    0.00    0.00    0.00    0.00    15  |__call_rcu
21:04:30     1000         -   1438304    0.00    0.00    0.00    0.00    0.00    15  |__worker
21:04:30     1000         -   1438313   98.00    1.00    0.00    0.00   99.00    20  |__CPU 0/TCG
21:04:30     1000         -   1438314    1.00    0.00    0.00    0.00    1.00     5  |__CPU 1/TCG
21:04:30     1000         -   1438315   97.00    1.00    0.00    0.00   98.00    16  |__CPU 2/TCG
21:04:30     1000         -   1438316    0.00    0.00    0.00    0.00    0.00    23  |__CPU 3/TCG
21:04:31     1000   1438297         -  198.00    4.00    0.00    0.00  202.00    17  qemu-system-aar
21:04:31     1000         -   1438297    1.00    2.00    0.00    0.00    3.00    17  |__qemu-system-aar
21:04:31     1000         -   1438303    0.00    0.00    0.00    0.00    0.00    15  |__call_rcu
21:04:31     1000         -   1438304    0.00    0.00    0.00    0.00    0.00    15  |__worker
21:04:31     1000         -   1438313   97.00    2.00    0.00    0.00   99.00    20  |__CPU 0/TCG
21:04:31     1000         -   1438314    1.00    0.00    0.00    0.00    1.00     5  |__CPU 1/TCG
21:04:31     1000         -   1438315   99.00    2.00    0.00    0.00  101.00    16  |__CPU 2/TCG
21:04:31     1000         -   1438316    0.00    0.00    0.00    0.00    0.00    23  |__CPU 3/TCG
21:04:32     1000   1438297         -  200.00    3.00    0.00    0.00  203.00     3  qemu-system-aar
21:04:32     1000         -   1438297    1.00    2.00    0.00    0.00    3.00     3  |__qemu-system-aar
21:04:32     1000         -   1438303    0.00    0.00    0.00    0.00    0.00    15  |__call_rcu
21:04:32     1000         -   1438304    0.00    0.00    0.00    0.00    0.00    15  |__worker
21:04:32     1000         -   1438313   99.00    0.00    0.00    0.00   99.00     4  |__CPU 0/TCG
21:04:32     1000         -   1438314    1.00    0.00    0.00    0.00    1.00     1  |__CPU 1/TCG
21:04:32     1000         -   1438315   98.00    1.00    0.00    0.00   99.00    16  |__CPU 2/TCG
21:04:32     1000         -   1438316    0.00    0.00    0.00    0.00    0.00    23  |__CPU 3/TCG
21:04:33     1000   1438297         -  200.00    4.00    0.00    0.00  204.00     7  qemu-system-aar
21:04:33     1000         -   1438297    3.00    2.00    0.00    0.00    5.00     7  |__qemu-system-aar
21:04:33     1000         -   1438303    0.00    0.00    0.00    0.00    0.00    15  |__call_rcu
21:04:33     1000         -   1438304    0.00    0.00    0.00    0.00    0.00    15  |__worker
21:04:33     1000         -   1438313   99.00    1.00    0.00    0.00  100.00    16  |__CPU 0/TCG
21:04:33     1000         -   1438314    0.00    0.00    0.00    0.00    0.00     1  |__CPU 1/TCG
21:04:33     1000         -   1438315   99.00    0.00    0.00    0.00   99.00     4  |__CPU 2/TCG
21:04:33     1000         -   1438316    0.00    0.00    0.00    0.00    0.00    23  |__CPU 3/TCG
21:04:34     1000   1438297         -  200.00    3.00    0.00    0.00  203.00    22  qemu-system-aar
21:04:34     1000         -   1438297    1.00    3.00    0.00    0.00    4.00    22  |__qemu-system-aar
21:04:34     1000         -   1438303    0.00    0.00    0.00    0.00    0.00    15  |__call_rcu
21:04:34     1000         -   1438304    0.00    0.00    0.00    0.00    0.00    15  |__worker
21:04:34     1000         -   1438313   99.00    0.00    0.00    0.00   99.00    16  |__CPU 0/TCG
21:04:34     1000         -   1438314    1.00    0.00    0.00    0.00    1.00     0  |__CPU 1/TCG
21:04:34     1000         -   1438315   98.00    2.00    0.00    0.00  100.00     6  |__CPU 2/TCG
21:04:34     1000         -   1438316    0.00    0.00    0.00    0.00    0.00    23  |__CPU 3/TCG
21:04:35     1000   1438297         -  201.00    3.00    0.00    0.00  204.00    22  qemu-system-aar
21:04:35     1000         -   1438297    2.00    3.00    0.00    0.00    5.00    22  |__qemu-system-aar
21:04:35     1000         -   1438303    0.00    0.00    0.00    0.00    0.00    15  |__call_rcu
21:04:35     1000         -   1438304    0.00    0.00    0.00    0.00    0.00    15  |__worker
21:04:35     1000         -   1438313   99.00    0.00    0.00    0.00   99.00    16  |__CPU 0/TCG
21:04:35     1000         -   1438314    0.00    0.00    0.00    0.00    0.00     7  |__CPU 1/TCG
21:04:35     1000         -   1438315   99.00    0.00    0.00    0.00   99.00     6  |__CPU 2/TCG
21:04:35     1000         -   1438316    0.00    0.00    0.00    0.00    0.00    23  |__CPU 3/TCG
21:04:36     1000   1438297         -  202.00    2.00    0.00    0.00  204.00    17  qemu-system-aar
21:04:36     1000         -   1438297    1.00    2.00    0.00    0.00    3.00    17  |__qemu-system-aar
21:04:36     1000         -   1438303    0.00    0.00    0.00    0.00    0.00    15  |__call_rcu
21:04:36     1000         -   1438304    0.00    0.00    0.00    0.00    0.00    15  |__worker
21:04:36     1000         -   1438313  100.00    0.00    0.00    0.00  100.00    16  |__CPU 0/TCG
21:04:36     1000         -   1438314    1.00    0.00    0.00    0.00    1.00     2  |__CPU 1/TCG
21:04:36     1000         -   1438315   99.00    1.00    0.00    0.00  100.00     3  |__CPU 2/TCG
21:04:36     1000         -   1438316    0.00    0.00    0.00    0.00    0.00    23  |__CPU 3/TCG
21:04:37     1000   1438297         -  200.00    3.00    0.00    0.00  203.00     0  qemu-system-aar
21:04:37     1000         -   1438297    1.00    3.00    0.00    0.00    4.00     0  |__qemu-system-aar
21:04:37     1000         -   1438303    0.00    0.00    0.00    0.00    0.00    15  |__call_rcu
21:04:37     1000         -   1438304    0.00    0.00    0.00    0.00    0.00    15  |__worker
21:04:37     1000         -   1438313   99.00    0.00    0.00    0.00   99.00    16  |__CPU 0/TCG
21:04:37     1000         -   1438314    0.00    0.00    0.00    0.00    0.00     2  |__CPU 1/TCG
21:04:37     1000         -   1438315   99.00    0.00    0.00    0.00   99.00     3  |__CPU 2/TCG
21:04:37     1000         -   1438316    0.00    0.00    0.00    0.00    0.00    23  |__CPU 3/TCG
21:04:38     1000   1438297         -  200.00    2.00    0.00    0.00  202.00    23  qemu-system-aar
21:04:38     1000         -   1438297    1.00    1.00    0.00    0.00    2.00    23  |__qemu-system-aar
21:04:38     1000         -   1438303    0.00    0.00    0.00    0.00    0.00    15  |__call_rcu
21:04:38     1000         -   1438304    0.00    0.00    0.00    0.00    0.00    15  |__worker
21:04:38     1000         -   1438313   99.00    1.00    0.00    0.00  100.00     6  |__CPU 0/TCG
21:04:38     1000         -   1438314    0.00    0.00    0.00    0.00    0.00     2  |__CPU 1/TCG
21:04:38     1000         -   1438315   99.00    2.00    0.00    0.00  101.00     3  |__CPU 2/TCG
21:04:38     1000         -   1438316    0.00    0.00    0.00    0.00    0.00    23  |__CPU 3/TCG
21:04:39     1000   1438297         -  200.00    3.00    0.00    0.00  203.00     0  qemu-system-aar
21:04:39     1000         -   1438297    1.00    3.00    0.00    0.00    4.00     0  |__qemu-system-aar
21:04:39     1000         -   1438303    0.00    0.00    0.00    0.00    0.00    15  |__call_rcu
21:04:39     1000         -   1438313   99.00    0.00    0.00    0.00   99.00    22  |__CPU 0/TCG
21:04:39     1000         -   1438314    1.00    0.00    0.00    0.00    1.00     2  |__CPU 1/TCG
21:04:39     1000         -   1438315   99.00    0.00    0.00    0.00   99.00     3  |__CPU 2/TCG
21:04:39     1000         -   1438316    0.00    0.00    0.00    0.00    0.00    23  |__CPU 3/TCG
21:04:40     1000   1438297         -  200.00    2.00    0.00    0.00  202.00     0  qemu-system-aar
21:04:40     1000         -   1438297    1.00    2.00    0.00    0.00    3.00     0  |__qemu-system-aar
21:04:40     1000         -   1438303    0.00    0.00    0.00    0.00    0.00    15  |__call_rcu
21:04:40     1000         -   1438313   98.00    1.00    0.00    0.00   99.00    22  |__CPU 0/TCG
21:04:40     1000         -   1438314    0.00    0.00    0.00    0.00    0.00    17  |__CPU 1/TCG
21:04:40     1000         -   1438315   99.00    1.00    0.00    0.00  100.00     3  |__CPU 2/TCG
21:04:40     1000         -   1438316    0.00    0.00    0.00    0.00    0.00    23  |__CPU 3/TCG
21:04:41     1000   1438297         -  199.00    4.00    0.00    0.00  203.00     1  qemu-system-aar
21:04:41     1000         -   1438297    2.00    2.00    0.00    0.00    4.00     1  |__qemu-system-aar
21:04:41     1000         -   1438303    0.00    0.00    0.00    0.00    0.00    15  |__call_rcu
21:04:41     1000         -   1438313   99.00    0.00    0.00    0.00   99.00    19  |__CPU 0/TCG
21:04:41     1000         -   1438314    1.00    0.00    0.00    0.00    1.00    23  |__CPU 1/TCG
21:04:41     1000         -   1438315   98.00    1.00    0.00    0.00   99.00    22  |__CPU 2/TCG
21:04:41     1000         -   1438316    0.00    0.00    0.00    0.00    0.00    23  |__CPU 3/TCG
21:04:42     1000   1438297         -  199.00    3.00    0.00    0.00  202.00    18  qemu-system-aar
21:04:42     1000         -   1438297    1.00    2.00    0.00    0.00    3.00    18  |__qemu-system-aar
21:04:42     1000         -   1438303    0.00    0.00    0.00    0.00    0.00    15  |__call_rcu
21:04:42     1000         -   1438313   99.00    1.00    0.00    0.00  100.00     3  |__CPU 0/TCG
21:04:42     1000         -   1438314    0.00    0.00    0.00    0.00    0.00    23  |__CPU 1/TCG
21:04:42     1000         -   1438315   98.00    2.00    0.00    0.00  100.00     6  |__CPU 2/TCG
21:04:42     1000         -   1438316    0.00    0.00    0.00    0.00    0.00    23  |__CPU 3/TCG
21:04:43     1000   1438297         -  200.00    4.00    0.00    0.00  204.00     3  qemu-system-aar
21:04:43     1000         -   1438297    1.00    2.00    0.00    0.00    3.00     3  |__qemu-system-aar
21:04:43     1000         -   1438303    0.00    0.00    0.00    0.00    0.00    15  |__call_rcu
21:04:43     1000         -   1438313   99.00    1.00    0.00    0.00  100.00    19  |__CPU 0/TCG
21:04:43     1000         -   1438314    1.00    0.00    0.00    0.00    1.00    23  |__CPU 1/TCG
21:04:43     1000         -   1438315   98.00    1.00    0.00    0.00   99.00     6  |__CPU 2/TCG
21:04:43     1000         -   1438316    0.00    0.00    0.00    0.00    0.00    23  |__CPU 3/TCG
21:04:44     1000   1438297         -  197.00    2.00    0.00    0.00  199.00     6  qemu-system-aar
21:04:44     1000         -   1438297    2.00    3.00    0.00    0.00    5.00     6  |__qemu-system-aar
21:04:44     1000         -   1438303    0.00    0.00    0.00    0.00    0.00    15  |__call_rcu
21:04:44     1000         -   1438313   95.00    0.00    0.00    3.00   95.00     4  |__CPU 0/TCG
21:04:44     1000         -   1438314    0.00    0.00    0.00    0.00    0.00    18  |__CPU 1/TCG
21:04:44     1000         -   1438315   99.00    0.00    0.00    0.00   99.00     0  |__CPU 2/TCG
21:04:44     1000         -   1438316    0.00    0.00    0.00    0.00    0.00    23  |__CPU 3/TCG
21:04:45     1000   1438297         -  200.00    3.00    0.00    0.00  203.00     2  qemu-system-aar
21:04:45     1000         -   1438297    1.00    2.00    0.00    0.00    3.00     2  |__qemu-system-aar
21:04:45     1000         -   1438303    0.00    0.00    0.00    0.00    0.00    15  |__call_rcu
21:04:45     1000         -   1438313   99.00    1.00    0.00    0.00  100.00    20  |__CPU 0/TCG
21:04:45     1000         -   1438314    1.00    1.00    0.00    0.00    2.00    18  |__CPU 1/TCG
21:04:45     1000         -   1438315   99.00    1.00    0.00    0.00  100.00     0  |__CPU 2/TCG
21:04:45     1000         -   1438316    0.00    0.00    0.00    0.00    0.00    23  |__CPU 3/TCG
21:04:46     1000   1438297         -  200.00    2.00    0.00    0.00  202.00     6  qemu-system-aar
21:04:46     1000         -   1438297    1.00    2.00    0.00    0.00    3.00     6  |__qemu-system-aar
21:04:46     1000         -   1438303    0.00    0.00    0.00    0.00    0.00    15  |__call_rcu
21:04:46     1000         -   1438313   99.00    0.00    0.00    0.00   99.00     4  |__CPU 0/TCG
21:04:46     1000         -   1438314    0.00    0.00    0.00    0.00    0.00    18  |__CPU 1/TCG
21:04:46     1000         -   1438315   98.00    1.00    0.00    0.00   99.00     0  |__CPU 2/TCG
21:04:46     1000         -   1438316    0.00    0.00    0.00    0.00    0.00    23  |__CPU 3/TCG
