Linux 6.17.0-40-generic (9950x) 	08/15/26 	_x86_64_	(32 CPU)

# Time        UID      TGID       TID    %usr %system  %guest   %wait    %CPU   CPU  Command
20:58:52     1000   1426205         -   99.00    8.00    0.00    0.00  107.00     1  qemu-system-aar
20:58:52     1000         -   1426205    1.00    3.00    0.00    0.00    4.00     1  |__qemu-system-aar
20:58:52     1000         -   1426212    0.00    0.00    0.00    0.00    0.00     0  |__call_rcu
20:58:52     1000         -   1426213    0.00    0.00    0.00    0.00    0.00    24  |__worker
20:58:52     1000         -   1426221   91.00    4.00    0.00    0.00   95.00     4  |__CPU 0/TCG
20:58:52     1000         -   1426223    1.00    0.00    0.00    0.00    1.00     2  |__CPU 1/TCG
20:58:52     1000         -   1426224    4.00    0.00    0.00    0.00    4.00     0  |__CPU 2/TCG
20:58:52     1000         -   1426225    0.00    0.00    0.00    0.00    0.00     5  |__CPU 3/TCG
20:58:53     1000   1426205         -  195.00    7.00    0.00    0.00  202.00     5  qemu-system-aar
20:58:53     1000         -   1426205    1.00    2.00    0.00    0.00    3.00     5  |__qemu-system-aar
20:58:53     1000         -   1426212    0.00    0.00    0.00    0.00    0.00     1  |__call_rcu
20:58:53     1000         -   1426213    0.00    0.00    0.00    0.00    0.00    24  |__worker
20:58:53     1000         -   1426221   95.00    3.00    0.00    0.00   98.00     4  |__CPU 0/TCG
20:58:53     1000         -   1426223    2.00    0.00    0.00    0.00    2.00     1  |__CPU 1/TCG
20:58:53     1000         -   1426224   97.00    2.00    0.00    0.00   99.00    16  |__CPU 2/TCG
20:58:53     1000         -   1426225    0.00    0.00    0.00    0.00    0.00     5  |__CPU 3/TCG
20:58:54     1000   1426205         -  198.00    4.00    0.00    0.00  202.00     7  qemu-system-aar
20:58:54     1000         -   1426205    1.00    2.00    0.00    0.00    3.00     7  |__qemu-system-aar
20:58:54     1000         -   1426212    0.00    0.00    0.00    0.00    0.00     1  |__call_rcu
20:58:54     1000         -   1426213    0.00    0.00    0.00    0.00    0.00    24  |__worker
20:58:54     1000         -   1426221   97.00    2.00    0.00    0.00   99.00    20  |__CPU 0/TCG
20:58:54     1000         -   1426223    0.00    0.00    0.00    0.00    0.00     1  |__CPU 1/TCG
20:58:54     1000         -   1426224   98.00    1.00    0.00    0.00   99.00    16  |__CPU 2/TCG
20:58:54     1000         -   1426225    0.00    0.00    0.00    0.00    0.00     5  |__CPU 3/TCG
20:58:55     1000   1426205         -  199.00    3.00    0.00    0.00  202.00    17  qemu-system-aar
20:58:55     1000         -   1426205    1.00    2.00    0.00    0.00    3.00    17  |__qemu-system-aar
20:58:55     1000         -   1426212    0.00    0.00    0.00    0.00    0.00     1  |__call_rcu
20:58:55     1000         -   1426213    0.00    0.00    0.00    0.00    0.00    24  |__worker
20:58:55     1000         -   1426221   99.00    0.00    0.00    0.00   99.00     4  |__CPU 0/TCG
20:58:55     1000         -   1426223    1.00    0.00    0.00    0.00    1.00     2  |__CPU 1/TCG
20:58:55     1000         -   1426224   98.00    1.00    0.00    0.00   99.00    16  |__CPU 2/TCG
20:58:55     1000         -   1426225    0.00    0.00    0.00    0.00    0.00     5  |__CPU 3/TCG
20:58:56     1000   1426205         -  199.00    3.00    0.00    0.00  202.00    17  qemu-system-aar
20:58:56     1000         -   1426205    2.00    2.00    0.00    0.00    4.00    17  |__qemu-system-aar
20:58:56     1000         -   1426212    0.00    0.00    0.00    0.00    0.00     1  |__call_rcu
20:58:56     1000         -   1426213    0.00    0.00    0.00    0.00    0.00    24  |__worker
20:58:56     1000         -   1426221   97.00    1.00    0.00    0.00   98.00    20  |__CPU 0/TCG
20:58:56     1000         -   1426223    0.00    0.00    0.00    0.00    0.00     1  |__CPU 1/TCG
20:58:56     1000         -   1426224   98.00    1.00    0.00    0.00   99.00    16  |__CPU 2/TCG
20:58:56     1000         -   1426225    0.00    0.00    0.00    0.00    0.00     5  |__CPU 3/TCG
20:58:57     1000   1426205         -  200.00    2.00    0.00    0.00  202.00    17  qemu-system-aar
20:58:57     1000         -   1426205    0.00    3.00    0.00    0.00    3.00    17  |__qemu-system-aar
20:58:57     1000         -   1426212    0.00    0.00    0.00    0.00    0.00     1  |__call_rcu
20:58:57     1000         -   1426213    0.00    0.00    0.00    0.00    0.00    24  |__worker
20:58:57     1000         -   1426221   99.00    1.00    0.00    0.00  100.00     4  |__CPU 0/TCG
20:58:57     1000         -   1426223    0.00    0.00    0.00    0.00    0.00     1  |__CPU 1/TCG
20:58:57     1000         -   1426224  100.00    1.00    0.00    0.00  101.00     0  |__CPU 2/TCG
20:58:57     1000         -   1426225    0.00    0.00    0.00    0.00    0.00     5  |__CPU 3/TCG
20:58:58     1000   1426205         -  200.00    2.00    0.00    0.00  202.00     7  qemu-system-aar
20:58:58     1000         -   1426205    1.00    2.00    0.00    0.00    3.00     7  |__qemu-system-aar
20:58:58     1000         -   1426212    0.00    0.00    0.00    0.00    0.00     1  |__call_rcu
20:58:58     1000         -   1426213    0.00    0.00    0.00    0.00    0.00    24  |__worker
20:58:58     1000         -   1426221   99.00    0.00    0.00    0.00   99.00    20  |__CPU 0/TCG
20:58:58     1000         -   1426223    1.00    0.00    0.00    0.00    1.00     1  |__CPU 1/TCG
20:58:58     1000         -   1426224   99.00    0.00    0.00    0.00   99.00     0  |__CPU 2/TCG
20:58:58     1000         -   1426225    0.00    0.00    0.00    0.00    0.00     5  |__CPU 3/TCG
20:58:59     1000   1426205         -  199.00    3.00    0.00    0.00  202.00    18  qemu-system-aar
20:58:59     1000         -   1426205    1.00    2.00    0.00    0.00    3.00    18  |__qemu-system-aar
20:58:59     1000         -   1426212    0.00    0.00    0.00    0.00    0.00     1  |__call_rcu
20:58:59     1000         -   1426213    0.00    0.00    0.00    0.00    0.00    24  |__worker
20:58:59     1000         -   1426221   98.00    1.00    0.00    0.00   99.00    20  |__CPU 0/TCG
20:58:59     1000         -   1426223    0.00    0.00    0.00    0.00    0.00     1  |__CPU 1/TCG
20:58:59     1000         -   1426224   98.00    2.00    0.00    0.00  100.00    16  |__CPU 2/TCG
20:58:59     1000         -   1426225    0.00    0.00    0.00    0.00    0.00     5  |__CPU 3/TCG
20:59:00     1000   1426205         -  200.00    3.00    0.00    0.00  203.00    18  qemu-system-aar
20:59:00     1000         -   1426205    1.00    2.00    0.00    0.00    3.00    18  |__qemu-system-aar
20:59:00     1000         -   1426212    0.00    0.00    0.00    0.00    0.00     1  |__call_rcu
20:59:00     1000         -   1426213    0.00    0.00    0.00    0.00    0.00    24  |__worker
20:59:00     1000         -   1426221   99.00    1.00    0.00    0.00  100.00    20  |__CPU 0/TCG
20:59:00     1000         -   1426223    1.00    0.00    0.00    0.00    1.00     1  |__CPU 1/TCG
20:59:00     1000         -   1426224   99.00    0.00    0.00    0.00   99.00    16  |__CPU 2/TCG
20:59:00     1000         -   1426225    0.00    0.00    0.00    0.00    0.00     5  |__CPU 3/TCG
20:59:01     1000   1426205         -  198.00    3.00    0.00    0.00  201.00    18  qemu-system-aar
20:59:01     1000         -   1426205    0.00    2.00    0.00    0.00    2.00    18  |__qemu-system-aar
20:59:01     1000         -   1426212    0.00    0.00    0.00    0.00    0.00     1  |__call_rcu
20:59:01     1000         -   1426213    0.00    0.00    0.00    0.00    0.00    24  |__worker
20:59:01     1000         -   1426221   98.00    1.00    0.00    0.00   99.00    20  |__CPU 0/TCG
20:59:01     1000         -   1426223    0.00    0.00    0.00    0.00    0.00     1  |__CPU 1/TCG
20:59:01     1000         -   1426224   99.00    1.00    0.00    0.00  100.00    16  |__CPU 2/TCG
20:59:01     1000         -   1426225    0.00    0.00    0.00    0.00    0.00     5  |__CPU 3/TCG
20:59:02     1000   1426205         -  199.00    4.00    0.00    0.00  203.00     1  qemu-system-aar
20:59:02     1000         -   1426205    1.00    2.00    0.00    0.00    3.00     1  |__qemu-system-aar
20:59:02     1000         -   1426212    0.00    0.00    0.00    0.00    0.00     1  |__call_rcu
20:59:02     1000         -   1426221   99.00    1.00    0.00    0.00  100.00    20  |__CPU 0/TCG
20:59:02     1000         -   1426223    1.00    0.00    0.00    0.00    1.00     2  |__CPU 1/TCG
20:59:02     1000         -   1426224   98.00    2.00    0.00    0.00  100.00    16  |__CPU 2/TCG
20:59:02     1000         -   1426225    0.00    0.00    0.00    0.00    0.00     5  |__CPU 3/TCG
20:59:03     1000   1426205         -  200.00    2.00    0.00    0.00  202.00     1  qemu-system-aar
20:59:03     1000         -   1426205    1.00    1.00    0.00    0.00    2.00     1  |__qemu-system-aar
20:59:03     1000         -   1426212    0.00    0.00    0.00    0.00    0.00     1  |__call_rcu
20:59:03     1000         -   1426221   99.00    0.00    0.00    0.00   99.00    20  |__CPU 0/TCG
20:59:03     1000         -   1426223    0.00    0.00    0.00    0.00    0.00     3  |__CPU 1/TCG
20:59:03     1000         -   1426224   98.00    1.00    0.00    0.00   99.00    16  |__CPU 2/TCG
20:59:03     1000         -   1426225    0.00    0.00    0.00    0.00    0.00     5  |__CPU 3/TCG
20:59:04     1000   1426205         -  199.00    4.00    0.00    0.00  203.00     1  qemu-system-aar
20:59:04     1000         -   1426205    1.00    3.00    0.00    0.00    4.00     1  |__qemu-system-aar
20:59:04     1000         -   1426212    0.00    0.00    0.00    0.00    0.00     1  |__call_rcu
20:59:04     1000         -   1426221   98.00    1.00    0.00    0.00   99.00     4  |__CPU 0/TCG
20:59:04     1000         -   1426223    1.00    0.00    0.00    0.00    1.00     3  |__CPU 1/TCG
20:59:04     1000         -   1426224   98.00    1.00    0.00    0.00   99.00    16  |__CPU 2/TCG
20:59:04     1000         -   1426225    0.00    0.00    0.00    0.00    0.00     5  |__CPU 3/TCG
20:59:05     1000   1426205         -  198.00    3.00    0.00    0.00  201.00    21  qemu-system-aar
20:59:05     1000         -   1426205    1.00    2.00    0.00    0.00    3.00    21  |__qemu-system-aar
20:59:05     1000         -   1426212    0.00    0.00    0.00    0.00    0.00     1  |__call_rcu
20:59:05     1000         -   1426221   99.00    1.00    0.00    0.00  100.00     4  |__CPU 0/TCG
20:59:05     1000         -   1426223    0.00    0.00    0.00    0.00    0.00     3  |__CPU 1/TCG
20:59:05     1000         -   1426224   98.00    2.00    0.00    0.00  100.00     0  |__CPU 2/TCG
20:59:05     1000         -   1426225    0.00    0.00    0.00    0.00    0.00     5  |__CPU 3/TCG
20:59:06     1000   1426205         -  200.00    2.00    0.00    0.00  202.00     1  qemu-system-aar
20:59:06     1000         -   1426205    1.00    1.00    0.00    0.00    2.00     1  |__qemu-system-aar
20:59:06     1000         -   1426212    0.00    0.00    0.00    0.00    0.00     1  |__call_rcu
20:59:06     1000         -   1426221   99.00    0.00    0.00    0.00   99.00    20  |__CPU 0/TCG
20:59:06     1000         -   1426223    1.00    0.00    0.00    0.00    1.00     3  |__CPU 1/TCG
20:59:06     1000         -   1426224   98.00    1.00    0.00    0.00   99.00     0  |__CPU 2/TCG
20:59:06     1000         -   1426225    0.00    0.00    0.00    0.00    0.00     5  |__CPU 3/TCG
20:59:07     1000   1426205         -  199.00    3.00    0.00    0.00  202.00     1  qemu-system-aar
20:59:07     1000         -   1426205    1.00    2.00    0.00    0.00    3.00     1  |__qemu-system-aar
20:59:07     1000         -   1426212    0.00    0.00    0.00    0.00    0.00     1  |__call_rcu
20:59:07     1000         -   1426221   99.00    1.00    0.00    0.00  100.00     4  |__CPU 0/TCG
20:59:07     1000         -   1426223    0.00    0.00    0.00    0.00    0.00     2  |__CPU 1/TCG
20:59:07     1000         -   1426224   99.00    1.00    0.00    0.00  100.00     0  |__CPU 2/TCG
20:59:07     1000         -   1426225    0.00    0.00    0.00    0.00    0.00     5  |__CPU 3/TCG
