Linux 6.17.0-40-generic (9950x) 	08/16/26 	_x86_64_	(32 CPU)

# Time        UID      TGID       TID    %usr %system  %guest   %wait    %CPU   CPU  Command
06:13:44     1000   2934323         -  103.00    5.00    0.00    0.00  108.00     2  qemu-system-aar
06:13:44     1000         -   2934323    1.00    3.00    0.00    0.00    4.00     2  |__qemu-system-aar
06:13:44     1000         -   2934330    0.00    0.00    0.00    0.00    0.00    24  |__call_rcu
06:13:44     1000         -   2934331    0.00    0.00    0.00    0.00    0.00    15  |__worker
06:13:44     1000         -   2934345   93.00    1.00    0.00    0.00   94.00     4  |__CPU 0/TCG
06:13:44     1000         -   2934346    1.00    0.00    0.00    0.00    1.00    12  |__CPU 1/TCG
06:13:44     1000         -   2934347    6.00    0.00    0.00    0.00    6.00     9  |__CPU 2/TCG
06:13:44     1000         -   2934348    0.00    0.00    0.00    0.00    0.00    25  |__CPU 3/TCG
06:13:45     1000   2934323         -  197.00    6.00    0.00    0.00  203.00     5  qemu-system-aar
06:13:45     1000         -   2934323    0.00    3.00    0.00    0.00    3.00     5  |__qemu-system-aar
06:13:45     1000         -   2934330    0.00    0.00    0.00    0.00    0.00    24  |__call_rcu
06:13:45     1000         -   2934331    0.00    0.00    0.00    0.00    0.00    15  |__worker
06:13:45     1000         -   2934345   97.00    2.00    0.00    0.00   99.00    20  |__CPU 0/TCG
06:13:45     1000         -   2934346    2.00    0.00    0.00    0.00    2.00     6  |__CPU 1/TCG
06:13:45     1000         -   2934347   97.00    2.00    0.00    0.00   99.00     0  |__CPU 2/TCG
06:13:45     1000         -   2934348    0.00    0.00    0.00    0.00    0.00    25  |__CPU 3/TCG
06:13:46     1000   2934323         -  200.00    3.00    0.00    0.00  203.00     2  qemu-system-aar
06:13:46     1000         -   2934323    1.00    2.00    0.00    0.00    3.00     2  |__qemu-system-aar
06:13:46     1000         -   2934330    0.00    0.00    0.00    0.00    0.00    24  |__call_rcu
06:13:46     1000         -   2934331    0.00    0.00    0.00    0.00    0.00    15  |__worker
06:13:46     1000         -   2934345   99.00    1.00    0.00    0.00  100.00    20  |__CPU 0/TCG
06:13:46     1000         -   2934346    0.00    0.00    0.00    0.00    0.00     7  |__CPU 1/TCG
06:13:46     1000         -   2934347   98.00    1.00    0.00    0.00   99.00     0  |__CPU 2/TCG
06:13:46     1000         -   2934348    0.00    0.00    0.00    0.00    0.00    25  |__CPU 3/TCG
06:13:47     1000   2934323         -  199.00    5.00    0.00    0.00  204.00    17  qemu-system-aar
06:13:47     1000         -   2934323    2.00    2.00    0.00    0.00    4.00    17  |__qemu-system-aar
06:13:47     1000         -   2934330    0.00    0.00    0.00    0.00    0.00    24  |__call_rcu
06:13:47     1000         -   2934331    0.00    0.00    0.00    0.00    0.00    15  |__worker
06:13:47     1000         -   2934345   98.00    0.00    0.00    0.00   98.00    20  |__CPU 0/TCG
06:13:47     1000         -   2934346    1.00    0.00    0.00    0.00    1.00     7  |__CPU 1/TCG
06:13:47     1000         -   2934347   97.00    2.00    0.00    0.00   99.00    16  |__CPU 2/TCG
06:13:47     1000         -   2934348    0.00    0.00    0.00    0.00    0.00    25  |__CPU 3/TCG
06:13:48     1000   2934323         -  201.00    2.00    0.00    0.00  203.00    18  qemu-system-aar
06:13:48     1000         -   2934323    1.00    2.00    0.00    0.00    3.00    18  |__qemu-system-aar
06:13:48     1000         -   2934330    0.00    0.00    0.00    0.00    0.00    24  |__call_rcu
06:13:48     1000         -   2934331    0.00    0.00    0.00    0.00    0.00    15  |__worker
06:13:48     1000         -   2934345   99.00    1.00    0.00    0.00  100.00     4  |__CPU 0/TCG
06:13:48     1000         -   2934346    1.00    0.00    0.00    0.00    1.00     6  |__CPU 1/TCG
06:13:48     1000         -   2934347  100.00    0.00    0.00    0.00  100.00     0  |__CPU 2/TCG
06:13:48     1000         -   2934348    0.00    0.00    0.00    0.00    0.00    25  |__CPU 3/TCG
06:13:49     1000   2934323         -  200.00    2.00    0.00    0.00  202.00    18  qemu-system-aar
06:13:49     1000         -   2934323    2.00    2.00    0.00    0.00    4.00    18  |__qemu-system-aar
06:13:49     1000         -   2934330    0.00    0.00    0.00    0.00    0.00    24  |__call_rcu
06:13:49     1000         -   2934331    0.00    0.00    0.00    0.00    0.00    15  |__worker
06:13:49     1000         -   2934345   99.00    0.00    0.00    0.00   99.00     4  |__CPU 0/TCG
06:13:49     1000         -   2934346    0.00    0.00    0.00    0.00    0.00     6  |__CPU 1/TCG
06:13:49     1000         -   2934347   98.00    1.00    0.00    0.00   99.00    16  |__CPU 2/TCG
06:13:49     1000         -   2934348    0.00    0.00    0.00    0.00    0.00    25  |__CPU 3/TCG
06:13:50     1000   2934323         -  201.00    2.00    0.00    0.00  203.00     5  qemu-system-aar
06:13:50     1000         -   2934323    1.00    2.00    0.00    0.00    3.00     5  |__qemu-system-aar
06:13:50     1000         -   2934330    0.00    0.00    0.00    0.00    0.00    24  |__call_rcu
06:13:50     1000         -   2934331    0.00    0.00    0.00    0.00    0.00    15  |__worker
06:13:50     1000         -   2934345  100.00    0.00    0.00    0.00  100.00    20  |__CPU 0/TCG
06:13:50     1000         -   2934346    1.00    0.00    0.00    0.00    1.00     6  |__CPU 1/TCG
06:13:50     1000         -   2934347   99.00    1.00    0.00    0.00  100.00    16  |__CPU 2/TCG
06:13:50     1000         -   2934348    0.00    0.00    0.00    0.00    0.00    25  |__CPU 3/TCG
06:13:51     1000   2934323         -  198.00    4.00    0.00    0.00  202.00    18  qemu-system-aar
06:13:51     1000         -   2934323    1.00    2.00    0.00    0.00    3.00    18  |__qemu-system-aar
06:13:51     1000         -   2934330    0.00    0.00    0.00    0.00    0.00    24  |__call_rcu
06:13:51     1000         -   2934331    0.00    0.00    0.00    0.00    0.00    15  |__worker
06:13:51     1000         -   2934345   97.00    1.00    0.00    0.00   98.00     4  |__CPU 0/TCG
06:13:51     1000         -   2934346    1.00    0.00    0.00    0.00    1.00     6  |__CPU 1/TCG
06:13:51     1000         -   2934347   99.00    1.00    0.00    0.00  100.00    16  |__CPU 2/TCG
06:13:51     1000         -   2934348    0.00    0.00    0.00    0.00    0.00    25  |__CPU 3/TCG
06:13:52     1000   2934323         -  196.00    4.00    0.00    0.00  200.00    18  qemu-system-aar
06:13:52     1000         -   2934323    1.00    2.00    0.00    0.00    3.00    18  |__qemu-system-aar
06:13:52     1000         -   2934330    0.00    0.00    0.00    0.00    0.00    24  |__call_rcu
06:13:52     1000         -   2934331    0.00    0.00    0.00    0.00    0.00    15  |__worker
06:13:52     1000         -   2934345   95.00    2.00    0.00    0.00   97.00     4  |__CPU 0/TCG
06:13:52     1000         -   2934346    0.00    0.00    0.00    0.00    0.00     6  |__CPU 1/TCG
06:13:52     1000         -   2934347   99.00    1.00    0.00    0.00  100.00    16  |__CPU 2/TCG
06:13:52     1000         -   2934348    0.00    0.00    0.00    0.00    0.00    25  |__CPU 3/TCG
06:13:53     1000   2934323         -  196.00    6.00    0.00    0.00  202.00    20  qemu-system-aar
06:13:53     1000         -   2934323    0.00    3.00    0.00    0.00    3.00    20  |__qemu-system-aar
06:13:53     1000         -   2934330    0.00    0.00    0.00    0.00    0.00    24  |__call_rcu
06:13:53     1000         -   2934331    0.00    0.00    0.00    0.00    0.00    15  |__worker
06:13:53     1000         -   2934345   96.00    2.00    0.00    0.00   98.00     4  |__CPU 0/TCG
06:13:53     1000         -   2934346    1.00    0.00    0.00    0.00    1.00     6  |__CPU 1/TCG
06:13:53     1000         -   2934347   98.00    2.00    0.00    0.00  100.00    16  |__CPU 2/TCG
06:13:53     1000         -   2934348    0.00    0.00    0.00    0.00    0.00    25  |__CPU 3/TCG
06:13:54     1000   2934323         -  197.00    4.00    0.00    0.00  201.00    19  qemu-system-aar
06:13:54     1000         -   2934323    1.00    2.00    0.00    0.00    3.00    19  |__qemu-system-aar
06:13:54     1000         -   2934330    0.00    0.00    0.00    0.00    0.00    24  |__call_rcu
06:13:54     1000         -   2934345   96.00    2.00    0.00    0.00   98.00    20  |__CPU 0/TCG
06:13:54     1000         -   2934346    0.00    0.00    0.00    0.00    0.00     6  |__CPU 1/TCG
06:13:54     1000         -   2934347   98.00    1.00    0.00    0.00   99.00    16  |__CPU 2/TCG
06:13:54     1000         -   2934348    0.00    0.00    0.00    0.00    0.00    25  |__CPU 3/TCG
06:13:55     1000   2934323         -  200.00    2.00    0.00    0.00  202.00    19  qemu-system-aar
06:13:55     1000         -   2934323    1.00    2.00    0.00    0.00    3.00    19  |__qemu-system-aar
06:13:55     1000         -   2934330    0.00    0.00    0.00    0.00    0.00    24  |__call_rcu
06:13:55     1000         -   2934345   99.00    0.00    0.00    0.00   99.00     4  |__CPU 0/TCG
06:13:55     1000         -   2934346    1.00    0.00    0.00    0.00    1.00     7  |__CPU 1/TCG
06:13:55     1000         -   2934347   99.00    1.00    0.00    0.00  100.00    16  |__CPU 2/TCG
06:13:55     1000         -   2934348    0.00    0.00    0.00    0.00    0.00    25  |__CPU 3/TCG
06:13:56     1000   2934323         -  201.00    2.00    0.00    0.00  203.00     1  qemu-system-aar
06:13:56     1000         -   2934323    1.00    2.00    0.00    0.00    3.00     1  |__qemu-system-aar
06:13:56     1000         -   2934330    0.00    0.00    0.00    0.00    0.00    24  |__call_rcu
06:13:56     1000         -   2934345   99.00    0.00    0.00    0.00   99.00    20  |__CPU 0/TCG
06:13:56     1000         -   2934346    0.00    0.00    0.00    0.00    0.00     7  |__CPU 1/TCG
06:13:56     1000         -   2934347   99.00    1.00    0.00    0.00  100.00    16  |__CPU 2/TCG
06:13:56     1000         -   2934348    0.00    0.00    0.00    0.00    0.00    25  |__CPU 3/TCG
06:13:57     1000   2934323         -  198.00    4.00    0.00    0.00  202.00    13  qemu-system-aar
06:13:57     1000         -   2934323    1.00    2.00    0.00    0.00    3.00    13  |__qemu-system-aar
06:13:57     1000         -   2934330    0.00    0.00    0.00    0.00    0.00    24  |__call_rcu
06:13:57     1000         -   2934345   98.00    2.00    0.00    0.00  100.00    20  |__CPU 0/TCG
06:13:57     1000         -   2934346    1.00    0.00    0.00    0.00    1.00     7  |__CPU 1/TCG
06:13:57     1000         -   2934347   98.00    1.00    0.00    0.00   99.00    16  |__CPU 2/TCG
06:13:57     1000         -   2934348    0.00    0.00    0.00    0.00    0.00    25  |__CPU 3/TCG
06:13:58     1000   2934323         -  199.00    4.00    0.00    0.00  203.00    13  qemu-system-aar
06:13:58     1000         -   2934323    1.00    3.00    0.00    0.00    4.00    13  |__qemu-system-aar
06:13:58     1000         -   2934330    0.00    0.00    0.00    0.00    0.00    24  |__call_rcu
06:13:58     1000         -   2934345   99.00    0.00    0.00    0.00   99.00    20  |__CPU 0/TCG
06:13:58     1000         -   2934346    0.00    0.00    0.00    0.00    0.00     7  |__CPU 1/TCG
06:13:58     1000         -   2934347   97.00    2.00    0.00    0.00   99.00    16  |__CPU 2/TCG
06:13:58     1000         -   2934348    0.00    0.00    0.00    0.00    0.00    25  |__CPU 3/TCG
06:13:59     1000   2934323         -  199.00    4.00    0.00    0.00  203.00    15  qemu-system-aar
06:13:59     1000         -   2934323    1.00    3.00    0.00    0.00    4.00    15  |__qemu-system-aar
06:13:59     1000         -   2934330    0.00    0.00    0.00    0.00    0.00    24  |__call_rcu
06:13:59     1000         -   2934345   99.00    0.00    0.00    0.00   99.00    20  |__CPU 0/TCG
06:13:59     1000         -   2934346    1.00    1.00    0.00    0.00    2.00     1  |__CPU 1/TCG
06:13:59     1000         -   2934347   98.00    2.00    0.00    0.00  100.00    16  |__CPU 2/TCG
06:13:59     1000         -   2934348    0.00    0.00    0.00    0.00    0.00    25  |__CPU 3/TCG
06:14:00     1000   2934323         -  200.00    3.00    0.00    0.00  203.00    19  qemu-system-aar
06:14:00     1000         -   2934323    1.00    2.00    0.00    0.00    3.00    19  |__qemu-system-aar
06:14:00     1000         -   2934330    0.00    0.00    0.00    0.00    0.00    24  |__call_rcu
06:14:00     1000         -   2934345   99.00    1.00    0.00    0.00  100.00    20  |__CPU 0/TCG
06:14:00     1000         -   2934346    1.00    0.00    0.00    0.00    1.00     6  |__CPU 1/TCG
06:14:00     1000         -   2934347   98.00    1.00    0.00    0.00   99.00    16  |__CPU 2/TCG
06:14:00     1000         -   2934348    0.00    0.00    0.00    0.00    0.00    25  |__CPU 3/TCG
06:14:01     1000   2934323         -  200.00    3.00    0.00    0.00  203.00    17  qemu-system-aar
06:14:01     1000         -   2934323    1.00    2.00    0.00    0.00    3.00    17  |__qemu-system-aar
06:14:01     1000         -   2934330    0.00    0.00    0.00    0.00    0.00    24  |__call_rcu
06:14:01     1000         -   2934345   99.00    0.00    0.00    0.00   99.00    20  |__CPU 0/TCG
06:14:01     1000         -   2934346    0.00    0.00    0.00    0.00    0.00     6  |__CPU 1/TCG
06:14:01     1000         -   2934347   99.00    1.00    0.00    0.00  100.00    16  |__CPU 2/TCG
06:14:01     1000         -   2934348    0.00    0.00    0.00    0.00    0.00    25  |__CPU 3/TCG
06:14:02     1000   2934323         -  200.00    2.00    0.00    0.00  202.00    22  qemu-system-aar
06:14:02     1000         -   2934323    1.00    2.00    0.00    0.00    3.00    22  |__qemu-system-aar
06:14:02     1000         -   2934330    0.00    0.00    0.00    0.00    0.00    24  |__call_rcu
06:14:02     1000         -   2934345   99.00    0.00    0.00    0.00   99.00     4  |__CPU 0/TCG
06:14:02     1000         -   2934346    1.00    0.00    0.00    0.00    1.00     6  |__CPU 1/TCG
06:14:02     1000         -   2934347   99.00    1.00    0.00    0.00  100.00     0  |__CPU 2/TCG
06:14:02     1000         -   2934348    0.00    0.00    0.00    0.00    0.00    25  |__CPU 3/TCG
06:14:03     1000   2934323         -  201.00    2.00    0.00    0.00  203.00     6  qemu-system-aar
06:14:03     1000         -   2934323    1.00    2.00    0.00    0.00    3.00     6  |__qemu-system-aar
06:14:03     1000         -   2934330    0.00    0.00    0.00    0.00    0.00    24  |__call_rcu
06:14:03     1000         -   2934345   99.00    1.00    0.00    0.00  100.00     4  |__CPU 0/TCG
06:14:03     1000         -   2934346    0.00    0.00    0.00    0.00    0.00     1  |__CPU 1/TCG
06:14:03     1000         -   2934347   99.00    0.00    0.00    0.00   99.00    16  |__CPU 2/TCG
06:14:03     1000         -   2934348    0.00    0.00    0.00    0.00    0.00    25  |__CPU 3/TCG
06:14:04     1000   2934323         -  200.00    1.00    0.00    0.00  201.00    17  qemu-system-aar
06:14:04     1000         -   2934323    1.00    2.00    0.00    0.00    3.00    17  |__qemu-system-aar
06:14:04     1000         -   2934330    0.00    0.00    0.00    0.00    0.00    24  |__call_rcu
06:14:04     1000         -   2934345   99.00    0.00    0.00    0.00   99.00     4  |__CPU 0/TCG
06:14:04     1000         -   2934346    1.00    0.00    0.00    0.00    1.00     1  |__CPU 1/TCG
06:14:04     1000         -   2934347   99.00    1.00    0.00    0.00  100.00    16  |__CPU 2/TCG
06:14:04     1000         -   2934348    0.00    0.00    0.00    0.00    0.00    25  |__CPU 3/TCG
06:14:05     1000   2934323         -  200.00    3.00    0.00    0.00  203.00    19  qemu-system-aar
06:14:05     1000         -   2934323    1.00    2.00    0.00    0.00    3.00    19  |__qemu-system-aar
06:14:05     1000         -   2934330    0.00    0.00    0.00    0.00    0.00    24  |__call_rcu
06:14:05     1000         -   2934345   99.00    1.00    0.00    0.00  100.00     4  |__CPU 0/TCG
06:14:05     1000         -   2934346    0.00    0.00    0.00    0.00    0.00     6  |__CPU 1/TCG
06:14:05     1000         -   2934347   98.00    1.00    0.00    0.00   99.00    16  |__CPU 2/TCG
06:14:05     1000         -   2934348    0.00    0.00    0.00    0.00    0.00    25  |__CPU 3/TCG
06:14:06     1000   2934323         -  199.00    2.00    0.00    0.00  201.00    19  qemu-system-aar
06:14:06     1000         -   2934323    0.00    1.00    0.00    0.00    1.00    19  |__qemu-system-aar
06:14:06     1000         -   2934330    0.00    0.00    0.00    0.00    0.00    24  |__call_rcu
06:14:06     1000         -   2934345   98.00    1.00    0.00    0.00   99.00     4  |__CPU 0/TCG
06:14:06     1000         -   2934346    1.00    0.00    0.00    0.00    1.00     6  |__CPU 1/TCG
06:14:06     1000         -   2934347   99.00    1.00    0.00    0.00  100.00    16  |__CPU 2/TCG
06:14:06     1000         -   2934348    0.00    0.00    0.00    0.00    0.00    25  |__CPU 3/TCG
06:14:07     1000   2934323         -  200.00    3.00    0.00    0.00  203.00    23  qemu-system-aar
06:14:07     1000         -   2934323    1.00    2.00    0.00    0.00    3.00    23  |__qemu-system-aar
06:14:07     1000         -   2934330    0.00    0.00    0.00    0.00    0.00    24  |__call_rcu
06:14:07     1000         -   2934345   99.00    0.00    0.00    0.00   99.00     4  |__CPU 0/TCG
06:14:07     1000         -   2934346    0.00    0.00    0.00    0.00    0.00     6  |__CPU 1/TCG
06:14:07     1000         -   2934347   98.00    1.00    0.00    0.00   99.00    16  |__CPU 2/TCG
06:14:07     1000         -   2934348    0.00    0.00    0.00    0.00    0.00    25  |__CPU 3/TCG
