Linux 6.17.0-40-generic (9950x) 	08/16/26 	_x86_64_	(32 CPU)

# Time        UID      TGID       TID    %usr %system  %guest   %wait    %CPU   CPU  Command
07:23:40     1000   3490689         -   95.00    7.00    0.00    0.00  102.00     1  qemu-system-aar
07:23:40     1000         -   3490689    1.00    3.00    0.00    0.00    4.00     1  |__qemu-system-aar
07:23:40     1000         -   3490696    0.00    0.00    0.00    0.00    0.00    10  |__call_rcu
07:23:40     1000         -   3490697    0.00    0.00    0.00    0.00    0.00     2  |__worker
07:23:40     1000         -   3490711   91.00    3.00    0.00    0.00   94.00    16  |__CPU 0/TCG
07:23:40     1000         -   3490712    1.00    0.00    0.00    0.00    1.00     6  |__CPU 1/TCG
07:23:40     1000         -   3490713    0.00    0.00    0.00    0.00    0.00    11  |__CPU 2/TCG
07:23:40     1000         -   3490714    0.00    0.00    0.00    0.00    0.00    12  |__CPU 3/TCG
07:23:41     1000   3490689         -  188.00    5.00    0.00    0.00  193.00     1  qemu-system-aar
07:23:41     1000         -   3490689    0.00    1.00    0.00    0.00    1.00     1  |__qemu-system-aar
07:23:41     1000         -   3490696    0.00    0.00    0.00    0.00    0.00    10  |__call_rcu
07:23:41     1000         -   3490697    0.00    0.00    0.00    0.00    0.00     2  |__worker
07:23:41     1000         -   3490711   90.00    2.00    0.00    0.00   92.00    20  |__CPU 0/TCG
07:23:41     1000         -   3490712    2.00    0.00    0.00    0.00    2.00     5  |__CPU 1/TCG
07:23:41     1000         -   3490713   97.00    1.00    0.00    0.00   98.00    16  |__CPU 2/TCG
07:23:41     1000         -   3490714    0.00    0.00    0.00    0.00    0.00    11  |__CPU 3/TCG
07:23:42     1000   3490689         -  183.00    2.00    0.00    0.00  185.00     2  qemu-system-aar
07:23:42     1000         -   3490689    0.00    1.00    0.00    0.00    1.00     2  |__qemu-system-aar
07:23:42     1000         -   3490696    0.00    0.00    0.00    0.00    0.00    10  |__call_rcu
07:23:42     1000         -   3490697    0.00    0.00    0.00    0.00    0.00     2  |__worker
07:23:42     1000         -   3490711   83.00    1.00    0.00    0.00   84.00    20  |__CPU 0/TCG
07:23:42     1000         -   3490712    1.00    0.00    0.00    0.00    1.00     3  |__CPU 1/TCG
07:23:42     1000         -   3490713   98.00    1.00    0.00    0.00   99.00    16  |__CPU 2/TCG
07:23:42     1000         -   3490714    0.00    0.00    0.00    0.00    0.00    11  |__CPU 3/TCG
07:23:43     1000   3490689         -  180.00    6.00    0.00    0.00  186.00    11  qemu-system-aar
07:23:43     1000         -   3490689    1.00    0.00    0.00    0.00    1.00    11  |__qemu-system-aar
07:23:43     1000         -   3490696    0.00    0.00    0.00    0.00    0.00    10  |__call_rcu
07:23:43     1000         -   3490697    0.00    0.00    0.00    0.00    0.00     2  |__worker
07:23:43     1000         -   3490711   85.00    1.00    0.00    0.00   86.00     4  |__CPU 0/TCG
07:23:43     1000         -   3490712    1.00    0.00    0.00    0.00    1.00     3  |__CPU 1/TCG
07:23:43     1000         -   3490713   95.00    3.00    0.00    0.00   98.00    16  |__CPU 2/TCG
07:23:43     1000         -   3490714    0.00    0.00    0.00    0.00    0.00    11  |__CPU 3/TCG
07:23:44     1000   3490689         -  181.00    8.00    0.00    0.00  189.00     1  qemu-system-aar
07:23:44     1000         -   3490689    1.00    1.00    0.00    0.00    2.00     1  |__qemu-system-aar
07:23:44     1000         -   3490696    0.00    0.00    0.00    0.00    0.00    10  |__call_rcu
07:23:44     1000         -   3490697    0.00    0.00    0.00    0.00    0.00     2  |__worker
07:23:44     1000         -   3490711   87.00    1.00    0.00    0.00   88.00     4  |__CPU 0/TCG
07:23:44     1000         -   3490712    0.00    0.00    0.00    0.00    0.00    16  |__CPU 1/TCG
07:23:44     1000         -   3490713   96.00    3.00    0.00    0.00   99.00     0  |__CPU 2/TCG
07:23:44     1000         -   3490714    0.00    0.00    0.00    0.00    0.00    11  |__CPU 3/TCG
07:23:45     1000   3490689         -  188.00    2.00    0.00    0.00  190.00     1  qemu-system-aar
07:23:45     1000         -   3490689    0.00    1.00    0.00    0.00    1.00     1  |__qemu-system-aar
07:23:45     1000         -   3490696    0.00    0.00    0.00    0.00    0.00    10  |__call_rcu
07:23:45     1000         -   3490697    0.00    0.00    0.00    0.00    0.00     2  |__worker
07:23:45     1000         -   3490711   89.00    1.00    0.00    0.00   90.00     4  |__CPU 0/TCG
07:23:45     1000         -   3490712    1.00    0.00    0.00    0.00    1.00    16  |__CPU 1/TCG
07:23:45     1000         -   3490713   98.00    1.00    0.00    0.00   99.00     0  |__CPU 2/TCG
07:23:45     1000         -   3490714    0.00    0.00    0.00    0.00    0.00    11  |__CPU 3/TCG
07:23:46     1000   3490689         -  185.00    5.00    0.00    0.00  190.00     5  qemu-system-aar
07:23:46     1000         -   3490689    0.00    0.00    0.00    0.00    0.00     5  |__qemu-system-aar
07:23:46     1000         -   3490696    0.00    0.00    0.00    0.00    0.00    10  |__call_rcu
07:23:46     1000         -   3490697    0.00    0.00    0.00    0.00    0.00     2  |__worker
07:23:46     1000         -   3490711   87.00    1.00    0.00    0.00   88.00     4  |__CPU 0/TCG
07:23:46     1000         -   3490712    0.00    0.00    0.00    0.00    0.00    16  |__CPU 1/TCG
07:23:46     1000         -   3490713   97.00    2.00    0.00    0.00   99.00     0  |__CPU 2/TCG
07:23:46     1000         -   3490714    0.00    0.00    0.00    0.00    0.00    11  |__CPU 3/TCG
07:23:47     1000   3490689         -  185.00    2.00    0.00    0.00  187.00     7  qemu-system-aar
07:23:47     1000         -   3490689    1.00    1.00    0.00    0.00    2.00     7  |__qemu-system-aar
07:23:47     1000         -   3490696    0.00    0.00    0.00    0.00    0.00    10  |__call_rcu
07:23:47     1000         -   3490697    0.00    0.00    0.00    0.00    0.00     2  |__worker
07:23:47     1000         -   3490711   86.00    1.00    0.00    0.00   87.00     4  |__CPU 0/TCG
07:23:47     1000         -   3490712    1.00    0.00    0.00    0.00    1.00     3  |__CPU 1/TCG
07:23:47     1000         -   3490713   98.00    1.00    0.00    0.00   99.00    16  |__CPU 2/TCG
07:23:47     1000         -   3490714    0.00    0.00    0.00    0.00    0.00    11  |__CPU 3/TCG
07:23:48     1000   3490689         -  183.00    4.00    0.00    0.00  187.00     6  qemu-system-aar
07:23:48     1000         -   3490689    0.00    0.00    0.00    0.00    0.00     6  |__qemu-system-aar
07:23:48     1000         -   3490696    0.00    0.00    0.00    0.00    0.00    10  |__call_rcu
07:23:48     1000         -   3490697    0.00    0.00    0.00    0.00    0.00     2  |__worker
07:23:48     1000         -   3490711   84.00    2.00    0.00    0.00   86.00    20  |__CPU 0/TCG
07:23:48     1000         -   3490712    1.00    0.00    0.00    0.00    1.00     3  |__CPU 1/TCG
07:23:48     1000         -   3490713   97.00    2.00    0.00    0.00   99.00    16  |__CPU 2/TCG
07:23:48     1000         -   3490714    0.00    0.00    0.00    0.00    0.00    11  |__CPU 3/TCG
07:23:49     1000   3490689         -  193.00    1.00    0.00    0.00  194.00    23  qemu-system-aar
07:23:49     1000         -   3490689    0.00    1.00    0.00    0.00    1.00    23  |__qemu-system-aar
07:23:49     1000         -   3490696    0.00    0.00    0.00    0.00    0.00    10  |__call_rcu
07:23:49     1000         -   3490697    0.00    0.00    0.00    0.00    0.00     2  |__worker
07:23:49     1000         -   3490711   94.00    0.00    0.00    0.00   94.00    20  |__CPU 0/TCG
07:23:49     1000         -   3490712    0.00    0.00    0.00    0.00    0.00     3  |__CPU 1/TCG
07:23:49     1000         -   3490713   99.00    0.00    0.00    0.00   99.00    16  |__CPU 2/TCG
07:23:49     1000         -   3490714    0.00    0.00    0.00    0.00    0.00    11  |__CPU 3/TCG
07:23:50     1000   3490689         -  195.00    1.00    0.00    0.00  196.00    23  qemu-system-aar
07:23:50     1000         -   3490689    0.00    0.00    0.00    0.00    0.00    23  |__qemu-system-aar
07:23:50     1000         -   3490696    0.00    0.00    0.00    0.00    0.00    10  |__call_rcu
07:23:50     1000         -   3490711   94.00    1.00    0.00    0.00   95.00    20  |__CPU 0/TCG
07:23:50     1000         -   3490712    1.00    0.00    0.00    0.00    1.00     0  |__CPU 1/TCG
07:23:50     1000         -   3490713   99.00    1.00    0.00    0.00  100.00    16  |__CPU 2/TCG
07:23:50     1000         -   3490714    0.00    0.00    0.00    0.00    0.00    11  |__CPU 3/TCG
07:23:51     1000   3490689         -  178.00    3.00    0.00    0.00  181.00    23  qemu-system-aar
07:23:51     1000         -   3490689    1.00    1.00    0.00    0.00    2.00    23  |__qemu-system-aar
07:23:51     1000         -   3490696    0.00    0.00    0.00    0.00    0.00    10  |__call_rcu
07:23:51     1000         -   3490711   80.00    1.00    0.00    0.00   81.00     4  |__CPU 0/TCG
07:23:51     1000         -   3490712    1.00    0.00    0.00    0.00    1.00     3  |__CPU 1/TCG
07:23:51     1000         -   3490713   97.00    2.00    0.00    0.00   99.00    16  |__CPU 2/TCG
07:23:51     1000         -   3490714    0.00    0.00    0.00    0.00    0.00    11  |__CPU 3/TCG
07:23:52     1000   3490689         -  177.00    2.00    0.00    0.00  179.00     6  qemu-system-aar
07:23:52     1000         -   3490689    0.00    0.00    0.00    0.00    0.00     6  |__qemu-system-aar
07:23:52     1000         -   3490696    0.00    0.00    0.00    0.00    0.00    10  |__call_rcu
07:23:52     1000         -   3490711   77.00    0.00    0.00    0.00   77.00     4  |__CPU 0/TCG
07:23:52     1000         -   3490712    0.00    0.00    0.00    0.00    0.00     3  |__CPU 1/TCG
07:23:52     1000         -   3490713   98.00    1.00    0.00    0.00   99.00    16  |__CPU 2/TCG
07:23:52     1000         -   3490714    0.00    0.00    0.00    0.00    0.00    11  |__CPU 3/TCG
07:23:53     1000   3490689         -  174.00    6.00    0.00    0.00  180.00    13  qemu-system-aar
07:23:53     1000         -   3490689    0.00    1.00    0.00    0.00    1.00    13  |__qemu-system-aar
07:23:53     1000         -   3490696    0.00    0.00    0.00    0.00    0.00    10  |__call_rcu
07:23:53     1000         -   3490711   78.00    2.00    0.00    0.00   80.00     4  |__CPU 0/TCG
07:23:53     1000         -   3490712    1.00    0.00    0.00    0.00    1.00     3  |__CPU 1/TCG
07:23:53     1000         -   3490713   96.00    3.00    0.00    0.00   99.00    16  |__CPU 2/TCG
07:23:53     1000         -   3490714    0.00    0.00    0.00    0.00    0.00    11  |__CPU 3/TCG
07:23:54     1000   3490689         -  179.00    8.00    0.00    0.00  187.00    12  qemu-system-aar
07:23:54     1000         -   3490689    1.00    1.00    0.00    0.00    2.00    12  |__qemu-system-aar
07:23:54     1000         -   3490696    0.00    0.00    0.00    0.00    0.00    10  |__call_rcu
07:23:54     1000         -   3490711   85.00    2.00    0.00    0.00   87.00     4  |__CPU 0/TCG
07:23:54     1000         -   3490712    0.00    0.00    0.00    0.00    0.00     3  |__CPU 1/TCG
07:23:54     1000         -   3490713   94.00    4.00    0.00    0.00   98.00    16  |__CPU 2/TCG
07:23:54     1000         -   3490714    0.00    0.00    0.00    0.00    0.00    11  |__CPU 3/TCG
07:23:55     1000   3490689         -  188.00    8.00    0.00    0.00  196.00    10  qemu-system-aar
07:23:55     1000         -   3490689    0.00    2.00    0.00    0.00    2.00    10  |__qemu-system-aar
07:23:55     1000         -   3490696    0.00    0.00    0.00    0.00    0.00    10  |__call_rcu
07:23:55     1000         -   3490711   93.00    1.00    0.00    0.00   94.00    20  |__CPU 0/TCG
07:23:55     1000         -   3490712    1.00    0.00    0.00    0.00    1.00     3  |__CPU 1/TCG
07:23:55     1000         -   3490713   94.00    5.00    0.00    0.00   99.00    16  |__CPU 2/TCG
07:23:55     1000         -   3490714    0.00    0.00    0.00    0.00    0.00    11  |__CPU 3/TCG
07:23:56     1000   3490689         -  187.00    7.00    0.00    0.00  194.00     2  qemu-system-aar
07:23:56     1000         -   3490689    1.00    1.00    0.00    0.00    2.00     2  |__qemu-system-aar
07:23:56     1000         -   3490696    0.00    0.00    0.00    0.00    0.00    10  |__call_rcu
07:23:56     1000         -   3490711   92.00    2.00    0.00    0.00   94.00    20  |__CPU 0/TCG
07:23:56     1000         -   3490712    1.00    0.00    0.00    0.00    1.00     3  |__CPU 1/TCG
07:23:56     1000         -   3490713   95.00    3.00    0.00    0.00   98.00    16  |__CPU 2/TCG
07:23:56     1000         -   3490714    0.00    0.00    0.00    0.00    0.00    11  |__CPU 3/TCG
07:23:57     1000   3490689         -  192.00    3.00    0.00    0.00  195.00     5  qemu-system-aar
07:23:57     1000         -   3490689    0.00    1.00    0.00    0.00    1.00     5  |__qemu-system-aar
07:23:57     1000         -   3490696    0.00    0.00    0.00    0.00    0.00    10  |__call_rcu
07:23:57     1000         -   3490711   93.00    0.00    0.00    0.00   93.00     4  |__CPU 0/TCG
07:23:57     1000         -   3490712    0.00    0.00    0.00    0.00    0.00    22  |__CPU 1/TCG
07:23:57     1000         -   3490713   98.00    1.00    0.00    0.00   99.00    16  |__CPU 2/TCG
07:23:57     1000         -   3490714    0.00    0.00    0.00    0.00    0.00    11  |__CPU 3/TCG
07:23:58     1000   3490689         -  192.00    3.00    0.00    0.00  195.00    21  qemu-system-aar
07:23:58     1000         -   3490689    1.00    0.00    0.00    0.00    1.00    21  |__qemu-system-aar
07:23:58     1000         -   3490696    0.00    0.00    0.00    0.00    0.00    10  |__call_rcu
07:23:58     1000         -   3490711   94.00    1.00    0.00    0.00   95.00    20  |__CPU 0/TCG
07:23:58     1000         -   3490712    1.00    0.00    0.00    0.00    1.00    22  |__CPU 1/TCG
07:23:58     1000         -   3490713   98.00    2.00    0.00    0.00  100.00    16  |__CPU 2/TCG
07:23:58     1000         -   3490714    0.00    0.00    0.00    0.00    0.00    11  |__CPU 3/TCG
07:23:59     1000   3490689         -  191.00    3.00    0.00    0.00  194.00     6  qemu-system-aar
07:23:59     1000         -   3490689    1.00    1.00    0.00    0.00    2.00     6  |__qemu-system-aar
07:23:59     1000         -   3490696    0.00    0.00    0.00    0.00    0.00    10  |__call_rcu
07:23:59     1000         -   3490711   93.00    1.00    0.00    0.00   94.00    20  |__CPU 0/TCG
07:23:59     1000         -   3490712    0.00    0.00    0.00    0.00    0.00     3  |__CPU 1/TCG
07:23:59     1000         -   3490713   98.00    1.00    0.00    0.00   99.00     0  |__CPU 2/TCG
07:23:59     1000         -   3490714    0.00    0.00    0.00    0.00    0.00    11  |__CPU 3/TCG
07:24:00     1000   3490689         -  193.00    4.00    0.00    0.00  197.00    15  qemu-system-aar
07:24:00     1000         -   3490689    0.00    1.00    0.00    0.00    1.00    15  |__qemu-system-aar
07:24:00     1000         -   3490696    0.00    0.00    0.00    0.00    0.00    10  |__call_rcu
07:24:00     1000         -   3490711   94.00    1.00    0.00    0.00   95.00     0  |__CPU 0/TCG
07:24:00     1000         -   3490712    1.00    0.00    0.00    0.00    1.00     1  |__CPU 1/TCG
07:24:00     1000         -   3490713   97.00    1.00    0.00    0.00   98.00    14  |__CPU 2/TCG
07:24:00     1000         -   3490714    0.00    0.00    0.00    0.00    0.00    11  |__CPU 3/TCG
07:24:01     1000   3490689         -  190.00    7.00    0.00    0.00  197.00    15  qemu-system-aar
07:24:01     1000         -   3490689    0.00    1.00    0.00    0.00    1.00    15  |__qemu-system-aar
07:24:01     1000         -   3490696    0.00    0.00    0.00    0.00    0.00    10  |__call_rcu
07:24:01     1000         -   3490711   95.00    2.00    0.00    0.00   97.00     0  |__CPU 0/TCG
07:24:01     1000         -   3490712    0.00    0.00    0.00    0.00    0.00     1  |__CPU 1/TCG
07:24:01     1000         -   3490713   96.00    3.00    0.00    0.00   99.00    14  |__CPU 2/TCG
07:24:01     1000         -   3490714    0.00    0.00    0.00    0.00    0.00    11  |__CPU 3/TCG
07:24:02     1000   3490689         -  190.00    7.00    0.00    0.00  197.00    15  qemu-system-aar
07:24:02     1000         -   3490689    1.00    1.00    0.00    0.00    2.00    15  |__qemu-system-aar
07:24:02     1000         -   3490696    0.00    0.00    0.00    0.00    0.00    10  |__call_rcu
07:24:02     1000         -   3490711   94.00    1.00    0.00    0.00   95.00     0  |__CPU 0/TCG
07:24:02     1000         -   3490712    1.00    0.00    0.00    0.00    1.00     1  |__CPU 1/TCG
07:24:02     1000         -   3490713   96.00    4.00    0.00    0.00  100.00    14  |__CPU 2/TCG
07:24:02     1000         -   3490714    0.00    0.00    0.00    0.00    0.00    11  |__CPU 3/TCG
07:24:03     1000   3490689         -  192.00    6.00    0.00    0.00  198.00    15  qemu-system-aar
07:24:03     1000         -   3490689    0.00    1.00    0.00    0.00    1.00    15  |__qemu-system-aar
07:24:03     1000         -   3490696    0.00    0.00    0.00    0.00    0.00    10  |__call_rcu
07:24:03     1000         -   3490711   96.00    2.00    0.00    0.00   98.00     0  |__CPU 0/TCG
07:24:03     1000         -   3490712    0.00    0.00    0.00    0.00    0.00     1  |__CPU 1/TCG
07:24:03     1000         -   3490713   96.00    3.00    0.00    0.00   99.00    14  |__CPU 2/TCG
07:24:03     1000         -   3490714    0.00    0.00    0.00    0.00    0.00    11  |__CPU 3/TCG
07:24:04     1000   3490689         -  189.00    9.00    0.00    1.00  198.00    15  qemu-system-aar
07:24:04     1000         -   3490689    1.00    1.00    0.00    1.00    2.00    15  |__qemu-system-aar
07:24:04     1000         -   3490696    0.00    0.00    0.00    0.00    0.00    10  |__call_rcu
07:24:04     1000         -   3490711   94.00    2.00    0.00    0.00   96.00     0  |__CPU 0/TCG
07:24:04     1000         -   3490712    0.00    0.00    0.00    0.00    0.00     1  |__CPU 1/TCG
07:24:04     1000         -   3490713   94.00    5.00    0.00    0.00   99.00    14  |__CPU 2/TCG
07:24:04     1000         -   3490714    0.00    0.00    0.00    0.00    0.00    11  |__CPU 3/TCG
07:24:05     1000   3490689         -  191.00    7.00    0.00    0.00  198.00    15  qemu-system-aar
07:24:05     1000         -   3490689    1.00    1.00    0.00    0.00    2.00    15  |__qemu-system-aar
07:24:05     1000         -   3490696    0.00    0.00    0.00    0.00    0.00    10  |__call_rcu
07:24:05     1000         -   3490711   95.00    2.00    0.00    0.00   97.00     0  |__CPU 0/TCG
07:24:05     1000         -   3490712    0.00    0.00    0.00    0.00    0.00     1  |__CPU 1/TCG
07:24:05     1000         -   3490713   95.00    4.00    0.00    0.00   99.00    14  |__CPU 2/TCG
07:24:05     1000         -   3490714    0.00    0.00    0.00    0.00    0.00    11  |__CPU 3/TCG
07:24:06     1000   3490689         -  189.00    9.00    0.00    0.00  198.00    15  qemu-system-aar
07:24:06     1000         -   3490689    0.00    1.00    0.00    0.00    1.00    15  |__qemu-system-aar
07:24:06     1000         -   3490696    0.00    0.00    0.00    0.00    0.00    10  |__call_rcu
07:24:06     1000         -   3490711   95.00    2.00    0.00    0.00   97.00     0  |__CPU 0/TCG
07:24:06     1000         -   3490712    1.00    0.00    0.00    0.00    1.00     1  |__CPU 1/TCG
07:24:06     1000         -   3490713   94.00    4.00    0.00    0.00   98.00    14  |__CPU 2/TCG
07:24:06     1000         -   3490714    0.00    0.00    0.00    0.00    0.00    11  |__CPU 3/TCG
