Linux 6.17.0-40-generic (9950x) 	08/15/26 	_x86_64_	(32 CPU)

# Time        UID      TGID       TID    %usr %system  %guest   %wait    %CPU   CPU  Command
21:40:28     1000   1525665         -  104.00    5.00    0.00    0.00  109.00     4  qemu-system-aar
21:40:28     1000         -   1525665    1.00    3.00    0.00    0.00    4.00     4  |__qemu-system-aar
21:40:28     1000         -   1525675    0.00    0.00    0.00    0.00    0.00    11  |__call_rcu
21:40:28     1000         -   1525677    0.00    0.00    0.00    0.00    0.00     9  |__worker
21:40:28     1000         -   1525685   94.00    1.00    0.00    0.00   95.00    20  |__CPU 0/TCG
21:40:28     1000         -   1525686    1.00    0.00    0.00    0.00    1.00     5  |__CPU 1/TCG
21:40:28     1000         -   1525687    6.00    0.00    0.00    0.00    6.00     0  |__CPU 2/TCG
21:40:28     1000         -   1525688    0.00    0.00    0.00    0.00    0.00    21  |__CPU 3/TCG
21:40:29     1000   1525665         -  199.00    4.00    0.00    0.00  203.00     5  qemu-system-aar
21:40:29     1000         -   1525665    1.00    3.00    0.00    0.00    4.00     5  |__qemu-system-aar
21:40:29     1000         -   1525675    0.00    0.00    0.00    0.00    0.00    11  |__call_rcu
21:40:29     1000         -   1525677    0.00    0.00    0.00    0.00    0.00     9  |__worker
21:40:29     1000         -   1525685   97.00    2.00    0.00    0.00   99.00    20  |__CPU 0/TCG
21:40:29     1000         -   1525686    2.00    0.00    0.00    0.00    2.00     3  |__CPU 1/TCG
21:40:29     1000         -   1525687   99.00    1.00    0.00    0.00  100.00    16  |__CPU 2/TCG
21:40:29     1000         -   1525688    0.00    0.00    0.00    0.00    0.00    21  |__CPU 3/TCG
21:40:30     1000   1525665         -  200.00    4.00    0.00    0.00  204.00     2  qemu-system-aar
21:40:30     1000         -   1525665    1.00    2.00    0.00    0.00    3.00     2  |__qemu-system-aar
21:40:30     1000         -   1525675    0.00    0.00    0.00    0.00    0.00    11  |__call_rcu
21:40:30     1000         -   1525677    0.00    0.00    0.00    0.00    0.00     9  |__worker
21:40:30     1000         -   1525685   98.00    1.00    0.00    0.00   99.00    20  |__CPU 0/TCG
21:40:30     1000         -   1525686    0.00    0.00    0.00    0.00    0.00     3  |__CPU 1/TCG
21:40:30     1000         -   1525687   98.00    1.00    0.00    0.00   99.00    16  |__CPU 2/TCG
21:40:30     1000         -   1525688    0.00    0.00    0.00    0.00    0.00    21  |__CPU 3/TCG
21:40:31     1000   1525665         -  201.00    2.00    0.00    0.00  203.00     1  qemu-system-aar
21:40:31     1000         -   1525665    0.00    3.00    0.00    0.00    3.00     1  |__qemu-system-aar
21:40:31     1000         -   1525675    0.00    0.00    0.00    0.00    0.00    11  |__call_rcu
21:40:31     1000         -   1525677    0.00    0.00    0.00    0.00    0.00     9  |__worker
21:40:31     1000         -   1525685   99.00    0.00    0.00    0.00   99.00    20  |__CPU 0/TCG
21:40:31     1000         -   1525686    1.00    0.00    0.00    0.00    1.00     3  |__CPU 1/TCG
21:40:31     1000         -   1525687   99.00    1.00    0.00    0.00  100.00    16  |__CPU 2/TCG
21:40:31     1000         -   1525688    0.00    0.00    0.00    0.00    0.00    21  |__CPU 3/TCG
21:40:32     1000   1525665         -  199.00    4.00    0.00    0.00  203.00     1  qemu-system-aar
21:40:32     1000         -   1525665    1.00    3.00    0.00    0.00    4.00     1  |__qemu-system-aar
21:40:32     1000         -   1525675    0.00    0.00    0.00    0.00    0.00    11  |__call_rcu
21:40:32     1000         -   1525677    0.00    0.00    0.00    0.00    0.00     9  |__worker
21:40:32     1000         -   1525685   99.00    1.00    0.00    0.00  100.00    20  |__CPU 0/TCG
21:40:32     1000         -   1525686    1.00    0.00    0.00    0.00    1.00     5  |__CPU 1/TCG
21:40:32     1000         -   1525687   98.00    1.00    0.00    0.00   99.00    16  |__CPU 2/TCG
21:40:32     1000         -   1525688    0.00    0.00    0.00    0.00    0.00    21  |__CPU 3/TCG
21:40:33     1000   1525665         -  200.00    3.00    0.00    0.00  203.00     1  qemu-system-aar
21:40:33     1000         -   1525665    2.00    2.00    0.00    0.00    4.00     1  |__qemu-system-aar
21:40:33     1000         -   1525675    0.00    0.00    0.00    0.00    0.00    11  |__call_rcu
21:40:33     1000         -   1525677    0.00    0.00    0.00    0.00    0.00     9  |__worker
21:40:33     1000         -   1525685   98.00    0.00    0.00    0.00   98.00    20  |__CPU 0/TCG
21:40:33     1000         -   1525686    0.00    0.00    0.00    0.00    0.00     5  |__CPU 1/TCG
21:40:33     1000         -   1525687   98.00    2.00    0.00    0.00  100.00    16  |__CPU 2/TCG
21:40:33     1000         -   1525688    0.00    0.00    0.00    0.00    0.00    21  |__CPU 3/TCG
21:40:34     1000   1525665         -  200.00    3.00    0.00    0.00  203.00     7  qemu-system-aar
21:40:34     1000         -   1525665    1.00    3.00    0.00    0.00    4.00     7  |__qemu-system-aar
21:40:34     1000         -   1525675    0.00    0.00    0.00    0.00    0.00    11  |__call_rcu
21:40:34     1000         -   1525677    0.00    0.00    0.00    0.00    0.00     9  |__worker
21:40:34     1000         -   1525685   99.00    1.00    0.00    0.00  100.00    20  |__CPU 0/TCG
21:40:34     1000         -   1525686    1.00    0.00    0.00    0.00    1.00     2  |__CPU 1/TCG
21:40:34     1000         -   1525687   99.00    1.00    0.00    0.00  100.00    16  |__CPU 2/TCG
21:40:34     1000         -   1525688    0.00    0.00    0.00    0.00    0.00    21  |__CPU 3/TCG
21:40:35     1000   1525665         -  200.00    2.00    0.00    0.00  202.00     6  qemu-system-aar
21:40:35     1000         -   1525665    1.00    2.00    0.00    0.00    3.00     6  |__qemu-system-aar
21:40:35     1000         -   1525675    0.00    0.00    0.00    0.00    0.00    11  |__call_rcu
21:40:35     1000         -   1525677    0.00    0.00    0.00    0.00    0.00     9  |__worker
21:40:35     1000         -   1525685   99.00    0.00    0.00    0.00   99.00    20  |__CPU 0/TCG
21:40:35     1000         -   1525686    1.00    0.00    0.00    0.00    1.00     2  |__CPU 1/TCG
21:40:35     1000         -   1525687   98.00    1.00    0.00    0.00   99.00     0  |__CPU 2/TCG
21:40:35     1000         -   1525688    0.00    0.00    0.00    0.00    0.00    21  |__CPU 3/TCG
21:40:36     1000   1525665         -  199.00    4.00    0.00    0.00  203.00    19  qemu-system-aar
21:40:36     1000         -   1525665    0.00    2.00    0.00    0.00    2.00    19  |__qemu-system-aar
21:40:36     1000         -   1525675    0.00    0.00    0.00    0.00    0.00    11  |__call_rcu
21:40:36     1000         -   1525677    0.00    0.00    0.00    0.00    0.00     9  |__worker
21:40:36     1000         -   1525685   98.00    1.00    0.00    0.00   99.00    20  |__CPU 0/TCG
21:40:36     1000         -   1525686    0.00    0.00    0.00    0.00    0.00     2  |__CPU 1/TCG
21:40:36     1000         -   1525687   98.00    1.00    0.00    0.00   99.00     0  |__CPU 2/TCG
21:40:36     1000         -   1525688    0.00    0.00    0.00    0.00    0.00    21  |__CPU 3/TCG
21:40:37     1000   1525665         -  199.00    3.00    0.00    0.00  202.00    17  qemu-system-aar
21:40:37     1000         -   1525665    2.00    2.00    0.00    0.00    4.00    17  |__qemu-system-aar
21:40:37     1000         -   1525675    0.00    0.00    0.00    0.00    0.00    11  |__call_rcu
21:40:37     1000         -   1525677    0.00    0.00    0.00    0.00    0.00     9  |__worker
21:40:37     1000         -   1525685   99.00    0.00    0.00    0.00   99.00    20  |__CPU 0/TCG
21:40:37     1000         -   1525686    1.00    0.00    0.00    0.00    1.00     2  |__CPU 1/TCG
21:40:37     1000         -   1525687   98.00    2.00    0.00    0.00  100.00     0  |__CPU 2/TCG
21:40:37     1000         -   1525688    0.00    0.00    0.00    0.00    0.00    21  |__CPU 3/TCG
21:40:38     1000   1525665         -  201.00    3.00    0.00    0.00  204.00     7  qemu-system-aar
21:40:38     1000         -   1525665    0.00    3.00    0.00    0.00    3.00     7  |__qemu-system-aar
21:40:38     1000         -   1525675    0.00    0.00    0.00    0.00    0.00    11  |__call_rcu
21:40:38     1000         -   1525685   99.00    1.00    0.00    0.00  100.00     4  |__CPU 0/TCG
21:40:38     1000         -   1525686    0.00    0.00    0.00    0.00    0.00     2  |__CPU 1/TCG
21:40:38     1000         -   1525687   99.00    1.00    0.00    0.00  100.00    16  |__CPU 2/TCG
21:40:38     1000         -   1525688    0.00    0.00    0.00    0.00    0.00    21  |__CPU 3/TCG
21:40:39     1000   1525665         -  200.00    2.00    0.00    0.00  202.00     7  qemu-system-aar
21:40:39     1000         -   1525665    2.00    1.00    0.00    0.00    3.00     7  |__qemu-system-aar
21:40:39     1000         -   1525675    0.00    0.00    0.00    0.00    0.00    11  |__call_rcu
21:40:39     1000         -   1525685   99.00    0.00    0.00    0.00   99.00     4  |__CPU 0/TCG
21:40:39     1000         -   1525686    1.00    0.00    0.00    0.00    1.00     2  |__CPU 1/TCG
21:40:39     1000         -   1525687   99.00    0.00    0.00    0.00   99.00    16  |__CPU 2/TCG
21:40:39     1000         -   1525688    0.00    0.00    0.00    0.00    0.00    21  |__CPU 3/TCG
21:40:40     1000   1525665         -  200.00    3.00    0.00    0.00  203.00     3  qemu-system-aar
21:40:40     1000         -   1525665    1.00    2.00    0.00    0.00    3.00     3  |__qemu-system-aar
21:40:40     1000         -   1525675    0.00    0.00    0.00    0.00    0.00    11  |__call_rcu
21:40:40     1000         -   1525685   99.00    1.00    0.00    0.00  100.00     4  |__CPU 0/TCG
21:40:40     1000         -   1525686    1.00    0.00    0.00    0.00    1.00     5  |__CPU 1/TCG
21:40:40     1000         -   1525687   98.00    1.00    0.00    0.00   99.00    16  |__CPU 2/TCG
21:40:40     1000         -   1525688    0.00    0.00    0.00    0.00    0.00    21  |__CPU 3/TCG
21:40:41     1000   1525665         -  199.00    3.00    0.00    0.00  202.00     3  qemu-system-aar
21:40:41     1000         -   1525665    0.00    3.00    0.00    0.00    3.00     3  |__qemu-system-aar
21:40:41     1000         -   1525675    0.00    0.00    0.00    0.00    0.00    11  |__call_rcu
21:40:41     1000         -   1525685   98.00    0.00    0.00    0.00   98.00     4  |__CPU 0/TCG
21:40:41     1000         -   1525686    0.00    0.00    0.00    0.00    0.00     1  |__CPU 1/TCG
21:40:41     1000         -   1525687   99.00    2.00    0.00    0.00  101.00    16  |__CPU 2/TCG
21:40:41     1000         -   1525688    0.00    0.00    0.00    0.00    0.00    21  |__CPU 3/TCG
21:40:42     1000   1525665         -  200.00    3.00    0.00    0.00  203.00     7  qemu-system-aar
21:40:42     1000         -   1525665    2.00    2.00    0.00    0.00    4.00     7  |__qemu-system-aar
21:40:42     1000         -   1525675    0.00    0.00    0.00    0.00    0.00    11  |__call_rcu
21:40:42     1000         -   1525685   99.00    1.00    0.00    0.00  100.00     4  |__CPU 0/TCG
21:40:42     1000         -   1525686    1.00    0.00    0.00    0.00    1.00     5  |__CPU 1/TCG
21:40:42     1000         -   1525687   98.00    1.00    0.00    0.00   99.00    16  |__CPU 2/TCG
21:40:42     1000         -   1525688    0.00    0.00    0.00    0.00    0.00    21  |__CPU 3/TCG
21:40:43     1000   1525665         -  200.00    2.00    0.00    0.00  202.00     5  qemu-system-aar
21:40:43     1000         -   1525665    1.00    2.00    0.00    0.00    3.00     5  |__qemu-system-aar
21:40:43     1000         -   1525675    0.00    0.00    0.00    0.00    0.00    11  |__call_rcu
21:40:43     1000         -   1525685   99.00    0.00    0.00    0.00   99.00     4  |__CPU 0/TCG
21:40:43     1000         -   1525686    0.00    0.00    0.00    0.00    0.00     2  |__CPU 1/TCG
21:40:43     1000         -   1525687   99.00    0.00    0.00    0.00   99.00    16  |__CPU 2/TCG
21:40:43     1000         -   1525688    0.00    0.00    0.00    0.00    0.00    21  |__CPU 3/TCG
21:40:44     1000   1525665         -  200.00    3.00    0.00    0.00  203.00    18  qemu-system-aar
21:40:44     1000         -   1525665    1.00    2.00    0.00    0.00    3.00    18  |__qemu-system-aar
21:40:44     1000         -   1525675    0.00    0.00    0.00    0.00    0.00    11  |__call_rcu
21:40:44     1000         -   1525685   99.00    1.00    0.00    0.00  100.00     4  |__CPU 0/TCG
21:40:44     1000         -   1525686    1.00    0.00    0.00    0.00    1.00     2  |__CPU 1/TCG
21:40:44     1000         -   1525687   99.00    1.00    0.00    0.00  100.00    16  |__CPU 2/TCG
21:40:44     1000         -   1525688    0.00    0.00    0.00    0.00    0.00    21  |__CPU 3/TCG
21:40:45     1000   1525665         -  199.00    3.00    0.00    0.00  202.00    18  qemu-system-aar
21:40:45     1000         -   1525665    1.00    1.00    0.00    0.00    2.00    18  |__qemu-system-aar
21:40:45     1000         -   1525675    0.00    0.00    0.00    0.00    0.00    11  |__call_rcu
21:40:45     1000         -   1525685   99.00    0.00    0.00    0.00   99.00     4  |__CPU 0/TCG
21:40:45     1000         -   1525686    0.00    0.00    0.00    0.00    0.00     3  |__CPU 1/TCG
21:40:45     1000         -   1525687   98.00    2.00    0.00    0.00  100.00    16  |__CPU 2/TCG
21:40:45     1000         -   1525688    0.00    0.00    0.00    0.00    0.00    21  |__CPU 3/TCG
21:40:46     1000   1525665         -  200.00    2.00    0.00    0.00  202.00    18  qemu-system-aar
21:40:46     1000         -   1525665    1.00    3.00    0.00    0.00    4.00    18  |__qemu-system-aar
21:40:46     1000         -   1525675    0.00    0.00    0.00    0.00    0.00    11  |__call_rcu
21:40:46     1000         -   1525685   99.00    1.00    0.00    0.00  100.00     4  |__CPU 0/TCG
21:40:46     1000         -   1525686    1.00    0.00    0.00    0.00    1.00     3  |__CPU 1/TCG
21:40:46     1000         -   1525687   99.00    1.00    0.00    0.00  100.00    16  |__CPU 2/TCG
21:40:46     1000         -   1525688    0.00    0.00    0.00    0.00    0.00    21  |__CPU 3/TCG
21:40:47     1000   1525665         -  200.00    3.00    0.00    0.00  203.00     6  qemu-system-aar
21:40:47     1000         -   1525665    1.00    1.00    0.00    0.00    2.00     6  |__qemu-system-aar
21:40:47     1000         -   1525675    0.00    0.00    0.00    0.00    0.00    11  |__call_rcu
21:40:47     1000         -   1525685   99.00    0.00    0.00    0.00   99.00     4  |__CPU 0/TCG
21:40:47     1000         -   1525686    0.00    0.00    0.00    0.00    0.00     2  |__CPU 1/TCG
21:40:47     1000         -   1525687   98.00    1.00    0.00    0.00   99.00    16  |__CPU 2/TCG
21:40:47     1000         -   1525688    0.00    0.00    0.00    0.00    0.00    21  |__CPU 3/TCG
