Linux 6.17.0-40-generic (9950x) 	08/15/26 	_x86_64_	(32 CPU)

# Time        UID      TGID       TID    %usr %system  %guest   %wait    %CPU   CPU  Command
20:42:53     1000   1410426         -   87.00   16.00    0.00    0.00  103.00     3  qemu-system-aar
20:42:53     1000         -   1410426    1.00    5.00    0.00    0.00    6.00     3  |__qemu-system-aar
20:42:53     1000         -   1410433    0.00    0.00    0.00    0.00    0.00     1  |__call_rcu
20:42:53     1000         -   1410434    0.00    0.00    0.00    0.00    0.00     4  |__worker
20:42:53     1000         -   1410443   83.00    9.00    0.00    0.00   92.00     0  |__CPU 0/TCG
20:42:53     1000         -   1410444    1.00    0.00    0.00    0.00    1.00     4  |__CPU 1/TCG
20:42:53     1000         -   1410445    0.00    0.00    0.00    0.00    0.00     1  |__CPU 2/TCG
20:42:53     1000         -   1410446    0.00    0.00    0.00    0.00    0.00     3  |__CPU 3/TCG
20:42:54     1000   1410426         -  185.00   13.00    0.00    0.00  198.00     2  qemu-system-aar
20:42:54     1000         -   1410426    1.00    3.00    0.00    0.00    4.00     2  |__qemu-system-aar
20:42:54     1000         -   1410433    0.00    0.00    0.00    0.00    0.00     0  |__call_rcu
20:42:54     1000         -   1410434    0.00    0.00    0.00    0.00    0.00     4  |__worker
20:42:54     1000         -   1410443   90.00   10.00    0.00    0.00  100.00    16  |__CPU 0/TCG
20:42:54     1000         -   1410444    1.00    0.00    0.00    0.00    1.00     6  |__CPU 1/TCG
20:42:54     1000         -   1410445   92.00    1.00    0.00    0.00   93.00     4  |__CPU 2/TCG
20:42:54     1000         -   1410446    0.00    0.00    0.00    0.00    0.00     3  |__CPU 3/TCG
20:42:55     1000   1410426         -  197.00    5.00    0.00    0.00  202.00     2  qemu-system-aar
20:42:55     1000         -   1410426    1.00    3.00    0.00    0.00    4.00     2  |__qemu-system-aar
20:42:55     1000         -   1410433    0.00    0.00    0.00    0.00    0.00     0  |__call_rcu
20:42:55     1000         -   1410434    0.00    0.00    0.00    0.00    0.00     4  |__worker
20:42:55     1000         -   1410443   96.00    2.00    0.00    0.00   98.00    16  |__CPU 0/TCG
20:42:55     1000         -   1410444    1.00    1.00    0.00    0.00    2.00     7  |__CPU 1/TCG
20:42:55     1000         -   1410445   97.00    1.00    0.00    0.00   98.00     4  |__CPU 2/TCG
20:42:55     1000         -   1410446    0.00    0.00    0.00    0.00    0.00     3  |__CPU 3/TCG
20:42:56     1000   1410426         -  199.00    4.00    0.00    0.00  203.00    18  qemu-system-aar
20:42:56     1000         -   1410426    1.00    2.00    0.00    0.00    3.00    18  |__qemu-system-aar
20:42:56     1000         -   1410433    0.00    0.00    0.00    0.00    0.00     0  |__call_rcu
20:42:56     1000         -   1410434    0.00    0.00    0.00    0.00    0.00     4  |__worker
20:42:56     1000         -   1410443   98.00    2.00    0.00    0.00  100.00     0  |__CPU 0/TCG
20:42:56     1000         -   1410444    1.00    0.00    0.00    0.00    1.00     5  |__CPU 1/TCG
20:42:56     1000         -   1410445   99.00    1.00    0.00    0.00  100.00     4  |__CPU 2/TCG
20:42:56     1000         -   1410446    0.00    0.00    0.00    0.00    0.00     3  |__CPU 3/TCG
20:42:57     1000   1410426         -  199.00    4.00    0.00    0.00  203.00     7  qemu-system-aar
20:42:57     1000         -   1410426    1.00    3.00    0.00    0.00    4.00     7  |__qemu-system-aar
20:42:57     1000         -   1410433    0.00    0.00    0.00    0.00    0.00     0  |__call_rcu
20:42:57     1000         -   1410434    0.00    0.00    0.00    0.00    0.00     4  |__worker
20:42:57     1000         -   1410443   98.00    1.00    0.00    0.00   99.00     4  |__CPU 0/TCG
20:42:57     1000         -   1410444    1.00    0.00    0.00    0.00    1.00     5  |__CPU 1/TCG
20:42:57     1000         -   1410445   98.00    2.00    0.00    0.00  100.00     0  |__CPU 2/TCG
20:42:57     1000         -   1410446    0.00    0.00    0.00    0.00    0.00     3  |__CPU 3/TCG
20:42:58     1000   1410426         -  197.00    5.00    0.00    0.00  202.00    18  qemu-system-aar
20:42:58     1000         -   1410426    1.00    3.00    0.00    0.00    4.00    18  |__qemu-system-aar
20:42:58     1000         -   1410433    0.00    0.00    0.00    0.00    0.00     0  |__call_rcu
20:42:58     1000         -   1410434    0.00    0.00    0.00    0.00    0.00     4  |__worker
20:42:58     1000         -   1410443   97.00    2.00    0.00    0.00   99.00    16  |__CPU 0/TCG
20:42:58     1000         -   1410444    0.00    0.00    0.00    0.00    0.00     7  |__CPU 1/TCG
20:42:58     1000         -   1410445   97.00    1.00    0.00    0.00   98.00    20  |__CPU 2/TCG
20:42:58     1000         -   1410446    0.00    0.00    0.00    0.00    0.00     3  |__CPU 3/TCG
20:42:59     1000   1410426         -  200.00    3.00    0.00    0.00  203.00    18  qemu-system-aar
20:42:59     1000         -   1410426    2.00    2.00    0.00    0.00    4.00    18  |__qemu-system-aar
20:42:59     1000         -   1410433    0.00    0.00    0.00    0.00    0.00     0  |__call_rcu
20:42:59     1000         -   1410434    0.00    0.00    0.00    0.00    0.00     4  |__worker
20:42:59     1000         -   1410443   99.00    0.00    0.00    0.00   99.00    16  |__CPU 0/TCG
20:42:59     1000         -   1410444    1.00    0.00    0.00    0.00    1.00    17  |__CPU 1/TCG
20:42:59     1000         -   1410445   99.00    1.00    0.00    0.00  100.00    20  |__CPU 2/TCG
20:42:59     1000         -   1410446    0.00    0.00    0.00    0.00    0.00     3  |__CPU 3/TCG
20:43:00     1000   1410426         -  199.00    4.00    0.00    0.00  203.00    18  qemu-system-aar
20:43:00     1000         -   1410426    1.00    2.00    0.00    0.00    3.00    18  |__qemu-system-aar
20:43:00     1000         -   1410433    0.00    0.00    0.00    0.00    0.00     0  |__call_rcu
20:43:00     1000         -   1410434    0.00    0.00    0.00    0.00    0.00     4  |__worker
20:43:00     1000         -   1410443   98.00    1.00    0.00    0.00   99.00    16  |__CPU 0/TCG
20:43:00     1000         -   1410444    1.00    0.00    0.00    0.00    1.00     7  |__CPU 1/TCG
20:43:00     1000         -   1410445   98.00    2.00    0.00    0.00  100.00     4  |__CPU 2/TCG
20:43:00     1000         -   1410446    0.00    0.00    0.00    0.00    0.00     3  |__CPU 3/TCG
20:43:01     1000   1410426         -  199.00    4.00    0.00    0.00  203.00    18  qemu-system-aar
20:43:01     1000         -   1410426    1.00    2.00    0.00    0.00    3.00    18  |__qemu-system-aar
20:43:01     1000         -   1410433    0.00    0.00    0.00    0.00    0.00     0  |__call_rcu
20:43:01     1000         -   1410434    0.00    0.00    0.00    0.00    0.00     4  |__worker
20:43:01     1000         -   1410443   99.00    0.00    0.00    0.00   99.00    16  |__CPU 0/TCG
20:43:01     1000         -   1410444    0.00    0.00    0.00    0.00    0.00     7  |__CPU 1/TCG
20:43:01     1000         -   1410445   97.00    1.00    0.00    0.00   98.00     4  |__CPU 2/TCG
20:43:01     1000         -   1410446    0.00    0.00    0.00    0.00    0.00     3  |__CPU 3/TCG
20:43:02     1000   1410426         -  200.00    2.00    0.00    0.00  202.00     2  qemu-system-aar
20:43:02     1000         -   1410426    1.00    3.00    0.00    0.00    4.00     2  |__qemu-system-aar
20:43:02     1000         -   1410433    0.00    0.00    0.00    0.00    0.00     0  |__call_rcu
20:43:02     1000         -   1410434    0.00    0.00    0.00    0.00    0.00     4  |__worker
20:43:02     1000         -   1410443   99.00    0.00    0.00    0.00   99.00    16  |__CPU 0/TCG
20:43:02     1000         -   1410444    1.00    0.00    0.00    0.00    1.00    22  |__CPU 1/TCG
20:43:02     1000         -   1410445   99.00    2.00    0.00    0.00  101.00     4  |__CPU 2/TCG
20:43:02     1000         -   1410446    0.00    0.00    0.00    0.00    0.00     3  |__CPU 3/TCG
20:43:03     1000   1410426         -  195.00    2.00    0.00    0.00  197.00    18  qemu-system-aar
20:43:03     1000         -   1410426    1.00    2.00    0.00    0.00    3.00    18  |__qemu-system-aar
20:43:03     1000         -   1410433    0.00    0.00    0.00    0.00    0.00     0  |__call_rcu
20:43:03     1000         -   1410443   96.00    0.00    0.00    0.00   96.00    16  |__CPU 0/TCG
20:43:03     1000         -   1410444    0.00    0.00    0.00    0.00    0.00    22  |__CPU 1/TCG
20:43:03     1000         -   1410445   95.00    1.00    0.00    0.00   96.00     4  |__CPU 2/TCG
20:43:03     1000         -   1410446    0.00    0.00    0.00    0.00    0.00     3  |__CPU 3/TCG
20:43:04     1000   1410426         -  200.00    3.00    0.00    0.00  203.00     3  qemu-system-aar
20:43:04     1000         -   1410426    1.00    2.00    0.00    0.00    3.00     3  |__qemu-system-aar
20:43:04     1000         -   1410433    0.00    0.00    0.00    0.00    0.00     0  |__call_rcu
20:43:04     1000         -   1410443   99.00    1.00    0.00    0.00  100.00     2  |__CPU 0/TCG
20:43:04     1000         -   1410444    1.00    0.00    0.00    0.00    1.00    22  |__CPU 1/TCG
20:43:04     1000         -   1410445   99.00    1.00    0.00    0.00  100.00     4  |__CPU 2/TCG
20:43:04     1000         -   1410446    0.00    0.00    0.00    0.00    0.00     3  |__CPU 3/TCG
20:43:05     1000   1410426         -  199.00    3.00    0.00    0.00  202.00     3  qemu-system-aar
20:43:05     1000         -   1410426    1.00    2.00    0.00    0.00    3.00     3  |__qemu-system-aar
20:43:05     1000         -   1410433    0.00    0.00    0.00    0.00    0.00     0  |__call_rcu
20:43:05     1000         -   1410443   98.00    1.00    0.00    0.00   99.00    16  |__CPU 0/TCG
20:43:05     1000         -   1410444    1.00    0.00    0.00    0.00    1.00    22  |__CPU 1/TCG
20:43:05     1000         -   1410445   98.00    1.00    0.00    0.00   99.00    20  |__CPU 2/TCG
20:43:05     1000         -   1410446    0.00    0.00    0.00    0.00    0.00     3  |__CPU 3/TCG
20:43:06     1000   1410426         -  199.00    4.00    0.00    0.00  203.00    11  qemu-system-aar
20:43:06     1000         -   1410426    2.00    2.00    0.00    0.00    4.00    11  |__qemu-system-aar
20:43:06     1000         -   1410433    0.00    0.00    0.00    0.00    0.00     0  |__call_rcu
20:43:06     1000         -   1410443   98.00    0.00    0.00    0.00   98.00    16  |__CPU 0/TCG
20:43:06     1000         -   1410444    0.00    0.00    0.00    0.00    0.00    22  |__CPU 1/TCG
20:43:06     1000         -   1410445   97.00    2.00    0.00    0.00   99.00    20  |__CPU 2/TCG
20:43:06     1000         -   1410446    0.00    0.00    0.00    0.00    0.00     3  |__CPU 3/TCG
20:43:07     1000   1410426         -  198.00    5.00    0.00    0.00  203.00    22  qemu-system-aar
20:43:07     1000         -   1410426    1.00    3.00    0.00    0.00    4.00    22  |__qemu-system-aar
20:43:07     1000         -   1410433    0.00    0.00    0.00    0.00    0.00     0  |__call_rcu
20:43:07     1000         -   1410443   98.00    2.00    0.00    0.00  100.00    16  |__CPU 0/TCG
20:43:07     1000         -   1410444    1.00    0.00    0.00    0.00    1.00     7  |__CPU 1/TCG
20:43:07     1000         -   1410445   97.00    2.00    0.00    0.00   99.00    20  |__CPU 2/TCG
20:43:07     1000         -   1410446    0.00    0.00    0.00    0.00    0.00     3  |__CPU 3/TCG
20:43:08     1000   1410426         -  199.00    3.00    0.00    0.00  202.00     2  qemu-system-aar
20:43:08     1000         -   1410426    2.00    2.00    0.00    0.00    4.00     2  |__qemu-system-aar
20:43:08     1000         -   1410433    0.00    0.00    0.00    0.00    0.00     0  |__call_rcu
20:43:08     1000         -   1410443   99.00    0.00    0.00    0.00   99.00    16  |__CPU 0/TCG
20:43:08     1000         -   1410444    0.00    1.00    0.00    0.00    1.00    22  |__CPU 1/TCG
20:43:08     1000         -   1410445   99.00    1.00    0.00    0.00  100.00    20  |__CPU 2/TCG
20:43:08     1000         -   1410446    0.00    0.00    0.00    0.00    0.00     3  |__CPU 3/TCG
20:43:09     1000   1410426         -  199.00    4.00    0.00    0.00  203.00    21  qemu-system-aar
20:43:09     1000         -   1410426    0.00    3.00    0.00    0.00    3.00    21  |__qemu-system-aar
20:43:09     1000         -   1410433    0.00    0.00    0.00    0.00    0.00     0  |__call_rcu
20:43:09     1000         -   1410443   98.00    1.00    0.00    0.00   99.00    16  |__CPU 0/TCG
20:43:09     1000         -   1410444    1.00    0.00    0.00    0.00    1.00     1  |__CPU 1/TCG
20:43:09     1000         -   1410445   98.00    1.00    0.00    0.00   99.00    20  |__CPU 2/TCG
20:43:09     1000         -   1410446    0.00    0.00    0.00    0.00    0.00     3  |__CPU 3/TCG
20:43:10     1000   1410426         -  199.00    3.00    0.00    0.00  202.00    21  qemu-system-aar
20:43:10     1000         -   1410426    1.00    2.00    0.00    0.00    3.00    21  |__qemu-system-aar
20:43:10     1000         -   1410433    0.00    0.00    0.00    0.00    0.00     0  |__call_rcu
20:43:10     1000         -   1410443   99.00    1.00    0.00    0.00  100.00    16  |__CPU 0/TCG
20:43:10     1000         -   1410444    0.00    0.00    0.00    0.00    0.00     1  |__CPU 1/TCG
20:43:10     1000         -   1410445   98.00    2.00    0.00    0.00  100.00    20  |__CPU 2/TCG
20:43:10     1000         -   1410446    0.00    0.00    0.00    0.00    0.00     3  |__CPU 3/TCG
