Linux 6.17.0-40-generic (9950x) 	08/15/26 	_x86_64_	(32 CPU)

# Time        UID      TGID       TID    %usr %system  %guest   %wait    %CPU   CPU  Command
21:10:18     1000   1445958         -  105.00    5.00    0.00    0.00  110.00    10  qemu-system-aar
21:10:18     1000         -   1445958    1.00    3.00    0.00    0.00    4.00    10  |__qemu-system-aar
21:10:18     1000         -   1445965    0.00    0.00    0.00    0.00    0.00    17  |__call_rcu
21:10:18     1000         -   1445966    0.00    0.00    0.00    0.00    0.00    10  |__worker
21:10:18     1000         -   1445979   93.00    1.00    0.00    0.00   94.00     0  |__CPU 0/TCG
21:10:18     1000         -   1445981    1.00    0.00    0.00    0.00    1.00     9  |__CPU 1/TCG
21:10:18     1000         -   1445982    7.00    0.00    0.00    0.00    7.00     4  |__CPU 2/TCG
21:10:18     1000         -   1445983    0.00    0.00    0.00    0.00    0.00     2  |__CPU 3/TCG
21:10:19     1000   1445958         -  199.00    6.00    0.00    0.00  205.00    13  qemu-system-aar
21:10:19     1000         -   1445958    2.00    3.00    0.00    0.00    5.00    13  |__qemu-system-aar
21:10:19     1000         -   1445965    0.00    0.00    0.00    0.00    0.00    17  |__call_rcu
21:10:19     1000         -   1445966    0.00    0.00    0.00    0.00    0.00    10  |__worker
21:10:19     1000         -   1445979   98.00    2.00    0.00    0.00  100.00     0  |__CPU 0/TCG
21:10:19     1000         -   1445981    2.00    0.00    0.00    0.00    2.00    11  |__CPU 1/TCG
21:10:19     1000         -   1445982   97.00    2.00    0.00    0.00   99.00     4  |__CPU 2/TCG
21:10:19     1000         -   1445983    0.00    0.00    0.00    0.00    0.00     2  |__CPU 3/TCG
21:10:20     1000   1445958         -  199.00    6.00    0.00    0.00  205.00    17  qemu-system-aar
21:10:20     1000         -   1445958    2.00    4.00    0.00    0.00    6.00    17  |__qemu-system-aar
21:10:20     1000         -   1445965    0.00    0.00    0.00    0.00    0.00    17  |__call_rcu
21:10:20     1000         -   1445966    0.00    0.00    0.00    0.00    0.00    10  |__worker
21:10:20     1000         -   1445979   97.00    1.00    0.00    0.00   98.00     0  |__CPU 0/TCG
21:10:20     1000         -   1445981    1.00    0.00    0.00    0.00    1.00    11  |__CPU 1/TCG
21:10:20     1000         -   1445982   98.00    1.00    0.00    0.00   99.00     4  |__CPU 2/TCG
21:10:20     1000         -   1445983    0.00    0.00    0.00    0.00    0.00     2  |__CPU 3/TCG
21:10:21     1000   1445958         -  199.00    4.00    0.00    0.00  203.00    17  qemu-system-aar
21:10:21     1000         -   1445958    2.00    2.00    0.00    0.00    4.00    17  |__qemu-system-aar
21:10:21     1000         -   1445965    0.00    0.00    0.00    0.00    0.00    17  |__call_rcu
21:10:21     1000         -   1445966    0.00    0.00    0.00    0.00    0.00    10  |__worker
21:10:21     1000         -   1445979   98.00    1.00    0.00    0.00   99.00     0  |__CPU 0/TCG
21:10:21     1000         -   1445981    1.00    0.00    0.00    0.00    1.00    11  |__CPU 1/TCG
21:10:21     1000         -   1445982   99.00    1.00    0.00    0.00  100.00     4  |__CPU 2/TCG
21:10:21     1000         -   1445983    0.00    0.00    0.00    0.00    0.00     2  |__CPU 3/TCG
21:10:22     1000   1445958         -  200.00    3.00    0.00    0.00  203.00     6  qemu-system-aar
21:10:22     1000         -   1445958    1.00    3.00    0.00    0.00    4.00     6  |__qemu-system-aar
21:10:22     1000         -   1445965    0.00    0.00    0.00    0.00    0.00    17  |__call_rcu
21:10:22     1000         -   1445966    0.00    0.00    0.00    0.00    0.00    10  |__worker
21:10:22     1000         -   1445979   99.00    1.00    0.00    0.00  100.00     0  |__CPU 0/TCG
21:10:22     1000         -   1445981    0.00    0.00    0.00    0.00    0.00    11  |__CPU 1/TCG
21:10:22     1000         -   1445982   98.00    1.00    0.00    0.00   99.00     4  |__CPU 2/TCG
21:10:22     1000         -   1445983    0.00    0.00    0.00    0.00    0.00     2  |__CPU 3/TCG
21:10:23     1000   1445958         -  201.00    3.00    0.00    0.00  204.00     5  qemu-system-aar
21:10:23     1000         -   1445958    1.00    3.00    0.00    0.00    4.00     5  |__qemu-system-aar
21:10:23     1000         -   1445965    0.00    0.00    0.00    0.00    0.00    17  |__call_rcu
21:10:23     1000         -   1445966    0.00    0.00    0.00    0.00    0.00    10  |__worker
21:10:23     1000         -   1445979   98.00    0.00    0.00    0.00   98.00     0  |__CPU 0/TCG
21:10:23     1000         -   1445981    1.00    0.00    0.00    0.00    1.00    11  |__CPU 1/TCG
21:10:23     1000         -   1445982   99.00    0.00    0.00    0.00   99.00     4  |__CPU 2/TCG
21:10:23     1000         -   1445983    0.00    0.00    0.00    0.00    0.00     2  |__CPU 3/TCG
21:10:24     1000   1445958         -  201.00    3.00    0.00    0.00  204.00     6  qemu-system-aar
21:10:24     1000         -   1445958    1.00    3.00    0.00    0.00    4.00     6  |__qemu-system-aar
21:10:24     1000         -   1445965    0.00    0.00    0.00    0.00    0.00    17  |__call_rcu
21:10:24     1000         -   1445966    0.00    0.00    0.00    0.00    0.00    10  |__worker
21:10:24     1000         -   1445979  100.00    1.00    0.00    0.00  101.00     0  |__CPU 0/TCG
21:10:24     1000         -   1445981    1.00    0.00    0.00    0.00    1.00    11  |__CPU 1/TCG
21:10:24     1000         -   1445982   99.00    1.00    0.00    0.00  100.00     4  |__CPU 2/TCG
21:10:24     1000         -   1445983    0.00    0.00    0.00    0.00    0.00     2  |__CPU 3/TCG
21:10:25     1000   1445958         -  200.00    3.00    0.00    0.00  203.00    17  qemu-system-aar
21:10:25     1000         -   1445958    1.00    2.00    0.00    0.00    3.00    17  |__qemu-system-aar
21:10:25     1000         -   1445965    0.00    0.00    0.00    0.00    0.00    17  |__call_rcu
21:10:25     1000         -   1445966    0.00    0.00    0.00    0.00    0.00    10  |__worker
21:10:25     1000         -   1445979   98.00    0.00    0.00    0.00   98.00     0  |__CPU 0/TCG
21:10:25     1000         -   1445981    0.00    0.00    0.00    0.00    0.00    11  |__CPU 1/TCG
21:10:25     1000         -   1445982   99.00    1.00    0.00    0.00  100.00     4  |__CPU 2/TCG
21:10:25     1000         -   1445983    0.00    0.00    0.00    0.00    0.00     2  |__CPU 3/TCG
21:10:26     1000   1445958         -  200.00    3.00    0.00    0.00  203.00    17  qemu-system-aar
21:10:26     1000         -   1445958    2.00    2.00    0.00    0.00    4.00    17  |__qemu-system-aar
21:10:26     1000         -   1445965    0.00    0.00    0.00    0.00    0.00    17  |__call_rcu
21:10:26     1000         -   1445966    0.00    0.00    0.00    0.00    0.00    10  |__worker
21:10:26     1000         -   1445979   99.00    1.00    0.00    0.00  100.00    16  |__CPU 0/TCG
21:10:26     1000         -   1445981    1.00    0.00    0.00    0.00    1.00    11  |__CPU 1/TCG
21:10:26     1000         -   1445982   99.00    1.00    0.00    0.00  100.00    20  |__CPU 2/TCG
21:10:26     1000         -   1445983    0.00    0.00    0.00    0.00    0.00     2  |__CPU 3/TCG
21:10:27     1000   1445958         -  201.00    3.00    0.00    0.00  204.00    22  qemu-system-aar
21:10:27     1000         -   1445958    1.00    3.00    0.00    0.00    4.00    22  |__qemu-system-aar
21:10:27     1000         -   1445965    0.00    0.00    0.00    0.00    0.00    17  |__call_rcu
21:10:27     1000         -   1445966    0.00    0.00    0.00    0.00    0.00    10  |__worker
21:10:27     1000         -   1445979   99.00    0.00    0.00    0.00   99.00    16  |__CPU 0/TCG
21:10:27     1000         -   1445981    0.00    0.00    0.00    0.00    0.00     9  |__CPU 1/TCG
21:10:27     1000         -   1445982   99.00    1.00    0.00    0.00  100.00     4  |__CPU 2/TCG
21:10:27     1000         -   1445983    0.00    0.00    0.00    0.00    0.00     2  |__CPU 3/TCG
21:10:28     1000   1445958         -  200.00    3.00    0.00    0.00  203.00     7  qemu-system-aar
21:10:28     1000         -   1445958    1.00    2.00    0.00    0.00    3.00     7  |__qemu-system-aar
21:10:28     1000         -   1445965    0.00    0.00    0.00    0.00    0.00    17  |__call_rcu
21:10:28     1000         -   1445979   99.00    1.00    0.00    0.00  100.00    16  |__CPU 0/TCG
21:10:28     1000         -   1445981    1.00    0.00    0.00    0.00    1.00     5  |__CPU 1/TCG
21:10:28     1000         -   1445982   98.00    1.00    0.00    0.00   99.00    20  |__CPU 2/TCG
21:10:28     1000         -   1445983    0.00    0.00    0.00    0.00    0.00     2  |__CPU 3/TCG
21:10:29     1000   1445958         -  199.00    3.00    0.00    0.00  202.00     6  qemu-system-aar
21:10:29     1000         -   1445958    1.00    2.00    0.00    0.00    3.00     6  |__qemu-system-aar
21:10:29     1000         -   1445965    0.00    0.00    0.00    0.00    0.00    17  |__call_rcu
21:10:29     1000         -   1445979   99.00    0.00    0.00    0.00   99.00     0  |__CPU 0/TCG
21:10:29     1000         -   1445981    1.00    0.00    0.00    0.00    1.00     7  |__CPU 1/TCG
21:10:29     1000         -   1445982   98.00    2.00    0.00    0.00  100.00    20  |__CPU 2/TCG
21:10:29     1000         -   1445983    0.00    0.00    0.00    0.00    0.00     2  |__CPU 3/TCG
21:10:30     1000   1445958         -  200.00    4.00    0.00    0.00  204.00    17  qemu-system-aar
21:10:30     1000         -   1445958    2.00    2.00    0.00    0.00    4.00    17  |__qemu-system-aar
21:10:30     1000         -   1445965    0.00    0.00    0.00    0.00    0.00    17  |__call_rcu
21:10:30     1000         -   1445979   98.00    1.00    0.00    0.00   99.00     0  |__CPU 0/TCG
21:10:30     1000         -   1445981    0.00    0.00    0.00    0.00    0.00     7  |__CPU 1/TCG
21:10:30     1000         -   1445982   98.00    1.00    0.00    0.00   99.00    20  |__CPU 2/TCG
21:10:30     1000         -   1445983    0.00    0.00    0.00    0.00    0.00     2  |__CPU 3/TCG
21:10:31     1000   1445958         -  199.00    3.00    0.00    0.00  202.00    18  qemu-system-aar
21:10:31     1000         -   1445958    1.00    2.00    0.00    0.00    3.00    18  |__qemu-system-aar
21:10:31     1000         -   1445965    0.00    0.00    0.00    0.00    0.00    17  |__call_rcu
21:10:31     1000         -   1445979   98.00    2.00    0.00    0.00  100.00     0  |__CPU 0/TCG
21:10:31     1000         -   1445981    1.00    0.00    0.00    0.00    1.00    19  |__CPU 1/TCG
21:10:31     1000         -   1445982   99.00    0.00    0.00    0.00   99.00    20  |__CPU 2/TCG
21:10:31     1000         -   1445983    0.00    0.00    0.00    0.00    0.00     2  |__CPU 3/TCG
21:10:32     1000   1445958         -  200.00    3.00    0.00    0.00  203.00     1  qemu-system-aar
21:10:32     1000         -   1445958    1.00    3.00    0.00    0.00    4.00     1  |__qemu-system-aar
21:10:32     1000         -   1445965    0.00    0.00    0.00    0.00    0.00    17  |__call_rcu
21:10:32     1000         -   1445979   99.00    0.00    0.00    0.00   99.00     0  |__CPU 0/TCG
21:10:32     1000         -   1445981    0.00    0.00    0.00    0.00    0.00     7  |__CPU 1/TCG
21:10:32     1000         -   1445982   99.00    1.00    0.00    0.00  100.00    20  |__CPU 2/TCG
21:10:32     1000         -   1445983    0.00    0.00    0.00    0.00    0.00     2  |__CPU 3/TCG
21:10:33     1000   1445958         -  202.00    2.00    0.00    0.00  204.00     3  qemu-system-aar
21:10:33     1000         -   1445958    2.00    1.00    0.00    0.00    3.00     3  |__qemu-system-aar
21:10:33     1000         -   1445965    0.00    0.00    0.00    0.00    0.00    17  |__call_rcu
21:10:33     1000         -   1445979  100.00    0.00    0.00    0.00  100.00     0  |__CPU 0/TCG
21:10:33     1000         -   1445981    1.00    0.00    0.00    0.00    1.00     7  |__CPU 1/TCG
21:10:33     1000         -   1445982   98.00    1.00    0.00    0.00   99.00    20  |__CPU 2/TCG
21:10:33     1000         -   1445983    0.00    0.00    0.00    0.00    0.00     2  |__CPU 3/TCG
21:10:34     1000   1445958         -  199.00    3.00    0.00    0.00  202.00     5  qemu-system-aar
21:10:34     1000         -   1445958    1.00    3.00    0.00    0.00    4.00     5  |__qemu-system-aar
21:10:34     1000         -   1445965    0.00    0.00    0.00    0.00    0.00    17  |__call_rcu
21:10:34     1000         -   1445979   99.00    1.00    0.00    0.00  100.00     0  |__CPU 0/TCG
21:10:34     1000         -   1445981    1.00    0.00    0.00    0.00    1.00     7  |__CPU 1/TCG
21:10:34     1000         -   1445982   99.00    1.00    0.00    0.00  100.00    20  |__CPU 2/TCG
21:10:34     1000         -   1445983    0.00    0.00    0.00    0.00    0.00     2  |__CPU 3/TCG
21:10:35     1000   1445958         -  199.00    3.00    0.00    1.00  202.00    16  qemu-system-aar
21:10:35     1000         -   1445958    1.00    2.00    0.00    1.00    3.00    16  |__qemu-system-aar
21:10:35     1000         -   1445965    0.00    0.00    0.00    0.00    0.00    17  |__call_rcu
21:10:35     1000         -   1445979   98.00    0.00    0.00    0.00   98.00    20  |__CPU 0/TCG
21:10:35     1000         -   1445981    0.00    0.00    0.00    0.00    0.00    21  |__CPU 1/TCG
21:10:35     1000         -   1445982   97.00    1.00    0.00    0.00   98.00     5  |__CPU 2/TCG
21:10:35     1000         -   1445983    0.00    0.00    0.00    0.00    0.00     2  |__CPU 3/TCG
21:10:36     1000   1445958         -  199.00    5.00    0.00    0.00  204.00    19  qemu-system-aar
21:10:36     1000         -   1445958    1.00    4.00    0.00    0.00    5.00    19  |__qemu-system-aar
21:10:36     1000         -   1445965    0.00    0.00    0.00    0.00    0.00    17  |__call_rcu
21:10:36     1000         -   1445979   98.00    1.00    0.00    0.00   99.00    20  |__CPU 0/TCG
21:10:36     1000         -   1445981    0.00    1.00    0.00    0.00    1.00    22  |__CPU 1/TCG
21:10:36     1000         -   1445982   98.00    2.00    0.00    0.00  100.00     6  |__CPU 2/TCG
21:10:36     1000         -   1445983    0.00    0.00    0.00    0.00    0.00     2  |__CPU 3/TCG
21:10:37     1000   1445958         -  201.00    3.00    0.00    0.00  204.00    23  qemu-system-aar
21:10:37     1000         -   1445958    2.00    2.00    0.00    0.00    4.00    23  |__qemu-system-aar
21:10:37     1000         -   1445965    0.00    0.00    0.00    0.00    0.00    17  |__call_rcu
21:10:37     1000         -   1445979   99.00    1.00    0.00    0.00  100.00    20  |__CPU 0/TCG
21:10:37     1000         -   1445981    1.00    0.00    0.00    0.00    1.00    22  |__CPU 1/TCG
21:10:37     1000         -   1445982   99.00    0.00    0.00    0.00   99.00     3  |__CPU 2/TCG
21:10:37     1000         -   1445983    0.00    0.00    0.00    0.00    0.00     2  |__CPU 3/TCG
