Linux 6.17.0-40-generic (9950x) 	08/15/26 	_x86_64_	(32 CPU)

# Time        UID      TGID       TID    %usr %system  %guest   %wait    %CPU   CPU  Command
23:02:23     1000   2125833         -   90.00   12.00    0.00    0.00  102.00     6  qemu-system-aar
23:02:23     1000         -   2125833    1.00    6.00    0.00    0.00    7.00     6  |__qemu-system-aar
23:02:23     1000         -   2125840    0.00    0.00    0.00    0.00    0.00    28  |__call_rcu
23:02:23     1000         -   2125841    0.00    0.00    0.00    0.00    0.00     9  |__worker
23:02:23     1000         -   2125855   86.00    5.00    0.00    0.00   91.00     4  |__CPU 0/TCG
23:02:23     1000         -   2125856    1.00    0.00    0.00    0.00    1.00     5  |__CPU 1/TCG
23:02:23     1000         -   2125857    0.00    0.00    0.00    0.00    0.00     9  |__CPU 2/TCG
23:02:23     1000         -   2125858    0.00    0.00    0.00    0.00    0.00    30  |__CPU 3/TCG
23:02:24     1000   2125833         -  197.00    5.00    0.00    0.00  202.00    17  qemu-system-aar
23:02:24     1000         -   2125833    0.00    2.00    0.00    0.00    2.00    17  |__qemu-system-aar
23:02:24     1000         -   2125840    0.00    0.00    0.00    0.00    0.00    28  |__call_rcu
23:02:24     1000         -   2125841    0.00    0.00    0.00    0.00    0.00     9  |__worker
23:02:24     1000         -   2125855   97.00    3.00    0.00    0.00  100.00     4  |__CPU 0/TCG
23:02:24     1000         -   2125856    1.00    0.00    0.00    0.00    1.00     5  |__CPU 1/TCG
23:02:24     1000         -   2125857   98.00    1.00    0.00    0.00   99.00     0  |__CPU 2/TCG
23:02:24     1000         -   2125858    0.00    0.00    0.00    0.00    0.00    30  |__CPU 3/TCG
23:02:25     1000   2125833         -  199.00    4.00    0.00    0.00  203.00     5  qemu-system-aar
23:02:25     1000         -   2125833    1.00    3.00    0.00    0.00    4.00     5  |__qemu-system-aar
23:02:25     1000         -   2125840    0.00    0.00    0.00    0.00    0.00    28  |__call_rcu
23:02:25     1000         -   2125841    0.00    0.00    0.00    0.00    0.00     9  |__worker
23:02:25     1000         -   2125855   97.00    1.00    0.00    0.00   98.00     4  |__CPU 0/TCG
23:02:25     1000         -   2125856    1.00    0.00    0.00    0.00    1.00    21  |__CPU 1/TCG
23:02:25     1000         -   2125857   98.00    1.00    0.00    0.00   99.00     0  |__CPU 2/TCG
23:02:25     1000         -   2125858    0.00    0.00    0.00    0.00    0.00    30  |__CPU 3/TCG
23:02:26     1000   2125833         -  201.00    2.00    0.00    0.00  203.00    17  qemu-system-aar
23:02:26     1000         -   2125833    1.00    2.00    0.00    0.00    3.00    17  |__qemu-system-aar
23:02:26     1000         -   2125840    0.00    0.00    0.00    0.00    0.00    28  |__call_rcu
23:02:26     1000         -   2125841    0.00    0.00    0.00    0.00    0.00     9  |__worker
23:02:26     1000         -   2125855   99.00    0.00    0.00    0.00   99.00     4  |__CPU 0/TCG
23:02:26     1000         -   2125856    1.00    0.00    0.00    0.00    1.00    21  |__CPU 1/TCG
23:02:26     1000         -   2125857   99.00    0.00    0.00    0.00   99.00     0  |__CPU 2/TCG
23:02:26     1000         -   2125858    0.00    0.00    0.00    0.00    0.00    30  |__CPU 3/TCG
23:02:27     1000   2125833         -  200.00    2.00    0.00    0.00  202.00     3  qemu-system-aar
23:02:27     1000         -   2125833    1.00    3.00    0.00    0.00    4.00     3  |__qemu-system-aar
23:02:27     1000         -   2125840    0.00    0.00    0.00    0.00    0.00    28  |__call_rcu
23:02:27     1000         -   2125841    0.00    0.00    0.00    0.00    0.00     9  |__worker
23:02:27     1000         -   2125855   97.00    1.00    0.00    0.00   98.00     4  |__CPU 0/TCG
23:02:27     1000         -   2125856    1.00    0.00    0.00    0.00    1.00     5  |__CPU 1/TCG
23:02:27     1000         -   2125857   99.00    0.00    0.00    0.00   99.00    16  |__CPU 2/TCG
23:02:27     1000         -   2125858    0.00    0.00    0.00    0.00    0.00    30  |__CPU 3/TCG
23:02:28     1000   2125833         -  201.00    2.00    0.00    0.00  203.00     3  qemu-system-aar
23:02:28     1000         -   2125833    1.00    2.00    0.00    0.00    3.00     3  |__qemu-system-aar
23:02:28     1000         -   2125840    0.00    0.00    0.00    0.00    0.00    28  |__call_rcu
23:02:28     1000         -   2125841    0.00    0.00    0.00    0.00    0.00     9  |__worker
23:02:28     1000         -   2125855   99.00    1.00    0.00    0.00  100.00    20  |__CPU 0/TCG
23:02:28     1000         -   2125856    0.00    0.00    0.00    0.00    0.00     5  |__CPU 1/TCG
23:02:28     1000         -   2125857  100.00    1.00    0.00    0.00  101.00    16  |__CPU 2/TCG
23:02:28     1000         -   2125858    0.00    0.00    0.00    0.00    0.00    30  |__CPU 3/TCG
23:02:29     1000   2125833         -  201.00    2.00    0.00    0.00  203.00     3  qemu-system-aar
23:02:29     1000         -   2125833    1.00    2.00    0.00    0.00    3.00     3  |__qemu-system-aar
23:02:29     1000         -   2125840    0.00    0.00    0.00    0.00    0.00    28  |__call_rcu
23:02:29     1000         -   2125841    0.00    0.00    0.00    0.00    0.00     9  |__worker
23:02:29     1000         -   2125855   99.00    0.00    0.00    0.00   99.00    20  |__CPU 0/TCG
23:02:29     1000         -   2125856    1.00    0.00    0.00    0.00    1.00     5  |__CPU 1/TCG
23:02:29     1000         -   2125857   99.00    1.00    0.00    0.00  100.00     0  |__CPU 2/TCG
23:02:29     1000         -   2125858    0.00    0.00    0.00    0.00    0.00    30  |__CPU 3/TCG
23:02:30     1000   2125833         -  200.00    2.00    0.00    0.00  202.00     1  qemu-system-aar
23:02:30     1000         -   2125833    1.00    2.00    0.00    0.00    3.00     1  |__qemu-system-aar
23:02:30     1000         -   2125840    0.00    0.00    0.00    0.00    0.00    28  |__call_rcu
23:02:30     1000         -   2125841    0.00    0.00    0.00    0.00    0.00     9  |__worker
23:02:30     1000         -   2125855   99.00    0.00    0.00    0.00   99.00    20  |__CPU 0/TCG
23:02:30     1000         -   2125856    0.00    0.00    0.00    0.00    0.00     5  |__CPU 1/TCG
23:02:30     1000         -   2125857   98.00    1.00    0.00    0.00   99.00    16  |__CPU 2/TCG
23:02:30     1000         -   2125858    0.00    0.00    0.00    0.00    0.00    30  |__CPU 3/TCG
23:02:31     1000   2125833         -  201.00    2.00    0.00    0.00  203.00     2  qemu-system-aar
23:02:31     1000         -   2125833    1.00    2.00    0.00    0.00    3.00     2  |__qemu-system-aar
23:02:31     1000         -   2125840    0.00    0.00    0.00    0.00    0.00    28  |__call_rcu
23:02:31     1000         -   2125841    0.00    0.00    0.00    0.00    0.00     9  |__worker
23:02:31     1000         -   2125855   99.00    1.00    0.00    0.00  100.00    20  |__CPU 0/TCG
23:02:31     1000         -   2125856    1.00    0.00    0.00    0.00    1.00     5  |__CPU 1/TCG
23:02:31     1000         -   2125857   99.00    1.00    0.00    0.00  100.00    16  |__CPU 2/TCG
23:02:31     1000         -   2125858    0.00    0.00    0.00    0.00    0.00    30  |__CPU 3/TCG
23:02:32     1000   2125833         -  200.00    3.00    0.00    0.00  203.00     5  qemu-system-aar
23:02:32     1000         -   2125833    1.00    2.00    0.00    0.00    3.00     5  |__qemu-system-aar
23:02:32     1000         -   2125840    0.00    0.00    0.00    0.00    0.00    28  |__call_rcu
23:02:32     1000         -   2125841    0.00    0.00    0.00    0.00    0.00     9  |__worker
23:02:32     1000         -   2125855   99.00    0.00    0.00    0.00   99.00    20  |__CPU 0/TCG
23:02:32     1000         -   2125856    0.00    0.00    0.00    0.00    0.00    22  |__CPU 1/TCG
23:02:32     1000         -   2125857   98.00    1.00    0.00    0.00   99.00    16  |__CPU 2/TCG
23:02:32     1000         -   2125858    0.00    0.00    0.00    0.00    0.00    30  |__CPU 3/TCG
23:02:33     1000   2125833         -  201.00    2.00    0.00    0.00  203.00     5  qemu-system-aar
23:02:33     1000         -   2125833    0.00    3.00    0.00    0.00    3.00     5  |__qemu-system-aar
23:02:33     1000         -   2125840    0.00    0.00    0.00    0.00    0.00    28  |__call_rcu
23:02:33     1000         -   2125855  100.00    0.00    0.00    0.00  100.00    20  |__CPU 0/TCG
23:02:33     1000         -   2125856    1.00    0.00    0.00    0.00    1.00    23  |__CPU 1/TCG
23:02:33     1000         -   2125857   99.00    1.00    0.00    0.00  100.00    16  |__CPU 2/TCG
23:02:33     1000         -   2125858    0.00    0.00    0.00    0.00    0.00    30  |__CPU 3/TCG
23:02:34     1000   2125833         -  200.00    2.00    0.00    0.00  202.00     1  qemu-system-aar
23:02:34     1000         -   2125833    1.00    2.00    0.00    0.00    3.00     1  |__qemu-system-aar
23:02:34     1000         -   2125840    0.00    0.00    0.00    0.00    0.00    28  |__call_rcu
23:02:34     1000         -   2125855   99.00    1.00    0.00    0.00  100.00     4  |__CPU 0/TCG
23:02:34     1000         -   2125856    1.00    0.00    0.00    0.00    1.00    23  |__CPU 1/TCG
23:02:34     1000         -   2125857   99.00    1.00    0.00    0.00  100.00    16  |__CPU 2/TCG
23:02:34     1000         -   2125858    0.00    0.00    0.00    0.00    0.00    30  |__CPU 3/TCG
23:02:35     1000   2125833         -  199.00    3.00    0.00    0.00  202.00     6  qemu-system-aar
23:02:35     1000         -   2125833    1.00    2.00    0.00    0.00    3.00     6  |__qemu-system-aar
23:02:35     1000         -   2125840    0.00    0.00    0.00    0.00    0.00    28  |__call_rcu
23:02:35     1000         -   2125855   98.00    0.00    0.00    0.00   98.00     4  |__CPU 0/TCG
23:02:35     1000         -   2125856    0.00    0.00    0.00    0.00    0.00     3  |__CPU 1/TCG
23:02:35     1000         -   2125857   98.00    1.00    0.00    0.00   99.00    16  |__CPU 2/TCG
23:02:35     1000         -   2125858    0.00    0.00    0.00    0.00    0.00    30  |__CPU 3/TCG
23:02:36     1000   2125833         -  200.00    2.00    0.00    0.00  202.00     6  qemu-system-aar
23:02:36     1000         -   2125833    1.00    2.00    0.00    0.00    3.00     6  |__qemu-system-aar
23:02:36     1000         -   2125840    0.00    0.00    0.00    0.00    0.00    28  |__call_rcu
23:02:36     1000         -   2125855   98.00    1.00    0.00    0.00   99.00     4  |__CPU 0/TCG
23:02:36     1000         -   2125856    1.00    1.00    0.00    0.00    2.00    16  |__CPU 1/TCG
23:02:36     1000         -   2125857   98.00    1.00    0.00    0.00   99.00     0  |__CPU 2/TCG
23:02:36     1000         -   2125858    0.00    0.00    0.00    0.00    0.00    30  |__CPU 3/TCG
23:02:37     1000   2125833         -  200.00    2.00    0.00    0.00  202.00     6  qemu-system-aar
23:02:37     1000         -   2125833    0.00    3.00    0.00    0.00    3.00     6  |__qemu-system-aar
23:02:37     1000         -   2125840    0.00    0.00    0.00    0.00    0.00    28  |__call_rcu
23:02:37     1000         -   2125855   99.00    1.00    0.00    0.00  100.00     4  |__CPU 0/TCG
23:02:37     1000         -   2125856    0.00    0.00    0.00    0.00    0.00    17  |__CPU 1/TCG
23:02:37     1000         -   2125857   99.00    1.00    0.00    0.00  100.00    16  |__CPU 2/TCG
23:02:37     1000         -   2125858    0.00    0.00    0.00    0.00    0.00    30  |__CPU 3/TCG
23:02:38     1000   2125833         -  200.00    3.00    0.00    0.00  203.00     7  qemu-system-aar
23:02:38     1000         -   2125833    1.00    2.00    0.00    0.00    3.00     7  |__qemu-system-aar
23:02:38     1000         -   2125840    0.00    0.00    0.00    0.00    0.00    28  |__call_rcu
23:02:38     1000         -   2125855   99.00    0.00    0.00    0.00   99.00     4  |__CPU 0/TCG
23:02:38     1000         -   2125856    1.00    0.00    0.00    0.00    1.00    17  |__CPU 1/TCG
23:02:38     1000         -   2125857   98.00    1.00    0.00    0.00   99.00    16  |__CPU 2/TCG
23:02:38     1000         -   2125858    0.00    0.00    0.00    0.00    0.00    30  |__CPU 3/TCG
23:02:39     1000   2125833         -  201.00    1.00    0.00    0.00  202.00    21  qemu-system-aar
23:02:39     1000         -   2125833    1.00    2.00    0.00    0.00    3.00    21  |__qemu-system-aar
23:02:39     1000         -   2125840    0.00    0.00    0.00    0.00    0.00    28  |__call_rcu
23:02:39     1000         -   2125855   99.00    1.00    0.00    0.00  100.00    20  |__CPU 0/TCG
23:02:39     1000         -   2125856    0.00    0.00    0.00    0.00    0.00    17  |__CPU 1/TCG
23:02:39     1000         -   2125857   99.00    1.00    0.00    0.00  100.00     0  |__CPU 2/TCG
23:02:39     1000         -   2125858    0.00    0.00    0.00    0.00    0.00    30  |__CPU 3/TCG
23:02:40     1000   2125833         -  201.00    2.00    0.00    0.00  203.00    21  qemu-system-aar
23:02:40     1000         -   2125833    1.00    2.00    0.00    0.00    3.00    21  |__qemu-system-aar
23:02:40     1000         -   2125840    0.00    0.00    0.00    0.00    0.00    28  |__call_rcu
23:02:40     1000         -   2125855   99.00    0.00    0.00    0.00   99.00    20  |__CPU 0/TCG
23:02:40     1000         -   2125856    0.00    0.00    0.00    0.00    0.00    17  |__CPU 1/TCG
23:02:40     1000         -   2125857   99.00    1.00    0.00    0.00  100.00     0  |__CPU 2/TCG
23:02:40     1000         -   2125858    0.00    0.00    0.00    0.00    0.00    30  |__CPU 3/TCG
23:02:41     1000   2125833         -  200.00    2.00    0.00    0.00  202.00    23  qemu-system-aar
23:02:41     1000         -   2125833    1.00    2.00    0.00    0.00    3.00    23  |__qemu-system-aar
23:02:41     1000         -   2125840    0.00    0.00    0.00    0.00    0.00    28  |__call_rcu
23:02:41     1000         -   2125855   99.00    1.00    0.00    0.00  100.00    20  |__CPU 0/TCG
23:02:41     1000         -   2125856    0.00    0.00    0.00    0.00    0.00    17  |__CPU 1/TCG
23:02:41     1000         -   2125857   99.00    1.00    0.00    0.00  100.00     0  |__CPU 2/TCG
23:02:41     1000         -   2125858    0.00    0.00    0.00    0.00    0.00    30  |__CPU 3/TCG
23:02:42     1000   2125833         -  201.00    1.00    0.00    0.00  202.00    21  qemu-system-aar
23:02:42     1000         -   2125833    1.00    1.00    0.00    0.00    2.00    21  |__qemu-system-aar
23:02:42     1000         -   2125840    0.00    0.00    0.00    0.00    0.00    28  |__call_rcu
23:02:42     1000         -   2125855   99.00    0.00    0.00    0.00   99.00    20  |__CPU 0/TCG
23:02:42     1000         -   2125856    1.00    0.00    0.00    0.00    1.00    17  |__CPU 1/TCG
23:02:42     1000         -   2125857   99.00    1.00    0.00    0.00  100.00     0  |__CPU 2/TCG
23:02:42     1000         -   2125858    0.00    0.00    0.00    0.00    0.00    30  |__CPU 3/TCG
23:02:43     1000   2125833         -  199.00    3.00    0.00    0.00  202.00    23  qemu-system-aar
23:02:43     1000         -   2125833    1.00    3.00    0.00    0.00    4.00    23  |__qemu-system-aar
23:02:43     1000         -   2125840    0.00    0.00    0.00    0.00    0.00    28  |__call_rcu
23:02:43     1000         -   2125855   99.00    0.00    0.00    0.00   99.00     4  |__CPU 0/TCG
23:02:43     1000         -   2125856    0.00    0.00    0.00    0.00    0.00    17  |__CPU 1/TCG
23:02:43     1000         -   2125857   99.00    0.00    0.00    0.00   99.00    16  |__CPU 2/TCG
23:02:43     1000         -   2125858    0.00    0.00    0.00    0.00    0.00    30  |__CPU 3/TCG
23:02:44     1000   2125833         -  200.00    3.00    0.00    0.00  203.00     1  qemu-system-aar
23:02:44     1000         -   2125833    1.00    2.00    0.00    0.00    3.00     1  |__qemu-system-aar
23:02:44     1000         -   2125840    0.00    0.00    0.00    0.00    0.00    28  |__call_rcu
23:02:44     1000         -   2125855   99.00    0.00    0.00    0.00   99.00     4  |__CPU 0/TCG
23:02:44     1000         -   2125856    0.00    0.00    0.00    0.00    0.00    18  |__CPU 1/TCG
23:02:44     1000         -   2125857   98.00    2.00    0.00    0.00  100.00    16  |__CPU 2/TCG
23:02:44     1000         -   2125858    0.00    0.00    0.00    0.00    0.00    30  |__CPU 3/TCG
