Linux 6.17.0-40-generic (9950x) 	08/15/26 	_x86_64_	(32 CPU)

# Time        UID      TGID       TID    %usr %system  %guest   %wait    %CPU   CPU  Command
19:06:20     1000   1290078         -   96.00    9.00    0.00    0.00  105.00     3  qemu-system-aar
19:06:20     1000         -   1290078    1.00    3.00    0.00    0.00    4.00     3  |__qemu-system-aar
19:06:20     1000         -   1290084    0.00    0.00    0.00    0.00    0.00    31  |__call_rcu
19:06:20     1000         -   1290085    0.00    0.00    0.00    0.00    0.00    31  |__worker
19:06:20     1000         -   1290093   90.00    5.00    0.00    0.00   95.00     0  |__CPU 0/TCG
19:06:20     1000         -   1290095    1.00    0.00    0.00    0.00    1.00     2  |__CPU 1/TCG
19:06:20     1000         -   1290096    2.00    0.00    0.00    0.00    2.00     4  |__CPU 2/TCG
19:06:20     1000         -   1290097    0.00    0.00    0.00    0.00    0.00     1  |__CPU 3/TCG
19:06:21     1000   1290078         -  197.00    6.00    0.00    0.00  203.00     2  qemu-system-aar
19:06:21     1000         -   1290078    1.00    2.00    0.00    0.00    3.00     2  |__qemu-system-aar
19:06:21     1000         -   1290084    0.00    0.00    0.00    0.00    0.00    31  |__call_rcu
19:06:21     1000         -   1290085    0.00    0.00    0.00    0.00    0.00    31  |__worker
19:06:21     1000         -   1290093   96.00    3.00    0.00    0.00   99.00    16  |__CPU 0/TCG
19:06:21     1000         -   1290095    0.00    0.00    0.00    0.00    0.00     1  |__CPU 1/TCG
19:06:21     1000         -   1290096   98.00    2.00    0.00    0.00  100.00     4  |__CPU 2/TCG
19:06:21     1000         -   1290097    0.00    0.00    0.00    0.00    0.00     2  |__CPU 3/TCG
19:06:22     1000   1290078         -  199.00    4.00    0.00    0.00  203.00     3  qemu-system-aar
19:06:22     1000         -   1290078    2.00    2.00    0.00    0.00    4.00     3  |__qemu-system-aar
19:06:22     1000         -   1290084    0.00    0.00    0.00    0.00    0.00    31  |__call_rcu
19:06:22     1000         -   1290085    0.00    0.00    0.00    0.00    0.00    31  |__worker
19:06:22     1000         -   1290093   97.00    1.00    0.00    0.00   98.00    16  |__CPU 0/TCG
19:06:22     1000         -   1290095    1.00    0.00    0.00    0.00    1.00     1  |__CPU 1/TCG
19:06:22     1000         -   1290096   99.00    0.00    0.00    0.00   99.00     4  |__CPU 2/TCG
19:06:22     1000         -   1290097    0.00    0.00    0.00    0.00    0.00     3  |__CPU 3/TCG
19:06:23     1000   1290078         -  199.00    5.00    0.00    0.00  204.00    11  qemu-system-aar
19:06:23     1000         -   1290078    2.00    3.00    0.00    0.00    5.00    11  |__qemu-system-aar
19:06:23     1000         -   1290084    0.00    0.00    0.00    0.00    0.00    31  |__call_rcu
19:06:23     1000         -   1290085    0.00    0.00    0.00    0.00    0.00    31  |__worker
19:06:23     1000         -   1290093   98.00    1.00    0.00    0.00   99.00    16  |__CPU 0/TCG
19:06:23     1000         -   1290095    0.00    0.00    0.00    0.00    0.00     1  |__CPU 1/TCG
19:06:23     1000         -   1290096   97.00    3.00    0.00    0.00  100.00     4  |__CPU 2/TCG
19:06:23     1000         -   1290097    0.00    0.00    0.00    0.00    0.00     3  |__CPU 3/TCG
19:06:24     1000   1290078         -  200.00    5.00    0.00    0.00  205.00     8  qemu-system-aar
19:06:24     1000         -   1290078    2.00    4.00    0.00    0.00    6.00     8  |__qemu-system-aar
19:06:24     1000         -   1290084    0.00    0.00    0.00    0.00    0.00    31  |__call_rcu
19:06:24     1000         -   1290085    0.00    0.00    0.00    0.00    0.00    31  |__worker
19:06:24     1000         -   1290093   98.00    1.00    0.00    0.00   99.00    16  |__CPU 0/TCG
19:06:24     1000         -   1290095    1.00    1.00    0.00    0.00    2.00     1  |__CPU 1/TCG
19:06:24     1000         -   1290096   98.00    2.00    0.00    0.00  100.00    20  |__CPU 2/TCG
19:06:24     1000         -   1290097    0.00    0.00    0.00    0.00    0.00     3  |__CPU 3/TCG
19:06:25     1000   1290078         -  201.00    3.00    0.00    0.00  204.00     6  qemu-system-aar
19:06:25     1000         -   1290078    2.00    3.00    0.00    0.00    5.00     6  |__qemu-system-aar
19:06:25     1000         -   1290084    0.00    0.00    0.00    0.00    0.00    31  |__call_rcu
19:06:25     1000         -   1290085    0.00    0.00    0.00    0.00    0.00    31  |__worker
19:06:25     1000         -   1290093   99.00    0.00    0.00    0.00   99.00    16  |__CPU 0/TCG
19:06:25     1000         -   1290095    0.00    0.00    0.00    0.00    0.00     1  |__CPU 1/TCG
19:06:25     1000         -   1290096   98.00    1.00    0.00    0.00   99.00    20  |__CPU 2/TCG
19:06:25     1000         -   1290097    0.00    0.00    0.00    0.00    0.00     3  |__CPU 3/TCG
19:06:26     1000   1290078         -  202.00    1.00    0.00    0.00  203.00     5  qemu-system-aar
19:06:26     1000         -   1290078    2.00    2.00    0.00    0.00    4.00     5  |__qemu-system-aar
19:06:26     1000         -   1290084    0.00    0.00    0.00    0.00    0.00    31  |__call_rcu
19:06:26     1000         -   1290085    0.00    0.00    0.00    0.00    0.00    31  |__worker
19:06:26     1000         -   1290093   99.00    0.00    0.00    0.00   99.00     0  |__CPU 0/TCG
19:06:26     1000         -   1290095    1.00    0.00    0.00    0.00    1.00     3  |__CPU 1/TCG
19:06:26     1000         -   1290096   99.00    1.00    0.00    0.00  100.00    20  |__CPU 2/TCG
19:06:26     1000         -   1290097    0.00    0.00    0.00    0.00    0.00     3  |__CPU 3/TCG
19:06:27     1000   1290078         -  200.00    3.00    0.00    0.00  203.00     6  qemu-system-aar
19:06:27     1000         -   1290078    1.00    2.00    0.00    0.00    3.00     6  |__qemu-system-aar
19:06:27     1000         -   1290084    0.00    0.00    0.00    0.00    0.00    31  |__call_rcu
19:06:27     1000         -   1290085    0.00    0.00    0.00    0.00    0.00    31  |__worker
19:06:27     1000         -   1290093   99.00    1.00    0.00    0.00  100.00    16  |__CPU 0/TCG
19:06:27     1000         -   1290095    0.00    0.00    0.00    0.00    0.00     3  |__CPU 1/TCG
19:06:27     1000         -   1290096   99.00    1.00    0.00    0.00  100.00    20  |__CPU 2/TCG
19:06:27     1000         -   1290097    0.00    0.00    0.00    0.00    0.00     2  |__CPU 3/TCG
19:06:28     1000   1290078         -  202.00    2.00    0.00    0.00  204.00     2  qemu-system-aar
19:06:28     1000         -   1290078    2.00    2.00    0.00    0.00    4.00     2  |__qemu-system-aar
19:06:28     1000         -   1290084    0.00    0.00    0.00    0.00    0.00    31  |__call_rcu
19:06:28     1000         -   1290085    0.00    0.00    0.00    0.00    0.00    31  |__worker
19:06:28     1000         -   1290093   99.00    0.00    0.00    0.00   99.00    16  |__CPU 0/TCG
19:06:28     1000         -   1290095    1.00    0.00    0.00    0.00    1.00     6  |__CPU 1/TCG
19:06:28     1000         -   1290096   99.00    0.00    0.00    0.00   99.00    20  |__CPU 2/TCG
19:06:28     1000         -   1290097    0.00    0.00    0.00    0.00    0.00     2  |__CPU 3/TCG
19:06:29     1000   1290078         -  202.00    1.00    0.00    0.00  203.00    17  qemu-system-aar
19:06:29     1000         -   1290078    1.00    3.00    0.00    0.00    4.00    17  |__qemu-system-aar
19:06:29     1000         -   1290084    0.00    0.00    0.00    0.00    0.00    31  |__call_rcu
19:06:29     1000         -   1290085    0.00    0.00    0.00    0.00    0.00    31  |__worker
19:06:29     1000         -   1290093   99.00    1.00    0.00    0.00  100.00    16  |__CPU 0/TCG
19:06:29     1000         -   1290095    0.00    0.00    0.00    0.00    0.00     6  |__CPU 1/TCG
19:06:29     1000         -   1290096   99.00    1.00    0.00    0.00  100.00     4  |__CPU 2/TCG
19:06:29     1000         -   1290097    0.00    0.00    0.00    0.00    0.00     2  |__CPU 3/TCG
19:06:30     1000   1290078         -  202.00    2.00    0.00    0.00  204.00    19  qemu-system-aar
19:06:30     1000         -   1290078    2.00    2.00    0.00    0.00    4.00    19  |__qemu-system-aar
19:06:30     1000         -   1290084    0.00    0.00    0.00    0.00    0.00    31  |__call_rcu
19:06:30     1000         -   1290093   99.00    0.00    0.00    0.00   99.00    16  |__CPU 0/TCG
19:06:30     1000         -   1290095    1.00    0.00    0.00    0.00    1.00     3  |__CPU 1/TCG
19:06:30     1000         -   1290096   99.00    1.00    0.00    0.00  100.00     4  |__CPU 2/TCG
19:06:30     1000         -   1290097    0.00    0.00    0.00    0.00    0.00     2  |__CPU 3/TCG
19:06:31     1000   1290078         -  201.00    2.00    0.00    0.00  203.00    21  qemu-system-aar
19:06:31     1000         -   1290078    0.00    3.00    0.00    0.00    3.00    21  |__qemu-system-aar
19:06:31     1000         -   1290084    0.00    0.00    0.00    0.00    0.00    31  |__call_rcu
19:06:31     1000         -   1290093  100.00    0.00    0.00    0.00  100.00    16  |__CPU 0/TCG
19:06:31     1000         -   1290095    0.00    0.00    0.00    0.00    0.00     3  |__CPU 1/TCG
19:06:31     1000         -   1290096  100.00    0.00    0.00    0.00  100.00    20  |__CPU 2/TCG
19:06:31     1000         -   1290097    0.00    0.00    0.00    0.00    0.00     2  |__CPU 3/TCG
19:06:32     1000   1290078         -  202.00    2.00    0.00    0.00  204.00    19  qemu-system-aar
19:06:32     1000         -   1290078    1.00    2.00    0.00    0.00    3.00    19  |__qemu-system-aar
19:06:32     1000         -   1290084    0.00    0.00    0.00    0.00    0.00    31  |__call_rcu
19:06:32     1000         -   1290093   99.00    0.00    0.00    0.00   99.00    16  |__CPU 0/TCG
19:06:32     1000         -   1290095    0.00    0.00    0.00    0.00    0.00     3  |__CPU 1/TCG
19:06:32     1000         -   1290096   99.00    0.00    0.00    0.00   99.00    20  |__CPU 2/TCG
19:06:32     1000         -   1290097    0.00    0.00    0.00    0.00    0.00     2  |__CPU 3/TCG
19:06:33     1000   1290078         -  201.00    2.00    0.00    0.00  203.00    21  qemu-system-aar
19:06:33     1000         -   1290078    1.00    3.00    0.00    0.00    4.00    21  |__qemu-system-aar
19:06:33     1000         -   1290084    0.00    0.00    0.00    0.00    0.00    31  |__call_rcu
19:06:33     1000         -   1290093   99.00    0.00    0.00    0.00   99.00    16  |__CPU 0/TCG
19:06:33     1000         -   1290095    1.00    0.00    0.00    0.00    1.00     3  |__CPU 1/TCG
19:06:33     1000         -   1290096   99.00    1.00    0.00    0.00  100.00    20  |__CPU 2/TCG
19:06:33     1000         -   1290097    0.00    0.00    0.00    0.00    0.00     2  |__CPU 3/TCG
19:06:34     1000   1290078         -  201.00    2.00    0.00    0.00  203.00     3  qemu-system-aar
19:06:34     1000         -   1290078    2.00    2.00    0.00    0.00    4.00     3  |__qemu-system-aar
19:06:34     1000         -   1290084    0.00    0.00    0.00    0.00    0.00    31  |__call_rcu
19:06:34     1000         -   1290093   99.00    0.00    0.00    0.00   99.00    16  |__CPU 0/TCG
19:06:34     1000         -   1290095    0.00    0.00    0.00    0.00    0.00     7  |__CPU 1/TCG
19:06:34     1000         -   1290096   99.00    1.00    0.00    0.00  100.00    20  |__CPU 2/TCG
19:06:34     1000         -   1290097    0.00    0.00    0.00    0.00    0.00     2  |__CPU 3/TCG
19:06:35     1000   1290078         -  201.00    3.00    0.00    0.00  204.00     7  qemu-system-aar
19:06:35     1000         -   1290078    2.00    2.00    0.00    0.00    4.00     7  |__qemu-system-aar
19:06:35     1000         -   1290084    0.00    0.00    0.00    0.00    0.00    31  |__call_rcu
19:06:35     1000         -   1290093  100.00    0.00    0.00    0.00  100.00    16  |__CPU 0/TCG
19:06:35     1000         -   1290095    1.00    0.00    0.00    0.00    1.00     3  |__CPU 1/TCG
19:06:35     1000         -   1290096   99.00    1.00    0.00    0.00  100.00    20  |__CPU 2/TCG
19:06:35     1000         -   1290097    0.00    0.00    0.00    0.00    0.00     2  |__CPU 3/TCG
19:06:36     1000   1290078         -  202.00    2.00    0.00    0.00  204.00     7  qemu-system-aar
19:06:36     1000         -   1290078    1.00    3.00    0.00    0.00    4.00     7  |__qemu-system-aar
19:06:36     1000         -   1290084    0.00    0.00    0.00    0.00    0.00    31  |__call_rcu
19:06:36     1000         -   1290093   99.00    0.00    0.00    0.00   99.00    16  |__CPU 0/TCG
19:06:36     1000         -   1290095    0.00    1.00    0.00    0.00    1.00     2  |__CPU 1/TCG
19:06:36     1000         -   1290096   99.00    0.00    0.00    0.00   99.00    20  |__CPU 2/TCG
19:06:36     1000         -   1290097    0.00    0.00    0.00    0.00    0.00     2  |__CPU 3/TCG
19:06:37     1000   1290078         -  201.00    2.00    0.00    0.00  203.00     7  qemu-system-aar
19:06:37     1000         -   1290078    1.00    2.00    0.00    0.00    3.00     7  |__qemu-system-aar
19:06:37     1000         -   1290084    0.00    0.00    0.00    0.00    0.00    31  |__call_rcu
19:06:37     1000         -   1290093   99.00    0.00    0.00    0.00   99.00    16  |__CPU 0/TCG
19:06:37     1000         -   1290095    1.00    0.00    0.00    0.00    1.00     3  |__CPU 1/TCG
19:06:37     1000         -   1290096   99.00    2.00    0.00    0.00  101.00    20  |__CPU 2/TCG
19:06:37     1000         -   1290097    0.00    0.00    0.00    0.00    0.00     2  |__CPU 3/TCG
19:06:38     1000   1290078         -  200.00    3.00    0.00    0.00  203.00     2  qemu-system-aar
19:06:38     1000         -   1290078    2.00    2.00    0.00    0.00    4.00     2  |__qemu-system-aar
19:06:38     1000         -   1290084    0.00    0.00    0.00    0.00    0.00    31  |__call_rcu
19:06:38     1000         -   1290093  100.00    1.00    0.00    0.00  101.00    16  |__CPU 0/TCG
19:06:38     1000         -   1290095    0.00    0.00    0.00    0.00    0.00     3  |__CPU 1/TCG
19:06:38     1000         -   1290096   99.00    1.00    0.00    0.00  100.00    20  |__CPU 2/TCG
19:06:38     1000         -   1290097    0.00    0.00    0.00    0.00    0.00     2  |__CPU 3/TCG
19:06:39     1000   1290078         -  201.00    3.00    0.00    0.00  204.00     2  qemu-system-aar
19:06:39     1000         -   1290078    1.00    3.00    0.00    0.00    4.00     2  |__qemu-system-aar
19:06:39     1000         -   1290084    0.00    0.00    0.00    0.00    0.00    31  |__call_rcu
19:06:39     1000         -   1290093   99.00    0.00    0.00    0.00   99.00    16  |__CPU 0/TCG
19:06:39     1000         -   1290095    1.00    0.00    0.00    0.00    1.00     5  |__CPU 1/TCG
19:06:39     1000         -   1290096   98.00    1.00    0.00    0.00   99.00    20  |__CPU 2/TCG
19:06:39     1000         -   1290097    0.00    0.00    0.00    0.00    0.00     2  |__CPU 3/TCG
19:06:40     1000   1290078         -  202.00    1.00    0.00    0.00  203.00     7  qemu-system-aar
19:06:40     1000         -   1290078    1.00    3.00    0.00    0.00    4.00     7  |__qemu-system-aar
19:06:40     1000         -   1290084    0.00    0.00    0.00    0.00    0.00    31  |__call_rcu
19:06:40     1000         -   1290093   99.00    0.00    0.00    0.00   99.00    16  |__CPU 0/TCG
19:06:40     1000         -   1290095    0.00    0.00    0.00    0.00    0.00     5  |__CPU 1/TCG
19:06:40     1000         -   1290096  100.00    0.00    0.00    0.00  100.00    20  |__CPU 2/TCG
19:06:40     1000         -   1290097    0.00    0.00    0.00    0.00    0.00     2  |__CPU 3/TCG
19:06:41     1000   1290078         -  201.00    3.00    0.00    0.00  204.00     7  qemu-system-aar
19:06:41     1000         -   1290078    1.00    2.00    0.00    0.00    3.00     7  |__qemu-system-aar
19:06:41     1000         -   1290084    0.00    0.00    0.00    0.00    0.00    31  |__call_rcu
19:06:41     1000         -   1290093   99.00    0.00    0.00    0.00   99.00    16  |__CPU 0/TCG
19:06:41     1000         -   1290095    1.00    0.00    0.00    0.00    1.00     5  |__CPU 1/TCG
19:06:41     1000         -   1290096   99.00    1.00    0.00    0.00  100.00    20  |__CPU 2/TCG
19:06:41     1000         -   1290097    0.00    0.00    0.00    0.00    0.00     2  |__CPU 3/TCG
19:06:42     1000   1290078         -  203.00    1.00    0.00    0.00  204.00     7  qemu-system-aar
19:06:42     1000         -   1290078    2.00    2.00    0.00    0.00    4.00     7  |__qemu-system-aar
19:06:42     1000         -   1290084    0.00    0.00    0.00    0.00    0.00    31  |__call_rcu
19:06:42     1000         -   1290093  100.00    0.00    0.00    0.00  100.00    16  |__CPU 0/TCG
19:06:42     1000         -   1290095    1.00    0.00    0.00    0.00    1.00     5  |__CPU 1/TCG
19:06:42     1000         -   1290096   99.00    0.00    0.00    0.00   99.00    20  |__CPU 2/TCG
19:06:42     1000         -   1290097    0.00    0.00    0.00    0.00    0.00     2  |__CPU 3/TCG
19:06:43     1000   1290078         -  201.00    2.00    0.00    0.00  203.00    21  qemu-system-aar
19:06:43     1000         -   1290078    1.00    2.00    0.00    0.00    3.00    21  |__qemu-system-aar
19:06:43     1000         -   1290084    0.00    0.00    0.00    0.00    0.00    31  |__call_rcu
19:06:43     1000         -   1290093   99.00    1.00    0.00    0.00  100.00     0  |__CPU 0/TCG
19:06:43     1000         -   1290095    0.00    0.00    0.00    0.00    0.00     5  |__CPU 1/TCG
19:06:43     1000         -   1290096  100.00    1.00    0.00    0.00  101.00     4  |__CPU 2/TCG
19:06:43     1000         -   1290097    0.00    0.00    0.00    0.00    0.00     2  |__CPU 3/TCG
19:06:44     1000   1290078         -  201.00    3.00    0.00    0.00  204.00    19  qemu-system-aar
19:06:44     1000         -   1290078    2.00    2.00    0.00    0.00    4.00    19  |__qemu-system-aar
19:06:44     1000         -   1290084    0.00    0.00    0.00    0.00    0.00    31  |__call_rcu
19:06:44     1000         -   1290093   99.00    0.00    0.00    0.00   99.00     1  |__CPU 0/TCG
19:06:44     1000         -   1290095    0.00    0.00    0.00    0.00    0.00     5  |__CPU 1/TCG
19:06:44     1000         -   1290096   98.00    1.00    0.00    0.00   99.00    20  |__CPU 2/TCG
19:06:44     1000         -   1290097    0.00    0.00    0.00    0.00    0.00     2  |__CPU 3/TCG
19:06:45     1000   1290078         -  202.00    2.00    0.00    0.00  204.00    19  qemu-system-aar
19:06:45     1000         -   1290078    1.00    3.00    0.00    0.00    4.00    19  |__qemu-system-aar
19:06:45     1000         -   1290084    0.00    0.00    0.00    0.00    0.00    31  |__call_rcu
19:06:45     1000         -   1290093  100.00    0.00    0.00    0.00  100.00    16  |__CPU 0/TCG
19:06:45     1000         -   1290095    1.00    0.00    0.00    0.00    1.00     5  |__CPU 1/TCG
19:06:45     1000         -   1290096   99.00    1.00    0.00    0.00  100.00     4  |__CPU 2/TCG
19:06:45     1000         -   1290097    0.00    0.00    0.00    0.00    0.00     2  |__CPU 3/TCG
19:06:46     1000   1290078         -  201.00    2.00    0.00    0.00  203.00    22  qemu-system-aar
19:06:46     1000         -   1290078    2.00    2.00    0.00    0.00    4.00    22  |__qemu-system-aar
19:06:46     1000         -   1290084    0.00    0.00    0.00    0.00    0.00    31  |__call_rcu
19:06:46     1000         -   1290093   99.00    0.00    0.00    0.00   99.00    16  |__CPU 0/TCG
19:06:46     1000         -   1290095    0.00    0.00    0.00    0.00    0.00     6  |__CPU 1/TCG
19:06:46     1000         -   1290096   99.00    1.00    0.00    0.00  100.00     4  |__CPU 2/TCG
19:06:46     1000         -   1290097    0.00    0.00    0.00    0.00    0.00     2  |__CPU 3/TCG
19:06:47     1000   1290078         -  201.00    3.00    0.00    0.00  204.00     2  qemu-system-aar
19:06:47     1000         -   1290078    1.00    3.00    0.00    0.00    4.00     2  |__qemu-system-aar
19:06:47     1000         -   1290084    0.00    0.00    0.00    0.00    0.00    31  |__call_rcu
19:06:47     1000         -   1290093   99.00    0.00    0.00    0.00   99.00    16  |__CPU 0/TCG
19:06:47     1000         -   1290095    1.00    0.00    0.00    0.00    1.00     6  |__CPU 1/TCG
19:06:47     1000         -   1290096   99.00    1.00    0.00    0.00  100.00     4  |__CPU 2/TCG
19:06:47     1000         -   1290097    0.00    0.00    0.00    0.00    0.00     2  |__CPU 3/TCG
19:06:48     1000   1290078         -  201.00    2.00    0.00    0.00  203.00     3  qemu-system-aar
19:06:48     1000         -   1290078    1.00    2.00    0.00    0.00    3.00     3  |__qemu-system-aar
19:06:48     1000         -   1290084    0.00    0.00    0.00    0.00    0.00    31  |__call_rcu
19:06:48     1000         -   1290093   99.00    1.00    0.00    0.00  100.00    16  |__CPU 0/TCG
19:06:48     1000         -   1290095    0.00    0.00    0.00    0.00    0.00     6  |__CPU 1/TCG
19:06:48     1000         -   1290096   99.00    1.00    0.00    0.00  100.00    20  |__CPU 2/TCG
19:06:48     1000         -   1290097    0.00    0.00    0.00    0.00    0.00     2  |__CPU 3/TCG
19:06:49     1000   1290078         -  203.00    1.00    0.00    0.00  204.00     7  qemu-system-aar
19:06:49     1000         -   1290078    2.00    2.00    0.00    0.00    4.00     7  |__qemu-system-aar
19:06:49     1000         -   1290084    0.00    0.00    0.00    0.00    0.00    31  |__call_rcu
19:06:49     1000         -   1290093  100.00    0.00    0.00    0.00  100.00    16  |__CPU 0/TCG
19:06:49     1000         -   1290095    1.00    0.00    0.00    0.00    1.00     5  |__CPU 1/TCG
19:06:49     1000         -   1290096   99.00    0.00    0.00    0.00   99.00    20  |__CPU 2/TCG
19:06:49     1000         -   1290097    0.00    0.00    0.00    0.00    0.00     2  |__CPU 3/TCG
19:06:50     1000   1290078         -  201.00    2.00    0.00    0.00  203.00    19  qemu-system-aar
19:06:50     1000         -   1290078    0.00    3.00    0.00    0.00    3.00    19  |__qemu-system-aar
19:06:50     1000         -   1290084    0.00    0.00    0.00    0.00    0.00    31  |__call_rcu
19:06:50     1000         -   1290093   99.00    0.00    0.00    0.00   99.00     0  |__CPU 0/TCG
19:06:50     1000         -   1290095    0.00    0.00    0.00    0.00    0.00    16  |__CPU 1/TCG
19:06:50     1000         -   1290096  100.00    1.00    0.00    0.00  101.00    20  |__CPU 2/TCG
19:06:50     1000         -   1290097    0.00    0.00    0.00    0.00    0.00     2  |__CPU 3/TCG
19:06:51     1000   1290078         -  201.00    2.00    0.00    0.00  203.00     1  qemu-system-aar
19:06:51     1000         -   1290078    2.00    2.00    0.00    0.00    4.00     1  |__qemu-system-aar
19:06:51     1000         -   1290084    0.00    0.00    0.00    0.00    0.00    31  |__call_rcu
19:06:51     1000         -   1290093   99.00    0.00    0.00    0.00   99.00     0  |__CPU 0/TCG
19:06:51     1000         -   1290095    1.00    0.00    0.00    0.00    1.00    16  |__CPU 1/TCG
19:06:51     1000         -   1290096   98.00    1.00    0.00    0.00   99.00    20  |__CPU 2/TCG
19:06:51     1000         -   1290097    0.00    0.00    0.00    0.00    0.00     2  |__CPU 3/TCG
19:06:52     1000   1290078         -  202.00    2.00    0.00    0.00  204.00    18  qemu-system-aar
19:06:52     1000         -   1290078    1.00    3.00    0.00    0.00    4.00    18  |__qemu-system-aar
19:06:52     1000         -   1290084    0.00    0.00    0.00    0.00    0.00    31  |__call_rcu
19:06:52     1000         -   1290093  100.00    0.00    0.00    0.00  100.00    16  |__CPU 0/TCG
19:06:52     1000         -   1290095    0.00    0.00    0.00    0.00    0.00     7  |__CPU 1/TCG
19:06:52     1000         -   1290096  100.00    0.00    0.00    0.00  100.00    20  |__CPU 2/TCG
19:06:52     1000         -   1290097    0.00    0.00    0.00    0.00    0.00     2  |__CPU 3/TCG
19:06:53     1000   1290078         -  201.00    3.00    0.00    0.00  204.00    18  qemu-system-aar
19:06:53     1000         -   1290078    0.00    3.00    0.00    0.00    3.00    18  |__qemu-system-aar
19:06:53     1000         -   1290084    0.00    0.00    0.00    0.00    0.00    31  |__call_rcu
19:06:53     1000         -   1290093   99.00    1.00    0.00    0.00  100.00    16  |__CPU 0/TCG
19:06:53     1000         -   1290095    1.00    0.00    0.00    0.00    1.00     7  |__CPU 1/TCG
19:06:53     1000         -   1290096   99.00    1.00    0.00    0.00  100.00    20  |__CPU 2/TCG
19:06:53     1000         -   1290097    0.00    0.00    0.00    0.00    0.00     2  |__CPU 3/TCG
19:06:54     1000   1290078         -  202.00    2.00    0.00    0.00  204.00    18  qemu-system-aar
19:06:54     1000         -   1290078    1.00    3.00    0.00    0.00    4.00    18  |__qemu-system-aar
19:06:54     1000         -   1290084    0.00    0.00    0.00    0.00    0.00    31  |__call_rcu
19:06:54     1000         -   1290093   99.00    0.00    0.00    0.00   99.00    16  |__CPU 0/TCG
19:06:54     1000         -   1290095    0.00    0.00    0.00    0.00    0.00     7  |__CPU 1/TCG
19:06:54     1000         -   1290096   99.00    1.00    0.00    0.00  100.00    20  |__CPU 2/TCG
19:06:54     1000         -   1290097    0.00    0.00    0.00    0.00    0.00     2  |__CPU 3/TCG
19:06:55     1000   1290078         -  202.00    2.00    0.00    0.00  204.00    18  qemu-system-aar
19:06:55     1000         -   1290078    3.00    1.00    0.00    0.00    4.00    18  |__qemu-system-aar
19:06:55     1000         -   1290084    0.00    0.00    0.00    0.00    0.00    31  |__call_rcu
19:06:55     1000         -   1290093   99.00    0.00    0.00    0.00   99.00    16  |__CPU 0/TCG
19:06:55     1000         -   1290095    1.00    0.00    0.00    0.00    1.00    17  |__CPU 1/TCG
19:06:55     1000         -   1290096   99.00    1.00    0.00    0.00  100.00    20  |__CPU 2/TCG
19:06:55     1000         -   1290097    0.00    0.00    0.00    0.00    0.00     2  |__CPU 3/TCG
19:06:56     1000   1290078         -  202.00    1.00    0.00    0.00  203.00    23  qemu-system-aar
19:06:56     1000         -   1290078    1.00    3.00    0.00    0.00    4.00    23  |__qemu-system-aar
19:06:56     1000         -   1290084    0.00    0.00    0.00    0.00    0.00    31  |__call_rcu
19:06:56     1000         -   1290093  100.00    0.00    0.00    0.00  100.00    16  |__CPU 0/TCG
19:06:56     1000         -   1290095    0.00    0.00    0.00    0.00    0.00    17  |__CPU 1/TCG
19:06:56     1000         -   1290096   99.00    0.00    0.00    0.00   99.00    20  |__CPU 2/TCG
19:06:56     1000         -   1290097    0.00    0.00    0.00    0.00    0.00     2  |__CPU 3/TCG
19:06:57     1000   1290078         -  201.00    3.00    0.00    0.00  204.00    23  qemu-system-aar
19:06:57     1000         -   1290078    1.00    3.00    0.00    0.00    4.00    23  |__qemu-system-aar
19:06:57     1000         -   1290084    0.00    0.00    0.00    0.00    0.00    31  |__call_rcu
19:06:57     1000         -   1290093   99.00    0.00    0.00    0.00   99.00    16  |__CPU 0/TCG
19:06:57     1000         -   1290095    1.00    0.00    0.00    0.00    1.00    17  |__CPU 1/TCG
19:06:57     1000         -   1290096   99.00    1.00    0.00    0.00  100.00    20  |__CPU 2/TCG
19:06:57     1000         -   1290097    0.00    0.00    0.00    0.00    0.00     2  |__CPU 3/TCG
19:06:58     1000   1290078         -  202.00    1.00    0.00    0.00  203.00    23  qemu-system-aar
19:06:58     1000         -   1290078    1.00    2.00    0.00    0.00    3.00    23  |__qemu-system-aar
19:06:58     1000         -   1290084    0.00    0.00    0.00    0.00    0.00    31  |__call_rcu
19:06:58     1000         -   1290093  100.00    0.00    0.00    0.00  100.00    16  |__CPU 0/TCG
19:06:58     1000         -   1290095    1.00    0.00    0.00    0.00    1.00    17  |__CPU 1/TCG
19:06:58     1000         -   1290096   99.00    1.00    0.00    0.00  100.00    20  |__CPU 2/TCG
19:06:58     1000         -   1290097    0.00    0.00    0.00    0.00    0.00     2  |__CPU 3/TCG
19:06:59     1000   1290078         -  200.00    4.00    0.00    0.00  204.00     7  qemu-system-aar
19:06:59     1000         -   1290078    1.00    3.00    0.00    0.00    4.00     7  |__qemu-system-aar
19:06:59     1000         -   1290084    0.00    0.00    0.00    0.00    0.00    31  |__call_rcu
19:06:59     1000         -   1290093   99.00    0.00    0.00    0.00   99.00    16  |__CPU 0/TCG
19:06:59     1000         -   1290095    0.00    0.00    0.00    0.00    0.00    17  |__CPU 1/TCG
19:06:59     1000         -   1290096   98.00    1.00    0.00    0.00   99.00    20  |__CPU 2/TCG
19:06:59     1000         -   1290097    0.00    0.00    0.00    0.00    0.00     2  |__CPU 3/TCG
19:07:00     1000   1290078         -  203.00    1.00    0.00    0.00  204.00     7  qemu-system-aar
19:07:00     1000         -   1290078    2.00    2.00    0.00    0.00    4.00     7  |__qemu-system-aar
19:07:00     1000         -   1290084    0.00    0.00    0.00    0.00    0.00    31  |__call_rcu
19:07:00     1000         -   1290093   99.00    0.00    0.00    0.00   99.00    16  |__CPU 0/TCG
19:07:00     1000         -   1290095    1.00    0.00    0.00    0.00    1.00    17  |__CPU 1/TCG
19:07:00     1000         -   1290096  100.00    1.00    0.00    0.00  101.00     4  |__CPU 2/TCG
19:07:00     1000         -   1290097    0.00    0.00    0.00    0.00    0.00     2  |__CPU 3/TCG
19:07:01     1000   1290078         -  201.00    2.00    0.00    0.00  203.00     7  qemu-system-aar
19:07:01     1000         -   1290078    1.00    3.00    0.00    0.00    4.00     7  |__qemu-system-aar
19:07:01     1000         -   1290084    0.00    0.00    0.00    0.00    0.00    31  |__call_rcu
19:07:01     1000         -   1290093   99.00    1.00    0.00    0.00  100.00    16  |__CPU 0/TCG
19:07:01     1000         -   1290095    0.00    0.00    0.00    0.00    0.00    17  |__CPU 1/TCG
19:07:01     1000         -   1290096   99.00    0.00    0.00    0.00   99.00     4  |__CPU 2/TCG
19:07:01     1000         -   1290097    0.00    0.00    0.00    0.00    0.00     2  |__CPU 3/TCG
19:07:02     1000   1290078         -  201.00    3.00    0.00    0.00  204.00     5  qemu-system-aar
19:07:02     1000         -   1290078    2.00    2.00    0.00    0.00    4.00     5  |__qemu-system-aar
19:07:02     1000         -   1290084    0.00    0.00    0.00    0.00    0.00    31  |__call_rcu
19:07:02     1000         -   1290093  100.00    0.00    0.00    0.00  100.00    16  |__CPU 0/TCG
19:07:02     1000         -   1290095    1.00    0.00    0.00    0.00    1.00    17  |__CPU 1/TCG
19:07:02     1000         -   1290096   99.00    1.00    0.00    0.00  100.00     4  |__CPU 2/TCG
19:07:02     1000         -   1290097    0.00    0.00    0.00    0.00    0.00     2  |__CPU 3/TCG
19:07:03     1000   1290078         -  202.00    1.00    0.00    0.00  203.00    17  qemu-system-aar
19:07:03     1000         -   1290078    1.00    2.00    0.00    0.00    3.00    17  |__qemu-system-aar
19:07:03     1000         -   1290084    0.00    0.00    0.00    0.00    0.00    31  |__call_rcu
19:07:03     1000         -   1290093   99.00    0.00    0.00    0.00   99.00    16  |__CPU 0/TCG
19:07:03     1000         -   1290095    0.00    1.00    0.00    0.00    1.00     7  |__CPU 1/TCG
19:07:03     1000         -   1290096   99.00    1.00    0.00    0.00  100.00     4  |__CPU 2/TCG
19:07:03     1000         -   1290097    0.00    0.00    0.00    0.00    0.00     2  |__CPU 3/TCG
19:07:04     1000   1290078         -  201.00    3.00    0.00    0.00  204.00    18  qemu-system-aar
19:07:04     1000         -   1290078    2.00    2.00    0.00    0.00    4.00    18  |__qemu-system-aar
19:07:04     1000         -   1290084    0.00    0.00    0.00    0.00    0.00    31  |__call_rcu
19:07:04     1000         -   1290093   99.00    0.00    0.00    0.00   99.00    16  |__CPU 0/TCG
19:07:04     1000         -   1290095    1.00    0.00    0.00    0.00    1.00    19  |__CPU 1/TCG
19:07:04     1000         -   1290096   99.00    1.00    0.00    0.00  100.00     4  |__CPU 2/TCG
19:07:04     1000         -   1290097    0.00    0.00    0.00    0.00    0.00     2  |__CPU 3/TCG
19:07:05     1000   1290078         -  202.00    2.00    0.00    0.00  204.00     7  qemu-system-aar
19:07:05     1000         -   1290078    1.00    3.00    0.00    0.00    4.00     7  |__qemu-system-aar
19:07:05     1000         -   1290084    0.00    0.00    0.00    0.00    0.00    31  |__call_rcu
19:07:05     1000         -   1290093   99.00    1.00    0.00    0.00  100.00     0  |__CPU 0/TCG
19:07:05     1000         -   1290095    1.00    0.00    0.00    0.00    1.00    19  |__CPU 1/TCG
19:07:05     1000         -   1290096   99.00    1.00    0.00    0.00  100.00     4  |__CPU 2/TCG
19:07:05     1000         -   1290097    0.00    0.00    0.00    0.00    0.00     2  |__CPU 3/TCG
19:07:06     1000   1290078         -  202.00    1.00    0.00    0.00  203.00     7  qemu-system-aar
19:07:06     1000         -   1290078    1.00    2.00    0.00    0.00    3.00     7  |__qemu-system-aar
19:07:06     1000         -   1290084    0.00    0.00    0.00    0.00    0.00    31  |__call_rcu
19:07:06     1000         -   1290093  100.00    0.00    0.00    0.00  100.00     0  |__CPU 0/TCG
19:07:06     1000         -   1290095    0.00    0.00    0.00    0.00    0.00    19  |__CPU 1/TCG
19:07:06     1000         -   1290096  100.00    0.00    0.00    0.00  100.00     4  |__CPU 2/TCG
19:07:06     1000         -   1290097    0.00    0.00    0.00    0.00    0.00     2  |__CPU 3/TCG
19:07:07     1000   1290078         -  201.00    3.00    0.00    0.00  204.00    23  qemu-system-aar
19:07:07     1000         -   1290078    2.00    2.00    0.00    0.00    4.00    23  |__qemu-system-aar
19:07:07     1000         -   1290084    0.00    0.00    0.00    0.00    0.00    31  |__call_rcu
19:07:07     1000         -   1290093   99.00    0.00    0.00    0.00   99.00     0  |__CPU 0/TCG
19:07:07     1000         -   1290095    1.00    0.00    0.00    0.00    1.00     7  |__CPU 1/TCG
19:07:07     1000         -   1290096   98.00    1.00    0.00    0.00   99.00     4  |__CPU 2/TCG
19:07:07     1000         -   1290097    0.00    0.00    0.00    0.00    0.00     2  |__CPU 3/TCG
19:07:08     1000   1290078         -  201.00    2.00    0.00    0.00  203.00     3  qemu-system-aar
19:07:08     1000         -   1290078    1.00    3.00    0.00    0.00    4.00     3  |__qemu-system-aar
19:07:08     1000         -   1290084    0.00    0.00    0.00    0.00    0.00    31  |__call_rcu
19:07:08     1000         -   1290093   99.00    0.00    0.00    0.00   99.00     0  |__CPU 0/TCG
19:07:08     1000         -   1290095    0.00    0.00    0.00    0.00    0.00    19  |__CPU 1/TCG
19:07:08     1000         -   1290096   99.00    2.00    0.00    0.00  101.00     4  |__CPU 2/TCG
19:07:08     1000         -   1290097    0.00    0.00    0.00    0.00    0.00     2  |__CPU 3/TCG
19:07:09     1000   1290078         -  201.00    2.00    0.00    0.00  203.00     3  qemu-system-aar
19:07:09     1000         -   1290078    1.00    2.00    0.00    0.00    3.00     3  |__qemu-system-aar
19:07:09     1000         -   1290084    0.00    0.00    0.00    0.00    0.00    31  |__call_rcu
19:07:09     1000         -   1290093  100.00    0.00    0.00    0.00  100.00     0  |__CPU 0/TCG
19:07:09     1000         -   1290095    0.00    0.00    0.00    0.00    0.00    19  |__CPU 1/TCG
19:07:09     1000         -   1290096   99.00    0.00    0.00    0.00   99.00     4  |__CPU 2/TCG
19:07:09     1000         -   1290097    0.00    0.00    0.00    0.00    0.00     2  |__CPU 3/TCG
19:07:10     1000   1290078         -  201.00    3.00    0.00    0.00  204.00    23  qemu-system-aar
19:07:10     1000         -   1290078    2.00    3.00    0.00    0.00    5.00    23  |__qemu-system-aar
19:07:10     1000         -   1290084    0.00    0.00    0.00    0.00    0.00    31  |__call_rcu
19:07:10     1000         -   1290093   99.00    0.00    0.00    0.00   99.00     0  |__CPU 0/TCG
19:07:10     1000         -   1290095    1.00    0.00    0.00    0.00    1.00     2  |__CPU 1/TCG
19:07:10     1000         -   1290096   98.00    2.00    0.00    0.00  100.00     4  |__CPU 2/TCG
19:07:10     1000         -   1290097    0.00    0.00    0.00    0.00    0.00     2  |__CPU 3/TCG
19:07:11     1000   1290078         -  201.00    3.00    0.00    0.00  204.00    19  qemu-system-aar
19:07:11     1000         -   1290078    1.00    2.00    0.00    0.00    3.00    19  |__qemu-system-aar
19:07:11     1000         -   1290084    0.00    0.00    0.00    0.00    0.00    31  |__call_rcu
19:07:11     1000         -   1290093   99.00    0.00    0.00    0.00   99.00    16  |__CPU 0/TCG
19:07:11     1000         -   1290095    0.00    0.00    0.00    0.00    0.00     3  |__CPU 1/TCG
19:07:11     1000         -   1290096   99.00    1.00    0.00    0.00  100.00     4  |__CPU 2/TCG
19:07:11     1000         -   1290097    0.00    0.00    0.00    0.00    0.00     2  |__CPU 3/TCG
19:07:12     1000   1290078         -  201.00    2.00    0.00    0.00  203.00    23  qemu-system-aar
19:07:12     1000         -   1290078    2.00    2.00    0.00    0.00    4.00    23  |__qemu-system-aar
19:07:12     1000         -   1290084    0.00    0.00    0.00    0.00    0.00    31  |__call_rcu
19:07:12     1000         -   1290093   99.00    1.00    0.00    0.00  100.00    16  |__CPU 0/TCG
19:07:12     1000         -   1290095    1.00    0.00    0.00    0.00    1.00     3  |__CPU 1/TCG
19:07:12     1000         -   1290096   98.00    1.00    0.00    0.00   99.00     4  |__CPU 2/TCG
19:07:12     1000         -   1290097    0.00    0.00    0.00    0.00    0.00     2  |__CPU 3/TCG
19:07:13     1000   1290078         -  202.00    2.00    0.00    0.00  204.00    22  qemu-system-aar
19:07:13     1000         -   1290078    1.00    3.00    0.00    0.00    4.00    22  |__qemu-system-aar
19:07:13     1000         -   1290084    0.00    0.00    0.00    0.00    0.00    31  |__call_rcu
19:07:13     1000         -   1290093  100.00    0.00    0.00    0.00  100.00    16  |__CPU 0/TCG
19:07:13     1000         -   1290095    0.00    0.00    0.00    0.00    0.00     3  |__CPU 1/TCG
19:07:13     1000         -   1290096  100.00    1.00    0.00    0.00  101.00     4  |__CPU 2/TCG
19:07:13     1000         -   1290097    0.00    0.00    0.00    0.00    0.00     2  |__CPU 3/TCG
19:07:14     1000   1290078         -  201.00    2.00    0.00    0.00  203.00     3  qemu-system-aar
19:07:14     1000         -   1290078    1.00    3.00    0.00    0.00    4.00     3  |__qemu-system-aar
19:07:14     1000         -   1290084    0.00    0.00    0.00    0.00    0.00    31  |__call_rcu
19:07:14     1000         -   1290093   99.00    0.00    0.00    0.00   99.00    16  |__CPU 0/TCG
19:07:14     1000         -   1290095    1.00    0.00    0.00    0.00    1.00     2  |__CPU 1/TCG
19:07:14     1000         -   1290096   99.00    1.00    0.00    0.00  100.00     4  |__CPU 2/TCG
19:07:14     1000         -   1290097    0.00    0.00    0.00    0.00    0.00     2  |__CPU 3/TCG
19:07:15     1000   1290078         -  201.00    3.00    0.00    0.00  204.00     6  qemu-system-aar
19:07:15     1000         -   1290078    0.00    3.00    0.00    0.00    3.00     6  |__qemu-system-aar
19:07:15     1000         -   1290084    0.00    0.00    0.00    0.00    0.00    31  |__call_rcu
19:07:15     1000         -   1290093   99.00    0.00    0.00    0.00   99.00    16  |__CPU 0/TCG
19:07:15     1000         -   1290095    1.00    0.00    0.00    0.00    1.00     7  |__CPU 1/TCG
19:07:15     1000         -   1290096   99.00    0.00    0.00    0.00   99.00     4  |__CPU 2/TCG
19:07:15     1000         -   1290097    0.00    0.00    0.00    0.00    0.00     2  |__CPU 3/TCG
19:07:16     1000   1290078         -  202.00    1.00    0.00    0.00  203.00     6  qemu-system-aar
19:07:16     1000         -   1290078    2.00    2.00    0.00    0.00    4.00     6  |__qemu-system-aar
19:07:16     1000         -   1290084    0.00    0.00    0.00    0.00    0.00    31  |__call_rcu
19:07:16     1000         -   1290093   99.00    0.00    0.00    0.00   99.00    16  |__CPU 0/TCG
19:07:16     1000         -   1290095    0.00    0.00    0.00    0.00    0.00     7  |__CPU 1/TCG
19:07:16     1000         -   1290096  100.00    0.00    0.00    0.00  100.00    20  |__CPU 2/TCG
19:07:16     1000         -   1290097    0.00    0.00    0.00    0.00    0.00     2  |__CPU 3/TCG
19:07:17     1000   1290078         -  202.00    2.00    0.00    0.00  204.00    19  qemu-system-aar
19:07:17     1000         -   1290078    1.00    3.00    0.00    0.00    4.00    19  |__qemu-system-aar
19:07:17     1000         -   1290084    0.00    0.00    0.00    0.00    0.00    31  |__call_rcu
19:07:17     1000         -   1290093  100.00    0.00    0.00    0.00  100.00    16  |__CPU 0/TCG
19:07:17     1000         -   1290095    1.00    0.00    0.00    0.00    1.00     3  |__CPU 1/TCG
19:07:17     1000         -   1290096   99.00    1.00    0.00    0.00  100.00     4  |__CPU 2/TCG
19:07:17     1000         -   1290097    0.00    0.00    0.00    0.00    0.00     2  |__CPU 3/TCG
19:07:18     1000   1290078         -  201.00    2.00    0.00    0.00  203.00    21  qemu-system-aar
19:07:18     1000         -   1290078    1.00    3.00    0.00    0.00    4.00    21  |__qemu-system-aar
19:07:18     1000         -   1290084    0.00    0.00    0.00    0.00    0.00    31  |__call_rcu
19:07:18     1000         -   1290093   99.00    0.00    0.00    0.00   99.00    16  |__CPU 0/TCG
19:07:18     1000         -   1290095    0.00    0.00    0.00    0.00    0.00     7  |__CPU 1/TCG
19:07:18     1000         -   1290096   99.00    1.00    0.00    0.00  100.00    20  |__CPU 2/TCG
19:07:18     1000         -   1290097    0.00    0.00    0.00    0.00    0.00     2  |__CPU 3/TCG
19:07:19     1000   1290078         -  202.00    2.00    0.00    0.00  204.00    21  qemu-system-aar
19:07:19     1000         -   1290078    2.00    2.00    0.00    0.00    4.00    21  |__qemu-system-aar
19:07:19     1000         -   1290084    0.00    0.00    0.00    0.00    0.00    31  |__call_rcu
19:07:19     1000         -   1290093   99.00    1.00    0.00    0.00  100.00    16  |__CPU 0/TCG
19:07:19     1000         -   1290095    1.00    0.00    0.00    0.00    1.00     7  |__CPU 1/TCG
19:07:19     1000         -   1290096   99.00    0.00    0.00    0.00   99.00    20  |__CPU 2/TCG
19:07:19     1000         -   1290097    0.00    0.00    0.00    0.00    0.00     2  |__CPU 3/TCG
19:07:20     1000   1290078         -  202.00    1.00    0.00    0.00  203.00    21  qemu-system-aar
19:07:20     1000         -   1290078    2.00    1.00    0.00    0.00    3.00    21  |__qemu-system-aar
19:07:20     1000         -   1290084    0.00    0.00    0.00    0.00    0.00    31  |__call_rcu
19:07:20     1000         -   1290093  100.00    0.00    0.00    0.00  100.00    16  |__CPU 0/TCG
19:07:20     1000         -   1290095    0.00    0.00    0.00    0.00    0.00     7  |__CPU 1/TCG
19:07:20     1000         -   1290096   99.00    1.00    0.00    0.00  100.00    20  |__CPU 2/TCG
19:07:20     1000         -   1290097    0.00    0.00    0.00    0.00    0.00     2  |__CPU 3/TCG
19:07:21     1000   1290078         -  202.00    2.00    0.00    0.00  204.00     2  qemu-system-aar
19:07:21     1000         -   1290078    1.00    3.00    0.00    0.00    4.00     2  |__qemu-system-aar
19:07:21     1000         -   1290084    0.00    0.00    0.00    0.00    0.00    31  |__call_rcu
19:07:21     1000         -   1290093   99.00    0.00    0.00    0.00   99.00     0  |__CPU 0/TCG
19:07:21     1000         -   1290095    1.00    0.00    0.00    0.00    1.00     7  |__CPU 1/TCG
19:07:21     1000         -   1290096   99.00    1.00    0.00    0.00  100.00    20  |__CPU 2/TCG
19:07:21     1000         -   1290097    0.00    0.00    0.00    0.00    0.00     2  |__CPU 3/TCG
19:07:22     1000   1290078         -  201.00    3.00    0.00    0.00  204.00     7  qemu-system-aar
19:07:22     1000         -   1290078    1.00    3.00    0.00    0.00    4.00     7  |__qemu-system-aar
19:07:22     1000         -   1290084    0.00    0.00    0.00    0.00    0.00    31  |__call_rcu
19:07:22     1000         -   1290093   99.00    0.00    0.00    0.00   99.00     0  |__CPU 0/TCG
19:07:22     1000         -   1290095    0.00    0.00    0.00    0.00    0.00     3  |__CPU 1/TCG
19:07:22     1000         -   1290096  100.00    0.00    0.00    0.00  100.00    20  |__CPU 2/TCG
19:07:22     1000         -   1290097    0.00    0.00    0.00    0.00    0.00     2  |__CPU 3/TCG
19:07:23     1000   1290078         -  201.00    2.00    0.00    0.00  203.00    19  qemu-system-aar
19:07:23     1000         -   1290078    1.00    2.00    0.00    0.00    3.00    19  |__qemu-system-aar
19:07:23     1000         -   1290084    0.00    0.00    0.00    0.00    0.00    31  |__call_rcu
19:07:23     1000         -   1290093  100.00    0.00    0.00    0.00  100.00     0  |__CPU 0/TCG
19:07:23     1000         -   1290095    1.00    0.00    0.00    0.00    1.00     7  |__CPU 1/TCG
19:07:23     1000         -   1290096   99.00    1.00    0.00    0.00  100.00    20  |__CPU 2/TCG
19:07:23     1000         -   1290097    0.00    0.00    0.00    0.00    0.00     2  |__CPU 3/TCG
19:07:24     1000   1290078         -  202.00    2.00    0.00    0.00  204.00    18  qemu-system-aar
19:07:24     1000         -   1290078    2.00    2.00    0.00    0.00    4.00    18  |__qemu-system-aar
19:07:24     1000         -   1290084    0.00    0.00    0.00    0.00    0.00    31  |__call_rcu
19:07:24     1000         -   1290093   99.00    0.00    0.00    0.00   99.00    16  |__CPU 0/TCG
19:07:24     1000         -   1290095    0.00    0.00    0.00    0.00    0.00     7  |__CPU 1/TCG
19:07:24     1000         -   1290096   99.00    1.00    0.00    0.00  100.00    20  |__CPU 2/TCG
19:07:24     1000         -   1290097    0.00    0.00    0.00    0.00    0.00     2  |__CPU 3/TCG
19:07:25     1000   1290078         -  200.00    3.00    0.00    0.00  203.00    19  qemu-system-aar
19:07:25     1000         -   1290078    0.00    3.00    0.00    0.00    3.00    19  |__qemu-system-aar
19:07:25     1000         -   1290084    0.00    0.00    0.00    0.00    0.00    31  |__call_rcu
19:07:25     1000         -   1290093   99.00    1.00    0.00    0.00  100.00    16  |__CPU 0/TCG
19:07:25     1000         -   1290095    1.00    0.00    0.00    0.00    1.00     7  |__CPU 1/TCG
19:07:25     1000         -   1290096   98.00    1.00    0.00    0.00   99.00    20  |__CPU 2/TCG
19:07:25     1000         -   1290097    0.00    0.00    0.00    0.00    0.00     2  |__CPU 3/TCG
19:07:26     1000   1290078         -  202.00    2.00    0.00    0.00  204.00    18  qemu-system-aar
19:07:26     1000         -   1290078    2.00    3.00    0.00    0.00    5.00    18  |__qemu-system-aar
19:07:26     1000         -   1290084    0.00    0.00    0.00    0.00    0.00    31  |__call_rcu
19:07:26     1000         -   1290093   99.00    0.00    0.00    0.00   99.00    16  |__CPU 0/TCG
19:07:26     1000         -   1290095    1.00    0.00    0.00    0.00    1.00     1  |__CPU 1/TCG
19:07:26     1000         -   1290096   99.00    1.00    0.00    0.00  100.00    20  |__CPU 2/TCG
19:07:26     1000         -   1290097    0.00    0.00    0.00    0.00    0.00     2  |__CPU 3/TCG
19:07:27     1000   1290078         -  201.00    2.00    0.00    0.00  203.00     5  qemu-system-aar
19:07:27     1000         -   1290078    1.00    2.00    0.00    0.00    3.00     5  |__qemu-system-aar
19:07:27     1000         -   1290084    0.00    0.00    0.00    0.00    0.00    31  |__call_rcu
19:07:27     1000         -   1290093   99.00    0.00    0.00    0.00   99.00    16  |__CPU 0/TCG
19:07:27     1000         -   1290095    0.00    0.00    0.00    0.00    0.00     7  |__CPU 1/TCG
19:07:27     1000         -   1290096   99.00    1.00    0.00    0.00  100.00    20  |__CPU 2/TCG
19:07:27     1000         -   1290097    0.00    0.00    0.00    0.00    0.00     2  |__CPU 3/TCG
19:07:28     1000   1290078         -  202.00    1.00    0.00    0.00  203.00    19  qemu-system-aar
19:07:28     1000         -   1290078    2.00    2.00    0.00    0.00    4.00    19  |__qemu-system-aar
19:07:28     1000         -   1290084    0.00    0.00    0.00    0.00    0.00    31  |__call_rcu
19:07:28     1000         -   1290093  100.00    0.00    0.00    0.00  100.00    16  |__CPU 0/TCG
19:07:28     1000         -   1290095    1.00    0.00    0.00    0.00    1.00     7  |__CPU 1/TCG
19:07:28     1000         -   1290096   99.00    1.00    0.00    0.00  100.00    20  |__CPU 2/TCG
19:07:28     1000         -   1290097    0.00    0.00    0.00    0.00    0.00     2  |__CPU 3/TCG
19:07:29     1000   1290078         -  201.00    3.00    0.00    0.00  204.00    21  qemu-system-aar
19:07:29     1000         -   1290078    1.00    3.00    0.00    0.00    4.00    21  |__qemu-system-aar
19:07:29     1000         -   1290084    0.00    0.00    0.00    0.00    0.00    31  |__call_rcu
19:07:29     1000         -   1290093   99.00    0.00    0.00    0.00   99.00    16  |__CPU 0/TCG
19:07:29     1000         -   1290095    0.00    0.00    0.00    0.00    0.00     7  |__CPU 1/TCG
19:07:29     1000         -   1290096  100.00    0.00    0.00    0.00  100.00    20  |__CPU 2/TCG
19:07:29     1000         -   1290097    0.00    0.00    0.00    0.00    0.00     2  |__CPU 3/TCG
19:07:30     1000   1290078         -  203.00    1.00    0.00    0.00  204.00     5  qemu-system-aar
19:07:30     1000         -   1290078    1.00    3.00    0.00    0.00    4.00     5  |__qemu-system-aar
19:07:30     1000         -   1290084    0.00    0.00    0.00    0.00    0.00    31  |__call_rcu
19:07:30     1000         -   1290093   99.00    0.00    0.00    0.00   99.00    16  |__CPU 0/TCG
19:07:30     1000         -   1290095    1.00    0.00    0.00    0.00    1.00     7  |__CPU 1/TCG
19:07:30     1000         -   1290096   99.00    0.00    0.00    0.00   99.00    20  |__CPU 2/TCG
19:07:30     1000         -   1290097    0.00    0.00    0.00    0.00    0.00     2  |__CPU 3/TCG
19:07:31     1000   1290078         -  201.00    3.00    0.00    0.00  204.00    17  qemu-system-aar
19:07:31     1000         -   1290078    1.00    2.00    0.00    0.00    3.00    17  |__qemu-system-aar
19:07:31     1000         -   1290084    0.00    0.00    0.00    0.00    0.00    31  |__call_rcu
19:07:31     1000         -   1290093   99.00    1.00    0.00    0.00  100.00    16  |__CPU 0/TCG
19:07:31     1000         -   1290095    0.00    0.00    0.00    0.00    0.00     1  |__CPU 1/TCG
19:07:31     1000         -   1290096   99.00    1.00    0.00    0.00  100.00    20  |__CPU 2/TCG
19:07:31     1000         -   1290097    0.00    0.00    0.00    0.00    0.00     2  |__CPU 3/TCG
19:07:32     1000   1290078         -  201.00    2.00    0.00    0.00  203.00    18  qemu-system-aar
19:07:32     1000         -   1290078    1.00    3.00    0.00    0.00    4.00    18  |__qemu-system-aar
19:07:32     1000         -   1290084    0.00    0.00    0.00    0.00    0.00    31  |__call_rcu
19:07:32     1000         -   1290093   99.00    0.00    0.00    0.00   99.00    16  |__CPU 0/TCG
19:07:32     1000         -   1290095    1.00    0.00    0.00    0.00    1.00     7  |__CPU 1/TCG
19:07:32     1000         -   1290096  100.00    1.00    0.00    0.00  101.00     4  |__CPU 2/TCG
19:07:32     1000         -   1290097    0.00    0.00    0.00    0.00    0.00     2  |__CPU 3/TCG
19:07:33     1000   1290078         -  202.00    1.00    0.00    0.00  203.00    21  qemu-system-aar
19:07:33     1000         -   1290078    2.00    1.00    0.00    0.00    3.00    21  |__qemu-system-aar
19:07:33     1000         -   1290084    0.00    0.00    0.00    0.00    0.00    31  |__call_rcu
19:07:33     1000         -   1290093   99.00    0.00    0.00    0.00   99.00    16  |__CPU 0/TCG
19:07:33     1000         -   1290095    0.00    0.00    0.00    0.00    0.00     7  |__CPU 1/TCG
19:07:33     1000         -   1290096   99.00    0.00    0.00    0.00   99.00    20  |__CPU 2/TCG
19:07:33     1000         -   1290097    0.00    0.00    0.00    0.00    0.00     2  |__CPU 3/TCG
19:07:34     1000   1290078         -  201.00    3.00    0.00    0.00  204.00    21  qemu-system-aar
19:07:34     1000         -   1290078    1.00    4.00    0.00    0.00    5.00    21  |__qemu-system-aar
19:07:34     1000         -   1290084    0.00    0.00    0.00    0.00    0.00    31  |__call_rcu
19:07:34     1000         -   1290093  100.00    0.00    0.00    0.00  100.00    16  |__CPU 0/TCG
19:07:34     1000         -   1290095    1.00    0.00    0.00    0.00    1.00     7  |__CPU 1/TCG
19:07:34     1000         -   1290096   99.00    1.00    0.00    0.00  100.00    20  |__CPU 2/TCG
19:07:34     1000         -   1290097    0.00    0.00    0.00    0.00    0.00     2  |__CPU 3/TCG
19:07:35     1000   1290078         -  202.00    2.00    0.00    0.00  204.00     5  qemu-system-aar
19:07:35     1000         -   1290078    1.00    2.00    0.00    0.00    3.00     5  |__qemu-system-aar
19:07:35     1000         -   1290084    0.00    0.00    0.00    0.00    0.00    31  |__call_rcu
19:07:35     1000         -   1290093   99.00    1.00    0.00    0.00  100.00     0  |__CPU 0/TCG
19:07:35     1000         -   1290095    0.00    0.00    0.00    0.00    0.00     7  |__CPU 1/TCG
19:07:35     1000         -   1290096   99.00    0.00    0.00    0.00   99.00    20  |__CPU 2/TCG
19:07:35     1000         -   1290097    0.00    0.00    0.00    0.00    0.00     2  |__CPU 3/TCG
19:07:36     1000   1290078         -  201.00    2.00    0.00    0.00  203.00    17  qemu-system-aar
19:07:36     1000         -   1290078    1.00    3.00    0.00    0.00    4.00    17  |__qemu-system-aar
19:07:36     1000         -   1290084    0.00    0.00    0.00    0.00    0.00    31  |__call_rcu
19:07:36     1000         -   1290093   99.00    0.00    0.00    0.00   99.00     0  |__CPU 0/TCG
19:07:36     1000         -   1290095    1.00    0.00    0.00    0.00    1.00     6  |__CPU 1/TCG
19:07:36     1000         -   1290096   99.00    2.00    0.00    0.00  101.00    20  |__CPU 2/TCG
19:07:36     1000         -   1290097    0.00    0.00    0.00    0.00    0.00     2  |__CPU 3/TCG
19:07:37     1000   1290078         -  201.00    2.00    0.00    0.00  203.00    17  qemu-system-aar
19:07:37     1000         -   1290078    2.00    2.00    0.00    0.00    4.00    17  |__qemu-system-aar
19:07:37     1000         -   1290084    0.00    0.00    0.00    0.00    0.00    31  |__call_rcu
19:07:37     1000         -   1290093   99.00    0.00    0.00    0.00   99.00     0  |__CPU 0/TCG
19:07:37     1000         -   1290095    0.00    0.00    0.00    0.00    0.00     6  |__CPU 1/TCG
19:07:37     1000         -   1290096   99.00    1.00    0.00    0.00  100.00    20  |__CPU 2/TCG
19:07:37     1000         -   1290097    0.00    0.00    0.00    0.00    0.00     2  |__CPU 3/TCG
19:07:38     1000   1290078         -  201.00    3.00    0.00    0.00  204.00     2  qemu-system-aar
19:07:38     1000         -   1290078    0.00    3.00    0.00    0.00    3.00     2  |__qemu-system-aar
19:07:38     1000         -   1290084    0.00    0.00    0.00    0.00    0.00    31  |__call_rcu
19:07:38     1000         -   1290093   99.00    0.00    0.00    0.00   99.00     0  |__CPU 0/TCG
19:07:38     1000         -   1290095    1.00    0.00    0.00    0.00    1.00     6  |__CPU 1/TCG
19:07:38     1000         -   1290096   99.00    0.00    0.00    0.00   99.00    20  |__CPU 2/TCG
19:07:38     1000         -   1290097    0.00    0.00    0.00    0.00    0.00     2  |__CPU 3/TCG
19:07:39     1000   1290078         -  202.00    2.00    0.00    0.00  204.00     2  qemu-system-aar
19:07:39     1000         -   1290078    1.00    3.00    0.00    0.00    4.00     2  |__qemu-system-aar
19:07:39     1000         -   1290084    0.00    0.00    0.00    0.00    0.00    31  |__call_rcu
19:07:39     1000         -   1290093   99.00    1.00    0.00    0.00  100.00     0  |__CPU 0/TCG
19:07:39     1000         -   1290095    0.00    0.00    0.00    0.00    0.00     6  |__CPU 1/TCG
19:07:39     1000         -   1290096   99.00    1.00    0.00    0.00  100.00    20  |__CPU 2/TCG
19:07:39     1000         -   1290097    0.00    0.00    0.00    0.00    0.00     2  |__CPU 3/TCG
19:07:40     1000   1290078         -  201.00    3.00    0.00    0.00  204.00     2  qemu-system-aar
19:07:40     1000         -   1290078    1.00    3.00    0.00    0.00    4.00     2  |__qemu-system-aar
19:07:40     1000         -   1290084    0.00    0.00    0.00    0.00    0.00    31  |__call_rcu
19:07:40     1000         -   1290093  100.00    0.00    0.00    0.00  100.00     0  |__CPU 0/TCG
19:07:40     1000         -   1290095    1.00    0.00    0.00    0.00    1.00     3  |__CPU 1/TCG
19:07:40     1000         -   1290096   99.00    1.00    0.00    0.00  100.00    20  |__CPU 2/TCG
19:07:40     1000         -   1290097    0.00    0.00    0.00    0.00    0.00     2  |__CPU 3/TCG
19:07:41     1000   1290078         -  202.00    1.00    0.00    0.00  203.00     2  qemu-system-aar
19:07:41     1000         -   1290078    2.00    2.00    0.00    0.00    4.00     2  |__qemu-system-aar
19:07:41     1000         -   1290084    0.00    0.00    0.00    0.00    0.00    31  |__call_rcu
19:07:41     1000         -   1290093   99.00    0.00    0.00    0.00   99.00    16  |__CPU 0/TCG
19:07:41     1000         -   1290095    0.00    0.00    0.00    0.00    0.00     3  |__CPU 1/TCG
19:07:41     1000         -   1290096   99.00    1.00    0.00    0.00  100.00    20  |__CPU 2/TCG
19:07:41     1000         -   1290097    0.00    0.00    0.00    0.00    0.00     2  |__CPU 3/TCG
19:07:42     1000   1290078         -  202.00    1.00    0.00    0.00  203.00     3  qemu-system-aar
19:07:42     1000         -   1290078    1.00    2.00    0.00    0.00    3.00     3  |__qemu-system-aar
19:07:42     1000         -   1290084    0.00    0.00    0.00    0.00    0.00    31  |__call_rcu
19:07:42     1000         -   1290093   99.00    0.00    0.00    0.00   99.00    16  |__CPU 0/TCG
19:07:42     1000         -   1290095    1.00    0.00    0.00    0.00    1.00     1  |__CPU 1/TCG
19:07:42     1000         -   1290096  100.00    0.00    0.00    0.00  100.00    20  |__CPU 2/TCG
19:07:42     1000         -   1290097    0.00    0.00    0.00    0.00    0.00     2  |__CPU 3/TCG
19:07:43     1000   1290078         -  202.00    2.00    0.00    0.00  204.00    22  qemu-system-aar
19:07:43     1000         -   1290078    2.00    2.00    0.00    0.00    4.00    22  |__qemu-system-aar
19:07:43     1000         -   1290084    0.00    0.00    0.00    0.00    0.00    31  |__call_rcu
19:07:43     1000         -   1290093   99.00    1.00    0.00    0.00  100.00    16  |__CPU 0/TCG
19:07:43     1000         -   1290095    0.00    0.00    0.00    0.00    0.00     1  |__CPU 1/TCG
19:07:43     1000         -   1290096   99.00    1.00    0.00    0.00  100.00    20  |__CPU 2/TCG
19:07:43     1000         -   1290097    0.00    0.00    0.00    0.00    0.00     2  |__CPU 3/TCG
19:07:44     1000   1290078         -  201.00    2.00    0.00    0.00  203.00    23  qemu-system-aar
19:07:44     1000         -   1290078    2.00    2.00    0.00    0.00    4.00    23  |__qemu-system-aar
19:07:44     1000         -   1290084    0.00    0.00    0.00    0.00    0.00    31  |__call_rcu
19:07:44     1000         -   1290093   99.00    0.00    0.00    0.00   99.00    16  |__CPU 0/TCG
19:07:44     1000         -   1290095    1.00    0.00    0.00    0.00    1.00     3  |__CPU 1/TCG
19:07:44     1000         -   1290096   99.00    0.00    0.00    0.00   99.00    20  |__CPU 2/TCG
19:07:44     1000         -   1290097    0.00    0.00    0.00    0.00    0.00     2  |__CPU 3/TCG
19:07:45     1000   1290078         -  202.00    2.00    0.00    0.00  204.00     2  qemu-system-aar
19:07:45     1000         -   1290078    1.00    3.00    0.00    0.00    4.00     2  |__qemu-system-aar
19:07:45     1000         -   1290084    0.00    0.00    0.00    0.00    0.00    31  |__call_rcu
19:07:45     1000         -   1290093  100.00    0.00    0.00    0.00  100.00    16  |__CPU 0/TCG
19:07:45     1000         -   1290095    1.00    0.00    0.00    0.00    1.00     3  |__CPU 1/TCG
19:07:45     1000         -   1290096  100.00    0.00    0.00    0.00  100.00    20  |__CPU 2/TCG
19:07:45     1000         -   1290097    0.00    0.00    0.00    0.00    0.00     2  |__CPU 3/TCG
19:07:46     1000   1290078         -  202.00    2.00    0.00    0.00  204.00    17  qemu-system-aar
19:07:46     1000         -   1290078    0.00    3.00    0.00    0.00    3.00    17  |__qemu-system-aar
19:07:46     1000         -   1290084    0.00    0.00    0.00    0.00    0.00    31  |__call_rcu
19:07:46     1000         -   1290093   99.00    0.00    0.00    0.00   99.00    16  |__CPU 0/TCG
19:07:46     1000         -   1290095    0.00    0.00    0.00    0.00    0.00     1  |__CPU 1/TCG
19:07:46     1000         -   1290096   99.00    1.00    0.00    0.00  100.00    20  |__CPU 2/TCG
19:07:46     1000         -   1290097    0.00    0.00    0.00    0.00    0.00     2  |__CPU 3/TCG
19:07:47     1000   1290078         -  200.00    3.00    0.00    0.00  203.00     6  qemu-system-aar
19:07:47     1000         -   1290078    1.00    3.00    0.00    0.00    4.00     6  |__qemu-system-aar
19:07:47     1000         -   1290084    0.00    0.00    0.00    0.00    0.00    31  |__call_rcu
19:07:47     1000         -   1290093   99.00    0.00    0.00    0.00   99.00    16  |__CPU 0/TCG
19:07:47     1000         -   1290095    0.00    0.00    0.00    0.00    0.00     1  |__CPU 1/TCG
19:07:47     1000         -   1290096   98.00    1.00    0.00    0.00   99.00    20  |__CPU 2/TCG
19:07:47     1000         -   1290097    0.00    0.00    0.00    0.00    0.00     2  |__CPU 3/TCG
19:07:48     1000   1290078         -  202.00    1.00    0.00    0.00  203.00     2  qemu-system-aar
19:07:48     1000         -   1290078    1.00    3.00    0.00    0.00    4.00     2  |__qemu-system-aar
19:07:48     1000         -   1290084    0.00    0.00    0.00    0.00    0.00    31  |__call_rcu
19:07:48     1000         -   1290093   99.00    0.00    0.00    0.00   99.00    16  |__CPU 0/TCG
19:07:48     1000         -   1290095    1.00    0.00    0.00    0.00    1.00     1  |__CPU 1/TCG
19:07:48     1000         -   1290096  100.00    1.00    0.00    0.00  101.00    20  |__CPU 2/TCG
19:07:48     1000         -   1290097    0.00    0.00    0.00    0.00    0.00     2  |__CPU 3/TCG
19:07:49     1000   1290078         -  201.00    3.00    0.00    0.00  204.00     3  qemu-system-aar
19:07:49     1000         -   1290078    1.00    3.00    0.00    0.00    4.00     3  |__qemu-system-aar
19:07:49     1000         -   1290084    0.00    0.00    0.00    0.00    0.00    31  |__call_rcu
19:07:49     1000         -   1290093   99.00    1.00    0.00    0.00  100.00    16  |__CPU 0/TCG
19:07:49     1000         -   1290095    1.00    0.00    0.00    0.00    1.00     2  |__CPU 1/TCG
19:07:49     1000         -   1290096   98.00    1.00    0.00    0.00   99.00    20  |__CPU 2/TCG
19:07:49     1000         -   1290097    0.00    0.00    0.00    0.00    0.00     2  |__CPU 3/TCG
19:07:50     1000   1290078         -  202.00    2.00    0.00    0.00  204.00     6  qemu-system-aar
19:07:50     1000         -   1290078    1.00    2.00    0.00    0.00    3.00     6  |__qemu-system-aar
19:07:50     1000         -   1290084    0.00    0.00    0.00    0.00    0.00    31  |__call_rcu
19:07:50     1000         -   1290093  100.00    0.00    0.00    0.00  100.00    16  |__CPU 0/TCG
19:07:50     1000         -   1290095    0.00    0.00    0.00    0.00    0.00     1  |__CPU 1/TCG
19:07:50     1000         -   1290096  100.00    0.00    0.00    0.00  100.00    20  |__CPU 2/TCG
19:07:50     1000         -   1290097    0.00    0.00    0.00    0.00    0.00     2  |__CPU 3/TCG
19:07:51     1000   1290078         -  202.00    1.00    0.00    0.00  203.00     7  qemu-system-aar
19:07:51     1000         -   1290078    2.00    2.00    0.00    0.00    4.00     7  |__qemu-system-aar
19:07:51     1000         -   1290084    0.00    0.00    0.00    0.00    0.00    31  |__call_rcu
19:07:51     1000         -   1290093   99.00    0.00    0.00    0.00   99.00    16  |__CPU 0/TCG
19:07:51     1000         -   1290095    1.00    0.00    0.00    0.00    1.00     1  |__CPU 1/TCG
19:07:51     1000         -   1290096   99.00    1.00    0.00    0.00  100.00    20  |__CPU 2/TCG
19:07:51     1000         -   1290097    0.00    0.00    0.00    0.00    0.00     2  |__CPU 3/TCG
19:07:52     1000   1290078         -  200.00    3.00    0.00    0.00  203.00    18  qemu-system-aar
19:07:52     1000         -   1290078    0.00    4.00    0.00    0.00    4.00    18  |__qemu-system-aar
19:07:52     1000         -   1290084    0.00    0.00    0.00    0.00    0.00    31  |__call_rcu
19:07:52     1000         -   1290093   99.00    0.00    0.00    0.00   99.00     0  |__CPU 0/TCG
19:07:52     1000         -   1290095    0.00    0.00    0.00    0.00    0.00     1  |__CPU 1/TCG
19:07:52     1000         -   1290096   99.00    1.00    0.00    0.00  100.00    20  |__CPU 2/TCG
19:07:52     1000         -   1290097    0.00    0.00    0.00    0.00    0.00     2  |__CPU 3/TCG
19:07:53     1000   1290078         -  201.00    2.00    0.00    0.00  203.00    21  qemu-system-aar
19:07:53     1000         -   1290078    2.00    2.00    0.00    0.00    4.00    21  |__qemu-system-aar
19:07:53     1000         -   1290084    0.00    0.00    0.00    0.00    0.00    31  |__call_rcu
19:07:53     1000         -   1290093   99.00    1.00    0.00    0.00  100.00     0  |__CPU 0/TCG
19:07:53     1000         -   1290095    1.00    0.00    0.00    0.00    1.00     1  |__CPU 1/TCG
19:07:53     1000         -   1290096   99.00    1.00    0.00    0.00  100.00    20  |__CPU 2/TCG
19:07:53     1000         -   1290097    0.00    0.00    0.00    0.00    0.00     2  |__CPU 3/TCG
19:07:54     1000   1290078         -  202.00    2.00    0.00    0.00  204.00    21  qemu-system-aar
19:07:54     1000         -   1290078    1.00    2.00    0.00    0.00    3.00    21  |__qemu-system-aar
19:07:54     1000         -   1290084    0.00    0.00    0.00    0.00    0.00    31  |__call_rcu
19:07:54     1000         -   1290093   99.00    0.00    0.00    0.00   99.00    16  |__CPU 0/TCG
19:07:54     1000         -   1290095    0.00    0.00    0.00    0.00    0.00     1  |__CPU 1/TCG
19:07:54     1000         -   1290096   99.00    0.00    0.00    0.00   99.00    20  |__CPU 2/TCG
19:07:54     1000         -   1290097    0.00    0.00    0.00    0.00    0.00     2  |__CPU 3/TCG
19:07:55     1000   1290078         -  202.00    1.00    0.00    0.00  203.00    22  qemu-system-aar
19:07:55     1000         -   1290078    2.00    2.00    0.00    0.00    4.00    22  |__qemu-system-aar
19:07:55     1000         -   1290084    0.00    0.00    0.00    0.00    0.00    31  |__call_rcu
19:07:55     1000         -   1290093  100.00    0.00    0.00    0.00  100.00    16  |__CPU 0/TCG
19:07:55     1000         -   1290095    1.00    0.00    0.00    0.00    1.00     2  |__CPU 1/TCG
19:07:55     1000         -   1290096  100.00    1.00    0.00    0.00  101.00    20  |__CPU 2/TCG
19:07:55     1000         -   1290097    0.00    0.00    0.00    0.00    0.00     2  |__CPU 3/TCG
19:07:56     1000   1290078         -  202.00    3.00    0.00    0.00  205.00     3  qemu-system-aar
19:07:56     1000         -   1290078    1.00    3.00    0.00    0.00    4.00     3  |__qemu-system-aar
19:07:56     1000         -   1290084    0.00    0.00    0.00    0.00    0.00    31  |__call_rcu
19:07:56     1000         -   1290093   99.00    0.00    0.00    0.00   99.00    16  |__CPU 0/TCG
19:07:56     1000         -   1290095    0.00    0.00    0.00    0.00    0.00     4  |__CPU 1/TCG
19:07:56     1000         -   1290096   98.00    1.00    0.00    0.00   99.00    20  |__CPU 2/TCG
19:07:56     1000         -   1290097    0.00    0.00    0.00    0.00    0.00     2  |__CPU 3/TCG
19:07:57     1000   1290078         -  201.00    2.00    0.00    0.00  203.00     3  qemu-system-aar
19:07:57     1000         -   1290078    1.00    3.00    0.00    0.00    4.00     3  |__qemu-system-aar
19:07:57     1000         -   1290084    0.00    0.00    0.00    0.00    0.00    31  |__call_rcu
19:07:57     1000         -   1290093   99.00    0.00    0.00    0.00   99.00    16  |__CPU 0/TCG
19:07:57     1000         -   1290095    1.00    0.00    0.00    0.00    1.00     2  |__CPU 1/TCG
19:07:57     1000         -   1290096  100.00    0.00    0.00    0.00  100.00    20  |__CPU 2/TCG
19:07:57     1000         -   1290097    0.00    0.00    0.00    0.00    0.00     2  |__CPU 3/TCG
19:07:58     1000   1290078         -  202.00    2.00    0.00    0.00  204.00    19  qemu-system-aar
19:07:58     1000         -   1290078    1.00    2.00    0.00    0.00    3.00    19  |__qemu-system-aar
19:07:58     1000         -   1290084    0.00    0.00    0.00    0.00    0.00    31  |__call_rcu
19:07:58     1000         -   1290093  100.00    0.00    0.00    0.00  100.00     0  |__CPU 0/TCG
19:07:58     1000         -   1290095    0.00    0.00    0.00    0.00    0.00     6  |__CPU 1/TCG
19:07:58     1000         -   1290096   99.00    1.00    0.00    0.00  100.00    20  |__CPU 2/TCG
19:07:58     1000         -   1290097    0.00    0.00    0.00    0.00    0.00     2  |__CPU 3/TCG
19:07:59     1000   1290078         -  201.00    1.00    0.00    0.00  202.00    21  qemu-system-aar
19:07:59     1000         -   1290078    2.00    2.00    0.00    0.00    4.00    21  |__qemu-system-aar
19:07:59     1000         -   1290084    0.00    0.00    0.00    0.00    0.00    31  |__call_rcu
19:07:59     1000         -   1290093   99.00    0.00    0.00    0.00   99.00     0  |__CPU 0/TCG
19:07:59     1000         -   1290095    1.00    0.00    0.00    0.00    1.00     6  |__CPU 1/TCG
19:07:59     1000         -   1290096   99.00    0.00    0.00    0.00   99.00    20  |__CPU 2/TCG
19:07:59     1000         -   1290097    0.00    0.00    0.00    0.00    0.00     2  |__CPU 3/TCG
19:08:00     1000   1290078         -  202.00    3.00    0.00    0.00  205.00     9  qemu-system-aar
19:08:00     1000         -   1290078    1.00    4.00    0.00    0.00    5.00     9  |__qemu-system-aar
19:08:00     1000         -   1290084    0.00    0.00    0.00    0.00    0.00    31  |__call_rcu
19:08:00     1000         -   1290093   99.00    1.00    0.00    0.00  100.00     0  |__CPU 0/TCG
19:08:00     1000         -   1290095    0.00    0.00    0.00    0.00    0.00     6  |__CPU 1/TCG
19:08:00     1000         -   1290096   99.00    1.00    0.00    0.00  100.00    20  |__CPU 2/TCG
19:08:00     1000         -   1290097    0.00    0.00    0.00    0.00    0.00     2  |__CPU 3/TCG
19:08:01     1000   1290078         -  200.00    4.00    0.00    0.00  204.00    11  qemu-system-aar
19:08:01     1000         -   1290078    1.00    4.00    0.00    0.00    5.00    11  |__qemu-system-aar
19:08:01     1000         -   1290084    0.00    0.00    0.00    0.00    0.00    31  |__call_rcu
19:08:01     1000         -   1290093   98.00    0.00    0.00    0.00   98.00     0  |__CPU 0/TCG
19:08:01     1000         -   1290095    1.00    0.00    0.00    0.00    1.00     6  |__CPU 1/TCG
19:08:01     1000         -   1290096   98.00    2.00    0.00    0.00  100.00     4  |__CPU 2/TCG
19:08:01     1000         -   1290097    0.00    0.00    0.00    0.00    0.00     2  |__CPU 3/TCG
19:08:02     1000   1290078         -  201.00    4.00    0.00    0.00  205.00    11  qemu-system-aar
19:08:02     1000         -   1290078    2.00    4.00    0.00    0.00    6.00    11  |__qemu-system-aar
19:08:02     1000         -   1290084    0.00    0.00    0.00    0.00    0.00    31  |__call_rcu
19:08:02     1000         -   1290093   98.00    0.00    0.00    0.00   98.00    16  |__CPU 0/TCG
19:08:02     1000         -   1290095    1.00    0.00    0.00    0.00    1.00     6  |__CPU 1/TCG
19:08:02     1000         -   1290096   98.00    1.00    0.00    0.00   99.00     4  |__CPU 2/TCG
19:08:02     1000         -   1290097    0.00    0.00    0.00    0.00    0.00     2  |__CPU 3/TCG
19:08:03     1000   1290078         -  199.00    5.00    0.00    0.00  204.00     2  qemu-system-aar
19:08:03     1000         -   1290078    2.00    3.00    0.00    0.00    5.00     2  |__qemu-system-aar
19:08:03     1000         -   1290084    0.00    0.00    0.00    0.00    0.00    31  |__call_rcu
19:08:03     1000         -   1290093   98.00    1.00    0.00    0.00   99.00     0  |__CPU 0/TCG
19:08:03     1000         -   1290095    0.00    0.00    0.00    0.00    0.00     6  |__CPU 1/TCG
19:08:03     1000         -   1290096   97.00    3.00    0.00    0.00  100.00    20  |__CPU 2/TCG
19:08:03     1000         -   1290097    0.00    0.00    0.00    0.00    0.00     2  |__CPU 3/TCG
19:08:04     1000   1290078         -  202.00    2.00    0.00    0.00  204.00     5  qemu-system-aar
19:08:04     1000         -   1290078    2.00    2.00    0.00    0.00    4.00     5  |__qemu-system-aar
19:08:04     1000         -   1290084    0.00    0.00    0.00    0.00    0.00    31  |__call_rcu
19:08:04     1000         -   1290093   99.00    0.00    0.00    0.00   99.00     0  |__CPU 0/TCG
19:08:04     1000         -   1290095    1.00    0.00    0.00    0.00    1.00     6  |__CPU 1/TCG
19:08:04     1000         -   1290096  100.00    0.00    0.00    0.00  100.00    20  |__CPU 2/TCG
19:08:04     1000         -   1290097    0.00    0.00    0.00    0.00    0.00     2  |__CPU 3/TCG
19:08:05     1000   1290078         -  202.00    1.00    0.00    0.00  203.00    19  qemu-system-aar
19:08:05     1000         -   1290078    1.00    3.00    0.00    0.00    4.00    19  |__qemu-system-aar
19:08:05     1000         -   1290084    0.00    0.00    0.00    0.00    0.00    31  |__call_rcu
19:08:05     1000         -   1290093  100.00    0.00    0.00    0.00  100.00     0  |__CPU 0/TCG
19:08:05     1000         -   1290095    0.00    0.00    0.00    0.00    0.00     6  |__CPU 1/TCG
19:08:05     1000         -   1290096   99.00    1.00    0.00    0.00  100.00    20  |__CPU 2/TCG
19:08:05     1000         -   1290097    0.00    0.00    0.00    0.00    0.00     2  |__CPU 3/TCG
19:08:06     1000   1290078         -  202.00    2.00    0.00    0.00  204.00    18  qemu-system-aar
19:08:06     1000         -   1290078    1.00    3.00    0.00    0.00    4.00    18  |__qemu-system-aar
19:08:06     1000         -   1290084    0.00    0.00    0.00    0.00    0.00    31  |__call_rcu
19:08:06     1000         -   1290093   99.00    0.00    0.00    0.00   99.00    16  |__CPU 0/TCG
19:08:06     1000         -   1290095    1.00    0.00    0.00    0.00    1.00     6  |__CPU 1/TCG
19:08:06     1000         -   1290096  100.00    0.00    0.00    0.00  100.00    20  |__CPU 2/TCG
19:08:06     1000         -   1290097    0.00    0.00    0.00    0.00    0.00     2  |__CPU 3/TCG
19:08:07     1000   1290078         -  202.00    1.00    0.00    0.00  203.00     3  qemu-system-aar
19:08:07     1000         -   1290078    2.00    2.00    0.00    0.00    4.00     3  |__qemu-system-aar
19:08:07     1000         -   1290084    0.00    0.00    0.00    0.00    0.00    31  |__call_rcu
19:08:07     1000         -   1290093   99.00    1.00    0.00    0.00  100.00    16  |__CPU 0/TCG
19:08:07     1000         -   1290095    1.00    0.00    0.00    0.00    1.00     6  |__CPU 1/TCG
19:08:07     1000         -   1290096   99.00    1.00    0.00    0.00  100.00    20  |__CPU 2/TCG
19:08:07     1000         -   1290097    0.00    0.00    0.00    0.00    0.00     2  |__CPU 3/TCG
19:08:08     1000   1290078         -  201.00    3.00    0.00    0.00  204.00     5  qemu-system-aar
19:08:08     1000         -   1290078    1.00    3.00    0.00    0.00    4.00     5  |__qemu-system-aar
19:08:08     1000         -   1290084    0.00    0.00    0.00    0.00    0.00    31  |__call_rcu
19:08:08     1000         -   1290093  100.00    0.00    0.00    0.00  100.00    16  |__CPU 0/TCG
19:08:08     1000         -   1290095    0.00    0.00    0.00    0.00    0.00     6  |__CPU 1/TCG
19:08:08     1000         -   1290096   99.00    0.00    0.00    0.00   99.00    20  |__CPU 2/TCG
19:08:08     1000         -   1290097    0.00    0.00    0.00    0.00    0.00     2  |__CPU 3/TCG
19:08:09     1000   1290078         -  202.00    2.00    0.00    0.00  204.00     5  qemu-system-aar
19:08:09     1000         -   1290078    1.00    2.00    0.00    0.00    3.00     5  |__qemu-system-aar
19:08:09     1000         -   1290084    0.00    0.00    0.00    0.00    0.00    31  |__call_rcu
19:08:09     1000         -   1290093   99.00    0.00    0.00    0.00   99.00    16  |__CPU 0/TCG
19:08:09     1000         -   1290095    1.00    0.00    0.00    0.00    1.00     6  |__CPU 1/TCG
19:08:09     1000         -   1290096   99.00    1.00    0.00    0.00  100.00    20  |__CPU 2/TCG
19:08:09     1000         -   1290097    0.00    0.00    0.00    0.00    0.00     2  |__CPU 3/TCG
19:08:10     1000   1290078         -  202.00    1.00    0.00    0.00  203.00    17  qemu-system-aar
19:08:10     1000         -   1290078    1.00    3.00    0.00    0.00    4.00    17  |__qemu-system-aar
19:08:10     1000         -   1290084    0.00    0.00    0.00    0.00    0.00    31  |__call_rcu
19:08:10     1000         -   1290093   99.00    0.00    0.00    0.00   99.00    16  |__CPU 0/TCG
19:08:10     1000         -   1290095    0.00    0.00    0.00    0.00    0.00     2  |__CPU 1/TCG
19:08:10     1000         -   1290096   99.00    1.00    0.00    0.00  100.00    20  |__CPU 2/TCG
19:08:10     1000         -   1290097    0.00    0.00    0.00    0.00    0.00     2  |__CPU 3/TCG
19:08:11     1000   1290078         -  202.00    2.00    0.00    0.00  204.00     6  qemu-system-aar
19:08:11     1000         -   1290078    2.00    2.00    0.00    0.00    4.00     6  |__qemu-system-aar
19:08:11     1000         -   1290084    0.00    0.00    0.00    0.00    0.00    31  |__call_rcu
19:08:11     1000         -   1290093   99.00    0.00    0.00    0.00   99.00    16  |__CPU 0/TCG
19:08:11     1000         -   1290095    1.00    0.00    0.00    0.00    1.00     2  |__CPU 1/TCG
19:08:11     1000         -   1290096   99.00    0.00    0.00    0.00   99.00     4  |__CPU 2/TCG
19:08:11     1000         -   1290097    0.00    0.00    0.00    0.00    0.00     2  |__CPU 3/TCG
19:08:12     1000   1290078         -  201.00    2.00    0.00    0.00  203.00     5  qemu-system-aar
19:08:12     1000         -   1290078    1.00    2.00    0.00    0.00    3.00     5  |__qemu-system-aar
19:08:12     1000         -   1290084    0.00    0.00    0.00    0.00    0.00    31  |__call_rcu
19:08:12     1000         -   1290093   99.00    1.00    0.00    0.00  100.00    16  |__CPU 0/TCG
19:08:12     1000         -   1290095    1.00    0.00    0.00    0.00    1.00     2  |__CPU 1/TCG
19:08:12     1000         -   1290096  100.00    1.00    0.00    0.00  101.00     4  |__CPU 2/TCG
19:08:12     1000         -   1290097    0.00    0.00    0.00    0.00    0.00     2  |__CPU 3/TCG
19:08:13     1000   1290078         -  202.00    2.00    0.00    0.00  204.00     5  qemu-system-aar
19:08:13     1000         -   1290078    2.00    2.00    0.00    0.00    4.00     5  |__qemu-system-aar
19:08:13     1000         -   1290084    0.00    0.00    0.00    0.00    0.00    31  |__call_rcu
19:08:13     1000         -   1290093  100.00    0.00    0.00    0.00  100.00    16  |__CPU 0/TCG
19:08:13     1000         -   1290095    0.00    0.00    0.00    0.00    0.00     2  |__CPU 1/TCG
19:08:13     1000         -   1290096   98.00    1.00    0.00    0.00   99.00     4  |__CPU 2/TCG
19:08:13     1000         -   1290097    0.00    0.00    0.00    0.00    0.00     2  |__CPU 3/TCG
19:08:14     1000   1290078         -  202.00    2.00    0.00    0.00  204.00     7  qemu-system-aar
19:08:14     1000         -   1290078    1.00    2.00    0.00    0.00    3.00     7  |__qemu-system-aar
19:08:14     1000         -   1290084    0.00    0.00    0.00    0.00    0.00    31  |__call_rcu
19:08:14     1000         -   1290093   99.00    0.00    0.00    0.00   99.00    16  |__CPU 0/TCG
19:08:14     1000         -   1290095    1.00    0.00    0.00    0.00    1.00     2  |__CPU 1/TCG
19:08:14     1000         -   1290096  100.00    0.00    0.00    0.00  100.00     4  |__CPU 2/TCG
19:08:14     1000         -   1290097    0.00    0.00    0.00    0.00    0.00     2  |__CPU 3/TCG
19:08:15     1000   1290078         -  201.00    2.00    0.00    0.00  203.00    17  qemu-system-aar
19:08:15     1000         -   1290078    1.00    3.00    0.00    0.00    4.00    17  |__qemu-system-aar
19:08:15     1000         -   1290084    0.00    0.00    0.00    0.00    0.00    31  |__call_rcu
19:08:15     1000         -   1290093   99.00    0.00    0.00    0.00   99.00    16  |__CPU 0/TCG
19:08:15     1000         -   1290095    0.00    0.00    0.00    0.00    0.00     5  |__CPU 1/TCG
19:08:15     1000         -   1290096   99.00    1.00    0.00    0.00  100.00    20  |__CPU 2/TCG
19:08:15     1000         -   1290097    0.00    0.00    0.00    0.00    0.00     2  |__CPU 3/TCG
19:08:16     1000   1290078         -  202.00    2.00    0.00    0.00  204.00    17  qemu-system-aar
19:08:16     1000         -   1290078    2.00    2.00    0.00    0.00    4.00    17  |__qemu-system-aar
19:08:16     1000         -   1290084    0.00    0.00    0.00    0.00    0.00    31  |__call_rcu
19:08:16     1000         -   1290093   99.00    1.00    0.00    0.00  100.00     0  |__CPU 0/TCG
19:08:16     1000         -   1290095    1.00    0.00    0.00    0.00    1.00     5  |__CPU 1/TCG
19:08:16     1000         -   1290096   99.00    1.00    0.00    0.00  100.00    20  |__CPU 2/TCG
19:08:16     1000         -   1290097    0.00    0.00    0.00    0.00    0.00     2  |__CPU 3/TCG
19:08:17     1000   1290078         -  202.00    2.00    0.00    0.00  204.00    18  qemu-system-aar
19:08:17     1000         -   1290078    1.00    2.00    0.00    0.00    3.00    18  |__qemu-system-aar
19:08:17     1000         -   1290084    0.00    0.00    0.00    0.00    0.00    31  |__call_rcu
19:08:17     1000         -   1290093  100.00    0.00    0.00    0.00  100.00     0  |__CPU 0/TCG
19:08:17     1000         -   1290095    0.00    0.00    0.00    0.00    0.00     5  |__CPU 1/TCG
19:08:17     1000         -   1290096   99.00    0.00    0.00    0.00   99.00     4  |__CPU 2/TCG
19:08:17     1000         -   1290097    0.00    0.00    0.00    0.00    0.00     2  |__CPU 3/TCG
19:08:18     1000   1290078         -  202.00    1.00    0.00    0.00  203.00    16  qemu-system-aar
19:08:18     1000         -   1290078    2.00    3.00    0.00    0.00    5.00    16  |__qemu-system-aar
19:08:18     1000         -   1290084    0.00    0.00    0.00    0.00    0.00    31  |__call_rcu
19:08:18     1000         -   1290093   99.00    0.00    0.00    0.00   99.00     0  |__CPU 0/TCG
19:08:18     1000         -   1290095    1.00    0.00    0.00    0.00    1.00     5  |__CPU 1/TCG
19:08:18     1000         -   1290096  100.00    1.00    0.00    0.00  101.00     4  |__CPU 2/TCG
19:08:18     1000         -   1290097    0.00    0.00    0.00    0.00    0.00     2  |__CPU 3/TCG
19:08:19     1000   1290078         -  203.00    2.00    0.00    0.00  205.00    16  qemu-system-aar
19:08:19     1000         -   1290078    2.00    3.00    0.00    0.00    5.00    16  |__qemu-system-aar
19:08:19     1000         -   1290084    0.00    0.00    0.00    0.00    0.00    31  |__call_rcu
19:08:19     1000         -   1290093  100.00    0.00    0.00    0.00  100.00     0  |__CPU 0/TCG
19:08:19     1000         -   1290095    1.00    0.00    0.00    0.00    1.00     5  |__CPU 1/TCG
19:08:19     1000         -   1290096   99.00    0.00    0.00    0.00   99.00     4  |__CPU 2/TCG
19:08:19     1000         -   1290097    0.00    0.00    0.00    0.00    0.00     2  |__CPU 3/TCG
19:08:20     1000   1290078         -  202.00    3.00    0.00    0.00  205.00    23  qemu-system-aar
19:08:20     1000         -   1290078    2.00    3.00    0.00    0.00    5.00    23  |__qemu-system-aar
19:08:20     1000         -   1290084    0.00    0.00    0.00    0.00    0.00    31  |__call_rcu
19:08:20     1000         -   1290093   99.00    0.00    0.00    0.00   99.00     0  |__CPU 0/TCG
19:08:20     1000         -   1290095    0.00    0.00    0.00    0.00    0.00     5  |__CPU 1/TCG
19:08:20     1000         -   1290096   99.00    1.00    0.00    0.00  100.00    20  |__CPU 2/TCG
19:08:20     1000         -   1290097    0.00    0.00    0.00    0.00    0.00     2  |__CPU 3/TCG
19:08:21     1000   1290078         -  203.00    1.00    0.00    0.00  204.00    16  qemu-system-aar
19:08:21     1000         -   1290078    1.00    2.00    0.00    0.00    3.00    16  |__qemu-system-aar
19:08:21     1000         -   1290084    0.00    0.00    0.00    0.00    0.00    31  |__call_rcu
19:08:21     1000         -   1290093  100.00    0.00    0.00    0.00  100.00     0  |__CPU 0/TCG
19:08:21     1000         -   1290095    1.00    0.00    0.00    0.00    1.00     3  |__CPU 1/TCG
19:08:21     1000         -   1290096  100.00    0.00    0.00    0.00  100.00    20  |__CPU 2/TCG
19:08:21     1000         -   1290097    0.00    0.00    0.00    0.00    0.00     2  |__CPU 3/TCG
19:08:22     1000   1290078         -  202.00    3.00    0.00    0.00  205.00     5  qemu-system-aar
19:08:22     1000         -   1290078    1.00    4.00    0.00    0.00    5.00     5  |__qemu-system-aar
19:08:22     1000         -   1290084    0.00    0.00    0.00    0.00    0.00    31  |__call_rcu
19:08:22     1000         -   1290093   99.00    0.00    0.00    0.00   99.00    16  |__CPU 0/TCG
19:08:22     1000         -   1290095    0.00    0.00    0.00    0.00    0.00     3  |__CPU 1/TCG
19:08:22     1000         -   1290096   99.00    0.00    0.00    0.00   99.00    20  |__CPU 2/TCG
19:08:22     1000         -   1290097    0.00    0.00    0.00    0.00    0.00     2  |__CPU 3/TCG
19:08:23     1000   1290078         -  201.00    2.00    0.00    0.00  203.00     5  qemu-system-aar
19:08:23     1000         -   1290078    1.00    2.00    0.00    0.00    3.00     5  |__qemu-system-aar
19:08:23     1000         -   1290084    0.00    0.00    0.00    0.00    0.00    31  |__call_rcu
19:08:23     1000         -   1290093  100.00    0.00    0.00    0.00  100.00    16  |__CPU 0/TCG
19:08:23     1000         -   1290095    1.00    0.00    0.00    0.00    1.00     3  |__CPU 1/TCG
19:08:23     1000         -   1290096   99.00    1.00    0.00    0.00  100.00    20  |__CPU 2/TCG
19:08:23     1000         -   1290097    0.00    0.00    0.00    0.00    0.00     2  |__CPU 3/TCG
19:08:24     1000   1290078         -  203.00    1.00    0.00    0.00  204.00     7  qemu-system-aar
19:08:24     1000         -   1290078    2.00    2.00    0.00    0.00    4.00     7  |__qemu-system-aar
19:08:24     1000         -   1290084    0.00    0.00    0.00    0.00    0.00    31  |__call_rcu
19:08:24     1000         -   1290093   99.00    1.00    0.00    0.00  100.00    16  |__CPU 0/TCG
19:08:24     1000         -   1290095    0.00    0.00    0.00    0.00    0.00     4  |__CPU 1/TCG
19:08:24     1000         -   1290096  100.00    0.00    0.00    0.00  100.00    20  |__CPU 2/TCG
19:08:24     1000         -   1290097    0.00    0.00    0.00    0.00    0.00     2  |__CPU 3/TCG
19:08:25     1000   1290078         -  201.00    2.00    0.00    0.00  203.00     7  qemu-system-aar
19:08:25     1000         -   1290078    1.00    3.00    0.00    0.00    4.00     7  |__qemu-system-aar
19:08:25     1000         -   1290084    0.00    0.00    0.00    0.00    0.00    31  |__call_rcu
19:08:25     1000         -   1290093   99.00    0.00    0.00    0.00   99.00    16  |__CPU 0/TCG
19:08:25     1000         -   1290095    1.00    0.00    0.00    0.00    1.00     4  |__CPU 1/TCG
19:08:25     1000         -   1290096   98.00    2.00    0.00    0.00  100.00    20  |__CPU 2/TCG
19:08:25     1000         -   1290097    0.00    0.00    0.00    0.00    0.00     2  |__CPU 3/TCG
19:08:26     1000   1290078         -  201.00    3.00    0.00    0.00  204.00    19  qemu-system-aar
19:08:26     1000         -   1290078    1.00    3.00    0.00    0.00    4.00    19  |__qemu-system-aar
19:08:26     1000         -   1290084    0.00    0.00    0.00    0.00    0.00    31  |__call_rcu
19:08:26     1000         -   1290093  100.00    0.00    0.00    0.00  100.00    16  |__CPU 0/TCG
19:08:26     1000         -   1290095    0.00    0.00    0.00    0.00    0.00     4  |__CPU 1/TCG
19:08:26     1000         -   1290096   99.00    1.00    0.00    0.00  100.00    20  |__CPU 2/TCG
19:08:26     1000         -   1290097    0.00    0.00    0.00    0.00    0.00     2  |__CPU 3/TCG
19:08:27     1000   1290078         -  200.00    3.00    0.00    0.00  203.00    17  qemu-system-aar
19:08:27     1000         -   1290078    1.00    2.00    0.00    0.00    3.00    17  |__qemu-system-aar
19:08:27     1000         -   1290084    0.00    0.00    0.00    0.00    0.00    31  |__call_rcu
19:08:27     1000         -   1290093   99.00    0.00    0.00    0.00   99.00    16  |__CPU 0/TCG
19:08:27     1000         -   1290095    1.00    0.00    0.00    0.00    1.00     4  |__CPU 1/TCG
19:08:27     1000         -   1290096   99.00    1.00    0.00    0.00  100.00    20  |__CPU 2/TCG
19:08:27     1000         -   1290097    0.00    0.00    0.00    0.00    0.00     2  |__CPU 3/TCG
19:08:28     1000   1290078         -  202.00    1.00    0.00    0.00  203.00     2  qemu-system-aar
19:08:28     1000         -   1290078    2.00    2.00    0.00    0.00    4.00     2  |__qemu-system-aar
19:08:28     1000         -   1290084    0.00    0.00    0.00    0.00    0.00    31  |__call_rcu
19:08:28     1000         -   1290093   99.00    0.00    0.00    0.00   99.00    16  |__CPU 0/TCG
19:08:28     1000         -   1290095    0.00    1.00    0.00    0.00    1.00     4  |__CPU 1/TCG
19:08:28     1000         -   1290096   99.00    1.00    0.00    0.00  100.00    20  |__CPU 2/TCG
19:08:28     1000         -   1290097    0.00    0.00    0.00    0.00    0.00     2  |__CPU 3/TCG
19:08:29     1000   1290078         -  202.00    2.00    0.00    0.00  204.00    17  qemu-system-aar
19:08:29     1000         -   1290078    2.00    2.00    0.00    0.00    4.00    17  |__qemu-system-aar
19:08:29     1000         -   1290084    0.00    0.00    0.00    0.00    0.00    31  |__call_rcu
19:08:29     1000         -   1290093   99.00    0.00    0.00    0.00   99.00    16  |__CPU 0/TCG
19:08:29     1000         -   1290095    1.00    0.00    0.00    0.00    1.00     4  |__CPU 1/TCG
19:08:29     1000         -   1290096   99.00    1.00    0.00    0.00  100.00    20  |__CPU 2/TCG
19:08:29     1000         -   1290097    0.00    0.00    0.00    0.00    0.00     2  |__CPU 3/TCG
19:08:30     1000   1290078         -  202.00    2.00    0.00    0.00  204.00    17  qemu-system-aar
19:08:30     1000         -   1290078    1.00    2.00    0.00    0.00    3.00    17  |__qemu-system-aar
19:08:30     1000         -   1290084    0.00    0.00    0.00    0.00    0.00    31  |__call_rcu
19:08:30     1000         -   1290093  100.00    0.00    0.00    0.00  100.00    16  |__CPU 0/TCG
19:08:30     1000         -   1290095    0.00    0.00    0.00    0.00    0.00     4  |__CPU 1/TCG
19:08:30     1000         -   1290096   99.00    0.00    0.00    0.00   99.00    20  |__CPU 2/TCG
19:08:30     1000         -   1290097    0.00    0.00    0.00    0.00    0.00     2  |__CPU 3/TCG
19:08:31     1000   1290078         -  202.00    1.00    0.00    0.00  203.00     2  qemu-system-aar
19:08:31     1000         -   1290078    2.00    3.00    0.00    0.00    5.00     2  |__qemu-system-aar
19:08:31     1000         -   1290084    0.00    0.00    0.00    0.00    0.00    31  |__call_rcu
19:08:31     1000         -   1290093   99.00    1.00    0.00    0.00  100.00    16  |__CPU 0/TCG
19:08:31     1000         -   1290095    1.00    0.00    0.00    0.00    1.00     4  |__CPU 1/TCG
19:08:31     1000         -   1290096   99.00    1.00    0.00    0.00  100.00    20  |__CPU 2/TCG
19:08:31     1000         -   1290097    0.00    0.00    0.00    0.00    0.00     2  |__CPU 3/TCG
19:08:32     1000   1290078         -  201.00    3.00    0.00    0.00  204.00     3  qemu-system-aar
19:08:32     1000         -   1290078    1.00    2.00    0.00    0.00    3.00     3  |__qemu-system-aar
19:08:32     1000         -   1290084    0.00    0.00    0.00    0.00    0.00    31  |__call_rcu
19:08:32     1000         -   1290093   99.00    0.00    0.00    0.00   99.00    16  |__CPU 0/TCG
19:08:32     1000         -   1290095    0.00    0.00    0.00    0.00    0.00     4  |__CPU 1/TCG
19:08:32     1000         -   1290096   99.00    0.00    0.00    0.00   99.00    20  |__CPU 2/TCG
19:08:32     1000         -   1290097    0.00    0.00    0.00    0.00    0.00     2  |__CPU 3/TCG
19:08:33     1000   1290078         -  202.00    1.00    0.00    0.00  203.00     3  qemu-system-aar
19:08:33     1000         -   1290078    1.00    3.00    0.00    0.00    4.00     3  |__qemu-system-aar
19:08:33     1000         -   1290084    0.00    0.00    0.00    0.00    0.00    31  |__call_rcu
19:08:33     1000         -   1290093  100.00    0.00    0.00    0.00  100.00    16  |__CPU 0/TCG
19:08:33     1000         -   1290095    1.00    0.00    0.00    0.00    1.00     4  |__CPU 1/TCG
19:08:33     1000         -   1290096  100.00    1.00    0.00    0.00  101.00    20  |__CPU 2/TCG
19:08:33     1000         -   1290097    0.00    0.00    0.00    0.00    0.00     2  |__CPU 3/TCG
19:08:34     1000   1290078         -  201.00    3.00    0.00    0.00  204.00     5  qemu-system-aar
19:08:34     1000         -   1290078    0.00    3.00    0.00    0.00    3.00     5  |__qemu-system-aar
19:08:34     1000         -   1290084    0.00    0.00    0.00    0.00    0.00    31  |__call_rcu
19:08:34     1000         -   1290093   99.00    0.00    0.00    0.00   99.00    16  |__CPU 0/TCG
19:08:34     1000         -   1290095    0.00    0.00    0.00    0.00    0.00     4  |__CPU 1/TCG
19:08:34     1000         -   1290096   99.00    1.00    0.00    0.00  100.00    20  |__CPU 2/TCG
19:08:34     1000         -   1290097    0.00    0.00    0.00    0.00    0.00     2  |__CPU 3/TCG
19:08:35     1000   1290078         -  202.00    1.00    0.00    0.00  203.00     7  qemu-system-aar
19:08:35     1000         -   1290078    2.00    2.00    0.00    0.00    4.00     7  |__qemu-system-aar
19:08:35     1000         -   1290084    0.00    0.00    0.00    0.00    0.00    31  |__call_rcu
19:08:35     1000         -   1290093   99.00    0.00    0.00    0.00   99.00    16  |__CPU 0/TCG
19:08:35     1000         -   1290095    1.00    0.00    0.00    0.00    1.00     4  |__CPU 1/TCG
19:08:35     1000         -   1290096   99.00    1.00    0.00    0.00  100.00    20  |__CPU 2/TCG
19:08:35     1000         -   1290097    0.00    0.00    0.00    0.00    0.00     2  |__CPU 3/TCG
19:08:36     1000   1290078         -  201.00    3.00    0.00    0.00  204.00     6  qemu-system-aar
19:08:36     1000         -   1290078    1.00    3.00    0.00    0.00    4.00     6  |__qemu-system-aar
19:08:36     1000         -   1290084    0.00    0.00    0.00    0.00    0.00    31  |__call_rcu
19:08:36     1000         -   1290093  100.00    0.00    0.00    0.00  100.00    16  |__CPU 0/TCG
19:08:36     1000         -   1290095    0.00    0.00    0.00    0.00    0.00     4  |__CPU 1/TCG
19:08:36     1000         -   1290096   99.00    0.00    0.00    0.00   99.00    20  |__CPU 2/TCG
19:08:36     1000         -   1290097    0.00    0.00    0.00    0.00    0.00     2  |__CPU 3/TCG
19:08:37     1000   1290078         -  200.00    3.00    0.00    0.00  203.00    17  qemu-system-aar
19:08:37     1000         -   1290078    0.00    4.00    0.00    0.00    4.00    17  |__qemu-system-aar
19:08:37     1000         -   1290084    0.00    0.00    0.00    0.00    0.00    31  |__call_rcu
19:08:37     1000         -   1290093   99.00    0.00    0.00    0.00   99.00    16  |__CPU 0/TCG
19:08:37     1000         -   1290095    1.00    0.00    0.00    0.00    1.00     4  |__CPU 1/TCG
19:08:37     1000         -   1290096   99.00    1.00    0.00    0.00  100.00    20  |__CPU 2/TCG
19:08:37     1000         -   1290097    0.00    0.00    0.00    0.00    0.00     2  |__CPU 3/TCG
