Linux 6.17.0-40-generic (9950x) 	08/16/26 	_x86_64_	(32 CPU)

# Time        UID      TGID       TID    %usr %system  %guest   %wait    %CPU   CPU  Command
07:08:53     1000   3378149         -   95.00    8.00    0.00    0.00  103.00     9  qemu-system-aar
07:08:53     1000         -   3378149    1.00    3.00    0.00    0.00    4.00     9  |__qemu-system-aar
07:08:53     1000         -   3378157    0.00    0.00    0.00    0.00    0.00     0  |__call_rcu
07:08:53     1000         -   3378158    0.00    0.00    0.00    0.00    0.00     6  |__worker
07:08:53     1000         -   3378172   92.00    2.00    0.00    0.00   94.00     0  |__CPU 0/TCG
07:08:53     1000         -   3378173    1.00    0.00    0.00    0.00    1.00    20  |__CPU 1/TCG
07:08:53     1000         -   3378174    0.00    0.00    0.00    0.00    0.00     8  |__CPU 2/TCG
07:08:53     1000         -   3378175    0.00    0.00    0.00    0.00    0.00    15  |__CPU 3/TCG
07:08:54     1000   3378149         -  186.00    5.00    0.00    0.00  191.00     9  qemu-system-aar
07:08:54     1000         -   3378149    0.00    1.00    0.00    0.00    1.00     9  |__qemu-system-aar
07:08:54     1000         -   3378157    0.00    0.00    0.00    0.00    0.00     1  |__call_rcu
07:08:54     1000         -   3378158    0.00    0.00    0.00    0.00    0.00     6  |__worker
07:08:54     1000         -   3378172   88.00    3.00    0.00    0.00   91.00    20  |__CPU 0/TCG
07:08:54     1000         -   3378173    2.00    0.00    0.00    0.00    2.00    13  |__CPU 1/TCG
07:08:54     1000         -   3378174   96.00    2.00    0.00    0.00   98.00     0  |__CPU 2/TCG
07:08:54     1000         -   3378175    0.00    0.00    0.00    0.00    0.00    15  |__CPU 3/TCG
07:08:55     1000   3378149         -  182.00    2.00    0.00    0.00  184.00     2  qemu-system-aar
07:08:55     1000         -   3378149    0.00    1.00    0.00    0.00    1.00     2  |__qemu-system-aar
07:08:55     1000         -   3378157    0.00    0.00    0.00    0.00    0.00     1  |__call_rcu
07:08:55     1000         -   3378158    0.00    0.00    0.00    0.00    0.00     6  |__worker
07:08:55     1000         -   3378172   82.00    1.00    0.00    0.00   83.00     4  |__CPU 0/TCG
07:08:55     1000         -   3378173    0.00    0.00    0.00    0.00    0.00    13  |__CPU 1/TCG
07:08:55     1000         -   3378174   97.00    0.00    0.00    0.00   97.00     0  |__CPU 2/TCG
07:08:55     1000         -   3378175    0.00    0.00    0.00    0.00    0.00    15  |__CPU 3/TCG
07:08:56     1000   3378149         -  184.00    0.00    0.00    0.00  184.00     5  qemu-system-aar
07:08:56     1000         -   3378149    1.00    1.00    0.00    0.00    2.00     5  |__qemu-system-aar
07:08:56     1000         -   3378157    0.00    0.00    0.00    0.00    0.00     1  |__call_rcu
07:08:56     1000         -   3378158    0.00    0.00    0.00    0.00    0.00     6  |__worker
07:08:56     1000         -   3378172   85.00    0.00    0.00    0.00   85.00    20  |__CPU 0/TCG
07:08:56     1000         -   3378173    1.00    0.00    0.00    0.00    1.00     1  |__CPU 1/TCG
07:08:56     1000         -   3378174   99.00    0.00    0.00    0.00   99.00     0  |__CPU 2/TCG
07:08:56     1000         -   3378175    0.00    0.00    0.00    0.00    0.00    15  |__CPU 3/TCG
07:08:57     1000   3378149         -  190.00    1.00    0.00    0.00  191.00     6  qemu-system-aar
07:08:57     1000         -   3378149    0.00    1.00    0.00    0.00    1.00     6  |__qemu-system-aar
07:08:57     1000         -   3378157    0.00    0.00    0.00    0.00    0.00     1  |__call_rcu
07:08:57     1000         -   3378158    0.00    0.00    0.00    0.00    0.00     6  |__worker
07:08:57     1000         -   3378172   89.00    0.00    0.00    0.00   89.00    20  |__CPU 0/TCG
07:08:57     1000         -   3378173    0.00    0.00    0.00    0.00    0.00     2  |__CPU 1/TCG
07:08:57     1000         -   3378174   99.00    1.00    0.00    0.00  100.00     0  |__CPU 2/TCG
07:08:57     1000         -   3378175    0.00    0.00    0.00    0.00    0.00    15  |__CPU 3/TCG
07:08:58     1000   3378149         -  189.00    0.00    0.00    0.00  189.00     6  qemu-system-aar
07:08:58     1000         -   3378149    0.00    0.00    0.00    0.00    0.00     6  |__qemu-system-aar
07:08:58     1000         -   3378157    0.00    0.00    0.00    0.00    0.00     1  |__call_rcu
07:08:58     1000         -   3378158    0.00    0.00    0.00    0.00    0.00     6  |__worker
07:08:58     1000         -   3378172   89.00    0.00    0.00    0.00   89.00    20  |__CPU 0/TCG
07:08:58     1000         -   3378173    1.00    0.00    0.00    0.00    1.00     2  |__CPU 1/TCG
07:08:58     1000         -   3378174   99.00    0.00    0.00    0.00   99.00    16  |__CPU 2/TCG
07:08:58     1000         -   3378175    0.00    0.00    0.00    0.00    0.00    15  |__CPU 3/TCG
07:08:59     1000   3378149         -  187.00    1.00    0.00    0.00  188.00     7  qemu-system-aar
07:08:59     1000         -   3378149    0.00    1.00    0.00    0.00    1.00     7  |__qemu-system-aar
07:08:59     1000         -   3378157    0.00    0.00    0.00    0.00    0.00     1  |__call_rcu
07:08:59     1000         -   3378158    0.00    0.00    0.00    0.00    0.00     6  |__worker
07:08:59     1000         -   3378172   87.00    1.00    0.00    0.00   88.00    20  |__CPU 0/TCG
07:08:59     1000         -   3378173    1.00    0.00    0.00    0.00    1.00     2  |__CPU 1/TCG
07:08:59     1000         -   3378174   99.00    0.00    0.00    0.00   99.00     0  |__CPU 2/TCG
07:08:59     1000         -   3378175    0.00    0.00    0.00    0.00    0.00    15  |__CPU 3/TCG
07:09:00     1000   3378149         -  189.00    0.00    0.00    0.00  189.00     7  qemu-system-aar
07:09:00     1000         -   3378149    1.00    1.00    0.00    0.00    2.00     7  |__qemu-system-aar
07:09:00     1000         -   3378157    0.00    0.00    0.00    0.00    0.00     1  |__call_rcu
07:09:00     1000         -   3378158    0.00    0.00    0.00    0.00    0.00     6  |__worker
07:09:00     1000         -   3378172   88.00    0.00    0.00    0.00   88.00    20  |__CPU 0/TCG
07:09:00     1000         -   3378173    0.00    0.00    0.00    0.00    0.00    21  |__CPU 1/TCG
07:09:00     1000         -   3378174   98.00    0.00    0.00    0.00   98.00    16  |__CPU 2/TCG
07:09:00     1000         -   3378175    0.00    0.00    0.00    0.00    0.00    15  |__CPU 3/TCG
07:09:01     1000   3378149         -  186.00    1.00    0.00    0.00  187.00     7  qemu-system-aar
07:09:01     1000         -   3378149    0.00    0.00    0.00    0.00    0.00     7  |__qemu-system-aar
07:09:01     1000         -   3378157    0.00    0.00    0.00    0.00    0.00     1  |__call_rcu
07:09:01     1000         -   3378158    0.00    0.00    0.00    0.00    0.00     6  |__worker
07:09:01     1000         -   3378172   87.00    0.00    0.00    0.00   87.00    20  |__CPU 0/TCG
07:09:01     1000         -   3378173    1.00    0.00    0.00    0.00    1.00     2  |__CPU 1/TCG
07:09:01     1000         -   3378174  100.00    0.00    0.00    0.00  100.00    16  |__CPU 2/TCG
07:09:01     1000         -   3378175    0.00    0.00    0.00    0.00    0.00    15  |__CPU 3/TCG
07:09:02     1000   3378149         -  195.00    1.00    0.00    0.00  196.00    19  qemu-system-aar
07:09:02     1000         -   3378149    0.00    1.00    0.00    0.00    1.00    19  |__qemu-system-aar
07:09:02     1000         -   3378157    0.00    0.00    0.00    0.00    0.00     1  |__call_rcu
07:09:02     1000         -   3378158    0.00    0.00    0.00    0.00    0.00     6  |__worker
07:09:02     1000         -   3378172   94.00    0.00    0.00    0.00   94.00    20  |__CPU 0/TCG
07:09:02     1000         -   3378173    1.00    0.00    0.00    0.00    1.00     4  |__CPU 1/TCG
07:09:02     1000         -   3378174   99.00    0.00    0.00    0.00   99.00     0  |__CPU 2/TCG
07:09:02     1000         -   3378175    0.00    0.00    0.00    0.00    0.00    15  |__CPU 3/TCG
07:09:03     1000   3378149         -  193.00    0.00    0.00    0.00  193.00    19  qemu-system-aar
07:09:03     1000         -   3378149    0.00    1.00    0.00    0.00    1.00    19  |__qemu-system-aar
07:09:03     1000         -   3378157    0.00    0.00    0.00    0.00    0.00     1  |__call_rcu
07:09:03     1000         -   3378172   92.00    0.00    0.00    0.00   92.00    20  |__CPU 0/TCG
07:09:03     1000         -   3378173    0.00    0.00    0.00    0.00    0.00    21  |__CPU 1/TCG
07:09:03     1000         -   3378174  100.00    0.00    0.00    0.00  100.00    16  |__CPU 2/TCG
07:09:03     1000         -   3378175    0.00    0.00    0.00    0.00    0.00    15  |__CPU 3/TCG
07:09:04     1000   3378149         -  176.00    1.00    0.00    0.00  177.00    19  qemu-system-aar
07:09:04     1000         -   3378149    0.00    0.00    0.00    0.00    0.00    19  |__qemu-system-aar
07:09:04     1000         -   3378157    0.00    0.00    0.00    0.00    0.00     1  |__call_rcu
07:09:04     1000         -   3378172   75.00    2.00    0.00    0.00   77.00    20  |__CPU 0/TCG
07:09:04     1000         -   3378173    1.00    0.00    0.00    0.00    1.00    21  |__CPU 1/TCG
07:09:04     1000         -   3378174   99.00    0.00    0.00    0.00   99.00    16  |__CPU 2/TCG
07:09:04     1000         -   3378175    0.00    0.00    0.00    0.00    0.00    15  |__CPU 3/TCG
07:09:05     1000   3378149         -  177.00    1.00    0.00    0.00  178.00    19  qemu-system-aar
07:09:05     1000         -   3378149    1.00    1.00    0.00    0.00    2.00    19  |__qemu-system-aar
07:09:05     1000         -   3378157    0.00    0.00    0.00    0.00    0.00     1  |__call_rcu
07:09:05     1000         -   3378172   77.00    0.00    0.00    0.00   77.00    20  |__CPU 0/TCG
07:09:05     1000         -   3378173    1.00    0.00    0.00    0.00    1.00     2  |__CPU 1/TCG
07:09:05     1000         -   3378174   98.00    1.00    0.00    0.00   99.00    16  |__CPU 2/TCG
07:09:05     1000         -   3378175    0.00    0.00    0.00    0.00    0.00    15  |__CPU 3/TCG
07:09:06     1000   3378149         -  179.00    3.00    0.00    0.00  182.00    27  qemu-system-aar
07:09:06     1000         -   3378149    0.00    1.00    0.00    0.00    1.00    27  |__qemu-system-aar
07:09:06     1000         -   3378157    0.00    0.00    0.00    0.00    0.00     1  |__call_rcu
07:09:06     1000         -   3378172   80.00    1.00    0.00    0.00   81.00    20  |__CPU 0/TCG
07:09:06     1000         -   3378173    0.00    0.00    0.00    0.00    0.00     1  |__CPU 1/TCG
07:09:06     1000         -   3378174   98.00    0.00    0.00    0.00   98.00    16  |__CPU 2/TCG
07:09:06     1000         -   3378175    0.00    0.00    0.00    0.00    0.00    15  |__CPU 3/TCG
07:09:07     1000   3378149         -  192.00    2.00    0.00    0.00  194.00    28  qemu-system-aar
07:09:07     1000         -   3378149    0.00    2.00    0.00    0.00    2.00    28  |__qemu-system-aar
07:09:07     1000         -   3378157    0.00    0.00    0.00    0.00    0.00     1  |__call_rcu
07:09:07     1000         -   3378172   91.00    1.00    0.00    0.00   92.00    20  |__CPU 0/TCG
07:09:07     1000         -   3378173    1.00    0.00    0.00    0.00    1.00     4  |__CPU 1/TCG
07:09:07     1000         -   3378174   98.00    1.00    0.00    0.00   99.00     0  |__CPU 2/TCG
07:09:07     1000         -   3378175    0.00    0.00    0.00    0.00    0.00    15  |__CPU 3/TCG
07:09:08     1000   3378149         -  194.00    2.00    0.00    0.00  196.00    28  qemu-system-aar
07:09:08     1000         -   3378149    1.00    1.00    0.00    0.00    2.00    28  |__qemu-system-aar
07:09:08     1000         -   3378157    0.00    0.00    0.00    0.00    0.00     1  |__call_rcu
07:09:08     1000         -   3378172   95.00    1.00    0.00    0.00   96.00    20  |__CPU 0/TCG
07:09:08     1000         -   3378173    1.00    0.00    0.00    0.00    1.00    29  |__CPU 1/TCG
07:09:08     1000         -   3378174   98.00    1.00    0.00    0.00   99.00     0  |__CPU 2/TCG
07:09:08     1000         -   3378175    0.00    0.00    0.00    0.00    0.00    15  |__CPU 3/TCG
07:09:09     1000   3378149         -  195.00    2.00    0.00    0.00  197.00    27  qemu-system-aar
07:09:09     1000         -   3378149    1.00    1.00    0.00    0.00    2.00    27  |__qemu-system-aar
07:09:09     1000         -   3378157    0.00    0.00    0.00    0.00    0.00     1  |__call_rcu
07:09:09     1000         -   3378172   95.00    1.00    0.00    0.00   96.00    20  |__CPU 0/TCG
07:09:09     1000         -   3378173    0.00    0.00    0.00    0.00    0.00    29  |__CPU 1/TCG
07:09:09     1000         -   3378174   98.00    1.00    0.00    0.00   99.00     0  |__CPU 2/TCG
07:09:09     1000         -   3378175    0.00    0.00    0.00    0.00    0.00    15  |__CPU 3/TCG
07:09:10     1000   3378149         -  194.00    2.00    0.00    0.00  196.00    27  qemu-system-aar
07:09:10     1000         -   3378149    0.00    2.00    0.00    0.00    2.00    27  |__qemu-system-aar
07:09:10     1000         -   3378157    0.00    0.00    0.00    0.00    0.00     1  |__call_rcu
07:09:10     1000         -   3378172   94.00    0.00    0.00    0.00   94.00    20  |__CPU 0/TCG
07:09:10     1000         -   3378173    1.00    0.00    0.00    0.00    1.00     2  |__CPU 1/TCG
07:09:10     1000         -   3378174   98.00    0.00    0.00    0.00   98.00     0  |__CPU 2/TCG
07:09:10     1000         -   3378175    0.00    0.00    0.00    0.00    0.00    15  |__CPU 3/TCG
07:09:11     1000   3378149         -  194.00    1.00    0.00    0.00  195.00    27  qemu-system-aar
07:09:11     1000         -   3378149    0.00    2.00    0.00    0.00    2.00    27  |__qemu-system-aar
07:09:11     1000         -   3378157    0.00    0.00    0.00    0.00    0.00     1  |__call_rcu
07:09:11     1000         -   3378172   93.00    1.00    0.00    0.00   94.00    20  |__CPU 0/TCG
07:09:11     1000         -   3378173    1.00    0.00    0.00    0.00    1.00     9  |__CPU 1/TCG
07:09:11     1000         -   3378174   98.00    1.00    0.00    0.00   99.00     0  |__CPU 2/TCG
07:09:11     1000         -   3378175    0.00    0.00    0.00    0.00    0.00    15  |__CPU 3/TCG
07:09:12     1000   3378149         -  190.00    3.00    0.00    0.00  193.00    27  qemu-system-aar
07:09:12     1000         -   3378149    1.00    1.00    0.00    0.00    2.00    27  |__qemu-system-aar
07:09:12     1000         -   3378157    0.00    0.00    0.00    0.00    0.00     1  |__call_rcu
07:09:12     1000         -   3378172   91.00    1.00    0.00    0.00   92.00    20  |__CPU 0/TCG
07:09:12     1000         -   3378173    0.00    0.00    0.00    0.00    0.00     9  |__CPU 1/TCG
07:09:12     1000         -   3378174   98.00    1.00    0.00    0.00   99.00     0  |__CPU 2/TCG
07:09:12     1000         -   3378175    0.00    0.00    0.00    0.00    0.00    15  |__CPU 3/TCG
07:09:13     1000   3378149         -  195.00    1.00    0.00    0.00  196.00    27  qemu-system-aar
07:09:13     1000         -   3378149    0.00    2.00    0.00    0.00    2.00    27  |__qemu-system-aar
07:09:13     1000         -   3378157    0.00    0.00    0.00    0.00    0.00     1  |__call_rcu
07:09:13     1000         -   3378172   94.00    0.00    0.00    0.00   94.00    20  |__CPU 0/TCG
07:09:13     1000         -   3378173    1.00    0.00    0.00    0.00    1.00    29  |__CPU 1/TCG
07:09:13     1000         -   3378174   98.00    0.00    0.00    0.00   98.00     0  |__CPU 2/TCG
07:09:13     1000         -   3378175    0.00    0.00    0.00    0.00    0.00    15  |__CPU 3/TCG
07:09:14     1000   3378149         -  192.00    3.00    0.00    0.00  195.00    27  qemu-system-aar
07:09:14     1000         -   3378149    1.00    1.00    0.00    0.00    2.00    27  |__qemu-system-aar
07:09:14     1000         -   3378157    0.00    0.00    0.00    0.00    0.00     1  |__call_rcu
07:09:14     1000         -   3378172   93.00    2.00    0.00    0.00   95.00    20  |__CPU 0/TCG
07:09:14     1000         -   3378173    0.00    0.00    0.00    0.00    0.00    29  |__CPU 1/TCG
07:09:14     1000         -   3378174   98.00    1.00    0.00    0.00   99.00     0  |__CPU 2/TCG
07:09:14     1000         -   3378175    0.00    0.00    0.00    0.00    0.00    15  |__CPU 3/TCG
07:09:15     1000   3378149         -  193.00    2.00    0.00    0.00  195.00    28  qemu-system-aar
07:09:15     1000         -   3378149    0.00    1.00    0.00    0.00    1.00    28  |__qemu-system-aar
07:09:15     1000         -   3378157    0.00    0.00    0.00    0.00    0.00     1  |__call_rcu
07:09:15     1000         -   3378172   92.00    0.00    0.00    0.00   92.00    20  |__CPU 0/TCG
07:09:15     1000         -   3378173    1.00    0.00    0.00    0.00    1.00    29  |__CPU 1/TCG
07:09:15     1000         -   3378174   97.00    1.00    0.00    0.00   98.00     0  |__CPU 2/TCG
07:09:15     1000         -   3378175    0.00    0.00    0.00    0.00    0.00    15  |__CPU 3/TCG
07:09:16     1000   3378149         -  193.00    3.00    0.00    0.00  196.00    27  qemu-system-aar
07:09:16     1000         -   3378149    1.00    2.00    0.00    0.00    3.00    27  |__qemu-system-aar
07:09:16     1000         -   3378157    0.00    0.00    0.00    0.00    0.00     1  |__call_rcu
07:09:16     1000         -   3378172   94.00    2.00    0.00    0.00   96.00    20  |__CPU 0/TCG
07:09:16     1000         -   3378173    1.00    0.00    0.00    0.00    1.00     9  |__CPU 1/TCG
07:09:16     1000         -   3378174   98.00    1.00    0.00    0.00   99.00     0  |__CPU 2/TCG
07:09:16     1000         -   3378175    0.00    0.00    0.00    0.00    0.00    15  |__CPU 3/TCG
07:09:17     1000   3378149         -  194.00    1.00    0.00    0.00  195.00    12  qemu-system-aar
07:09:17     1000         -   3378149    0.00    1.00    0.00    0.00    1.00    12  |__qemu-system-aar
07:09:17     1000         -   3378157    0.00    0.00    0.00    0.00    0.00     1  |__call_rcu
07:09:17     1000         -   3378172   94.00    0.00    0.00    0.00   94.00    20  |__CPU 0/TCG
07:09:17     1000         -   3378173    0.00    0.00    0.00    0.00    0.00    29  |__CPU 1/TCG
07:09:17     1000         -   3378174   98.00    1.00    0.00    0.00   99.00     0  |__CPU 2/TCG
07:09:17     1000         -   3378175    0.00    0.00    0.00    0.00    0.00    15  |__CPU 3/TCG
07:09:18     1000   3378149         -  194.00    2.00    0.00    0.00  196.00    13  qemu-system-aar
07:09:18     1000         -   3378149    1.00    2.00    0.00    0.00    3.00    13  |__qemu-system-aar
07:09:18     1000         -   3378157    0.00    0.00    0.00    0.00    0.00     1  |__call_rcu
07:09:18     1000         -   3378172   93.00    1.00    0.00    0.00   94.00    20  |__CPU 0/TCG
07:09:18     1000         -   3378173    1.00    0.00    0.00    0.00    1.00     1  |__CPU 1/TCG
07:09:18     1000         -   3378174   97.00    0.00    0.00    0.00   97.00     0  |__CPU 2/TCG
07:09:18     1000         -   3378175    0.00    0.00    0.00    0.00    0.00    15  |__CPU 3/TCG
07:09:19     1000   3378149         -  194.00    2.00    0.00    0.00  196.00    28  qemu-system-aar
07:09:19     1000         -   3378149    0.00    2.00    0.00    0.00    2.00    28  |__qemu-system-aar
07:09:19     1000         -   3378157    0.00    0.00    0.00    0.00    0.00     1  |__call_rcu
07:09:19     1000         -   3378172   96.00    0.00    0.00    0.00   96.00    20  |__CPU 0/TCG
07:09:19     1000         -   3378173    0.00    0.00    0.00    0.00    0.00     1  |__CPU 1/TCG
07:09:19     1000         -   3378174   98.00    1.00    0.00    0.00   99.00     0  |__CPU 2/TCG
07:09:19     1000         -   3378175    0.00    0.00    0.00    0.00    0.00    15  |__CPU 3/TCG
07:09:20     1000   3378149         -  195.00    1.00    0.00    0.00  196.00     9  qemu-system-aar
07:09:20     1000         -   3378149    1.00    1.00    0.00    0.00    2.00     9  |__qemu-system-aar
07:09:20     1000         -   3378157    0.00    0.00    0.00    0.00    0.00     1  |__call_rcu
07:09:20     1000         -   3378172   94.00    1.00    0.00    0.00   95.00    20  |__CPU 0/TCG
07:09:20     1000         -   3378173    0.00    0.00    0.00    0.00    0.00     1  |__CPU 1/TCG
07:09:20     1000         -   3378174   98.00    1.00    0.00    0.00   99.00     0  |__CPU 2/TCG
07:09:20     1000         -   3378175    0.00    0.00    0.00    0.00    0.00    15  |__CPU 3/TCG
07:09:21     1000   3378149         -  193.00    2.00    0.00    0.00  195.00     9  qemu-system-aar
07:09:21     1000         -   3378149    1.00    2.00    0.00    0.00    3.00     9  |__qemu-system-aar
07:09:21     1000         -   3378157    0.00    0.00    0.00    0.00    0.00     1  |__call_rcu
07:09:21     1000         -   3378172   93.00    0.00    0.00    0.00   93.00    20  |__CPU 0/TCG
07:09:21     1000         -   3378173    0.00    0.00    0.00    0.00    0.00     1  |__CPU 1/TCG
07:09:21     1000         -   3378174   98.00    1.00    0.00    0.00   99.00     0  |__CPU 2/TCG
07:09:21     1000         -   3378175    0.00    0.00    0.00    0.00    0.00    15  |__CPU 3/TCG
