Linux 6.17.0-40-generic (9950x) 	08/16/26 	_x86_64_	(32 CPU)

# Time        UID      TGID       TID    %usr %system  %guest   %wait    %CPU   CPU  Command
07:26:16     1000   3497098         -   98.00    5.00    0.00    0.00  103.00    15  qemu-system-aar
07:26:16     1000         -   3497098    1.00    3.00    0.00    0.00    4.00    15  |__qemu-system-aar
07:26:16     1000         -   3497110    0.00    0.00    0.00    0.00    0.00     3  |__call_rcu
07:26:16     1000         -   3497111    0.00    0.00    0.00    0.00    0.00     3  |__worker
07:26:16     1000         -   3497159   93.00    1.00    0.00    0.00   94.00     0  |__CPU 0/TCG
07:26:16     1000         -   3497161    1.00    0.00    0.00    0.00    1.00     1  |__CPU 1/TCG
07:26:16     1000         -   3497162    1.00    0.00    0.00    0.00    1.00    14  |__CPU 2/TCG
07:26:16     1000         -   3497163    0.00    0.00    0.00    0.00    0.00     2  |__CPU 3/TCG
07:26:17     1000   3497098         -  177.00   19.00    0.00    0.00  196.00    15  qemu-system-aar
07:26:17     1000         -   3497098    0.00    1.00    0.00    0.00    1.00    15  |__qemu-system-aar
07:26:17     1000         -   3497110    0.00    0.00    0.00    0.00    0.00     3  |__call_rcu
07:26:17     1000         -   3497111    0.00    0.00    0.00    0.00    0.00     3  |__worker
07:26:17     1000         -   3497159   84.00   10.00    0.00    0.00   94.00     0  |__CPU 0/TCG
07:26:17     1000         -   3497161    2.00    0.00    0.00    0.00    2.00     1  |__CPU 1/TCG
07:26:17     1000         -   3497162   91.00    7.00    0.00    0.00   98.00    14  |__CPU 2/TCG
07:26:17     1000         -   3497163    0.00    0.00    0.00    0.00    0.00     2  |__CPU 3/TCG
07:26:18     1000   3497098         -  165.00   24.00    0.00    0.00  189.00    15  qemu-system-aar
07:26:18     1000         -   3497098    1.00    1.00    0.00    0.00    2.00    15  |__qemu-system-aar
07:26:18     1000         -   3497110    0.00    0.00    0.00    0.00    0.00     3  |__call_rcu
07:26:18     1000         -   3497111    0.00    0.00    0.00    0.00    0.00     3  |__worker
07:26:18     1000         -   3497159   78.00   12.00    0.00    0.00   90.00     0  |__CPU 0/TCG
07:26:18     1000         -   3497161    0.00    0.00    0.00    0.00    0.00     1  |__CPU 1/TCG
07:26:18     1000         -   3497162   86.00   13.00    0.00    0.00   99.00    14  |__CPU 2/TCG
07:26:18     1000         -   3497163    0.00    0.00    0.00    0.00    0.00     2  |__CPU 3/TCG
07:26:19     1000   3497098         -  165.00   25.00    0.00    1.00  190.00    15  qemu-system-aar
07:26:19     1000         -   3497098    0.00    1.00    0.00    1.00    1.00    15  |__qemu-system-aar
07:26:19     1000         -   3497110    0.00    0.00    0.00    0.00    0.00     3  |__call_rcu
07:26:19     1000         -   3497111    0.00    0.00    0.00    0.00    0.00     3  |__worker
07:26:19     1000         -   3497159   79.00   11.00    0.00    0.00   90.00     0  |__CPU 0/TCG
07:26:19     1000         -   3497161    1.00    0.00    0.00    0.00    1.00     1  |__CPU 1/TCG
07:26:19     1000         -   3497162   84.00   14.00    0.00    0.00   98.00    14  |__CPU 2/TCG
07:26:19     1000         -   3497163    0.00    0.00    0.00    0.00    0.00     2  |__CPU 3/TCG
07:26:20     1000   3497098         -  177.00   17.00    0.00    1.00  194.00    15  qemu-system-aar
07:26:20     1000         -   3497098    0.00    1.00    0.00    1.00    1.00    15  |__qemu-system-aar
07:26:20     1000         -   3497110    0.00    0.00    0.00    0.00    0.00     3  |__call_rcu
07:26:20     1000         -   3497111    0.00    0.00    0.00    0.00    0.00     3  |__worker
07:26:20     1000         -   3497159   84.00    8.00    0.00    0.00   92.00     0  |__CPU 0/TCG
07:26:20     1000         -   3497161    0.00    0.00    0.00    0.00    0.00     1  |__CPU 1/TCG
07:26:20     1000         -   3497162   92.00    8.00    0.00    0.00  100.00    14  |__CPU 2/TCG
07:26:20     1000         -   3497163    0.00    0.00    0.00    0.00    0.00     2  |__CPU 3/TCG
07:26:21     1000   3497098         -  177.00   17.00    0.00    1.00  194.00    15  qemu-system-aar
07:26:21     1000         -   3497098    1.00    0.00    0.00    1.00    1.00    15  |__qemu-system-aar
07:26:21     1000         -   3497110    0.00    0.00    0.00    0.00    0.00     3  |__call_rcu
07:26:21     1000         -   3497111    0.00    0.00    0.00    0.00    0.00     3  |__worker
07:26:21     1000         -   3497159   86.00    8.00    0.00    0.00   94.00     0  |__CPU 0/TCG
07:26:21     1000         -   3497161    0.00    0.00    0.00    0.00    0.00     1  |__CPU 1/TCG
07:26:21     1000         -   3497162   90.00    8.00    0.00    0.00   98.00    14  |__CPU 2/TCG
07:26:21     1000         -   3497163    0.00    0.00    0.00    0.00    0.00     2  |__CPU 3/TCG
07:26:22     1000   3497098         -  164.00   26.00    0.00    2.00  190.00    15  qemu-system-aar
07:26:22     1000         -   3497098    0.00    1.00    0.00    2.00    1.00    15  |__qemu-system-aar
07:26:22     1000         -   3497110    0.00    0.00    0.00    0.00    0.00     3  |__call_rcu
07:26:22     1000         -   3497111    0.00    0.00    0.00    0.00    0.00     3  |__worker
07:26:22     1000         -   3497159   77.00   13.00    0.00    0.00   90.00     0  |__CPU 0/TCG
07:26:22     1000         -   3497161    1.00    0.00    0.00    0.00    1.00     1  |__CPU 1/TCG
07:26:22     1000         -   3497162   85.00   14.00    0.00    0.00   99.00    14  |__CPU 2/TCG
07:26:22     1000         -   3497163    0.00    0.00    0.00    0.00    0.00     2  |__CPU 3/TCG
07:26:23     1000   3497098         -  179.00   16.00    0.00    1.00  195.00    15  qemu-system-aar
07:26:23     1000         -   3497098    0.00    1.00    0.00    1.00    1.00    15  |__qemu-system-aar
07:26:23     1000         -   3497110    0.00    0.00    0.00    0.00    0.00     3  |__call_rcu
07:26:23     1000         -   3497111    0.00    0.00    0.00    0.00    0.00     3  |__worker
07:26:23     1000         -   3497159   87.00    7.00    0.00    0.00   94.00     0  |__CPU 0/TCG
07:26:23     1000         -   3497161    0.00    0.00    0.00    0.00    0.00     1  |__CPU 1/TCG
07:26:23     1000         -   3497162   91.00    8.00    0.00    0.00   99.00    14  |__CPU 2/TCG
07:26:23     1000         -   3497163    0.00    0.00    0.00    0.00    0.00     2  |__CPU 3/TCG
07:26:24     1000   3497098         -  185.00   11.00    0.00    1.00  196.00    15  qemu-system-aar
07:26:24     1000         -   3497098    1.00    1.00    0.00    1.00    2.00    15  |__qemu-system-aar
07:26:24     1000         -   3497110    0.00    0.00    0.00    0.00    0.00     3  |__call_rcu
07:26:24     1000         -   3497111    0.00    0.00    0.00    0.00    0.00     3  |__worker
07:26:24     1000         -   3497159   89.00    6.00    0.00    0.00   95.00     0  |__CPU 0/TCG
07:26:24     1000         -   3497161    0.00    0.00    0.00    0.00    0.00     1  |__CPU 1/TCG
07:26:24     1000         -   3497162   95.00    5.00    0.00    0.00  100.00    14  |__CPU 2/TCG
07:26:24     1000         -   3497163    0.00    0.00    0.00    0.00    0.00     2  |__CPU 3/TCG
07:26:25     1000   3497098         -  145.00   40.00    0.00    1.00  185.00    15  qemu-system-aar
07:26:25     1000         -   3497098    0.00    0.00    0.00    1.00    0.00    15  |__qemu-system-aar
07:26:25     1000         -   3497110    0.00    0.00    0.00    0.00    0.00     3  |__call_rcu
07:26:25     1000         -   3497111    0.00    0.00    0.00    0.00    0.00     3  |__worker
07:26:25     1000         -   3497159   66.00   19.00    0.00    0.00   85.00     0  |__CPU 0/TCG
07:26:25     1000         -   3497161    1.00    0.00    0.00    0.00    1.00     1  |__CPU 1/TCG
07:26:25     1000         -   3497162   78.00   21.00    0.00    0.00   99.00    14  |__CPU 2/TCG
07:26:25     1000         -   3497163    0.00    0.00    0.00    0.00    0.00     2  |__CPU 3/TCG
07:26:26     1000   3497098         -  139.00   45.00    0.00    1.00  184.00    15  qemu-system-aar
07:26:26     1000         -   3497098    0.00    1.00    0.00    1.00    1.00    15  |__qemu-system-aar
07:26:26     1000         -   3497110    0.00    0.00    0.00    0.00    0.00     3  |__call_rcu
07:26:26     1000         -   3497159   60.00   23.00    0.00    0.00   83.00     0  |__CPU 0/TCG
07:26:26     1000         -   3497161    0.00    0.00    0.00    0.00    0.00     1  |__CPU 1/TCG
07:26:26     1000         -   3497162   77.00   21.00    0.00    0.00   98.00    14  |__CPU 2/TCG
07:26:26     1000         -   3497163    0.00    0.00    0.00    0.00    0.00     2  |__CPU 3/TCG
07:26:27     1000   3497098         -  141.00   42.00    0.00    2.00  183.00    15  qemu-system-aar
07:26:27     1000         -   3497098    1.00    0.00    0.00    2.00    1.00    15  |__qemu-system-aar
07:26:27     1000         -   3497110    0.00    0.00    0.00    0.00    0.00     3  |__call_rcu
07:26:27     1000         -   3497159   64.00   18.00    0.00    0.00   82.00     0  |__CPU 0/TCG
07:26:27     1000         -   3497161    1.00    0.00    0.00    0.00    1.00     1  |__CPU 1/TCG
07:26:27     1000         -   3497162   76.00   23.00    0.00    0.00   99.00    14  |__CPU 2/TCG
07:26:27     1000         -   3497163    0.00    0.00    0.00    0.00    0.00     2  |__CPU 3/TCG
07:26:28     1000   3497098         -  166.00   24.00    0.00    2.00  190.00    15  qemu-system-aar
07:26:28     1000         -   3497098    2.00    1.00    0.00    2.00    3.00    15  |__qemu-system-aar
07:26:28     1000         -   3497110    0.00    0.00    0.00    0.00    0.00     3  |__call_rcu
07:26:28     1000         -   3497159   77.00   13.00    0.00    0.00   90.00     0  |__CPU 0/TCG
07:26:28     1000         -   3497161    0.00    0.00    0.00    0.00    0.00     1  |__CPU 1/TCG
07:26:28     1000         -   3497162   87.00   12.00    0.00    0.00   99.00    14  |__CPU 2/TCG
07:26:28     1000         -   3497163    0.00    0.00    0.00    0.00    0.00     2  |__CPU 3/TCG
07:26:29     1000   3497098         -  188.00   10.00    0.00    1.00  198.00    15  qemu-system-aar
07:26:29     1000         -   3497098    0.00    1.00    0.00    1.00    1.00    15  |__qemu-system-aar
07:26:29     1000         -   3497110    0.00    0.00    0.00    0.00    0.00     3  |__call_rcu
07:26:29     1000         -   3497159   93.00    4.00    0.00    0.00   97.00     0  |__CPU 0/TCG
07:26:29     1000         -   3497161    0.00    0.00    0.00    0.00    0.00     1  |__CPU 1/TCG
07:26:29     1000         -   3497162   94.00    5.00    0.00    0.00   99.00    14  |__CPU 2/TCG
07:26:29     1000         -   3497163    0.00    0.00    0.00    0.00    0.00     2  |__CPU 3/TCG
07:26:30     1000   3497098         -  185.00   12.00    0.00    0.00  197.00    15  qemu-system-aar
07:26:30     1000         -   3497098    1.00    1.00    0.00    0.00    2.00    15  |__qemu-system-aar
07:26:30     1000         -   3497110    0.00    0.00    0.00    0.00    0.00     3  |__call_rcu
07:26:30     1000         -   3497159   91.00    5.00    0.00    0.00   96.00     0  |__CPU 0/TCG
07:26:30     1000         -   3497161    1.00    0.00    0.00    0.00    1.00     1  |__CPU 1/TCG
07:26:30     1000         -   3497162   93.00    7.00    0.00    0.00  100.00    14  |__CPU 2/TCG
07:26:30     1000         -   3497163    0.00    0.00    0.00    0.00    0.00     2  |__CPU 3/TCG
07:26:31     1000   3497098         -  188.00    9.00    0.00    1.00  197.00    15  qemu-system-aar
07:26:31     1000         -   3497098    0.00    1.00    0.00    1.00    1.00    15  |__qemu-system-aar
07:26:31     1000         -   3497110    0.00    0.00    0.00    0.00    0.00     3  |__call_rcu
07:26:31     1000         -   3497159   93.00    3.00    0.00    0.00   96.00     0  |__CPU 0/TCG
07:26:31     1000         -   3497161    0.00    0.00    0.00    0.00    0.00     1  |__CPU 1/TCG
07:26:31     1000         -   3497162   94.00    5.00    0.00    0.00   99.00    14  |__CPU 2/TCG
07:26:31     1000         -   3497163    0.00    0.00    0.00    0.00    0.00     2  |__CPU 3/TCG
07:26:32     1000   3497098         -  187.00   10.00    0.00    0.00  197.00    15  qemu-system-aar
07:26:32     1000         -   3497098    0.00    1.00    0.00    0.00    1.00    15  |__qemu-system-aar
07:26:32     1000         -   3497110    0.00    0.00    0.00    0.00    0.00     3  |__call_rcu
07:26:32     1000         -   3497159   91.00    5.00    0.00    0.00   96.00     0  |__CPU 0/TCG
07:26:32     1000         -   3497161    0.00    0.00    0.00    0.00    0.00     1  |__CPU 1/TCG
07:26:32     1000         -   3497162   93.00    6.00    0.00    0.00   99.00    14  |__CPU 2/TCG
07:26:32     1000         -   3497163    0.00    0.00    0.00    0.00    0.00     2  |__CPU 3/TCG
07:26:33     1000   3497098         -  185.00   11.00    0.00    0.00  196.00    15  qemu-system-aar
07:26:33     1000         -   3497098    1.00    0.00    0.00    0.00    1.00    15  |__qemu-system-aar
07:26:33     1000         -   3497110    0.00    0.00    0.00    0.00    0.00     3  |__call_rcu
07:26:33     1000         -   3497159   91.00    4.00    0.00    0.00   95.00     0  |__CPU 0/TCG
07:26:33     1000         -   3497161    1.00    0.00    0.00    0.00    1.00     1  |__CPU 1/TCG
07:26:33     1000         -   3497162   92.00    6.00    0.00    0.00   98.00    14  |__CPU 2/TCG
07:26:33     1000         -   3497163    0.00    0.00    0.00    0.00    0.00     2  |__CPU 3/TCG
07:26:34     1000   3497098         -  189.00    9.00    0.00    0.00  198.00    15  qemu-system-aar
07:26:34     1000         -   3497098    1.00    1.00    0.00    0.00    2.00    15  |__qemu-system-aar
07:26:34     1000         -   3497110    0.00    0.00    0.00    0.00    0.00     3  |__call_rcu
07:26:34     1000         -   3497159   94.00    4.00    0.00    0.00   98.00     0  |__CPU 0/TCG
07:26:34     1000         -   3497161    0.00    0.00    0.00    0.00    0.00     1  |__CPU 1/TCG
07:26:34     1000         -   3497162   95.00    5.00    0.00    0.00  100.00    14  |__CPU 2/TCG
07:26:34     1000         -   3497163    0.00    0.00    0.00    0.00    0.00     2  |__CPU 3/TCG
07:26:35     1000   3497098         -  186.00   11.00    0.00    1.00  197.00    15  qemu-system-aar
07:26:35     1000         -   3497098    0.00    2.00    0.00    1.00    2.00    15  |__qemu-system-aar
07:26:35     1000         -   3497110    0.00    0.00    0.00    0.00    0.00     3  |__call_rcu
07:26:35     1000         -   3497159   90.00    5.00    0.00    0.00   95.00     0  |__CPU 0/TCG
07:26:35     1000         -   3497161    0.00    0.00    0.00    0.00    0.00     1  |__CPU 1/TCG
07:26:35     1000         -   3497162   93.00    5.00    0.00    0.00   98.00    14  |__CPU 2/TCG
07:26:35     1000         -   3497163    0.00    0.00    0.00    0.00    0.00     2  |__CPU 3/TCG
07:26:36     1000   3497098         -  188.00    9.00    0.00    0.00  197.00    15  qemu-system-aar
07:26:36     1000         -   3497098    1.00    0.00    0.00    0.00    1.00    15  |__qemu-system-aar
07:26:36     1000         -   3497110    0.00    0.00    0.00    0.00    0.00     3  |__call_rcu
07:26:36     1000         -   3497159   93.00    3.00    0.00    0.00   96.00     0  |__CPU 0/TCG
07:26:36     1000         -   3497161    1.00    0.00    0.00    0.00    1.00     1  |__CPU 1/TCG
07:26:36     1000         -   3497162   94.00    6.00    0.00    0.00  100.00    14  |__CPU 2/TCG
07:26:36     1000         -   3497163    0.00    0.00    0.00    0.00    0.00     2  |__CPU 3/TCG
07:26:37     1000   3497098         -  188.00    9.00    0.00    0.00  197.00    15  qemu-system-aar
07:26:37     1000         -   3497098    0.00    1.00    0.00    0.00    1.00    15  |__qemu-system-aar
07:26:37     1000         -   3497110    0.00    0.00    0.00    0.00    0.00     3  |__call_rcu
07:26:37     1000         -   3497159   92.00    4.00    0.00    0.00   96.00     0  |__CPU 0/TCG
07:26:37     1000         -   3497161    0.00    0.00    0.00    0.00    0.00     1  |__CPU 1/TCG
07:26:37     1000         -   3497162   95.00    5.00    0.00    0.00  100.00    14  |__CPU 2/TCG
07:26:37     1000         -   3497163    0.00    0.00    0.00    0.00    0.00     2  |__CPU 3/TCG
07:26:38     1000   3497098         -  187.00   10.00    0.00    0.00  197.00    15  qemu-system-aar
07:26:38     1000         -   3497098    1.00    1.00    0.00    0.00    2.00    15  |__qemu-system-aar
07:26:38     1000         -   3497110    0.00    0.00    0.00    0.00    0.00     3  |__call_rcu
07:26:38     1000         -   3497159   92.00    4.00    0.00    1.00   96.00     0  |__CPU 0/TCG
07:26:38     1000         -   3497161    0.00    1.00    0.00    0.00    1.00     1  |__CPU 1/TCG
07:26:38     1000         -   3497162   93.00    5.00    0.00    0.00   98.00    14  |__CPU 2/TCG
07:26:38     1000         -   3497163    0.00    0.00    0.00    0.00    0.00     2  |__CPU 3/TCG
07:26:39     1000   3497098         -  187.00   10.00    0.00    1.00  197.00    15  qemu-system-aar
07:26:39     1000         -   3497098    1.00    1.00    0.00    1.00    2.00    15  |__qemu-system-aar
07:26:39     1000         -   3497110    0.00    0.00    0.00    0.00    0.00     3  |__call_rcu
07:26:39     1000         -   3497159   92.00    5.00    0.00    0.00   97.00     0  |__CPU 0/TCG
07:26:39     1000         -   3497161    0.00    0.00    0.00    0.00    0.00     1  |__CPU 1/TCG
07:26:39     1000         -   3497162   94.00    5.00    0.00    0.00   99.00    14  |__CPU 2/TCG
07:26:39     1000         -   3497163    0.00    0.00    0.00    0.00    0.00     2  |__CPU 3/TCG
07:26:40     1000   3497098         -  190.00    9.00    0.00    0.00  199.00    15  qemu-system-aar
07:26:40     1000         -   3497098    0.00    1.00    0.00    0.00    1.00    15  |__qemu-system-aar
07:26:40     1000         -   3497110    0.00    0.00    0.00    0.00    0.00     3  |__call_rcu
07:26:40     1000         -   3497159   93.00    3.00    0.00    0.00   96.00     0  |__CPU 0/TCG
07:26:40     1000         -   3497161    1.00    0.00    0.00    0.00    1.00     1  |__CPU 1/TCG
07:26:40     1000         -   3497162   95.00    5.00    0.00    0.00  100.00    14  |__CPU 2/TCG
07:26:40     1000         -   3497163    0.00    0.00    0.00    0.00    0.00     2  |__CPU 3/TCG
07:26:41     1000   3497098         -  186.00   10.00    0.00    1.00  196.00    15  qemu-system-aar
07:26:41     1000         -   3497098    0.00    2.00    0.00    1.00    2.00    15  |__qemu-system-aar
07:26:41     1000         -   3497110    0.00    0.00    0.00    0.00    0.00     3  |__call_rcu
07:26:41     1000         -   3497159   92.00    4.00    0.00    0.00   96.00     0  |__CPU 0/TCG
07:26:41     1000         -   3497161    0.00    0.00    0.00    0.00    0.00     1  |__CPU 1/TCG
07:26:41     1000         -   3497162   93.00    6.00    0.00    0.00   99.00    14  |__CPU 2/TCG
07:26:41     1000         -   3497163    0.00    0.00    0.00    0.00    0.00     2  |__CPU 3/TCG
