Linux 6.17.0-40-generic (9950x) 	08/15/26 	_x86_64_	(32 CPU)

# Time        UID      TGID       TID    %usr %system  %guest   %wait    %CPU   CPU  Command
21:12:24     1000   1449495         -  102.00    6.00    0.00    0.00  108.00    10  qemu-system-aar
21:12:24     1000         -   1449495    1.00    3.00    0.00    0.00    4.00    10  |__qemu-system-aar
21:12:24     1000         -   1449500    0.00    0.00    0.00    0.00    0.00    24  |__call_rcu
21:12:24     1000         -   1449501    0.00    0.00    0.00    0.00    0.00    11  |__worker
21:12:24     1000         -   1449515   93.00    1.00    0.00    0.00   94.00     3  |__CPU 0/TCG
21:12:24     1000         -   1449516    1.00    0.00    0.00    0.00    1.00    13  |__CPU 1/TCG
21:12:24     1000         -   1449517    4.00    0.00    0.00    0.00    4.00     6  |__CPU 2/TCG
21:12:24     1000         -   1449518    0.00    0.00    0.00    0.00    0.00    26  |__CPU 3/TCG
21:12:25     1000   1449495         -  199.00    4.00    0.00    0.00  203.00    10  qemu-system-aar
21:12:25     1000         -   1449495    1.00    4.00    0.00    0.00    5.00    10  |__qemu-system-aar
21:12:25     1000         -   1449500    0.00    0.00    0.00    0.00    0.00     6  |__call_rcu
21:12:25     1000         -   1449501    0.00    0.00    0.00    0.00    0.00    11  |__worker
21:12:25     1000         -   1449515   98.00    1.00    0.00    0.00   99.00     3  |__CPU 0/TCG
21:12:25     1000         -   1449516    1.00    1.00    0.00    0.00    2.00    12  |__CPU 1/TCG
21:12:25     1000         -   1449517   97.00    2.00    0.00    0.00   99.00    22  |__CPU 2/TCG
21:12:25     1000         -   1449518    0.00    0.00    0.00    0.00    0.00    26  |__CPU 3/TCG
21:12:26     1000   1449495         -  198.00    5.00    0.00    0.00  203.00    10  qemu-system-aar
21:12:26     1000         -   1449495    1.00    4.00    0.00    0.00    5.00    10  |__qemu-system-aar
21:12:26     1000         -   1449500    0.00    0.00    0.00    0.00    0.00     6  |__call_rcu
21:12:26     1000         -   1449501    0.00    0.00    0.00    0.00    0.00    11  |__worker
21:12:26     1000         -   1449515   97.00    1.00    0.00    0.00   98.00    19  |__CPU 0/TCG
21:12:26     1000         -   1449516    1.00    0.00    0.00    0.00    1.00    12  |__CPU 1/TCG
21:12:26     1000         -   1449517   96.00    3.00    0.00    0.00   99.00     6  |__CPU 2/TCG
21:12:26     1000         -   1449518    0.00    0.00    0.00    0.00    0.00    26  |__CPU 3/TCG
21:12:27     1000   1449495         -  180.00    2.00    0.00    5.00  182.00    13  qemu-system-aar
21:12:27     1000         -   1449495    1.00    3.00    0.00    5.00    4.00    13  |__qemu-system-aar
21:12:27     1000         -   1449500    0.00    0.00    0.00    0.00    0.00     6  |__call_rcu
21:12:27     1000         -   1449501    0.00    0.00    0.00    0.00    0.00    11  |__worker
21:12:27     1000         -   1449515   88.00    1.00    0.00   10.00   89.00    13  |__CPU 0/TCG
21:12:27     1000         -   1449516    1.00    0.00    0.00    0.00    1.00    13  |__CPU 1/TCG
21:12:27     1000         -   1449517   87.00    1.00    0.00   11.00   88.00    17  |__CPU 2/TCG
21:12:27     1000         -   1449518    0.00    0.00    0.00    0.00    0.00    26  |__CPU 3/TCG
21:12:28     1000   1449495         -  194.00    2.00    0.00    1.00  196.00    16  qemu-system-aar
21:12:28     1000         -   1449495    1.00    3.00    0.00    1.00    4.00    16  |__qemu-system-aar
21:12:28     1000         -   1449500    0.00    0.00    0.00    0.00    0.00     6  |__call_rcu
21:12:28     1000         -   1449501    0.00    0.00    0.00    0.00    0.00    11  |__worker
21:12:28     1000         -   1449515   96.00    0.00    0.00    4.00   96.00     3  |__CPU 0/TCG
21:12:28     1000         -   1449516    1.00    0.00    0.00    1.00    1.00     7  |__CPU 1/TCG
21:12:28     1000         -   1449517   94.00    1.00    0.00    4.00   95.00    17  |__CPU 2/TCG
21:12:28     1000         -   1449518    0.00    0.00    0.00    0.00    0.00    26  |__CPU 3/TCG
21:12:29     1000   1449495         -  203.00    1.00    0.00    0.00  204.00    16  qemu-system-aar
21:12:29     1000         -   1449495    2.00    2.00    0.00    0.00    4.00    16  |__qemu-system-aar
21:12:29     1000         -   1449500    0.00    0.00    0.00    0.00    0.00     6  |__call_rcu
21:12:29     1000         -   1449501    0.00    0.00    0.00    0.00    0.00    11  |__worker
21:12:29     1000         -   1449515   99.00    0.00    0.00    0.00   99.00     6  |__CPU 0/TCG
21:12:29     1000         -   1449516    0.00    0.00    0.00    0.00    0.00    21  |__CPU 1/TCG
21:12:29     1000         -   1449517   99.00    0.00    0.00    0.00   99.00    17  |__CPU 2/TCG
21:12:29     1000         -   1449518    0.00    0.00    0.00    0.00    0.00    26  |__CPU 3/TCG
21:12:30     1000   1449495         -  202.00    1.00    0.00    0.00  203.00     7  qemu-system-aar
21:12:30     1000         -   1449495    1.00    4.00    0.00    0.00    5.00     7  |__qemu-system-aar
21:12:30     1000         -   1449500    0.00    0.00    0.00    0.00    0.00     6  |__call_rcu
21:12:30     1000         -   1449501    0.00    0.00    0.00    0.00    0.00    11  |__worker
21:12:30     1000         -   1449515   99.00    0.00    0.00    0.00   99.00     1  |__CPU 0/TCG
21:12:30     1000         -   1449516    1.00    0.00    0.00    0.00    1.00    21  |__CPU 1/TCG
21:12:30     1000         -   1449517   99.00    1.00    0.00    0.00  100.00     6  |__CPU 2/TCG
21:12:30     1000         -   1449518    0.00    0.00    0.00    0.00    0.00    26  |__CPU 3/TCG
21:12:31     1000   1449495         -  201.00    2.00    0.00    0.00  203.00    17  qemu-system-aar
21:12:31     1000         -   1449495    1.00    3.00    0.00    0.00    4.00    17  |__qemu-system-aar
21:12:31     1000         -   1449500    0.00    0.00    0.00    0.00    0.00     6  |__call_rcu
21:12:31     1000         -   1449501    0.00    0.00    0.00    0.00    0.00    11  |__worker
21:12:31     1000         -   1449515   98.00    1.00    0.00    0.00   99.00     6  |__CPU 0/TCG
21:12:31     1000         -   1449516    0.00    0.00    0.00    0.00    0.00    21  |__CPU 1/TCG
21:12:31     1000         -   1449517   99.00    0.00    0.00    0.00   99.00     1  |__CPU 2/TCG
21:12:31     1000         -   1449518    0.00    0.00    0.00    0.00    0.00    26  |__CPU 3/TCG
21:12:32     1000   1449495         -  202.00    2.00    0.00    0.00  204.00    17  qemu-system-aar
21:12:32     1000         -   1449495    1.00    3.00    0.00    0.00    4.00    17  |__qemu-system-aar
21:12:32     1000         -   1449500    0.00    0.00    0.00    0.00    0.00     6  |__call_rcu
21:12:32     1000         -   1449501    0.00    0.00    0.00    0.00    0.00    11  |__worker
21:12:32     1000         -   1449515   99.00    1.00    0.00    0.00  100.00     3  |__CPU 0/TCG
21:12:32     1000         -   1449516    0.00    0.00    0.00    0.00    0.00    21  |__CPU 1/TCG
21:12:32     1000         -   1449517   99.00    1.00    0.00    0.00  100.00     1  |__CPU 2/TCG
21:12:32     1000         -   1449518    0.00    0.00    0.00    0.00    0.00    26  |__CPU 3/TCG
21:12:33     1000   1449495         -  200.00    3.00    0.00    0.00  203.00     6  qemu-system-aar
21:12:33     1000         -   1449495    1.00    4.00    0.00    0.00    5.00     6  |__qemu-system-aar
21:12:33     1000         -   1449500    0.00    0.00    0.00    0.00    0.00     6  |__call_rcu
21:12:33     1000         -   1449501    0.00    0.00    0.00    0.00    0.00    11  |__worker
21:12:33     1000         -   1449515   98.00    0.00    0.00    0.00   98.00    19  |__CPU 0/TCG
21:12:33     1000         -   1449516    1.00    0.00    0.00    0.00    1.00     0  |__CPU 1/TCG
21:12:33     1000         -   1449517   98.00    1.00    0.00    1.00   99.00    21  |__CPU 2/TCG
21:12:33     1000         -   1449518    0.00    0.00    0.00    0.00    0.00    26  |__CPU 3/TCG
21:12:34     1000   1449495         -  202.00    1.00    0.00    0.00  203.00     6  qemu-system-aar
21:12:34     1000         -   1449495    2.00    2.00    0.00    0.00    4.00     6  |__qemu-system-aar
21:12:34     1000         -   1449500    0.00    0.00    0.00    0.00    0.00     6  |__call_rcu
21:12:34     1000         -   1449515   99.00    1.00    0.00    0.00  100.00    19  |__CPU 0/TCG
21:12:34     1000         -   1449516    0.00    0.00    0.00    0.00    0.00    23  |__CPU 1/TCG
21:12:34     1000         -   1449517   99.00    1.00    0.00    0.00  100.00    21  |__CPU 2/TCG
21:12:34     1000         -   1449518    0.00    0.00    0.00    0.00    0.00    26  |__CPU 3/TCG
21:12:35     1000   1449495         -  201.00    3.00    0.00    0.00  204.00    13  qemu-system-aar
21:12:35     1000         -   1449495    1.00    4.00    0.00    0.00    5.00    13  |__qemu-system-aar
21:12:35     1000         -   1449500    0.00    0.00    0.00    0.00    0.00     6  |__call_rcu
21:12:35     1000         -   1449515   99.00    1.00    0.00    0.00  100.00    19  |__CPU 0/TCG
21:12:35     1000         -   1449516    1.00    0.00    0.00    0.00    1.00    23  |__CPU 1/TCG
21:12:35     1000         -   1449517   98.00    1.00    0.00    0.00   99.00    21  |__CPU 2/TCG
21:12:35     1000         -   1449518    0.00    0.00    0.00    0.00    0.00    26  |__CPU 3/TCG
21:12:36     1000   1449495         -  201.00    3.00    0.00    0.00  204.00     9  qemu-system-aar
21:12:36     1000         -   1449495    1.00    3.00    0.00    0.00    4.00     9  |__qemu-system-aar
21:12:36     1000         -   1449500    0.00    0.00    0.00    0.00    0.00     6  |__call_rcu
21:12:36     1000         -   1449515   98.00    1.00    0.00    0.00   99.00    19  |__CPU 0/TCG
21:12:36     1000         -   1449516    0.00    0.00    0.00    0.00    0.00    23  |__CPU 1/TCG
21:12:36     1000         -   1449517   98.00    2.00    0.00    0.00  100.00    21  |__CPU 2/TCG
21:12:36     1000         -   1449518    0.00    0.00    0.00    0.00    0.00    26  |__CPU 3/TCG
21:12:37     1000   1449495         -  202.00    1.00    0.00    0.00  203.00    14  qemu-system-aar
21:12:37     1000         -   1449495    1.00    3.00    0.00    0.00    4.00    14  |__qemu-system-aar
21:12:37     1000         -   1449500    0.00    0.00    0.00    0.00    0.00     6  |__call_rcu
21:12:37     1000         -   1449515   99.00    0.00    0.00    0.00   99.00    19  |__CPU 0/TCG
21:12:37     1000         -   1449516    1.00    0.00    0.00    0.00    1.00    23  |__CPU 1/TCG
21:12:37     1000         -   1449517   98.00    0.00    0.00    0.00   98.00    21  |__CPU 2/TCG
21:12:37     1000         -   1449518    0.00    0.00    0.00    0.00    0.00    26  |__CPU 3/TCG
21:12:38     1000   1449495         -  189.00    2.00    0.00    3.00  191.00     1  qemu-system-aar
21:12:38     1000         -   1449495    1.00    3.00    0.00    3.00    4.00     1  |__qemu-system-aar
21:12:38     1000         -   1449500    0.00    0.00    0.00    0.00    0.00     6  |__call_rcu
21:12:38     1000         -   1449515   94.00    1.00    0.00    5.00   95.00    20  |__CPU 0/TCG
21:12:38     1000         -   1449516    0.00    0.00    0.00    1.00    0.00     3  |__CPU 1/TCG
21:12:38     1000         -   1449517   92.00    1.00    0.00    6.00   93.00     0  |__CPU 2/TCG
21:12:38     1000         -   1449518    0.00    0.00    0.00    0.00    0.00    26  |__CPU 3/TCG
21:12:39     1000   1449495         -  200.00    3.00    0.00    0.00  203.00     1  qemu-system-aar
21:12:39     1000         -   1449495    1.00    2.00    0.00    0.00    3.00     1  |__qemu-system-aar
21:12:39     1000         -   1449500    0.00    0.00    0.00    0.00    0.00     6  |__call_rcu
21:12:39     1000         -   1449515   98.00    1.00    0.00    0.00   99.00    20  |__CPU 0/TCG
21:12:39     1000         -   1449516    1.00    0.00    0.00    0.00    1.00     3  |__CPU 1/TCG
21:12:39     1000         -   1449517   99.00    1.00    0.00    0.00  100.00    16  |__CPU 2/TCG
21:12:39     1000         -   1449518    0.00    0.00    0.00    0.00    0.00    26  |__CPU 3/TCG
21:12:40     1000   1449495         -  201.00    2.00    0.00    0.00  203.00     6  qemu-system-aar
21:12:40     1000         -   1449495    2.00    1.00    0.00    0.00    3.00     6  |__qemu-system-aar
21:12:40     1000         -   1449500    0.00    0.00    0.00    0.00    0.00     6  |__call_rcu
21:12:40     1000         -   1449515   99.00    0.00    0.00    0.00   99.00     4  |__CPU 0/TCG
21:12:40     1000         -   1449516    0.00    0.00    0.00    0.00    0.00     0  |__CPU 1/TCG
21:12:40     1000         -   1449517   99.00    1.00    0.00    0.00  100.00    16  |__CPU 2/TCG
21:12:40     1000         -   1449518    0.00    0.00    0.00    0.00    0.00    26  |__CPU 3/TCG
21:12:41     1000   1449495         -  201.00    1.00    0.00    0.00  202.00     1  qemu-system-aar
21:12:41     1000         -   1449495    1.00    2.00    0.00    0.00    3.00     1  |__qemu-system-aar
21:12:41     1000         -   1449500    0.00    0.00    0.00    0.00    0.00     6  |__call_rcu
21:12:41     1000         -   1449515   99.00    1.00    0.00    0.00  100.00    20  |__CPU 0/TCG
21:12:41     1000         -   1449516    1.00    0.00    0.00    0.00    1.00     0  |__CPU 1/TCG
21:12:41     1000         -   1449517   98.00    1.00    0.00    0.00   99.00    16  |__CPU 2/TCG
21:12:41     1000         -   1449518    0.00    0.00    0.00    0.00    0.00    26  |__CPU 3/TCG
21:12:42     1000   1449495         -  201.00    2.00    0.00    0.00  203.00     1  qemu-system-aar
21:12:42     1000         -   1449495    1.00    1.00    0.00    0.00    2.00     1  |__qemu-system-aar
21:12:42     1000         -   1449500    0.00    0.00    0.00    0.00    0.00     6  |__call_rcu
21:12:42     1000         -   1449515   99.00    0.00    0.00    0.00   99.00    20  |__CPU 0/TCG
21:12:42     1000         -   1449516    1.00    0.00    0.00    0.00    1.00     0  |__CPU 1/TCG
21:12:42     1000         -   1449517  100.00    0.00    0.00    0.00  100.00    16  |__CPU 2/TCG
21:12:42     1000         -   1449518    0.00    0.00    0.00    0.00    0.00    26  |__CPU 3/TCG
21:12:43     1000   1449495         -  201.00    1.00    0.00    0.00  202.00     1  qemu-system-aar
21:12:43     1000         -   1449495    1.00    2.00    0.00    0.00    3.00     1  |__qemu-system-aar
21:12:43     1000         -   1449500    0.00    0.00    0.00    0.00    0.00     6  |__call_rcu
21:12:43     1000         -   1449515   99.00    1.00    0.00    0.00  100.00    20  |__CPU 0/TCG
21:12:43     1000         -   1449516    0.00    0.00    0.00    0.00    0.00     0  |__CPU 1/TCG
21:12:43     1000         -   1449517   99.00    1.00    0.00    0.00  100.00    16  |__CPU 2/TCG
21:12:43     1000         -   1449518    0.00    0.00    0.00    0.00    0.00    26  |__CPU 3/TCG
21:12:44     1000   1449495         -  202.00    2.00    0.00    0.00  204.00     1  qemu-system-aar
21:12:44     1000         -   1449495    1.00    2.00    0.00    0.00    3.00     1  |__qemu-system-aar
21:12:44     1000         -   1449500    0.00    0.00    0.00    0.00    0.00     6  |__call_rcu
21:12:44     1000         -   1449515   99.00    0.00    0.00    0.00   99.00    20  |__CPU 0/TCG
21:12:44     1000         -   1449516    1.00    0.00    0.00    0.00    1.00     0  |__CPU 1/TCG
21:12:44     1000         -   1449517   99.00    1.00    0.00    0.00  100.00    16  |__CPU 2/TCG
21:12:44     1000         -   1449518    0.00    0.00    0.00    0.00    0.00    26  |__CPU 3/TCG
21:12:45     1000   1449495         -  201.00    2.00    0.00    0.00  203.00     6  qemu-system-aar
21:12:45     1000         -   1449495    1.00    3.00    0.00    0.00    4.00     6  |__qemu-system-aar
21:12:45     1000         -   1449500    0.00    0.00    0.00    0.00    0.00     6  |__call_rcu
21:12:45     1000         -   1449515   99.00    1.00    0.00    0.00  100.00    20  |__CPU 0/TCG
21:12:45     1000         -   1449516    0.00    0.00    0.00    0.00    0.00     0  |__CPU 1/TCG
21:12:45     1000         -   1449517   98.00    1.00    0.00    0.00   99.00    16  |__CPU 2/TCG
21:12:45     1000         -   1449518    0.00    0.00    0.00    0.00    0.00    26  |__CPU 3/TCG
21:12:46     1000   1449495         -  201.00    1.00    0.00    0.00  202.00     7  qemu-system-aar
21:12:46     1000         -   1449495    1.00    2.00    0.00    0.00    3.00     7  |__qemu-system-aar
21:12:46     1000         -   1449500    0.00    0.00    0.00    0.00    0.00     6  |__call_rcu
21:12:46     1000         -   1449515   99.00    0.00    0.00    0.00   99.00    20  |__CPU 0/TCG
21:12:46     1000         -   1449516    1.00    0.00    0.00    0.00    1.00     5  |__CPU 1/TCG
21:12:46     1000         -   1449517   99.00    1.00    0.00    1.00  100.00     0  |__CPU 2/TCG
21:12:46     1000         -   1449518    0.00    0.00    0.00    0.00    0.00    26  |__CPU 3/TCG
21:12:47     1000   1449495         -  202.00    2.00    0.00    0.00  204.00     4  qemu-system-aar
21:12:47     1000         -   1449495    1.00    3.00    0.00    0.00    4.00     4  |__qemu-system-aar
21:12:47     1000         -   1449500    0.00    0.00    0.00    0.00    0.00     6  |__call_rcu
21:12:47     1000         -   1449515   99.00    0.00    0.00    0.00   99.00    20  |__CPU 0/TCG
21:12:47     1000         -   1449516    0.00    0.00    0.00    0.00    0.00     5  |__CPU 1/TCG
21:12:47     1000         -   1449517   99.00    1.00    0.00    0.00  100.00    16  |__CPU 2/TCG
21:12:47     1000         -   1449518    0.00    0.00    0.00    0.00    0.00    26  |__CPU 3/TCG
21:12:48     1000   1449495         -  202.00    2.00    0.00    0.00  204.00     6  qemu-system-aar
21:12:48     1000         -   1449495    2.00    2.00    0.00    0.00    4.00     6  |__qemu-system-aar
21:12:48     1000         -   1449500    0.00    0.00    0.00    0.00    0.00     6  |__call_rcu
21:12:48     1000         -   1449515   99.00    0.00    0.00    0.00   99.00    20  |__CPU 0/TCG
21:12:48     1000         -   1449516    1.00    0.00    0.00    0.00    1.00     5  |__CPU 1/TCG
21:12:48     1000         -   1449517   98.00    1.00    0.00    0.00   99.00    16  |__CPU 2/TCG
21:12:48     1000         -   1449518    0.00    0.00    0.00    0.00    0.00    26  |__CPU 3/TCG
21:12:49     1000   1449495         -  201.00    2.00    0.00    0.00  203.00    21  qemu-system-aar
21:12:49     1000         -   1449495    1.00    2.00    0.00    0.00    3.00    21  |__qemu-system-aar
21:12:49     1000         -   1449500    0.00    0.00    0.00    0.00    0.00     6  |__call_rcu
21:12:49     1000         -   1449515   99.00    1.00    0.00    0.00  100.00    20  |__CPU 0/TCG
21:12:49     1000         -   1449516    0.00    1.00    0.00    0.00    1.00     1  |__CPU 1/TCG
21:12:49     1000         -   1449517   99.00    1.00    0.00    0.00  100.00    16  |__CPU 2/TCG
21:12:49     1000         -   1449518    0.00    0.00    0.00    0.00    0.00    26  |__CPU 3/TCG
21:12:50     1000   1449495         -  201.00    2.00    0.00    0.00  203.00     1  qemu-system-aar
21:12:50     1000         -   1449495    1.00    3.00    0.00    0.00    4.00     1  |__qemu-system-aar
21:12:50     1000         -   1449500    0.00    0.00    0.00    0.00    0.00     6  |__call_rcu
21:12:50     1000         -   1449515   99.00    0.00    0.00    0.00   99.00    20  |__CPU 0/TCG
21:12:50     1000         -   1449516    1.00    0.00    0.00    0.00    1.00     5  |__CPU 1/TCG
21:12:50     1000         -   1449517   99.00    1.00    0.00    0.00  100.00    16  |__CPU 2/TCG
21:12:50     1000         -   1449518    0.00    0.00    0.00    0.00    0.00    26  |__CPU 3/TCG
21:12:51     1000   1449495         -  201.00    2.00    0.00    0.00  203.00    22  qemu-system-aar
21:12:51     1000         -   1449495    0.00    2.00    0.00    0.00    2.00    22  |__qemu-system-aar
21:12:51     1000         -   1449500    0.00    0.00    0.00    0.00    0.00     6  |__call_rcu
21:12:51     1000         -   1449515   99.00    0.00    0.00    0.00   99.00    20  |__CPU 0/TCG
21:12:51     1000         -   1449516    1.00    0.00    0.00    0.00    1.00     5  |__CPU 1/TCG
21:12:51     1000         -   1449517   98.00    1.00    0.00    0.00   99.00    16  |__CPU 2/TCG
21:12:51     1000         -   1449518    0.00    0.00    0.00    0.00    0.00    26  |__CPU 3/TCG
21:12:52     1000   1449495         -  201.00    2.00    0.00    0.00  203.00    21  qemu-system-aar
21:12:52     1000         -   1449495    2.00    3.00    0.00    0.00    5.00    21  |__qemu-system-aar
21:12:52     1000         -   1449500    0.00    0.00    0.00    0.00    0.00     6  |__call_rcu
21:12:52     1000         -   1449515   99.00    1.00    0.00    0.00  100.00    20  |__CPU 0/TCG
21:12:52     1000         -   1449516    0.00    0.00    0.00    0.00    0.00     5  |__CPU 1/TCG
21:12:52     1000         -   1449517   99.00    1.00    0.00    0.00  100.00    16  |__CPU 2/TCG
21:12:52     1000         -   1449518    0.00    0.00    0.00    0.00    0.00    26  |__CPU 3/TCG
21:12:53     1000   1449495         -  201.00    2.00    0.00    0.00  203.00    21  qemu-system-aar
21:12:53     1000         -   1449495    1.00    2.00    0.00    0.00    3.00    21  |__qemu-system-aar
21:12:53     1000         -   1449500    0.00    0.00    0.00    0.00    0.00     6  |__call_rcu
21:12:53     1000         -   1449515   99.00    0.00    0.00    0.00   99.00    20  |__CPU 0/TCG
21:12:53     1000         -   1449516    1.00    0.00    0.00    0.00    1.00    18  |__CPU 1/TCG
21:12:53     1000         -   1449517   99.00    1.00    0.00    0.00  100.00    16  |__CPU 2/TCG
21:12:53     1000         -   1449518    0.00    0.00    0.00    0.00    0.00    26  |__CPU 3/TCG
21:12:54     1000   1449495         -  202.00    1.00    0.00    1.00  203.00    23  qemu-system-aar
21:12:54     1000         -   1449495    0.00    3.00    0.00    1.00    3.00    23  |__qemu-system-aar
21:12:54     1000         -   1449500    0.00    0.00    0.00    0.00    0.00     6  |__call_rcu
21:12:54     1000         -   1449515  100.00    0.00    0.00    0.00  100.00     2  |__CPU 0/TCG
21:12:54     1000         -   1449516    0.00    0.00    0.00    0.00    0.00     0  |__CPU 1/TCG
21:12:54     1000         -   1449517   99.00    1.00    0.00    0.00  100.00    16  |__CPU 2/TCG
21:12:54     1000         -   1449518    0.00    0.00    0.00    0.00    0.00    26  |__CPU 3/TCG
21:12:55     1000   1449495         -  203.00    1.00    0.00    0.00  204.00     0  qemu-system-aar
21:12:55     1000         -   1449495    1.00    3.00    0.00    0.00    4.00     0  |__qemu-system-aar
21:12:55     1000         -   1449500    0.00    0.00    0.00    0.00    0.00     6  |__call_rcu
21:12:55     1000         -   1449515   98.00    1.00    0.00    0.00   99.00     6  |__CPU 0/TCG
21:12:55     1000         -   1449516    1.00    0.00    0.00    0.00    1.00    24  |__CPU 1/TCG
21:12:55     1000         -   1449517   99.00    0.00    0.00    0.00   99.00    16  |__CPU 2/TCG
21:12:55     1000         -   1449518    0.00    0.00    0.00    0.00    0.00    26  |__CPU 3/TCG
21:12:56     1000   1449495         -  202.00    2.00    0.00    0.00  204.00     0  qemu-system-aar
21:12:56     1000         -   1449495    1.00    3.00    0.00    0.00    4.00     0  |__qemu-system-aar
21:12:56     1000         -   1449500    0.00    0.00    0.00    0.00    0.00     6  |__call_rcu
21:12:56     1000         -   1449515  100.00    0.00    0.00    0.00  100.00     6  |__CPU 0/TCG
21:12:56     1000         -   1449516    0.00    0.00    0.00    0.00    0.00    25  |__CPU 1/TCG
21:12:56     1000         -   1449517   99.00    1.00    0.00    0.00  100.00    16  |__CPU 2/TCG
21:12:56     1000         -   1449518    0.00    0.00    0.00    0.00    0.00    26  |__CPU 3/TCG
