Linux 6.17.0-40-generic (9950x) 	08/15/26 	_x86_64_	(32 CPU)

# Time        UID      TGID       TID    %usr %system  %guest   %wait    %CPU   CPU  Command
20:52:31     1000   1419127         -   86.00   17.00    0.00    0.00  103.00     2  qemu-system-aar
20:52:31     1000         -   1419127    1.00    3.00    0.00    0.00    4.00     2  |__qemu-system-aar
20:52:31     1000         -   1419133    0.00    0.00    0.00    0.00    0.00    12  |__call_rcu
20:52:31     1000         -   1419134    0.00    0.00    0.00    0.00    0.00     9  |__worker
20:52:31     1000         -   1419154   82.00   12.00    0.00    0.00   94.00     4  |__CPU 0/TCG
20:52:31     1000         -   1419155    1.00    0.00    0.00    0.00    1.00     9  |__CPU 1/TCG
20:52:31     1000         -   1419156    0.00    0.00    0.00    0.00    0.00    14  |__CPU 2/TCG
20:52:31     1000         -   1419157    0.00    0.00    0.00    0.00    0.00    15  |__CPU 3/TCG
20:52:32     1000   1419127         -  180.00   15.00    0.00    0.00  195.00     3  qemu-system-aar
20:52:32     1000         -   1419127    1.00    3.00    0.00    0.00    4.00     3  |__qemu-system-aar
20:52:32     1000         -   1419133    0.00    0.00    0.00    0.00    0.00    12  |__call_rcu
20:52:32     1000         -   1419134    0.00    0.00    0.00    0.00    0.00     9  |__worker
20:52:32     1000         -   1419154   89.00   10.00    0.00    0.00   99.00     0  |__CPU 0/TCG
20:52:32     1000         -   1419155    2.00    0.00    0.00    0.00    2.00     9  |__CPU 1/TCG
20:52:32     1000         -   1419156   88.00    3.00    0.00    0.00   91.00    14  |__CPU 2/TCG
20:52:32     1000         -   1419157    0.00    0.00    0.00    0.00    0.00    15  |__CPU 3/TCG
20:52:33     1000   1419127         -  195.00    8.00    0.00    0.00  203.00     3  qemu-system-aar
20:52:33     1000         -   1419127    2.00    3.00    0.00    0.00    5.00     3  |__qemu-system-aar
20:52:33     1000         -   1419133    0.00    0.00    0.00    0.00    0.00    12  |__call_rcu
20:52:33     1000         -   1419134    0.00    0.00    0.00    0.00    0.00     9  |__worker
20:52:33     1000         -   1419154   95.00    3.00    0.00    0.00   98.00    16  |__CPU 0/TCG
20:52:33     1000         -   1419155    1.00    0.00    0.00    0.00    1.00     9  |__CPU 1/TCG
20:52:33     1000         -   1419156   96.00    2.00    0.00    0.00   98.00    14  |__CPU 2/TCG
20:52:33     1000         -   1419157    0.00    0.00    0.00    0.00    0.00    15  |__CPU 3/TCG
20:52:34     1000   1419127         -  197.00    7.00    0.00    0.00  204.00     4  qemu-system-aar
20:52:34     1000         -   1419127    1.00    3.00    0.00    0.00    4.00     4  |__qemu-system-aar
20:52:34     1000         -   1419133    0.00    0.00    0.00    0.00    0.00    12  |__call_rcu
20:52:34     1000         -   1419134    0.00    0.00    0.00    0.00    0.00     9  |__worker
20:52:34     1000         -   1419154   97.00    2.00    0.00    0.00   99.00    16  |__CPU 0/TCG
20:52:34     1000         -   1419155    1.00    0.00    0.00    0.00    1.00     8  |__CPU 1/TCG
20:52:34     1000         -   1419156   96.00    3.00    0.00    0.00   99.00    14  |__CPU 2/TCG
20:52:34     1000         -   1419157    0.00    0.00    0.00    0.00    0.00    15  |__CPU 3/TCG
20:52:35     1000   1419127         -  198.00    5.00    0.00    0.00  203.00     4  qemu-system-aar
20:52:35     1000         -   1419127    2.00    3.00    0.00    0.00    5.00     4  |__qemu-system-aar
20:52:35     1000         -   1419133    0.00    0.00    0.00    0.00    0.00    12  |__call_rcu
20:52:35     1000         -   1419134    0.00    0.00    0.00    0.00    0.00     9  |__worker
20:52:35     1000         -   1419154   98.00    1.00    0.00    0.00   99.00    16  |__CPU 0/TCG
20:52:35     1000         -   1419155    0.00    0.00    0.00    0.00    0.00     2  |__CPU 1/TCG
20:52:35     1000         -   1419156   98.00    2.00    0.00    0.00  100.00    14  |__CPU 2/TCG
20:52:35     1000         -   1419157    0.00    0.00    0.00    0.00    0.00    15  |__CPU 3/TCG
20:52:36     1000   1419127         -  198.00    6.00    0.00    0.00  204.00     4  qemu-system-aar
20:52:36     1000         -   1419127    2.00    3.00    0.00    0.00    5.00     4  |__qemu-system-aar
20:52:36     1000         -   1419133    0.00    0.00    0.00    0.00    0.00    12  |__call_rcu
20:52:36     1000         -   1419134    0.00    0.00    0.00    0.00    0.00     9  |__worker
20:52:36     1000         -   1419154   99.00    1.00    0.00    0.00  100.00    16  |__CPU 0/TCG
20:52:36     1000         -   1419155    1.00    0.00    0.00    0.00    1.00     2  |__CPU 1/TCG
20:52:36     1000         -   1419156   97.00    3.00    0.00    0.00  100.00    14  |__CPU 2/TCG
20:52:36     1000         -   1419157    0.00    0.00    0.00    0.00    0.00    15  |__CPU 3/TCG
20:52:37     1000   1419127         -  198.00    6.00    0.00    0.00  204.00     4  qemu-system-aar
20:52:37     1000         -   1419127    1.00    3.00    0.00    0.00    4.00     4  |__qemu-system-aar
20:52:37     1000         -   1419133    0.00    0.00    0.00    0.00    0.00    12  |__call_rcu
20:52:37     1000         -   1419134    0.00    0.00    0.00    0.00    0.00     9  |__worker
20:52:37     1000         -   1419154   98.00    0.00    0.00    0.00   98.00     0  |__CPU 0/TCG
20:52:37     1000         -   1419155    1.00    0.00    0.00    0.00    1.00     2  |__CPU 1/TCG
20:52:37     1000         -   1419156   98.00    2.00    0.00    0.00  100.00    14  |__CPU 2/TCG
20:52:37     1000         -   1419157    0.00    0.00    0.00    0.00    0.00    15  |__CPU 3/TCG
20:52:38     1000   1419127         -  199.00    4.00    0.00    0.00  203.00    15  qemu-system-aar
20:52:38     1000         -   1419127    1.00    3.00    0.00    0.00    4.00    15  |__qemu-system-aar
20:52:38     1000         -   1419133    0.00    0.00    0.00    0.00    0.00    12  |__call_rcu
20:52:38     1000         -   1419134    0.00    0.00    0.00    0.00    0.00     9  |__worker
20:52:38     1000         -   1419154   99.00    1.00    0.00    0.00  100.00     0  |__CPU 0/TCG
20:52:38     1000         -   1419155    0.00    0.00    0.00    0.00    0.00     3  |__CPU 1/TCG
20:52:38     1000         -   1419156   98.00    1.00    0.00    0.00   99.00    14  |__CPU 2/TCG
20:52:38     1000         -   1419157    0.00    0.00    0.00    0.00    0.00    15  |__CPU 3/TCG
20:52:39     1000   1419127         -  200.00    3.00    0.00    0.00  203.00    25  qemu-system-aar
20:52:39     1000         -   1419127    1.00    2.00    0.00    0.00    3.00    25  |__qemu-system-aar
20:52:39     1000         -   1419133    0.00    0.00    0.00    0.00    0.00    12  |__call_rcu
20:52:39     1000         -   1419134    0.00    0.00    0.00    0.00    0.00     9  |__worker
20:52:39     1000         -   1419154   98.00    1.00    0.00    0.00   99.00    16  |__CPU 0/TCG
20:52:39     1000         -   1419155    1.00    0.00    0.00    0.00    1.00     3  |__CPU 1/TCG
20:52:39     1000         -   1419156   99.00    1.00    0.00    0.00  100.00    14  |__CPU 2/TCG
20:52:39     1000         -   1419157    0.00    0.00    0.00    0.00    0.00    15  |__CPU 3/TCG
20:52:40     1000   1419127         -  200.00    2.00    0.00    0.00  202.00    26  qemu-system-aar
20:52:40     1000         -   1419127    1.00    2.00    0.00    0.00    3.00    26  |__qemu-system-aar
20:52:40     1000         -   1419133    0.00    0.00    0.00    0.00    0.00    12  |__call_rcu
20:52:40     1000         -   1419134    0.00    0.00    0.00    0.00    0.00     9  |__worker
20:52:40     1000         -   1419154   99.00    0.00    0.00    0.00   99.00     0  |__CPU 0/TCG
20:52:40     1000         -   1419155    0.00    0.00    0.00    0.00    0.00     1  |__CPU 1/TCG
20:52:40     1000         -   1419156   98.00    1.00    0.00    0.00   99.00    14  |__CPU 2/TCG
20:52:40     1000         -   1419157    0.00    0.00    0.00    0.00    0.00    15  |__CPU 3/TCG
20:52:41     1000   1419127         -  200.00    3.00    0.00    0.00  203.00    26  qemu-system-aar
20:52:41     1000         -   1419127    1.00    2.00    0.00    0.00    3.00    26  |__qemu-system-aar
20:52:41     1000         -   1419133    0.00    0.00    0.00    0.00    0.00    12  |__call_rcu
20:52:41     1000         -   1419154   99.00    1.00    0.00    0.00  100.00    16  |__CPU 0/TCG
20:52:41     1000         -   1419155    1.00    0.00    0.00    0.00    1.00     3  |__CPU 1/TCG
20:52:41     1000         -   1419156   99.00    1.00    0.00    0.00  100.00    14  |__CPU 2/TCG
20:52:41     1000         -   1419157    0.00    0.00    0.00    0.00    0.00    15  |__CPU 3/TCG
20:52:42     1000   1419127         -  199.00    3.00    0.00    0.00  202.00    26  qemu-system-aar
20:52:42     1000         -   1419127    1.00    2.00    0.00    0.00    3.00    26  |__qemu-system-aar
20:52:42     1000         -   1419133    0.00    0.00    0.00    0.00    0.00    12  |__call_rcu
20:52:42     1000         -   1419154   98.00    1.00    0.00    0.00   99.00     0  |__CPU 0/TCG
20:52:42     1000         -   1419155    0.00    0.00    0.00    0.00    0.00    27  |__CPU 1/TCG
20:52:42     1000         -   1419156   98.00    1.00    0.00    0.00   99.00    14  |__CPU 2/TCG
20:52:42     1000         -   1419157    0.00    0.00    0.00    0.00    0.00    15  |__CPU 3/TCG
20:52:43     1000   1419127         -  199.00    3.00    0.00    0.00  202.00    25  qemu-system-aar
20:52:43     1000         -   1419127    1.00    1.00    0.00    0.00    2.00    25  |__qemu-system-aar
20:52:43     1000         -   1419133    0.00    0.00    0.00    0.00    0.00    12  |__call_rcu
20:52:43     1000         -   1419154   98.00    1.00    0.00    0.00   99.00     0  |__CPU 0/TCG
20:52:43     1000         -   1419155    1.00    0.00    0.00    0.00    1.00    28  |__CPU 1/TCG
20:52:43     1000         -   1419156   98.00    2.00    0.00    0.00  100.00    14  |__CPU 2/TCG
20:52:43     1000         -   1419157    0.00    0.00    0.00    0.00    0.00    15  |__CPU 3/TCG
20:52:44     1000   1419127         -  198.00    4.00    0.00    0.00  202.00    27  qemu-system-aar
20:52:44     1000         -   1419127    1.00    2.00    0.00    0.00    3.00    27  |__qemu-system-aar
20:52:44     1000         -   1419133    0.00    0.00    0.00    0.00    0.00    12  |__call_rcu
20:52:44     1000         -   1419154   99.00    1.00    0.00    0.00  100.00    16  |__CPU 0/TCG
20:52:44     1000         -   1419155    0.00    0.00    0.00    0.00    0.00    28  |__CPU 1/TCG
20:52:44     1000         -   1419156   98.00    1.00    0.00    0.00   99.00    14  |__CPU 2/TCG
20:52:44     1000         -   1419157    0.00    0.00    0.00    0.00    0.00    15  |__CPU 3/TCG
20:52:45     1000   1419127         -  199.00    3.00    0.00    0.00  202.00    27  qemu-system-aar
20:52:45     1000         -   1419127    1.00    2.00    0.00    0.00    3.00    27  |__qemu-system-aar
20:52:45     1000         -   1419133    0.00    0.00    0.00    0.00    0.00    12  |__call_rcu
20:52:45     1000         -   1419154   98.00    1.00    0.00    0.00   99.00    16  |__CPU 0/TCG
20:52:45     1000         -   1419155    1.00    0.00    0.00    0.00    1.00    28  |__CPU 1/TCG
20:52:45     1000         -   1419156   98.00    2.00    0.00    0.00  100.00    14  |__CPU 2/TCG
20:52:45     1000         -   1419157    0.00    0.00    0.00    0.00    0.00    15  |__CPU 3/TCG
20:52:46     1000   1419127         -  200.00    3.00    0.00    0.00  203.00    25  qemu-system-aar
20:52:46     1000         -   1419127    1.00    2.00    0.00    0.00    3.00    25  |__qemu-system-aar
20:52:46     1000         -   1419133    0.00    0.00    0.00    0.00    0.00    12  |__call_rcu
20:52:46     1000         -   1419154   99.00    0.00    0.00    0.00   99.00    16  |__CPU 0/TCG
20:52:46     1000         -   1419155    1.00    0.00    0.00    0.00    1.00    28  |__CPU 1/TCG
20:52:46     1000         -   1419156   98.00    1.00    0.00    0.00   99.00    14  |__CPU 2/TCG
20:52:46     1000         -   1419157    0.00    0.00    0.00    0.00    0.00    15  |__CPU 3/TCG
