Linux 6.17.0-40-generic (9950x) 	08/15/26 	_x86_64_	(32 CPU)

# Time        UID      TGID       TID    %usr %system  %guest   %wait    %CPU   CPU  Command
20:54:37     1000   1422592         -   98.00    8.00    0.00    0.00  106.00     2  qemu-system-aar
20:54:37     1000         -   1422592    1.00    3.00    0.00    0.00    4.00     2  |__qemu-system-aar
20:54:37     1000         -   1422599    0.00    0.00    0.00    0.00    0.00     1  |__call_rcu
20:54:37     1000         -   1422600    0.00    0.00    0.00    0.00    0.00    26  |__worker
20:54:37     1000         -   1422609   91.00    3.00    0.00    0.00   94.00     0  |__CPU 0/TCG
20:54:37     1000         -   1422610    1.00    0.00    0.00    0.00    1.00     4  |__CPU 1/TCG
20:54:37     1000         -   1422611    3.00    0.00    0.00    0.00    3.00     9  |__CPU 2/TCG
20:54:37     1000         -   1422612    0.00    0.00    0.00    0.00    0.00     8  |__CPU 3/TCG
20:54:38     1000   1422592         -  196.00    7.00    0.00    0.00  203.00     5  qemu-system-aar
20:54:38     1000         -   1422592    1.00    2.00    0.00    0.00    3.00     5  |__qemu-system-aar
20:54:38     1000         -   1422599    0.00    0.00    0.00    0.00    0.00     1  |__call_rcu
20:54:38     1000         -   1422600    0.00    0.00    0.00    0.00    0.00    26  |__worker
20:54:38     1000         -   1422609   94.00    5.00    0.00    0.00   99.00     0  |__CPU 0/TCG
20:54:38     1000         -   1422610    1.00    0.00    0.00    0.00    1.00     3  |__CPU 1/TCG
20:54:38     1000         -   1422611   98.00    1.00    0.00    0.00   99.00     4  |__CPU 2/TCG
20:54:38     1000         -   1422612    0.00    0.00    0.00    0.00    0.00     8  |__CPU 3/TCG
20:54:39     1000   1422592         -  195.00    7.00    0.00    0.00  202.00    16  qemu-system-aar
20:54:39     1000         -   1422592    1.00    3.00    0.00    0.00    4.00    16  |__qemu-system-aar
20:54:39     1000         -   1422599    0.00    0.00    0.00    0.00    0.00     1  |__call_rcu
20:54:39     1000         -   1422600    0.00    0.00    0.00    0.00    0.00    26  |__worker
20:54:39     1000         -   1422609   95.00    3.00    0.00    0.00   98.00     0  |__CPU 0/TCG
20:54:39     1000         -   1422610    1.00    0.00    0.00    0.00    1.00     5  |__CPU 1/TCG
20:54:39     1000         -   1422611   98.00    1.00    0.00    0.00   99.00     4  |__CPU 2/TCG
20:54:39     1000         -   1422612    0.00    0.00    0.00    0.00    0.00     8  |__CPU 3/TCG
20:54:40     1000   1422592         -  198.00    5.00    0.00    0.00  203.00     7  qemu-system-aar
20:54:40     1000         -   1422592    1.00    3.00    0.00    0.00    4.00     7  |__qemu-system-aar
20:54:40     1000         -   1422599    0.00    0.00    0.00    0.00    0.00     1  |__call_rcu
20:54:40     1000         -   1422600    0.00    0.00    0.00    0.00    0.00    26  |__worker
20:54:40     1000         -   1422609   97.00    3.00    0.00    0.00  100.00    16  |__CPU 0/TCG
20:54:40     1000         -   1422610    1.00    1.00    0.00    0.00    2.00     5  |__CPU 1/TCG
20:54:40     1000         -   1422611   98.00    2.00    0.00    0.00  100.00    20  |__CPU 2/TCG
20:54:40     1000         -   1422612    0.00    0.00    0.00    0.00    0.00     8  |__CPU 3/TCG
20:54:41     1000   1422592         -  198.00    4.00    0.00    0.00  202.00     7  qemu-system-aar
20:54:41     1000         -   1422592    1.00    1.00    0.00    0.00    2.00     7  |__qemu-system-aar
20:54:41     1000         -   1422599    0.00    0.00    0.00    0.00    0.00     1  |__call_rcu
20:54:41     1000         -   1422600    0.00    0.00    0.00    0.00    0.00    26  |__worker
20:54:41     1000         -   1422609   98.00    1.00    0.00    0.00   99.00    16  |__CPU 0/TCG
20:54:41     1000         -   1422610    0.00    0.00    0.00    0.00    0.00     6  |__CPU 1/TCG
20:54:41     1000         -   1422611   99.00    1.00    0.00    0.00  100.00    20  |__CPU 2/TCG
20:54:41     1000         -   1422612    0.00    0.00    0.00    0.00    0.00     8  |__CPU 3/TCG
20:54:42     1000   1422592         -  200.00    2.00    0.00    0.00  202.00     7  qemu-system-aar
20:54:42     1000         -   1422592    1.00    2.00    0.00    0.00    3.00     7  |__qemu-system-aar
20:54:42     1000         -   1422599    0.00    0.00    0.00    0.00    0.00     1  |__call_rcu
20:54:42     1000         -   1422600    0.00    0.00    0.00    0.00    0.00    26  |__worker
20:54:42     1000         -   1422609   98.00    0.00    0.00    0.00   98.00    16  |__CPU 0/TCG
20:54:42     1000         -   1422610    1.00    0.00    0.00    0.00    1.00     5  |__CPU 1/TCG
20:54:42     1000         -   1422611   99.00    1.00    0.00    0.00  100.00     4  |__CPU 2/TCG
20:54:42     1000         -   1422612    0.00    0.00    0.00    0.00    0.00     8  |__CPU 3/TCG
20:54:43     1000   1422592         -  201.00    2.00    0.00    0.00  203.00     5  qemu-system-aar
20:54:43     1000         -   1422592    2.00    2.00    0.00    0.00    4.00     5  |__qemu-system-aar
20:54:43     1000         -   1422599    0.00    0.00    0.00    0.00    0.00     1  |__call_rcu
20:54:43     1000         -   1422600    0.00    0.00    0.00    0.00    0.00    26  |__worker
20:54:43     1000         -   1422609   99.00    0.00    0.00    0.00   99.00    16  |__CPU 0/TCG
20:54:43     1000         -   1422610    0.00    0.00    0.00    0.00    0.00     2  |__CPU 1/TCG
20:54:43     1000         -   1422611   99.00    0.00    0.00    0.00   99.00    20  |__CPU 2/TCG
20:54:43     1000         -   1422612    0.00    0.00    0.00    0.00    0.00     8  |__CPU 3/TCG
20:54:44     1000   1422592         -  199.00    3.00    0.00    0.00  202.00     6  qemu-system-aar
20:54:44     1000         -   1422592    1.00    2.00    0.00    0.00    3.00     6  |__qemu-system-aar
20:54:44     1000         -   1422599    0.00    0.00    0.00    0.00    0.00     1  |__call_rcu
20:54:44     1000         -   1422600    0.00    0.00    0.00    0.00    0.00    26  |__worker
20:54:44     1000         -   1422609   98.00    1.00    0.00    0.00   99.00     0  |__CPU 0/TCG
20:54:44     1000         -   1422610    1.00    0.00    0.00    0.00    1.00     5  |__CPU 1/TCG
20:54:44     1000         -   1422611   98.00    2.00    0.00    0.00  100.00    20  |__CPU 2/TCG
20:54:44     1000         -   1422612    0.00    0.00    0.00    0.00    0.00     8  |__CPU 3/TCG
20:54:45     1000   1422592         -  200.00    3.00    0.00    0.00  203.00     6  qemu-system-aar
20:54:45     1000         -   1422592    1.00    2.00    0.00    0.00    3.00     6  |__qemu-system-aar
20:54:45     1000         -   1422599    0.00    0.00    0.00    0.00    0.00     1  |__call_rcu
20:54:45     1000         -   1422600    0.00    0.00    0.00    0.00    0.00    26  |__worker
20:54:45     1000         -   1422609   98.00    1.00    0.00    0.00   99.00    16  |__CPU 0/TCG
20:54:45     1000         -   1422610    0.00    0.00    0.00    0.00    0.00     2  |__CPU 1/TCG
20:54:45     1000         -   1422611   98.00    1.00    0.00    0.00   99.00    20  |__CPU 2/TCG
20:54:45     1000         -   1422612    0.00    0.00    0.00    0.00    0.00     8  |__CPU 3/TCG
20:54:46     1000   1422592         -  198.00    3.00    0.00    0.00  201.00     7  qemu-system-aar
20:54:46     1000         -   1422592    1.00    1.00    0.00    0.00    2.00     7  |__qemu-system-aar
20:54:46     1000         -   1422599    0.00    0.00    0.00    0.00    0.00     1  |__call_rcu
20:54:46     1000         -   1422600    0.00    0.00    0.00    0.00    0.00    26  |__worker
20:54:46     1000         -   1422609   98.00    1.00    0.00    0.00   99.00    16  |__CPU 0/TCG
20:54:46     1000         -   1422610    1.00    0.00    0.00    0.00    1.00     5  |__CPU 1/TCG
20:54:46     1000         -   1422611   98.00    2.00    0.00    0.00  100.00    20  |__CPU 2/TCG
20:54:46     1000         -   1422612    0.00    0.00    0.00    0.00    0.00     8  |__CPU 3/TCG
20:54:47     1000   1422592         -  199.00    2.00    0.00    0.00  201.00    21  qemu-system-aar
20:54:47     1000         -   1422592    0.00    3.00    0.00    0.00    3.00    21  |__qemu-system-aar
20:54:47     1000         -   1422599    0.00    0.00    0.00    0.00    0.00     1  |__call_rcu
20:54:47     1000         -   1422609   99.00    0.00    0.00    0.00   99.00    16  |__CPU 0/TCG
20:54:47     1000         -   1422610    1.00    0.00    0.00    0.00    1.00     2  |__CPU 1/TCG
20:54:47     1000         -   1422611   98.00    0.00    0.00    0.00   98.00    20  |__CPU 2/TCG
20:54:47     1000         -   1422612    0.00    0.00    0.00    0.00    0.00     8  |__CPU 3/TCG
20:54:48     1000   1422592         -  200.00    2.00    0.00    0.00  202.00    19  qemu-system-aar
20:54:48     1000         -   1422592    2.00    1.00    0.00    0.00    3.00    19  |__qemu-system-aar
20:54:48     1000         -   1422599    0.00    0.00    0.00    0.00    0.00     1  |__call_rcu
20:54:48     1000         -   1422609   98.00    1.00    0.00    0.00   99.00    16  |__CPU 0/TCG
20:54:48     1000         -   1422610    0.00    0.00    0.00    0.00    0.00     5  |__CPU 1/TCG
20:54:48     1000         -   1422611   99.00    1.00    0.00    0.00  100.00    20  |__CPU 2/TCG
20:54:48     1000         -   1422612    0.00    0.00    0.00    0.00    0.00     8  |__CPU 3/TCG
20:54:49     1000   1422592         -  199.00    3.00    0.00    0.00  202.00     5  qemu-system-aar
20:54:49     1000         -   1422592    1.00    2.00    0.00    0.00    3.00     5  |__qemu-system-aar
20:54:49     1000         -   1422599    0.00    0.00    0.00    0.00    0.00     1  |__call_rcu
20:54:49     1000         -   1422609   99.00    1.00    0.00    0.00  100.00    16  |__CPU 0/TCG
20:54:49     1000         -   1422610    1.00    0.00    0.00    0.00    1.00     2  |__CPU 1/TCG
20:54:49     1000         -   1422611   99.00    1.00    0.00    0.00  100.00    20  |__CPU 2/TCG
20:54:49     1000         -   1422612    0.00    0.00    0.00    0.00    0.00     8  |__CPU 3/TCG
20:54:50     1000   1422592         -  199.00    3.00    0.00    0.00  202.00     5  qemu-system-aar
20:54:50     1000         -   1422592    1.00    1.00    0.00    0.00    2.00     5  |__qemu-system-aar
20:54:50     1000         -   1422599    0.00    0.00    0.00    0.00    0.00     1  |__call_rcu
20:54:50     1000         -   1422609   98.00    1.00    0.00    0.00   99.00     0  |__CPU 0/TCG
20:54:50     1000         -   1422610    0.00    0.00    0.00    0.00    0.00     2  |__CPU 1/TCG
20:54:50     1000         -   1422611   97.00    1.00    0.00    0.00   98.00    20  |__CPU 2/TCG
20:54:50     1000         -   1422612    0.00    0.00    0.00    0.00    0.00     8  |__CPU 3/TCG
20:54:51     1000   1422592         -  198.00    2.00    0.00    0.00  200.00     1  qemu-system-aar
20:54:51     1000         -   1422592    1.00    2.00    0.00    0.00    3.00     1  |__qemu-system-aar
20:54:51     1000         -   1422599    0.00    0.00    0.00    0.00    0.00     1  |__call_rcu
20:54:51     1000         -   1422609   98.00    0.00    0.00    0.00   98.00     0  |__CPU 0/TCG
20:54:51     1000         -   1422610    1.00    0.00    0.00    0.00    1.00     3  |__CPU 1/TCG
20:54:51     1000         -   1422611   98.00    2.00    0.00    0.00  100.00    20  |__CPU 2/TCG
20:54:51     1000         -   1422612    0.00    0.00    0.00    0.00    0.00     8  |__CPU 3/TCG
20:54:52     1000   1422592         -  201.00    2.00    0.00    0.00  203.00    17  qemu-system-aar
20:54:52     1000         -   1422592    1.00    2.00    0.00    0.00    3.00    17  |__qemu-system-aar
20:54:52     1000         -   1422599    0.00    0.00    0.00    0.00    0.00     1  |__call_rcu
20:54:52     1000         -   1422609   99.00    0.00    0.00    0.00   99.00     0  |__CPU 0/TCG
20:54:52     1000         -   1422610    0.00    0.00    0.00    0.00    0.00     3  |__CPU 1/TCG
20:54:52     1000         -   1422611   99.00    0.00    0.00    0.00   99.00     4  |__CPU 2/TCG
20:54:52     1000         -   1422612    0.00    0.00    0.00    0.00    0.00     8  |__CPU 3/TCG
