Linux 6.17.0-40-generic (9950x) 	08/15/26 	_x86_64_	(32 CPU)

# Time        UID      TGID       TID    %usr %system  %guest   %wait    %CPU   CPU  Command
19:44:35     1000   1349745         -   97.00   10.00    0.00    0.00  107.00    20  qemu-system-aar
19:44:35     1000         -   1349745    1.00    4.00    0.00    0.00    5.00    20  |__qemu-system-aar
19:44:35     1000         -   1349752    0.00    0.00    0.00    0.00    0.00     9  |__call_rcu
19:44:35     1000         -   1349753    0.00    0.00    0.00    0.00    0.00    30  |__worker
19:44:35     1000         -   1349762   90.00    4.00    0.00    0.00   94.00     4  |__CPU 0/TCG
19:44:35     1000         -   1349763    1.00    0.00    0.00    0.00    1.00     8  |__CPU 1/TCG
19:44:35     1000         -   1349764    3.00    0.00    0.00    0.00    3.00     0  |__CPU 2/TCG
19:44:35     1000         -   1349765    0.00    0.00    0.00    0.00    0.00    25  |__CPU 3/TCG
19:44:36     1000   1349745         -  196.00    6.00    0.00    0.00  202.00     1  qemu-system-aar
19:44:36     1000         -   1349745    1.00    2.00    0.00    0.00    3.00     1  |__qemu-system-aar
19:44:36     1000         -   1349752    0.00    0.00    0.00    0.00    0.00     9  |__call_rcu
19:44:36     1000         -   1349753    0.00    0.00    0.00    0.00    0.00    30  |__worker
19:44:36     1000         -   1349762   96.00    3.00    0.00    0.00   99.00     0  |__CPU 0/TCG
19:44:36     1000         -   1349763    1.00    0.00    0.00    0.00    1.00     8  |__CPU 1/TCG
19:44:36     1000         -   1349764   97.00    2.00    0.00    0.00   99.00     4  |__CPU 2/TCG
19:44:36     1000         -   1349765    0.00    0.00    0.00    0.00    0.00    26  |__CPU 3/TCG
19:44:37     1000   1349745         -  198.00    5.00    0.00    0.00  203.00     5  qemu-system-aar
19:44:37     1000         -   1349745    1.00    3.00    0.00    0.00    4.00     5  |__qemu-system-aar
19:44:37     1000         -   1349752    0.00    0.00    0.00    0.00    0.00     9  |__call_rcu
19:44:37     1000         -   1349753    0.00    0.00    0.00    0.00    0.00    30  |__worker
19:44:37     1000         -   1349762   97.00    2.00    0.00    0.00   99.00    16  |__CPU 0/TCG
19:44:37     1000         -   1349763    0.00    0.00    0.00    0.00    0.00    10  |__CPU 1/TCG
19:44:37     1000         -   1349764   99.00    1.00    0.00    0.00  100.00     4  |__CPU 2/TCG
19:44:37     1000         -   1349765    0.00    0.00    0.00    0.00    0.00    26  |__CPU 3/TCG
19:44:38     1000   1349745         -  200.00    4.00    0.00    0.00  204.00    22  qemu-system-aar
19:44:38     1000         -   1349745    1.00    3.00    0.00    0.00    4.00    22  |__qemu-system-aar
19:44:38     1000         -   1349752    0.00    0.00    0.00    0.00    0.00     9  |__call_rcu
19:44:38     1000         -   1349753    0.00    0.00    0.00    0.00    0.00    30  |__worker
19:44:38     1000         -   1349762   99.00    0.00    0.00    0.00   99.00     0  |__CPU 0/TCG
19:44:38     1000         -   1349763    1.00    1.00    0.00    0.00    2.00     8  |__CPU 1/TCG
19:44:38     1000         -   1349764   98.00    2.00    0.00    0.00  100.00    20  |__CPU 2/TCG
19:44:38     1000         -   1349765    0.00    0.00    0.00    0.00    0.00    26  |__CPU 3/TCG
19:44:39     1000   1349745         -  199.00    4.00    0.00    0.00  203.00    22  qemu-system-aar
19:44:39     1000         -   1349745    1.00    3.00    0.00    0.00    4.00    22  |__qemu-system-aar
19:44:39     1000         -   1349752    0.00    0.00    0.00    0.00    0.00     9  |__call_rcu
19:44:39     1000         -   1349753    0.00    0.00    0.00    0.00    0.00    30  |__worker
19:44:39     1000         -   1349762   98.00    1.00    0.00    0.00   99.00    16  |__CPU 0/TCG
19:44:39     1000         -   1349763    0.00    0.00    0.00    0.00    0.00     8  |__CPU 1/TCG
19:44:39     1000         -   1349764   98.00    1.00    0.00    0.00   99.00    20  |__CPU 2/TCG
19:44:39     1000         -   1349765    0.00    0.00    0.00    0.00    0.00    26  |__CPU 3/TCG
19:44:40     1000   1349745         -  198.00    5.00    0.00    0.00  203.00     1  qemu-system-aar
19:44:40     1000         -   1349745    1.00    2.00    0.00    0.00    3.00     1  |__qemu-system-aar
19:44:40     1000         -   1349752    0.00    0.00    0.00    0.00    0.00     9  |__call_rcu
19:44:40     1000         -   1349753    0.00    0.00    0.00    0.00    0.00    30  |__worker
19:44:40     1000         -   1349762   99.00    1.00    0.00    0.00  100.00    16  |__CPU 0/TCG
19:44:40     1000         -   1349763    1.00    0.00    0.00    0.00    1.00     9  |__CPU 1/TCG
19:44:40     1000         -   1349764   97.00    3.00    0.00    0.00  100.00    20  |__CPU 2/TCG
19:44:40     1000         -   1349765    0.00    0.00    0.00    0.00    0.00    26  |__CPU 3/TCG
19:44:41     1000   1349745         -  201.00    3.00    0.00    0.00  204.00     5  qemu-system-aar
19:44:41     1000         -   1349745    2.00    2.00    0.00    0.00    4.00     5  |__qemu-system-aar
19:44:41     1000         -   1349752    0.00    0.00    0.00    0.00    0.00     9  |__call_rcu
19:44:41     1000         -   1349753    0.00    0.00    0.00    0.00    0.00    30  |__worker
19:44:41     1000         -   1349762   99.00    0.00    0.00    0.00   99.00    16  |__CPU 0/TCG
19:44:41     1000         -   1349763    0.00    0.00    0.00    0.00    0.00     6  |__CPU 1/TCG
19:44:41     1000         -   1349764   98.00    1.00    0.00    0.00   99.00    20  |__CPU 2/TCG
19:44:41     1000         -   1349765    0.00    0.00    0.00    0.00    0.00    26  |__CPU 3/TCG
19:44:42     1000   1349745         -  199.00    3.00    0.00    0.00  202.00     7  qemu-system-aar
19:44:42     1000         -   1349745    1.00    2.00    0.00    0.00    3.00     7  |__qemu-system-aar
19:44:42     1000         -   1349752    0.00    0.00    0.00    0.00    0.00     9  |__call_rcu
19:44:42     1000         -   1349753    0.00    0.00    0.00    0.00    0.00    30  |__worker
19:44:42     1000         -   1349762   98.00    1.00    0.00    0.00   99.00    16  |__CPU 0/TCG
19:44:42     1000         -   1349763    1.00    0.00    0.00    0.00    1.00     6  |__CPU 1/TCG
19:44:42     1000         -   1349764   98.00    2.00    0.00    0.00  100.00    20  |__CPU 2/TCG
19:44:42     1000         -   1349765    0.00    0.00    0.00    0.00    0.00    26  |__CPU 3/TCG
19:44:43     1000   1349745         -  200.00    3.00    0.00    0.00  203.00    17  qemu-system-aar
19:44:43     1000         -   1349745    1.00    2.00    0.00    0.00    3.00    17  |__qemu-system-aar
19:44:43     1000         -   1349752    0.00    0.00    0.00    0.00    0.00     9  |__call_rcu
19:44:43     1000         -   1349753    0.00    0.00    0.00    0.00    0.00    30  |__worker
19:44:43     1000         -   1349762   99.00    1.00    0.00    0.00  100.00    16  |__CPU 0/TCG
19:44:43     1000         -   1349763    0.00    0.00    0.00    0.00    0.00     6  |__CPU 1/TCG
19:44:43     1000         -   1349764   99.00    1.00    0.00    0.00  100.00    20  |__CPU 2/TCG
19:44:43     1000         -   1349765    0.00    0.00    0.00    0.00    0.00    26  |__CPU 3/TCG
19:44:44     1000   1349745         -  200.00    3.00    0.00    0.00  203.00     7  qemu-system-aar
19:44:44     1000         -   1349745    1.00    2.00    0.00    0.00    3.00     7  |__qemu-system-aar
19:44:44     1000         -   1349752    0.00    0.00    0.00    0.00    0.00     9  |__call_rcu
19:44:44     1000         -   1349753    0.00    0.00    0.00    0.00    0.00    30  |__worker
19:44:44     1000         -   1349762   99.00    0.00    0.00    0.00   99.00    16  |__CPU 0/TCG
19:44:44     1000         -   1349763    1.00    0.00    0.00    0.00    1.00    17  |__CPU 1/TCG
19:44:44     1000         -   1349764   98.00    1.00    0.00    0.00   99.00    20  |__CPU 2/TCG
19:44:44     1000         -   1349765    0.00    0.00    0.00    0.00    0.00    26  |__CPU 3/TCG
19:44:45     1000   1349745         -  200.00    3.00    0.00    0.00  203.00     6  qemu-system-aar
19:44:45     1000         -   1349745    1.00    2.00    0.00    0.00    3.00     6  |__qemu-system-aar
19:44:45     1000         -   1349752    0.00    0.00    0.00    0.00    0.00     9  |__call_rcu
19:44:45     1000         -   1349762   99.00    0.00    0.00    0.00   99.00    16  |__CPU 0/TCG
19:44:45     1000         -   1349763    0.00    0.00    0.00    0.00    0.00    17  |__CPU 1/TCG
19:44:45     1000         -   1349764   98.00    2.00    0.00    0.00  100.00     4  |__CPU 2/TCG
19:44:45     1000         -   1349765    0.00    0.00    0.00    0.00    0.00    26  |__CPU 3/TCG
19:44:46     1000   1349745         -  200.00    2.00    0.00    0.00  202.00     6  qemu-system-aar
19:44:46     1000         -   1349745    1.00    2.00    0.00    0.00    3.00     6  |__qemu-system-aar
19:44:46     1000         -   1349752    0.00    0.00    0.00    0.00    0.00     9  |__call_rcu
19:44:46     1000         -   1349762   99.00    1.00    0.00    0.00  100.00    16  |__CPU 0/TCG
19:44:46     1000         -   1349763    1.00    0.00    0.00    0.00    1.00    17  |__CPU 1/TCG
19:44:46     1000         -   1349764   98.00    1.00    0.00    0.00   99.00     4  |__CPU 2/TCG
19:44:46     1000         -   1349765    0.00    0.00    0.00    0.00    0.00    26  |__CPU 3/TCG
19:44:47     1000   1349745         -  200.00    3.00    0.00    0.00  203.00     6  qemu-system-aar
19:44:47     1000         -   1349745    1.00    2.00    0.00    0.00    3.00     6  |__qemu-system-aar
19:44:47     1000         -   1349752    0.00    0.00    0.00    0.00    0.00     9  |__call_rcu
19:44:47     1000         -   1349762   99.00    0.00    0.00    0.00   99.00    16  |__CPU 0/TCG
19:44:47     1000         -   1349763    0.00    0.00    0.00    0.00    0.00    17  |__CPU 1/TCG
19:44:47     1000         -   1349764   99.00    2.00    0.00    0.00  101.00     4  |__CPU 2/TCG
19:44:47     1000         -   1349765    0.00    0.00    0.00    0.00    0.00    26  |__CPU 3/TCG
19:44:48     1000   1349745         -  199.00    4.00    0.00    0.00  203.00     6  qemu-system-aar
19:44:48     1000         -   1349745    1.00    3.00    0.00    0.00    4.00     6  |__qemu-system-aar
19:44:48     1000         -   1349752    0.00    0.00    0.00    0.00    0.00     9  |__call_rcu
19:44:48     1000         -   1349762   98.00    2.00    0.00    0.00  100.00    16  |__CPU 0/TCG
19:44:48     1000         -   1349763    1.00    0.00    0.00    0.00    1.00     2  |__CPU 1/TCG
19:44:48     1000         -   1349764   98.00    0.00    0.00    0.00   98.00     4  |__CPU 2/TCG
19:44:48     1000         -   1349765    0.00    0.00    0.00    0.00    0.00    26  |__CPU 3/TCG
19:44:49     1000   1349745         -  200.00    2.00    0.00    0.00  202.00    17  qemu-system-aar
19:44:49     1000         -   1349745    2.00    1.00    0.00    0.00    3.00    17  |__qemu-system-aar
19:44:49     1000         -   1349752    0.00    0.00    0.00    0.00    0.00     9  |__call_rcu
19:44:49     1000         -   1349762   99.00    0.00    0.00    0.00   99.00    16  |__CPU 0/TCG
19:44:49     1000         -   1349763    1.00    0.00    0.00    0.00    1.00     5  |__CPU 1/TCG
19:44:49     1000         -   1349764   98.00    2.00    0.00    0.00  100.00    20  |__CPU 2/TCG
19:44:49     1000         -   1349765    0.00    0.00    0.00    0.00    0.00    26  |__CPU 3/TCG
19:44:50     1000   1349745         -  200.00    3.00    0.00    0.00  203.00    18  qemu-system-aar
19:44:50     1000         -   1349745    1.00    3.00    0.00    0.00    4.00    18  |__qemu-system-aar
19:44:50     1000         -   1349752    0.00    0.00    0.00    0.00    0.00     9  |__call_rcu
19:44:50     1000         -   1349762   99.00    0.00    0.00    0.00   99.00    16  |__CPU 0/TCG
19:44:50     1000         -   1349763    0.00    1.00    0.00    0.00    1.00     5  |__CPU 1/TCG
19:44:50     1000         -   1349764   99.00    1.00    0.00    0.00  100.00    20  |__CPU 2/TCG
19:44:50     1000         -   1349765    0.00    0.00    0.00    0.00    0.00    26  |__CPU 3/TCG
19:44:51     1000   1349745         -  200.00    3.00    0.00    0.00  203.00    19  qemu-system-aar
19:44:51     1000         -   1349745    1.00    1.00    0.00    0.00    2.00    19  |__qemu-system-aar
19:44:51     1000         -   1349752    0.00    0.00    0.00    0.00    0.00     9  |__call_rcu
19:44:51     1000         -   1349762   99.00    0.00    0.00    0.00   99.00    16  |__CPU 0/TCG
19:44:51     1000         -   1349763    1.00    0.00    0.00    0.00    1.00     2  |__CPU 1/TCG
19:44:51     1000         -   1349764   98.00    1.00    0.00    0.00   99.00     4  |__CPU 2/TCG
19:44:51     1000         -   1349765    0.00    0.00    0.00    0.00    0.00    26  |__CPU 3/TCG
19:44:52     1000   1349745         -  200.00    3.00    0.00    0.00  203.00    17  qemu-system-aar
19:44:52     1000         -   1349745    1.00    3.00    0.00    0.00    4.00    17  |__qemu-system-aar
19:44:52     1000         -   1349752    0.00    0.00    0.00    0.00    0.00     9  |__call_rcu
19:44:52     1000         -   1349762   99.00    1.00    0.00    0.00  100.00    16  |__CPU 0/TCG
19:44:52     1000         -   1349763    0.00    0.00    0.00    0.00    0.00     5  |__CPU 1/TCG
19:44:52     1000         -   1349764   99.00    1.00    0.00    0.00  100.00    20  |__CPU 2/TCG
19:44:52     1000         -   1349765    0.00    0.00    0.00    0.00    0.00    26  |__CPU 3/TCG
19:44:53     1000   1349745         -  199.00    3.00    0.00    0.00  202.00    18  qemu-system-aar
19:44:53     1000         -   1349745    0.00    2.00    0.00    0.00    2.00    18  |__qemu-system-aar
19:44:53     1000         -   1349752    0.00    0.00    0.00    0.00    0.00     9  |__call_rcu
19:44:53     1000         -   1349762   99.00    0.00    0.00    0.00   99.00    16  |__CPU 0/TCG
19:44:53     1000         -   1349763    1.00    0.00    0.00    0.00    1.00     5  |__CPU 1/TCG
19:44:53     1000         -   1349764   98.00    1.00    0.00    0.00   99.00    20  |__CPU 2/TCG
19:44:53     1000         -   1349765    0.00    0.00    0.00    0.00    0.00    26  |__CPU 3/TCG
19:44:54     1000   1349745         -  200.00    2.00    0.00    0.00  202.00    19  qemu-system-aar
19:44:54     1000         -   1349745    1.00    2.00    0.00    0.00    3.00    19  |__qemu-system-aar
19:44:54     1000         -   1349752    0.00    0.00    0.00    0.00    0.00     9  |__call_rcu
19:44:54     1000         -   1349762   99.00    1.00    0.00    0.00  100.00    16  |__CPU 0/TCG
19:44:54     1000         -   1349763    0.00    0.00    0.00    0.00    0.00     2  |__CPU 1/TCG
19:44:54     1000         -   1349764   99.00    1.00    0.00    0.00  100.00    20  |__CPU 2/TCG
19:44:54     1000         -   1349765    0.00    0.00    0.00    0.00    0.00    26  |__CPU 3/TCG
