Linux 6.17.0-40-generic (9950x) 	08/15/26 	_x86_64_	(32 CPU)

# Time        UID      TGID       TID    %usr %system  %guest   %wait    %CPU   CPU  Command
19:15:27     1000   1305356         -  104.00    5.00    0.00    0.00  109.00    10  qemu-system-aar
19:15:27     1000         -   1305356    1.00    3.00    0.00    0.00    4.00    10  |__qemu-system-aar
19:15:27     1000         -   1305362    0.00    0.00    0.00    0.00    0.00     9  |__call_rcu
19:15:27     1000         -   1305363    0.00    0.00    0.00    0.00    0.00    13  |__worker
19:15:27     1000         -   1305372   94.00    1.00    0.00    0.00   95.00    16  |__CPU 0/TCG
19:15:27     1000         -   1305373    1.00    0.00    0.00    0.00    1.00    11  |__CPU 1/TCG
19:15:27     1000         -   1305374    6.00    0.00    0.00    0.00    6.00     4  |__CPU 2/TCG
19:15:27     1000         -   1305375    0.00    0.00    0.00    0.00    0.00    22  |__CPU 3/TCG
19:15:28     1000   1305356         -  198.00    5.00    0.00    0.00  203.00    10  qemu-system-aar
19:15:28     1000         -   1305356    1.00    4.00    0.00    0.00    5.00    10  |__qemu-system-aar
19:15:28     1000         -   1305362    0.00    0.00    0.00    0.00    0.00     9  |__call_rcu
19:15:28     1000         -   1305363    0.00    0.00    0.00    0.00    0.00    13  |__worker
19:15:28     1000         -   1305372   95.00    3.00    0.00    0.00   98.00    16  |__CPU 0/TCG
19:15:28     1000         -   1305373    1.00    0.00    0.00    0.00    1.00    11  |__CPU 1/TCG
19:15:28     1000         -   1305374   98.00    1.00    0.00    0.00   99.00     4  |__CPU 2/TCG
19:15:28     1000         -   1305375    0.00    0.00    0.00    0.00    0.00     1  |__CPU 3/TCG
19:15:29     1000   1305356         -  202.00    2.00    0.00    0.00  204.00    10  qemu-system-aar
19:15:29     1000         -   1305356    1.00    4.00    0.00    0.00    5.00    10  |__qemu-system-aar
19:15:29     1000         -   1305362    0.00    0.00    0.00    0.00    0.00     9  |__call_rcu
19:15:29     1000         -   1305363    0.00    0.00    0.00    0.00    0.00    13  |__worker
19:15:29     1000         -   1305372   97.00    2.00    0.00    0.00   99.00    16  |__CPU 0/TCG
19:15:29     1000         -   1305373    0.00    0.00    0.00    0.00    0.00    11  |__CPU 1/TCG
19:15:29     1000         -   1305374   98.00    1.00    0.00    0.00   99.00     4  |__CPU 2/TCG
19:15:29     1000         -   1305375    0.00    0.00    0.00    0.00    0.00    22  |__CPU 3/TCG
19:15:30     1000   1305356         -  202.00    2.00    0.00    0.00  204.00    11  qemu-system-aar
19:15:30     1000         -   1305356    2.00    4.00    0.00    0.00    6.00    11  |__qemu-system-aar
19:15:30     1000         -   1305362    0.00    0.00    0.00    0.00    0.00     9  |__call_rcu
19:15:30     1000         -   1305363    0.00    0.00    0.00    0.00    0.00    13  |__worker
19:15:30     1000         -   1305372   99.00    0.00    0.00    0.00   99.00    16  |__CPU 0/TCG
19:15:30     1000         -   1305373    1.00    0.00    0.00    0.00    1.00    12  |__CPU 1/TCG
19:15:30     1000         -   1305374   98.00    1.00    0.00    0.00   99.00     4  |__CPU 2/TCG
19:15:30     1000         -   1305375    0.00    0.00    0.00    0.00    0.00    22  |__CPU 3/TCG
19:15:31     1000   1305356         -  203.00    2.00    0.00    0.00  205.00    12  qemu-system-aar
19:15:31     1000         -   1305356    1.00    4.00    0.00    0.00    5.00    12  |__qemu-system-aar
19:15:31     1000         -   1305362    0.00    0.00    0.00    0.00    0.00     9  |__call_rcu
19:15:31     1000         -   1305363    0.00    0.00    0.00    0.00    0.00    13  |__worker
19:15:31     1000         -   1305372   98.00    1.00    0.00    0.00   99.00    16  |__CPU 0/TCG
19:15:31     1000         -   1305373    0.00    0.00    0.00    0.00    0.00    13  |__CPU 1/TCG
19:15:31     1000         -   1305374   99.00    0.00    0.00    0.00   99.00    20  |__CPU 2/TCG
19:15:31     1000         -   1305375    0.00    0.00    0.00    0.00    0.00    22  |__CPU 3/TCG
19:15:32     1000   1305356         -  202.00    1.00    0.00    0.00  203.00    12  qemu-system-aar
19:15:32     1000         -   1305356    1.00    3.00    0.00    0.00    4.00    12  |__qemu-system-aar
19:15:32     1000         -   1305362    0.00    0.00    0.00    0.00    0.00     9  |__call_rcu
19:15:32     1000         -   1305363    0.00    0.00    0.00    0.00    0.00    13  |__worker
19:15:32     1000         -   1305372   98.00    0.00    0.00    0.00   98.00    16  |__CPU 0/TCG
19:15:32     1000         -   1305373    1.00    0.00    0.00    0.00    1.00    13  |__CPU 1/TCG
19:15:32     1000         -   1305374   99.00    1.00    0.00    0.00  100.00    20  |__CPU 2/TCG
19:15:32     1000         -   1305375    0.00    0.00    0.00    0.00    0.00    22  |__CPU 3/TCG
19:15:33     1000   1305356         -  203.00    1.00    0.00    0.00  204.00    21  qemu-system-aar
19:15:33     1000         -   1305356    1.00    4.00    0.00    0.00    5.00    21  |__qemu-system-aar
19:15:33     1000         -   1305362    0.00    0.00    0.00    0.00    0.00     9  |__call_rcu
19:15:33     1000         -   1305363    0.00    0.00    0.00    0.00    0.00    13  |__worker
19:15:33     1000         -   1305372   99.00    1.00    0.00    0.00  100.00    16  |__CPU 0/TCG
19:15:33     1000         -   1305373    0.00    0.00    0.00    0.00    0.00    14  |__CPU 1/TCG
19:15:33     1000         -   1305374  100.00    0.00    0.00    0.00  100.00    20  |__CPU 2/TCG
19:15:33     1000         -   1305375    0.00    0.00    0.00    0.00    0.00    22  |__CPU 3/TCG
19:15:34     1000   1305356         -  201.00    1.00    0.00    0.00  202.00     6  qemu-system-aar
19:15:34     1000         -   1305356    2.00    1.00    0.00    0.00    3.00     6  |__qemu-system-aar
19:15:34     1000         -   1305362    0.00    0.00    0.00    0.00    0.00     9  |__call_rcu
19:15:34     1000         -   1305363    0.00    0.00    0.00    0.00    0.00    13  |__worker
19:15:34     1000         -   1305372   98.00    1.00    0.00    0.00   99.00     0  |__CPU 0/TCG
19:15:34     1000         -   1305373    1.00    0.00    0.00    0.00    1.00    14  |__CPU 1/TCG
19:15:34     1000         -   1305374   98.00    1.00    0.00    0.00   99.00    20  |__CPU 2/TCG
19:15:34     1000         -   1305375    0.00    0.00    0.00    0.00    0.00    22  |__CPU 3/TCG
19:15:35     1000   1305356         -  202.00    1.00    0.00    0.00  203.00    18  qemu-system-aar
19:15:35     1000         -   1305356    1.00    2.00    0.00    0.00    3.00    18  |__qemu-system-aar
19:15:35     1000         -   1305362    0.00    0.00    0.00    0.00    0.00     9  |__call_rcu
19:15:35     1000         -   1305363    0.00    0.00    0.00    0.00    0.00    13  |__worker
19:15:35     1000         -   1305372  100.00    0.00    0.00    0.00  100.00     0  |__CPU 0/TCG
19:15:35     1000         -   1305373    0.00    0.00    0.00    0.00    0.00    14  |__CPU 1/TCG
19:15:35     1000         -   1305374   99.00    1.00    0.00    0.00  100.00    20  |__CPU 2/TCG
19:15:35     1000         -   1305375    0.00    0.00    0.00    0.00    0.00    22  |__CPU 3/TCG
19:15:36     1000   1305356         -  201.00    2.00    0.00    0.00  203.00    18  qemu-system-aar
19:15:36     1000         -   1305356    0.00    3.00    0.00    0.00    3.00    18  |__qemu-system-aar
19:15:36     1000         -   1305362    0.00    0.00    0.00    0.00    0.00     9  |__call_rcu
19:15:36     1000         -   1305363    0.00    0.00    0.00    0.00    0.00    13  |__worker
19:15:36     1000         -   1305372   98.00    1.00    0.00    0.00   99.00    16  |__CPU 0/TCG
19:15:36     1000         -   1305373    1.00    1.00    0.00    0.00    2.00    14  |__CPU 1/TCG
19:15:36     1000         -   1305374   99.00    0.00    0.00    0.00   99.00    20  |__CPU 2/TCG
19:15:36     1000         -   1305375    0.00    0.00    0.00    0.00    0.00    22  |__CPU 3/TCG
19:15:37     1000   1305356         -  201.00    1.00    0.00    0.00  202.00     7  qemu-system-aar
19:15:37     1000         -   1305356    1.00    2.00    0.00    0.00    3.00     7  |__qemu-system-aar
19:15:37     1000         -   1305362    0.00    0.00    0.00    0.00    0.00     9  |__call_rcu
19:15:37     1000         -   1305372   99.00    0.00    0.00    0.00   99.00    16  |__CPU 0/TCG
19:15:37     1000         -   1305373    0.00    0.00    0.00    0.00    0.00     1  |__CPU 1/TCG
19:15:37     1000         -   1305374   99.00    1.00    0.00    0.00  100.00    20  |__CPU 2/TCG
19:15:37     1000         -   1305375    0.00    0.00    0.00    0.00    0.00    22  |__CPU 3/TCG
19:15:38     1000   1305356         -  200.00    3.00    0.00    0.00  203.00    22  qemu-system-aar
19:15:38     1000         -   1305356    1.00    2.00    0.00    0.00    3.00    22  |__qemu-system-aar
19:15:38     1000         -   1305362    0.00    0.00    0.00    0.00    0.00     9  |__call_rcu
19:15:38     1000         -   1305372   99.00    1.00    0.00    0.00  100.00    16  |__CPU 0/TCG
19:15:38     1000         -   1305373    1.00    0.00    0.00    0.00    1.00     1  |__CPU 1/TCG
19:15:38     1000         -   1305374   98.00    1.00    0.00    0.00   99.00    20  |__CPU 2/TCG
19:15:38     1000         -   1305375    0.00    0.00    0.00    0.00    0.00    22  |__CPU 3/TCG
19:15:39     1000   1305356         -  201.00    1.00    0.00    0.00  202.00     6  qemu-system-aar
19:15:39     1000         -   1305356    0.00    2.00    0.00    0.00    2.00     6  |__qemu-system-aar
19:15:39     1000         -   1305362    0.00    0.00    0.00    0.00    0.00     9  |__call_rcu
19:15:39     1000         -   1305372   98.00    1.00    0.00    0.00   99.00    16  |__CPU 0/TCG
19:15:39     1000         -   1305373    1.00    0.00    0.00    0.00    1.00     1  |__CPU 1/TCG
19:15:39     1000         -   1305374   99.00    2.00    0.00    0.00  101.00     4  |__CPU 2/TCG
19:15:39     1000         -   1305375    0.00    0.00    0.00    0.00    0.00    22  |__CPU 3/TCG
19:15:40     1000   1305356         -  202.00    1.00    0.00    0.00  203.00     6  qemu-system-aar
19:15:40     1000         -   1305356    1.00    2.00    0.00    0.00    3.00     6  |__qemu-system-aar
19:15:40     1000         -   1305362    0.00    0.00    0.00    0.00    0.00     9  |__call_rcu
19:15:40     1000         -   1305372  100.00    0.00    0.00    0.00  100.00    16  |__CPU 0/TCG
19:15:40     1000         -   1305373    0.00    0.00    0.00    0.00    0.00     1  |__CPU 1/TCG
19:15:40     1000         -   1305374   99.00    0.00    0.00    0.00   99.00     4  |__CPU 2/TCG
19:15:40     1000         -   1305375    0.00    0.00    0.00    0.00    0.00    22  |__CPU 3/TCG
19:15:41     1000   1305356         -  201.00    2.00    0.00    0.00  203.00     6  qemu-system-aar
19:15:41     1000         -   1305356    1.00    3.00    0.00    0.00    4.00     6  |__qemu-system-aar
19:15:41     1000         -   1305362    0.00    0.00    0.00    0.00    0.00     9  |__call_rcu
19:15:41     1000         -   1305372   99.00    0.00    0.00    0.00   99.00    16  |__CPU 0/TCG
19:15:41     1000         -   1305373    1.00    0.00    0.00    0.00    1.00     1  |__CPU 1/TCG
19:15:41     1000         -   1305374   99.00    1.00    0.00    0.00  100.00     4  |__CPU 2/TCG
19:15:41     1000         -   1305375    0.00    0.00    0.00    0.00    0.00    22  |__CPU 3/TCG
19:15:42     1000   1305356         -  201.00    1.00    0.00    0.00  202.00     1  qemu-system-aar
19:15:42     1000         -   1305356    1.00    2.00    0.00    0.00    3.00     1  |__qemu-system-aar
19:15:42     1000         -   1305362    0.00    0.00    0.00    0.00    0.00     9  |__call_rcu
19:15:42     1000         -   1305372   99.00    1.00    0.00    0.00  100.00     0  |__CPU 0/TCG
19:15:42     1000         -   1305373    0.00    0.00    0.00    0.00    0.00     2  |__CPU 1/TCG
19:15:42     1000         -   1305374   99.00    1.00    0.00    0.00  100.00    20  |__CPU 2/TCG
19:15:42     1000         -   1305375    0.00    0.00    0.00    0.00    0.00    22  |__CPU 3/TCG
19:15:43     1000   1305356         -  201.00    1.00    0.00    0.00  202.00     1  qemu-system-aar
19:15:43     1000         -   1305356    0.00    2.00    0.00    0.00    2.00     1  |__qemu-system-aar
19:15:43     1000         -   1305362    0.00    0.00    0.00    0.00    0.00     9  |__call_rcu
19:15:43     1000         -   1305372   98.00    0.00    0.00    0.00   98.00     0  |__CPU 0/TCG
19:15:43     1000         -   1305373    1.00    0.00    0.00    0.00    1.00     3  |__CPU 1/TCG
19:15:43     1000         -   1305374   99.00    0.00    0.00    0.00   99.00    20  |__CPU 2/TCG
19:15:43     1000         -   1305375    0.00    0.00    0.00    0.00    0.00    22  |__CPU 3/TCG
19:15:44     1000   1305356         -  201.00    1.00    0.00    0.00  202.00     6  qemu-system-aar
19:15:44     1000         -   1305356    1.00    2.00    0.00    0.00    3.00     6  |__qemu-system-aar
19:15:44     1000         -   1305362    0.00    0.00    0.00    0.00    0.00     9  |__call_rcu
19:15:44     1000         -   1305372   99.00    1.00    0.00    0.00  100.00     0  |__CPU 0/TCG
19:15:44     1000         -   1305373    0.00    0.00    0.00    0.00    0.00     2  |__CPU 1/TCG
19:15:44     1000         -   1305374   99.00    1.00    0.00    0.00  100.00    20  |__CPU 2/TCG
19:15:44     1000         -   1305375    0.00    0.00    0.00    0.00    0.00    22  |__CPU 3/TCG
19:15:45     1000   1305356         -  202.00    2.00    0.00    0.00  204.00     6  qemu-system-aar
19:15:45     1000         -   1305356    1.00    2.00    0.00    0.00    3.00     6  |__qemu-system-aar
19:15:45     1000         -   1305362    0.00    0.00    0.00    0.00    0.00     9  |__call_rcu
19:15:45     1000         -   1305372   99.00    0.00    0.00    0.00   99.00     0  |__CPU 0/TCG
19:15:45     1000         -   1305373    1.00    0.00    0.00    0.00    1.00     3  |__CPU 1/TCG
19:15:45     1000         -   1305374   98.00    1.00    0.00    0.00   99.00    20  |__CPU 2/TCG
19:15:45     1000         -   1305375    0.00    0.00    0.00    0.00    0.00    22  |__CPU 3/TCG
19:15:46     1000   1305356         -  200.00    2.00    0.00    0.00  202.00     1  qemu-system-aar
19:15:46     1000         -   1305356    0.00    3.00    0.00    0.00    3.00     1  |__qemu-system-aar
19:15:46     1000         -   1305362    0.00    0.00    0.00    0.00    0.00     9  |__call_rcu
19:15:46     1000         -   1305372   99.00    1.00    0.00    0.00  100.00     0  |__CPU 0/TCG
19:15:46     1000         -   1305373    0.00    0.00    0.00    0.00    0.00     5  |__CPU 1/TCG
19:15:46     1000         -   1305374   99.00    1.00    0.00    0.00  100.00     4  |__CPU 2/TCG
19:15:46     1000         -   1305375    0.00    0.00    0.00    0.00    0.00    22  |__CPU 3/TCG
19:15:47     1000   1305356         -  200.00    2.00    0.00    0.00  202.00     7  qemu-system-aar
19:15:47     1000         -   1305356    2.00    1.00    0.00    0.00    3.00     7  |__qemu-system-aar
19:15:47     1000         -   1305362    0.00    0.00    0.00    0.00    0.00     9  |__call_rcu
19:15:47     1000         -   1305372   98.00    1.00    0.00    0.00   99.00    16  |__CPU 0/TCG
19:15:47     1000         -   1305373    1.00    0.00    0.00    0.00    1.00     5  |__CPU 1/TCG
19:15:47     1000         -   1305374   98.00    1.00    0.00    0.00   99.00     4  |__CPU 2/TCG
19:15:47     1000         -   1305375    0.00    0.00    0.00    0.00    0.00    22  |__CPU 3/TCG
19:15:48     1000   1305356         -  201.00    1.00    0.00    0.00  202.00    18  qemu-system-aar
19:15:48     1000         -   1305356    1.00    2.00    0.00    0.00    3.00    18  |__qemu-system-aar
19:15:48     1000         -   1305362    0.00    0.00    0.00    0.00    0.00     9  |__call_rcu
19:15:48     1000         -   1305372   99.00    0.00    0.00    0.00   99.00    16  |__CPU 0/TCG
19:15:48     1000         -   1305373    0.00    0.00    0.00    0.00    0.00     2  |__CPU 1/TCG
19:15:48     1000         -   1305374   99.00    1.00    0.00    0.00  100.00     4  |__CPU 2/TCG
19:15:48     1000         -   1305375    0.00    0.00    0.00    0.00    0.00    22  |__CPU 3/TCG
19:15:49     1000   1305356         -  201.00    2.00    0.00    0.00  203.00    17  qemu-system-aar
19:15:49     1000         -   1305356    0.00    2.00    0.00    0.00    2.00    17  |__qemu-system-aar
19:15:49     1000         -   1305362    0.00    0.00    0.00    0.00    0.00     9  |__call_rcu
19:15:49     1000         -   1305372   99.00    1.00    0.00    0.00  100.00    16  |__CPU 0/TCG
19:15:49     1000         -   1305373    1.00    0.00    0.00    0.00    1.00     3  |__CPU 1/TCG
19:15:49     1000         -   1305374   99.00    0.00    0.00    0.00   99.00    20  |__CPU 2/TCG
19:15:49     1000         -   1305375    0.00    0.00    0.00    0.00    0.00    22  |__CPU 3/TCG
19:15:50     1000   1305356         -  201.00    1.00    0.00    0.00  202.00    23  qemu-system-aar
19:15:50     1000         -   1305356    1.00    2.00    0.00    0.00    3.00    23  |__qemu-system-aar
19:15:50     1000         -   1305362    0.00    0.00    0.00    0.00    0.00     9  |__call_rcu
19:15:50     1000         -   1305372   99.00    1.00    0.00    0.00  100.00    16  |__CPU 0/TCG
19:15:50     1000         -   1305373    0.00    0.00    0.00    0.00    0.00     3  |__CPU 1/TCG
19:15:50     1000         -   1305374   99.00    1.00    0.00    0.00  100.00    20  |__CPU 2/TCG
19:15:50     1000         -   1305375    0.00    0.00    0.00    0.00    0.00    22  |__CPU 3/TCG
19:15:51     1000   1305356         -  201.00    1.00    0.00    0.00  202.00    23  qemu-system-aar
19:15:51     1000         -   1305356    1.00    2.00    0.00    0.00    3.00    23  |__qemu-system-aar
19:15:51     1000         -   1305362    0.00    0.00    0.00    0.00    0.00     9  |__call_rcu
19:15:51     1000         -   1305372   99.00    0.00    0.00    0.00   99.00    16  |__CPU 0/TCG
19:15:51     1000         -   1305373    1.00    0.00    0.00    0.00    1.00     5  |__CPU 1/TCG
19:15:51     1000         -   1305374   99.00    0.00    0.00    0.00   99.00    20  |__CPU 2/TCG
19:15:51     1000         -   1305375    0.00    0.00    0.00    0.00    0.00    22  |__CPU 3/TCG
19:15:52     1000   1305356         -  202.00    2.00    0.00    0.00  204.00     2  qemu-system-aar
19:15:52     1000         -   1305356    1.00    3.00    0.00    0.00    4.00     2  |__qemu-system-aar
19:15:52     1000         -   1305362    0.00    0.00    0.00    0.00    0.00     9  |__call_rcu
19:15:52     1000         -   1305372   99.00    1.00    0.00    0.00  100.00    16  |__CPU 0/TCG
19:15:52     1000         -   1305373    1.00    0.00    0.00    0.00    1.00    17  |__CPU 1/TCG
19:15:52     1000         -   1305374   99.00    1.00    0.00    0.00  100.00    20  |__CPU 2/TCG
19:15:52     1000         -   1305375    0.00    0.00    0.00    0.00    0.00    22  |__CPU 3/TCG
19:15:53     1000   1305356         -  200.00    1.00    0.00    0.00  201.00     1  qemu-system-aar
19:15:53     1000         -   1305356    0.00    2.00    0.00    0.00    2.00     1  |__qemu-system-aar
19:15:53     1000         -   1305362    0.00    0.00    0.00    0.00    0.00     9  |__call_rcu
19:15:53     1000         -   1305372   99.00    0.00    0.00    0.00   99.00    16  |__CPU 0/TCG
19:15:53     1000         -   1305373    0.00    0.00    0.00    0.00    0.00    17  |__CPU 1/TCG
19:15:53     1000         -   1305374   98.00    1.00    0.00    0.00   99.00     4  |__CPU 2/TCG
19:15:53     1000         -   1305375    0.00    0.00    0.00    0.00    0.00    22  |__CPU 3/TCG
19:15:54     1000   1305356         -  200.00    3.00    0.00    0.00  203.00     7  qemu-system-aar
19:15:54     1000         -   1305356    0.00    3.00    0.00    0.00    3.00     7  |__qemu-system-aar
19:15:54     1000         -   1305362    0.00    0.00    0.00    0.00    0.00     9  |__call_rcu
19:15:54     1000         -   1305372   99.00    1.00    0.00    0.00  100.00    16  |__CPU 0/TCG
19:15:54     1000         -   1305373    1.00    0.00    0.00    0.00    1.00     6  |__CPU 1/TCG
19:15:54     1000         -   1305374   98.00    2.00    0.00    0.00  100.00    20  |__CPU 2/TCG
19:15:54     1000         -   1305375    0.00    0.00    0.00    0.00    0.00    22  |__CPU 3/TCG
19:15:55     1000   1305356         -  202.00    1.00    0.00    0.00  203.00     7  qemu-system-aar
19:15:55     1000         -   1305356    1.00    1.00    0.00    0.00    2.00     7  |__qemu-system-aar
19:15:55     1000         -   1305362    0.00    0.00    0.00    0.00    0.00     9  |__call_rcu
19:15:55     1000         -   1305372   99.00    0.00    0.00    0.00   99.00    16  |__CPU 0/TCG
19:15:55     1000         -   1305373    0.00    0.00    0.00    0.00    0.00     6  |__CPU 1/TCG
19:15:55     1000         -   1305374   99.00    0.00    0.00    0.00   99.00    20  |__CPU 2/TCG
19:15:55     1000         -   1305375    0.00    0.00    0.00    0.00    0.00    22  |__CPU 3/TCG
19:15:56     1000   1305356         -  201.00    1.00    0.00    0.00  202.00    19  qemu-system-aar
19:15:56     1000         -   1305356    1.00    3.00    0.00    0.00    4.00    19  |__qemu-system-aar
19:15:56     1000         -   1305362    0.00    0.00    0.00    0.00    0.00     9  |__call_rcu
19:15:56     1000         -   1305372   98.00    1.00    0.00    0.00   99.00    16  |__CPU 0/TCG
19:15:56     1000         -   1305373    1.00    0.00    0.00    0.00    1.00    17  |__CPU 1/TCG
19:15:56     1000         -   1305374   99.00    1.00    0.00    0.00  100.00    20  |__CPU 2/TCG
19:15:56     1000         -   1305375    0.00    0.00    0.00    0.00    0.00    22  |__CPU 3/TCG
19:15:57     1000   1305356         -  200.00    2.00    0.00    0.00  202.00    19  qemu-system-aar
19:15:57     1000         -   1305356    0.00    3.00    0.00    0.00    3.00    19  |__qemu-system-aar
19:15:57     1000         -   1305362    0.00    0.00    0.00    0.00    0.00     9  |__call_rcu
19:15:57     1000         -   1305372   99.00    0.00    0.00    0.00   99.00    16  |__CPU 0/TCG
19:15:57     1000         -   1305373    0.00    0.00    0.00    0.00    0.00    17  |__CPU 1/TCG
19:15:57     1000         -   1305374   99.00    1.00    0.00    0.00  100.00    20  |__CPU 2/TCG
19:15:57     1000         -   1305375    0.00    0.00    0.00    0.00    0.00    22  |__CPU 3/TCG
19:15:58     1000   1305356         -  201.00    1.00    0.00    0.00  202.00    19  qemu-system-aar
19:15:58     1000         -   1305356    0.00    2.00    0.00    0.00    2.00    19  |__qemu-system-aar
19:15:58     1000         -   1305362    0.00    0.00    0.00    0.00    0.00     9  |__call_rcu
19:15:58     1000         -   1305372   99.00    1.00    0.00    0.00  100.00    16  |__CPU 0/TCG
19:15:58     1000         -   1305373    1.00    0.00    0.00    0.00    1.00    21  |__CPU 1/TCG
19:15:58     1000         -   1305374   98.00    1.00    0.00    0.00   99.00    20  |__CPU 2/TCG
19:15:58     1000         -   1305375    0.00    0.00    0.00    0.00    0.00    22  |__CPU 3/TCG
19:15:59     1000   1305356         -  201.00    2.00    0.00    0.00  203.00    19  qemu-system-aar
19:15:59     1000         -   1305356    2.00    1.00    0.00    0.00    3.00    19  |__qemu-system-aar
19:15:59     1000         -   1305362    0.00    0.00    0.00    0.00    0.00     9  |__call_rcu
19:15:59     1000         -   1305372   99.00    0.00    0.00    0.00   99.00     0  |__CPU 0/TCG
19:15:59     1000         -   1305373    1.00    0.00    0.00    0.00    1.00    21  |__CPU 1/TCG
19:15:59     1000         -   1305374   98.00    1.00    0.00    0.00   99.00    20  |__CPU 2/TCG
19:15:59     1000         -   1305375    0.00    0.00    0.00    0.00    0.00    22  |__CPU 3/TCG
19:16:00     1000   1305356         -  199.00    3.00    0.00    0.00  202.00    24  qemu-system-aar
19:16:00     1000         -   1305356    3.00    0.00    0.00    0.00    3.00    24  |__qemu-system-aar
19:16:00     1000         -   1305362    0.00    0.00    0.00    0.00    0.00     9  |__call_rcu
19:16:00     1000         -   1305372   99.00    1.00    0.00    0.00  100.00     0  |__CPU 0/TCG
19:16:00     1000         -   1305373    0.00    0.00    0.00    0.00    0.00    21  |__CPU 1/TCG
19:16:00     1000         -   1305374   98.00    1.00    0.00    0.00   99.00    20  |__CPU 2/TCG
19:16:00     1000         -   1305375    0.00    0.00    0.00    0.00    0.00    22  |__CPU 3/TCG
19:16:01     1000   1305356         -  200.00    3.00    0.00    0.00  203.00    24  qemu-system-aar
19:16:01     1000         -   1305356    0.00    4.00    0.00    0.00    4.00    24  |__qemu-system-aar
19:16:01     1000         -   1305362    0.00    0.00    0.00    0.00    0.00     9  |__call_rcu
19:16:01     1000         -   1305372   98.00    1.00    0.00    0.00   99.00     0  |__CPU 0/TCG
19:16:01     1000         -   1305373    1.00    0.00    0.00    0.00    1.00    21  |__CPU 1/TCG
19:16:01     1000         -   1305374   98.00    2.00    0.00    0.00  100.00    20  |__CPU 2/TCG
19:16:01     1000         -   1305375    0.00    0.00    0.00    0.00    0.00    22  |__CPU 3/TCG
19:16:02     1000   1305356         -  202.00    2.00    0.00    0.00  204.00    26  qemu-system-aar
19:16:02     1000         -   1305356    2.00    3.00    0.00    0.00    5.00    26  |__qemu-system-aar
19:16:02     1000         -   1305362    0.00    0.00    0.00    0.00    0.00     9  |__call_rcu
19:16:02     1000         -   1305372   99.00    0.00    0.00    0.00   99.00     0  |__CPU 0/TCG
19:16:02     1000         -   1305373    0.00    0.00    0.00    0.00    0.00    21  |__CPU 1/TCG
19:16:02     1000         -   1305374   98.00    2.00    0.00    0.00  100.00    20  |__CPU 2/TCG
19:16:02     1000         -   1305375    0.00    0.00    0.00    0.00    0.00    22  |__CPU 3/TCG
19:16:03     1000   1305356         -  200.00    3.00    0.00    0.00  203.00    26  qemu-system-aar
19:16:03     1000         -   1305356    1.00    3.00    0.00    0.00    4.00    26  |__qemu-system-aar
19:16:03     1000         -   1305362    0.00    0.00    0.00    0.00    0.00     9  |__call_rcu
19:16:03     1000         -   1305372   98.00    1.00    0.00    0.00   99.00     0  |__CPU 0/TCG
19:16:03     1000         -   1305373    1.00    0.00    0.00    0.00    1.00     3  |__CPU 1/TCG
19:16:03     1000         -   1305374   97.00    1.00    0.00    0.00   98.00    20  |__CPU 2/TCG
19:16:03     1000         -   1305375    0.00    0.00    0.00    0.00    0.00    22  |__CPU 3/TCG
19:16:04     1000   1305356         -  200.00    3.00    0.00    0.00  203.00    11  qemu-system-aar
19:16:04     1000         -   1305356    1.00    3.00    0.00    0.00    4.00    11  |__qemu-system-aar
19:16:04     1000         -   1305362    0.00    0.00    0.00    0.00    0.00     9  |__call_rcu
19:16:04     1000         -   1305372   98.00    1.00    0.00    0.00   99.00     0  |__CPU 0/TCG
19:16:04     1000         -   1305373    0.00    0.00    0.00    0.00    0.00     3  |__CPU 1/TCG
19:16:04     1000         -   1305374   98.00    2.00    0.00    0.00  100.00    20  |__CPU 2/TCG
19:16:04     1000         -   1305375    0.00    0.00    0.00    0.00    0.00    22  |__CPU 3/TCG
19:16:05     1000   1305356         -  201.00    3.00    0.00    0.00  204.00    11  qemu-system-aar
19:16:05     1000         -   1305356    2.00    3.00    0.00    0.00    5.00    11  |__qemu-system-aar
19:16:05     1000         -   1305362    0.00    0.00    0.00    0.00    0.00     9  |__call_rcu
19:16:05     1000         -   1305372   98.00    2.00    0.00    0.00  100.00     0  |__CPU 0/TCG
19:16:05     1000         -   1305373    1.00    0.00    0.00    0.00    1.00     3  |__CPU 1/TCG
19:16:05     1000         -   1305374   98.00    1.00    0.00    0.00   99.00    20  |__CPU 2/TCG
19:16:05     1000         -   1305375    0.00    0.00    0.00    0.00    0.00    22  |__CPU 3/TCG
