Linux 6.17.0-40-generic (9950x) 	08/15/26 	_x86_64_	(32 CPU)

# Time        UID      TGID       TID    %usr %system  %guest   %wait    %CPU   CPU  Command
19:10:04     1000   1297021         -  102.00    6.00    0.00    0.00  108.00    30  qemu-system-aar
19:10:04     1000         -   1297021    1.00    3.00    0.00    0.00    4.00    30  |__qemu-system-aar
19:10:04     1000         -   1297028    0.00    0.00    0.00    0.00    0.00    28  |__call_rcu
19:10:04     1000         -   1297029    0.00    0.00    0.00    0.00    0.00    29  |__worker
19:10:04     1000         -   1297037   92.00    2.00    0.00    0.00   94.00     0  |__CPU 0/TCG
19:10:04     1000         -   1297039    1.00    0.00    0.00    0.00    1.00    27  |__CPU 1/TCG
19:10:04     1000         -   1297040    6.00    0.00    0.00    0.00    6.00     4  |__CPU 2/TCG
19:10:04     1000         -   1297041    0.00    0.00    0.00    0.00    0.00    20  |__CPU 3/TCG
19:10:05     1000   1297021         -  199.00    5.00    0.00    0.00  204.00     6  qemu-system-aar
19:10:05     1000         -   1297021    1.00    2.00    0.00    0.00    3.00     6  |__qemu-system-aar
19:10:05     1000         -   1297028    0.00    0.00    0.00    0.00    0.00    28  |__call_rcu
19:10:05     1000         -   1297029    0.00    0.00    0.00    0.00    0.00    29  |__worker
19:10:05     1000         -   1297037   97.00    3.00    0.00    0.00  100.00     0  |__CPU 0/TCG
19:10:05     1000         -   1297039    1.00    0.00    0.00    0.00    1.00    27  |__CPU 1/TCG
19:10:05     1000         -   1297040   98.00    1.00    0.00    0.00   99.00     4  |__CPU 2/TCG
19:10:05     1000         -   1297041    0.00    0.00    0.00    0.00    0.00    20  |__CPU 3/TCG
19:10:06     1000   1297021         -  199.00    4.00    0.00    0.00  203.00    17  qemu-system-aar
19:10:06     1000         -   1297021    1.00    3.00    0.00    0.00    4.00    17  |__qemu-system-aar
19:10:06     1000         -   1297028    0.00    0.00    0.00    0.00    0.00    28  |__call_rcu
19:10:06     1000         -   1297029    0.00    0.00    0.00    0.00    0.00    29  |__worker
19:10:06     1000         -   1297037   98.00    1.00    0.00    0.00   99.00     0  |__CPU 0/TCG
19:10:06     1000         -   1297039    1.00    0.00    0.00    0.00    1.00    27  |__CPU 1/TCG
19:10:06     1000         -   1297040   98.00    1.00    0.00    0.00   99.00     4  |__CPU 2/TCG
19:10:06     1000         -   1297041    0.00    0.00    0.00    0.00    0.00    20  |__CPU 3/TCG
19:10:07     1000   1297021         -  200.00    2.00    0.00    0.00  202.00    19  qemu-system-aar
19:10:07     1000         -   1297021    1.00    2.00    0.00    0.00    3.00    19  |__qemu-system-aar
19:10:07     1000         -   1297028    0.00    0.00    0.00    0.00    0.00    28  |__call_rcu
19:10:07     1000         -   1297029    0.00    0.00    0.00    0.00    0.00    29  |__worker
19:10:07     1000         -   1297037   99.00    0.00    0.00    0.00   99.00     0  |__CPU 0/TCG
19:10:07     1000         -   1297039    1.00    0.00    0.00    0.00    1.00    27  |__CPU 1/TCG
19:10:07     1000         -   1297040   99.00    1.00    0.00    0.00  100.00     4  |__CPU 2/TCG
19:10:07     1000         -   1297041    0.00    0.00    0.00    0.00    0.00    20  |__CPU 3/TCG
19:10:08     1000   1297021         -  200.00    3.00    0.00    0.00  203.00     7  qemu-system-aar
19:10:08     1000         -   1297021    2.00    2.00    0.00    0.00    4.00     5  |__qemu-system-aar
19:10:08     1000         -   1297028    0.00    0.00    0.00    0.00    0.00    28  |__call_rcu
19:10:08     1000         -   1297029    0.00    0.00    0.00    0.00    0.00    29  |__worker
19:10:08     1000         -   1297037   98.00    1.00    0.00    0.00   99.00     4  |__CPU 0/TCG
19:10:08     1000         -   1297039    0.00    0.00    0.00    0.00    0.00    27  |__CPU 1/TCG
19:10:08     1000         -   1297040   98.00    1.00    0.00    0.00   99.00    16  |__CPU 2/TCG
19:10:08     1000         -   1297041    0.00    0.00    0.00    0.00    0.00    20  |__CPU 3/TCG
19:10:09     1000   1297021         -  201.00    3.00    0.00    0.00  204.00    18  qemu-system-aar
19:10:09     1000         -   1297021    1.00    3.00    0.00    0.00    4.00    18  |__qemu-system-aar
19:10:09     1000         -   1297028    0.00    0.00    0.00    0.00    0.00    28  |__call_rcu
19:10:09     1000         -   1297029    0.00    0.00    0.00    0.00    0.00    29  |__worker
19:10:09     1000         -   1297037   99.00    0.00    0.00    0.00   99.00     4  |__CPU 0/TCG
19:10:09     1000         -   1297039    1.00    0.00    0.00    0.00    1.00    27  |__CPU 1/TCG
19:10:09     1000         -   1297040   99.00    1.00    0.00    0.00  100.00     0  |__CPU 2/TCG
19:10:09     1000         -   1297041    0.00    0.00    0.00    0.00    0.00    20  |__CPU 3/TCG
19:10:10     1000   1297021         -  202.00    2.00    0.00    0.00  204.00    18  qemu-system-aar
19:10:10     1000         -   1297021    1.00    2.00    0.00    0.00    3.00    18  |__qemu-system-aar
19:10:10     1000         -   1297028    0.00    0.00    0.00    0.00    0.00    28  |__call_rcu
19:10:10     1000         -   1297029    0.00    0.00    0.00    0.00    0.00    29  |__worker
19:10:10     1000         -   1297037  100.00    0.00    0.00    0.00  100.00     4  |__CPU 0/TCG
19:10:10     1000         -   1297039    0.00    0.00    0.00    0.00    0.00    17  |__CPU 1/TCG
19:10:10     1000         -   1297040   99.00    1.00    0.00    0.00  100.00    16  |__CPU 2/TCG
19:10:10     1000         -   1297041    0.00    0.00    0.00    0.00    0.00    20  |__CPU 3/TCG
19:10:11     1000   1297021         -  199.00    3.00    0.00    0.00  202.00    18  qemu-system-aar
19:10:11     1000         -   1297021    2.00    2.00    0.00    0.00    4.00    18  |__qemu-system-aar
19:10:11     1000         -   1297028    0.00    0.00    0.00    0.00    0.00    28  |__call_rcu
19:10:11     1000         -   1297029    0.00    0.00    0.00    0.00    0.00    29  |__worker
19:10:11     1000         -   1297037   98.00    1.00    0.00    0.00   99.00     4  |__CPU 0/TCG
19:10:11     1000         -   1297039    1.00    0.00    0.00    0.00    1.00    17  |__CPU 1/TCG
19:10:11     1000         -   1297040   98.00    2.00    0.00    0.00  100.00    16  |__CPU 2/TCG
19:10:11     1000         -   1297041    0.00    0.00    0.00    0.00    0.00    21  |__CPU 3/TCG
19:10:12     1000   1297021         -  201.00    3.00    0.00    0.00  204.00    23  qemu-system-aar
19:10:12     1000         -   1297021    1.00    3.00    0.00    0.00    4.00    23  |__qemu-system-aar
19:10:12     1000         -   1297028    0.00    0.00    0.00    0.00    0.00    28  |__call_rcu
19:10:12     1000         -   1297029    0.00    0.00    0.00    0.00    0.00    29  |__worker
19:10:12     1000         -   1297037   99.00    1.00    0.00    0.00  100.00     4  |__CPU 0/TCG
19:10:12     1000         -   1297039    1.00    0.00    0.00    0.00    1.00    17  |__CPU 1/TCG
19:10:12     1000         -   1297040   99.00    1.00    0.00    0.00  100.00     0  |__CPU 2/TCG
19:10:12     1000         -   1297041    0.00    0.00    0.00    0.00    0.00    21  |__CPU 3/TCG
19:10:13     1000   1297021         -  201.00    2.00    0.00    0.00  203.00     1  qemu-system-aar
19:10:13     1000         -   1297021    1.00    2.00    0.00    0.00    3.00     1  |__qemu-system-aar
19:10:13     1000         -   1297028    0.00    0.00    0.00    0.00    0.00    28  |__call_rcu
19:10:13     1000         -   1297029    0.00    0.00    0.00    0.00    0.00    29  |__worker
19:10:13     1000         -   1297037   99.00    0.00    0.00    0.00   99.00     4  |__CPU 0/TCG
19:10:13     1000         -   1297039    0.00    0.00    0.00    0.00    0.00     2  |__CPU 1/TCG
19:10:13     1000         -   1297040   99.00    0.00    0.00    0.00   99.00    16  |__CPU 2/TCG
19:10:13     1000         -   1297041    0.00    0.00    0.00    0.00    0.00    21  |__CPU 3/TCG
19:10:14     1000   1297021         -  200.00    3.00    0.00    0.00  203.00     1  qemu-system-aar
19:10:14     1000         -   1297021    1.00    2.00    0.00    0.00    3.00     1  |__qemu-system-aar
19:10:14     1000         -   1297028    0.00    0.00    0.00    0.00    0.00    28  |__call_rcu
19:10:14     1000         -   1297037  100.00    0.00    0.00    0.00  100.00     4  |__CPU 0/TCG
19:10:14     1000         -   1297039    1.00    0.00    0.00    0.00    1.00     2  |__CPU 1/TCG
19:10:14     1000         -   1297040   99.00    1.00    0.00    0.00  100.00    16  |__CPU 2/TCG
19:10:14     1000         -   1297041    0.00    0.00    0.00    0.00    0.00    21  |__CPU 3/TCG
19:10:15     1000   1297021         -  201.00    3.00    0.00    0.00  204.00     5  qemu-system-aar
19:10:15     1000         -   1297021    1.00    3.00    0.00    0.00    4.00     5  |__qemu-system-aar
19:10:15     1000         -   1297028    0.00    0.00    0.00    0.00    0.00    28  |__call_rcu
19:10:15     1000         -   1297037   99.00    0.00    0.00    0.00   99.00     4  |__CPU 0/TCG
19:10:15     1000         -   1297039    0.00    0.00    0.00    0.00    0.00     3  |__CPU 1/TCG
19:10:15     1000         -   1297040   99.00    1.00    0.00    0.00  100.00    16  |__CPU 2/TCG
19:10:15     1000         -   1297041    0.00    0.00    0.00    0.00    0.00    21  |__CPU 3/TCG
19:10:16     1000   1297021         -  201.00    2.00    0.00    0.00  203.00     6  qemu-system-aar
19:10:16     1000         -   1297021    1.00    2.00    0.00    0.00    3.00     6  |__qemu-system-aar
19:10:16     1000         -   1297028    0.00    0.00    0.00    0.00    0.00    28  |__call_rcu
19:10:16     1000         -   1297037   99.00    0.00    0.00    0.00   99.00     4  |__CPU 0/TCG
19:10:16     1000         -   1297039    1.00    0.00    0.00    0.00    1.00     2  |__CPU 1/TCG
19:10:16     1000         -   1297040   99.00    1.00    0.00    0.00  100.00    16  |__CPU 2/TCG
19:10:16     1000         -   1297041    0.00    0.00    0.00    0.00    0.00    21  |__CPU 3/TCG
