Linux 6.17.0-40-generic (9950x) 	08/15/26 	_x86_64_	(32 CPU)

# Time        UID      TGID       TID    %usr %system  %guest   %wait    %CPU   CPU  Command
19:11:24     1000   1299216         -  103.00    6.00    0.00    0.00  109.00     1  qemu-system-aar
19:11:24     1000         -   1299216    1.00    3.00    0.00    0.00    4.00     1  |__qemu-system-aar
19:11:24     1000         -   1299223    0.00    0.00    0.00    0.00    0.00     0  |__call_rcu
19:11:24     1000         -   1299224    0.00    0.00    0.00    0.00    0.00     8  |__worker
19:11:24     1000         -   1299233   92.00    2.00    0.00    0.00   94.00     4  |__CPU 0/TCG
19:11:24     1000         -   1299234    1.00    0.00    0.00    0.00    1.00     2  |__CPU 1/TCG
19:11:24     1000         -   1299235    6.00    0.00    0.00    0.00    6.00     0  |__CPU 2/TCG
19:11:24     1000         -   1299236    0.00    0.00    0.00    0.00    0.00    15  |__CPU 3/TCG
19:11:25     1000   1299216         -  193.00    9.00    0.00    0.00  202.00    18  qemu-system-aar
19:11:25     1000         -   1299216    1.00    3.00    0.00    0.00    4.00    18  |__qemu-system-aar
19:11:25     1000         -   1299223    0.00    0.00    0.00    0.00    0.00     4  |__call_rcu
19:11:25     1000         -   1299224    0.00    0.00    0.00    0.00    0.00     8  |__worker
19:11:25     1000         -   1299233   95.00    5.00    0.00    0.00  100.00    20  |__CPU 0/TCG
19:11:25     1000         -   1299234    1.00    0.00    0.00    0.00    1.00     3  |__CPU 1/TCG
19:11:25     1000         -   1299235   97.00    2.00    0.00    0.00   99.00     0  |__CPU 2/TCG
19:11:25     1000         -   1299236    0.00    0.00    0.00    0.00    0.00     2  |__CPU 3/TCG
19:11:26     1000   1299216         -  198.00    5.00    0.00    0.00  203.00    18  qemu-system-aar
19:11:26     1000         -   1299216    1.00    2.00    0.00    0.00    3.00    18  |__qemu-system-aar
19:11:26     1000         -   1299223    0.00    0.00    0.00    0.00    0.00     4  |__call_rcu
19:11:26     1000         -   1299224    0.00    0.00    0.00    0.00    0.00     8  |__worker
19:11:26     1000         -   1299233   97.00    2.00    0.00    0.00   99.00    20  |__CPU 0/TCG
19:11:26     1000         -   1299234    0.00    0.00    0.00    0.00    0.00     3  |__CPU 1/TCG
19:11:26     1000         -   1299235   98.00    1.00    0.00    0.00   99.00     0  |__CPU 2/TCG
19:11:26     1000         -   1299236    0.00    0.00    0.00    0.00    0.00     2  |__CPU 3/TCG
19:11:27     1000   1299216         -  199.00    4.00    0.00    0.00  203.00    18  qemu-system-aar
19:11:27     1000         -   1299216    1.00    2.00    0.00    0.00    3.00    18  |__qemu-system-aar
19:11:27     1000         -   1299223    0.00    0.00    0.00    0.00    0.00     4  |__call_rcu
19:11:27     1000         -   1299224    0.00    0.00    0.00    0.00    0.00     8  |__worker
19:11:27     1000         -   1299233   98.00    1.00    0.00    0.00   99.00    20  |__CPU 0/TCG
19:11:27     1000         -   1299234    1.00    0.00    0.00    0.00    1.00     3  |__CPU 1/TCG
19:11:27     1000         -   1299235   99.00    1.00    0.00    0.00  100.00     0  |__CPU 2/TCG
19:11:27     1000         -   1299236    0.00    0.00    0.00    0.00    0.00     2  |__CPU 3/TCG
19:11:28     1000   1299216         -  200.00    2.00    0.00    0.00  202.00    22  qemu-system-aar
19:11:28     1000         -   1299216    2.00    1.00    0.00    0.00    3.00    22  |__qemu-system-aar
19:11:28     1000         -   1299223    0.00    0.00    0.00    0.00    0.00     4  |__call_rcu
19:11:28     1000         -   1299224    0.00    0.00    0.00    0.00    0.00     8  |__worker
19:11:28     1000         -   1299233   98.00    1.00    0.00    0.00   99.00    20  |__CPU 0/TCG
19:11:28     1000         -   1299234    0.00    0.00    0.00    0.00    0.00     2  |__CPU 1/TCG
19:11:28     1000         -   1299235   99.00    1.00    0.00    0.00  100.00     0  |__CPU 2/TCG
19:11:28     1000         -   1299236    0.00    0.00    0.00    0.00    0.00     5  |__CPU 3/TCG
19:11:29     1000   1299216         -  200.00    3.00    0.00    0.00  203.00     2  qemu-system-aar
19:11:29     1000         -   1299216    1.00    2.00    0.00    0.00    3.00     2  |__qemu-system-aar
19:11:29     1000         -   1299223    0.00    0.00    0.00    0.00    0.00     4  |__call_rcu
19:11:29     1000         -   1299224    0.00    0.00    0.00    0.00    0.00     8  |__worker
19:11:29     1000         -   1299233   99.00    1.00    0.00    0.00  100.00    20  |__CPU 0/TCG
19:11:29     1000         -   1299234    1.00    0.00    0.00    0.00    1.00     6  |__CPU 1/TCG
19:11:29     1000         -   1299235   99.00    1.00    0.00    0.00  100.00    16  |__CPU 2/TCG
19:11:29     1000         -   1299236    0.00    0.00    0.00    0.00    0.00     5  |__CPU 3/TCG
19:11:30     1000   1299216         -  200.00    3.00    0.00    0.00  203.00     5  qemu-system-aar
19:11:30     1000         -   1299216    1.00    3.00    0.00    0.00    4.00     5  |__qemu-system-aar
19:11:30     1000         -   1299223    0.00    0.00    0.00    0.00    0.00     4  |__call_rcu
19:11:30     1000         -   1299224    0.00    0.00    0.00    0.00    0.00     8  |__worker
19:11:30     1000         -   1299233   99.00    0.00    0.00    0.00   99.00    20  |__CPU 0/TCG
19:11:30     1000         -   1299234    0.00    0.00    0.00    0.00    0.00     6  |__CPU 1/TCG
19:11:30     1000         -   1299235   99.00    0.00    0.00    0.00   99.00    16  |__CPU 2/TCG
19:11:30     1000         -   1299236    0.00    0.00    0.00    0.00    0.00     5  |__CPU 3/TCG
19:11:31     1000   1299216         -  199.00    4.00    0.00    0.00  203.00    11  qemu-system-aar
19:11:31     1000         -   1299216    1.00    2.00    0.00    0.00    3.00    11  |__qemu-system-aar
19:11:31     1000         -   1299223    0.00    0.00    0.00    0.00    0.00     4  |__call_rcu
19:11:31     1000         -   1299224    0.00    0.00    0.00    0.00    0.00     8  |__worker
19:11:31     1000         -   1299233   99.00    1.00    0.00    0.00  100.00    20  |__CPU 0/TCG
19:11:31     1000         -   1299234    1.00    0.00    0.00    0.00    1.00     7  |__CPU 1/TCG
19:11:31     1000         -   1299235   98.00    1.00    0.00    0.00   99.00    16  |__CPU 2/TCG
19:11:31     1000         -   1299236    0.00    0.00    0.00    0.00    0.00     5  |__CPU 3/TCG
19:11:32     1000   1299216         -  200.00    4.00    0.00    0.00  204.00     9  qemu-system-aar
19:11:32     1000         -   1299216    2.00    3.00    0.00    0.00    5.00     9  |__qemu-system-aar
19:11:32     1000         -   1299223    0.00    0.00    0.00    0.00    0.00     4  |__call_rcu
19:11:32     1000         -   1299224    0.00    0.00    0.00    0.00    0.00     8  |__worker
19:11:32     1000         -   1299233   98.00    0.00    0.00    0.00   98.00     4  |__CPU 0/TCG
19:11:32     1000         -   1299234    0.00    0.00    0.00    0.00    0.00     3  |__CPU 1/TCG
19:11:32     1000         -   1299235   98.00    2.00    0.00    0.00  100.00    16  |__CPU 2/TCG
19:11:32     1000         -   1299236    0.00    0.00    0.00    0.00    0.00     7  |__CPU 3/TCG
19:11:33     1000   1299216         -  199.00    5.00    0.00    0.00  204.00    25  qemu-system-aar
19:11:33     1000         -   1299216    2.00    3.00    0.00    0.00    5.00    25  |__qemu-system-aar
19:11:33     1000         -   1299223    0.00    0.00    0.00    0.00    0.00     4  |__call_rcu
19:11:33     1000         -   1299224    0.00    0.00    0.00    0.00    0.00     8  |__worker
19:11:33     1000         -   1299233   99.00    1.00    0.00    0.00  100.00     4  |__CPU 0/TCG
19:11:33     1000         -   1299234    1.00    1.00    0.00    0.00    2.00    26  |__CPU 1/TCG
19:11:33     1000         -   1299235   98.00    2.00    0.00    0.00  100.00    16  |__CPU 2/TCG
19:11:33     1000         -   1299236    0.00    0.00    0.00    0.00    0.00     7  |__CPU 3/TCG
19:11:34     1000   1299216         -  199.00    5.00    0.00    0.00  204.00     5  qemu-system-aar
19:11:34     1000         -   1299216    1.00    3.00    0.00    0.00    4.00     5  |__qemu-system-aar
19:11:34     1000         -   1299223    0.00    0.00    0.00    0.00    0.00     4  |__call_rcu
19:11:34     1000         -   1299233   98.00    1.00    0.00    0.00   99.00     4  |__CPU 0/TCG
19:11:34     1000         -   1299234    0.00    0.00    0.00    0.00    0.00    26  |__CPU 1/TCG
19:11:34     1000         -   1299235   98.00    2.00    0.00    0.00  100.00     0  |__CPU 2/TCG
19:11:34     1000         -   1299236    0.00    0.00    0.00    0.00    0.00     7  |__CPU 3/TCG
19:11:35     1000   1299216         -  201.00    2.00    0.00    0.00  203.00     1  qemu-system-aar
19:11:35     1000         -   1299216    1.00    2.00    0.00    0.00    3.00     1  |__qemu-system-aar
19:11:35     1000         -   1299223    0.00    0.00    0.00    0.00    0.00     4  |__call_rcu
19:11:35     1000         -   1299233   99.00    0.00    0.00    0.00   99.00     4  |__CPU 0/TCG
19:11:35     1000         -   1299234    1.00    0.00    0.00    0.00    1.00    17  |__CPU 1/TCG
19:11:35     1000         -   1299235   99.00    1.00    0.00    0.00  100.00    16  |__CPU 2/TCG
19:11:35     1000         -   1299236    0.00    0.00    0.00    0.00    0.00     7  |__CPU 3/TCG
19:11:36     1000   1299216         -  200.00    3.00    0.00    0.00  203.00     5  qemu-system-aar
19:11:36     1000         -   1299216    1.00    2.00    0.00    0.00    3.00     5  |__qemu-system-aar
19:11:36     1000         -   1299223    0.00    0.00    0.00    0.00    0.00     4  |__call_rcu
19:11:36     1000         -   1299233  100.00    0.00    0.00    0.00  100.00    20  |__CPU 0/TCG
19:11:36     1000         -   1299234    0.00    0.00    0.00    0.00    0.00    18  |__CPU 1/TCG
19:11:36     1000         -   1299235   99.00    0.00    0.00    0.00   99.00    16  |__CPU 2/TCG
19:11:36     1000         -   1299236    0.00    0.00    0.00    0.00    0.00     7  |__CPU 3/TCG
19:11:37     1000   1299216         -  201.00    2.00    0.00    0.00  203.00     7  qemu-system-aar
19:11:37     1000         -   1299216    1.00    2.00    0.00    0.00    3.00     7  |__qemu-system-aar
19:11:37     1000         -   1299223    0.00    0.00    0.00    0.00    0.00     4  |__call_rcu
19:11:37     1000         -   1299233   99.00    0.00    0.00    0.00   99.00    20  |__CPU 0/TCG
19:11:37     1000         -   1299234    1.00    0.00    0.00    0.00    1.00    17  |__CPU 1/TCG
19:11:37     1000         -   1299235   99.00    1.00    0.00    0.00  100.00    16  |__CPU 2/TCG
19:11:37     1000         -   1299236    0.00    0.00    0.00    0.00    0.00     7  |__CPU 3/TCG
19:11:38     1000   1299216         -  201.00    2.00    0.00    0.00  203.00    23  qemu-system-aar
19:11:38     1000         -   1299216    2.00    2.00    0.00    0.00    4.00    23  |__qemu-system-aar
19:11:38     1000         -   1299223    0.00    0.00    0.00    0.00    0.00     4  |__call_rcu
19:11:38     1000         -   1299233   99.00    0.00    0.00    0.00   99.00    20  |__CPU 0/TCG
19:11:38     1000         -   1299234    0.00    0.00    0.00    0.00    0.00    18  |__CPU 1/TCG
19:11:38     1000         -   1299235  100.00    0.00    0.00    0.00  100.00    16  |__CPU 2/TCG
19:11:38     1000         -   1299236    0.00    0.00    0.00    0.00    0.00     7  |__CPU 3/TCG
19:11:39     1000   1299216         -  200.00    3.00    0.00    0.00  203.00    18  qemu-system-aar
19:11:39     1000         -   1299216    0.00    3.00    0.00    0.00    3.00    18  |__qemu-system-aar
19:11:39     1000         -   1299223    0.00    0.00    0.00    0.00    0.00     4  |__call_rcu
19:11:39     1000         -   1299233   99.00    1.00    0.00    0.00  100.00     4  |__CPU 0/TCG
19:11:39     1000         -   1299234    1.00    0.00    0.00    0.00    1.00    18  |__CPU 1/TCG
19:11:39     1000         -   1299235   98.00    1.00    0.00    0.00   99.00    16  |__CPU 2/TCG
19:11:39     1000         -   1299236    0.00    0.00    0.00    0.00    0.00     7  |__CPU 3/TCG
19:11:40     1000   1299216         -  200.00    3.00    0.00    0.00  203.00    17  qemu-system-aar
19:11:40     1000         -   1299216    2.00    2.00    0.00    0.00    4.00    17  |__qemu-system-aar
19:11:40     1000         -   1299223    0.00    0.00    0.00    0.00    0.00     4  |__call_rcu
19:11:40     1000         -   1299233   99.00    0.00    0.00    0.00   99.00     4  |__CPU 0/TCG
19:11:40     1000         -   1299234    0.00    0.00    0.00    0.00    0.00    21  |__CPU 1/TCG
19:11:40     1000         -   1299235  100.00    1.00    0.00    0.00  101.00    16  |__CPU 2/TCG
19:11:40     1000         -   1299236    0.00    0.00    0.00    0.00    0.00     7  |__CPU 3/TCG
19:11:41     1000   1299216         -  200.00    3.00    0.00    0.00  203.00    19  qemu-system-aar
19:11:41     1000         -   1299216    0.00    2.00    0.00    0.00    2.00    19  |__qemu-system-aar
19:11:41     1000         -   1299223    0.00    0.00    0.00    0.00    0.00     4  |__call_rcu
19:11:41     1000         -   1299233  100.00    0.00    0.00    0.00  100.00     4  |__CPU 0/TCG
19:11:41     1000         -   1299234    1.00    0.00    0.00    0.00    1.00    21  |__CPU 1/TCG
19:11:41     1000         -   1299235   99.00    1.00    0.00    0.00  100.00     0  |__CPU 2/TCG
19:11:41     1000         -   1299236    0.00    0.00    0.00    0.00    0.00     7  |__CPU 3/TCG
