Linux 6.17.0-40-generic (9950x) 	08/15/26 	_x86_64_	(32 CPU)

# Time        UID      TGID       TID    %usr %system  %guest   %wait    %CPU   CPU  Command
19:38:11     1000   1338627         -   91.00   11.00    0.00    0.00  102.00     9  qemu-system-aar
19:38:11     1000         -   1338627    1.00    3.00    0.00    0.00    4.00     9  |__qemu-system-aar
19:38:11     1000         -   1338634    0.00    0.00    0.00    0.00    0.00    10  |__call_rcu
19:38:11     1000         -   1338635    0.00    0.00    0.00    0.00    0.00    11  |__worker
19:38:11     1000         -   1338645   88.00    6.00    0.00    0.00   94.00     4  |__CPU 0/TCG
19:38:11     1000         -   1338647    1.00    0.00    0.00    0.00    1.00     0  |__CPU 1/TCG
19:38:11     1000         -   1338648    0.00    0.00    0.00    0.00    0.00     2  |__CPU 2/TCG
19:38:11     1000         -   1338649    0.00    0.00    0.00    0.00    0.00    12  |__CPU 3/TCG
19:38:12     1000   1338627         -  131.00    5.00    0.00    0.00  136.00     9  qemu-system-aar
19:38:12     1000         -   1338627    0.00    1.00    0.00    0.00    1.00     9  |__qemu-system-aar
19:38:12     1000         -   1338634    0.00    0.00    0.00    0.00    0.00     0  |__call_rcu
19:38:12     1000         -   1338635    0.00    0.00    0.00    0.00    0.00    11  |__worker
19:38:12     1000         -   1338645   97.00    3.00    0.00    0.00  100.00     4  |__CPU 0/TCG
19:38:12     1000         -   1338647    0.00    1.00    0.00    0.00    1.00    11  |__CPU 1/TCG
19:38:12     1000         -   1338648   32.00    1.00    0.00    0.00   33.00    10  |__CPU 2/TCG
19:38:12     1000         -   1338649    0.00    0.00    0.00    0.00    0.00     3  |__CPU 3/TCG
19:38:13     1000   1338627         -  118.00    4.00    0.00    0.00  122.00    10  qemu-system-aar
19:38:13     1000         -   1338627    1.00    1.00    0.00    0.00    2.00    10  |__qemu-system-aar
19:38:13     1000         -   1338634    0.00    0.00    0.00    0.00    0.00     0  |__call_rcu
19:38:13     1000         -   1338635    0.00    0.00    0.00    0.00    0.00    11  |__worker
19:38:13     1000         -   1338645   96.00    4.00    0.00    0.00  100.00     4  |__CPU 0/TCG
19:38:13     1000         -   1338647    0.00    0.00    0.00    0.00    0.00    12  |__CPU 1/TCG
19:38:13     1000         -   1338648   21.00    1.00    0.00    0.00   22.00    13  |__CPU 2/TCG
19:38:13     1000         -   1338649    0.00    0.00    0.00    0.00    0.00     3  |__CPU 3/TCG
19:38:14     1000   1338627         -  124.00    1.00    0.00    0.00  125.00     4  qemu-system-aar
19:38:14     1000         -   1338627    0.00    1.00    0.00    0.00    1.00     4  |__qemu-system-aar
19:38:14     1000         -   1338634    0.00    0.00    0.00    0.00    0.00     0  |__call_rcu
19:38:14     1000         -   1338635    0.00    0.00    0.00    0.00    0.00    11  |__worker
19:38:14     1000         -   1338645   99.00    0.00    0.00    0.00   99.00     0  |__CPU 0/TCG
19:38:14     1000         -   1338647    1.00    0.00    0.00    0.00    1.00     6  |__CPU 1/TCG
19:38:14     1000         -   1338648   22.00    0.00    0.00    0.00   22.00     2  |__CPU 2/TCG
19:38:14     1000         -   1338649    0.00    0.00    0.00    0.00    0.00     1  |__CPU 3/TCG
19:38:15     1000   1338627         -  121.00    1.00    0.00    0.00  122.00     2  qemu-system-aar
19:38:15     1000         -   1338627    0.00    0.00    0.00    0.00    0.00     2  |__qemu-system-aar
19:38:15     1000         -   1338634    0.00    0.00    0.00    0.00    0.00     0  |__call_rcu
19:38:15     1000         -   1338635    0.00    0.00    0.00    0.00    0.00    11  |__worker
19:38:15     1000         -   1338645   99.00    1.00    0.00    0.00  100.00     0  |__CPU 0/TCG
19:38:15     1000         -   1338647    0.00    0.00    0.00    0.00    0.00     6  |__CPU 1/TCG
19:38:15     1000         -   1338648   21.00    1.00    0.00    0.00   22.00     5  |__CPU 2/TCG
19:38:15     1000         -   1338649    0.00    0.00    0.00    0.00    0.00     1  |__CPU 3/TCG
19:38:16     1000   1338627         -  123.00    1.00    0.00    0.00  124.00     4  qemu-system-aar
19:38:16     1000         -   1338627    0.00    1.00    0.00    0.00    1.00     4  |__qemu-system-aar
19:38:16     1000         -   1338634    0.00    0.00    0.00    0.00    0.00     0  |__call_rcu
19:38:16     1000         -   1338635    0.00    0.00    0.00    0.00    0.00    11  |__worker
19:38:16     1000         -   1338645  100.00    0.00    0.00    0.00  100.00     0  |__CPU 0/TCG
19:38:16     1000         -   1338647    1.00    0.00    0.00    0.00    1.00     6  |__CPU 1/TCG
19:38:16     1000         -   1338648   22.00    1.00    0.00    0.00   23.00     2  |__CPU 2/TCG
19:38:16     1000         -   1338649    0.00    0.00    0.00    0.00    0.00     1  |__CPU 3/TCG
19:38:17     1000   1338627         -  124.00    0.00    0.00    0.00  124.00     5  qemu-system-aar
19:38:17     1000         -   1338627    0.00    0.00    0.00    0.00    0.00     5  |__qemu-system-aar
19:38:17     1000         -   1338634    0.00    0.00    0.00    0.00    0.00     0  |__call_rcu
19:38:17     1000         -   1338635    0.00    0.00    0.00    0.00    0.00    11  |__worker
19:38:17     1000         -   1338645  100.00    0.00    0.00    0.00  100.00     0  |__CPU 0/TCG
19:38:17     1000         -   1338647    0.00    1.00    0.00    0.00    1.00     6  |__CPU 1/TCG
19:38:17     1000         -   1338648   22.00    0.00    0.00    0.00   22.00     4  |__CPU 2/TCG
19:38:17     1000         -   1338649    0.00    0.00    0.00    0.00    0.00     1  |__CPU 3/TCG
19:38:18     1000   1338627         -  167.00    1.00    0.00    0.00  168.00     2  qemu-system-aar
19:38:18     1000         -   1338627    1.00    1.00    0.00    0.00    2.00     2  |__qemu-system-aar
19:38:18     1000         -   1338634    0.00    0.00    0.00    0.00    0.00     0  |__call_rcu
19:38:18     1000         -   1338635    0.00    0.00    0.00    0.00    0.00    11  |__worker
19:38:18     1000         -   1338645   98.00    0.00    0.00    0.00   98.00     0  |__CPU 0/TCG
19:38:18     1000         -   1338647    1.00    0.00    0.00    0.00    1.00     6  |__CPU 1/TCG
19:38:18     1000         -   1338648   67.00    0.00    0.00    0.00   67.00     4  |__CPU 2/TCG
19:38:18     1000         -   1338649    0.00    0.00    0.00    0.00    0.00     1  |__CPU 3/TCG
19:38:19     1000   1338627         -  158.00    1.00    0.00    0.00  159.00     5  qemu-system-aar
19:38:19     1000         -   1338627    0.00    1.00    0.00    0.00    1.00     5  |__qemu-system-aar
19:38:19     1000         -   1338634    0.00    0.00    0.00    0.00    0.00     0  |__call_rcu
19:38:19     1000         -   1338635    0.00    0.00    0.00    0.00    0.00    11  |__worker
19:38:19     1000         -   1338645  100.00    1.00    0.00    0.00  101.00     0  |__CPU 0/TCG
19:38:19     1000         -   1338647    0.00    0.00    0.00    0.00    0.00     6  |__CPU 1/TCG
19:38:19     1000         -   1338648   56.00    0.00    0.00    0.00   56.00     4  |__CPU 2/TCG
19:38:19     1000         -   1338649    0.00    0.00    0.00    0.00    0.00     1  |__CPU 3/TCG
19:38:20     1000   1338627         -  164.00    1.00    0.00    0.00  165.00     2  qemu-system-aar
19:38:20     1000         -   1338627    1.00    1.00    0.00    0.00    2.00     2  |__qemu-system-aar
19:38:20     1000         -   1338634    0.00    0.00    0.00    0.00    0.00     0  |__call_rcu
19:38:20     1000         -   1338635    0.00    0.00    0.00    0.00    0.00    11  |__worker
19:38:20     1000         -   1338645   99.00    0.00    0.00    0.00   99.00    16  |__CPU 0/TCG
19:38:20     1000         -   1338647    1.00    0.00    0.00    0.00    1.00     6  |__CPU 1/TCG
19:38:20     1000         -   1338648   64.00    0.00    0.00    0.00   64.00     4  |__CPU 2/TCG
19:38:20     1000         -   1338649    0.00    0.00    0.00    0.00    0.00     1  |__CPU 3/TCG
19:38:21     1000   1338627         -  163.00    1.00    0.00    0.00  164.00     2  qemu-system-aar
19:38:21     1000         -   1338627    0.00    1.00    0.00    0.00    1.00     2  |__qemu-system-aar
19:38:21     1000         -   1338634    0.00    0.00    0.00    0.00    0.00     0  |__call_rcu
19:38:21     1000         -   1338645   99.00    0.00    0.00    0.00   99.00    16  |__CPU 0/TCG
19:38:21     1000         -   1338647    0.00    0.00    0.00    0.00    0.00     6  |__CPU 1/TCG
19:38:21     1000         -   1338648   62.00    0.00    0.00    0.00   62.00     4  |__CPU 2/TCG
19:38:21     1000         -   1338649    0.00    0.00    0.00    0.00    0.00     1  |__CPU 3/TCG
19:38:22     1000   1338627         -  166.00    2.00    0.00    0.00  168.00     5  qemu-system-aar
19:38:22     1000         -   1338627    1.00    2.00    0.00    0.00    3.00     5  |__qemu-system-aar
19:38:22     1000         -   1338634    0.00    0.00    0.00    0.00    0.00     0  |__call_rcu
19:38:22     1000         -   1338645   99.00    1.00    0.00    0.00  100.00    16  |__CPU 0/TCG
19:38:22     1000         -   1338647    0.00    0.00    0.00    0.00    0.00     7  |__CPU 1/TCG
19:38:22     1000         -   1338648   66.00    1.00    0.00    0.00   67.00     4  |__CPU 2/TCG
19:38:22     1000         -   1338649    0.00    0.00    0.00    0.00    0.00     1  |__CPU 3/TCG
19:38:23     1000   1338627         -  167.00    1.00    0.00    0.00  168.00     6  qemu-system-aar
19:38:23     1000         -   1338627    0.00    0.00    0.00    0.00    0.00     6  |__qemu-system-aar
19:38:23     1000         -   1338634    0.00    0.00    0.00    0.00    0.00     0  |__call_rcu
19:38:23     1000         -   1338645  100.00    0.00    0.00    0.00  100.00    16  |__CPU 0/TCG
19:38:23     1000         -   1338647    1.00    0.00    0.00    0.00    1.00     7  |__CPU 1/TCG
19:38:23     1000         -   1338648   65.00    0.00    0.00    0.00   65.00     4  |__CPU 2/TCG
19:38:23     1000         -   1338649    0.00    0.00    0.00    0.00    0.00     1  |__CPU 3/TCG
19:38:24     1000   1338627         -  163.00    1.00    0.00    0.00  164.00    11  qemu-system-aar
19:38:24     1000         -   1338627    1.00    1.00    0.00    0.00    2.00    11  |__qemu-system-aar
19:38:24     1000         -   1338634    0.00    0.00    0.00    0.00    0.00     0  |__call_rcu
19:38:24     1000         -   1338645   99.00    0.00    0.00    0.00   99.00    16  |__CPU 0/TCG
19:38:24     1000         -   1338647    0.00    1.00    0.00    0.00    1.00     6  |__CPU 1/TCG
19:38:24     1000         -   1338648   63.00    0.00    0.00    0.00   63.00    20  |__CPU 2/TCG
19:38:24     1000         -   1338649    0.00    0.00    0.00    0.00    0.00     1  |__CPU 3/TCG
19:38:25     1000   1338627         -  162.00    2.00    0.00    0.00  164.00    24  qemu-system-aar
19:38:25     1000         -   1338627    1.00    2.00    0.00    0.00    3.00    24  |__qemu-system-aar
19:38:25     1000         -   1338634    0.00    0.00    0.00    0.00    0.00     0  |__call_rcu
19:38:25     1000         -   1338645   99.00    1.00    0.00    0.00  100.00    16  |__CPU 0/TCG
19:38:25     1000         -   1338647    1.00    0.00    0.00    0.00    1.00     6  |__CPU 1/TCG
19:38:25     1000         -   1338648   60.00    1.00    0.00    0.00   61.00     3  |__CPU 2/TCG
19:38:25     1000         -   1338649    0.00    0.00    0.00    0.00    0.00     1  |__CPU 3/TCG
