Linux 6.17.0-40-generic (9950x) 	08/15/26 	_x86_64_	(32 CPU)

# Time        UID      TGID       TID    %usr %system  %guest   %wait    %CPU   CPU  Command
20:24:07     1000   1389134         -   80.00   22.00    0.00    0.00  102.00    17  qemu-system-aar
20:24:07     1000         -   1389134    0.00   16.00    0.00    0.00   16.00    17  |__qemu-system-aar
20:24:07     1000         -   1389140    0.00    0.00    0.00    0.00    0.00     0  |__call_rcu
20:24:07     1000         -   1389142    0.00    0.00    0.00    0.00    0.00     0  |__worker
20:24:07     1000         -   1389167   77.00    5.00    0.00    0.00   82.00     0  |__CPU 0/TCG
20:24:07     1000         -   1389168    1.00    0.00    0.00    0.00    1.00     4  |__CPU 1/TCG
20:24:07     1000         -   1389169    0.00    0.00    0.00    0.00    0.00     3  |__CPU 2/TCG
20:24:07     1000         -   1389170    0.00    0.00    0.00    0.00    0.00     5  |__CPU 3/TCG
20:24:08     1000   1389134         -  179.00    9.00    0.00    0.00  188.00    22  qemu-system-aar
20:24:08     1000         -   1389134    1.00    2.00    0.00    0.00    3.00    22  |__qemu-system-aar
20:24:08     1000         -   1389140    0.00    0.00    0.00    0.00    0.00     3  |__call_rcu
20:24:08     1000         -   1389142    0.00    0.00    0.00    0.00    0.00     0  |__worker
20:24:08     1000         -   1389167   93.00    7.00    0.00    0.00  100.00    16  |__CPU 0/TCG
20:24:08     1000         -   1389168    1.00    0.00    0.00    0.00    1.00    23  |__CPU 1/TCG
20:24:08     1000         -   1389169   84.00    1.00    0.00    0.00   85.00     4  |__CPU 2/TCG
20:24:08     1000         -   1389170    0.00    0.00    0.00    0.00    0.00     1  |__CPU 3/TCG
20:24:09     1000   1389134         -  198.00    5.00    0.00    0.00  203.00     2  qemu-system-aar
20:24:09     1000         -   1389134    1.00    3.00    0.00    0.00    4.00     2  |__qemu-system-aar
20:24:09     1000         -   1389140    0.00    0.00    0.00    0.00    0.00     3  |__call_rcu
20:24:09     1000         -   1389142    0.00    0.00    0.00    0.00    0.00     0  |__worker
20:24:09     1000         -   1389167   97.00    1.00    0.00    0.00   98.00    16  |__CPU 0/TCG
20:24:09     1000         -   1389168    0.00    0.00    0.00    0.00    0.00    23  |__CPU 1/TCG
20:24:09     1000         -   1389169   98.00    1.00    0.00    0.00   99.00     4  |__CPU 2/TCG
20:24:09     1000         -   1389170    0.00    0.00    0.00    0.00    0.00     1  |__CPU 3/TCG
20:24:10     1000   1389134         -  199.00    4.00    0.00    0.00  203.00    12  qemu-system-aar
20:24:10     1000         -   1389134    1.00    4.00    0.00    0.00    5.00    12  |__qemu-system-aar
20:24:10     1000         -   1389140    0.00    0.00    0.00    0.00    0.00     3  |__call_rcu
20:24:10     1000         -   1389142    0.00    0.00    0.00    0.00    0.00     0  |__worker
20:24:10     1000         -   1389167   98.00    1.00    0.00    0.00   99.00    16  |__CPU 0/TCG
20:24:10     1000         -   1389168    1.00    0.00    0.00    0.00    1.00    23  |__CPU 1/TCG
20:24:10     1000         -   1389169   97.00    2.00    0.00    0.00   99.00    20  |__CPU 2/TCG
20:24:10     1000         -   1389170    0.00    0.00    0.00    0.00    0.00     1  |__CPU 3/TCG
20:24:11     1000   1389134         -  199.00    5.00    0.00    0.00  204.00    22  qemu-system-aar
20:24:11     1000         -   1389134    1.00    3.00    0.00    0.00    4.00    22  |__qemu-system-aar
20:24:11     1000         -   1389140    0.00    0.00    0.00    0.00    0.00     3  |__call_rcu
20:24:11     1000         -   1389142    0.00    0.00    0.00    0.00    0.00     0  |__worker
20:24:11     1000         -   1389167   97.00    2.00    0.00    0.00   99.00     0  |__CPU 0/TCG
20:24:11     1000         -   1389168    1.00    0.00    0.00    0.00    1.00    23  |__CPU 1/TCG
20:24:11     1000         -   1389169   98.00    2.00    0.00    0.00  100.00    20  |__CPU 2/TCG
20:24:11     1000         -   1389170    0.00    0.00    0.00    0.00    0.00     1  |__CPU 3/TCG
20:24:12     1000   1389134         -  199.00    4.00    0.00    0.00  203.00     2  qemu-system-aar
20:24:12     1000         -   1389134    1.00    2.00    0.00    0.00    3.00     2  |__qemu-system-aar
20:24:12     1000         -   1389140    0.00    0.00    0.00    0.00    0.00     3  |__call_rcu
20:24:12     1000         -   1389142    0.00    0.00    0.00    0.00    0.00     0  |__worker
20:24:12     1000         -   1389167   99.00    0.00    0.00    0.00   99.00    16  |__CPU 0/TCG
20:24:12     1000         -   1389168    1.00    0.00    0.00    0.00    1.00    23  |__CPU 1/TCG
20:24:12     1000         -   1389169   99.00    1.00    0.00    0.00  100.00    20  |__CPU 2/TCG
20:24:12     1000         -   1389170    0.00    0.00    0.00    0.00    0.00     1  |__CPU 3/TCG
20:24:13     1000   1389134         -  201.00    2.00    0.00    0.00  203.00     6  qemu-system-aar
20:24:13     1000         -   1389134    1.00    2.00    0.00    0.00    3.00     6  |__qemu-system-aar
20:24:13     1000         -   1389140    0.00    0.00    0.00    0.00    0.00     3  |__call_rcu
20:24:13     1000         -   1389142    0.00    0.00    0.00    0.00    0.00     0  |__worker
20:24:13     1000         -   1389167   99.00    1.00    0.00    0.00  100.00    16  |__CPU 0/TCG
20:24:13     1000         -   1389168    0.00    0.00    0.00    0.00    0.00    23  |__CPU 1/TCG
20:24:13     1000         -   1389169   99.00    1.00    0.00    0.00  100.00    20  |__CPU 2/TCG
20:24:13     1000         -   1389170    0.00    0.00    0.00    0.00    0.00     1  |__CPU 3/TCG
20:24:14     1000   1389134         -  200.00    3.00    0.00    0.00  203.00     7  qemu-system-aar
20:24:14     1000         -   1389134    1.00    2.00    0.00    0.00    3.00     7  |__qemu-system-aar
20:24:14     1000         -   1389140    0.00    0.00    0.00    0.00    0.00     3  |__call_rcu
20:24:14     1000         -   1389142    0.00    0.00    0.00    0.00    0.00     0  |__worker
20:24:14     1000         -   1389167   99.00    0.00    0.00    0.00   99.00    16  |__CPU 0/TCG
20:24:14     1000         -   1389168    1.00    1.00    0.00    0.00    2.00    23  |__CPU 1/TCG
20:24:14     1000         -   1389169   98.00    1.00    0.00    0.00   99.00    20  |__CPU 2/TCG
20:24:14     1000         -   1389170    0.00    0.00    0.00    0.00    0.00     1  |__CPU 3/TCG
20:24:15     1000   1389134         -  200.00    2.00    0.00    0.00  202.00     6  qemu-system-aar
20:24:15     1000         -   1389134    0.00    2.00    0.00    0.00    2.00     6  |__qemu-system-aar
20:24:15     1000         -   1389140    0.00    0.00    0.00    0.00    0.00     3  |__call_rcu
20:24:15     1000         -   1389142    0.00    0.00    0.00    0.00    0.00     0  |__worker
20:24:15     1000         -   1389167   99.00    0.00    0.00    0.00   99.00    16  |__CPU 0/TCG
20:24:15     1000         -   1389168    0.00    0.00    0.00    0.00    0.00     2  |__CPU 1/TCG
20:24:15     1000         -   1389169   98.00    1.00    0.00    0.00   99.00     4  |__CPU 2/TCG
20:24:15     1000         -   1389170    0.00    0.00    0.00    0.00    0.00     1  |__CPU 3/TCG
20:24:16     1000   1389134         -  201.00    2.00    0.00    0.00  203.00    23  qemu-system-aar
20:24:16     1000         -   1389134    1.00    3.00    0.00    0.00    4.00    23  |__qemu-system-aar
20:24:16     1000         -   1389140    0.00    0.00    0.00    0.00    0.00     3  |__call_rcu
20:24:16     1000         -   1389142    0.00    0.00    0.00    0.00    0.00     0  |__worker
20:24:16     1000         -   1389167   99.00    1.00    0.00    0.00  100.00    16  |__CPU 0/TCG
20:24:16     1000         -   1389168    1.00    0.00    0.00    0.00    1.00     2  |__CPU 1/TCG
20:24:16     1000         -   1389169   99.00    1.00    0.00    0.00  100.00     4  |__CPU 2/TCG
20:24:16     1000         -   1389170    0.00    0.00    0.00    0.00    0.00     1  |__CPU 3/TCG
20:24:17     1000   1389134         -  199.00    3.00    0.00    0.00  202.00     6  qemu-system-aar
20:24:17     1000         -   1389134    1.00    1.00    0.00    0.00    2.00     6  |__qemu-system-aar
20:24:17     1000         -   1389140    0.00    0.00    0.00    0.00    0.00     3  |__call_rcu
20:24:17     1000         -   1389167   99.00    1.00    0.00    0.00  100.00    16  |__CPU 0/TCG
20:24:17     1000         -   1389168    0.00    0.00    0.00    0.00    0.00     2  |__CPU 1/TCG
20:24:17     1000         -   1389169   99.00    1.00    0.00    0.00  100.00     4  |__CPU 2/TCG
20:24:17     1000         -   1389170    0.00    0.00    0.00    0.00    0.00     1  |__CPU 3/TCG
20:24:18     1000   1389134         -  200.00    2.00    0.00    0.00  202.00    17  qemu-system-aar
20:24:18     1000         -   1389134    1.00    3.00    0.00    0.00    4.00    17  |__qemu-system-aar
20:24:18     1000         -   1389140    0.00    0.00    0.00    0.00    0.00     3  |__call_rcu
20:24:18     1000         -   1389167   99.00    0.00    0.00    0.00   99.00    16  |__CPU 0/TCG
20:24:18     1000         -   1389168    1.00    0.00    0.00    0.00    1.00    23  |__CPU 1/TCG
20:24:18     1000         -   1389169   98.00    1.00    0.00    0.00   99.00    20  |__CPU 2/TCG
20:24:18     1000         -   1389170    0.00    0.00    0.00    0.00    0.00     1  |__CPU 3/TCG
20:24:19     1000   1389134         -  200.00    3.00    0.00    0.00  203.00    17  qemu-system-aar
20:24:19     1000         -   1389134    0.00    2.00    0.00    0.00    2.00    17  |__qemu-system-aar
20:24:19     1000         -   1389140    0.00    0.00    0.00    0.00    0.00     3  |__call_rcu
20:24:19     1000         -   1389167   99.00    0.00    0.00    0.00   99.00    16  |__CPU 0/TCG
20:24:19     1000         -   1389168    0.00    0.00    0.00    0.00    0.00    23  |__CPU 1/TCG
20:24:19     1000         -   1389169   98.00    2.00    0.00    0.00  100.00    20  |__CPU 2/TCG
20:24:19     1000         -   1389170    0.00    0.00    0.00    0.00    0.00     1  |__CPU 3/TCG
20:24:20     1000   1389134         -  199.00    3.00    0.00    0.00  202.00    11  qemu-system-aar
20:24:20     1000         -   1389134    1.00    3.00    0.00    0.00    4.00    11  |__qemu-system-aar
20:24:20     1000         -   1389140    0.00    0.00    0.00    0.00    0.00     3  |__call_rcu
20:24:20     1000         -   1389167   99.00    1.00    0.00    0.00  100.00    16  |__CPU 0/TCG
20:24:20     1000         -   1389168    1.00    0.00    0.00    0.00    1.00    23  |__CPU 1/TCG
20:24:20     1000         -   1389169   98.00    1.00    0.00    0.00   99.00    20  |__CPU 2/TCG
20:24:20     1000         -   1389170    0.00    0.00    0.00    0.00    0.00     1  |__CPU 3/TCG
20:24:21     1000   1389134         -  199.00    5.00    0.00    0.00  204.00     9  qemu-system-aar
20:24:21     1000         -   1389134    1.00    3.00    0.00    0.00    4.00     9  |__qemu-system-aar
20:24:21     1000         -   1389140    0.00    0.00    0.00    0.00    0.00     3  |__call_rcu
20:24:21     1000         -   1389167   98.00    1.00    0.00    0.00   99.00    16  |__CPU 0/TCG
20:24:21     1000         -   1389168    1.00    0.00    0.00    0.00    1.00    23  |__CPU 1/TCG
20:24:21     1000         -   1389169   98.00    2.00    0.00    0.00  100.00    20  |__CPU 2/TCG
20:24:21     1000         -   1389170    0.00    0.00    0.00    0.00    0.00     1  |__CPU 3/TCG
20:24:22     1000   1389134         -  199.00    5.00    0.00    0.00  204.00    10  qemu-system-aar
20:24:22     1000         -   1389134    2.00    3.00    0.00    0.00    5.00    10  |__qemu-system-aar
20:24:22     1000         -   1389140    0.00    0.00    0.00    0.00    0.00     3  |__call_rcu
20:24:22     1000         -   1389167   98.00    0.00    0.00    0.00   98.00    16  |__CPU 0/TCG
20:24:22     1000         -   1389168    0.00    0.00    0.00    0.00    0.00    23  |__CPU 1/TCG
20:24:22     1000         -   1389169   97.00    2.00    0.00    0.00   99.00    20  |__CPU 2/TCG
20:24:22     1000         -   1389170    0.00    0.00    0.00    0.00    0.00     1  |__CPU 3/TCG
20:24:23     1000   1389134         -  198.00    5.00    0.00    0.00  203.00     9  qemu-system-aar
20:24:23     1000         -   1389134    1.00    3.00    0.00    0.00    4.00     9  |__qemu-system-aar
20:24:23     1000         -   1389140    0.00    0.00    0.00    0.00    0.00     3  |__call_rcu
20:24:23     1000         -   1389167   99.00    1.00    0.00    0.00  100.00    16  |__CPU 0/TCG
20:24:23     1000         -   1389168    1.00    0.00    0.00    0.00    1.00    23  |__CPU 1/TCG
20:24:23     1000         -   1389169   97.00    2.00    0.00    0.00   99.00    20  |__CPU 2/TCG
20:24:23     1000         -   1389170    0.00    0.00    0.00    0.00    0.00     1  |__CPU 3/TCG
20:24:24     1000   1389134         -  200.00    2.00    0.00    0.00  202.00     2  qemu-system-aar
20:24:24     1000         -   1389134    1.00    2.00    0.00    0.00    3.00     2  |__qemu-system-aar
20:24:24     1000         -   1389140    0.00    0.00    0.00    0.00    0.00     3  |__call_rcu
