Linux 6.17.0-40-generic (9950x) 	08/15/26 	_x86_64_	(32 CPU)

# Time        UID      TGID       TID    %usr %system  %guest   %wait    %CPU   CPU  Command
23:51:43     1000   2224818         -  103.00    6.00    0.00    0.00  109.00     1  qemu-system-aar
23:51:43     1000         -   2224818    0.00    4.00    0.00    0.00    4.00     1  |__qemu-system-aar
23:51:43     1000         -   2224828    0.00    0.00    0.00    0.00    0.00    31  |__call_rcu
23:51:43     1000         -   2224830    0.00    0.00    0.00    0.00    0.00     4  |__worker
23:51:43     1000         -   2224837   93.00    1.00    0.00    0.00   94.00     0  |__CPU 0/TCG
23:51:43     1000         -   2224839    1.00    0.00    0.00    0.00    1.00    17  |__CPU 1/TCG
23:51:43     1000         -   2224840    6.00    0.00    0.00    0.00    6.00     4  |__CPU 2/TCG
23:51:43     1000         -   2224841    0.00    0.00    0.00    0.00    0.00    13  |__CPU 3/TCG
23:51:44     1000   2224818         -  199.00    4.00    0.00    0.00  203.00     2  qemu-system-aar
23:51:44     1000         -   2224818    1.00    2.00    0.00    0.00    3.00     2  |__qemu-system-aar
23:51:44     1000         -   2224828    0.00    0.00    0.00    0.00    0.00    31  |__call_rcu
23:51:44     1000         -   2224830    0.00    0.00    0.00    0.00    0.00     4  |__worker
23:51:44     1000         -   2224837   98.00    2.00    0.00    0.00  100.00    16  |__CPU 0/TCG
23:51:44     1000         -   2224839    1.00    0.00    0.00    0.00    1.00    17  |__CPU 1/TCG
23:51:44     1000         -   2224840   98.00    1.00    0.00    0.00   99.00    20  |__CPU 2/TCG
23:51:44     1000         -   2224841    0.00    0.00    0.00    0.00    0.00    13  |__CPU 3/TCG
23:51:45     1000   2224818         -  200.00    2.00    0.00    0.00  202.00     2  qemu-system-aar
23:51:45     1000         -   2224818    2.00    2.00    0.00    0.00    4.00     2  |__qemu-system-aar
23:51:45     1000         -   2224828    0.00    0.00    0.00    0.00    0.00    31  |__call_rcu
23:51:45     1000         -   2224830    0.00    0.00    0.00    0.00    0.00     4  |__worker
23:51:45     1000         -   2224837   98.00    0.00    0.00    0.00   98.00    16  |__CPU 0/TCG
23:51:45     1000         -   2224839    1.00    0.00    0.00    0.00    1.00    17  |__CPU 1/TCG
23:51:45     1000         -   2224840   99.00    1.00    0.00    0.00  100.00    20  |__CPU 2/TCG
23:51:45     1000         -   2224841    0.00    0.00    0.00    0.00    0.00    13  |__CPU 3/TCG
23:51:46     1000   2224818         -  200.00    3.00    0.00    0.00  203.00     2  qemu-system-aar
23:51:46     1000         -   2224818    1.00    3.00    0.00    0.00    4.00     2  |__qemu-system-aar
23:51:46     1000         -   2224828    0.00    0.00    0.00    0.00    0.00    31  |__call_rcu
23:51:46     1000         -   2224830    0.00    0.00    0.00    0.00    0.00     4  |__worker
23:51:46     1000         -   2224837   99.00    1.00    0.00    0.00  100.00    16  |__CPU 0/TCG
23:51:46     1000         -   2224839    1.00    0.00    0.00    0.00    1.00    18  |__CPU 1/TCG
23:51:46     1000         -   2224840   98.00    1.00    0.00    0.00   99.00    20  |__CPU 2/TCG
23:51:46     1000         -   2224841    0.00    0.00    0.00    0.00    0.00    13  |__CPU 3/TCG
23:51:47     1000   2224818         -  200.00    3.00    0.00    0.00  203.00    17  qemu-system-aar
23:51:47     1000         -   2224818    0.00    2.00    0.00    0.00    2.00    17  |__qemu-system-aar
23:51:47     1000         -   2224828    0.00    0.00    0.00    0.00    0.00    31  |__call_rcu
23:51:47     1000         -   2224830    0.00    0.00    0.00    0.00    0.00     4  |__worker
23:51:47     1000         -   2224837   99.00    0.00    0.00    0.00   99.00    16  |__CPU 0/TCG
23:51:47     1000         -   2224839    0.00    0.00    0.00    0.00    0.00    18  |__CPU 1/TCG
23:51:47     1000         -   2224840   99.00    1.00    0.00    0.00  100.00     4  |__CPU 2/TCG
23:51:47     1000         -   2224841    0.00    0.00    0.00    0.00    0.00    13  |__CPU 3/TCG
23:51:48     1000   2224818         -  201.00    3.00    0.00    0.00  204.00     3  qemu-system-aar
23:51:48     1000         -   2224818    1.00    3.00    0.00    0.00    4.00     3  |__qemu-system-aar
23:51:48     1000         -   2224828    0.00    0.00    0.00    0.00    0.00    31  |__call_rcu
23:51:48     1000         -   2224830    0.00    0.00    0.00    0.00    0.00     4  |__worker
23:51:48     1000         -   2224837   99.00    1.00    0.00    0.00  100.00    16  |__CPU 0/TCG
23:51:48     1000         -   2224839    1.00    0.00    0.00    0.00    1.00    18  |__CPU 1/TCG
23:51:48     1000         -   2224840   99.00    1.00    0.00    0.00  100.00    20  |__CPU 2/TCG
23:51:48     1000         -   2224841    0.00    0.00    0.00    0.00    0.00    13  |__CPU 3/TCG
23:51:49     1000   2224818         -  199.00    3.00    0.00    0.00  202.00    19  qemu-system-aar
23:51:49     1000         -   2224818    2.00    2.00    0.00    0.00    4.00    19  |__qemu-system-aar
23:51:49     1000         -   2224828    0.00    0.00    0.00    0.00    0.00    31  |__call_rcu
23:51:49     1000         -   2224830    0.00    0.00    0.00    0.00    0.00     4  |__worker
23:51:49     1000         -   2224837   98.00    0.00    0.00    0.00   98.00    16  |__CPU 0/TCG
23:51:49     1000         -   2224839    0.00    0.00    0.00    0.00    0.00    18  |__CPU 1/TCG
23:51:49     1000         -   2224840   99.00    1.00    0.00    0.00  100.00    20  |__CPU 2/TCG
23:51:49     1000         -   2224841    0.00    0.00    0.00    0.00    0.00    13  |__CPU 3/TCG
23:51:50     1000   2224818         -  200.00    3.00    0.00    0.00  203.00     7  qemu-system-aar
23:51:50     1000         -   2224818    1.00    2.00    0.00    0.00    3.00     7  |__qemu-system-aar
23:51:50     1000         -   2224828    0.00    0.00    0.00    0.00    0.00    31  |__call_rcu
23:51:50     1000         -   2224830    0.00    0.00    0.00    0.00    0.00     4  |__worker
23:51:50     1000         -   2224837   99.00    1.00    0.00    0.00  100.00    16  |__CPU 0/TCG
23:51:50     1000         -   2224839    1.00    0.00    0.00    0.00    1.00    18  |__CPU 1/TCG
23:51:50     1000         -   2224840   99.00    1.00    0.00    0.00  100.00    20  |__CPU 2/TCG
23:51:50     1000         -   2224841    0.00    0.00    0.00    0.00    0.00    13  |__CPU 3/TCG
23:51:51     1000   2224818         -  200.00    2.00    0.00    0.00  202.00    18  qemu-system-aar
23:51:51     1000         -   2224818    1.00    2.00    0.00    0.00    3.00    18  |__qemu-system-aar
23:51:51     1000         -   2224828    0.00    0.00    0.00    0.00    0.00    31  |__call_rcu
23:51:51     1000         -   2224830    0.00    0.00    0.00    0.00    0.00     4  |__worker
23:51:51     1000         -   2224837   99.00    0.00    0.00    0.00   99.00    16  |__CPU 0/TCG
23:51:51     1000         -   2224839    0.00    0.00    0.00    0.00    0.00    19  |__CPU 1/TCG
23:51:51     1000         -   2224840   99.00    0.00    0.00    0.00   99.00    20  |__CPU 2/TCG
23:51:51     1000         -   2224841    0.00    0.00    0.00    0.00    0.00    13  |__CPU 3/TCG
23:51:52     1000   2224818         -  201.00    2.00    0.00    0.00  203.00    21  qemu-system-aar
23:51:52     1000         -   2224818    1.00    2.00    0.00    0.00    3.00    21  |__qemu-system-aar
23:51:52     1000         -   2224828    0.00    0.00    0.00    0.00    0.00    31  |__call_rcu
23:51:52     1000         -   2224830    0.00    0.00    0.00    0.00    0.00     4  |__worker
23:51:52     1000         -   2224837   99.00    0.00    0.00    0.00   99.00    16  |__CPU 0/TCG
23:51:52     1000         -   2224839    1.00    0.00    0.00    0.00    1.00    17  |__CPU 1/TCG
23:51:52     1000         -   2224840   98.00    1.00    0.00    0.00   99.00    20  |__CPU 2/TCG
23:51:52     1000         -   2224841    0.00    0.00    0.00    0.00    0.00    13  |__CPU 3/TCG
23:51:53     1000   2224818         -  201.00    2.00    0.00    0.00  203.00    18  qemu-system-aar
23:51:53     1000         -   2224818    1.00    1.00    0.00    0.00    2.00    18  |__qemu-system-aar
23:51:53     1000         -   2224828    0.00    0.00    0.00    0.00    0.00    31  |__call_rcu
23:51:53     1000         -   2224837   99.00    0.00    0.00    0.00   99.00    16  |__CPU 0/TCG
23:51:53     1000         -   2224839    0.00    0.00    0.00    0.00    0.00    19  |__CPU 1/TCG
23:51:53     1000         -   2224840   99.00    1.00    0.00    0.00  100.00    20  |__CPU 2/TCG
23:51:53     1000         -   2224841    0.00    0.00    0.00    0.00    0.00    13  |__CPU 3/TCG
23:51:54     1000   2224818         -  201.00    1.00    0.00    0.00  202.00    17  qemu-system-aar
23:51:54     1000         -   2224818    1.00    2.00    0.00    0.00    3.00    17  |__qemu-system-aar
23:51:54     1000         -   2224828    0.00    0.00    0.00    0.00    0.00    31  |__call_rcu
23:51:54     1000         -   2224837   99.00    1.00    0.00    0.00  100.00    16  |__CPU 0/TCG
23:51:54     1000         -   2224839    1.00    0.00    0.00    0.00    1.00    19  |__CPU 1/TCG
23:51:54     1000         -   2224840   99.00    0.00    0.00    0.00   99.00    20  |__CPU 2/TCG
23:51:54     1000         -   2224841    0.00    0.00    0.00    0.00    0.00    13  |__CPU 3/TCG
23:51:55     1000   2224818         -  200.00    2.00    0.00    0.00  202.00    19  qemu-system-aar
23:51:55     1000         -   2224818    1.00    3.00    0.00    0.00    4.00    19  |__qemu-system-aar
23:51:55     1000         -   2224828    0.00    0.00    0.00    0.00    0.00    31  |__call_rcu
23:51:55     1000         -   2224837   99.00    0.00    0.00    0.00   99.00     0  |__CPU 0/TCG
23:51:55     1000         -   2224839    0.00    0.00    0.00    0.00    0.00    17  |__CPU 1/TCG
23:51:55     1000         -   2224840  100.00    1.00    0.00    0.00  101.00    20  |__CPU 2/TCG
23:51:55     1000         -   2224841    0.00    0.00    0.00    0.00    0.00    13  |__CPU 3/TCG
23:51:56     1000   2224818         -  200.00    3.00    0.00    0.00  203.00    23  qemu-system-aar
23:51:56     1000         -   2224818    1.00    2.00    0.00    0.00    3.00    23  |__qemu-system-aar
23:51:56     1000         -   2224828    0.00    0.00    0.00    0.00    0.00    31  |__call_rcu
23:51:56     1000         -   2224837   99.00    1.00    0.00    0.00  100.00     0  |__CPU 0/TCG
23:51:56     1000         -   2224839    0.00    0.00    0.00    0.00    0.00    17  |__CPU 1/TCG
23:51:56     1000         -   2224840   98.00    1.00    0.00    0.00   99.00    20  |__CPU 2/TCG
23:51:56     1000         -   2224841    0.00    0.00    0.00    0.00    0.00    13  |__CPU 3/TCG
23:51:57     1000   2224818         -  200.00    2.00    0.00    0.00  202.00     1  qemu-system-aar
23:51:57     1000         -   2224818    0.00    2.00    0.00    0.00    2.00     1  |__qemu-system-aar
23:51:57     1000         -   2224828    0.00    0.00    0.00    0.00    0.00    31  |__call_rcu
23:51:57     1000         -   2224837   98.00    1.00    0.00    0.00   99.00    16  |__CPU 0/TCG
23:51:57     1000         -   2224839    1.00    0.00    0.00    0.00    1.00    17  |__CPU 1/TCG
23:51:57     1000         -   2224840   99.00    0.00    0.00    0.00   99.00    20  |__CPU 2/TCG
23:51:57     1000         -   2224841    0.00    0.00    0.00    0.00    0.00    13  |__CPU 3/TCG
23:51:58     1000   2224818         -  200.00    2.00    0.00    0.00  202.00     3  qemu-system-aar
23:51:58     1000         -   2224818    1.00    2.00    0.00    0.00    3.00     3  |__qemu-system-aar
23:51:58     1000         -   2224828    0.00    0.00    0.00    0.00    0.00    31  |__call_rcu
23:51:58     1000         -   2224837   99.00    0.00    0.00    0.00   99.00     0  |__CPU 0/TCG
23:51:58     1000         -   2224839    0.00    0.00    0.00    0.00    0.00    17  |__CPU 1/TCG
23:51:58     1000         -   2224840   99.00    1.00    0.00    0.00  100.00    20  |__CPU 2/TCG
23:51:58     1000         -   2224841    0.00    0.00    0.00    0.00    0.00    13  |__CPU 3/TCG
23:51:59     1000   2224818         -  200.00    3.00    0.00    0.00  203.00     7  qemu-system-aar
23:51:59     1000         -   2224818    1.00    2.00    0.00    0.00    3.00     7  |__qemu-system-aar
23:51:59     1000         -   2224828    0.00    0.00    0.00    0.00    0.00    31  |__call_rcu
23:51:59     1000         -   2224837   99.00    1.00    0.00    0.00  100.00    16  |__CPU 0/TCG
23:51:59     1000         -   2224839    1.00    0.00    0.00    0.00    1.00    17  |__CPU 1/TCG
23:51:59     1000         -   2224840   99.00    1.00    0.00    0.00  100.00     4  |__CPU 2/TCG
23:51:59     1000         -   2224841    0.00    0.00    0.00    0.00    0.00    13  |__CPU 3/TCG
23:52:00     1000   2224818         -  200.00    3.00    0.00    0.00  203.00    18  qemu-system-aar
23:52:00     1000         -   2224818    1.00    3.00    0.00    0.00    4.00    18  |__qemu-system-aar
23:52:00     1000         -   2224828    0.00    0.00    0.00    0.00    0.00    31  |__call_rcu
23:52:00     1000         -   2224837   99.00    0.00    0.00    0.00   99.00    16  |__CPU 0/TCG
23:52:00     1000         -   2224839    0.00    0.00    0.00    0.00    0.00    17  |__CPU 1/TCG
23:52:00     1000         -   2224840   98.00    1.00    0.00    0.00   99.00     4  |__CPU 2/TCG
23:52:00     1000         -   2224841    0.00    0.00    0.00    0.00    0.00    13  |__CPU 3/TCG
23:52:01     1000   2224818         -  200.00    2.00    0.00    0.00  202.00    19  qemu-system-aar
23:52:01     1000         -   2224818    1.00    2.00    0.00    0.00    3.00    19  |__qemu-system-aar
23:52:01     1000         -   2224828    0.00    0.00    0.00    0.00    0.00    31  |__call_rcu
23:52:01     1000         -   2224837   98.00    1.00    0.00    0.00   99.00    16  |__CPU 0/TCG
23:52:01     1000         -   2224839    1.00    1.00    0.00    0.00    2.00    17  |__CPU 1/TCG
23:52:01     1000         -   2224840   99.00    1.00    0.00    0.00  100.00     4  |__CPU 2/TCG
23:52:01     1000         -   2224841    0.00    0.00    0.00    0.00    0.00    13  |__CPU 3/TCG
23:52:02     1000   2224818         -  199.00    3.00    0.00    0.00  202.00    23  qemu-system-aar
23:52:02     1000         -   2224818    1.00    2.00    0.00    0.00    3.00    23  |__qemu-system-aar
23:52:02     1000         -   2224828    0.00    0.00    0.00    0.00    0.00    31  |__call_rcu
23:52:02     1000         -   2224837   99.00    1.00    0.00    0.00  100.00    16  |__CPU 0/TCG
23:52:02     1000         -   2224839    0.00    0.00    0.00    0.00    0.00    17  |__CPU 1/TCG
23:52:02     1000         -   2224840   99.00    1.00    0.00    0.00  100.00     4  |__CPU 2/TCG
23:52:02     1000         -   2224841    0.00    0.00    0.00    0.00    0.00    13  |__CPU 3/TCG
23:52:03     1000   2224818         -  200.00    3.00    0.00    0.00  203.00    23  qemu-system-aar
23:52:03     1000         -   2224818    0.00    2.00    0.00    0.00    2.00    23  |__qemu-system-aar
23:52:03     1000         -   2224828    0.00    0.00    0.00    0.00    0.00    31  |__call_rcu
23:52:03     1000         -   2224837   99.00    0.00    0.00    0.00   99.00    16  |__CPU 0/TCG
23:52:03     1000         -   2224839    1.00    0.00    0.00    0.00    1.00    17  |__CPU 1/TCG
23:52:03     1000         -   2224840   98.00    1.00    0.00    0.00   99.00     4  |__CPU 2/TCG
23:52:03     1000         -   2224841    0.00    0.00    0.00    0.00    0.00    13  |__CPU 3/TCG
23:52:04     1000   2224818         -  200.00    2.00    0.00    0.00  202.00     7  qemu-system-aar
23:52:04     1000         -   2224818    2.00    2.00    0.00    0.00    4.00     7  |__qemu-system-aar
23:52:04     1000         -   2224828    0.00    0.00    0.00    0.00    0.00    31  |__call_rcu
23:52:04     1000         -   2224837   99.00    0.00    0.00    0.00   99.00    16  |__CPU 0/TCG
23:52:04     1000         -   2224839    0.00    0.00    0.00    0.00    0.00    18  |__CPU 1/TCG
23:52:04     1000         -   2224840   99.00    1.00    0.00    0.00  100.00     4  |__CPU 2/TCG
23:52:04     1000         -   2224841    0.00    0.00    0.00    0.00    0.00    13  |__CPU 3/TCG
