Linux 6.17.0-40-generic (9950x) 	08/15/26 	_x86_64_	(32 CPU)

# Time        UID      TGID       TID    %usr %system  %guest   %wait    %CPU   CPU  Command
18:40:20     1000   1241086         -   91.00   11.00    0.00    0.00  102.00     0  qemu-system-aar
18:40:20     1000         -   1241086    1.00    6.00    0.00    0.00    7.00     0  |__qemu-system-aar
18:40:20     1000         -   1241092    0.00    0.00    0.00    0.00    0.00    16  |__call_rcu
18:40:20     1000         -   1241093    0.00    0.00    0.00    0.00    0.00     3  |__worker
18:40:20     1000         -   1241102   88.00    4.00    0.00    0.00   92.00     4  |__CPU 0/TCG
18:40:20     1000         -   1241103    1.00    0.00    0.00    0.00    1.00    12  |__CPU 1/TCG
18:40:20     1000         -   1241104    0.00    0.00    0.00    0.00    0.00    16  |__CPU 2/TCG
18:40:20     1000         -   1241105    0.00    0.00    0.00    0.00    0.00    17  |__CPU 3/TCG
18:40:21     1000   1241086         -  194.00    9.00    0.00    0.00  203.00     1  qemu-system-aar
18:40:21     1000         -   1241086    0.00    2.00    0.00    0.00    2.00     1  |__qemu-system-aar
18:40:21     1000         -   1241092    0.00    0.00    0.00    0.00    0.00    17  |__call_rcu
18:40:21     1000         -   1241093    0.00    0.00    0.00    0.00    0.00     3  |__worker
18:40:21     1000         -   1241102   94.00    5.00    0.00    0.00   99.00    20  |__CPU 0/TCG
18:40:21     1000         -   1241103    1.00    0.00    0.00    0.00    1.00     9  |__CPU 1/TCG
18:40:21     1000         -   1241104   97.00    2.00    0.00    0.00   99.00    16  |__CPU 2/TCG
18:40:21     1000         -   1241105    0.00    0.00    0.00    0.00    0.00    17  |__CPU 3/TCG
18:40:22     1000   1241086         -  199.00    4.00    0.00    0.00  203.00     1  qemu-system-aar
18:40:22     1000         -   1241086    2.00    2.00    0.00    0.00    4.00     1  |__qemu-system-aar
18:40:22     1000         -   1241092    0.00    0.00    0.00    0.00    0.00    17  |__call_rcu
18:40:22     1000         -   1241093    0.00    0.00    0.00    0.00    0.00     3  |__worker
18:40:22     1000         -   1241102   97.00    2.00    0.00    0.00   99.00    20  |__CPU 0/TCG
18:40:22     1000         -   1241103    0.00    0.00    0.00    0.00    0.00     9  |__CPU 1/TCG
18:40:22     1000         -   1241104   99.00    1.00    0.00    0.00  100.00    16  |__CPU 2/TCG
18:40:22     1000         -   1241105    0.00    0.00    0.00    0.00    0.00    17  |__CPU 3/TCG
18:40:23     1000   1241086         -  198.00    4.00    0.00    0.00  202.00     6  qemu-system-aar
18:40:23     1000         -   1241086    1.00    2.00    0.00    0.00    3.00     6  |__qemu-system-aar
18:40:23     1000         -   1241092    0.00    0.00    0.00    0.00    0.00    17  |__call_rcu
18:40:23     1000         -   1241093    0.00    0.00    0.00    0.00    0.00     3  |__worker
18:40:23     1000         -   1241102   98.00    1.00    0.00    0.00   99.00    20  |__CPU 0/TCG
18:40:23     1000         -   1241103    0.00    1.00    0.00    0.00    1.00    10  |__CPU 1/TCG
18:40:23     1000         -   1241104   98.00    1.00    0.00    0.00   99.00    16  |__CPU 2/TCG
18:40:23     1000         -   1241105    0.00    0.00    0.00    0.00    0.00    17  |__CPU 3/TCG
18:40:24     1000   1241086         -  199.00    4.00    0.00    0.00  203.00     8  qemu-system-aar
18:40:24     1000         -   1241086    1.00    3.00    0.00    0.00    4.00     8  |__qemu-system-aar
18:40:24     1000         -   1241092    0.00    0.00    0.00    0.00    0.00    17  |__call_rcu
18:40:24     1000         -   1241093    0.00    0.00    0.00    0.00    0.00     3  |__worker
18:40:24     1000         -   1241102   99.00    1.00    0.00    0.00  100.00    20  |__CPU 0/TCG
18:40:24     1000         -   1241103    1.00    0.00    0.00    0.00    1.00    10  |__CPU 1/TCG
18:40:24     1000         -   1241104   99.00    1.00    0.00    0.00  100.00    16  |__CPU 2/TCG
18:40:24     1000         -   1241105    0.00    0.00    0.00    0.00    0.00    17  |__CPU 3/TCG
18:40:25     1000   1241086         -  199.00    5.00    0.00    0.00  204.00    17  qemu-system-aar
18:40:25     1000         -   1241086    2.00    2.00    0.00    0.00    4.00    17  |__qemu-system-aar
18:40:25     1000         -   1241092    0.00    0.00    0.00    0.00    0.00    17  |__call_rcu
18:40:25     1000         -   1241093    0.00    0.00    0.00    0.00    0.00     3  |__worker
18:40:25     1000         -   1241102   98.00    1.00    0.00    0.00   99.00    20  |__CPU 0/TCG
18:40:25     1000         -   1241103    0.00    0.00    0.00    0.00    0.00    11  |__CPU 1/TCG
18:40:25     1000         -   1241104   97.00    2.00    0.00    0.00   99.00    16  |__CPU 2/TCG
18:40:25     1000         -   1241105    0.00    0.00    0.00    0.00    0.00    17  |__CPU 3/TCG
18:40:26     1000   1241086         -  200.00    3.00    0.00    0.00  203.00    19  qemu-system-aar
18:40:26     1000         -   1241086    1.00    3.00    0.00    0.00    4.00    19  |__qemu-system-aar
18:40:26     1000         -   1241092    0.00    0.00    0.00    0.00    0.00    17  |__call_rcu
18:40:26     1000         -   1241093    0.00    0.00    0.00    0.00    0.00     3  |__worker
18:40:26     1000         -   1241102   99.00    0.00    0.00    0.00   99.00    20  |__CPU 0/TCG
18:40:26     1000         -   1241103    1.00    0.00    0.00    0.00    1.00    11  |__CPU 1/TCG
18:40:26     1000         -   1241104   99.00    1.00    0.00    0.00  100.00    16  |__CPU 2/TCG
18:40:26     1000         -   1241105    0.00    0.00    0.00    0.00    0.00    17  |__CPU 3/TCG
18:40:27     1000   1241086         -  200.00    3.00    0.00    0.00  203.00    11  qemu-system-aar
18:40:27     1000         -   1241086    1.00    2.00    0.00    0.00    3.00    11  |__qemu-system-aar
18:40:27     1000         -   1241092    0.00    0.00    0.00    0.00    0.00    17  |__call_rcu
18:40:27     1000         -   1241093    0.00    0.00    0.00    0.00    0.00     3  |__worker
18:40:27     1000         -   1241102   99.00    1.00    0.00    0.00  100.00     4  |__CPU 0/TCG
18:40:27     1000         -   1241103    0.00    0.00    0.00    0.00    0.00     9  |__CPU 1/TCG
18:40:27     1000         -   1241104   98.00    1.00    0.00    0.00   99.00    16  |__CPU 2/TCG
18:40:27     1000         -   1241105    0.00    0.00    0.00    0.00    0.00    17  |__CPU 3/TCG
18:40:28     1000   1241086         -  200.00    4.00    0.00    0.00  204.00    12  qemu-system-aar
18:40:28     1000         -   1241086    1.00    4.00    0.00    0.00    5.00    12  |__qemu-system-aar
18:40:28     1000         -   1241092    0.00    0.00    0.00    0.00    0.00    17  |__call_rcu
18:40:28     1000         -   1241093    0.00    0.00    0.00    0.00    0.00     3  |__worker
18:40:28     1000         -   1241102   98.00    0.00    0.00    0.00   98.00     4  |__CPU 0/TCG
18:40:28     1000         -   1241103    1.00    0.00    0.00    0.00    1.00    11  |__CPU 1/TCG
18:40:28     1000         -   1241104   98.00    2.00    0.00    0.00  100.00    16  |__CPU 2/TCG
18:40:28     1000         -   1241105    0.00    0.00    0.00    0.00    0.00    17  |__CPU 3/TCG
18:40:29     1000   1241086         -  200.00    5.00    0.00    0.00  205.00    12  qemu-system-aar
18:40:29     1000         -   1241086    2.00    3.00    0.00    0.00    5.00    12  |__qemu-system-aar
18:40:29     1000         -   1241092    0.00    0.00    0.00    0.00    0.00    17  |__call_rcu
18:40:29     1000         -   1241093    0.00    0.00    0.00    0.00    0.00     3  |__worker
18:40:29     1000         -   1241102   99.00    1.00    0.00    0.00  100.00     4  |__CPU 0/TCG
18:40:29     1000         -   1241103    0.00    0.00    0.00    0.00    0.00    11  |__CPU 1/TCG
18:40:29     1000         -   1241104   98.00    2.00    0.00    0.00  100.00    16  |__CPU 2/TCG
18:40:29     1000         -   1241105    0.00    0.00    0.00    0.00    0.00    17  |__CPU 3/TCG
18:40:30     1000   1241086         -  201.00    4.00    0.00    0.00  205.00    14  qemu-system-aar
18:40:30     1000         -   1241086    2.00    3.00    0.00    0.00    5.00    14  |__qemu-system-aar
18:40:30     1000         -   1241092    0.00    0.00    0.00    0.00    0.00    17  |__call_rcu
18:40:30     1000         -   1241102   98.00    0.00    0.00    0.00   98.00     4  |__CPU 0/TCG
18:40:30     1000         -   1241103    1.00    0.00    0.00    0.00    1.00    11  |__CPU 1/TCG
18:40:30     1000         -   1241104   99.00    1.00    0.00    0.00  100.00    16  |__CPU 2/TCG
18:40:30     1000         -   1241105    0.00    0.00    0.00    0.00    0.00    17  |__CPU 3/TCG
18:40:31     1000   1241086         -  199.00    4.00    0.00    0.00  203.00    17  qemu-system-aar
18:40:31     1000         -   1241086    1.00    3.00    0.00    0.00    4.00    17  |__qemu-system-aar
18:40:31     1000         -   1241092    0.00    0.00    0.00    0.00    0.00    17  |__call_rcu
18:40:31     1000         -   1241102   99.00    0.00    0.00    0.00   99.00     4  |__CPU 0/TCG
18:40:31     1000         -   1241103    0.00    0.00    0.00    0.00    0.00    14  |__CPU 1/TCG
18:40:31     1000         -   1241104   97.00    2.00    0.00    0.00   99.00    16  |__CPU 2/TCG
18:40:31     1000         -   1241105    0.00    0.00    0.00    0.00    0.00    17  |__CPU 3/TCG
18:40:32     1000   1241086         -  201.00    2.00    0.00    0.00  203.00    19  qemu-system-aar
18:40:32     1000         -   1241086    1.00    3.00    0.00    0.00    4.00    19  |__qemu-system-aar
18:40:32     1000         -   1241092    0.00    0.00    0.00    0.00    0.00    17  |__call_rcu
18:40:32     1000         -   1241102   99.00    1.00    0.00    0.00  100.00     4  |__CPU 0/TCG
18:40:32     1000         -   1241103    1.00    1.00    0.00    0.00    2.00    14  |__CPU 1/TCG
18:40:32     1000         -   1241104   99.00    1.00    0.00    0.00  100.00    16  |__CPU 2/TCG
18:40:32     1000         -   1241105    0.00    0.00    0.00    0.00    0.00    17  |__CPU 3/TCG
18:40:33     1000   1241086         -  201.00    2.00    0.00    0.00  203.00    22  qemu-system-aar
18:40:33     1000         -   1241086    1.00    2.00    0.00    0.00    3.00    22  |__qemu-system-aar
18:40:33     1000         -   1241092    0.00    0.00    0.00    0.00    0.00    17  |__call_rcu
18:40:33     1000         -   1241102  100.00    0.00    0.00    0.00  100.00     4  |__CPU 0/TCG
18:40:33     1000         -   1241103    0.00    0.00    0.00    0.00    0.00    14  |__CPU 1/TCG
18:40:33     1000         -   1241104  100.00    0.00    0.00    0.00  100.00    16  |__CPU 2/TCG
18:40:33     1000         -   1241105    0.00    0.00    0.00    0.00    0.00    17  |__CPU 3/TCG
18:40:34     1000   1241086         -  201.00    3.00    0.00    0.00  204.00    22  qemu-system-aar
18:40:34     1000         -   1241086    1.00    3.00    0.00    0.00    4.00    22  |__qemu-system-aar
18:40:34     1000         -   1241092    0.00    0.00    0.00    0.00    0.00    17  |__call_rcu
18:40:34     1000         -   1241102   99.00    0.00    0.00    0.00   99.00     4  |__CPU 0/TCG
18:40:34     1000         -   1241103    1.00    0.00    0.00    0.00    1.00    13  |__CPU 1/TCG
18:40:34     1000         -   1241104   99.00    1.00    0.00    0.00  100.00    16  |__CPU 2/TCG
18:40:34     1000         -   1241105    0.00    0.00    0.00    0.00    0.00    17  |__CPU 3/TCG
18:40:35     1000   1241086         -  201.00    2.00    0.00    0.00  203.00    21  qemu-system-aar
18:40:35     1000         -   1241086    0.00    2.00    0.00    0.00    2.00    21  |__qemu-system-aar
18:40:35     1000         -   1241092    0.00    0.00    0.00    0.00    0.00    17  |__call_rcu
18:40:35     1000         -   1241102  100.00    0.00    0.00    0.00  100.00     4  |__CPU 0/TCG
18:40:35     1000         -   1241103    1.00    0.00    0.00    0.00    1.00    14  |__CPU 1/TCG
18:40:35     1000         -   1241104   99.00    1.00    0.00    0.00  100.00    16  |__CPU 2/TCG
18:40:35     1000         -   1241105    0.00    0.00    0.00    0.00    0.00    17  |__CPU 3/TCG
18:40:36     1000   1241086         -  202.00    2.00    0.00    0.00  204.00    22  qemu-system-aar
18:40:36     1000         -   1241086    1.00    3.00    0.00    0.00    4.00    22  |__qemu-system-aar
18:40:36     1000         -   1241092    0.00    0.00    0.00    0.00    0.00    17  |__call_rcu
18:40:36     1000         -   1241102   99.00    0.00    0.00    0.00   99.00     4  |__CPU 0/TCG
18:40:36     1000         -   1241103    0.00    0.00    0.00    0.00    0.00    14  |__CPU 1/TCG
18:40:36     1000         -   1241104   98.00    1.00    0.00    0.00   99.00    16  |__CPU 2/TCG
18:40:36     1000         -   1241105    0.00    0.00    0.00    0.00    0.00    17  |__CPU 3/TCG
18:40:37     1000   1241086         -  201.00    2.00    0.00    0.00  203.00    21  qemu-system-aar
18:40:37     1000         -   1241086    1.00    2.00    0.00    0.00    3.00    21  |__qemu-system-aar
18:40:37     1000         -   1241092    0.00    0.00    0.00    0.00    0.00    17  |__call_rcu
18:40:37     1000         -   1241102   99.00    1.00    0.00    0.00  100.00     4  |__CPU 0/TCG
18:40:37     1000         -   1241103    1.00    0.00    0.00    0.00    1.00    11  |__CPU 1/TCG
18:40:37     1000         -   1241104   99.00    1.00    0.00    0.00  100.00    16  |__CPU 2/TCG
18:40:37     1000         -   1241105    0.00    0.00    0.00    0.00    0.00    17  |__CPU 3/TCG
