Linux 6.17.0-40-generic (9950x) 	08/15/26 	_x86_64_	(32 CPU)

# Time        UID      TGID       TID    %usr %system  %guest   %wait    %CPU   CPU  Command
20:51:10     1000   1414660         -   89.00   13.00    0.00    0.00  102.00    11  qemu-system-aar
20:51:10     1000         -   1414660    1.00    3.00    0.00    0.00    4.00    11  |__qemu-system-aar
20:51:10     1000         -   1414666    0.00    0.00    0.00    0.00    0.00    11  |__call_rcu
20:51:10     1000         -   1414667    0.00    0.00    0.00    0.00    0.00    29  |__worker
20:51:10     1000         -   1414684   85.00    9.00    0.00    0.00   94.00    12  |__CPU 0/TCG
20:51:10     1000         -   1414685    1.00    0.00    0.00    0.00    1.00    13  |__CPU 1/TCG
20:51:10     1000         -   1414686    0.00    0.00    0.00    0.00    0.00    14  |__CPU 2/TCG
20:51:10     1000         -   1414687    0.00    0.00    0.00    0.00    0.00    15  |__CPU 3/TCG
20:51:11     1000   1414660         -  184.00   11.00    0.00    1.00  195.00    11  qemu-system-aar
20:51:11     1000         -   1414660    1.00    2.00    0.00    1.00    3.00    11  |__qemu-system-aar
20:51:11     1000         -   1414666    0.00    0.00    0.00    0.00    0.00    11  |__call_rcu
20:51:11     1000         -   1414667    0.00    0.00    0.00    0.00    0.00    29  |__worker
20:51:11     1000         -   1414684   90.00   10.00    0.00    0.00  100.00    12  |__CPU 0/TCG
20:51:11     1000         -   1414685    1.00    0.00    0.00    0.00    1.00    13  |__CPU 1/TCG
20:51:11     1000         -   1414686   91.00    1.00    0.00    0.00   92.00    14  |__CPU 2/TCG
20:51:11     1000         -   1414687    0.00    0.00    0.00    0.00    0.00    15  |__CPU 3/TCG
20:51:12     1000   1414660         -  194.00    9.00    0.00    0.00  203.00    11  qemu-system-aar
20:51:12     1000         -   1414660    1.00    2.00    0.00    0.00    3.00    11  |__qemu-system-aar
20:51:12     1000         -   1414666    0.00    0.00    0.00    0.00    0.00    11  |__call_rcu
20:51:12     1000         -   1414667    0.00    0.00    0.00    0.00    0.00    29  |__worker
20:51:12     1000         -   1414684   94.00    5.00    0.00    0.00   99.00    12  |__CPU 0/TCG
20:51:12     1000         -   1414685    1.00    0.00    0.00    0.00    1.00    13  |__CPU 1/TCG
20:51:12     1000         -   1414686   98.00    1.00    0.00    0.00   99.00    14  |__CPU 2/TCG
20:51:12     1000         -   1414687    0.00    0.00    0.00    0.00    0.00    15  |__CPU 3/TCG
20:51:13     1000   1414660         -  198.00    5.00    0.00    0.00  203.00    11  qemu-system-aar
20:51:13     1000         -   1414660    2.00    2.00    0.00    0.00    4.00    11  |__qemu-system-aar
20:51:13     1000         -   1414666    0.00    0.00    0.00    0.00    0.00    11  |__call_rcu
20:51:13     1000         -   1414667    0.00    0.00    0.00    0.00    0.00    29  |__worker
20:51:13     1000         -   1414684   97.00    2.00    0.00    0.00   99.00    12  |__CPU 0/TCG
20:51:13     1000         -   1414685    0.00    0.00    0.00    0.00    0.00    13  |__CPU 1/TCG
20:51:13     1000         -   1414686   98.00    1.00    0.00    0.00   99.00    14  |__CPU 2/TCG
20:51:13     1000         -   1414687    0.00    0.00    0.00    0.00    0.00    15  |__CPU 3/TCG
20:51:14     1000   1414660         -  200.00    3.00    0.00    1.00  203.00    11  qemu-system-aar
20:51:14     1000         -   1414660    1.00    2.00    0.00    1.00    3.00    11  |__qemu-system-aar
20:51:14     1000         -   1414666    0.00    0.00    0.00    0.00    0.00    11  |__call_rcu
20:51:14     1000         -   1414667    0.00    0.00    0.00    0.00    0.00    29  |__worker
20:51:14     1000         -   1414684   99.00    0.00    0.00    0.00   99.00    12  |__CPU 0/TCG
20:51:14     1000         -   1414685    1.00    0.00    0.00    0.00    1.00    13  |__CPU 1/TCG
20:51:14     1000         -   1414686   99.00    1.00    0.00    0.00  100.00    14  |__CPU 2/TCG
20:51:14     1000         -   1414687    0.00    0.00    0.00    0.00    0.00    15  |__CPU 3/TCG
20:51:15     1000   1414660         -  200.00    2.00    0.00    0.00  202.00    11  qemu-system-aar
20:51:15     1000         -   1414660    2.00    2.00    0.00    0.00    4.00    11  |__qemu-system-aar
20:51:15     1000         -   1414666    0.00    0.00    0.00    0.00    0.00    11  |__call_rcu
20:51:15     1000         -   1414667    0.00    0.00    0.00    0.00    0.00    29  |__worker
20:51:15     1000         -   1414684   99.00    1.00    0.00    0.00  100.00    12  |__CPU 0/TCG
20:51:15     1000         -   1414685    0.00    0.00    0.00    0.00    0.00    13  |__CPU 1/TCG
20:51:15     1000         -   1414686   98.00    1.00    0.00    0.00   99.00    14  |__CPU 2/TCG
20:51:15     1000         -   1414687    0.00    0.00    0.00    0.00    0.00    15  |__CPU 3/TCG
20:51:16     1000   1414660         -  201.00    2.00    0.00    0.00  203.00    11  qemu-system-aar
20:51:16     1000         -   1414660    1.00    2.00    0.00    0.00    3.00    11  |__qemu-system-aar
20:51:16     1000         -   1414666    0.00    0.00    0.00    0.00    0.00    11  |__call_rcu
20:51:16     1000         -   1414667    0.00    0.00    0.00    0.00    0.00    29  |__worker
20:51:16     1000         -   1414684   99.00    0.00    0.00    0.00   99.00    12  |__CPU 0/TCG
20:51:16     1000         -   1414685    0.00    0.00    0.00    0.00    0.00    13  |__CPU 1/TCG
20:51:16     1000         -   1414686   99.00    1.00    0.00    0.00  100.00    14  |__CPU 2/TCG
20:51:16     1000         -   1414687    0.00    0.00    0.00    0.00    0.00    15  |__CPU 3/TCG
20:51:17     1000   1414660         -  200.00    3.00    0.00    0.00  203.00    11  qemu-system-aar
20:51:17     1000         -   1414660    1.00    2.00    0.00    0.00    3.00    11  |__qemu-system-aar
20:51:17     1000         -   1414666    0.00    0.00    0.00    0.00    0.00    11  |__call_rcu
20:51:17     1000         -   1414667    0.00    0.00    0.00    0.00    0.00    29  |__worker
20:51:17     1000         -   1414684   99.00    0.00    0.00    0.00   99.00    12  |__CPU 0/TCG
20:51:17     1000         -   1414685    1.00    1.00    0.00    0.00    2.00    13  |__CPU 1/TCG
20:51:17     1000         -   1414686   99.00    1.00    0.00    0.00  100.00    14  |__CPU 2/TCG
20:51:17     1000         -   1414687    0.00    0.00    0.00    0.00    0.00    15  |__CPU 3/TCG
20:51:18     1000   1414660         -  200.00    2.00    0.00    0.00  202.00    11  qemu-system-aar
20:51:18     1000         -   1414660    1.00    2.00    0.00    0.00    3.00    11  |__qemu-system-aar
20:51:18     1000         -   1414666    0.00    0.00    0.00    0.00    0.00    11  |__call_rcu
20:51:18     1000         -   1414667    0.00    0.00    0.00    0.00    0.00    29  |__worker
20:51:18     1000         -   1414684   99.00    1.00    0.00    0.00  100.00    12  |__CPU 0/TCG
20:51:18     1000         -   1414685    0.00    0.00    0.00    0.00    0.00    13  |__CPU 1/TCG
20:51:18     1000         -   1414686   99.00    1.00    0.00    0.00  100.00    14  |__CPU 2/TCG
20:51:18     1000         -   1414687    0.00    0.00    0.00    0.00    0.00    15  |__CPU 3/TCG
20:51:19     1000   1414660         -  199.00    4.00    0.00    0.00  203.00    11  qemu-system-aar
20:51:19     1000         -   1414660    0.00    2.00    0.00    0.00    2.00    11  |__qemu-system-aar
20:51:19     1000         -   1414666    0.00    0.00    0.00    0.00    0.00    11  |__call_rcu
20:51:19     1000         -   1414667    0.00    0.00    0.00    0.00    0.00    29  |__worker
20:51:19     1000         -   1414684   99.00    0.00    0.00    0.00   99.00    12  |__CPU 0/TCG
20:51:19     1000         -   1414685    1.00    0.00    0.00    0.00    1.00    13  |__CPU 1/TCG
20:51:19     1000         -   1414686   98.00    1.00    0.00    0.00   99.00    14  |__CPU 2/TCG
20:51:19     1000         -   1414687    0.00    0.00    0.00    0.00    0.00    15  |__CPU 3/TCG
20:51:20     1000   1414660         -  199.00    3.00    0.00    0.00  202.00    11  qemu-system-aar
20:51:20     1000         -   1414660    1.00    2.00    0.00    0.00    3.00    11  |__qemu-system-aar
20:51:20     1000         -   1414666    0.00    0.00    0.00    0.00    0.00    11  |__call_rcu
20:51:20     1000         -   1414684   99.00    1.00    0.00    0.00  100.00    12  |__CPU 0/TCG
20:51:20     1000         -   1414685    0.00    0.00    0.00    0.00    0.00    13  |__CPU 1/TCG
20:51:20     1000         -   1414686   98.00    1.00    0.00    0.00   99.00    14  |__CPU 2/TCG
20:51:20     1000         -   1414687    0.00    0.00    0.00    0.00    0.00    15  |__CPU 3/TCG
20:51:21     1000   1414660         -  199.00    3.00    0.00    1.00  202.00    11  qemu-system-aar
20:51:21     1000         -   1414660    1.00    2.00    0.00    1.00    3.00    11  |__qemu-system-aar
20:51:21     1000         -   1414666    0.00    0.00    0.00    0.00    0.00    11  |__call_rcu
20:51:21     1000         -   1414684   98.00    1.00    0.00    0.00   99.00    12  |__CPU 0/TCG
20:51:21     1000         -   1414685    1.00    0.00    0.00    0.00    1.00    13  |__CPU 1/TCG
20:51:21     1000         -   1414686   99.00    1.00    0.00    0.00  100.00    14  |__CPU 2/TCG
20:51:21     1000         -   1414687    0.00    0.00    0.00    0.00    0.00    15  |__CPU 3/TCG
20:51:22     1000   1414660         -  199.00    3.00    0.00    0.00  202.00    11  qemu-system-aar
20:51:22     1000         -   1414660    1.00    2.00    0.00    0.00    3.00    11  |__qemu-system-aar
20:51:22     1000         -   1414666    0.00    0.00    0.00    0.00    0.00    11  |__call_rcu
20:51:22     1000         -   1414684   99.00    0.00    0.00    0.00   99.00    12  |__CPU 0/TCG
20:51:22     1000         -   1414685    0.00    0.00    0.00    0.00    0.00    13  |__CPU 1/TCG
20:51:22     1000         -   1414686   98.00    2.00    0.00    0.00  100.00    14  |__CPU 2/TCG
20:51:22     1000         -   1414687    0.00    0.00    0.00    0.00    0.00    15  |__CPU 3/TCG
20:51:23     1000   1414660         -  199.00    3.00    0.00    0.00  202.00    11  qemu-system-aar
20:51:23     1000         -   1414660    1.00    1.00    0.00    0.00    2.00    11  |__qemu-system-aar
20:51:23     1000         -   1414666    0.00    0.00    0.00    0.00    0.00    11  |__call_rcu
20:51:23     1000         -   1414684   99.00    1.00    0.00    0.00  100.00    12  |__CPU 0/TCG
20:51:23     1000         -   1414685    1.00    0.00    0.00    0.00    1.00    13  |__CPU 1/TCG
20:51:23     1000         -   1414686   97.00    2.00    0.00    0.00   99.00    14  |__CPU 2/TCG
20:51:23     1000         -   1414687    0.00    0.00    0.00    0.00    0.00    15  |__CPU 3/TCG
20:51:24     1000   1414660         -  199.00    3.00    0.00    0.00  202.00    11  qemu-system-aar
20:51:24     1000         -   1414660    2.00    2.00    0.00    0.00    4.00    11  |__qemu-system-aar
20:51:24     1000         -   1414666    0.00    0.00    0.00    0.00    0.00    11  |__call_rcu
20:51:24     1000         -   1414684   99.00    0.00    0.00    0.00   99.00    12  |__CPU 0/TCG
20:51:24     1000         -   1414685    0.00    0.00    0.00    0.00    0.00    13  |__CPU 1/TCG
20:51:24     1000         -   1414686   99.00    0.00    0.00    0.00   99.00    14  |__CPU 2/TCG
20:51:24     1000         -   1414687    0.00    0.00    0.00    0.00    0.00    15  |__CPU 3/TCG
20:51:25     1000   1414660         -  199.00    3.00    0.00    0.00  202.00    11  qemu-system-aar
20:51:25     1000         -   1414660    1.00    1.00    0.00    0.00    2.00    11  |__qemu-system-aar
20:51:25     1000         -   1414666    0.00    0.00    0.00    0.00    0.00    11  |__call_rcu
20:51:25     1000         -   1414684   99.00    1.00    0.00    0.00  100.00    12  |__CPU 0/TCG
20:51:25     1000         -   1414685    0.00    0.00    0.00    0.00    0.00    13  |__CPU 1/TCG
20:51:25     1000         -   1414686   98.00    2.00    0.00    0.00  100.00    14  |__CPU 2/TCG
20:51:25     1000         -   1414687    0.00    0.00    0.00    0.00    0.00    15  |__CPU 3/TCG
20:51:26     1000   1414660         -  199.00    3.00    0.00    1.00  202.00    11  qemu-system-aar
20:51:26     1000         -   1414660    1.00    3.00    0.00    1.00    4.00    11  |__qemu-system-aar
20:51:26     1000         -   1414666    0.00    0.00    0.00    0.00    0.00    11  |__call_rcu
20:51:26     1000         -   1414684   99.00    0.00    0.00    0.00   99.00    12  |__CPU 0/TCG
20:51:26     1000         -   1414685    0.00    0.00    0.00    0.00    0.00    13  |__CPU 1/TCG
20:51:26     1000         -   1414686   98.00    1.00    0.00    0.00   99.00    14  |__CPU 2/TCG
20:51:26     1000         -   1414687    0.00    0.00    0.00    0.00    0.00    15  |__CPU 3/TCG
