PHASE dependency-check
PHASE build-select-images
PHASE immutable-runtime-vmconfigs
PHASE linux-vmconfig
PHASE rtthread-vmconfig
PHASE cargo-xtask-axvisor-build
STEP cargo-xtask-axvisor-build timeout_s=1800
    Finished `dev` profile [unoptimized + debuginfo] target(s) in 0.14s
     Running `target/debug/tg-xtask axvisor build --config qemu-aarch64-two-guest-net --smp 4 --vmconfigs /home/yfblock/Code/hyper-rtos/tgoskits/tmp/rtipc-runtime.sZZQvB/linux-net.toml --vmconfigs /home/yfblock/Code/hyper-rtos/tgoskits/tmp/rtthread-runtime.6FuDqs/rtthread-net.toml`
[2026-08-20T04:39:07Z INFO  axbuild::context] Workspace root: /home/yfblock/Code/hyper-rtos/tgoskits
[2026-08-20T04:39:07Z INFO  axbuild::context] Workspace member dir for axvisor: /home/yfblock/Code/hyper-rtos/tgoskits/os/axvisor
Using build config: qemu-aarch64-two-guest-net
[axbuild] cargo build package=axvisor target=scripts/targets/std/pie/aarch64-unknown-linux-musl.json config=qemu-aarch64-two-guest-net ...
sh -c /home/yfblock/Code/hyper-rtos/tgoskits/tmp/axbuild/std/prebuild/prebuild-aarch64-unknown-linux-musl-7966bc059fb4a3c4.sh
AR_aarch64_unknown_linux_musl=aarch64-linux-musl-ar
AXVISOR_VM_CONFIGS=/home/yfblock/Code/hyper-rtos/tgoskits/tmp/rtipc-runtime.sZZQvB/linux-net.toml:/home/yfblock/Code/hyper-rtos/tgoskits/tmp/rtthread-runtime.6FuDqs/rtthread-net.toml
AX_ARCH=aarch64
AX_LOG=info
AX_TARGET=aarch64-unknown-none-softfloat
BINDGEN_EXTRA_CLANG_ARGS_aarch64_unknown_linux_musl=--target=aarch64-linux-musl --sysroot=/home/yfblock/Env/aarch64-linux-musl-cross/bin/../aarch64-linux-musl --gcc-toolchain=/home/yfblock/Env/aarch64-linux-musl-cross -isystem /home/yfblock/Env/aarch64-linux-musl-cross/bin/../aarch64-linux-musl/include -isystem /home/yfblock/Env/aarch64-linux-musl-cross/lib/gcc/aarch64-linux-musl/11.2.1/include -mgeneral-regs-only
CARGO_UNSTABLE_JSON_TARGET_SPEC=true
CC_aarch64_unknown_linux_musl=aarch64-linux-musl-cc
CFLAGS_aarch64_unknown_linux_musl=-mgeneral-regs-only -fno-stack-protector
CXXFLAGS_aarch64_unknown_linux_musl=-mgeneral-regs-only -fno-stack-protector
SMP=4
cargo build --config /home/yfblock/Code/hyper-rtos/tgoskits/tmp/axbuild/std/config-aarch64-unknown-linux-musl-dynamic.toml -p axvisor --target scripts/targets/std/pie/aarch64-unknown-linux-musl.json -Z unstable-options --target-dir /home/yfblock/Code/hyper-rtos/tgoskits/target --features ax-std/fs,ax-std/nvme,ax-std/smp,fs,log/release_max_level_info -Z json-target-spec --bin axvisor --release --message-format json-render-diagnostics
   Compiling axvisor v0.5.24 (/home/yfblock/Code/hyper-rtos/tgoskits/os/axvisor)
warning: associated function `defer_irq_deactivation` is never used
  --> platforms/somehal/src/common.rs:26:8
   |
 7 | pub trait PlatOp {
   |           ------ associated function in this trait
...
26 |     fn defer_irq_deactivation(_active: &mut Self::ActiveIrq) -> Result<(), IrqError> {
   |        ^^^^^^^^^^^^^^^^^^^^^^
   |
   = note: `#[warn(dead_code)]` (part of `#[warn(unused)]`) on by default

warning: `somehal` (lib) generated 1 warning
warning: associated function `after_external_interrupt` is never used
   --> virtualization/axvm/src/architecture/ops.rs:113:8
    |
 12 | pub(crate) trait ArchOps {
    |                  ------- associated function in this trait
...
113 |     fn after_external_interrupt(
    |        ^^^^^^^^^^^^^^^^^^^^^^^^
    |
    = note: `#[warn(dead_code)]` (part of `#[warn(unused)]`) on by default

warning: function `host_console_irq` is never used
  --> virtualization/axvm/src/host/arceos.rs:91:15
   |
91 | pub(crate) fn host_console_irq() -> Option<modules::ax_hal::irq::IrqId> {
   |               ^^^^^^^^^^^^^^^^

warning: function `dispatch_host_irq` is never used
  --> virtualization/axvm/src/host/arceos.rs:95:15
   |
95 | pub(crate) fn dispatch_host_irq(vector: usize) {
   |               ^^^^^^^^^^^^^^^^^

warning: function `with_vm` is never used
  --> virtualization/axvm/src/manager.rs:56:15
   |
56 | pub(crate) fn with_vm<F, R>(vm_id: VMId, f: F) -> Option<R>
   |               ^^^^^^^

warning: function `active_vcpu_mask` is never used
  --> virtualization/axvm/src/manager.rs:65:15
   |
65 | pub(crate) fn active_vcpu_mask(vm_id: VMId) -> Option<usize> {
   |               ^^^^^^^^^^^^^^^^

warning: function `inject_interrupt` is never used
  --> virtualization/axvm/src/manager.rs:77:15
   |
77 | pub(crate) fn inject_interrupt(vm_id: VMId, vcpu_id: usize, vector: usize) -> AxVmResult {
   |               ^^^^^^^^^^^^^^^^

warning: variant `Generic` is never constructed
  --> virtualization/axvm/src/runtime/hvc.rs:26:5
   |
25 | pub(crate) enum HyperCallAbi {
   |                 ------------ variant in this enum
26 |     Generic,
   |     ^^^^^^^
   |
   = note: `HyperCallAbi` has derived impls for the traits `Debug` and `Clone`, but these are intentionally ignored during dead code analysis

warning: method `handle` is never used
   --> virtualization/axvm/src/timer.rs:158:8
    |
113 | impl TimerWheels {
    | ---------------- method in this implementation
...
158 |     fn handle(&self, token: usize) -> Option<VmTimerHandle> {
    |        ^^^^^^

warning: function `cancel_timer` is never used
   --> virtualization/axvm/src/timer.rs:236:15
    |
236 | pub(crate) fn cancel_timer(token: usize) {
    |               ^^^^^^^^^^^^

warning: associated items `try_handle_port_write`, `handle_nested_page_fault`, and `debug_nested_page_fault` are never used
    --> virtualization/axvm/src/vm/mod.rs:1276:19
     |
 779 | impl AxVM {
     | --------- associated items in this implementation
...
1276 |     pub(crate) fn try_handle_port_write(
     |                   ^^^^^^^^^^^^^^^^^^^^^
...
1289 |     pub(crate) fn handle_nested_page_fault(
     |                   ^^^^^^^^^^^^^^^^^^^^^^^^
...
1304 |     fn debug_nested_page_fault(
     |        ^^^^^^^^^^^^^^^^^^^^^^^

warning: struct `SimpleVmPlan` is never constructed
  --> virtualization/axvm/src/vm/prepare/device_plan/mod.rs:60:19
   |
60 | pub(crate) struct SimpleVmPlan(VmDevicePlan);
   |                   ^^^^^^^^^^^^

warning: associated function `new` is never used
  --> virtualization/axvm/src/vm/prepare/device_plan/mod.rs:63:25
   |
62 | impl SimpleVmPlan {
   | ----------------- associated function in this implementation
63 |     pub(crate) const fn new(devices: VmDevicePlan) -> Self {
   |                         ^^^

warning: `axvm` (lib) generated 12 warnings
    Finished `release` profile [optimized] target(s) in 1.04s
warning: the following packages contain code that will be rejected by a future version of Rust: core v0.0.0 (/home/yfblock/.rustup/toolchains/nightly-2026-07-15-x86_64-unknown-linux-gnu/lib/rustlib/src/rust/library/core), memchr v2.8.3
note: to see what the problems were, use the option `--future-incompat-report`, or run `cargo report future-incompatibilities --id 1`
[axbuild] cargo build package=axvisor target=scripts/targets/std/pie/aarch64-unknown-linux-musl.json config=qemu-aarch64-two-guest-net ... done (1.25s)
[axbuild] cargo build elf=/home/yfblock/Code/hyper-rtos/tgoskits/target/aarch64-unknown-linux-musl/release/axvisor
[axbuild] cargo build artifact_dir=/home/yfblock/Code/hyper-rtos/tgoskits/target/aarch64-unknown-linux-musl/release
PHASE strip-objcopy
STEP strip timeout_s=1800
STEP objcopy timeout_s=1800
PHASE one-qemu
PHASE apply-qemu-realtime-controls
STEP apply-qemu-realtime-controls timeout_s=600
QEMU realtime control applied: pid=2179177 uclamp.min=1024
PHASE marker-collection
qemu-system-aarch64: warning: hub 77 is not connected to host network
root=/dev/nvme0n1 rw init=/bin/sh
VM Load @PA:0x40200000
VM Load Offset: 0xffff0000c0200000
Memory Map:
  Free   0x00000040000000 - 0x00000040200000 (2 MiB)
  KImg   0x00000040200000 - 0x00000041400000 (18 MiB)
  Free   0x00000041400000 - 0x00000240000000 (7.98 GiB)
Initialize RAM allocator: 0x41400000..0x240000000
Reserving CPU-local areas
CPU-local area stride: 0x44000 bytes
Total CPU-local allocation: 0x110000 bytes (4 CPUs)
Flushed RAM used range to memory map: 0x41400000..0x41500000, current: 0x41500000
Flushed RAM used range to memory map: 0x41500000..0x41610000, current: 0x41610000
CPU-local areas allocated at 0x41500000 - 0x41610000
EL: 2
Mapping early memory regions...
Ram                 : [0x0000000040000000, 0x0000000240000000) -> [0x0000000040000000, 0x0000000240000000) (8 GiB)
KImage              : [0x0000ffff80000000, 0x0000ffff81200000) -> [0x0000000040200000, 0x0000000041400000) (18 MiB)
PerCpu              : [0x0000ff0041500000, 0x0000ff0041610000) -> [0x0000000041500000, 0x0000000041610000) (1.06 MiB)
Debug serial        : [0x0000000009000000, 0x0000000009001000) -> [0x0000000009000000, 0x0000000009001000) (4 KiB)
Boot page table at physical address: PA:0x41610000
Setting up table registers...
MMU Entry point at physical address: 0x4045e0d8
Trap vector at 0xffff80262000
Memory Map:
  MMIO   0x00000009000000 - 0x00000009001000 (4 KiB)
  Free   0x00000040000000 - 0x00000040200000 (2 MiB)
  KImg   0x00000040200000 - 0x00000041400000 (18 MiB)
  Rsv    0x00000041400000 - 0x00000041500000 (1 MiB)
  PerCPU 0x00000041500000 - 0x00000041610000 (1.06 MiB)
  Rsv    0x00000041610000 - 0x0000004161a000 (40 KiB)
  Free   0x0000004161a000 - 0x00000240000000 (7.98 GiB)
Jumping to main entry point at 0xffff80245f04 with SP 0x0000ff0041544000

       d8888                            .d88888b.   .d8888b.
      d88888                           d88P" "Y88b d88P  Y88b
     d88P888                           888     888 Y88b.
    d88P 888 888d888  .d8888b  .d88b.  888     888  "Y888b.
   d88P  888 888P"   d88P"    d8P  Y8b 888     888     "Y88b.
  d88P   888 888     888      88888888 888     888       "888
 d8888888888 888     Y88b.    Y8b.     Y88b. .d88P Y88b  d88P
d88P     888 888      "Y8888P  "Y8888   "Y88888P"   "Y8888P"

arch = aarch64
platform = linux,dummy-virt
target = aarch64-unknown-none-softfloat
build_mode = 
log_level = info
backtrace = false
smp = 4

[37m[  0.049363 ax_runtime:223] [32mLogging is enabled.[m
[m[37m[  0.049645 ax_runtime:224] [32mPrimary CPU 0 started, arg = 0x41400000.[m
[m[37m[  0.049722 ax_runtime:226] [32mFound physcial memory regions:[m
[m[37m[  0.050441 ax_runtime:228] [32m  [PA:0x9000000, PA:0x9001000) mmio (READ | WRITE | DEVICE | RESERVED)[m
[m[37m[  0.050604 ax_runtime:228] [32m  [PA:0x40000000, PA:0x40200000) free memory (READ | WRITE | FREE)[m
[m[37m[  0.050738 ax_runtime:228] [32m  [PA:0x40200000, PA:0x41400000) reserved (READ | WRITE | EXECUTE | RESERVED)[m
[m[37m[  0.050821 ax_runtime:228] [32m  [PA:0x41400000, PA:0x41500000) reserved (READ | WRITE | EXECUTE | RESERVED)[m
[m[37m[  0.050899 ax_runtime:228] [32m  [PA:0x41500000, PA:0x41610000) reserved (READ | WRITE | EXECUTE | RESERVED)[m
[m[37m[  0.050975 ax_runtime:228] [32m  [PA:0x41610000, PA:0x4161a000) reserved (READ | WRITE | EXECUTE | RESERVED)[m
[m[37m[  0.051051 ax_runtime:228] [32m  [PA:0x4161a000, PA:0x240000000) free memory (READ | WRITE | FREE)[m
[m[37m[  0.051140 ax_runtime:376] [32mInitialize global memory allocator...[m
[m[37m[  0.051215 ax_runtime:377] [32m  use buddy-slab-allocator allocator.[m
[m[37m[  0.051355 ax_alloc::buddy_slab:158] [32mInitialize global memory allocator, start_vaddr: 0x4161a000, size: 0x1fe9e6000[m
[m[37m[  0.056668 ax_alloc::buddy_slab:424] [32mglobal allocator initialized[m
[m[37m[  0.056794 ax_alloc::buddy_slab:168] [32mAdd memory region, start_vaddr: 0x40000000, size: 0x200000[m
[m[37m[  0.057090 buddy_slab_allocator::global:151] [32mGlobalAllocator: skip region 0x40000000+0x200000, no allocator-visible memory after 2097152 alignment[m
[m[37m[  0.057334 ax_runtime:263] [32mkernel aspace: [VA:0x0, VA:0xffffffffffffffff)[m
[m[37m[  0.057514 ax_mm:103] [32mInitialize virtual memory management...[m
[m[37m[  0.565626 ax_runtime:275] [32mInitialize platform devices...[m
[m[37m[  0.570760 someboot::arch::power:23] [32mPower management method : SMC[m
[m[37m[  0.570897 somehal::driver:5] [32mInitializing rdrive with FDT at 0x41400000[m
[m[37m[  0.581506 somehal::arch::gic::v3:284] [32mGICv3 CPU 0 EOI mode: two_step=true[m
[m[37m[  0.587188 ax_task::api:137] [32mInitialize scheduling...[m
[m[37m[  0.588287 ax_task::api:145] [32m  use Round-robin scheduler.[m
[m[37m[  0.588584 ax_runtime:301] [32mInitialize interrupt handlers...[m
[m[37m[  0.590390 ax_runtime::devices:2] [32mProbe platform devices...[m
[m[37m[  0.611215 ax_driver::block::nvme:42] [32mNVMe PCI endpoint 0000:00:01.0: BAR0=0x8000000000..0x8000004000, int_pin=1, int_line=0[m
[m[37m[  0.621581 nvme_driver::nvme:161] [32mNVME @0x8000000000 deferred init, version: 1.4.0[m
[m[37m[  0.622150 ax_driver::block::nvme:74] [32mNVMe block device registered at 0000:00:01.0 with 65 MSI-X vectors[m
[m[37m[  0.626674 ax_fs_ng::block::runtime::lifecycle::device:300] [32mblock device nvme IRQ source 0 (IrqId { domain: IrqDomainId(9), hwirq: HwIrq(0) }) fixed to CPU 0 for queue mask 0x0[m
[m[37m[  0.644542 ax_fs_ng::block::runtime::hctx:177] [32mblock hctx 0 bound to CPU 0 with hardware depth 63[m
[m[37m[  0.645010 ax_fs_ng::block::runtime::lifecycle::device:300] [32mblock device nvme IRQ source 1 (IrqId { domain: IrqDomainId(9), hwirq: HwIrq(1) }) fixed to CPU 0 for queue mask 0x1[m
[m[37m[  0.650467 ax_fs_ng::root:341] [32m    raw device fs=Some(Ext4)[m
[m[37m[  0.650613 ax_fs_ng::root:372] [32m  block device 0 (nvme) has no usable partition table; treating the whole disk as a candidate[m
[m[37m[  0.650934 ax_fs_ng::root:481] [32m  matched root by raw device path on disk0 raw device[m
[m[37m[  0.651274 ax_fs_ng:87] [32mInitialize filesystem subsystem...[m
[m[37m[  0.651343 ax_fs_ng:88] [32m  selected root device: disk0 raw device[m
[m[37m[  0.653732 rsext4::crc32c::arm64:54] [33mID_AA64ISAR0_EL1[19:16]: 0x1[m
[m[37m[  0.653820 rsext4::crc32c::arm64:57] [33mHardware CRC32C support detected.[m
[m[37m[  0.659017 rsext4::ext4::mount:331] [32m/lost+found exists (superblock hint inode=11)[m
[m[37m[  0.660127 rsext4::ext4::mount:466] [32mExt4 filesystem mounted[m
[m[37m[  0.660209 rsext4::ext4::mount:467] [32m  - block size: 4096 bytes[m
[m[37m[  0.660312 rsext4::ext4::mount:468] [32m  - total blocks: 8192[m
[m[37m[  0.660413 rsext4::ext4::mount:469] [32m  - free blocks: 1226[m
[m[37m[  0.660511 rsext4::ext4::mount:470] [32m  - total inodes: 8192[m
[m[37m[  0.660610 rsext4::ext4::mount:471] [32m  - free inodes: 8151[m
[m[37m[  0.660743 rsext4::ext4::sync:13] [32mSyncing filesystem...[m
[m[37m[  0.666570 rsext4::ext4::mount:550] [32mExt4 filesystem mounted[m
[m[37m[  0.667028 ax_fs_ng:101] [32m  filesystem type: "ext4"[m
[m[37m[  0.669921 somehal::arch::gic::v3:284] [32mGICv3 CPU 1 EOI mode: two_step=true[m
[m[37m[  0.670183 ax_runtime::mp:79] [32mSecondary CPU 1 started.[m
[m[37m[  0.670674 ax_runtime::mp:110] [32mSecondary CPU 1 init OK.[m
[m[37m[  0.672228 somehal::arch::gic::v3:284] [32mGICv3 CPU 2 EOI mode: two_step=true[m
[m[37m[  0.672496 ax_runtime::mp:79] [32mSecondary CPU 2 started.[m
[m[37m[  0.672927 ax_runtime::mp:110] [32mSecondary CPU 2 init OK.[m
[m[37m[  0.674495 somehal::arch::gic::v3:284] [32mGICv3 CPU 3 EOI mode: two_step=true[m
[m[37m[  0.674591 ax_runtime::mp:79] [32mSecondary CPU 3 started.[m
[m[37m[  0.674649 ax_runtime:349] [32mPrimary CPU 0 init OK.[m
[m[37m[  0.674770 ax_runtime::mp:110] [32mSecondary CPU 3 init OK.[m
[m[37m[  0.684415 0:4 ax_fs_ng::block::runtime::hctx:177] [32mblock hctx 1 bound to CPU 1 with hardware depth 63[m
[m[37m[  0.684578 0:4 ax_fs_ng::block::runtime::hctx:177] [32mblock hctx 2 bound to CPU 2 with hardware depth 63[m
[m[37m[  0.684678 0:4 ax_fs_ng::block::runtime::hctx:177] [32mblock hctx 3 bound to CPU 3 with hardware depth 63[m
[m[37m[  0.684980 0:4 ax_fs_ng::block::runtime::lifecycle::device:300] [32mblock device nvme IRQ source 2 (IrqId { domain: IrqDomainId(9), hwirq: HwIrq(2) }) fixed to CPU 1 for queue mask 0x2[m
[m[37m[  0.685205 0:4 ax_fs_ng::block::runtime::lifecycle::device:300] [32mblock device nvme IRQ source 3 (IrqId { domain: IrqDomainId(9), hwirq: HwIrq(3) }) fixed to CPU 2 for queue mask 0x4[m
[m[37m[  0.685428 0:4 ax_fs_ng::block::runtime::lifecycle::device:300] [32mblock device nvme IRQ source 4 (IrqId { domain: IrqDomainId(9), hwirq: HwIrq(4) }) fixed to CPU 3 for queue mask 0x8[m
[m[37m[  0.686995 0:2 ax_fs_ng::block::runtime::lifecycle::device:385] [32mblock device nvme online with 4 hctxs across 4 CPUs[m
[m

       d8888            888     888  d8b
      d88888            888     888  Y8P
     d88P888            888     888
    d88P 888  888  888  Y88b   d88P  888  .d8888b    .d88b.   888d888
   d88P  888  `Y8bd8P'   Y88b d88P   888  88K       d88""88b  888P"
  d88P   888    X88K      Y88o88P    888  "Y8888b.  888  888  888
 d8888888888  .d8""8b.     Y888P     888       X88  Y88..88P  888
d88P     888  888  888      Y8P      888   88888P'   "Y88P"   888


by AxVisor Team

[37m[  0.688915 0:2 axvisor:73] [32mStarting virtualization...[m
[m[37m[  0.689021 0:2 axvm::host::arceos:349] [32mEnabling hardware virtualization support on all cores...[m
[m[37m[  0.689137 0:2 axvm::host::arceos:355] [32mCore 0 is initializing hardware virtualization support...[m
[m[37m[  0.689257 0:2 axvm::timer:318] [32mInitializing AxVM timer wheel...[m
[m[37m[  0.693609 0:2 axvm::host::arceos:357] [32mHardware virtualization support enabled on core 0[m
[m[37m[  0.693944 1:19 axvm::host::arceos:367] [32mCore 1 is initializing hardware virtualization support...[m
[m[37m[  0.694084 1:19 axvm::timer:318] [32mInitializing AxVM timer wheel...[m
[m[37m[  0.694027 2:20 axvm::host::arceos:367] [32mCore 2 is initializing hardware virtualization support...[m
[m[37m[  0.694038 0:2 axvm::host::arceos:383] [32mWaiting for all cores to enable hardware virtualization...[m
[m[37m[  0.694234 2:20 axvm::timer:318] [32mInitializing AxVM timer wheel...[m
[m[37m[  0.694044 3:21 axvm::host::arceos:367] [32mCore 3 is initializing hardware virtualization support...[m
[m[37m[  0.694490 2:20 axvm::host::arceos:370] [32mHardware virtualization support enabled on core 2[m
[m[37m[  0.694455 1:19 axvm::host::arceos:370] [32mHardware virtualization support enabled on core 1[m
[m[37m[  0.694521 3:21 axvm::timer:318] [32mInitializing AxVM timer wheel...[m
[m[37m[  0.695036 3:21 axvm::host::arceos:370] [32mHardware virtualization support enabled on core 3[m
[m[37m[  0.695202 0:2 axvm::host::arceos:399] [32mAll cores have enabled hardware virtualization support.[m
[m[37m[  0.699158 0:2 axvisor::manager:143] [32mNOT find dir: /guest/vm_default in filesystem[m
[m[37m[  0.699342 0:2 axvisor::config:90] [32mUsing static VM configs.[m
[m[37m[  0.712709 0:2 axvm::arch::aarch64::fdt::core:79] [32mVM[1] virtual GIC follows host firmware resources: GuestGicProfile { compatible: "arm,gic-v3", node_path: "/intc@8000000", node_phandle: Some(32773), distributor: GuestMmioRegion { base: 134217728, length: 65536 }, cpu_region: Redistributors(GuestGicRedistributorProfile { regions: [GuestMmioRegion { base: 134873088, length: 16121856 }], stride: 131072 }), its: [GuestItsProfile { id: ItsId(0), node_path: "/intc@8000000/its@8080000", node_phandle: Some(32774), registers: GuestMmioRegion { base: 134742016, length: 131072 } }] }[m
[m[37m[  0.715536 0:2 axvm::arch::aarch64::fdt::core:93] [32mVM[1] architectural timer follows host firmware PPIs[m
[m[37m[  0.720599 0:2 axvm::arch::aarch64::fdt::core::parser:442] [32mCPU node: /cpus/cpu@0, node_id: 0x0, hardware_cpu_id: 0x0[m
[m[37m[  0.720778 0:2 axvm::arch::aarch64::fdt::core::parser:442] [32mCPU node: /cpus/cpu@1, node_id: 0x1, hardware_cpu_id: 0x1[m
[m[37m[  0.720928 0:2 axvm::arch::aarch64::fdt::core::parser:442] [32mCPU node: /cpus/cpu@2, node_id: 0x2, hardware_cpu_id: 0x2[m
[m[37m[  0.721031 0:2 axvm::arch::aarch64::fdt::core::parser:442] [32mCPU node: /cpus/cpu@3, node_id: 0x3, hardware_cpu_id: 0x3[m
[m[37m[  0.721194 0:2 axvm::arch::aarch64::fdt::core::parser:449] [32mFound 4 host CPU nodes[m
[m[37m[  0.721557 0:2 axvm::arch::aarch64::fdt::core:144] [32mVM[1] DTB not found, generating from the VM configuration[m
[m[37m[  0.734763 0:2 axvm::arch::aarch64::fdt::core::device:96] [32mFound excluded devices: ["/virtio_mmio@a000000", "/virtio_mmio@a000200", "/virtio_mmio@a000400", "/virtio_mmio@a000600", "/virtio_mmio@a000800", "/virtio_mmio@a000a00", "/virtio_mmio@a000c00", "/virtio_mmio@a000e00", "/virtio_mmio@a001000", "/virtio_mmio@a001200", "/virtio_mmio@a001400", "/virtio_mmio@a001600", "/virtio_mmio@a001800", "/virtio_mmio@a001a00", "/virtio_mmio@a001c00", "/virtio_mmio@a001e00", "/virtio_mmio@a002000", "/virtio_mmio@a002200", "/virtio_mmio@a002400", "/virtio_mmio@a002600", "/virtio_mmio@a002800", "/virtio_mmio@a002a00", "/virtio_mmio@a002c00", "/virtio_mmio@a002e00", "/virtio_mmio@a003000", "/virtio_mmio@a003200", "/virtio_mmio@a003400", "/virtio_mmio@a003600", "/virtio_mmio@a003800", "/virtio_mmio@a003a00", "/virtio_mmio@a003c00", "/virtio_mmio@a003e00", "/pcie@10000000", "/pl061@9030000", "/pl031@9010000", "/gpio-key-poweroff", "/intc@8000000", "/pl011@9000000", "/timer", "/intc@8000000/its@8080000"][m
[m[37m[  0.743806 0:2 axvm::arch::aarch64::fdt::core::device:96] [32mFound excluded devices: ["/virtio_mmio@a000000", "/virtio_mmio@a000200", "/virtio_mmio@a000400", "/virtio_mmio@a000600", "/virtio_mmio@a000800", "/virtio_mmio@a000a00", "/virtio_mmio@a000c00", "/virtio_mmio@a000e00", "/virtio_mmio@a001000", "/virtio_mmio@a001200", "/virtio_mmio@a001400", "/virtio_mmio@a001600", "/virtio_mmio@a001800", "/virtio_mmio@a001a00", "/virtio_mmio@a001c00", "/virtio_mmio@a001e00", "/virtio_mmio@a002000", "/virtio_mmio@a002200", "/virtio_mmio@a002400", "/virtio_mmio@a002600", "/virtio_mmio@a002800", "/virtio_mmio@a002a00", "/virtio_mmio@a002c00", "/virtio_mmio@a002e00", "/virtio_mmio@a003000", "/virtio_mmio@a003200", "/virtio_mmio@a003400", "/virtio_mmio@a003600", "/virtio_mmio@a003800", "/virtio_mmio@a003a00", "/virtio_mmio@a003c00", "/virtio_mmio@a003e00", "/pcie@10000000", "/pl061@9030000", "/pl031@9010000", "/gpio-key-poweroff", "/intc@8000000", "/pl011@9000000", "/timer", "/intc@8000000/its@8080000"][m
[m[37m[  0.746015 0:2 axvisor::config:137] [32mCreating VM[1] "linux-net"[m
[m[37m[  0.746464 0:2 axvm::arch::aarch64::vgic::plan:214] [32massigned_spis: 0 passthrough interrupts configured[m
[m[37m[  0.758278 0:2 axvm::vm:809] [32mVM created: id=1[m
[m[37m[  0.759272 0:2 axvisor::config:149] [32mVM[1] created success, loading images...[m
[m[37m[  0.773417 0:2 axvm::boot::images:137] [32mLoading ramdisk image from memory (5511718 bytes) into GPA @0x8c000000[m
[m[37m[  0.794865 0:2 axdevice::device:1232] [32mDeviceRuntime: registered device id=0[m
[m[37m[  0.795218 0:2 axdevice::device:1232] [32mDeviceRuntime: registered device id=1[m
[m[37m[  0.795437 0:2 axdevice::device:1232] [32mDeviceRuntime: registered device id=2[m
[m[37m[  0.796711 0:2 axdevice::device:1232] [32mDeviceRuntime: registered device id=3[m
[m[37m[  0.798129 0:2 axdevice::device:1232] [32mDeviceRuntime: registered device id=4[m
[m[37m[  0.800622 0:2 axvm::vm::prepare:82] [32mVM setup: id=1[m
[m[37m[  0.804312 0:2 axvm::arch::aarch64::fdt::core:79] [32mVM[3] virtual GIC follows host firmware resources: GuestGicProfile { compatible: "arm,gic-v3", node_path: "/intc@8000000", node_phandle: Some(32773), distributor: GuestMmioRegion { base: 134217728, length: 65536 }, cpu_region: Redistributors(GuestGicRedistributorProfile { regions: [GuestMmioRegion { base: 134873088, length: 16121856 }], stride: 131072 }), its: [GuestItsProfile { id: ItsId(0), node_path: "/intc@8000000/its@8080000", node_phandle: Some(32774), registers: GuestMmioRegion { base: 134742016, length: 131072 } }] }[m
[m[37m[  0.805075 0:2 axvm::arch::aarch64::fdt::core:93] [32mVM[3] architectural timer follows host firmware PPIs[m
[m[37m[  0.810252 0:2 axvm::arch::aarch64::fdt::core::parser:442] [32mCPU node: /cpus/cpu@0, node_id: 0x0, hardware_cpu_id: 0x0[m
[m[37m[  0.810422 0:2 axvm::arch::aarch64::fdt::core::parser:442] [32mCPU node: /cpus/cpu@1, node_id: 0x1, hardware_cpu_id: 0x1[m
[m[37m[  0.810591 0:2 axvm::arch::aarch64::fdt::core::parser:442] [32mCPU node: /cpus/cpu@2, node_id: 0x2, hardware_cpu_id: 0x2[m
[m[37m[  0.810801 0:2 axvm::arch::aarch64::fdt::core::parser:442] [32mCPU node: /cpus/cpu@3, node_id: 0x3, hardware_cpu_id: 0x3[m
[m[37m[  0.811019 0:2 axvm::arch::aarch64::fdt::core::parser:449] [32mFound 4 host CPU nodes[m
[m[37m[  0.811160 0:2 axvm::arch::aarch64::fdt::core:144] [32mVM[3] DTB not found, generating from the VM configuration[m
[m[37m[  0.820501 0:2 axvm::arch::aarch64::fdt::core::device:96] [32mFound excluded devices: ["/virtio_mmio@a000000", "/virtio_mmio@a000200", "/virtio_mmio@a000400", "/virtio_mmio@a000600", "/virtio_mmio@a000800", "/virtio_mmio@a000a00", "/virtio_mmio@a000c00", "/virtio_mmio@a000e00", "/virtio_mmio@a001000", "/virtio_mmio@a001200", "/virtio_mmio@a001400", "/virtio_mmio@a001600", "/virtio_mmio@a001800", "/virtio_mmio@a001a00", "/virtio_mmio@a001c00", "/virtio_mmio@a001e00", "/virtio_mmio@a002000", "/virtio_mmio@a002200", "/virtio_mmio@a002400", "/virtio_mmio@a002600", "/virtio_mmio@a002800", "/virtio_mmio@a002a00", "/virtio_mmio@a002c00", "/virtio_mmio@a002e00", "/virtio_mmio@a003000", "/virtio_mmio@a003200", "/virtio_mmio@a003400", "/virtio_mmio@a003600", "/virtio_mmio@a003800", "/virtio_mmio@a003a00", "/virtio_mmio@a003c00", "/virtio_mmio@a003e00", "/pcie@10000000", "/pl061@9030000", "/pl031@9010000", "/gpio-key-poweroff", "/intc@8000000", "/pl011@9000000", "/timer", "/intc@8000000/its@8080000"][m
[m[37m[  0.827127 0:2 axvm::arch::aarch64::fdt::core::device:96] [32mFound excluded devices: ["/virtio_mmio@a000000", "/virtio_mmio@a000200", "/virtio_mmio@a000400", "/virtio_mmio@a000600", "/virtio_mmio@a000800", "/virtio_mmio@a000a00", "/virtio_mmio@a000c00", "/virtio_mmio@a000e00", "/virtio_mmio@a001000", "/virtio_mmio@a001200", "/virtio_mmio@a001400", "/virtio_mmio@a001600", "/virtio_mmio@a001800", "/virtio_mmio@a001a00", "/virtio_mmio@a001c00", "/virtio_mmio@a001e00", "/virtio_mmio@a002000", "/virtio_mmio@a002200", "/virtio_mmio@a002400", "/virtio_mmio@a002600", "/virtio_mmio@a002800", "/virtio_mmio@a002a00", "/virtio_mmio@a002c00", "/virtio_mmio@a002e00", "/virtio_mmio@a003000", "/virtio_mmio@a003200", "/virtio_mmio@a003400", "/virtio_mmio@a003600", "/virtio_mmio@a003800", "/virtio_mmio@a003a00", "/virtio_mmio@a003c00", "/virtio_mmio@a003e00", "/pcie@10000000", "/pl061@9030000", "/pl031@9010000", "/gpio-key-poweroff", "/intc@8000000", "/pl011@9000000", "/timer", "/intc@8000000/its@8080000"][m
[m[37m[  0.829263 0:2 axvisor::config:137] [32mCreating VM[3] "rtthread-net"[m
[m[37m[  0.829388 0:2 axvm::arch::aarch64::vgic::plan:214] [32massigned_spis: 0 passthrough interrupts configured[m
[m[37m[  0.831201 0:2 axvm::vm:809] [32mVM created: id=3[m
[m[37m[  0.831421 0:2 axvisor::config:149] [32mVM[3] created success, loading images...[m
[m[37m[  0.837377 0:2 axdevice::device:1232] [32mDeviceRuntime: registered device id=0[m
[m[37m[  0.837455 0:2 axdevice::device:1232] [32mDeviceRuntime: registered device id=1[m
[m[37m[  0.837520 0:2 axdevice::device:1232] [32mDeviceRuntime: registered device id=2[m
[m[37m[  0.837673 0:2 axdevice::device:1232] [32mDeviceRuntime: registered device id=3[m
[m[37m[  0.838214 0:2 axdevice::device:1232] [32mDeviceRuntime: registered device id=4[m
[m[37m[  0.838416 0:2 axvm::vm::prepare:82] [32mVM setup: id=3[m
[m[37m[  0.838591 0:2 axvm::runtime:42] [32mInitializing VMM...[m
[m[37m[  0.839110 0:2 axvm::runtime:53] [32mVMM starting, booting VMs...[m
[m[37m[  0.839262 0:2 axvm::vm:1044] [32mStarting VM[1][m
[m[37m[  0.839378 0:2 axvm::runtime::vcpus:397] [32mSpawning task for VM[1] VCpu[0][m
[m[37m[  0.839712 0:2 axvm::runtime::vcpus:414] [32mVCpu task Task(25, "VM[1]-VCpu[0]") created cpumask: [0, 1, 3, ][m
[m[37m[  0.841624 0:2 axvm::runtime:61] [32mVM[1] boot success[m
[m[37m[  0.841693 0:2 axvm::vm:1044] [32mStarting VM[3][m
[m[37m[  0.841747 0:2 axvm::runtime::vcpus:397] [32mSpawning task for VM[3] VCpu[0][m
[m[37m[  0.841836 0:2 axvm::runtime::vcpus:414] [32mVCpu task Task(27, "VM[3]-VCpu[0]") created cpumask: [2, ][m
[m[37m[  0.842026 0:2 axvm::runtime:61] [32mVM[3] boot success[m
[m[37m[  0.842228 2:27 axvm::runtime::vcpus:468] [32mVM[3] VCpu[0] waiting for running[m
[m[37m[  0.842540 2:27 axvm::runtime::vcpus:546] [32mVM[3] VCpu[0] running...[m
[m[37m[  0.843327 0:2 axvisor:89] [32m[OK] Default guest initialized[m
[m[37m[  0.843760 0:25 axvm::runtime::vcpus:468] [32mVM[1] VCpu[0] waiting for running[m
[m[37m[  0.843834 0:25 axvm::runtime::vcpus:546] [32mVM[1] VCpu[0] running...[m
[m[VM 3] [32m[I/rtdm.ofw] Booting RT-Thread on physical CPU 0x0[0m
[VM 3] [32m[I/rtdm.ofw] Machine model: linux,dummy-virt[0m
[VM 3] [32m[I/rtdm.ofw] Memory node(0) ranges: 0x00000000a0000000 - 0x00000000b0000000[0m
[VM 3] [32m[I/mm.memblock] System memory:[0m
[VM 3] [32m[I/mm.memblock]                    [0x00000000a0000000, 0x00000000b0000000][0m
[VM 3] [32m[I/mm.memblock] Reserved memory:[0m
[VM 3] [32m[I/mm.memblock]                    [0x00000000a0000000, 0x00000000a0135000][0m
[VM 3] [32m[I/mm.memblock]                    [0x00000000a0135000, 0x00000000a4135000][0m
[37m[  0.886218 0:25 axvm::runtime::hvc:258] [32mVM[1] PSCI_FEATURES function_id=0x80000000[m
[m[37m[  0.886943 0:25 axvm::runtime::hvc:258] [32mVM[1] PSCI_FEATURES function_id=0xc4000001[m
[m[37m[  0.887234 0:25 axvm::runtime::hvc:258] [32mVM[1] PSCI_FEATURES function_id=0xc400000e[m
[m[37m[  0.887485 0:25 axvm::runtime::hvc:258] [32mVM[1] PSCI_FEATURES function_id=0xc4000012[m
[m[VM 3] [32m[I/mm.memblock]                    [0x00000000a4135000, 0x00000000a4335000][0m
[VM 3] [32m[I/mm.memblock]                    [0x00000000a4335000, 0x00000000a4336000][0m
[VM 3] [32m[I/mm.memblock] physical memory region [0x00000000a4336000-0x00000000b0000000] installed to system page[0m
[VM 3] [32m[I/mm.memblock] 197 MB memory installed to system page[0m
[VM 3] [32m[I/osi.psci] Using PSCI v1.1 Function IDs[0m
[VM 3] [32m[I/rtdm.ofw] Console: uart0 (<no-node>)[0m
[VM 3] 
[VM 3]  \ | /
[VM 3] - RT -     Thread Operating System
[VM 3]  / | \     5.2.2 build Aug 20 2026 12:18:58
[VM 3]  2006 - 2024 Copyright by RT-Thread team
[VM 3] lwIP-2.1.2 initialized!
[37m[  0.972762 0:25 axvm::runtime::hvc:272] [32mVM[1] PSCI_CPU_ON target=0x1 entry=0x805bf3e0 context=0x0[m
[m[37m[  0.973234 0:25 axvm::runtime::vcpus:397] [32mSpawning task for VM[1] VCpu[1][m
[m[37m[  0.973427 0:25 axvm::runtime::vcpus:414] [32mVCpu task Task(30, "VM[1]-VCpu[1]") created cpumask: [0, 1, 3, ][m
[m[37m[  0.973827 0:30 axvm::runtime::vcpus:468] [32mVM[1] VCpu[1] waiting for running[m
[m[37m[  0.974508 0:30 axvm::runtime::vcpus:546] [32mVM[1] VCpu[1] running...[m
[m[37m[  0.980368 0:25 axvisor::virtio_net:491] [33mvirtio-net drops an ingress frame: NotReady[m
[m[VM 3] [32m[I/sal.skt] Socket Abstraction Layer initialize success.[0m
[VM 3] [32m[I/rtdm.mnt] File system initialization done[0m
[VM 3] Axvisor RT-Thread guest ready
[VM 3] TASK3_RTOS_READY ip=192.168.77.30 port=9877
[VM 1] Booting Linux on physical CPU 0x0000000000 [0x410fd083]
[VM 1] Linux version 6.12.21 (yfblock@9950x) (aarch64-linux-gnu-gcc (Ubuntu 13.3.0-6ubuntu2~24.04.1) 13.3.0, GNU ld (GNU Binutils for Ubuntu) 2.42) #1 SMP PREEMPT Wed Aug 19 16:45:40 CST 2026
[VM 1] Machine model: linux,dummy-virt
[VM 1] efi: UEFI not found.
[VM 1] OF: reserved mem: Reserved memory: No reserved-memory node in the DT
[VM 1] Zone ranges:
[VM 1]   DMA      [mem 0x0000000080000000-0x000000009fffffff]
[VM 1]   DMA32    empty
[VM 1]   Normal   empty
[VM 1] Movable zone start for each node
[VM 1] Early memory node ranges
[VM 1]   node   0: [mem 0x0000000080000000-0x000000009fffffff]
[VM 1] Initmem setup node 0 [mem 0x0000000080000000-0x000000009fffffff]
[VM 1] psci: probing for conduit method from DT.
[VM 1] psci: PSCIv1.1 detected in firmware.
[VM 1] psci: Using standard PSCI v0.2 function IDs
[VM 1] psci: Trusted OS migration not required
[VM 1] psci: SMC Calling Convention v65535.65535
[VM 1] percpu: Embedded 14 pages/cpu s28248 r0 d29096 u57344
[VM 1] Detected PIPT I-cache on CPU0
[VM 1] CPU features: detected: GIC system register CPU interface
[VM 1] CPU features: detected: Spectre-v2
[VM 1] CPU features: detected: Spectre-v4
[VM 1] CPU features: detected: Spectre-BHB
[VM 1] CPU features: detected: ARM errata 1165522, 1319367, or 1530923
[VM 1] alternatives: applying boot alternatives
[VM 1] Kernel command line: console=ttyAMA0 task2.count=30000 task2.fault=none task3.frames=3 task3.fault=normal
[VM 1] Dentry cache hash table entries: 65536 (order: 7, 524288 bytes, linear)
[VM 1] Inode-cache hash table entries: 32768 (order: 6, 262144 bytes, linear)
[VM 1] Built 1 zonelists, mobility grouping on.  Total pages: 131072
[VM 1] mem auto-init: stack:all(zero), heap alloc:off, heap free:off
[VM 1] software IO TLB: SWIOTLB bounce buffer size adjusted to 0MB
[VM 1] software IO TLB: area num 2.
[VM 1] software IO TLB: mapped [mem 0x000000009f580000-0x000000009f600000] (0MB)
[VM 1] SLUB: HWalign=64, Order=0-3, MinObjects=0, CPUs=2, Nodes=1
[VM 1] rcu: Preemptible hierarchical RCU implementation.
[VM 1] rcu: RCU calculated value of scheduler-enlistment delay is 10 jiffies.
[VM 1] NR_IRQS: 64, nr_irqs: 64, preallocated irqs: 0
[VM 1] GICv3: 256 SPIs implemented
[VM 1] GICv3: 0 Extended SPIs implemented
[VM 1] Root IRQ handler: gic_handle_irq
[VM 1] GICv3: GICv3 features: 16 PPIs, RSS
[VM 1] GICv3: GICD_CTRL.DS=0, SCR_EL3.FIQ=0
[VM 1] GICv3: CPU0: found redistributor 0 region 0:0x00000000080a0000
[VM 1] ITS [mem 0x08080000-0x0809ffff]
[VM 1] ITS@0x0000000008080000: allocated 8192 Devices @80c40000 (indirect, esz 8, psz 64K, shr 1)
[VM 1] ITS@0x0000000008080000: allocated 8192 Interrupt Collections @80c50000 (flat, esz 8, psz 64K, shr 1)
[VM 1] GICv3: using LPI property table @0x0000000080c60000
[VM 1] GICv3: CPU0: using allocated LPI pending table @0x0000000080c70000
[VM 1] rcu: srcu_init: Setting srcu_struct sizes based on contention.
[VM 1] arch_timer: cp15 timer(s) running at 62.50MHz (virt).
[VM 1] clocksource: arch_sys_counter: mask: 0x1ffffffffffffff max_cycles: 0x1cd42e208c, max_idle_ns: 881590405314 ns
[VM 1] sched_clock: 57 bits at 63MHz, resolution 16ns, wraps every 4398046511096ns
[VM 1] Console: colour dummy device 80x25
[VM 1] Calibrating delay loop (skipped), value calculated using timer frequency.. 125.00 BogoMIPS (lpj=625000)
[VM 1] pid_max: default: 32768 minimum: 301
[VM 1] Mount-cache hash table entries: 1024 (order: 1, 8192 bytes, linear)
[VM 1] Mountpoint-cache hash table entries: 1024 (order: 1, 8192 bytes, linear)
[VM 1] /cpus/cpu-map/socket0/cluster0/core2: Can't get CPU for leaf core
[VM 1] cacheinfo: Unable to detect cache hierarchy for CPU 0
[VM 1] rcu: Hierarchical SRCU implementation.
[VM 1] rcu: 	Max phase no-delay instances is 1000.
[VM 1] EFI services will not be available.
[VM 1] smp: Bringing up secondary CPUs ...
[VM 1] Detected PIPT I-cache on CPU1
[VM 1] GICv3: CPU1: found redistributor 1 region 0:0x00000000080c0000
[VM 1] GICv3: CPU1: using allocated LPI pending table @0x0000000080c80000
[VM 1] CPU1: Booted secondary processor 0x0000000001 [0x410fd083]
[VM 1] smp: Brought up 1 node, 2 CPUs
[VM 1] SMP: Total of 2 processors activated.
[VM 1] CPU: All CPU(s) started at EL1
[VM 1] CPU features: detected: 32-bit EL0 Support
[VM 1] CPU features: detected: CRC32 instructions
[VM 1] alternatives: applying system-wide alternatives
[VM 1] Memory: 497784K/524288K available (4864K kernel code, 700K rwdata, 936K rodata, 1152K init, 345K bss, 24296K reserved, 0K cma-reserved)
[VM 1] devtmpfs: initialized
[VM 1] clocksource: jiffies: mask: 0xffffffff max_cycles: 0xffffffff, max_idle_ns: 19112604462750000 ns
[VM 1] futex hash table entries: 512 (order: 3, 32768 bytes, linear)
[VM 1] DMI not present or invalid.
[VM 1] NET: Registered PF_NETLINK/PF_ROUTE protocol family
[VM 1] DMA: preallocated 128 KiB GFP_KERNEL pool for atomic allocations
[VM 1] DMA: preallocated 128 KiB GFP_KERNEL|GFP_DMA pool for atomic allocations
[VM 1] DMA: preallocated 128 KiB GFP_KERNEL|GFP_DMA32 pool for atomic allocations
[VM 1] ASID allocator initialised with 65536 entries
[VM 1] Serial: AMBA PL011 UART driver
[VM 1] 9000000.pl011: ttyAMA0 at MMIO 0x9000000 (irq = 13, base_baud = 0) is a PL011 rev1
[VM 1] printk: legacy console [ttyAMA0] enabled
[VM 1] iommu: Default domain type: Translated
[VM 1] iommu: DMA domain TLB invalidation policy: strict mode
[VM 1] pps_core: LinuxPPS API ver. 1 registered
[VM 1] pps_core: Software ver. 5.3.6 - Copyright 2005-2007 Rodolfo Giometti <giometti@linux.it>
[VM 1] PTP clock support registered
[VM 1] clocksource: Switched to clocksource arch_sys_counter
[VM 1] NET: Registered PF_INET protocol family
[VM 1] IP idents hash table entries: 8192 (order: 4, 65536 bytes, linear)
[VM 1] tcp_listen_portaddr_hash hash table entries: 256 (order: 0, 4096 bytes, linear)
[VM 1] Table-perturb hash table entries: 65536 (order: 6, 262144 bytes, linear)
[VM 1] TCP established hash table entries: 4096 (order: 3, 32768 bytes, linear)
[VM 1] TCP bind hash table entries: 4096 (order: 5, 131072 bytes, linear)
[VM 1] TCP: Hash tables configured (established 4096 bind 4096)
[VM 1] UDP hash table entries: 256 (order: 1, 8192 bytes, linear)
[VM 1] UDP-Lite hash table entries: 256 (order: 1, 8192 bytes, linear)
[VM 1] NET: Registered PF_UNIX/PF_LOCAL protocol family
[VM 1] Unpacking initramfs...
[VM 1] workingset: timestamp_bits=62 max_order=17 bucket_order=0
[VM 1] io scheduler mq-deadline registered
[VM 1] io scheduler kyber registered
[VM 1] SMCCC: SOC_ID: ARCH_SOC_ID not implemented, skipping ....
[VM 1] Freeing initrd memory: 5380K
[VM 1] NET: Registered PF_INET6 protocol family
[VM 1] Segment Routing with IPv6
[VM 1] In-situ OAM (IOAM) with IPv6
[VM 1] sit: IPv6, IPv4 and MPLS over IPv4 tunneling driver
[VM 1] NET: Registered PF_PACKET protocol family
[VM 1] clk: Disabling unused clocks
[VM 1] Freeing unused kernel memory: 1152K
[VM 1] Run /init as init process
[VM 1] LINUX_SMP_READY configured=2 online=0-1 nproc=2
[VM 3] msh />[32m[I/rtipic.srv] server starting on 192.168.77.30:9876[0m
[VM 3] RTIPC_SERVER_READY ip=192.168.77.30 port=9876
[VM 1] TASK123_LINUX_NET_READY ip=192.168.77.11 peer=192.168.77.30
[VM 3] [32m[I/rtipic.srv] listening...[0m
[VM 1] TASK2_LINUX_BEGIN port=9876

[Axvisor] attached VM[3] console; use Ctrl+X, then h to return to the shell

[Axvisor] attached VM[1] console; use Ctrl+X, then h to return to the shell
=== RT-IPC Benchmark Client ===
Target: 192.168.77.30:9876, count=30000 per size

[client] fault profile: none
random: crng init done
[client] connecting...
[client] connected!

--- Payload 64B ---
[progress] size=64 idx=1806 sent=1807 recv=1806 state=3 tx=1807 rx=1806 retrans=0 timeouts=0 dup=0 reorder=0 errors=0 acks=1807 stall=1ms
[progress] size=64 idx=3833 sent=3834 recv=3834 state=3 tx=3834 rx=3834 retrans=0 timeouts=0 dup=0 reorder=0 errors=0 acks=3834 stall=0ms
[progress] size=64 idx=5888 sent=5889 recv=5888 state=3 tx=5889 rx=5888 retrans=0 timeouts=0 dup=0 reorder=0 errors=0 acks=5889 stall=2ms
[progress] size=64 idx=7950 sent=7951 recv=7950 state=3 tx=7951 rx=7950 retrans=0 timeouts=0 dup=0 reorder=0 errors=0 acks=7950 stall=3ms
[progress] size=64 idx=9991 sent=9992 recv=9991 state=3 tx=9992 rx=9991 retrans=0 timeouts=0 dup=0 reorder=0 errors=0 acks=9991 stall=3ms
[progress] size=64 idx=12039 sent=12040 recv=12039 state=3 tx=12040 rx=12039 retrans=0 timeouts=0 dup=0 reorder=0 errors=0 acks=12039 stall=2ms
[progress] size=64 idx=14069 sent=14070 recv=14069 state=3 tx=14070 rx=14069 retrans=0 timeouts=0 dup=0 reorder=0 errors=0 acks=14069 stall=2ms
[client] fault injection: force disconnect at request=15000
[client] reconnect complete recovery_ms=221 attempts=1
[progress] size=64 idx=15999 sent=16000 recv=15999 state=3 tx=16000 rx=15999 retrans=0 timeouts=0 dup=0 reorder=0 errors=0 acks=16000 stall=2ms
[progress] size=64 idx=18027 sent=18028 recv=18028 state=3 tx=18028 rx=18028 retrans=0 timeouts=0 dup=0 reorder=0 errors=0 acks=18028 stall=0ms
[progress] size=64 idx=20023 sent=20024 recv=20023 state=3 tx=20024 rx=20023 retrans=0 timeouts=0 dup=0 reorder=0 errors=0 acks=20024 stall=3ms
[progress] size=64 idx=22043 sent=22044 recv=22043 state=3 tx=22044 rx=22043 retrans=0 timeouts=0 dup=0 reorder=0 errors=0 acks=22044 stall=3ms
[progress] size=64 idx=24061 sent=24062 recv=24062 state=3 tx=24062 rx=24062 retrans=0 timeouts=0 dup=0 reorder=0 errors=0 acks=24062 stall=0ms
[progress] size=64 idx=25979 sent=25980 recv=25979 state=3 tx=25980 rx=25979 retrans=0 timeouts=0 dup=0 reorder=0 errors=0 acks=25980 stall=3ms
[progress] size=64 idx=28017 sent=28018 recv=28018 state=3 tx=28018 rx=28018 retrans=0 timeouts=0 dup=0 reorder=0 errors=0 acks=28018 stall=0ms
  sent=30000  recv=30000  loss=0%
  RTT: min=0ms avg=2ms max=43ms P50=2ms P95=3ms P99=3ms P99.9=12ms
  throughput=25.06KiB/s
  request_timeouts=0 protocol_errors=0 reconnects=1
  transport: retrans=0 timeouts=0 dup=0 reorder=0 errors=0

--- Payload 256B ---
[progress] size=256 idx=1943 sent=1944 recv=1943 state=3 tx=31944 rx=31943 retrans=0 timeouts=0 dup=0 reorder=0 errors=0 acks=31944 stall=1ms
[progress] size=256 idx=3999 sent=4000 recv=3999 state=3 tx=34000 rx=33999 retrans=0 timeouts=0 dup=0 reorder=0 errors=0 acks=34000 stall=2ms
[progress] size=256 idx=6048 sent=6049 recv=6048 state=3 tx=36049 rx=36048 retrans=0 timeouts=0 dup=0 reorder=0 errors=0 acks=36049 stall=1ms
[progress] size=256 idx=8095 sent=8096 recv=8095 state=3 tx=38096 rx=38095 retrans=0 timeouts=0 dup=0 reorder=0 errors=0 acks=38096 stall=3ms
[progress] size=256 idx=10127 sent=10128 recv=10128 state=3 tx=40128 rx=40128 retrans=0 timeouts=0 dup=0 reorder=0 errors=0 acks=40128 stall=0ms
[progress] size=256 idx=12176 sent=12177 recv=12176 state=3 tx=42177 rx=42176 retrans=0 timeouts=0 dup=0 reorder=0 errors=0 acks=42177 stall=2ms
[progress] size=256 idx=14211 sent=14212 recv=14211 state=3 tx=44212 rx=44211 retrans=0 timeouts=0 dup=0 reorder=0 errors=0 acks=44212 stall=1ms
[progress] size=256 idx=16235 sent=16236 recv=16235 state=3 tx=46236 rx=46235 retrans=0 timeouts=0 dup=0 reorder=0 errors=0 acks=46236 stall=1ms
[progress] size=256 idx=18255 sent=18256 recv=18255 state=3 tx=48256 rx=48255 retrans=0 timeouts=0 dup=0 reorder=0 errors=0 acks=48256 stall=2ms
[progress] size=256 idx=20296 sent=20297 recv=20297 state=3 tx=50297 rx=50297 retrans=0 timeouts=0 dup=0 reorder=0 errors=0 acks=50297 stall=0ms
[progress] size=256 idx=22343 sent=22344 recv=22343 state=3 tx=52344 rx=52343 retrans=0 timeouts=0 dup=0 reorder=0 errors=0 acks=52344 stall=2ms
[progress] size=256 idx=24390 sent=24391 recv=24390 state=3 tx=54391 rx=54390 retrans=0 timeouts=0 dup=0 reorder=0 errors=0 acks=54391 stall=2ms
[progress] size=256 idx=26419 sent=26420 recv=26419 state=3 tx=56420 rx=56419 retrans=0 timeouts=0 dup=0 reorder=0 errors=0 acks=56420 stall=2ms
[progress] size=256 idx=28436 sent=28437 recv=28436 state=3 tx=58437 rx=58436 retrans=0 timeouts=0 dup=0 reorder=0 errors=0 acks=58437 stall=1ms
  sent=30000  recv=30000  loss=0%
  RTT: min=0ms avg=2ms max=59ms P50=2ms P95=3ms P99=3ms P99.9=10ms
  throughput=101.59KiB/s
  request_timeouts=0 protocol_errors=0 reconnects=0
  transport: retrans=0 timeouts=0 dup=0 reorder=0 errors=0

--- Payload 1024B ---
[progress] size=1024 idx=1663 sent=1664 recv=1664 state=3 tx=61664 rx=61664 retrans=0 timeouts=0 dup=0 reorder=0 errors=0 acks=61664 stall=0ms
[progress] size=1024 idx=3698 sent=3699 recv=3698 state=3 tx=63699 rx=63698 retrans=0 timeouts=0 dup=0 reorder=0 errors=0 acks=63699 stall=2ms
[progress] size=1024 idx=5721 sent=5722 recv=5721 state=3 tx=65722 rx=65721 retrans=0 timeouts=0 dup=0 reorder=0 errors=0 acks=65722 stall=2ms
[progress] size=1024 idx=7750 sent=7751 recv=7750 state=3 tx=67751 rx=67750 retrans=0 timeouts=0 dup=0 reorder=0 errors=0 acks=67751 stall=2ms
[progress] size=1024 idx=9753 sent=9754 recv=9754 state=3 tx=69754 rx=69754 retrans=0 timeouts=0 dup=0 reorder=0 errors=0 acks=69754 stall=0ms
[progress] size=1024 idx=11763 sent=11764 recv=11764 state=3 tx=71764 rx=71764 retrans=0 timeouts=0 dup=0 reorder=0 errors=0 acks=71764 stall=0ms
[progress] size=1024 idx=13769 sent=13770 recv=13770 state=3 tx=73770 rx=73770 retrans=0 timeouts=0 dup=0 reorder=0 errors=0 acks=73770 stall=0ms
[progress] size=1024 idx=15747 sent=15748 recv=15747 state=3 tx=75748 rx=75747 retrans=0 timeouts=0 dup=0 reorder=0 errors=0 acks=75748 stall=3ms
[progress] size=1024 idx=17761 sent=17762 recv=17761 state=3 tx=77762 rx=77761 retrans=0 timeouts=0 dup=0 reorder=0 errors=0 acks=77762 stall=3ms
[progress] size=1024 idx=19759 sent=19760 recv=19759 state=3 tx=79760 rx=79759 retrans=0 timeouts=0 dup=0 reorder=0 errors=0 acks=79760 stall=2ms
[progress] size=1024 idx=21786 sent=21787 recv=21786 state=3 tx=81787 rx=81786 retrans=0 timeouts=0 dup=0 reorder=0 errors=0 acks=81787 stall=2ms
[progress] size=1024 idx=23800 sent=23801 recv=23801 state=3 tx=83801 rx=83801 retrans=0 timeouts=0 dup=0 reorder=0 errors=0 acks=83801 stall=0ms
[progress] size=1024 idx=25829 sent=25830 recv=25829 state=3 tx=85830 rx=85829 retrans=0 timeouts=0 dup=0 reorder=0 errors=0 acks=85830 stall=3ms
[progress] size=1024 idx=27822 sent=27823 recv=27822 state=3 tx=87823 rx=87822 retrans=0 timeouts=0 dup=0 reorder=0 errors=0 acks=87823 stall=2ms
[progress] size=1024 idx=29733 sent=29734 recv=29733 state=3 tx=89734 rx=89733 retrans=0 timeouts=0 dup=0 reorder=0 errors=0 acks=89734 stall=2ms
  sent=30000  recv=30000  loss=0%
  RTT: min=0ms avg=2ms max=62ms P50=2ms P95=3ms P99=3ms P99.9=34ms
  throughput=395.43KiB/s
  request_timeouts=0 protocol_errors=0 reconnects=0
  transport: retrans=0 timeouts=0 dup=0 reorder=0 errors=0

========================================
ALL TESTS COMPLETE
========================================
RT-IPC client exited with rc=0
TASK2_LINUX_END status=PASS
TASK3_LINUX_READY ip=192.168.77.11 peer=192.168.77.30:9877
TASK3_FRAME_CSV=FIXED,0,0,2,2,21649,895,0,0,0,0,138,3438,0,0,0
TASK3_FRAME_CSV=FIXED,1,1461,2,2,16624,410,0,0,0,0,93,3480,0,0,0
TASK3_FRAME_CSV=FIXED,2,2900,2,2,32767,412,0,0,0,0,75,13088,0,0,0
TASK3_FRAME_CSV=AI,0,0,2,2,21649,404,0,0,0,0,99,2462,0,0,0
TASK3_FRAME_CSV=AI,1,1461,2,2,16624,406,0,0,0,0,76,2541,0,0,0
TASK3_FRAME_CSV=AI,2,2900,2,2,32767,406,0,0,0,0,77,5631,0,0,0
TASK3_SUMMARY_JSON={"schema":1,"frames_per_mode":3,"records":6,"elapsed_us":453172,"requests":6,"successes":6,"success_rate":1.000000,"application_errors":0,"application_timeouts":0,"transport_retries":0,"duplicates":0,"recovered":0,"reconnects":0,"injected_drops":0,"classification":{"correct":3,"total":3,"accuracy":1.000000,"confusion_matrix":[[0,0,0],[0,3,0],[0,0,0]]},"inference_us":{"min":404,"mean":488,"p50":406,"p95":895,"p99":895,"max":895},"round_trip_us":{"min":2462,"mean":5106,"p50":3438,"p95":13088,"p99":13088,"max":13088},"tracking_error_q15":{"fixed":{"min":0,"mean":1453,"p50":1461,"p95":2900,"p99":2900,"max":2900},"ai":{"min":0,"mean":1453,"p50":1461,"p95":2900,"p99":2900,"max":2900}},"settling":{"fixed":{"direction_changes":0,"successes":0,"mean_frames":0,"max_frames":0},"ai":{"direction_changes":0,"successes":0,"mean_frames":0,"max_frames":0}},"effective_payload_bytes_per_second":317}
TASK3_LINUX_END status=PASS
TASK123_LINUX_END status=PASS

[Axvisor] attached VM[3] console; use Ctrl+X, then h to return to the shell
rtbench_stability 300
RTBENCH_STABILITY_BEGIN seconds=300 expected=299999
msh />[32m[I/rtipic.srv] client connected[0m
[32m[I/rtipic.srv] client connected[0m
[33m[W/rtipic.srv] client disconnected[0m
[33m[W/rtipic.srv] client disconnected[0m
TASK3_RTOS_FINAL requests=9 errors=0 duplicates=0 applied_steps=3 retries=0
[37m[232.071017 0:25 axvm::runtime::hvc:352] [33mVM[1] PSCI_SYSTEM_OFF[m
[m[37m[232.071201 0:25 axvm::vm:1133] [32mStopping VM[1]: SystemDown[m
[m[37m[232.071571 0:25 axvm::runtime::vcpus:624] [33mVM[1] VCpu[0] stopping because of VM stopping[m
[m[37m[232.071787 0:25 axvm::runtime::vcpus:662] [32mVM[1] VCpu[0] exiting...[m
[m[37m[232.072265 0:30 axvm::runtime::vcpus:624] [33mVM[1] VCpu[1] stopping because of VM stopping[m
[m[37m[232.072487 0:30 axvm::runtime::vcpus:631] [32mVM[1] VCpu[1] last VCpu exiting, decreasing running VM count[m
[m[37m[232.073300 0:30 axvm::runtime::vcpus:641] [32mVM[1] state changed to Stopped[m
[m[37m[232.073504 0:30 axvm::runtime::vcpus:662] [32mVM[1] VCpu[1] exiting...[m
[mRTBENCH metric=stability_jitter run=1 expected=299999 collected=299999 missing=0 p50_ns=44912 p95_ns=319936 p99_ns=417744 p99_9_ns=451040 max_ns=2569920 miss_100us=92534 miss_500us=44 miss_1ms=3 mean_ns=87744
RTBENCH metric=callback_exec run=1 expected=299999 collected=299999 missing=0 p50_ns=512 p95_ns=624 p99_ns=832 p99_9_ns=4080 max_ns=154912 miss_100us=108 miss_500us=0 miss_1ms=0 mean_ns=582
RTBENCH_STABILITY_END status=PASS expected=299999 collected=299999 missing=0
RTBENCH_STABILITY_DONE
qemu-system-aarch64: terminating on signal 15 from pid 2179172 (bash)
PHASE scoped-cleanup
PHASE result-gate
STEP result-gate timeout_s=600
PASS: all RT-IPC payload tests completed (30000 requests each)
