[32m[I/rtdm.ofw] Booting RT-Thread on physical CPU 0x0[0m
[32m[I/rtdm.ofw] Machine model: linux,dummy-virt[0m
[32m[I/rtdm.ofw] Memory node(0) ranges: 0x0000000040000000 - 0x0000000080000000[0m
[32m[I/mm.memblock] System memory:[0m
[32m[I/mm.memblock]                    [0x0000000040000000, 0x0000000080000000][0m
[32m[I/mm.memblock] Reserved memory:[0m
[32m[I/mm.memblock]                    [0x0000000040200000, 0x0000000040335000][0m
[32m[I/mm.memblock]                    [0x0000000040335000, 0x0000000044335000][0m
[32m[I/mm.memblock]                    [0x0000000044335000, 0x0000000044535000][0m
[32m[I/mm.memblock]                    [0x0000000044535000, 0x0000000044635000][0m
[32m[I/mm.memblock] physical memory region [0x0000000040000000-0x0000000040200000] installed to system page[0m
[32m[I/mm.memblock] physical memory region [0x0000000044635000-0x0000000080000000] installed to system page[0m
[32m[I/mm.memblock] 1002 MB memory installed to system page[0m
[32m[I/osi.psci] Using PSCI v1.1 Function IDs[0m
[32m[I/rtdm.ofw] Console: uart0 (<no-node>)[0m

 \ | /
- RT -     Thread Operating System
 / | \     5.2.2 build Aug 20 2026 12:28:57
 2006 - 2024 Copyright by RT-Thread team
lwIP-2.1.2 initialized!
[32m[I/sal.skt] Socket Abstraction Layer initialize success.[0m
[32m[I/rtdm.mnt] File system initialization done[0m
Axvisor RT-Thread guest ready
msh />rtbench_stability 300
msh />RTBENCH_STABILITY_BEGIN seconds=300 expected=299999
RTIPC_FAILURE reason=no_network_device
[31m[E/rtipic.srv] RTIPC_SERVER_ERROR stage=netdev code=-255[0m
TASK3_RTOS_ERROR network-timeout
RTBENCH metric=stability_jitter run=1 expected=299999 collected=299999 missing=0 p50_ns=432 p95_ns=2800 p99_ns=10640 p99_9_ns=36560 max_ns=189200 miss_100us=4 miss_500us=0 miss_1ms=0 mean_ns=987
RTBENCH metric=callback_exec run=1 expected=299999 collected=299999 missing=0 p50_ns=112 p95_ns=176 p99_ns=416 p99_9_ns=9472 max_ns=35952 miss_100us=0 miss_500us=0 miss_1ms=0 mean_ns=153
RTBENCH_STABILITY_END status=PASS expected=299999 collected=299999 missing=0
RTBENCH_STABILITY_DONE
