qemu-system-aarch64: warning: hub 77 is not connected to host network
root=/dev/nvme0n1 rw init=/bin/sh
VM Load @PA:0x40200000
VM Load Offset: 0xffff0000c0200000
Memory Map:
  Free   0x00000040000000 - 0x00000040200000 (2 MiB)
  KImg   0x00000040200000 - 0x00000042c00000 (42 MiB)
  Free   0x00000042c00000 - 0x00000240000000 (7.96 GiB)
Initialize RAM allocator: 0x42c00000..0x240000000
Reserving CPU-local areas
CPU-local area stride: 0x44000 bytes
Total CPU-local allocation: 0x110000 bytes (4 CPUs)
Flushed RAM used range to memory map: 0x42c00000..0x42d00000, current: 0x42d00000
Flushed RAM used range to memory map: 0x42d00000..0x42e10000, current: 0x42e10000
CPU-local areas allocated at 0x42d00000 - 0x42e10000
EL: 2
Mapping early memory regions...
Ram                 : [0x0000000040000000, 0x0000000240000000) -> [0x0000000040000000, 0x0000000240000000) (8 GiB)
KImage              : [0x0000ffff80000000, 0x0000ffff82a00000) -> [0x0000000040200000, 0x0000000042c00000) (42 MiB)
PerCpu              : [0x0000ff0042d00000, 0x0000ff0042e10000) -> [0x0000000042d00000, 0x0000000042e10000) (1.06 MiB)
Debug serial        : [0x0000000009000000, 0x0000000009001000) -> [0x0000000009000000, 0x0000000009001000) (4 KiB)
Boot page table at physical address: PA:0x42e10000
Setting up table registers...
MMU Entry point at physical address: 0x40460ea0
Trap vector at 0xffff80264800
Memory Map:
  MMIO   0x00000009000000 - 0x00000009001000 (4 KiB)
  Free   0x00000040000000 - 0x00000040200000 (2 MiB)
  KImg   0x00000040200000 - 0x00000042c00000 (42 MiB)
  Rsv    0x00000042c00000 - 0x00000042d00000 (1 MiB)
  PerCPU 0x00000042d00000 - 0x00000042e10000 (1.06 MiB)
  Rsv    0x00000042e10000 - 0x00000042e1a000 (40 KiB)
  Free   0x00000042e1a000 - 0x00000240000000 (7.95 GiB)
Jumping to main entry point at 0xffff80248ccc with SP 0x0000ff0042d44000

       d8888                            .d88888b.   .d8888b.
      d88888                           d88P" "Y88b d88P  Y88b
     d88P888                           888     888 Y88b.
    d88P 888 888d888  .d8888b  .d88b.  888     888  "Y888b.
   d88P  888 888P"   d88P"    d8P  Y8b 888     888     "Y88b.
  d88P   888 888     888      88888888 888     888       "888
 d8888888888 888     Y88b.    Y8b.     Y88b. .d88P Y88b  d88P
d88P     888 888      "Y8888P  "Y8888   "Y88888P"   "Y8888P"

arch = aarch64
platform = linux,dummy-virt
target = aarch64-unknown-none-softfloat
build_mode = 
log_level = info
backtrace = false
smp = 4

[37m[  0.016689 ax_runtime:223] [32mLogging is enabled.[m
[m[37m[  0.016699 ax_runtime:224] [32mPrimary CPU 0 started, arg = 0x42c00000.[m
[m[37m[  0.016711 ax_runtime:226] [32mFound physcial memory regions:[m
[m[37m[  0.016783 ax_runtime:228] [32m  [PA:0x9000000, PA:0x9001000) mmio (READ | WRITE | DEVICE | RESERVED)[m
[m[37m[  0.016797 ax_runtime:228] [32m  [PA:0x40000000, PA:0x40200000) free memory (READ | WRITE | FREE)[m
[m[37m[  0.016810 ax_runtime:228] [32m  [PA:0x40200000, PA:0x42c00000) reserved (READ | WRITE | EXECUTE | RESERVED)[m
[m[37m[  0.016825 ax_runtime:228] [32m  [PA:0x42c00000, PA:0x42d00000) reserved (READ | WRITE | EXECUTE | RESERVED)[m
[m[37m[  0.016839 ax_runtime:228] [32m  [PA:0x42d00000, PA:0x42e10000) reserved (READ | WRITE | EXECUTE | RESERVED)[m
[m[37m[  0.016853 ax_runtime:228] [32m  [PA:0x42e10000, PA:0x42e1a000) reserved (READ | WRITE | EXECUTE | RESERVED)[m
[m[37m[  0.016867 ax_runtime:228] [32m  [PA:0x42e1a000, PA:0x240000000) free memory (READ | WRITE | FREE)[m
[m[37m[  0.016881 ax_runtime:376] [32mInitialize global memory allocator...[m
[m[37m[  0.016892 ax_runtime:377] [32m  use buddy-slab-allocator allocator.[m
[m[37m[  0.016903 ax_alloc::buddy_slab:158] [32mInitialize global memory allocator, start_vaddr: 0x42e1a000, size: 0x1fd1e6000[m
[m[37m[  0.027315 ax_alloc::buddy_slab:424] [32mglobal allocator initialized[m
[m[37m[  0.027326 ax_alloc::buddy_slab:168] [32mAdd memory region, start_vaddr: 0x40000000, size: 0x200000[m
[m[37m[  0.027339 buddy_slab_allocator::global:151] [32mGlobalAllocator: skip region 0x40000000+0x200000, no allocator-visible memory after 2097152 alignment[m
[m[37m[  0.027355 ax_runtime:263] [32mkernel aspace: [VA:0x0, VA:0xffffffffffffffff)[m
[m[37m[  0.027367 ax_mm:103] [32mInitialize virtual memory management...[m
[m[37m[  1.212507 ax_runtime:275] [32mInitialize platform devices...[m
[m[37m[  1.214500 someboot::arch::power:23] [32mPower management method : SMC[m
[m[37m[  1.214512 somehal::driver:5] [32mInitializing rdrive with FDT at 0x42c00000[m
[m[37m[  1.221805 somehal::arch::gic::v3:284] [32mGICv3 CPU 0 EOI mode: two_step=true[m
[m[37m[  1.224533 ax_task::api:137] [32mInitialize scheduling...[m
[m[37m[  1.224584 ax_task::api:145] [32m  use Round-robin scheduler.[m
[m[37m[  1.224596 ax_runtime:301] [32mInitialize interrupt handlers...[m
[m[37m[  1.224623 ax_runtime::devices:2] [32mProbe platform devices...[m
[m[37m[  1.262938 ax_driver::block::nvme:42] [32mNVMe PCI endpoint 0000:00:01.0: BAR0=0x8000000000..0x8000004000, int_pin=1, int_line=0[m
[m[37m[  1.263349 nvme_driver::nvme:161] [32mNVME @0x8000000000 deferred init, version: 1.4.0[m
[m[37m[  1.263376 ax_driver::block::nvme:74] [32mNVMe block device registered at 0000:00:01.0 with 65 MSI-X vectors[m
[m[37m[  1.263470 ax_fs_ng::block::runtime::lifecycle::device:300] [32mblock device nvme IRQ source 0 (IrqId { domain: IrqDomainId(9), hwirq: HwIrq(0) }) fixed to CPU 0 for queue mask 0x0[m
[m[37m[  1.267720 ax_fs_ng::block::runtime::hctx:177] [32mblock hctx 0 bound to CPU 0 with hardware depth 63[m
[m[37m[  1.267752 ax_fs_ng::block::runtime::lifecycle::device:300] [32mblock device nvme IRQ source 1 (IrqId { domain: IrqDomainId(9), hwirq: HwIrq(1) }) fixed to CPU 0 for queue mask 0x1[m
[m[37m[  1.268015 ax_fs_ng::root:341] [32m    raw device fs=Some(Ext4)[m
[m[37m[  1.268026 ax_fs_ng::root:372] [32m  block device 0 (nvme) has no usable partition table; treating the whole disk as a candidate[m
[m[37m[  1.268045 ax_fs_ng::root:481] [32m  matched root by raw device path on disk0 raw device[m
[m[37m[  1.268063 ax_fs_ng:87] [32mInitialize filesystem subsystem...[m
[m[37m[  1.268074 ax_fs_ng:88] [32m  selected root device: disk0 raw device[m
[m[37m[  1.288662 rsext4::ext4::mount:344] [32m/lost+found exists (path resolution, repaired hint inode=11)[m
[m[37m[  1.289044 rsext4::ext4::mount:466] [32mExt4 filesystem mounted[m
[m[37m[  1.289054 rsext4::ext4::mount:467] [32m  - block size: 4096 bytes[m
[m[37m[  1.289065 rsext4::ext4::mount:468] [32m  - total blocks: 524288[m
[m[37m[  1.289076 rsext4::ext4::mount:469] [32m  - free blocks: 102857[m
[m[37m[  1.289087 rsext4::ext4::mount:470] [32m  - total inodes: 131072[m
[m[37m[  1.289097 rsext4::ext4::mount:471] [32m  - free inodes: 125237[m
[m[37m[  1.289108 rsext4::ext4::sync:13] [32mSyncing filesystem...[m
[m[37m[  1.291561 rsext4::ext4::mount:550] [32mExt4 filesystem mounted[m
[m[37m[  1.291598 ax_fs_ng:101] [32m  filesystem type: "ext4"[m
[m[37m[  1.294431 somehal::arch::gic::v3:284] [32mGICv3 CPU 1 EOI mode: two_step=true[m
[m[37m[  1.294444 ax_runtime::mp:79] [32mSecondary CPU 1 started.[m
[m[37m[  1.294527 ax_runtime::mp:110] [32mSecondary CPU 1 init OK.[m
[m[37m[  1.302264 somehal::arch::gic::v3:284] [32mGICv3 CPU 2 EOI mode: two_step=true[m
[m[37m[  1.302277 ax_runtime::mp:79] [32mSecondary CPU 2 started.[m
[m[37m[  1.302325 ax_runtime::mp:110] [32mSecondary CPU 2 init OK.[m
[m[37m[  1.312323 somehal::arch::gic::v3:284] [32mGICv3 CPU 3 EOI mode: two_step=true[m
[m[37m[  1.313609 ax_runtime::mp:79] [32mSecondary CPU 3 started.[m
[m[37m[  1.313657 ax_runtime::mp:110] [32mSecondary CPU 3 init OK.[m
[m[37m[  1.313829 ax_runtime:349] [32mPrimary CPU 0 init OK.[m
[m[37m[  1.513583 0:4 ax_fs_ng::block::runtime::hctx:177] [32mblock hctx 1 bound to CPU 1 with hardware depth 63[m
[m[37m[  1.513617 0:4 ax_fs_ng::block::runtime::hctx:177] [32mblock hctx 2 bound to CPU 2 with hardware depth 63[m
[m[37m[  1.513653 0:4 ax_fs_ng::block::runtime::hctx:177] [32mblock hctx 3 bound to CPU 3 with hardware depth 63[m
[m[37m[  1.513693 0:4 ax_fs_ng::block::runtime::lifecycle::device:300] [32mblock device nvme IRQ source 2 (IrqId { domain: IrqDomainId(9), hwirq: HwIrq(2) }) fixed to CPU 1 for queue mask 0x2[m
[m[37m[  1.513729 0:4 ax_fs_ng::block::runtime::lifecycle::device:300] [32mblock device nvme IRQ source 3 (IrqId { domain: IrqDomainId(9), hwirq: HwIrq(3) }) fixed to CPU 2 for queue mask 0x4[m
[m[37m[  1.513766 0:4 ax_fs_ng::block::runtime::lifecycle::device:300] [32mblock device nvme IRQ source 4 (IrqId { domain: IrqDomainId(9), hwirq: HwIrq(4) }) fixed to CPU 3 for queue mask 0x8[m
[m[37m[  1.513997 0:2 ax_fs_ng::block::runtime::lifecycle::device:385] [32mblock device nvme online with 4 hctxs across 4 CPUs[m
[m

       d8888            888     888  d8b
      d88888            888     888  Y8P
     d88P888            888     888
    d88P 888  888  888  Y88b   d88P  888  .d8888b    .d88b.   888d888
   d88P  888  `Y8bd8P'   Y88b d88P   888  88K       d88""88b  888P"
  d88P   888    X88K      Y88o88P    888  "Y8888b.  888  888  888
 d8888888888  .d8""8b.     Y888P     888       X88  Y88..88P  888
d88P     888  888  888      Y8P      888   88888P'   "Y88P"   888


by AxVisor Team

[37m[  1.514061 0:2 axvisor:73] [32mStarting virtualization...[m
[m[37m[  1.514080 0:2 axvm::host::arceos:353] [32mEnabling hardware virtualization support on all cores...[m
[m[37m[  1.514093 0:2 axvm::host::arceos:359] [32mCore 0 is initializing hardware virtualization support...[m
[m[37m[  1.514107 0:2 axvm::timer:318] [32mInitializing AxVM timer wheel...[m
[m[37m[  1.516848 0:2 axvm::host::arceos:361] [32mHardware virtualization support enabled on core 0[m
[m[37m[  1.516917 0:2 axvm::host::arceos:387] [32mWaiting for all cores to enable hardware virtualization...[m
[m[37m[  1.517994 1:19 axvm::host::arceos:371] [32mCore 1 is initializing hardware virtualization support...[m
[m[37m[  1.518008 1:19 axvm::timer:318] [32mInitializing AxVM timer wheel...[m
[m[37m[  1.518047 1:19 axvm::host::arceos:374] [32mHardware virtualization support enabled on core 1[m
[m[37m[  1.518073 2:20 axvm::host::arceos:371] [32mCore 2 is initializing hardware virtualization support...[m
[m[37m[  1.518087 2:20 axvm::timer:318] [32mInitializing AxVM timer wheel...[m
[m[37m[  1.518126 2:20 axvm::host::arceos:374] [32mHardware virtualization support enabled on core 2[m
[m[37m[  1.518152 3:21 axvm::host::arceos:371] [32mCore 3 is initializing hardware virtualization support...[m
[m[37m[  1.518166 3:21 axvm::timer:318] [32mInitializing AxVM timer wheel...[m
[m[37m[  1.518208 3:21 axvm::host::arceos:374] [32mHardware virtualization support enabled on core 3[m
[m[37m[  1.518231 0:2 axvm::host::arceos:403] [32mAll cores have enabled hardware virtualization support.[m
[m[37m[  1.518620 0:2 axvisor::manager:143] [32mNOT find dir: /guest/vm_default in filesystem[m
[m[37m[  1.518633 0:2 axvisor::config:90] [32mUsing static VM configs.[m
[m[37m[  1.521504 0:2 axvm::arch::aarch64::fdt::core:79] [32mVM[1] virtual GIC follows host firmware resources: GuestGicProfile { compatible: "arm,gic-v3", node_path: "/intc@8000000", node_phandle: Some(32773), distributor: GuestMmioRegion { base: 134217728, length: 65536 }, cpu_region: Redistributors(GuestGicRedistributorProfile { regions: [GuestMmioRegion { base: 134873088, length: 16121856 }], stride: 131072 }), its: [GuestItsProfile { id: ItsId(0), node_path: "/intc@8000000/its@8080000", node_phandle: Some(32774), registers: GuestMmioRegion { base: 134742016, length: 131072 } }] }[m
[m[37m[  1.521626 0:2 axvm::arch::aarch64::fdt::core:93] [32mVM[1] architectural timer follows host firmware PPIs[m
[m[37m[  1.524890 0:2 axvm::arch::aarch64::fdt::core::parser:442] [32mCPU node: /cpus/cpu@0, node_id: 0x0, hardware_cpu_id: 0x0[m
[m[37m[  1.524921 0:2 axvm::arch::aarch64::fdt::core::parser:442] [32mCPU node: /cpus/cpu@1, node_id: 0x1, hardware_cpu_id: 0x1[m
[m[37m[  1.524950 0:2 axvm::arch::aarch64::fdt::core::parser:442] [32mCPU node: /cpus/cpu@2, node_id: 0x2, hardware_cpu_id: 0x2[m
[m[37m[  1.524980 0:2 axvm::arch::aarch64::fdt::core::parser:442] [32mCPU node: /cpus/cpu@3, node_id: 0x3, hardware_cpu_id: 0x3[m
[m[37m[  1.525025 0:2 axvm::arch::aarch64::fdt::core::parser:449] [32mFound 4 host CPU nodes[m
[m[37m[  1.525043 0:2 axvm::arch::aarch64::fdt::core:144] [32mVM[1] DTB not found, generating from the VM configuration[m
[m[37m[  1.532881 0:2 axvm::arch::aarch64::fdt::core::device:96] [32mFound excluded devices: ["/virtio_mmio@a000000", "/virtio_mmio@a000200", "/virtio_mmio@a000400", "/virtio_mmio@a000600", "/virtio_mmio@a000800", "/virtio_mmio@a000a00", "/virtio_mmio@a000c00", "/virtio_mmio@a000e00", "/virtio_mmio@a001000", "/virtio_mmio@a001200", "/virtio_mmio@a001400", "/virtio_mmio@a001600", "/virtio_mmio@a001800", "/virtio_mmio@a001a00", "/virtio_mmio@a001c00", "/virtio_mmio@a001e00", "/virtio_mmio@a002000", "/virtio_mmio@a002200", "/virtio_mmio@a002400", "/virtio_mmio@a002600", "/virtio_mmio@a002800", "/virtio_mmio@a002a00", "/virtio_mmio@a002c00", "/virtio_mmio@a002e00", "/virtio_mmio@a003000", "/virtio_mmio@a003200", "/virtio_mmio@a003400", "/virtio_mmio@a003600", "/virtio_mmio@a003800", "/virtio_mmio@a003a00", "/virtio_mmio@a003c00", "/virtio_mmio@a003e00", "/pcie@10000000", "/pl061@9030000", "/pl031@9010000", "/gpio-key-poweroff", "/intc@8000000", "/pl011@9000000", "/timer", "/intc@8000000/its@8080000"][m
[m[37m[  1.537638 0:2 axvm::arch::aarch64::fdt::core::device:96] [32mFound excluded devices: ["/virtio_mmio@a000000", "/virtio_mmio@a000200", "/virtio_mmio@a000400", "/virtio_mmio@a000600", "/virtio_mmio@a000800", "/virtio_mmio@a000a00", "/virtio_mmio@a000c00", "/virtio_mmio@a000e00", "/virtio_mmio@a001000", "/virtio_mmio@a001200", "/virtio_mmio@a001400", "/virtio_mmio@a001600", "/virtio_mmio@a001800", "/virtio_mmio@a001a00", "/virtio_mmio@a001c00", "/virtio_mmio@a001e00", "/virtio_mmio@a002000", "/virtio_mmio@a002200", "/virtio_mmio@a002400", "/virtio_mmio@a002600", "/virtio_mmio@a002800", "/virtio_mmio@a002a00", "/virtio_mmio@a002c00", "/virtio_mmio@a002e00", "/virtio_mmio@a003000", "/virtio_mmio@a003200", "/virtio_mmio@a003400", "/virtio_mmio@a003600", "/virtio_mmio@a003800", "/virtio_mmio@a003a00", "/virtio_mmio@a003c00", "/virtio_mmio@a003e00", "/pcie@10000000", "/pl061@9030000", "/pl031@9010000", "/gpio-key-poweroff", "/intc@8000000", "/pl011@9000000", "/timer", "/intc@8000000/its@8080000"][m
[m[37m[  1.538275 0:2 axvisor::config:137] [32mCreating VM[1] "starryos-task123"[m
[m[37m[  1.538299 0:2 axvm::arch::aarch64::vgic::plan:214] [32massigned_spis: 0 passthrough interrupts configured[m
[m[37m[  1.538847 0:2 axvm::vm:904] [32mVM created: id=1[m
[m[37m[  1.539007 0:2 axvisor::config:149] [32mVM[1] created success, loading images...[m
[m[37m[  1.695709 0:2 axdevice::device:1232] [32mDeviceRuntime: registered device id=0[m
[m[37m[  1.695721 0:2 axdevice::device:1232] [32mDeviceRuntime: registered device id=1[m
[m[37m[  1.695734 0:2 axdevice::device:1232] [32mDeviceRuntime: registered device id=2[m
[m[37m[  1.695801 0:2 axdevice::device:1232] [32mDeviceRuntime: registered device id=3[m
[m[37m[  1.695877 0:2 axdevice::device:1232] [32mDeviceRuntime: registered device id=4[m
[m[37m[  1.695963 0:2 axvm::vm::prepare:82] [32mVM setup: id=1[m
[m[37m[  1.698358 0:2 axvm::arch::aarch64::fdt::core:79] [32mVM[3] virtual GIC follows host firmware resources: GuestGicProfile { compatible: "arm,gic-v3", node_path: "/intc@8000000", node_phandle: Some(32773), distributor: GuestMmioRegion { base: 134217728, length: 65536 }, cpu_region: Redistributors(GuestGicRedistributorProfile { regions: [GuestMmioRegion { base: 134873088, length: 16121856 }], stride: 131072 }), its: [GuestItsProfile { id: ItsId(0), node_path: "/intc@8000000/its@8080000", node_phandle: Some(32774), registers: GuestMmioRegion { base: 134742016, length: 131072 } }] }[m
[m[37m[  1.698480 0:2 axvm::arch::aarch64::fdt::core:93] [32mVM[3] architectural timer follows host firmware PPIs[m
[m[37m[  1.701713 0:2 axvm::arch::aarch64::fdt::core::parser:442] [32mCPU node: /cpus/cpu@0, node_id: 0x0, hardware_cpu_id: 0x0[m
[m[37m[  1.701743 0:2 axvm::arch::aarch64::fdt::core::parser:442] [32mCPU node: /cpus/cpu@1, node_id: 0x1, hardware_cpu_id: 0x1[m
[m[37m[  1.701773 0:2 axvm::arch::aarch64::fdt::core::parser:442] [32mCPU node: /cpus/cpu@2, node_id: 0x2, hardware_cpu_id: 0x2[m
[m[37m[  1.701802 0:2 axvm::arch::aarch64::fdt::core::parser:442] [32mCPU node: /cpus/cpu@3, node_id: 0x3, hardware_cpu_id: 0x3[m
[m[37m[  1.701847 0:2 axvm::arch::aarch64::fdt::core::parser:449] [32mFound 4 host CPU nodes[m
[m[37m[  1.701865 0:2 axvm::arch::aarch64::fdt::core:144] [32mVM[3] DTB not found, generating from the VM configuration[m
[m[37m[  1.708823 0:2 axvm::arch::aarch64::fdt::core::device:96] [32mFound excluded devices: ["/intc@8000000", "/pl011@9000000", "/timer", "/intc@8000000/its@8080000"][m
[m[37m[  1.712960 0:2 axvm::arch::aarch64::fdt::core::device:96] [32mFound excluded devices: ["/intc@8000000", "/pl011@9000000", "/timer", "/intc@8000000/its@8080000"][m
[m[37m[  1.713389 0:2 axvisor::config:137] [32mCreating VM[3] "rtthread-net"[m
[m[37m[  1.713413 0:2 axvm::arch::aarch64::vgic::plan:214] [32massigned_spis: 0 passthrough interrupts configured[m
[m[37m[  1.713969 0:2 axvm::vm:904] [32mVM created: id=3[m
[m[37m[  3.869460 0:2 axvisor::config:149] [32mVM[3] created success, loading images...[m
[m[37m[  3.874598 0:2 axdevice::device:1232] [32mDeviceRuntime: registered device id=0[m
[m[37m[  3.874610 0:2 axdevice::device:1232] [32mDeviceRuntime: registered device id=1[m
[m[37m[  3.874623 0:2 axdevice::device:1232] [32mDeviceRuntime: registered device id=2[m
[m[37m[  3.874689 0:2 axdevice::device:1232] [32mDeviceRuntime: registered device id=3[m
[m[37m[  3.874763 0:2 axdevice::device:1232] [32mDeviceRuntime: registered device id=4[m
[m[37m[  3.874837 0:2 axvm::vm::prepare:82] [32mVM setup: id=3[m
[m[37m[  3.874855 0:2 axvm::runtime:105] [32mInitializing VMM...[m
[m[37m[  3.874873 0:2 axvm::runtime:116] [32mVMM starting, booting VMs...[m
[m[37m[  3.874885 0:2 axvm::vm:1145] [32mStarting VM[1][m
[m[37m[  3.874897 0:2 axvm::runtime::vcpus:395] [32mSpawning task for VM[1] VCpu[0][m
[m[37m[  3.874922 0:2 axvm::runtime::vcpus:414] [32mVCpu task Task(25, "VM[1]-VCpu[0]") created cpumask: [0, 1, 3, ][m
[m[37m[  3.881805 0:2 axvm::runtime:124] [32mVM[1] boot success[m
[m[37m[  3.881816 0:2 axvm::vm:1145] [32mStarting VM[3][m
[m[37m[  3.881828 0:2 axvm::runtime::vcpus:395] [32mSpawning task for VM[3] VCpu[0][m
[m[37m[  3.881852 0:2 axvm::runtime::vcpus:414] [32mVCpu task Task(27, "VM[3]-VCpu[0]") created cpumask: [2, ][m
[m[37m[  3.881914 0:2 axvm::runtime:124] [32mVM[3] boot success[m
[m[37m[  3.881953 0:2 axvisor:89] [32m[OK] Default guest initialized[m
[m[37m[  3.881976 0:25 axvm::runtime::vcpus:481] [32mVM[1] VCpu[0] waiting for running[m
[m[37m[  3.881989 0:25 axvm::runtime::vcpus:559] [32mVM[1] VCpu[0] running...[m
[m[37m[  3.882010 2:27 axvm::runtime::vcpus:481] [32mVM[3] VCpu[0] waiting for running[m
[m[37m[  3.882024 2:27 axvm::runtime::vcpus:559] [32mVM[3] VCpu[0] running...[m
[m[VM 3] [32m[I/rtdm.ofw] Booting RT-Thread on physical CPU 0x0[0m
[VM 3] [32m[I/rtdm.ofw] Machine model: linux,dummy-virt[0m
[VM 3] [32m[I/rtdm.ofw] Memory node(0) ranges: 0x0000000040000000 - 0x0000000080000000[0m
[VM 3] [32m[I/mm.memblock] System memory:[0m
[VM 3] [32m[I/mm.memblock]                    [0x0000000040000000, 0x0000000080000000][0m
[VM 3] [32m[I/mm.memblock] Reserved memory:[0m
[VM 3] [32m[I/mm.memblock]                    [0x0000000040200000, 0x0000000040337000][0m
[VM 3] [32m[I/mm.memblock]                    [0x0000000040337000, 0x0000000044337000][0m
[VM 1] task2.count=2 task2.fault=none task3.frames=3 task3.fault=normal rtbench.net.count=2
[VM 3] [32m[I/mm.memblock]                    [0x0000000044337000, 0x0000000044537000][0m
[VM 1] VM Load @PA:0x80000000
[VM 3] [32m[I/mm.memblock]                    [0x0000000044537000, 0x0000000044538000][0m
[VM 3] [32m[I/mm.memblock] physical memory region [0x0000000040000000-0x0000000040200000] installed to system page[0m
[VM 1] VM Load Offset: 0x100000000
[VM 1] Memory Map:
[VM 1]   KImg   0x00000080000000 - 0x00000082600000 (38 MiB)
[VM 3] [32m[I/mm.memblock] physical memory region [0x0000000044538000-0x0000000080000000] installed to system page[0m
[VM 1]   Free   0x00000082600000 - 0x000000a0000000 (474 MiB)
[VM 1] Initialize RAM allocator: 0x82600000..0xa0000000
[VM 1] Reserving CPU-local areas
[VM 1] CPU-local area stride: 0x41000 bytes
[VM 1] Total CPU-local allocation: 0x82000 bytes (2 CPUs)
[VM 1] Flushed RAM used range to memory map: 0x82600000..0x82601000, current: 0x82601000
[VM 1] Flushed RAM used range to memory map: 0x82601000..0x82683000, current: 0x82683000
[VM 1] CPU-local areas allocated at 0x82601000 - 0x82683000
[VM 1] EL: 1
[VM 1] Mapping early memory regions...
[VM 1] Ram                 : [0xffff000080000000, 0xffff0000a0000000) -> [0x0000000080000000, 0x00000000a0000000) (512 MiB)
[VM 1] KImage              : [0xffffffff80000000, 0xffffffff82600000) -> [0x0000000080000000, 0x0000000082600000) (38 MiB)
[VM 1] PerCpu              : [0xffffff0082601000, 0xffffff0082683000) -> [0x0000000082601000, 0x0000000082683000) (520 KiB)
[VM 1] Debug serial        : [0xffff000009000000, 0xffff000009001000) -> [0x0000000009000000, 0x0000000009001000) (4 KiB)
[VM 1] Boot page table at physical address: PA:0x82683000
[VM 1] Setting up table registers...
[VM 1] MMU Entry point at physical address: 0x80329988
[VM 1] Trap vector at 0xffffffff80327800
[VM 1] Memory Map:
[VM 1]   MMIO   0x00000009000000 - 0x00000009001000 (4 KiB)
[VM 1]   KImg   0x00000080000000 - 0x00000082600000 (38 MiB)
[VM 1]   Rsv    0x00000082600000 - 0x00000082601000 (4 KiB)
[VM 1]   PerCPU 0x00000082601000 - 0x00000082683000 (520 KiB)
[VM 1]   Rsv    0x00000082683000 - 0x0000008268d000 (40 KiB)
[VM 1]   Free   0x0000008268d000 - 0x000000a0000000 (473.45 MiB)
[VM 1] Jumping to main entry point at 0xffffffff8030c594 with SP 0xffffff0082642000
[VM 1] 
[VM 1]        d8888                            .d88888b.   .d8888b.
[VM 1]       d88888                           d88P" "Y88b d88P  Y88b
[VM 1]      d88P888                           888     888 Y88b.
[VM 1]     d88P 888 888d888  .d8888b  .d88b.  888     888  "Y888b.
[VM 1]    d88P  888 888P"   d88P"    d8P  Y8b 888     888     "Y88b.
[VM 1]   d88P   888 888     888      88888888 888     888       "888
[VM 1]  d8888888888 888     Y88b.    Y8b.     Y88b. .d88P Y88b  d88P
[VM 1] d88P     888 888      "Y8888P  "Y8888   "Y88888P"   "Y8888P"
[VM 1] 
[VM 1] arch = aarch64
[VM 1] platform = linux,dummy-virt
[VM 1] target = aarch64-unknown-none-softfloat
[VM 1] build_mode = 
[VM 1] log_level = info
[VM 1] backtrace = false
[VM 1] smp = 2
[VM 1] 
[VM 1] [37m[  2.376828 ax_runtime:223] [32mLogging is enabled.[m
[VM 1] [m[37m[  2.380812 ax_runtime:224] [32mPrimary CPU 0 started, arg = 0x82600000.[m
[VM 1] [m[37m[  2.385983 ax_runtime:226] [32mFound physcial memory regions:[m
[VM 1] [m[37m[  2.390672 ax_runtime:228] [32m  [PA:0x9000000, PA:0x9001000) mmio (READ | WRITE | DEVICE | RESERVED)[m
[VM 1] [m[37m[  2.397650 ax_runtime:228] [32m  [PA:0x80000000, PA:0x82600000) reserved (READ | WRITE | EXECUTE | RESERVED)[m
[VM 1] [m[37m[  2.405118 ax_runtime:228] [32m  [PA:0x82600000, PA:0x82601000) reserved (READ | WRITE | EXECUTE | RESERVED)[m
[VM 1] [m[37m[  2.412635 ax_runtime:228] [32m  [PA:0x82601000, PA:0x82683000) reserved (READ | WRITE | EXECUTE | RESERVED)[m
[VM 1] [m[37m[  2.420108 ax_runtime:228] [32m  [PA:0x82683000, PA:0x8268d000) reserved (READ | WRITE | EXECUTE | RESERVED)[m
[VM 1] [m[37m[  2.427569 ax_runtime:228] [32m  [PA:0x8268d000, PA:0xa0000000) free memory (READ | WRITE | FREE)[m
[VM 1] [m[37m[  2.434384 ax_runtime:376] [32mInitialize global memory allocator...[m
[VM 1] [m[37m[  2.439483 ax_runtime:377] [32m  use buddy-slab-allocator allocator.[m
[VM 1] [m[37m[  2.444474 ax_alloc::buddy_slab:158] [32mInitialize global memory allocator, start_vaddr: 0xffff00008268d000, size: 0x1d973000[m
[VM 1] [m[37m[  2.453636 ax_alloc::buddy_slab:424] [32mglobal allocator initialized[m
[VM 1] [m[37m[  2.458716 ax_runtime:263] [32mkernel aspace: [VA:0xffff000000000000, VA:0xffffffffffffffff)[m
[VM 1] [m[37m[  2.465207 ax_mm:103] [32mInitialize virtual memory management...[m
[VM 3] [32m[I/mm.memblock] 1003 MB memory installed to system page[0m
[VM 1] [m[37m[  2.566856 ax_runtime:275] [32mInitialize platform devices...[m
[VM 3] [32m[I/osi.psci] Using PSCI v1.1 Function IDs[0m
[VM 1] [m[37m[  2.581402 someboot::arch::power:23] [32mPower management method : SMC[m
[VM 3] [32m[I/rtdm.ofw] Console: uart0 (<no-node>)[0m
[VM 3] 
[VM 3]  \ | /
[VM 3] - RT -     Thread Operating System
[VM 3]  / | \     5.2.2 build Aug 24 2026 23:07:43
[VM 1] [m[37m[  2.592743 somehal::driver:5] [32mInitializing rdrive with FDT at 0xffff000082600000[m
[VM 3]  2006 - 2024 Copyright by RT-Thread team
[VM 3] lwIP-2.1.2 initialized!
[VM 1] [m[37m[  2.663050 ax_task::api:137] [32mInitialize scheduling...[m
[VM 1] [m[37m[  2.668652 ax_task::api:145] [32m  use Round-robin scheduler.[m
[VM 1] [m[37m[  2.673842 ax_runtime:301] [32mInitialize interrupt handlers...[m
[VM 1] [m[37m[  2.682968 ax_runtime::devices:2] [32mProbe platform devices...[m
[VM 3] [32m[I/sal.skt] Socket Abstraction Layer initialize success.[0m
[VM 1] [m[37m[  2.692481 ax_driver::serial::pl011:22] [32mProbing PL011 serial device: pl011@9000000[m
[VM 1] [m[37m[  2.707581 ax_driver::serial::pl011:38] [32mPL011 serial@0xffff000009000000 registered successfully[m
[VM 1] [m[37m[  2.720127 ax_driver::virtio:177] [32mprobing virtio-mmio node virtio_mmio@a000000 at PA 0xa000000, size 0x200[m
[VM 3] [32m[I/rtdm.mnt] File system initialization done[0m
[VM 1] [m[37m[  2.737247 ax_driver::virtio:184] [32mmapped virtio-mmio at VA 0xffff00000a000000[m
[VM 1] [m[37m[  2.748498 virtio_drivers::device::net::dev_raw:33] [32mnegotiated_features Features(MAC | STATUS | VERSION_1)[m
[VM 3] Axvisor RT-Thread guest ready
[VM 1] [m[37m[  2.763700 ax_driver::virtio::net:394] [32mregistered virtio network device irq=None[m
[VM 1] [m[37m[  2.774588 ax_runtime::serial:489] [32mserial runtime PL011 UART ready: cpu=0, irq=Some(Source(FdtInterrupt(FdtIrqSpec { controller: 2, cells: [0, 1, 4] }))), polling=false[m
[VM 1] [mBoot at 1970-01-01 00:00:02.792729568 UTC
[VM 1] 
[VM 3] TASK3_RTOS_READY ip=192.168.77.30 port=9877
[VM 1] [37m[  2.805052 ax_fs_ng:101] [32m  filesystem type: "embedded-cpio"[m
[VM 1] [m[37m[  2.821445 ax_net:192] [32mInitialize network subsystem...[m
[VM 1] [m[37m[  2.832457 ax_net:212] [32m  use NIC 0: "virtio-net"[m
[VM 1] [m[37m[  2.844866 ax_runtime::irq:120] [32mregistered eth0 irq IrqId { domain: IrqDomainId(7), hwirq: HwIrq(48) }[m
[VM 1] [m[37m[  2.863713 ax_net:238] [32meth0:[m
[VM 1] [m[37m[  2.868249 ax_net:239] [32m  id:   2[m
[VM 1] [m[37m[  2.875126 ax_net:240] [32m  mac:  52-54-00-77-00-01[m
[VM 1] [m[37m[  2.882922 ax_net:257] [32m  mode: dhcp[m
[VM 1] [m[37m[  2.888005 ax_net:295] [32mDevice: lo[m
[VM 1] [m[37m[  2.895347 ax_net:295] [32mDevice: eth0[m
[VM 1] [m[37m[  2.903203 ax_net::service:606] [32meth0: DHCP enabled[m
[VM 3] msh />[32m[I/rtipic.srv] server starting on 192.168.77.30:9876[0m
[VM 3] RTIPC_SERVER_READY ip=192.168.77.30 port=9876
[VM 3] [32m[I/rtipic.srv] listening...[0m
[VM 1] [m[37m[  5.026193 ax_net:992] [33mDHCP bootstrap timed out[m
[37m[  6.735533 0:25 axvm::runtime::hvc:272] [32mVM[1] PSCI_CPU_ON target=0x1 entry=0x8032947c context=0x82642cc0[m
[m[37m[  6.735586 0:25 axvm::runtime::vcpus:395] [32mSpawning task for VM[1] VCpu[1][m
[m[37m[  6.735610 0:25 axvm::runtime::vcpus:414] [32mVCpu task Task(30, "VM[1]-VCpu[1]") created cpumask: [0, 1, 3, ][m
[m[37m[  6.735750 1:30 axvm::runtime::vcpus:481] [32mVM[1] VCpu[1] waiting for running[m
[m[37m[  6.735767 1:30 axvm::runtime::vcpus:559] [32mVM[1] VCpu[1] running...[m
[m[VM 1] [m[37m[  5.047129 ax_runtime::mp:79] [32mSecondary CPU 1 started.[m
[VM 1] [m[37m[  5.047692 ax_runtime:349] [32mPrimary CPU 0 init OK.[m
[VM 1] [m[37m[  5.069345 ax_runtime::mp:110] [32mSecondary CPU 1 init OK.[m
[VM 1] [m[37m[  5.097383 0:2 ktracepoint:282] [32mtracepoint_data_start: 0xffffffff81ba1b30, tracepoint_data_end: 0xffffffff81ba1b90[m
[VM 1] [m[37m[  5.116538 0:2 ktracepoint:297] [32mtracepoint_data_len: 6[m
[VM 1] [m[37m[  5.125470 0:2 ktracepoint:314] [32mtracepoint registered: sched:sched_process_exit[m
[VM 1] [m[37m[  5.136404 0:2 ktracepoint:314] [32mtracepoint registered: sched:sched_process_fork[m
[VM 1] [m[37m[  5.147114 0:2 ktracepoint:314] [32mtracepoint registered: sched:sched_switch[m
[VM 1] [m[37m[  5.162116 0:2 ktracepoint:314] [32mtracepoint registered: syscalls:sys_clone[m
[VM 1] [m[37m[  5.173086 0:2 ktracepoint:314] [32mtracepoint registered: syscalls:sys_enter_openat[m
[VM 1] [m[37m[  5.184355 0:2 ktracepoint:314] [32mtracepoint registered: syscalls:sys_mkdirat[m
[VM 1] [mInitialized 6 tracepoints
[VM 1] kmod subsystem initialized
[VM 1] [37m[  5.198234 0:2 starry_kernel::pseudofs:86] [32mInitialize pseudofs...[m
[VM 1] [m[37m[  5.208323 0:2 starry_kernel::pseudofs::dev::tty::serial:256] [32mttyS0 registered: path=/pl011@9000000, alias=None, paddr=0x9000000, irq=Some(Source(FdtInterrupt(FdtIrqSpec { controller: 2, cells: [0, 1, 4] })))[m
[VM 1] [m[37m[  5.239431 0:2 starry_kernel::pseudofs::dev::tty::serial:201] [32m/dev/console bound to ttyS0[m
[VM 1] [m[37m[  5.254048 0:2 starry_kernel::pseudofs:80] [32mMounted devfs at /dev[m
[VM 1] [m[37m[  5.263921 0:2 starry_kernel::pseudofs::usbfs:55] [32musbfs: initializing manager[m
[VM 1] [m[37m[  5.276723 0:2 starry_kernel::pseudofs::usbfs::manager:1486] [32musbfs: discovered 0 USB host(s)[m
[VM 1] [m[37m[  5.290288 0:2 starry_kernel::pseudofs::usbfs:58] [32musbfs: no USB host found, skip mounting usbfs[m
[VM 1] [m[37m[  5.304821 0:2 starry_kernel::pseudofs:80] [32mMounted tmpfs at /dev/shm[m
[VM 1] [m[37m[  5.315603 0:2 starry_kernel::pseudofs:80] [32mMounted tmpfs at /tmp[m
[VM 1] [m[37m[  5.327772 0:2 starry_kernel::pseudofs:80] [32mMounted mqueue at /dev/mqueue[m
[VM 1] [m[37m[  5.340777 0:2 starry_kernel::dyn_debug:61] [32mdebug_init: initializing dynamic debug sites[m
[VM 1] [m[37m[  5.354358 0:2 starry_kernel::dyn_debug:64] [32mdebug_init: found 192 dynamic debug sites[m
[VM 1] [m[37m[  5.368324 0:2 starry_kernel::pseudofs::proc:74] [32mRead kallsyms, size: 1210KB[m
[VM 1] [m[37m[  5.415768 0:2 starry_kernel::pseudofs:80] [32mMounted proc at /proc[m
[VM 1] [m[37m[  5.427059 0:2 starry_kernel::pseudofs:80] [32mMounted sysfs at /sys[m
[VM 1] [m[37m[  5.443331 0:2 starry_kernel::pseudofs:80] [32mMounted debug at /sys/kernel/debug[m
[VM 1] [m[37m[  5.454040 0:2 starry_kernel::task::timer:331] [32mInitialize alarm...[m
[VM 1] [m[37m[  5.477036 0:14 starry_kernel::task::user:70] [32mEnter user space: ip=0x60169604, sp=0x3fffffffeb0[m
[VM 1] [m[37m[  5.675305 0:15 starry_kernel::task::user:70] [32mEnter user space: ip=0x6014839c, sp=0x3ffffffc390[m
[VM 1] [m[37m[  5.801314 0:15 starry_kernel::task::ops:398] [32mTask(15, "busybox") exit with code: 0[m
[VM 1] [m[37m[  5.844737 0:15 starry_kernel::task::signal:605] [32mSend signal SIGCHLD to process 1[m
[VM 1] [m[37m[  5.846502 0:14 starry_kernel::syscall::task::wait:245] [32msys_waitpid <= pid: -1, options: WaitPidOptions(0x0)[m
[VM 1] [m[37m[  5.846532 0:14 starry_kernel::syscall::task::wait:245] [32msys_waitpid <= pid: -1, options: WaitPidOptions(WNOHANG)[m
[VM 1] [m[37m[  5.993953 0:16 starry_kernel::task::user:70] [32mEnter user space: ip=0x6014839c, sp=0x3ffffffca70[m
[VM 1] [m[37m[  6.117310 0:16 starry_kernel::syscall::task::wait:245] [32msys_waitpid <= pid: -1, options: WaitPidOptions(0x0)[m
[VM 1] [m[37m[  6.117860 0:17 starry_kernel::task::user:70] [32mEnter user space: ip=0x6014839c, sp=0x3ffffffc610[m
[VM 1] [m[37m[  6.257799 0:17 starry_kernel::task::ops:398] [32mTask(17, "busybox") exit with code: 0[m
[VM 1] [m[37m[  6.306521 0:17 starry_kernel::task::signal:605] [32mSend signal SIGCHLD to process 16[m
[VM 1] [m[37m[  6.316312 0:16 starry_kernel::syscall::task::wait:245] [32msys_waitpid <= pid: -1, options: WaitPidOptions(0x0)[m
[VM 1] [m[37m[  6.316348 0:16 starry_kernel::syscall::task::wait:245] [32msys_waitpid <= pid: -1, options: WaitPidOptions(WNOHANG)[m
[VM 1] [m[37m[  6.318250 0:16 starry_kernel::task::ops:398] [32mTask(16, "init") exit with code: 0[m
[VM 1] [m[37m[  6.405620 0:14 starry_kernel::syscall::task::wait:245] [32msys_waitpid <= pid: -1, options: WaitPidOptions(0x0)[m
[VM 1] [m[37m[  6.414467 0:16 starry_kernel::task::signal:605] [32mSend signal SIGCHLD to process 1[m
[VM 1] [m[37m[  6.437042 0:14 starry_kernel::syscall::task::wait:245] [32msys_waitpid <= pid: -1, options: WaitPidOptions(0x0)[m
[VM 1] [m[37m[  6.437077 0:14 starry_kernel::syscall::task::wait:245] [32msys_waitpid <= pid: -1, options: WaitPidOptions(WNOHANG)[m
[VM 1] [m[37m[  6.562567 0:18 starry_kernel::task::user:70] [32mEnter user space: ip=0x6014839c, sp=0x3ffffffcc10[m
[VM 1] [m[37m[  6.679563 0:18 starry_kernel::syscall::task::wait:245] [32msys_waitpid <= pid: -1, options: WaitPidOptions(0x0)[m
[VM 1] [m[37m[  6.680306 0:19 starry_kernel::task::user:70] [32mEnter user space: ip=0x6014839c, sp=0x3ffffffc7b0[m
[VM 1] [m[37m[  6.818011 0:19 starry_kernel::task::ops:398] [32mTask(19, "busybox") exit with code: 0[m
[VM 1] [m[37m[  6.866725 0:19 starry_kernel::task::signal:605] [32mSend signal SIGCHLD to process 18[m
[VM 1] [m[37m[  6.882652 0:18 starry_kernel::syscall::task::wait:245] [32msys_waitpid <= pid: -1, options: WaitPidOptions(0x0)[m
[VM 1] [m[37m[  6.882684 0:18 starry_kernel::syscall::task::wait:245] [32msys_waitpid <= pid: -1, options: WaitPidOptions(WNOHANG)[m
[VM 1] [m[37m[  6.885730 0:18 starry_kernel::task::ops:398] [32mTask(18, "init") exit with code: 0[m
[VM 1] [m[37m[  6.964608 0:14 starry_kernel::syscall::task::wait:245] [32msys_waitpid <= pid: -1, options: WaitPidOptions(0x0)[m
[VM 1] [m[37m[  6.976356 0:18 starry_kernel::task::signal:605] [32mSend signal SIGCHLD to process 1[m
[VM 1] [m[37m[  6.996885 0:14 starry_kernel::syscall::task::wait:245] [32msys_waitpid <= pid: -1, options: WaitPidOptions(0x0)[m
[VM 1] [m[37m[  6.996917 0:14 starry_kernel::syscall::task::wait:245] [32msys_waitpid <= pid: -1, options: WaitPidOptions(WNOHANG)[m
[VM 1] [mSTARRY_SMP_READY configured=2 online=0-1 nproc=2
[VM 1] [37m[  7.156727 0:14 starry_kernel::syscall::task::wait:245] [32msys_waitpid <= pid: -1, options: WaitPidOptions(0x0)[m
[VM 1] [m[37m[  7.157597 0:20 starry_kernel::task::user:70] [32mEnter user space: ip=0x6014839c, sp=0x3ffffffcc90[m
[VM 1] [m[37m[  7.316605 0:20 starry_kernel::task::ops:398] [32mTask(20, "busybox") exit with code: 0[m
[VM 1] [m[37m[  7.369733 0:20 starry_kernel::task::signal:605] [32mSend signal SIGCHLD to process 1[m
[VM 1] [m[37m[  7.383311 0:14 starry_kernel::syscall::task::wait:245] [32msys_waitpid <= pid: -1, options: WaitPidOptions(0x0)[m
[VM 1] [m[37m[  7.383343 0:14 starry_kernel::syscall::task::wait:245] [32msys_waitpid <= pid: -1, options: WaitPidOptions(WNOHANG)[m
[VM 1] [m[37m[  7.533727 0:14 starry_kernel::syscall::task::wait:245] [32msys_waitpid <= pid: -1, options: WaitPidOptions(0x0)[m
[VM 1] [m[37m[  7.534597 0:21 starry_kernel::task::user:70] [32mEnter user space: ip=0x6014839c, sp=0x3ffffffcc90[m
[VM 1] [m[37m[  7.678576 0:21 starry_kernel::task::ops:398] [32mTask(21, "busybox") exit with code: 0[m
[VM 1] [m[37m[  7.730328 0:21 starry_kernel::task::signal:605] [32mSend signal SIGCHLD to process 1[m
[VM 1] [m[37m[  7.745311 0:14 starry_kernel::syscall::task::wait:245] [32msys_waitpid <= pid: -1, options: WaitPidOptions(0x0)[m
[VM 1] [m[37m[  7.745343 0:14 starry_kernel::syscall::task::wait:245] [32msys_waitpid <= pid: -1, options: WaitPidOptions(WNOHANG)[m
[VM 1] [m[37m[  7.894552 0:14 starry_kernel::syscall::task::wait:245] [32msys_waitpid <= pid: -1, options: WaitPidOptions(0x0)[m
[VM 1] [m[37m[  7.895214 0:22 starry_kernel::task::user:70] [32mEnter user space: ip=0x6014839c, sp=0x3ffffffce30[m
[VM 1] [m[37m[  8.027313 0:22 starry_kernel::task::ops:398] [32mTask(22, "busybox") exit with code: 0[m
[VM 1] [m[37m[  8.078771 0:22 starry_kernel::task::signal:605] [32mSend signal SIGCHLD to process 1[m
[VM 1] [m[37m[  8.089447 0:14 starry_kernel::syscall::task::wait:245] [32msys_waitpid <= pid: -1, options: WaitPidOptions(0x0)[m
[VM 1] [m[37m[  8.089550 0:14 starry_kernel::syscall::task::wait:245] [32msys_waitpid <= pid: -1, options: WaitPidOptions(WNOHANG)[m
[VM 1] [mSTARRY_NET_READY ip=192.168.77.11 peer=192.168.77.30
[VM 1] TASK3_STARRY_NET_PROBE_READY count=2
[VM 1] TASK2_STARRY_BEGIN port=9876
[VM 1] [37m[  8.263597 0:23 starry_kernel::task::user:70] [32mEnter user space: ip=0x6014839c, sp=0x3ffffffd400[m
[VM 1] [m[37m[  8.494824 0:23 ax_net::udp:288] [32mUDP socket #0: bound on *:9879[m
[VM 1] [mRTBENCH_NET_PROBE_READY listen=9879 count=2
[VM 1] [37m[  8.508007 0:14 starry_kernel::syscall::task::wait:245] [32msys_waitpid <= pid: -1, options: WaitPidOptions(0x0)[m
[VM 1] [m[37m[  8.533305 0:24 starry_kernel::task::user:70] [32mEnter user space: ip=0x6014839c, sp=0x3ffffffdb30[m
[VM 1] [m=== RT-IPC Benchmark Client ===
[VM 1] Target: 192.168.77.30:9876, count=2 per size
[VM 1] 
[VM 1] [client] fault profile: none
[VM 1] [37m[  8.666617 0:24 ax_net::udp:288] [32mUDP socket #1: bound on *:49152[m
[VM 1] [m[client] connecting...
[VM 1] [37m[  8.710673 0:6 ax_net::device::ethernet:406] [32meth0: requesting ARP for 192.168.77.30[m
[VM 1] [m[37m[  8.722761 0:5 ax_net::device::ethernet:486] [32meth0: ARP 192.168.77.30 -> 52-54-00-77-00-03[m
[VM 3] [32m[I/rtipic.srv] client connected[0m
[VM 1] [m[37m[  8.722779 0:5 ax_net::device::ethernet:561] [32meth0: sending pending IPv4 packet to 192.168.77.30 via 52-54-00-77-00-03[m
[VM 1] [m[client] connected!
[VM 1] 
[VM 1] --- Payload 64B ---
[VM 1]   sent=2  recv=2  loss=0%
[VM 1]   RTT: min=9ms avg=11ms max=13ms P50=9ms P95=9ms P99=9ms P99.9=9ms
[VM 1]   throughput=5.68KiB/s
[VM 1]   request_timeouts=0 protocol_errors=0 reconnects=0
[VM 1]   transport: retrans=0 timeouts=0 dup=0 reorder=0 errors=0
[VM 1] 
[VM 1] --- Payload 256B ---
[VM 1]   sent=2  recv=2  loss=0%
[VM 1]   RTT: min=7ms avg=19ms max=31ms P50=7ms P95=7ms P99=7ms P99.9=7ms
[VM 1]   throughput=12.50KiB/s
[VM 1]   request_timeouts=0 protocol_errors=0 reconnects=0
[VM 1]   transport: retrans=0 timeouts=0 dup=0 reorder=0 errors=0
[VM 1] 
[VM 1] --- Payload 1024B ---
[VM 1]   sent=2  recv=2  loss=0%
[VM 1]   RTT: min=10ms avg=21ms max=32ms P50=10ms P95=10ms P99=10ms P99.9=10ms
[VM 1]   throughput=46.51KiB/s
[VM 1]   request_timeouts=0 protocol_errors=0 reconnects=0
[VM 1]   transport: retrans=0 timeouts=0 dup=0 reorder=0 errors=0
[VM 1] 
[VM 1] ========================================
[VM 1] ALL TESTS COMPLETE
[VM 1] ========================================
[VM 3] [33m[W/rtipic.srv] client disconnected[0m
[VM 1] [37m[  8.891660 0:24 starry_kernel::task::ops:398] [32mTask(24, "rtipic-client") exit with code: 0[m
[VM 1] [m[37m[  8.977763 0:24 starry_kernel::task::signal:605] [32mSend signal SIGCHLD to process 1[m
[VM 1] [m[37m[  8.988898 0:14 starry_kernel::syscall::task::wait:245] [32msys_waitpid <= pid: -1, options: WaitPidOptions(0x0)[m
[VM 1] [m[37m[  8.989005 0:14 starry_kernel::syscall::task::wait:245] [32msys_waitpid <= pid: -1, options: WaitPidOptions(WNOHANG)[m
[VM 1] [mRT-IPC client exited with rc=0
[VM 1] TASK2_STARRY_END status=PASS
[VM 1] TASK3_STARRY_READY ip=192.168.77.11 peer=192.168.77.30:9877
[VM 1] [37m[  9.160726 0:14 starry_kernel::syscall::task::wait:245] [32msys_waitpid <= pid: -1, options: WaitPidOptions(0x0)[m
[VM 1] [m[37m[  9.161672 0:25 starry_kernel::task::user:70] [32mEnter user space: ip=0x6014839c, sp=0x3ffffffe690[m
[VM 1] [m[37m[  9.350640 0:25 ax_net::udp:288] [32mUDP socket #1: bound on *:49153[m
[VM 1] [mTASK3_FRAME_CSV=FIXED,0,0,2,2,21649,2625,0,0,0,0,202,7844,0,0,0
[VM 1] TASK3_FRAME_CSV=FIXED,1,1461,2,2,16624,3373,0,0,0,0,149,8262,0,0,0
[VM 1] TASK3_FRAME_CSV=FIXED,2,2900,2,2,32767,3262,0,0,0,0,82,9218,0,0,0
[VM 1] TASK3_FRAME_CSV=AI,0,0,2,2,21649,3927,0,0,0,0,52,6003,0,0,0
[VM 1] TASK3_FRAME_CSV=AI,1,1461,2,2,16624,3046,0,0,0,0,77,9528,0,0,0
[VM 1] TASK3_FRAME_CSV=AI,2,2900,2,2,32767,3065,0,0,0,0,95,10795,0,0,0
[VM 3] TASK3_RTOS_FINAL requests=6 errors=0 duplicates=0 applied_steps=6 retries=0
[VM 3] TASK3_RTOS_FINAL_DONE
[VM 1] TASK3_SUMMARY_JSON={"schema":1,"frames_per_mode":3,"records":6,"elapsed_us":474982,"requests":6,"successes":6,"success_rate":1.000000,"application_errors":0,"application_timeouts":0,"transport_retries":0,"duplicates":0,"recovered":0,"reconnects":0,"injected_drops":0,"classification":{"correct":3,"total":3,"accuracy":1.000000,"confusion_matrix":[[0,0,0],[0,3,0],[0,0,0]]},"inference_us":{"min":2625,"mean":3216,"p50":3065,"p95":3927,"p99":3927,"max":3927},"round_trip_us":{"min":6003,"mean":8608,"p50":8262,"p95":10795,"p99":10795,"max":10795},"tracking_error_q15":{"fixed":{"min":0,"mean":1453,"p50":1461,"p95":2900,"p99":2900,"max":2900},"ai":{"min":0,"mean":1453,"p50":1461,"p95":2900,"p99":2900,"max":2900}},"settling":{"fixed":{"direction_changes":0,"successes":0,"mean_frames":0,"max_frames":0},"ai":{"direction_changes":0,"successes":0,"mean_frames":0,"max_frames":0}},"effective_payload_bytes_per_second":303}
[VM 1] [37m[  9.855659 0:25 starry_kernel::task::ops:398] [32mTask(25, "task3-linux") exit with code: 0[m
[VM 1] [m[37m[ 10.034469 0:25 starry_kernel::task::signal:605] [32mSend signal SIGCHLD to process 1[m
[VM 1] [m[37m[ 10.047603 0:14 starry_kernel::syscall::task::wait:245] [32msys_waitpid <= pid: -1, options: WaitPidOptions(0x0)[m
[VM 1] [m[37m[ 10.047755 0:14 starry_kernel::syscall::task::wait:245] [32msys_waitpid <= pid: -1, options: WaitPidOptions(WNOHANG)[m
[VM 1] [mTASK3_STARRY_END status=PASS
[VM 1] TASK123_STARRY_END status=PASS
[VM 1] [37m[ 10.050119 0:14 starry_kernel::syscall::task::wait:245] [32msys_waitpid <= pid: -1, options: WaitPidOptions(WNOHANG)[m

[Axvisor] attached VM[3] console; use Ctrl+X, then h to return to the shell
benchmark 2
RTBENCH_PMU statmsh />us=ready event=0x8 cycles_delta=1549 instructions_delta=1549
RTBENCH_BEGIN samples=2 frequency=62500000 pmu_event=0x8
RTBENCH metric=timer_jitter run=1 expected=2 collected=2 missing=0 p50_ns=22544 p95_ns=342960 p99_ns=342960 p99_9_ns=342960 max_ns=342960 miss_100us=1 miss_500us=0 miss_1ms=0 mean_ns=182752 p50_cycles=743 p95_cycles=401777 p99_cycles=401777 p99_9_cycles=401777 max_cycles=401777 mean_cycles=201260 p50_instructions=743 p95_instructions=401777 p99_instructions=401777 p99_9_instructions=401777 max_instructions=401777 mean_instructions=201260
RTBENCH metric=callback_exec run=1 expected=2 collected=2 missing=0 p50_ns=144 p95_ns=144 p99_ns=144 p99_9_ns=144 max_ns=144 miss_100us=0 miss_500us=0 miss_1ms=0 mean_ns=144 p50_cycles=135 p95_cycles=135 p99_cycles=135 p99_9_cycles=135 max_cycles=135 mean_cycles=135 p50_instructions=135 p95_instructions=135 p99_instructions=135 p99_9_instructions=135 max_instructions=135 mean_instructions=135
RTBENCH metric=timer_jitter run=2 expected=2 collected=2 missing=0 p50_ns=99488 p95_ns=1490320 p99_ns=1490320 p99_9_ns=1490320 max_ns=1490320 miss_100us=1 miss_500us=1 miss_1ms=1 mean_ns=794904 p50_cycles=686289 p95_cycles=786308 p99_cycles=786308 p99_9_cycles=786308 max_cycles=786308 mean_cycles=736298 p50_instructions=686289 p95_instructions=786308 p99_instructions=786308 p99_9_instructions=786308 max_instructions=786308 mean_instructions=736298
RTBENCH metric=callback_exec run=2 expected=2 collected=2 missing=0 p50_ns=128 p95_ns=144 p99_ns=144 p99_9_ns=144 max_ns=144 miss_100us=0 miss_500us=0 miss_1ms=0 mean_ns=136 p50_cycles=135 p95_cycles=135 p99_cycles=135 p99_9_cycles=135 max_cycles=135 mean_cycles=135 p50_instructions=135 p95_instructions=135 p99_instructions=135 p99_9_instructions=135 max_instructions=135 mean_instructions=135
RTBENCH metric=timer_jitter run=3 expected=2 collected=2 missing=0 p50_ns=359824 p95_ns=1400896 p99_ns=1400896 p99_9_ns=1400896 max_ns=1400896 miss_100us=2 miss_500us=1 miss_1ms=1 mean_ns=880360 p50_cycles=44504 p95_cycles=951955 p99_cycles=951955 p99_9_cycles=951955 max_cycles=951955 mean_cycles=498229 p50_instructions=44504 p95_instructions=951955 p99_instructions=951955 p99_9_instructions=951955 max_instructions=951955 mean_instructions=498229
RTBENCH metric=callback_exec run=3 expected=2 collected=2 missing=0 p50_ns=128 p95_ns=128 p99_ns=128 p99_9_ns=128 max_ns=128 miss_100us=0 miss_500us=0 miss_1ms=0 mean_ns=128 p50_cycles=135 p95_cycles=135 p99_cycles=135 p99_9_cycles=135 max_cycles=135 mean_cycles=135 p50_instructions=135 p95_instructions=135 p99_instructions=135 p99_9_instructions=135 max_instructions=135 mean_instructions=135
RTBENCH metric=preemption run=1 expected=2 collected=2 missing=0 p50_ns=608 p95_ns=624 p99_ns=624 p99_9_ns=624 max_ns=624 miss_100us=0 miss_500us=0 miss_1ms=0 mean_ns=616 p50_cycles=611 p95_cycles=611 p99_cycles=611 p99_9_cycles=611 max_cycles=611 mean_cycles=611 p50_instructions=611 p95_instructions=611 p99_instructions=611 p99_9_instructions=611 max_instructions=611 mean_instructions=611
RTBENCH metric=irq run=1 expected=2 collected=2 missing=0 p50_ns=111504 p95_ns=406608 p99_ns=406608 p99_9_ns=406608 max_ns=406608 miss_100us=2 miss_500us=0 miss_1ms=0 mean_ns=259056 p50_cycles=192 p95_cycles=438 p99_cycles=438 p99_9_cycles=438 max_cycles=438 mean_cycles=315 p50_instructions=192 p95_instructions=438 p99_instructions=438 p99_9_instructions=438 max_instructions=438 mean_instructions=315
RTBENCH metric=irq_to_task run=1 expected=2 collected=2 missing=0 p50_ns=91600 p95_ns=3439952 p99_ns=3439952 p99_9_ns=3439952 max_ns=3439952 miss_100us=1 miss_500us=1 miss_1ms=1 mean_ns=1765776 p50_cycles=825 p95_cycles=1349 p99_cycles=1349 p99_9_cycles=1349 max_cycles=1349 mean_cycles=1087 p50_instructions=825 p95_instructions=1349 p99_instructions=1349 p99_9_instructions=1349 max_instructions=1349 mean_instructions=1087
RTBENCH metric=irq_disabled_duration run=1 expected=2 collected=2 missing=0 p50_ns=416 p95_ns=432 p99_ns=432 p99_9_ns=432 max_ns=432 miss_100us=0 miss_500us=0 miss_1ms=0 mean_ns=424 p50_cycles=417 p95_cycles=417 p99_cycles=417 p99_9_cycles=417 max_cycles=417 mean_cycles=417 p50_instructions=417 p95_instructions=417 p99_instructions=417 p99_9_instructions=417 max_instructions=417 mean_instructions=417
RTBENCH metric=mutex_inversion run=1 expected=2 collected=2 missing=0 p50_ns=2816 p95_ns=3184 p99_ns=3184 p99_9_ns=3184 max_ns=3184 miss_100us=0 miss_500us=0 miss_1ms=0 mean_ns=3000 p50_cycles=2822 p95_cycles=3195 p99_cycles=3195 p99_9_cycles=3195 max_cycles=3195 mean_cycles=3008 p50_instructions=2822 p95_instructions=3195 p99_instructions=3195 p99_9_instructions=3195 max_instructions=3195 mean_instructions=3008
RTBENCH metric=wake_under_load run=1 expected=2 collected=2 missing=0 p50_ns=608 p95_ns=624 p99_ns=624 p99_9_ns=624 max_ns=624 miss_100us=0 miss_500us=0 miss_1ms=0 mean_ns=616 p50_cycles=611 p95_cycles=611 p99_cycles=611 p99_9_cycles=611 max_cycles=611 mean_cycles=611 p50_instructions=611 p95_instructions=611 p99_instructions=611 p99_9_instructions=611 max_instructions=611 mean_instructions=611
RTBENCH metric=context_switch run=1 expected=2 collected=2 missing=0 p50_ns=416 p95_ns=416 p99_ns=416 p99_9_ns=416 max_ns=416 miss_100us=0 miss_500us=0 miss_1ms=0 mean_ns=416 p50_cycles=415 p95_cycles=420 p99_cycles=420 p99_9_cycles=420 max_cycles=420 mean_cycles=417 p50_instructions=415 p95_instructions=420 p99_instructions=420 p99_9_instructions=420 max_instructions=420 mean_instructions=417
RTBENCH metric=scheduler_decision run=1 expected=2 collected=2 missing=0 p50_ns=112 p95_ns=128 p99_ns=128 p99_9_ns=128 max_ns=128 miss_100us=0 miss_500us=0 miss_1ms=0 mean_ns=120 p50_cycles=125 p95_cycles=125 p99_cycles=125 p99_9_cycles=125 max_cycles=125 mean_cycles=125 p50_instructions=125 p95_instructions=125 p99_instructions=125 p99_9_instructions=125 max_instructions=125 mean_instructions=125
RTBENCH metric=sync_sem run=1 expected=2 collected=2 missing=0 p50_ns=336 p95_ns=336 p99_ns=336 p99_9_ns=336 max_ns=336 miss_100us=0 miss_500us=0 miss_1ms=0 mean_ns=336 p50_cycles=338 p95_cycles=338 p99_cycles=338 p99_9_cycles=338 max_cycles=338 mean_cycles=338 p50_instructions=338 p95_instructions=338 p99_instructions=338 p99_9_instructions=338 max_instructions=338 mean_instructions=338
RTBENCH metric=sync_mutex run=1 expected=2 collected=2 missing=0 p50_ns=448 p95_ns=448 p99_ns=448 p99_9_ns=448 max_ns=448 miss_100us=0 miss_500us=0 miss_1ms=0 mean_ns=448 p50_cycles=448 p95_cycles=448 p99_cycles=448 p99_9_cycles=448 max_cycles=448 mean_cycles=448 p50_instructions=448 p95_instructions=448 p99_instructions=448 p99_9_instructions=448 max_instructions=448 mean_instructions=448
RTBENCH metric=sync_mailbox run=1 expected=2 collected=2 missing=0 p50_ns=368 p95_ns=368 p99_ns=368 p99_9_ns=368 max_ns=368 miss_100us=0 miss_500us=0 miss_1ms=0 mean_ns=368 p50_cycles=363 p95_cycles=363 p99_cycles=363 p99_9_cycles=363 max_cycles=363 mean_cycles=363 p50_instructions=363 p95_instructions=363 p99_instructions=363 p99_9_instructions=363 max_instructions=363 mean_instructions=363
RTBENCH metric=irq_handler_exec run=1 expected=2 collected=2 missing=0 p50_ns=16 p95_ns=32 p99_ns=32 p99_9_ns=32 max_ns=32 miss_100us=0 miss_500us=0 miss_1ms=0 mean_ns=24 p50_cycles=22 p95_cycles=22 p99_cycles=22 p99_9_cycles=22 max_cycles=22 mean_cycles=22 p50_instructions=22 p95_instructions=22 p99_instructions=22 p99_9_instructions=22 max_instructions=22 mean_instructions=22
RTBENCH metric=deadline_miss_under_load run=1 expected=2 collected=2 missing=0 p50_ns=234880 p95_ns=1122944 p99_ns=1122944 p99_9_ns=1122944 max_ns=1122944 miss_100us=2 miss_500us=1 miss_1ms=1 mean_ns=678912 p50_cycles=522672 p95_cycles=981275 p99_cycles=981275 p99_9_cycles=981275 max_cycles=981275 mean_cycles=751973 p50_instructions=522672 p95_instructions=981275 p99_instructions=981275 p99_9_instructions=981275 max_instructions=981275 mean_instructions=751973
RTBENCH_NET_READY port=9878 expected=2
RTBENCH metric=net_event_latency run=1 expected=2 collected=2 missing=0 p50_ns=525536 p95_ns=1501696 p99_ns=1501696 p99_9_ns=1501696 max_ns=1501696 miss_100us=2 miss_500us=2 miss_1ms=1 mean_ns=1013616 p50_cycles=187057 p95_cycles=434216 p99_cycles=434216 p99_9_cycles=434216 max_cycles=434216 mean_cycles=310636 p50_instructions=187056 p95_instructions=434215 p99_instructions=434215 p99_9_instructions=434215 max_instructions=434215 mean_instructions=310635
RTBENCH_NET_DIAGNOSTIC irq_dropped=0 irq_coalesced=0 probe_received=2 probe_acked=2 probe_no_irq=0 probe_duplicates=0 trigger_attempts=1 trigger_socket_failures=0 trigger_send_failures=0
RTBENCH_END status=PASS
qemu-system-aarch64: terminating on signal 15 from pid 3189431 (bash)
