















 \ | /
- RT -     Thread Operating System
 / | \     5.2.2 build Aug 27 2026 12:05:49
 2006 - 2024 Copyright by RT-Thread team
lwIP-2.1.2 initialized!


Axvisor RT-Thread guest ready
TASK3_RTOS_READY ip=192.168.77.30 port=9877
msh />
RTIPC_SERVER_READY ip=192.168.77.30 port=9876



TASK3_RTOS_FINAL requests=6 errors=0 duplicates=0 applied_steps=6 retries=0
TASK3_RTOS_FINAL_DONE
RTBENCH_BEGIN samples=10 frequency=62500000 pmu_event=0x8
RTBENCH_NS metric=timer_jitter run=1 expected=10 collected=10 missing=0 p50_ns=1760 p95_ns=493312 p99_ns=493312 p99_9_ns=493312 max_ns=493312 mean_ns=99913
RTBENCH_NS metric=timer_jitter run=1 expected=10 collected=10 missing=0 p50_ns=1760 p95_ns=493312 p99_ns=493312 p99_9_ns=493312 max_ns=493312 mean_ns=99913
RTBENCH_NS metric=timer_jitter run=1 expected=10 collected=10 missing=0 p50_ns=1760 p95_ns=493312 p99_ns=493312 p99_9_ns=493312 max_ns=493312 mean_ns=99913
RTBENCH_NS metric=callback_exec run=1 expected=10 collected=10 missing=0 p50_ns=128 p95_ns=144 p99_ns=144 p99_9_ns=144 max_ns=144 mean_ns=136
RTBENCH_NS metric=callback_exec run=1 expected=10 collected=10 missing=0 p50_ns=128 p95_ns=144 p99_ns=144 p99_9_ns=144 max_ns=144 mean_ns=136
RTBENCH_NS metric=callback_exec run=1 expected=10 collected=10 missing=0 p50_ns=128 p95_ns=144 p99_ns=144 p99_9_ns=144 max_ns=144 mean_ns=136
RTBENCH_NS metric=timer_jitter run=2 expected=10 collected=10 missing=0 p50_ns=6416 p95_ns=268336 p99_ns=268336 p99_9_ns=268336 max_ns=268336 mean_ns=62526
RTBENCH_NS metric=timer_jitter run=2 expected=10 collected=10 missing=0 p50_ns=6416 p95_ns=268336 p99_ns=268336 p99_9_ns=268336 max_ns=268336 mean_ns=62526
RTBENCH_NS metric=timer_jitter run=2 expected=10 collected=10 missing=0 p50_ns=6416 p95_ns=268336 p99_ns=268336 p99_9_ns=268336 max_ns=268336 mean_ns=62526
RTBENCH_NS metric=callback_exec run=2 expected=10 collected=10 missing=0 p50_ns=144 p95_ns=144 p99_ns=144 p99_9_ns=144 max_ns=144 mean_ns=139
RTBENCH_NS metric=callback_exec run=2 expected=10 collected=10 missing=0 p50_ns=144 p95_ns=144 p99_ns=144 p99_9_ns=144 max_ns=144 mean_ns=139
RTBENCH_NS metric=callback_exec run=2 expected=10 collected=10 missing=0 p50_ns=144 p95_ns=144 p99_ns=144 p99_9_ns=144 max_ns=144 mean_ns=139
RTBENCH_NS metric=timer_jitter run=3 expected=10 collected=10 missing=0 p50_ns=8768 p95_ns=83472 p99_ns=83472 p99_9_ns=83472 max_ns=83472 mean_ns=27001
RTBENCH_NS metric=timer_jitter run=3 expected=10 collected=10 missing=0 p50_ns=8768 p95_ns=83472 p99_ns=83472 p99_9_ns=83472 max_ns=83472 mean_ns=27001
RTBENCH_NS metric=timer_jitter run=3 expected=10 collected=10 missing=0 p50_ns=8768 p95_ns=83472 p99_ns=83472 p99_9_ns=83472 max_ns=83472 mean_ns=27001
RTBENCH_NS metric=callback_exec run=3 expected=10 collected=10 missing=0 p50_ns=128 p95_ns=144 p99_ns=144 p99_9_ns=144 max_ns=144 mean_ns=134
RTBENCH_NS metric=callback_exec run=3 expected=10 collected=10 missing=0 p50_ns=128 p95_ns=144 p99_ns=144 p99_9_ns=144 max_ns=144 mean_ns=134
RTBENCH_NS metric=callback_exec run=3 expected=10 collected=10 missing=0 p50_ns=128 p95_ns=144 p99_ns=144 p99_9_ns=144 max_ns=144 mean_ns=134
RTBENCH_NS metric=preemption run=1 expected=10 collected=10 missing=0 p50_ns=608 p95_ns=624 p99_ns=624 p99_9_ns=624 max_ns=624 mean_ns=614
RTBENCH_NS metric=preemption run=1 expected=10 collected=10 missing=0 p50_ns=608 p95_ns=624 p99_ns=624 p99_9_ns=624 max_ns=624 mean_ns=614
RTBENCH_NS metric=preemption run=1 expected=10 collected=10 missing=0 p50_ns=608 p95_ns=624 p99_ns=624 p99_9_ns=624 max_ns=624 mean_ns=614
RTBENCH_NS metric=irq run=1 expected=10 collected=10 missing=0 p50_ns=25312 p95_ns=38992 p99_ns=38992 p99_9_ns=38992 max_ns=38992 mean_ns=26680
RTBENCH_NS metric=irq run=1 expected=10 collected=10 missing=0 p50_ns=25312 p95_ns=38992 p99_ns=38992 p99_9_ns=38992 max_ns=38992 mean_ns=26680
RTBENCH_NS metric=irq run=1 expected=10 collected=10 missing=0 p50_ns=25312 p95_ns=38992 p99_ns=38992 p99_9_ns=38992 max_ns=38992 mean_ns=26680
RTBENCH_NS metric=irq_to_task run=1 expected=10 collected=10 missing=0 p50_ns=26912 p95_ns=45328 p99_ns=45328 p99_9_ns=45328 max_ns=45328 mean_ns=28656
RTBENCH_NS metric=irq_to_task run=1 expected=10 collected=10 missing=0 p50_ns=26912 p95_ns=45328 p99_ns=45328 p99_9_ns=45328 max_ns=45328 mean_ns=28656
RTBENCH_NS metric=irq_to_task run=1 expected=10 collected=10 missing=0 p50_ns=26912 p95_ns=45328 p99_ns=45328 p99_9_ns=45328 max_ns=45328 mean_ns=28656
RTBENCH_NS metric=irq_disabled_duration run=1 expected=10 collected=10 missing=0 p50_ns=416 p95_ns=416 p99_ns=416 p99_9_ns=416 max_ns=416 mean_ns=416
RTBENCH_NS metric=irq_disabled_duration run=1 expected=10 collected=10 missing=0 p50_ns=416 p95_ns=416 p99_ns=416 p99_9_ns=416 max_ns=416 mean_ns=416
RTBENCH_NS metric=irq_disabled_duration run=1 expected=10 collected=10 missing=0 p50_ns=416 p95_ns=416 p99_ns=416 p99_9_ns=416 max_ns=416 mean_ns=416
RTBENCH_NS metric=mutex_inversion run=1 expected=10 collected=10 missing=0 p50_ns=2816 p95_ns=2832 p99_ns=2832 p99_9_ns=2832 max_ns=2832 mean_ns=2822
RTBENCH_NS metric=mutex_inversion run=1 expected=10 collected=10 missing=0 p50_ns=2816 p95_ns=2832 p99_ns=2832 p99_9_ns=2832 max_ns=2832 mean_ns=2822
RTBENCH_NS metric=mutex_inversion run=1 expected=10 collected=10 missing=0 p50_ns=2816 p95_ns=2832 p99_ns=2832 p99_9_ns=2832 max_ns=2832 mean_ns=2822
RTBENCH_NS metric=wake_under_load run=1 expected=10 collected=10 missing=0 p50_ns=608 p95_ns=624 p99_ns=624 p99_9_ns=624 max_ns=624 mean_ns=612
RTBENCH_NS metric=wake_under_load run=1 expected=10 collected=10 missing=0 p50_ns=608 p95_ns=624 p99_ns=624 p99_9_ns=624 max_ns=624 mean_ns=612
RTBENCH_NS metric=wake_under_load run=1 expected=10 collected=10 missing=0 p50_ns=608 p95_ns=624 p99_ns=624 p99_9_ns=624 max_ns=624 mean_ns=612
RTBENCH_NS metric=context_switch run=1 expected=10 collected=10 missing=0 p50_ns=416 p95_ns=432 p99_ns=432 p99_9_ns=432 max_ns=432 mean_ns=419
RTBENCH_NS metric=context_switch run=1 expected=10 collected=10 missing=0 p50_ns=416 p95_ns=432 p99_ns=432 p99_9_ns=432 max_ns=432 mean_ns=419
RTBENCH_NS metric=context_switch run=1 expected=10 collected=10 missing=0 p50_ns=416 p95_ns=432 p99_ns=432 p99_9_ns=432 max_ns=432 mean_ns=419
RTBENCH_NS metric=scheduler_decision run=1 expected=10 collected=10 missing=0 p50_ns=128 p95_ns=128 p99_ns=128 p99_9_ns=128 max_ns=128 mean_ns=124
RTBENCH_NS metric=scheduler_decision run=1 expected=10 collected=10 missing=0 p50_ns=128 p95_ns=128 p99_ns=128 p99_9_ns=128 max_ns=128 mean_ns=124
RTBENCH_NS metric=scheduler_decision run=1 expected=10 collected=10 missing=0 p50_ns=128 p95_ns=128 p99_ns=128 p99_9_ns=128 max_ns=128 mean_ns=124
RTBENCH_NS metric=sync_sem run=1 expected=10 collected=10 missing=0 p50_ns=336 p95_ns=352 p99_ns=352 p99_9_ns=352 max_ns=352 mean_ns=339
RTBENCH_NS metric=sync_sem run=1 expected=10 collected=10 missing=0 p50_ns=336 p95_ns=352 p99_ns=352 p99_9_ns=352 max_ns=352 mean_ns=339
RTBENCH_NS metric=sync_sem run=1 expected=10 collected=10 missing=0 p50_ns=336 p95_ns=352 p99_ns=352 p99_9_ns=352 max_ns=352 mean_ns=339
RTBENCH_NS metric=sync_mutex run=1 expected=10 collected=10 missing=0 p50_ns=448 p95_ns=448 p99_ns=448 p99_9_ns=448 max_ns=448 mean_ns=448
RTBENCH_NS metric=sync_mutex run=1 expected=10 collected=10 missing=0 p50_ns=448 p95_ns=448 p99_ns=448 p99_9_ns=448 max_ns=448 mean_ns=448
RTBENCH_NS metric=sync_mutex run=1 expected=10 collected=10 missing=0 p50_ns=448 p95_ns=448 p99_ns=448 p99_9_ns=448 max_ns=448 mean_ns=448
RTBENCH_NS metric=sync_mailbox run=1 expected=10 collected=10 missing=0 p50_ns=368 p95_ns=368 p99_ns=368 p99_9_ns=368 max_ns=368 mean_ns=363
RTBENCH_NS metric=sync_mailbox run=1 expected=10 collected=10 missing=0 p50_ns=368 p95_ns=368 p99_ns=368 p99_9_ns=368 max_ns=368 mean_ns=363
RTBENCH_NS metric=sync_mailbox run=1 expected=10 collected=10 missing=0 p50_ns=368 p95_ns=368 p99_ns=368 p99_9_ns=368 max_ns=368 mean_ns=363
RTBENCH_NS metric=irq_handler_exec run=1 expected=10 collected=10 missing=0 p50_ns=32 p95_ns=32 p99_ns=32 p99_9_ns=32 max_ns=32 mean_ns=27
RTBENCH_NS metric=irq_handler_exec run=1 expected=10 collected=10 missing=0 p50_ns=32 p95_ns=32 p99_ns=32 p99_9_ns=32 max_ns=32 mean_ns=27
RTBENCH_NS metric=irq_handler_exec run=1 expected=10 collected=10 missing=0 p50_ns=32 p95_ns=32 p99_ns=32 p99_9_ns=32 max_ns=32 mean_ns=27
RTBENCH_NS metric=deadline_miss_under_load run=1 expected=10 collected=10 missing=0 p50_ns=0 p95_ns=873904 p99_ns=873904 p99_9_ns=873904 max_ns=873904 mean_ns=133713
RTBENCH_NS metric=deadline_miss_under_load run=1 expected=10 collected=10 missing=0 p50_ns=0 p95_ns=873904 p99_ns=873904 p99_9_ns=873904 max_ns=873904 mean_ns=133713
RTBENCH_NS metric=deadline_miss_under_load run=1 expected=10 collected=10 missing=0 p50_ns=0 p95_ns=873904 p99_ns=873904 p99_9_ns=873904 max_ns=873904 mean_ns=133713
RTBENCH_NET_READY port=9878 expected=10
RTBENCH_NS metric=net_event_latency run=1 expected=10 collected=10 missing=0 p50_ns=158528 p95_ns=639056 p99_ns=639056 p99_9_ns=639056 max_ns=639056 mean_ns=281217
RTBENCH_NS metric=net_event_latency run=1 expected=10 collected=10 missing=0 p50_ns=158528 p95_ns=639056 p99_ns=639056 p99_9_ns=639056 max_ns=639056 mean_ns=281217
RTBENCH_NS metric=net_event_latency run=1 expected=10 collected=10 missing=0 p50_ns=158528 p95_ns=639056 p99_ns=639056 p99_9_ns=639056 max_ns=639056 mean_ns=281217
RTBENCH_NET_DIAGNOSTIC irq_dropped=0 irq_coalesced=0 probe_received=10 probe_acked=10 probe_no_irq=0 probe_duplicates=0 trigger_attempts=1 trigger_socket_failures=0 trigger_send_failures=0
RTBENCH_END status=PASS
