    Finished `dev` profile [unoptimized + debuginfo] target(s) in 0.16s
     Running `target/debug/tg-xtask axvisor build --config qemu-aarch64-two-guest-net --smp 4 --vmconfigs /home/yfblock/Code/hyper-rtos/tgoskits/tmp/rtthread-runtime.aaxvisor1787239514933718/rtthread-net.toml`
[2026-08-20T15:25:14Z INFO  axbuild::context] Workspace root: /home/yfblock/Code/hyper-rtos/tgoskits
[2026-08-20T15:25:14Z INFO  axbuild::context] Workspace member dir for axvisor: /home/yfblock/Code/hyper-rtos/tgoskits/os/axvisor
Using build config: qemu-aarch64-two-guest-net
[axbuild] cargo build package=axvisor target=scripts/targets/std/pie/aarch64-unknown-linux-musl.json config=qemu-aarch64-two-guest-net ...
sh -c /home/yfblock/Code/hyper-rtos/tgoskits/tmp/axbuild/std/prebuild/prebuild-aarch64-unknown-linux-musl-7966bc059fb4a3c4.sh
AR_aarch64_unknown_linux_musl=aarch64-linux-musl-ar
AXVISOR_VM_CONFIGS=/home/yfblock/Code/hyper-rtos/tgoskits/tmp/rtthread-runtime.aaxvisor1787239514933718/rtthread-net.toml
AX_ARCH=aarch64
AX_LOG=info
AX_TARGET=aarch64-unknown-none-softfloat
BINDGEN_EXTRA_CLANG_ARGS_aarch64_unknown_linux_musl=--target=aarch64-linux-musl --sysroot=/home/yfblock/Env/aarch64-linux-musl-cross/bin/../aarch64-linux-musl --gcc-toolchain=/home/yfblock/Env/aarch64-linux-musl-cross -isystem /home/yfblock/Env/aarch64-linux-musl-cross/bin/../aarch64-linux-musl/include -isystem /home/yfblock/Env/aarch64-linux-musl-cross/lib/gcc/aarch64-linux-musl/11.2.1/include -mgeneral-regs-only
CARGO_UNSTABLE_JSON_TARGET_SPEC=true
CC_aarch64_unknown_linux_musl=aarch64-linux-musl-cc
CFLAGS_aarch64_unknown_linux_musl=-mgeneral-regs-only -fno-stack-protector
CXXFLAGS_aarch64_unknown_linux_musl=-mgeneral-regs-only -fno-stack-protector
SMP=4
cargo build --config /home/yfblock/Code/hyper-rtos/tgoskits/tmp/axbuild/std/config-aarch64-unknown-linux-musl-dynamic.toml -p axvisor --target scripts/targets/std/pie/aarch64-unknown-linux-musl.json -Z unstable-options --target-dir /home/yfblock/Code/hyper-rtos/tgoskits/target --features ax-std/fs,ax-std/nvme,ax-std/smp,fs,log/release_max_level_info -Z json-target-spec --bin axvisor --release --message-format json-render-diagnostics
   Compiling axvisor v0.5.24 (/home/yfblock/Code/hyper-rtos/tgoskits/os/axvisor)
warning: associated function `defer_irq_deactivation` is never used
  --> platforms/somehal/src/common.rs:26:8
   |
 7 | pub trait PlatOp {
   |           ------ associated function in this trait
...
26 |     fn defer_irq_deactivation(_active: &mut Self::ActiveIrq) -> Result<(), IrqError> {
   |        ^^^^^^^^^^^^^^^^^^^^^^
   |
   = note: `#[warn(dead_code)]` (part of `#[warn(unused)]`) on by default

warning: `somehal` (lib) generated 1 warning
warning: associated function `after_external_interrupt` is never used
   --> virtualization/axvm/src/architecture/ops.rs:113:8
    |
 12 | pub(crate) trait ArchOps {
    |                  ------- associated function in this trait
...
113 |     fn after_external_interrupt(
    |        ^^^^^^^^^^^^^^^^^^^^^^^^
    |
    = note: `#[warn(dead_code)]` (part of `#[warn(unused)]`) on by default

warning: function `host_console_irq` is never used
  --> virtualization/axvm/src/host/arceos.rs:91:15
   |
91 | pub(crate) fn host_console_irq() -> Option<modules::ax_hal::irq::IrqId> {
   |               ^^^^^^^^^^^^^^^^

warning: function `dispatch_host_irq` is never used
  --> virtualization/axvm/src/host/arceos.rs:95:15
   |
95 | pub(crate) fn dispatch_host_irq(vector: usize) {
   |               ^^^^^^^^^^^^^^^^^

warning: function `with_vm` is never used
  --> virtualization/axvm/src/manager.rs:56:15
   |
56 | pub(crate) fn with_vm<F, R>(vm_id: VMId, f: F) -> Option<R>
   |               ^^^^^^^

warning: function `active_vcpu_mask` is never used
  --> virtualization/axvm/src/manager.rs:65:15
   |
65 | pub(crate) fn active_vcpu_mask(vm_id: VMId) -> Option<usize> {
   |               ^^^^^^^^^^^^^^^^

warning: function `inject_interrupt` is never used
  --> virtualization/axvm/src/manager.rs:77:15
   |
77 | pub(crate) fn inject_interrupt(vm_id: VMId, vcpu_id: usize, vector: usize) -> AxVmResult {
   |               ^^^^^^^^^^^^^^^^

warning: variant `Generic` is never constructed
  --> virtualization/axvm/src/runtime/hvc.rs:26:5
   |
25 | pub(crate) enum HyperCallAbi {
   |                 ------------ variant in this enum
26 |     Generic,
   |     ^^^^^^^
   |
   = note: `HyperCallAbi` has derived impls for the traits `Debug` and `Clone`, but these are intentionally ignored during dead code analysis

warning: method `handle` is never used
   --> virtualization/axvm/src/timer.rs:158:8
    |
113 | impl TimerWheels {
    | ---------------- method in this implementation
...
158 |     fn handle(&self, token: usize) -> Option<VmTimerHandle> {
    |        ^^^^^^

warning: function `cancel_timer` is never used
   --> virtualization/axvm/src/timer.rs:236:15
    |
236 | pub(crate) fn cancel_timer(token: usize) {
    |               ^^^^^^^^^^^^

warning: field `host_timer_policy` is never read
   --> virtualization/axvm/src/vm/mod.rs:772:5
    |
768 | pub struct AxVM {
    |            ---- field in this struct
...
772 |     host_timer_policy: HostTimerPolicy,
    |     ^^^^^^^^^^^^^^^^^

warning: associated items `host_timer_policy`, `try_handle_port_write`, `handle_nested_page_fault`, and `debug_nested_page_fault` are never used
    --> virtualization/axvm/src/vm/mod.rs:833:25
     |
 781 | impl AxVM {
     | --------- associated items in this implementation
...
 833 |     pub(crate) const fn host_timer_policy(&self) -> HostTimerPolicy {
     |                         ^^^^^^^^^^^^^^^^^
...
1288 |     pub(crate) fn try_handle_port_write(
     |                   ^^^^^^^^^^^^^^^^^^^^^
...
1301 |     pub(crate) fn handle_nested_page_fault(
     |                   ^^^^^^^^^^^^^^^^^^^^^^^^
...
1316 |     fn debug_nested_page_fault(
     |        ^^^^^^^^^^^^^^^^^^^^^^^

warning: struct `SimpleVmPlan` is never constructed
  --> virtualization/axvm/src/vm/prepare/device_plan/mod.rs:60:19
   |
60 | pub(crate) struct SimpleVmPlan(VmDevicePlan);
   |                   ^^^^^^^^^^^^

warning: associated function `new` is never used
  --> virtualization/axvm/src/vm/prepare/device_plan/mod.rs:63:25
   |
62 | impl SimpleVmPlan {
   | ----------------- associated function in this implementation
63 |     pub(crate) const fn new(devices: VmDevicePlan) -> Self {
   |                         ^^^

warning: `axvm` (lib) generated 13 warnings
    Finished `release` profile [optimized] target(s) in 0.98s
warning: the following packages contain code that will be rejected by a future version of Rust: core v0.0.0 (/home/yfblock/.rustup/toolchains/nightly-2026-07-15-x86_64-unknown-linux-gnu/lib/rustlib/src/rust/library/core), memchr v2.8.3
note: to see what the problems were, use the option `--future-incompat-report`, or run `cargo report future-incompatibilities --id 1`
[axbuild] cargo build package=axvisor target=scripts/targets/std/pie/aarch64-unknown-linux-musl.json config=qemu-aarch64-two-guest-net ... done (1.20s)
[axbuild] cargo build elf=/home/yfblock/Code/hyper-rtos/tgoskits/target/aarch64-unknown-linux-musl/release/axvisor
[axbuild] cargo build artifact_dir=/home/yfblock/Code/hyper-rtos/tgoskits/target/aarch64-unknown-linux-musl/release
