    Finished `dev` profile [unoptimized + debuginfo] target(s) in 0.20s
     Running `target/debug/tg-xtask axvisor task123 uboot --rtos zephyr --app-guest linux --realtime-suite --rtbench-samples 10 --config os/axvisor/configs/board/rock-4d-task123-zephyr-linux.toml --uboot-config os/StarryOS/configs/board/rock-4d-uboot-local.toml`
[2026-08-24T17:57:15Z INFO  axbuild::context] Workspace root: /home/yfblock/Code/tgoskits-GoGoGo
TASK123_GUEST_ARTIFACTS app_guest=linux linux_kernel=/home/yfblock/Code/tgoskits-GoGoGo/tmp/source-cache/task3-alpine-linux/6.12.21-alpine-3.23.0/images/linux/Image linux_initramfs=/home/yfblock/Code/tgoskits-GoGoGo/tmp/source-cache/task3-alpine-linux/6.12.21-alpine-3.23.0/images/linux/rootfs.cpio.gz
TASK123_UBOOT_CONFIG_WRITTEN /home/yfblock/Code/tgoskits-GoGoGo/tmp/task123-uboot-zephyr-linux-3419669.toml
TASK123_UBOOT combination=zephyr+/linux config=/home/yfblock/Code/tgoskits-GoGoGo/os/axvisor/configs/board/rock-4d-task123-zephyr-linux.toml uboot_config=/home/yfblock/Code/tgoskits-GoGoGo/tmp/task123-uboot-zephyr-linux-3419669.toml
[2026-08-24T17:57:15Z INFO  axbuild::context] Workspace member dir for axvisor: /home/yfblock/Code/tgoskits-GoGoGo/os/axvisor
Using build config: /home/yfblock/Code/tgoskits-GoGoGo/os/axvisor/configs/board/rock-4d-task123-zephyr-linux.toml
[2026-08-24T17:57:15Z INFO  axbuild::axvisor::build::zephyr] AxVisor pre-build will prepare Zephyr image /home/yfblock/Code/tgoskits-GoGoGo/tmp/source-cache/zephyr/dccb09599635bdff17633fa7e9dab014b91dce90/current-image/current/zephyr.bin for VM config /home/yfblock/Code/tgoskits-GoGoGo/tmp/axbuild/axvisor/resolved-vm-configs/a1e383995c17e04bdd60d6a3d1a92b0557200f9f4a76a6df5f84e06de724a8fb.toml
[axbuild] uboot build+run package=axvisor target=scripts/targets/std/pie/aarch64-unknown-linux-musl.json config=/home/yfblock/Code/tgoskits-GoGoGo/os/axvisor/configs/board/rock-4d-task123-zephyr-linux.toml ...
sh -c /home/yfblock/Code/tgoskits-GoGoGo/tmp/axbuild/std/prebuild/prebuild-aarch64-unknown-linux-musl-fa6da7fc3844f321.sh
sh -c bash '/home/yfblock/Code/tgoskits-GoGoGo/os/axvisor/scripts/build_zephyr_task123.sh' --board rock-4d '/home/yfblock/Code/tgoskits-GoGoGo/tmp/source-cache/zephyr/dccb09599635bdff17633fa7e9dab014b91dce90/current-image'
Zephyr Task123 image cache is current: /home/yfblock/Code/tgoskits-GoGoGo/tmp/source-cache/zephyr/dccb09599635bdff17633fa7e9dab014b91dce90/current-image/current/zephyr.bin
AR_aarch64_unknown_linux_musl=aarch64-linux-musl-ar
AXVISOR_VM_CONFIGS=/home/yfblock/Code/tgoskits-GoGoGo/os/axvisor/configs/vms/rock-4d/linux-task123.toml:/home/yfblock/Code/tgoskits-GoGoGo/tmp/axbuild/axvisor/resolved-vm-configs/a1e383995c17e04bdd60d6a3d1a92b0557200f9f4a76a6df5f84e06de724a8fb.toml
AX_ARCH=aarch64
AX_LOG=info
AX_TARGET=aarch64-unknown-none-softfloat
BINDGEN_EXTRA_CLANG_ARGS_aarch64_unknown_linux_musl=--target=aarch64-linux-musl --sysroot=/home/yfblock/Env/aarch64-linux-musl-cross/bin/../aarch64-linux-musl --gcc-toolchain=/home/yfblock/Env/aarch64-linux-musl-cross -isystem /home/yfblock/Env/aarch64-linux-musl-cross/bin/../aarch64-linux-musl/include -isystem /home/yfblock/Env/aarch64-linux-musl-cross/lib/gcc/aarch64-linux-musl/11.2.1/include -mgeneral-regs-only
CARGO_UNSTABLE_JSON_TARGET_SPEC=true
CC_aarch64_unknown_linux_musl=aarch64-linux-musl-cc
CFLAGS_aarch64_unknown_linux_musl=-mgeneral-regs-only -fno-stack-protector
CXXFLAGS_aarch64_unknown_linux_musl=-mgeneral-regs-only -fno-stack-protector
SMP=8
cargo build --config /home/yfblock/Code/tgoskits-GoGoGo/tmp/axbuild/std/config-aarch64-unknown-linux-musl-dynamic.toml -p axvisor --target scripts/targets/std/pie/aarch64-unknown-linux-musl.json -Z unstable-options --target-dir /home/yfblock/Code/tgoskits-GoGoGo/target --features ax-std/smp,log/release_max_level_info -Z json-target-spec --bin axvisor --release --message-format json-render-diagnostics
warning: associated function `defer_irq_deactivation` is never used
  --> platforms/somehal/src/common.rs:26:8
   |
 7 | pub trait PlatOp {
   |           ------ associated function in this trait
...
26 |     fn defer_irq_deactivation(_active: &mut Self::ActiveIrq) -> Result<(), IrqError> {
   |        ^^^^^^^^^^^^^^^^^^^^^^
   |
   = note: `#[warn(dead_code)]` (part of `#[warn(unused)]`) on by default

warning: `somehal` (lib) generated 1 warning
warning: associated function `after_external_interrupt` is never used
   --> virtualization/axvm/src/architecture/ops.rs:121:8
    |
 12 | pub(crate) trait ArchOps {
    |                  ------- associated function in this trait
...
121 |     fn after_external_interrupt(
    |        ^^^^^^^^^^^^^^^^^^^^^^^^
    |
    = note: `#[warn(dead_code)]` (part of `#[warn(unused)]`) on by default

warning: function `host_console_irq` is never used
  --> virtualization/axvm/src/host/arceos.rs:91:15
   |
91 | pub(crate) fn host_console_irq() -> Option<modules::ax_hal::irq::IrqId> {
   |               ^^^^^^^^^^^^^^^^

warning: function `dispatch_host_irq` is never used
  --> virtualization/axvm/src/host/arceos.rs:95:15
   |
95 | pub(crate) fn dispatch_host_irq(vector: usize) {
   |               ^^^^^^^^^^^^^^^^^

warning: function `with_vm` is never used
  --> virtualization/axvm/src/manager.rs:56:15
   |
56 | pub(crate) fn with_vm<F, R>(vm_id: VMId, f: F) -> Option<R>
   |               ^^^^^^^

warning: function `active_vcpu_mask` is never used
  --> virtualization/axvm/src/manager.rs:65:15
   |
65 | pub(crate) fn active_vcpu_mask(vm_id: VMId) -> Option<usize> {
   |               ^^^^^^^^^^^^^^^^

warning: function `inject_interrupt` is never used
  --> virtualization/axvm/src/manager.rs:77:15
   |
77 | pub(crate) fn inject_interrupt(vm_id: VMId, vcpu_id: usize, vector: usize) -> AxVmResult {
   |               ^^^^^^^^^^^^^^^^

warning: variant `Generic` is never constructed
  --> virtualization/axvm/src/runtime/hvc.rs:26:5
   |
25 | pub(crate) enum HyperCallAbi {
   |                 ------------ variant in this enum
26 |     Generic,
   |     ^^^^^^^
   |
   = note: `HyperCallAbi` has derived impls for the traits `Debug` and `Clone`, but these are intentionally ignored during dead code analysis

warning: method `handle` is never used
   --> virtualization/axvm/src/timer.rs:158:8
    |
113 | impl TimerWheels {
    | ---------------- method in this implementation
...
158 |     fn handle(&self, token: usize) -> Option<VmTimerHandle> {
    |        ^^^^^^

warning: function `cancel_timer` is never used
   --> virtualization/axvm/src/timer.rs:236:15
    |
236 | pub(crate) fn cancel_timer(token: usize) {
    |               ^^^^^^^^^^^^

warning: method `notification_generation` is never used
   --> virtualization/axvm/src/vm/mod.rs:446:19
    |
256 | impl VmRuntimeHandle {
    | -------------------- method in this implementation
...
446 |     pub(crate) fn notification_generation(&self) -> usize {
    |                   ^^^^^^^^^^^^^^^^^^^^^^^

warning: field `host_timer_policy` is never read
   --> virtualization/axvm/src/vm/mod.rs:861:5
    |
857 | pub struct AxVM {
    |            ---- field in this struct
...
861 |     host_timer_policy: HostTimerPolicy,
    |     ^^^^^^^^^^^^^^^^^

warning: associated items `host_timer_policy`, `try_handle_port_write`, `handle_nested_page_fault`, and `debug_nested_page_fault` are never used
    --> virtualization/axvm/src/vm/mod.rs:922:25
     |
 870 | impl AxVM {
     | --------- associated items in this implementation
...
 922 |     pub(crate) const fn host_timer_policy(&self) -> HostTimerPolicy {
     |                         ^^^^^^^^^^^^^^^^^
...
1378 |     pub(crate) fn try_handle_port_write(
     |                   ^^^^^^^^^^^^^^^^^^^^^
...
1391 |     pub(crate) fn handle_nested_page_fault(
     |                   ^^^^^^^^^^^^^^^^^^^^^^^^
...
1406 |     fn debug_nested_page_fault(
     |        ^^^^^^^^^^^^^^^^^^^^^^^

warning: struct `SimpleVmPlan` is never constructed
  --> virtualization/axvm/src/vm/prepare/device_plan/mod.rs:60:19
   |
60 | pub(crate) struct SimpleVmPlan(VmDevicePlan);
   |                   ^^^^^^^^^^^^

warning: associated function `new` is never used
  --> virtualization/axvm/src/vm/prepare/device_plan/mod.rs:63:25
   |
62 | impl SimpleVmPlan {
   | ----------------- associated function in this implementation
63 |     pub(crate) const fn new(devices: VmDevicePlan) -> Self {
   |                         ^^^

warning: `axvm` (lib) generated 14 warnings
warning: associated functions `create_vm_from_toml` and `start_vm` are never used
  --> os/axvisor/src/manager.rs:50:12
   |
24 | impl AxvmManager {
   | ---------------- associated functions in this implementation
...
50 |     pub fn create_vm_from_toml(raw_cfg: &str) -> Result<VMId> {
   |            ^^^^^^^^^^^^^^^^^^^
...
55 |     pub fn start_vm(vm_id: VMId) -> Result<()> {
   |            ^^^^^^^^
   |
   = note: `#[warn(dead_code)]` (part of `#[warn(unused)]`) on by default

warning: function `can_start_vm` is never used
  --> os/axvisor/src/shell/command/vm.rs:32:4
   |
32 | fn can_start_vm(status: VmStatus) -> Result<(), &'static str> {
   |    ^^^^^^^^^^^^

warning: function `start_single_vm` is never used
   --> os/axvisor/src/shell/command/vm.rs:243:4
    |
243 | fn start_single_vm(vm: axvm::AxVMRef) -> anyhow::Result<()> {
    |    ^^^^^^^^^^^^^^^

warning: function `start_vm_by_id` is never used
   --> os/axvisor/src/shell/command/vm.rs:254:4
    |
254 | fn start_vm_by_id(vm_id: usize, attach_console: bool) {
    |    ^^^^^^^^^^^^^^

warning: `axvisor` (bin "axvisor") generated 4 warnings
    Finished `release` profile [optimized] target(s) in 0.27s
warning: the following packages contain code that will be rejected by a future version of Rust: core v0.0.0 (/home/yfblock/.rustup/toolchains/nightly-2026-07-15-x86_64-unknown-linux-gnu/lib/rustlib/src/rust/library/core), memchr v2.8.3
note: to see what the problems were, use the option `--future-incompat-report`, or run `cargo report future-incompatibilities --id 1`
Converting ELF to BIN format...
  elf: /home/yfblock/Code/tgoskits-GoGoGo/target/aarch64-unknown-linux-musl/release/axvisor
  bin: /home/yfblock/Code/tgoskits-GoGoGo/target/aarch64-unknown-linux-musl/release/axvisor.bin
/home/yfblock/.rustup/toolchains/nightly-2026-07-15-x86_64-unknown-linux-gnu/lib/rustlib/x86_64-unknown-linux-gnu/bin/llvm-objcopy --strip-all -O binary /home/yfblock/Code/tgoskits-GoGoGo/target/aarch64-unknown-linux-musl/release/axvisor /home/yfblock/Code/tgoskits-GoGoGo/target/aarch64-unknown-linux-musl/release/axvisor.bin
[2026-08-24T17:57:16Z INFO  ostool::run::uboot] Starting U-Boot runner...
[2026-08-24T17:57:16Z INFO  ostool::run::uboot] kernel from: /home/yfblock/Code/tgoskits-GoGoGo/target/aarch64-unknown-linux-musl/release/axvisor.bin
[2026-08-24T17:57:16Z INFO  ostool::run::uboot] TFTP : 192.168.1.17
[2026-08-24T17:57:16Z INFO  ostool::run::uboot] Linux detected: using net.tftp_dir=/srv/tftp and skipping all tftpd-hpa checks
[2026-08-24T17:57:16Z INFO  ostool::run::uboot] Using network interface hint: wlan0
[2026-08-24T17:57:16Z INFO  ostool::run::uboot] Opening serial port: /dev/ttyUSB0 @ 1500000
Waiting for board on power or reset...
sh -c sg2002-ctl 1; sleep 3; rk3576-rst
sg2002 (2031971012) 的 on 值已设置为 1
sg2002 (2031971012) 的 on 值已设置为 0
sg2002 (2031971012) 的 on 值已设置为 1
[2026-08-24T17:57:26Z INFO  uboot_shell] cmd: setenv autoload yes
[2026-08-24T17:57:27Z INFO  uboot_shell] cmd: setenv gatewayip 192.168.1.1
[2026-08-24T17:57:27Z INFO  uboot_shell] cmd: setenv netmask 255.255.255.0
[2026-08-24T17:57:28Z INFO  uboot_shell] cmd: setenv ipaddr 192.168.1.213
[2026-08-24T17:57:28Z INFO  uboot_shell] cmd: net list
[2026-08-24T17:57:28Z INFO  ostool::run::uboot] Board network ok
[2026-08-24T17:57:28Z INFO  uboot_shell] cmd: setenv serverip 192.168.1.17
[2026-08-24T17:57:29Z INFO  uboot_shell] cmd: echo $fdt_addr_r
[2026-08-24T17:57:29Z INFO  uboot_shell] cmd: echo $ramdisk_addr_r
[2026-08-24T17:57:30Z INFO  uboot_shell] cmd: echo $kernel_addr_r
[2026-08-24T17:57:30Z INFO  ostool::run::uboot] Using $kernel_addr_r as kernel entry: 0x42000000
[2026-08-24T17:57:30Z INFO  uboot_shell] cmd: echo $kernel_comp_addr_r
[2026-08-24T17:57:30Z INFO  ostool::run::uboot] image load to kernel_comp_addr_r: 0x4a000000
[2026-08-24T17:57:30Z INFO  uboot_shell] cmd: setenv loadaddr 0x4a000000
[2026-08-24T17:57:31Z INFO  ostool::run::uboot] fitimage loadaddr: 0x4a000000
[2026-08-24T17:57:31Z INFO  ostool::run::uboot] kernel entry: 0x42000000
[2026-08-24T17:57:31Z INFO  ostool::run::uboot] Using DTB from: os/StarryOS/configs/board/rock-4d.dtb
[2026-08-24T17:57:31Z INFO  ostool::boot::fit] Making FIT image...
[2026-08-24T17:57:31Z INFO  ostool::boot::fit] kernel: /home/yfblock/Code/tgoskits-GoGoGo/target/aarch64-unknown-linux-musl/release/axvisor.bin (size: 16941120)
[2026-08-24T17:57:31Z INFO  ostool::boot::fit] 已读取 DTB 文件: os/StarryOS/configs/board/rock-4d.dtb (大小: 267009)
[2026-08-24T17:57:31Z INFO  ostool::boot::fit] FIT image ok: /home/yfblock/Code/tgoskits-GoGoGo/target/aarch64-unknown-linux-musl/release/image.fit
[2026-08-24T17:57:31Z INFO  ostool::run::uboot] Staged FIT image to: /srv/tftp/ostool/3419669-18cecf8023aec727-0/image.fit
[2026-08-24T17:57:31Z INFO  uboot_shell] cmd: setenv bootfile ostool/3419669-18cecf8023aec727-0/image.fit
[2026-08-24T17:57:31Z INFO  ostool::run::uboot] Booting kernel with command: tftp ostool/3419669-18cecf8023aec727-0/image.fit && bootm
Interacting with U-Boot shell...
tftp ostool/3419669-18cecf8023aec727-0/image.fit && bootm
ethernet@2a220000 Waiting for PHY auto negotiation to complete....... done
Using ethernet@2a220000 device
TFTP from server 192.168.1.17; our IP address is 192.168.1.213
Filename 'ostool/3419669-: 0x4a000000
Loading: *#################################################################
	 #################################################################
	 #########T ########################################################
	 #################################################################
	 #################################################################
	 #################################################################
	 #################################################################
	 #################################################################
	 #################################################################
	 #################################################################
	 #################################################################
	 #################################################################
	 #################################################################
	 #################################################################
	 #################################################################
	 #################################################################
	 #################################################################
	 #################################################################
	 ###
	 893.6 KiB/s
done
Bytes transferred = 17208912 (1069650 hex)
## Loading kernel (any) from FIT Image at 4a000000 ...
   Using 'config-ostool' configuration
   Verifying Hash Integrity ... OK
   Trying 'kernel' kernel subimage
     Description:  This kernel
     Type:         Kernel Image
     Compression:  uncompressed
     Data Start:   0x4a000168
     Data Size:    16941120 Bytes = 16.2 MiB
     Architecture: AArch64
     OS:           Linux
     Load Address: 0x42000000
     Entry Point:  0x42000000
   Verifying Hash Integrity ... OK
## Loading fdt (any) from FIT Image at 4a000000 ...
   Using 'config-ostool' configuration
   Verifying Hash Integrity ... OK
   Trying 'fdt' fdt subimage
     Description:  This fdt
     Type:         Flat Device Tree
     Compression:  uncompressed
     Data Start:   0x4b028228
     Data Size:    267009 Bytes = 260.8 KiB
     Architecture: AArch64
     Load Address: 0x52000000
   Verifying Hash Integrity ... OK
   Loading fdt from 0x4b028228 to 0x52000000
   Booting using the fdt blob at 0x52000000
Working FDT set to 52000000
   Loading Kernel Image to 42000000
   Loading Device Tree to 00000000fce8f000, end 00000000fced3300 ... OK
Working FDT set to fce8f000

Starting kernel ...

root=/dev/mmcblk0p3 rootfstype=ext4 rootwait rw console=ttyS0,1500000n8 earlycon=uart8250,mmio32,0x2ad40000
VM Load @PA:0x42000Memory Map:
  Rsv    0x00000040110000 - 0x000000401f0000 (896 KiB)
  Free   0x00000040200000 - 0x00000042000000 (30 MiB)
  KI00000 - 0x00000043200000 (18 MiB)
  Free   0x00000043200000 - 0x00000140000000 (3.95 GiB)
Initialize RAM allocator: 0x40200000..0x42000000
Reserving CPU-local areas
CPU-local area stride: 0x44000 bytes
Total CPU-local allocation: 0x220000 bytes (8 CPUs)
Flushed RAM used range to memory map:40242000, current: 0x40242000
Flushed RAM used range to memory map: 0x40242000..0x40462000, current: 0x40462000
CPU-local areas allocated at 0x40242000 - 0x40462000
EL: 2
Mapping early memory regions...
Ram                 : [0x0000000040200000, 0x0000000140000000) -> [0x0000000040200000, 0x0000000140000000) (4 GiB)
KImage              : [0x0000ffff80000000, 0x0000ffff81200000) -> [0x0000000042000000, 0x0000000043200000) (18 MiB)
PerCpu              : [0x0000ff0040242000, 0x0000ff0040462000) -> [0x0000000040242000, 0x0000000040462000) (2.12 MiB)
Debug serial        : [0x000000002ad40000, 0x000000002ad41000) -> [0x000000002ad40000, 0x000000002ad41000) (4 KiB)
Boot page table at physical address: PA:0x40462000
Setting up table registers...
MMU Entry point at physical address: 0x421b7900
Trap vector at 0xffff801bb800
Memory Map:
  MMIO   0x0000002ad40000 - 0x0000002ad41000 (4 KiB)
  Rsv    0x00000040110000 - 0x000000401f0000 (896 KiB)
  Rsv    0x00000040200000 - 0x00000040242000 (264 KiB)
  PerCPU 0x00000040242000 - 0x00000040462000 (2.12 MiB)
  Rsv    0x00000040462000 - 0x0000004046d000 (44 KiB)
  Free   0x0000004046d000 - 0x00000042000000 (27.57 MiB)
  KImg   0x00000042000000 - 0x00000043200000 (18 MiB)
  Free   0x00000043200000 - 0x00000140000000 (3.95 GiB)
Jumping to main entry point at 0xffff8019f7f8 with SP 0x0000ff0040286000

       d8888                            .d88888b.   .d8888b.
      d88888                           d88P" "Y88b d88P  Y88b
     d88P888                           888     888 Y88b.
    d88P 888 888d888  .d8888b  .d88b.  888     888  "Y888b.
   d88P  888 888P"   d88P"    d8P  Y8b 888     888     "Y88b.
  d88P   888 888     888      88888888 888     888       "888
 d8888888888 888     Y88b.    Y8b.     Y88b. .d88P Y88b  d88P
d88P     888 888      "Y8888P  "Y8888   "Y88888P"   "Y8888P"

arch = aarch64
platform = ROCK 4D
target = aarch64-unknown-none-softfloat
build_mode = 
log_level = info
backtrace = false
smp = 8

[37m[ 34.157928 ax_runtime:223] [32mLogging is enabled.[m
[m[37m[ 34.158414 ax_runtime:224] [32mPrimary CPU 0 started, arg = 0x40200000.[m
[m[37m[ 34.159059 ax_runtime:226] [32mFound physcial memory regions:[m
[m[37m[ 34.159696 ax_runtime:228] [32m  [PA:0x2ad40000, PA:0x2ad41000) mmio (READ | WRITE | DEVICE | RESERVED)[m
[m[37m[ 34.160580 ax_runtime:228] [32m  [PA:0x40110000, PA:0x401f0000) reserved (READ | WRITE | EXECUTE | RESERVED)[m
[m[37m[ 34.161502 ax_runtime:228] [32m  [PA:0x40200000, PA:0x40242000) reserved (READ | WRITE | EXECUTE | RESERVED)[m
[m[37m[ 34.162425 ax_runtime:228] [32m  [PA:0x40242000, PA:0x40462000) reserved (READ | WRITE | EXECUTE | RESERVED)[m
[m[37m[ 34.163348 ax_runtime:228] [32m  [PA:0x40462000, PA:0x4046d000) reserved (READ | WRITE | EXECUTE | RESERVED)[m
[m[37m[ 34.164270 ax_runtime:228] [32m  [PA:0x4046d000, PA:0x42000000) free memory (READ | WRITE | FREE)[m
[m[37m[ 34.165110 ax_runtime:228] [32m  [PA:0x42000000, PA:0x43200000) reserved (READ | WRITE | EXECUTE | RESERVED)[m
[m[37m[ 34.166033 ax_runtime:228] [32m  [PA:0x43200000, PA:0x140000000) free memory (READ | WRITE | FREE)[m
[m[37m[ 34.166880 ax_runtime:376] [32mInitialize global memory allocator...[m
[m[37m[ 34.167503 ax_runtime:377] [32m  use buddy-slab-allocator allocator.[m
[m[37m[ 34.168126 ax_alloc::buddy_slab:158] [32mInitialize global memory allocator, start_vaddr: 0x43200000, size: 0xfce00000[m
[m[37m[ 34.173256 ax_alloc::buddy_slab:424] [32mglobal allocator initialized[m
[m[37m[ 34.173882 ax_alloc::buddy_slab:168] [32mAdd memory region, start_vaddr: 0x4046d000, size: 0x1b93000[m
[m[37m[ 34.174774 ax_runtime:263] [32mkernel aspace: [VA:0x0, VA:0xffffffffffffffff)[m
[m[37m[ 34.175460 ax_mm:103] [32mInitialize virtual memory management...[m
[m[37m[ 34.831194 ax_runtime:275] [32mInitialize platform devices...[m
[m[37m[ 34.918963 someboot::arch::power:23] [32mPower management method : SMC[m
[m[37m[ 34.919612 somehal::driver:5] [32mIn[37m[ 35.445573 ax_task::api:137] [32mInitialize scheduling...[m
[m[37m[ 35.446201 ax_task::api:145] [32m  use Round-robi[m[37m[ 35.447407 ax_runtime::devices:2] [32mProbe platform devices...[m
[m[37m[ 35.612222 ax_runtime::mp:79] [32mSecondary CPU 1 started.[m
[m[37m[ 35.612869 ax_runtime::mp:110] [32mSecondary CPU[37m[ 35.614990 ax_runtime::mp:79] [32mSecondary CPU 2 started.[m
[m[37m[ 35.615631 ax_runtime::mp:110] [32mSecondary CPU 2 init OK.[m
[m[37m[ 35.617771 ax_runtime::mp:79] [32mSecondary CPU 3 started.[m
[m[37m[ 35.618411 ax_runtime::mp:110] [32mSecondary CPU 3 init OK.[m
[m[37m[ 35.620533 ax_runtime::mp:79] [32mSecondary CPU 4 started.[m
[m[37m[ 35.621156 ax_runtime::mp:110] [32mSecondary CPU 4 init OK.[m
[m[37m[ 35.623253 ax_runtime::mp:79] [32mSecondary CPU 5 started.[m
[m[37m[ 35.623869 ax_runtime::mp:110] [32mSecondary CPU 5 init OK.[m
[m[37m[ 35.625976 ax_runtime::mp:79] [32mSecondary CPU 6 started.[m
[m[37m[ 35.626594 ax_runtime::mp:110] [32mSecondary CPU 6 init OK.[m
[m[37m[ 35.628715 ax_runtime::mp:79] [32mSecondary CPU 7 started.[m
[m[37m[ 35.628716 ax_runtime:349] [32mPrimary CPU 0 init OK.[m
[m[37m[ 35.629325 ax_runtime::mp:110] [32mSecondary CPU 7 init OK.[m
[m

       d8888            888     888  d8b
      d88888            888     888  Y8P
     d88P888            888     888
    d88P 888  888  888  Y88b   d88P  888  .d8888b    .d88b.   888d888
   d88P  888  `Y8bd8P'   Y88b d88P   888  88K       d88""88b  888P"
  d88P   888    X88K      Y88o88P    888  "Y8888b.  888  888  888
 d8888888888  .d8""8b.     Y888P     888       X88  Y88..88P  888
d88P     888  888  888      Y8P      888   88888P'   "Y88P"   888


by AxVisor Team

[37m[ 35.634048 0:2 axvisor:73] [32mStarting virtualization...[m
[m[37m[ 35.634588 0:2 axvm::host::arceos:353] [32mEnabling hardware virtualization support on all cores...[m
[m[37m[ 35.635443 0:2 axvm::host::arceos:359] [32mCore 0 is initializing hardware virtualization support...[m
[m[37m[ 35.636306 0:2 axvm::timer:318] [32mInitializing AxVM timer wheel...[m
[m[37m[ 35.780604 0:2 axvm::host::arceos:361] [32mHardware virtualization support enabled on core 0[m
[m[37m[ 35.781463 1:19 axvm::host::arceos:371] [32mCore 1 is initializing hardware virtualization support...[m
[m[37m[ 35.781551 4:22 axvm::host::arceos:371] [32mCore 4 is initializing hardware virtualization support...[m
[m[37m[ 35.781621 7:25 axvm::host::arceos:371] [32mCore 7 is initializing hardware virtualization support...[m
[m[37m[ 35.783202 4:22 axvm::timer:318] [32mInitializing AxVM timer wheel...[m
[m[37m[ 35.784071 7:25 axvm::timer:318] [32mInitializing AxVM timer wheel...[m
[m[37m[ 35.784752 4:22 axvm::host::arceos:374] [32mHardware virtualization support enabled on core 4[m
[m[37m[ 35.785376 7:25 axvm::host::arceos:374] [32mHardware virtualization support enabled on core 7[m
[m[37m[ 35.781606 0:2 axvm::host::arceos:387] [32mWaiting for all cores to enable hardware virtualization...[m
[m[37m[ 35.782332 1:19 axvm::timer:318] [32mInitializing AxVM timer wheel...[m
[m[37m[ 35.781484 2:20 axvm::host::arceos:371] [32mCore 2 is initializing hardware virtualization support...[m
[m[37m[ 35.788515 1:19 axvm::host::arceos:374] [32mHardware virtualization support enabled on core 1[m
[m[37m[ 35.781523 3:21 axvm::host::arceos:371] [32mCore 3 is initializing hardware virtualization support...[m
[m[37m[ 35.789337 2:20 axvm::timer:318] [32mInitializing AxVM timer wheel...[m
[m[37m[ 35.791015 3:21 axvm::timer:318] [32mInitializing AxVM timer wheel...[m
[m[37m[ 35.791687 2:20 axvm::host::arceos:374] [32mHardware virtualization support enabled on core 2[m
[m[37m[ 35.792310 3:21 axvm::host::arceos:374] [32mHardware virtualization support enabled on core 3[m
[m[37m[ 35.781574 5:23 axvm::host::arceos:371] [32mCore 5 is initializing hardware virtualization support...[m
[m[37m[ 35.781597 6:24 axvm::host::arceos:371] [32mCore 6 is initializing hardware virtualization support...[m
[m[37m[ 35.794769 5:23 axvm::timer:318] [32mInitializing AxVM timer wheel...[m
[m[37m[ 35.795639 6:24 axvm::timer:318] [32mInitializing AxVM timer wheel...[m
[m[37m[ 35.796305 5:23 axvm::host::arceos:374] [32mHardware virtualization support enabled on core 5[m
[m[37m[ 35.796953 6:24 axvm::host::arceos:374] [32mHardware virtualization support enabled on core 6[m
[m[37m[ 35.798510 0:2 axvm::host::arceos:403] [32mAll cores have enabled hardware virtualization support.[m
[m[37m[ 35.799357 0:2 axvisor::config:90] [32mUsing static VM configs.[m
[m[37m[ 35.912376 0:2 axvm::arch::aarch64::fdt::core:68] [32mVM[1] virtual UART follows the host-selected UART: GuestSerialProfile { model: Uart16550, transport: Mmio { base: 718536704, length: 256, register_shift: 2, register_width: Dword }, irq: 108, clock_hz: 24000000 }[m
[m[37m[ 35.915487 0:2 axvm::arch::aarch64::fdt::core:79] [32mVM[1] virtual GIC follows host firmware resources: GuestGicProfile { compatible: "arm,gic-400", node_path: "/interrupt-controller@2a701000", node_phandle: Some(1), distributor: GuestMmioRegion { base: 711987200, length: 65536 }, cpu_region: CpuInterface(GuestMmioRegion { base: 711991296, length: 65536 }), its: [] }[m
[m[37m[ 35.918833 0:2 axvm::arch::aarch64::fdt::core:93] [32mVM[1] architectural timer follows host firmware PPIs[m
[m[37m[ 36.070755 0:2 axvm::arch::aarch64::fdt::core::parser:442] [32mCPU node: /cpus/cpu@0, node_id: 0x0, hardware_cpu_id: 0x01801 0:2 axvm::arch::aarch64::fdt::core::parser:442] [32mCPU node: /cpus/cpu@1, node_id: 0x1, hardware_cpu_id: 0x1[m
[m[37m[ 36.072840 0:2 axvm::arch::aarch64::fdt::core::parser:442] [32mCPU node: /cpus/cpu@2, node_id: 0x2, hardware_cpu_id: 0x2[m
[m[37m[ 36.073878 0:2 axvm::arch::aarch64::fdt::core::parser:442] [32mCPU node: /cpus/cpu@3, node_id: 0x3, hardware_cpu_id: 0x3[m
[m[37m[ 36.074915 0:2 axvm::arch::aarch64::fdt::core::parser:442] [32mCPU node: /cpus/cpu@100, node_id: 0x100, hardware_cpu_id: 0x100[m
[m[37m[ 36.076001 0:2 axvm::arch::aarch64::fdt::core::parser:442] [32mCPU node: /cpus/cpu@101, node_id: 0x101, hardware_cpu_id: 0x101[m
[m[37m[ 36.077084 0:2 axvm::arch::aarch64::fdt::core::parser:442] [32mCPU node: /cpus/cpu@102, node_id: 0x102, hardware_cpu_id: 0x102[m
[m[37m[ 36.078182 0:2 axvm::arch::aarch64::fdt::core::parser:442] [32mCPU node: /cpus/cpu@103, node_id: 0x103, hardware_cpu_id: 0x103[m
[m[37m[ 36.099091 0:2 axvm::arch::aarch64::fdt::core::parser:449] [32mFound 8 host CPU nodes[m
[m[37m[ 36.099852 0:2 axvm::arch::aarch64::fdt::core:144] [32mVM[1] DTB not found, generating from the VM configuration[m
[m[37m[ 36.499172 0:2 axvm::arch::aarch64::fdt::core::device:96] [32mFound excluded devices: ["/interrupt-controller@2a701000", "/serial@27310000", "/serial@2ad40000", "/serial@2ad50000", "/serial@2ad60000", "/serial@2ad70000", "/serial@2ad80000", "/serial@2ad90000", "/serial@2ada0000", "/serial@2adb0000", "/serial@2adc0000", "/serial@2afc0000", "/serial@2afd0000", "/timer", "/timer@2acc0000"][m
[m[37m[ 36.612642 0:2 axvm::arch::aarch64::fdt::core::device:96] [32mFound excluded devices: ["/interrupt-controller@2a701000", "/serial@27310000", "/serial@2ad40000", "/serial@2ad50000", "/serial@2ad60000", "/serial@2ad70000", "/serial@2ad80000", "/serial@2ad90000", "/serial@2ada0000", "/serial@2adb0000", "/serial@2adc0000", "/serial@2afc0000", "/serial@2afd0000", "/timer", "/timer@2acc0000"][m
[m[37m[ 36.616472 0:2 axvisor::config:137] [32mCreating VM[1] "linux-task123"[m
[m[37m[ 36.617128 0:2 axvm::arch::aarch64::vgic::plan:214] [32massigned_spis: 0 passthrough interrupts configured[m
[m[37m[ 36.618856 0:2 axvm::vm:904] [32mVM created: id=1[m
[m[37m[ 36.619508 0:2 axvisor::config:149] [32mVM[1] created success, loading images...[m
[m[37m[ 36.652415 0:2 axvm::boot::images:137] [32mLoading ramdisk image from memory (6106822 bytes) into GPA @0x8c000000[m
[m[37m[ 36.683436 0:2 axdevice::device:1232] [32mDeviceRuntime: registered device id=0[m
[m[37m[ 36.684146 0:2 axdevice::device:1232] [32mDeviceRuntime: registered device id=1[m
[m[37m[ 36.684940 0:2 axdevice::device:1232] [32mDeviceRuntime: registered device id=2[m
[m[37m[ 36.685742 0:2 axdevice::device:1232] [32mDeviceRuntime: registered device id=3[m
[m[37m[ 36.686579 0:2 axvm::vm::prepare:82] [32mVM setup: id=1[m
[m[37m[ 36.798998 0:2 axvm::arch::aarch64::fdt::core:68] [32mVM[3] virtual UART follows the host-selected UART: GuestSerialProfile { model: Uart16550, transport: Mmio { base: 718536704, length: 256, register_shift: 2, register_width: Dword }, irq: 108, clock_hz: 24000000 }[m
[m[37m[ 36.802109 0:2 axvm::arch::aarch64::fdt::core:79] [32mVM[3] virtual GIC follows host firmware resources: GuestGicProfile { compatible: "arm,gic-400", node_path: "/interrupt-controller@2a701000", node_phandle: Some(1), distributor: GuestMmioRegion { base: 711987200, length: 65536 }, cpu_region: CpuInterface(GuestMmioRegion { base: 711991296, length: 65536 }), its: [] }[m
[m[37m[ 36.805443 0:2 axvm::arch::aarch64::fdt::core:93] [32mVM[3] architectural timer follows host firmware PPIs[m
[m[37m[ 36.957022 0:2 axvm::arch::aarch64::fdt::core::parser:442] [32mCPU node: /cpus/cpu@0, node_id: 0x0, hardware_cpu_id: 0x0[m
[m[37m[ 36.958091 0:2 axvm::arch::aarch64::fdt::core::parser:442] [32mCPU node: /cpus/cpu@1, node_id: 0x1, hardware_cpu_id: 0x1[m
[m[37m[ 36.959131 0:2 axvm::arch::aarch64::fdt::core::parser:442] [32mCPU node: /cpus/cpu@2, node_id: 0x2, hardware_cpu_id: 0x2[m
[m[37m[ 36.960169 0:2 axvm::arch::aarch64::fdt::core::parser:442] [32mCPU node: /cpus/cpu@3, node_id: 0x3, hardware_cpu_id: 0x3[m
[m[37m[ 36.961207 0:2 axvm::arch::aarch64::fdt::core::parser:442] [32mCPU node: /cpus/cpu@100, node_id: 0x100, hardware_cpu_id: 0x100[m
[m[37m[ 36.962294 0:2 axvm::arch::aarch64::fdt::core::parser:442] [32mCPU node: /cpus/cpu@101, node_id: 0x101, hardware_cpu_id: 0x101[m
[m[37m[ 36.963377 0:2 axvm::arch::aarch64::fdt::core::parser:442] [32mCPU node: /cpus/cpu@102, node_id: 0x102, hardware_cpu_id: 0x102[m
[m[37m[ 36.964460 0:2 axvm::arch::aarch64::fdt::core::parser:442] [32mCPU node: /cpus/cpu@103, node_id: 0x103, hardware_cpu_id: 0x103[m
[m[37m[ 36.985514 0:2 axvm::arch::aarch64::fdt::core::parser:449] [32mFound 8 host CPU nodes[m
[m[37m[ 36.986275 0:2 axvm::arch::aarch64::fdt::core:144] [32mVM[3] DTB not found, generating from the VM configuration[m
[m[37m[ 37.386829 0:2 axvm::arch::aarch64::fdt::core::device:96] [32mFound excluded devices: ["/interrupt-controller@2a701000", ", "/serial@2ad50000", "/serial@2ad60000", "/serial@2ad70000", "/serial@2ad80000", "/serial@2ad90000", "/serial@2ada0000", "/serial@2adb0000", "/serial@2adc0000", "/serial@2afc0000", "/serial@2afd0000", "/timer", "/timer@2acc0000"][m
[m[37m[ 37.499575 0:2 axvm::arch::aarch64::fdt::core::device:96] [32mFound excluded devices: ["/interrupt-controller@2a701000", al@2ad40000", "/serial@2ad50000", "/serial@2ad60000", "/serial@2ad70000", "/serial@2ad80000", "/serial@2ad90000", "/serial@2ada0000", "/serial@2adb0000", "/serial@2adc0000", "/serial@2afc0000", "/serial@2afd0000", "/timer", "/timer@2acc0000"][m
[m[37m[ 37.503328 0:2 axvisor::config:137] [32mCreating VM[3] "zephyr-task123-rock4d"[m
[m[37m[ 37.504045 0:2 axvm::arch::aarch64::vgic::plan:214] [32massigned_spis: 0 passthrough interrupts configured[m
[m[37m[ 37.505749 0:2 axvm::vm:904] [32mVM created: id=3[m
[m[37m[ 37.754653 0:2 axvisor::config:149] [32mVM[3] created success, loading images...[m
[m[37m[ 37.760252 0:2 axdevice::device:1232] [32mDeviceRuntime: registered device id=0[m
[m[37m[ 37.760960 0:2 axdevice::device:1232] [32mDeviceRuntime: registered device id=1[m
[m[37m[ 37.761754 0:2 axdevice::device:1232] [32mDeviceRuntime: registered device id=2[m
[m[37m[ 37.762558 0:2 axdevice::device:1232] [32mDeviceRuntime: registered device id=3[m
[m[37m[ 37.763380 0:2 axvm::vm::prepare:82] [32mVM setup: id=3[m
[m[37m[ 37.763910 0:2 axvm::runtime:105] [32mInitializing VMM...[m
[m[37m[ 37.764467 0:2 axvm::runtime:116] [32mVMM starting, booting VMs...[m
[m[37m[ 37.765072 0:2 axvm::vm:1145] [32mStarting VM[1][m
[m[37m[ 37.765546 0:2 axvm::runtime::vcpus:395] [32mSpawning task for VM[1] VCpu[0][m
[m[37m[ 37.766250 0:2 axvm::runtime::vcpus:414] [32mVCpu task Task(33, "VM[1]-VCpu[0]") created cpumask: [4, ][m
[m[37m[ 37.767432 0:2 axvm::runtime:124] [32mVM[1] boot success[m
[m[37m[ 37.767440 4:33 axvm::runtime::vcpus:481] [32mVM[1] VCpu[0] waiting for running[m
[m[37m[ 37.767962 0:2 axvm::vm:1145] [32mStarting VM[3][m
[m[37m[ 37.768674 4:33 axvm::runtime::vcpus:559] [32mVM[1] VCpu[0] running...[m
[m[37m[ 37.769143 0:2 axvm::runtime::vcpus:395] [32mSpawning task for VM[3] VCpu[0][m
[m[37m[ 37.770481 0:2 axvm::runtime::vcpus:414] [32mVCpu task Task(35, "VM[3]-VCpu[0]") created cpumask: [6, ][m
[m[37m[ 37.771512 0:2 aBxvm::runtime:124] [32mVM[3] boot success[m
[mo[37m[ 37.771523 6:35 axvm::runtime::vcpus:481] [32mVM[3] VCpu[0] waiting for running[m
[m[37m[ 37.772144 0:2 axvisor:89] [32m[OK] Default guest initialized[m
[m[37m[ 37.772768 6:35 axvm::runtime::vcpus:559] [32mVM[3] VCpu[0] running...[m
[m
[VM 1] oting Linux on physical CPU 0x0000000100 [0x411fd080]
[VM 1] Linux version 6.12.21 (yfblock@gem12) (aarch64-linux-gnu-gcc (GCC) 16.1.0, GNU ld (GNU Binutils) 2.46.1) #2 SMP PREEMPT Sun Aug 23 17:51:02 CST 2026
[VM 1] Machine model: ROCK 4D
[VM 3] *** Booting Zephyr OS build v4.4.2 ***
[VM 1] earlycon: uart8250 at MMIO32 0x000000002ad40000 (options '')
[VM 1] printk: legacy bootconsole [uart8250] enabled
[VM 3] RTIPC_SERVER_READY ip=192.168.77.30 port=9876
[VM 1] efi: UEFI not found.
[VM 3] TASK3_RTOS_READY ip=192.168.77.30 port=9877
[VM 3] [m
[VM 1] OF: reserved mem: Reserved memory: No reserved-memory node in the DT
[VM 1] Zone ranges:
[VM 1]   DMA      [mem 0x0000000080000000-0x000000009fffffff]
[VM 1]   DMA32    empty
[VM 1]   Normal   empty
[VM 1] Movable zone start for each node
[VM 1] Early memory node ranges
[VM 1]   node   0: [mem 0x0000000080000000-0x000000009fffffff]
[VM 1] Initmem setup node 0 [mem 0x0000000080000000-0x000000009fffffff]
[VM 1] psci: probing for conduit method from DT.
[VM 1] psci: PSCIv1.1 detected in firmware.
[VM 1] psci: Using standard PSCI v0.2 function IDs
[VM 1] psci: Trusted OS migration not required
[37m[ 37.915828 4:33 axvm::runtime::hvc:258] [32mVM[1] PSCI_FEATURES function_id=0x80000000[m
[m[VM 1] psci: SMC Calling Convention v1.2
[37m[ 37.921465 4:33 axvm::runtime::hvc:258] [32mVM[1] PSCI_FEATURES function_id=0xc4000001[m
[m[37m[ 37.922304 4:33 axvm::runtime::hvc:258] [32mVM[1] PSCI_FEATURES function_id=0xc400000e[m
[m[37m[ 37.923132 4:33 axvm::runtime::hvc:258] [32mVM[1] PSCI_FEATURES function_id=0xc4000012[m
[m[VM 1] percpu: Embedded 14 pages/cpu s28248 r0 d29096 u57344
[VM 1] Detected PIPT I-cache on CPU0
[VM 1] CPU features: detected: Spectre-BHB
[VM 1] CPU features: detected: ARM errata 1165522, 1319367, or 1530923
[VM 1] alternatives: applying boot alternatives
[VM 1] Kernel command line: console=ttyS0,1500000n8 earlycon=uart8250,mmio32,0x2ad40000 task2.count=10 task3.frames=3 task3.fault=normal rtbench.net.count=10
[VM 1] Dentry cache hash table entries: 65536 (order: 7, 524288 bytes, linear)
[VM 1] Inode-cache hash table entries: 32768 (order: 6, 262144 bytes, linear)
[VM 1] Built 1 zonelists, mobility grouping on.  Total pages: 131072
[VM 1] mem auto-init: stack:all(zero), heap alloc:off, heap free:off
[VM 1] software IO TLB: SWIOTLB bounce buffer size adjusted to 0MB
[VM 1] software IO TLB: area num 2.
[VM 1] software IO TLB: mapped [mem 0x000000009f580000-0x000000009f600000] (0MB)
[VM 1] SLUB: HWalign=64, Order=0-3, MinObjects=0, CPUs=2, Nodes=1
[VM 1] rcu: Preemptible hierarchical RCU implementation.
[VM 1] rcu: RCU calculated value of scheduler-enlistment delay is 10 jiffies.
[VM 1] NR_IRQS: 64, nr_irqs: 64, preallocated irqs: 0
[VM 1] Root IRQ handler: gic_handle_irq
[VM 1] rcu: srcu_init: Setting srcu_struct sizes based on contention.
[VM 1] arch_timer: cp15 timer(s) running at 24.00MHz (virt).
[VM 1] clocksource: arch_sys_counter: mask: 0xffffffffffffff max_cycles: 0x588fe9dc0, max_idle_ns: 440795202592 ns
[VM 1] sched_clock: 56 bits at 24MHz, resolution 41ns, wraps every 4398046511097ns
[VM 1] Console: colour dummy device 80x25
[VM 1] Calibrating delay loop (skipped), value calculated using timer frequency.. 48.00 BogoMIPS (lpj=240000)
[VM 1] pid_max: default: 32768 minimum: 301
[VM 1] Mount-cache hash table entries: 1024 (order: 1, 8192 bytes, linear)
[VM 1] Mountpoint-cache hash table entries: 1024 (order: 1, 8192 bytes, linear)
[VM 1] /cpus/cpu-map/cluster0/core0: Can't get CPU for leaf core
[VM 1] cacheinfo: Unable to detect cache hierarchy for CPU 0
[VM 1] rcu: Hierarchical SRCU implementation.
[VM 1] rcu: 	Max phase no-delay instances is 1000.
[VM 1] EFI services will not be available.
[VM 1] smp: Bringing up secondary CPUs ...
[37m[ 38.215385 4:33 axvm::runtime::hvc:272] [32mVM[1] PSCI_CPU_ON target=0x101 entry=0x805e33e0 context=0x0[m
[m[37m[ 38.216297 4:33 axvm::runtime::vcpus:395] [32mSpawning task for VM[1] VCpu[1][m
[m[37m[ 38.217018 4:33 axvm::runtime::vcpus:414] [32mVCpu task Task(38, "VM[1]-VCpu[1]") created cpumask: [5, ][m
[m[37m[ 38.217940 5:38 axvm::runtime::vcpus:481] [32mVM[1] VCpu[1] waiting for running[m
[m[37m[ 38.218676 5:38 axvm::runtime::vcpus:559] [32mVM[1] VCpu[1] running...[m
[m[VM 1] Detected PIPT I-cache on CPU1
[VM 1] CPU1: Booted secondary processor 0x0000000101 [0x411fd080]
[VM 1] smp: Brought up 1 node, 2 CPUs
[VM 1] SMP: Total of 2 processors activated.
[VM 1] CPU: All CPU(s) started at EL1
[VM 1] CPU features: detected: 32-bit EL0 Support
[VM 1] CPU features: detected: CRC32 instructions
[VM 1] alternatives: applying system-wide alternatives
[VM 1] Memory: 497888K/524288K available (4992K kernel code, 700K rwdata, 952K rodata, 832K init, 349K bss, 24684K reserved, 0K cma-reserved)
[VM 1] devtmpfs: initialized
[VM 1] clocksource: jiffies: mask: 0xffffffff max_cycles: 0xffffffff, max_idle_ns: 19112604462750000 ns
[VM 1] futex hash table entries: 512 (order: 3, 32768 bytes, linear)
[VM 1] DMI not present or invalid.
[VM 1] NET: Registered PF_NETLINK/PF_ROUTE protocol family
[VM 1] DMA: preallocated 128 KiB GFP_KERNEL pool for atomic allocations
[VM 1] DMA: preallocated 128 KiB GFP_KERNEL|GFP_DMA pool for atomic allocations
[VM 1] DMA: preallocated 128 KiB GFP_KERNEL|GFP_DMA32 pool for atomic allocations
[VM 1] ASID allocator initialised with 65536 entries
[VM 1] Serial: AMBA PL011 UART driver
[VM 1] iommu: Default domain type: Translated
[VM 1] iommu: DMA domain TLB invalidation policy: strict mode
[VM 1] pps_core: LinuxPPS API ver. 1 registered
[VM 1] pps_core: Software ver. 5.3.6 - Copyright 2005-2007 Rodolfo Giometti <giometti@linux.it>
[VM 1] PTP clock support registered
[VM 1] clocksource: Switched to clocksource arch_sys_counter
[VM 1] NET: Registered PF_INET protocol family
[VM 1] IP idents hash table entries: 8192 (order: 4, 65536 bytes, linear)
[VM 1] tcp_listen_portaddr_hash hash table entries: 256 (order: 0, 4096 bytes, linear)
[VM 1] Table-perturb hash table entries: 65536 (order: 6, 262144 bytes, linear)
[VM 1] TCP established hash table entries: 4096 (order: 3, 32768 bytes, linear)
[VM 1] TCP bind hash table entries: 4096 (order: 5, 131072 bytes, linear)
[VM 1] TCP: Hash tables configured (established 4096 bind 4096)
[VM 1] UDP hash table entries: 256 (order: 1, 8192 bytes, linear)
[VM 1] UDP-Lite hash table entries: 256 (order: 1, 8192 bytes, linear)
[VM 1] NET: Registered PF_UNIX/PF_LOCAL protocol family
[VM 1] Unpacking initramfs...
[VM 1] workingset: timestamp_bits=62 max_order=17 bucket_order=0
[VM 1] io scheduler mq-deadline registered
[VM 1] io scheduler kyber registered
[VM 1] Serial: 8250/16550 driver, 4 ports, IRQ sharing disabled
[VM 1] printk: legacy console [ttyS0] disabled
[VM 1] 2ad40000.serial: ttyS0 at MMIO 0x2ad40000 (irq = 14, base_baud = 1500000) is a 16550A
[VM 1] printk: legacy console [ttyS0] enabled
[VM 1] printk: legacy console [ttyS0] enabled
[VM 1] printk: legacy bootconsole [uart8250] disabled
[VM 1] printk: legacy bootconsole [uart8250] disabled
[VM 1] SMCCC: SOC_ID: ARCH_SOC_ID not implemented, skipping ....
[VM 1] NET: Registered PF_INET6 protocol family
[VM 1] Segment Routing with IPv6
[VM 1] In-situ OAM (IOAM) with IPv6
[VM 1] sit: IPv6, IPv4 and MPLS over IPv4 tunneling driver
[VM 1] NET: Registered PF_PACKET protocol family
[VM 1] clk: Disabling unused clocks
[VM 1] Freeing initrd memory: 5960K
[VM 1] Freeing unused kernel memory: 832K
[VM 1] Run /init as init process
[VM 1] LINUX_SMP_READY configured=2 online=0-1 nproc=2
[VM 1] TASK123_LINUX_NET_READY ip=192.168.77.11 peer=192.168.77.30
[VM 1] TASK3_LINUX_NET_PROBE_READY count=10
[VM 1] TASK2_LINUX_BEGIN port=9876
[VM 1] === RT-IPC Benchmark Client ===
[VM 1] Target: 192.168.77.30:9876, count=10 per size
[VM 1] 
[VM 1] [client] fault profile: none
[VM 1] [client] connecting...
[VM 1] [client] connected!
[VM 1] 
[VM 1] --- Payload 64B ---
[VM 1] RTBENCH_NET_PROBE_READY listen=9879 count=10
[VM 1]   sent=10  recv=10  loss=0%
[VM 1]   RTT: min=7ms avg=8ms max=17ms P50=7ms P95=8ms P99=8ms P99.9=8ms
[VM 1]   throughput=7.53KiB/s
[VM 1]   request_timeouts=0 protocol_errors=0 reconnects=0
[VM 1]   transport: retrans=0 timeouts=0 dup=0 reorder=0 errors=0
[VM 1] 
[VM 1] --- Payload 256B ---
[VM 1]   sent=10  recv=10  loss=0%
[VM 1]   RTT: min=6ms avg=9ms max=32ms P50=7ms P95=8ms P99=8ms P99.9=8ms
[VM 1]   throughput=25.00KiB/s
[VM 1]   request_timeouts=0 protocol_errors=0 reconnects=0
[VM 1]   transport: retrans=0 timeouts=0 dup=0 reorder=0 errors=0
[VM 1] 
[VM 1] --- Payload 1024B ---
[VM 1]   sent=10  recv=10  loss=0%
[VM 1]   RTT: min=6ms avg=10ms max=34ms P50=7ms P95=8ms P99=8ms P99.9=8ms
[VM 1]   throughput=98.04KiB/s
[VM 1]   request_timeouts=0 protocol_errors=0 reconnects=0
[VM 1]   transport: retrans=0 timeouts=0 dup=0 reorder=0 errors=0
[VM 1] 
[VM 1] ========================================
[VM 1] ALL TESTS COMPLETE
[VM 1] ========================================
[VM 1] RT-IPC client exited with rc=0
[VM 1] TASK2_LINUX_END status=PASS
[VM 1] TASK3_LINUX_READY ip=192.168.77.11 peer=192.168.77.30:9877
[VM 1] TASK3_FRAME_CSV=FIXED,0,0,2,2,21649,987,0,0,0,0,98,6145,0,0,0
[VM 1] TASK3_FRAME_CSV=FIXED,1,1461,2,2,16624,967,0,0,0,0,96,12491,0,0,0
[VM 1] TASK3_FRAME_CSV=FIXED,2,2900,2,2,32767,965,0,0,0,0,99,3484,0,0,0
[VM 1] TASK3_FRAME_CSV=AI,0,0,2,2,21649,952,0,0,0,0,99,6132,0,0,0
[VM 1] TASK3_FRAME_CSV=AI,1,1461,2,2,16624,967,0,0,0,0,88,4296,0,0,0
[VM 1] TASK3_FRAME_CSV=AI,2,2900,2,2,32767,966,0,0,0,0,92,5016,0,0,0
[VM 1] TASK3_SUMMARY_JSON={"schema":1,"frames_per_mode":3,"records":6,"elapsed_us":442446,"requests":6,"successes":6,"success_rate":1.000000,"application_errors":0,"application_timeouts":0,"transport_retries":0,"duplicates":0,"recovered":0,"reconnects":0,"injected_drops":0,"classification":{"correct":3,"total":3,"accuracy":1.000000,"confusion_matrix":[[0,0,0],[0,3,0],[0,0,0]]},"inference_us":{"min":952,"mean":967,"p50":966,"p95":987,"p99":987,"max":987},"round_trip_us":{"min":3484,"mean":6260,"p50":5016,"p95":12491,"p99":12491,"max":12491},"tracking_error_q15":{"fixed":{"min":0,"mean":1453,"p50":1461,"p95":2900,"p99":2900,"max":2900},"ai":{"min":0,"mean":1453,"p50":1461,"p95":2900,"p99":2900,"max":2900}},"settling":{"fixed":{"direction_changes":0,"successes":0,"mean_frames":0,"max_frames":0},"ai":{"direction_changes":0,"successes":0,"mean_frames":0,"max_frames":0}},"effective_payload_bytes_per_second":325}
[VM 1] TASK3_LINUX_END status=PASS
[VM 1] TASK123_LINUX_END status=PASS
[VM 3] [1;32muart:~$ [mTASK3_RTOS_FINAL requests=6 errors=0 duplicates=0 applied_steps=6 retries=0
[VM 3] TASK3_RTOS_FINAL_DONE
[VM 3] RTBENCH_AUTO samples=10
[VM 3] RTBENCH_PMU status=unavailable event=0x8 reason=guest_pmu_unavailable units=ns
[VM 3] RTBENCH_BEGIN samples=10 expected=10 frequency=24000000 pmu_event=0x8
[VM 3] RTBENCH_NS metric=timer_jitter run=1 expected=10 collected=10 missing=0 p50_ns=1042583 p95_ns=2087791 p99_ns=2087791 p99_9_ns=2087791 max_ns=2342750 mean_ns=1171841
[VM 3] RTBENCH_NS metric=timer_jitter run=1 expected=10 collected=10 missing=0 p50_ns=1042583 p95_ns=2087791 p99_ns=2087791 p99_1 max_ns=2342750 mean_ns=1171841
[VM 3] RTBENCH_NS metric=timer_jitter run=1 expected=10 collected=10 missing=0 p50_ns=1042583 p95_ns=2087791 p99_ns=2087791 p99_9_ns=2087791 max_ns=2342750 mean_ns=1171841
[VM 3] RTBENCH_NS metric=callback_exec run=1 expected=10 collected=10 missing=0 p50_ns=0 p95_ns=291 p99_ns=291 p99_9_ns=291 max_[VM 3] RTBENCH_NS metric=callback_exec run=1 expected=10 collected=10 missing=0 p50_ns=0 p95_ns=291 p99_ns=291 p99_9_ns=291 max_ns=291 mean_ns=87
[VM 3] RTBENCH_NS metric=callback_exec run=1 expected=10 collected=10 missing=0 p50_ns=0 p95_ns=291 p99_ns=291 p99_9_ns=291 max_[VM 3] RTBENCH_NS metric=preemption run=1 expected=10 collected=10 missing=0 p50_ns=291 p95_ns=291 p99_ns=291 p99_9_ns=291 max_n[VM 3] RTBENCH_NS metric=preemption run=1 expected=10 collected=10 missing=0 p50_ns=291 p95_ns=291 p99_ns=291 p99_9_ns=291 max_n[VM 3] RTBENCH_NS metric=preemption run=1 expected=10 collected=10 missing=0 p50_ns=291 p95_ns=291 p99_ns=291 p99_9_ns=291 max_ns=583 mean_ns=320
[VM 3] RTBENCH_NS metric=irq run=1 expected=10 collected=10 missing=0 p50_ns=291 p95_ns=291 p99_ns=291 p99_9_ns=291 max_ns=583 mean_ns=232
[VM 3] RTBENCH_NS metric=irq run=1 expected=10 collected=10 missing=0 p50_ns=291 p95_ns=291 p99_ns=291 p99_9_ns=291 max_ns=583 mean_ns=232
[VM 3] RTBENCH_NS metric=irq run=1 expected=10 collected=10 missing=0 p50_ns=291 p95_ns=291 p99_ns=291 p99_9_ns=291 max_ns=583 mean_ns=232
[VM 3] RTBENCH_NS metric=irq_to_task run=1 expected=10 collected=10 missing=0 p50_ns=583 p95_ns=583 p99_ns=583 p99_9_ns=583 max_ns=1166 mean_ns=641
[VM 3] RTBENCH_NS metric=irq_to_task run=1 expected=10 collected=10 missing=0 p50_ns=583 p95_ns=583 p99_ns=583 p99_9_ns=583 max_ns=1166 mean_ns=641
[VM 3] RTBENCH_NS metric=irq_to_task run=1 expected=10 collected=10 missing=0 p50_ns=583 p95_ns=583 p99_ns=583 p99_9_ns=583 max_ns=1166 mean_ns=641
[VM 3] RTBENCH_NS metric=irq_disabled_duration run=1 expected=10 collected=10 missing=0 p50_ns=291 p95_ns=291 p99_ns=291 p99_9_n[VM 3] RTBENCH_NS metric=irq_disabled_duration run=1 expected=10 collected=10 missing=0 p50_ns=291 p95_ns=291 p99_ns=291 p99_9_n[VM 3] RTBENCH_NS metric=irq_disabled_duration run=1 expected=10 collected=10 missing=0 p50_ns=291 p95_ns=291 p99_ns=291 p99_9_ns=291 max_ns=291 mean_ns=203
[VM 3] RTBENCH_NS metric=mutex_inversion run=1 expected=10 collected=10 missing=0 p50_ns=583 p95_ns=583 p99_ns=583 p99_9_ns=583 max_ns=875 mean_ns=612
[VM 3] RTBENCH_NS metric=mutex_inversion run=1 expected=10 collected=10 missing=0 p50_ns=583 p95_ns=583 p99_ns=583 p99_9_ns=583 [VM 3] RTBENCH_NS metric=mutex_inversion run=1 expected=10 collected=10 missing=0 p50_ns=583 p95_ns=583 p99_ns=583 p99_9_ns=583 max_ns=875 mean_ns=612
[VM 3] RTBENCH_NS metric=wake_under_load run=1 expected=10 collected=10 missing=0 p50_ns=583 p95_ns=583 p99_ns=583 p99_9_ns=583 max_ns=875 mean_ns=612
[VM 3] RTBENCH_NS metric=wake_under_load run=1 expected=10 collected=10 missing=0 p50_ns=583 p95_ns=583 p99_ns=583 p99_9_ns=583 max_ns=875 mean_ns=612
[VM 3] RTBENCH_NS metric=wake_under_load run=1 expected=10 collected=10 missing=0 p50_ns=583 p95_ns=583 p99_ns=583 p99_9_ns=583 max_ns=875 mean_ns=612
[VM 3] RTBENCH_NS metric=context_switch run=1 expected=10 collected=10 missing=0 p50_ns=291 p95_ns=291 p99_ns=291 p99_9_ns=291 max_ns=875 mean_ns=349
[VM 3] RTBENCH_NS metric=context_switch run=1 expected=10 collected=10 missing=0 p50_ns=291 p95_ns=291 p99_ns=291 p99_9_ns=291 max_ns=875 mean_ns=349
[VM 3] RTBENCH_NS metric=context_switch run=1 expected=10 collected=10 missing=0 p50_ns=291 p95_ns=291 p99_ns=291 p99_9_ns=291 max_ns=875 mean_ns=349
[VM 3] RTBENCH_NS metric=scheduler_decision run=1 expected=10 collected=10 missing=0 p50_ns=291 p95_ns=291 p99_ns=291 p99_9_ns=291 max_ns=583 mean_ns=320
[VM 3] RTBENCH_NS metric=scheduler_decision run=1 expected=10 collected=10 missing=0 p50_ns=291 p95_ns=291 p99_ns=291 p99_9_ns=2[VM 3] RTBENCH_NS metric=scheduler_decision run=1 expected=10 collected=10 missing=0 p50_ns=291 p95_ns=291 p99_ns=291 p99_9_ns=291 max_ns=583 mean_ns=320
[VM 3] RTBENCH_NS metric=sync_sem run=1 expected=10 collected=10 missing=0 p50_ns=583 p95_ns=583 p99_ns=583 p99_9_ns=583 max_ns=875 mean_ns=612
[VM 3] RTBENCH_NS metric=sync_sem run=1 expected=10 collected=10 missing=0 p50_ns=583 p95_ns=583 p99_ns=583 p99_9_ns=583 max_ns=875 mean_ns=612
[VM 3] RTBENCH_NS metric=sync_sem run=1 expected=10 collected=10 missing=0 p50_ns=583 p95_ns=583 p99_ns=583 p99_9_ns=583 max_ns=875 mean_ns=612
[VM 3] RTBENCH_NS metric=sync_mutex run=1 expected=10 collected=10 missing=0 p50_ns=291 p95_ns=583 p99_ns=583 p99_9_ns=583 max_n[VM 3] RTBENCH_NS metric=sync_mutex run=1 expected=10 collected=10 missing=0 p50_ns=291 p95_ns=583 p99_ns=583 p99_9_ns=583 max_ns=583 mean_ns=378
[VM 3] RTBENCH_NS metric=sync_mutex run=1 expected=10 collected=10 missing=0 p50_ns=291 p95_ns=583 p99_ns=583 p99_9_ns=583 max_ns=583 mean_ns=378
[VM 3] RTBENCH_NS metric=sync_mailbox run=1 expected=10 collected=10 missing=0 p50_ns=583 p95_ns=875 p99_ns=875 p99_9_ns=875 max_ns=1166 mean_ns=728
[VM 3] RTBENCH_NS metric=sync_mailbox run=1 expected=10 collected=10 missing=0 p50_ns=583 p95_ns=875 p99_ns=875 p99_9_ns=875 max_ns=1166 mean_ns=728
[VM 3] RTBENCH_NS metric=sync_mailbox run=1 expected=10 collected=10 missing=0 p50_ns=583 p95_ns=875 p99_ns=875 p99_9_ns=875 max[VM 3] RTBENCH_NS metric=irq_handler_exec run=1 expected=10 collected=10 missing=0 p50_ns=2916 p95_ns=3208 p99_ns=3208 p99_9_ns=3208 max_ns=5250 mean_ns=3266
[VM 3] RTBENCH_NS metric=irq_handler_exec run=1 expected=10 collected=10 missing=0 p50_ns=2916 p95_ns=3208 p99_ns=3208 p99_9_ns=[VM 3] RTBENCH_NS metric=irq_handler_exec run=1 expected=10 collected=10 missing=0 p50_ns=2916 p95_ns=3208 p99_ns=3208 p99_9_ns=[VM 3] RTBENCH_NS metric=deadline_miss_under_load run=1 expected=10 collected=10 missing=0 p50_ns=261625 p95_ns=510125 p99_ns=5110125 max_ns=529375 mean_ns=337866
[VM 3] RTBENCH_NS metric=deadline_miss_under_load run=1 expected=10 collected=10 missing=0 p50_ns=261625 p95_ns=510125 p99_ns=510125 p99_9_ns=510125 max_ns=529375 mean_ns=337866
[VM 3] RTBENCH_NS metric=deadline_miss_under_load run=1 expected=10 collected=10 missing=0 p50_ns=261625 p95_ns=510125 p99_ns=510125 p99_9_ns=510125 max_ns=529375 mean_ns=337866
[VM 3] RTBENCH_NS metric=net_event_latency run=1 expected=10 collected=10 missing=0 p50_ns=528791 p95_ns=537541 p99_ns=537541 p99_9_ns=537541 max_ns=3820541 mean_ns=853912
[VM 3] RTBENCH_NS metric=net_event_latency run=1 expected=10 collected=10 missing=0 p50_ns=528791 p95_ns=537541 p99_ns=537541 p9[VM 3] RTBENCH_NS metric=net_event_latency run=1 expected=10 collected=10 missing=0 p50_ns=528791 p95_ns=537541 p99_ns=537541 p99_9_ns=537541 max_ns=3820541 mean_ns=853912
[VM 3] RTBENCH_END status=PASS expected=10 collected=10 missing=0
[VM 3] RTBENCH_DONE
