    Finished `dev` profile [unoptimized + debuginfo] target(s) in 0.26s
     Running `target/debug/tg-xtask axvisor task123 uboot --rtos rtthread --app-guest linux --realtime-suite --rtbench-samples 2 --config os/axvisor/configs/board/rock-4d-task123-linuxleg.toml --uboot-config os/StarryOS/configs/board/rock-4d-uboot-local.toml`
[2026-08-24T15:32:48Z INFO  axbuild::context] Workspace root: /home/yfblock/Code/tgoskits-GoGoGo
TASK123_GUEST_ARTIFACTS app_guest=linux linux_kernel=/home/yfblock/Code/tgoskits-GoGoGo/tmp/source-cache/task3-alpine-linux/6.12.21-alpine-3.23.0/images/linux/Image linux_initramfs=/home/yfblock/Code/tgoskits-GoGoGo/tmp/source-cache/task3-alpine-linux/6.12.21-alpine-3.23.0/images/linux/rootfs.cpio.gz
TASK123_UBOOT_CONFIG_WRITTEN /home/yfblock/Code/tgoskits-GoGoGo/tmp/task123-uboot-rtthread-linux-3226407.toml
TASK123_UBOOT combination=rtthread+/linux config=/home/yfblock/Code/tgoskits-GoGoGo/os/axvisor/configs/board/rock-4d-task123-linuxleg.toml uboot_config=/home/yfblock/Code/tgoskits-GoGoGo/tmp/task123-uboot-rtthread-linux-3226407.toml
[2026-08-24T15:32:48Z INFO  axbuild::context] Workspace member dir for axvisor: /home/yfblock/Code/tgoskits-GoGoGo/os/axvisor
Using build config: /home/yfblock/Code/tgoskits-GoGoGo/os/axvisor/configs/board/rock-4d-task123-linuxleg.toml
[2026-08-24T15:32:48Z INFO  axbuild::axvisor::build::rtthread] AxVisor pre-build will prepare RT-Thread image /home/yfblock/Code/tgoskits-GoGoGo/os/axvisor/configs/vms/rock-4d/rtthread.bin for VM config /home/yfblock/Code/tgoskits-GoGoGo/os/axvisor/configs/vms/rock-4d/rtthread-auto.toml
[axbuild] uboot build+run package=axvisor target=scripts/targets/std/pie/aarch64-unknown-linux-musl.json config=/home/yfblock/Code/tgoskits-GoGoGo/os/axvisor/configs/board/rock-4d-task123-linuxleg.toml ...
sh -c /home/yfblock/Code/tgoskits-GoGoGo/tmp/axbuild/std/prebuild/prebuild-aarch64-unknown-linux-musl-fa6da7fc3844f321.sh
sh -c bash '/home/yfblock/Code/tgoskits-GoGoGo/os/axvisor/scripts/build_rtthread_image.sh' --vm-config '/home/yfblock/Code/tgoskits-GoGoGo/os/axvisor/configs/vms/rock-4d/rtthread-auto.toml' --rock4d
RTTHREAD_UBOOT_PREPARE vm_config=/home/yfblock/Code/tgoskits-GoGoGo/os/axvisor/configs/vms/rock-4d/rtthread-auto.toml image=/home/yfblock/Code/tgoskits-GoGoGo/os/axvisor/configs/vms/rock-4d/rtthread.bin rock4d=1
Using cached RT-Thread source at /home/yfblock/Code/tgoskits-GoGoGo/tmp/source-cache/rt-thread/ddf52e2cdd977f14fc04035c88672ac204aec713/source (ddf52e2cdd977f14fc04035c88672ac204aec713)
Prepared RT-Thread source at /home/yfblock/Code/tgoskits-GoGoGo/tmp/source-cache/task123-rtthread-uboot (ddf52e2cdd977f14fc04035c88672ac204aec713)
Applying RT-Thread patches for axvisor...
Applied the AxVisor AArch64 base port
Applied the RT-Thread guest memory layout
Removed RT_USING_VIRTIO_MMIO_ALIGN from rtconfig.h
the lwIP RX mailbox fix is already applied
the virtio-net TX used-ring reclaim fix is already applied
the virtio-net RX used-ring head fix is already applied
the lwIP UDP receive mailbox configuration is already applied
the GICv3 pending-register fix is already applied
the GICv3 interrupt enable-state query is already applied
the absolute virtual-timer deadline fix is already applied
Applied the virtio-net benchmark packet hook
Applied the virtio-net RX DMA cache-coherency fix
Applied the ROCK 4D board port
Enabled CONFIG_RT_USING_TASK123_SERVER in /home/yfblock/Code/tgoskits-GoGoGo/tmp/source-cache/task123-rtthread-uboot/bsp/qemu-virt64-aarch64/.config
Synchronized RT_USING_TASK123_SERVER in rtconfig.h
Recorded RT-Thread patch-set state
Installed RT-IPC server into /home/yfblock/Code/tgoskits-GoGoGo/tmp/source-cache/task123-rtthread-uboot/bsp/qemu-virt64-aarch64/applications/rt-ipc-test
Installed Task 3 server into /home/yfblock/Code/tgoskits-GoGoGo/tmp/source-cache/task123-rtthread-uboot/bsp/qemu-virt64-aarch64/applications/task3
Installed RT benchmark into /home/yfblock/Code/tgoskits-GoGoGo/tmp/source-cache/task123-rtthread-uboot/bsp/qemu-virt64-aarch64/applications
Patches are applied in-place in the RT-Thread source tree.
Key changes:
  - rtconfig.h: RT_LWIP_DHCP removed, IP addresses quoted, virtio-net enabled
  - rtconfig.h: SAL/socket support enabled for RT-IPC
  - virtio.h: _virtio_va2pa_safe() with identity mapping fallback
  - virtio.c: 64-bit queue registers with 44-bit PA mask
  - virtio_net.c: volatile feature negotiation, interrupt-only RX
  - virtio_net.c: separate TX and RX descriptor buffers
  - lwIP: 16-slot UDP receive mailbox and matching netbuf pool
  - GICv3: local SGI/PPI pending state uses redistributor registers
  - AArch64 GIC: interrupt enable state is queryable for benchmark cleanup
  - AArch64 timer: absolute CNTV deadlines with elapsed-tick compensation
  - applications/rt-ipc-test/: RT-IPC UDP server installed
  - applications/task3/: Task 3 UDP/9877 control server installed
  - applications/rt_benchmark.c: canonical real-time benchmark installed
RTTHREAD_UBOOT_IMAGE_REUSED /home/yfblock/Code/tgoskits-GoGoGo/os/axvisor/configs/vms/rock-4d/rtthread.bin
AR_aarch64_unknown_linux_musl=aarch64-linux-musl-ar
AXVISOR_VM_CONFIGS=/home/yfblock/Code/tgoskits-GoGoGo/os/axvisor/configs/vms/rock-4d/linux-task123.toml:/home/yfblock/Code/tgoskits-GoGoGo/os/axvisor/configs/vms/rock-4d/rtthread-auto.toml
AX_ARCH=aarch64
AX_LOG=info
AX_TARGET=aarch64-unknown-none-softfloat
BINDGEN_EXTRA_CLANG_ARGS_aarch64_unknown_linux_musl=--target=aarch64-linux-musl --sysroot=/home/yfblock/Env/aarch64-linux-musl-cross/bin/../aarch64-linux-musl --gcc-toolchain=/home/yfblock/Env/aarch64-linux-musl-cross -isystem /home/yfblock/Env/aarch64-linux-musl-cross/bin/../aarch64-linux-musl/include -isystem /home/yfblock/Env/aarch64-linux-musl-cross/lib/gcc/aarch64-linux-musl/11.2.1/include -mgeneral-regs-only
CARGO_UNSTABLE_JSON_TARGET_SPEC=true
CC_aarch64_unknown_linux_musl=aarch64-linux-musl-cc
CFLAGS_aarch64_unknown_linux_musl=-mgeneral-regs-only -fno-stack-protector
CXXFLAGS_aarch64_unknown_linux_musl=-mgeneral-regs-only -fno-stack-protector
SMP=8
cargo build --config /home/yfblock/Code/tgoskits-GoGoGo/tmp/axbuild/std/config-aarch64-unknown-linux-musl-dynamic.toml -p axvisor --target scripts/targets/std/pie/aarch64-unknown-linux-musl.json -Z unstable-options --target-dir /home/yfblock/Code/tgoskits-GoGoGo/target --features ax-std/smp,log/release_max_level_info -Z json-target-spec --bin axvisor --release --message-format json-render-diagnostics
warning: associated function `defer_irq_deactivation` is never used
  --> platforms/somehal/src/common.rs:26:8
   |
 7 | pub trait PlatOp {
   |           ------ associated function in this trait
...
26 |     fn defer_irq_deactivation(_active: &mut Self::ActiveIrq) -> Result<(), IrqError> {
   |        ^^^^^^^^^^^^^^^^^^^^^^
   |
   = note: `#[warn(dead_code)]` (part of `#[warn(unused)]`) on by default

warning: `somehal` (lib) generated 1 warning
warning: associated function `after_external_interrupt` is never used
   --> virtualization/axvm/src/architecture/ops.rs:121:8
    |
 12 | pub(crate) trait ArchOps {
    |                  ------- associated function in this trait
...
121 |     fn after_external_interrupt(
    |        ^^^^^^^^^^^^^^^^^^^^^^^^
    |
    = note: `#[warn(dead_code)]` (part of `#[warn(unused)]`) on by default

warning: function `host_console_irq` is never used
  --> virtualization/axvm/src/host/arceos.rs:91:15
   |
91 | pub(crate) fn host_console_irq() -> Option<modules::ax_hal::irq::IrqId> {
   |               ^^^^^^^^^^^^^^^^

warning: function `dispatch_host_irq` is never used
  --> virtualization/axvm/src/host/arceos.rs:95:15
   |
95 | pub(crate) fn dispatch_host_irq(vector: usize) {
   |               ^^^^^^^^^^^^^^^^^

warning: function `with_vm` is never used
  --> virtualization/axvm/src/manager.rs:56:15
   |
56 | pub(crate) fn with_vm<F, R>(vm_id: VMId, f: F) -> Option<R>
   |               ^^^^^^^

warning: function `active_vcpu_mask` is never used
  --> virtualization/axvm/src/manager.rs:65:15
   |
65 | pub(crate) fn active_vcpu_mask(vm_id: VMId) -> Option<usize> {
   |               ^^^^^^^^^^^^^^^^

warning: function `inject_interrupt` is never used
  --> virtualization/axvm/src/manager.rs:77:15
   |
77 | pub(crate) fn inject_interrupt(vm_id: VMId, vcpu_id: usize, vector: usiz...
   |               ^^^^^^^^^^^^^^^^

warning: variant `Generic` is never constructed
  --> virtualization/axvm/src/runtime/hvc.rs:26:5
   |
25 | pub(crate) enum HyperCallAbi {
   |                 ------------ variant in this enum
26 |     Generic,
   |     ^^^^^^^
   |
   = note: `HyperCallAbi` has derived impls for the traits `Debug` and `Clone`, but these are intentionally ignored during dead code analysis

warning: method `handle` is never used
   --> virtualization/axvm/src/timer.rs:158:8
    |
113 | impl TimerWheels {
    | ---------------- method in this implementation
...
158 |     fn handle(&self, token: usize) -> Option<VmTimerHandle> {
    |        ^^^^^^

warning: function `cancel_timer` is never used
   --> virtualization/axvm/src/timer.rs:236:15
    |
236 | pub(crate) fn cancel_timer(token: usize) {
    |               ^^^^^^^^^^^^

warning: method `notification_generation` is never used
   --> virtualization/axvm/src/vm/mod.rs:446:19
    |
256 | impl VmRuntimeHandle {
    | -------------------- method in this implementation
...
446 |     pub(crate) fn notification_generation(&self) -> usize {
    |                   ^^^^^^^^^^^^^^^^^^^^^^^

warning: field `host_timer_policy` is never read
   --> virtualization/axvm/src/vm/mod.rs:861:5
    |
857 | pub struct AxVM {
    |            ---- field in this struct
...
861 |     host_timer_policy: HostTimerPolicy,
    |     ^^^^^^^^^^^^^^^^^

warning: associated items `host_timer_policy`, `try_handle_port_write`, `handle_nested_page_fault`, and `debug_nested_page_fault` are never used
    --> virtualization/axvm/src/vm/mod.rs:922:25
     |
 870 | impl AxVM {
     | --------- associated items in this implementation
...
 922 |     pub(crate) const fn host_timer_policy(&self) -> HostTimerPolicy {
     |                         ^^^^^^^^^^^^^^^^^
...
1378 |     pub(crate) fn try_handle_port_write(
     |                   ^^^^^^^^^^^^^^^^^^^^^
...
1391 |     pub(crate) fn handle_nested_page_fault(
     |                   ^^^^^^^^^^^^^^^^^^^^^^^^
...
1406 |     fn debug_nested_page_fault(
     |        ^^^^^^^^^^^^^^^^^^^^^^^

warning: struct `SimpleVmPlan` is never constructed
  --> virtualization/axvm/src/vm/prepare/device_plan/mod.rs:60:19
   |
60 | pub(crate) struct SimpleVmPlan(VmDevicePlan);
   |                   ^^^^^^^^^^^^

warning: associated function `new` is never used
  --> virtualization/axvm/src/vm/prepare/device_plan/mod.rs:63:25
   |
62 | impl SimpleVmPlan {
   | ----------------- associated function in this implementation
63 |     pub(crate) const fn new(devices: VmDevicePlan) -> Self {
   |                         ^^^

warning: `axvm` (lib) generated 14 warnings
warning: associated functions `create_vm_from_toml` and `start_vm` are never used
  --> os/axvisor/src/manager.rs:50:12
   |
24 | impl AxvmManager {
   | ---------------- associated functions in this implementation
...
50 |     pub fn create_vm_from_toml(raw_cfg: &str) -> Result<VMId> {
   |            ^^^^^^^^^^^^^^^^^^^
...
55 |     pub fn start_vm(vm_id: VMId) -> Result<()> {
   |            ^^^^^^^^
   |
   = note: `#[warn(dead_code)]` (part of `#[warn(unused)]`) on by default

warning: function `can_start_vm` is never used
  --> os/axvisor/src/shell/command/vm.rs:32:4
   |
32 | fn can_start_vm(status: VmStatus) -> Result<(), &'static str> {
   |    ^^^^^^^^^^^^

warning: function `start_single_vm` is never used
   --> os/axvisor/src/shell/command/vm.rs:243:4
    |
243 | fn start_single_vm(vm: axvm::AxVMRef) -> anyhow::Result<()> {
    |    ^^^^^^^^^^^^^^^

warning: function `start_vm_by_id` is never used
   --> os/axvisor/src/shell/command/vm.rs:254:4
    |
254 | fn start_vm_by_id(vm_id: usize, attach_console: bool) {
    |    ^^^^^^^^^^^^^^

warning: `axvisor` (bin "axvisor") generated 4 warnings
    Finished `release` profile [optimized] target(s) in 0.31s
warning: the following packages contain code that will be rejected by a future version of Rust: core v0.0.0 (/home/yfblock/.rustup/toolchains/nightly-2026-07-15-x86_64-unknown-linux-gnu/lib/rustlib/src/rust/library/core), memchr v2.8.3
note: to see what the problems were, use the option `--future-incompat-report`, or run `cargo report future-incompatibilities --id 1`
Converting ELF to BIN format...
  elf: /home/yfblock/Code/tgoskits-GoGoGo/target/aarch64-unknown-linux-musl/release/axvisor
  bin: /home/yfblock/Code/tgoskits-GoGoGo/target/aarch64-unknown-linux-musl/release/axvisor.bin
/home/yfblock/.rustup/toolchains/nightly-2026-07-15-x86_64-unknown-linux-gnu/lib/rustlib/x86_64-unknown-linux-gnu/bin/llvm-objcopy --strip-all -O binary /home/yfblock/Code/tgoskits-GoGoGo/target/aarch64-unknown-linux-musl/release/axvisor /home/yfblock/Code/tgoskits-GoGoGo/target/aarch64-unknown-linux-musl/release/axvisor.bin
[2026-08-24T15:32:49Z INFO  ostool::run::uboot] Starting U-Boot runner...
[2026-08-24T15:32:49Z INFO  ostool::run::uboot] kernel from: /home/yfblock/Code/tgoskits-GoGoGo/target/aarch64-unknown-linux-musl/release/axvisor.bin
[2026-08-24T15:32:49Z INFO  ostool::run::uboot] TFTP : 192.168.1.17
[2026-08-24T15:32:49Z INFO  ostool::run::uboot] Linux detected: using net.tftp_dir=/srv/tftp and skipping all tftpd-hpa checks
[2026-08-24T15:32:49Z INFO  ostool::run::uboot] Using network interface hint: wlan0
[2026-08-24T15:32:49Z INFO  ostool::run::uboot] Opening serial port: /dev/ttyUSB0 @ 1500000
Waiting for board on power or reset...
sh -c sg2002-ctl 1; sleep 3; rk3576-rst
sg2002 (2031971012) 的 on 值已设置为 1
sg2002 (2031971012) 的 on 值已设置为 0
sg2002 (2031971012) 的 on 值已设置为 1
[2026-08-24T15:33:00Z INFO  uboot_shell] cmd: setenv autoload yes
[2026-08-24T15:33:00Z INFO  uboot_shell] cmd: setenv gatewayip 192.168.1.1
[2026-08-24T15:33:01Z INFO  uboot_shell] cmd: setenv netmask 255.255.255.0
[2026-08-24T15:33:01Z INFO  uboot_shell] cmd: setenv ipaddr 192.168.1.213
[2026-08-24T15:33:01Z INFO  uboot_shell] cmd: net list
[2026-08-24T15:33:02Z INFO  ostool::run::uboot] Board network ok
[2026-08-24T15:33:02Z INFO  uboot_shell] cmd: setenv serverip 192.168.1.17
[2026-08-24T15:33:02Z INFO  uboot_shell] cmd: echo $fdt_addr_r
[2026-08-24T15:33:03Z INFO  uboot_shell] cmd: echo $ramdisk_addr_r
[2026-08-24T15:33:03Z INFO  uboot_shell] cmd: echo $kernel_addr_r
[2026-08-24T15:33:03Z INFO  ostool::run::uboot] Using $kernel_addr_r as kernel entry: 0x42000000
[2026-08-24T15:33:03Z INFO  uboot_shell] cmd: echo $kernel_comp_addr_r
[2026-08-24T15:33:04Z INFO  ostool::run::uboot] image load to kernel_comp_addr_r: 0x4a000000
[2026-08-24T15:33:04Z INFO  uboot_shell] cmd: setenv loadaddr 0x4a000000
[2026-08-24T15:33:04Z INFO  ostool::run::uboot] fitimage loadaddr: 0x4a000000
[2026-08-24T15:33:04Z INFO  ostool::run::uboot] kernel entry: 0x42000000
[2026-08-24T15:33:04Z INFO  ostool::run::uboot] Using DTB from: os/StarryOS/configs/board/rock-4d.dtb
[2026-08-24T15:33:04Z INFO  ostool::boot::fit] Making FIT image...
[2026-08-24T15:33:04Z INFO  ostool::boot::fit] kernel: /home/yfblock/Code/tgoskits-GoGoGo/target/aarch64-unknown-linux-musl/release/axvisor.bin (size: 17276992)
[2026-08-24T15:33:04Z INFO  ostool::boot::fit] 已读取 DTB 文件: os/StarryOS/configs/board/rock-4d.dtb (大小: 267009)
[2026-08-24T15:33:04Z INFO  ostool::boot::fit] FIT image ok: /home/yfblock/Code/tgoskits-GoGoGo/target/aarch64-unknown-linux-musl/release/image.fit
[2026-08-24T15:33:04Z INFO  ostool::run::uboot] Staged FIT image to: /srv/tftp/ostool/3226407-18cec79e452d034b-0/image.fit
[2026-08-24T15:33:04Z INFO  uboot_shell] cmd: setenv bootfile ostool/3226407-18cec79e452d034b-0/image.fit
[2026-08-24T15:33:05Z INFO  ostool::run::uboot] Booting kernel with command: tftp ostool/3226407-18cec79e452d034b-0/image.fit && bootm
Interacting with U-Boot shell...
tftp ostool/3226407-18cec79e452d034b-0/image.fit && bootm
ethernet@2a220000 Waiting for PHY auto negotiation to complete....... done
Using ethernet@2a220000 device
TFTP from server 192.168.1.17; our IP address is 192.168.1.213
Filename 'ostool/3226407-18cec79e452d034b-0/image.fit'.
Load address: 0x4a000000
Loading: *#################################################################
	 #################################################################
	 #################################################################
	 #################################################################
	 #################################################################
	 #################################################################
	 #################################################################
	 #################################################################
	 #################################################################
	 #################################################################
	 #################################################################
	 #################################################################
	 #################################################################
	 #################################################################
	 #################################################################
	 #################################################################
	 #################################################################
	 #################################################################
	 ##########################
	 1.1 MiB/s
done
Bytes transferred = 17544784 (10bb650 hex)
## Loading kernel (any) from FIT Image at 4a000000 ...
   Using 'config-ostool' configuration
   Verifying Hash Integrity ... OK
   Trying 'kernel' kernel subimage
     Description:  This kernel
     Type:         Kernel Image
     Compression:  uncompressed
     Data Start:   0x4a000168
     Data Size:    17276992 Bytes = 16.5 MiB
     Architecture: AArch64
     OS:           Linux
     Load Address: 0x42000000
     Entry Point:  0x42000000
   Verifying Hash Integrity ... OK
## Loading fdt (any) from FIT Image at 4a000000 ...
   Using 'config-ostool' configuration
   Verifying Hash Integrity ... OK
   Trying 'fdt' fdt subimage
     Description:  This fdt
     Type:         Flat Device Tree
     Compression:  uncompressed
     Data Start:   0x4b07a228
     Data Size:    267009 Bytes = 260.8 KiB
     Architecture: AArch64
     Load Address: 0x52000000
   Verifying Hash Integrity ... OK
   Loading fdt from 0x4b07a228 to 0x52000000
   Booting using the fdt blob at 0x52000000
Working FDT set to 52000000
   Loading Kernel Image to 42000000
   Loading Device Tree to 00000000fce8f000, end 00000000fced3300 ... OK
Working FDT set to fce8f000

Starting kernel ...

root=/dev/mmcblk0p3 rootfstype=ext4 rootwait rw console=ttyS0,1500000n8 earlycon=uart8250,mmio32,0x2ad40000
VM Load @PA:0x42000000
VM Load Offset: 0xffff0000c2000000
Memory Map:
  Rsv    0x00000040110000 - 0x000000401f0000 (896 KiB)
  Free   0x00000040200000 - 0x00000042000000 (30 MiB)
  KI000 - 0x00000043200000 (18 MiB)
  Free   0x00000043200000 - 0x00000140000000 (3.95 GiB)
Initialize RAM allocator: 0x40200000..0x42000000
Reserving CPU-local areas
CPU-local area stride: 0x44000 bytes
Total CPU-local allocation: 0x220000 bytes (8 CPUs)
Flushed RAM used range to memory map: 0x40200000..0x40242000, current: 0x40242000
Flushed RAM used range to memory map: 0x40242000..0x40462000, current: 0x40462000
CPU-local areas allocated at 0x40242000 - 0x40462000
EL: 2
Mapping early memory regions...
Ram                 : [0x0000000040200000, 0x0000000140000000) -> [0x0000000040200000, 0x0000000140000000) (4 GiB)
KImage              : [0x0000ffff80000000, 0x0000ffff81200000) -> [0x0000000042000000, 0x0000000043200000) (18 MiB)
PerCpu              : [0x0000ff0040242000, 0x0000ff0040462000) -> [0x0000000040242000, 0x0000000040462000) (2.12 MiB)
Debug serial        : [0x000000002ad40000, 0x000000002ad41000) -> [0x000000002ad40000, 0x000000002ad41000) (4 KiB)
Boot page table at physical address: PA:0x40462000
Setting up table registers...
MMU Entry point at physical address: 0x421b7900
Trap vector at 0xffff801bb800
Memory Map:
  MMIO   0x0000002ad40000 - 0x0000002ad41000 (4 KiB)
  Rsv    0x00000040110000 - 0x000000401f0000 (896 KiB)
  Rsv    0x00000040200000 - 0x00000040242000 (264 KiB)
  PerCPU 0x00000040242000 - 0x00000040462000 (2.12 MiB)
  Rsv    0x00000040462000 - 0x0000004046d000 (44 KiB)
  Free   0x0000004046d000 - 0x00000042000000 (27.57 MiB)
  KImg   0x00000042000000 - 0x00000043200000 (18 MiB)
  Free   0x00000043200000 - 0x00000140000000 (3.95 GiB)
Jumping to main entry point at 0xffff8019f7f8 with SP 0x0000ff0040286000

       d8888                            .d88888b.   .d8888b.
      d88888                           d88P" "Y88b d88P  Y88b
     d88P888                           888     888 Y88b.
    d88P 888 888d888  .d8888b  .d88b.  888     888  "Y888b.
   d88P  888 888P"   d88P"    d8P  Y8b 888     888     "Y88b.
  d88P   888 888     888      88888888 888     888       "888
 d8888888888 888     Y88b.    Y8b.     Y88b. .d88P Y88b  d88P
d88P     888 888      "Y8888P  "Y8888   "Y88888P"   "Y8888P"

arch = aarch64
platform = ROCK 4D
target = aarch64-unknown-none-softfloat
build_mode = 
log_level = info
backtrace = false
smp = 8

[37m[ 30.398735 ax_runtime:223] [32mLogging is enabled.[m
[m[37m[ 30.399221 ax_runtime:224] [32mPrimary CPU 0 started, arg = 0x40200000.[m
[m[37m[ 30.399866 ax_runtime:226] [32mFound physcial memory regions:[m
[m[37m[ 30.400503 ax_runtime:228] [32m  [PA:0x2ad40000, PA:0x2ad41000) mmio (READ | WRITE | DEVICE | RESERVED)[m
[m[37m[ 30.401387 ax_runtime:228] [32m  [PA:0x40110000, PA:0x401f0000) reserved (READ | WRITE | EXECUTE | RESERVED)[m
[m[37m[ 30.402309 ax_runtime:228] [32m  [PA:0x40200000, PA:0x40242000) reserved (READ | WRITE | EXECUTE | RESERVED)[m
[m[37m[ 30.403232 ax_runtime:228] [32m  [PA:0x40242000, PA:0x40462000) reserved (READ | WRITE | EXECUTE | RESERVED)[m
[m[37m[ 30.404154 ax_runtime:228] [32m  [PA:0x40462000, PA:0x4046d000) reserved (READ | WRITE | EXECUTE | RESERVED)[m
[m[37m[ 30.405077 ax_runtime:228] [32m  [PA:0x4046d000, PA:0x42000000) free memory (READ | WRITE | FREE)[m
[m[37m[ 30.405917 ax_runtime:228] [32m  [PA:0x42000000, PA:0x43200000) reserved (READ | WRITE | EXECUTE | RESERVED)[m
[m[37m[ 30.406839 ax_runtime:228] [32m  [PA:0x43200000, PA:0x140000000) free memory (READ | WRITE | FREE)[m
[m[37m[ 30.407686 ax_runtime:376] [32mInitialize global memory allocator...[m
[m[37m[ 30.408309 ax_runtime:377] [32m  use buddy-slab-allocator allocator.[m
[m[37m[ 30.408933 ax_alloc::buddy_slab:158] [32mInitialize global memory allocator, start_vaddr: 0x43200000, size: 0xfce00000[m
[m[37m[ 30.414063 ax_alloc::buddy_slab:424] [32mglobal allocator initialized[m
[m[37m[ 30.414689 ax_alloc::buddy_slab:168] [32mAdd memory region, start_vaddr: 0x4046d000, size: 0x1b93000[m
[m[37m[ 30.415580 ax_runtime:263] [32mkernel aspace: [VA:0x0, VA:0xffffffffffffffff)[m
[m[37m[ 30.416266 ax_mm:103] [32mInitialize virtual memory management...[m
[m[37m[ 31.071993 ax_runtime:275] [32mInitialize platform devices...[m
[m[37m[ 31.159807 someboot::arch::power:23] [32mPower management method : SMC[m
[m[37m[ 31.160456 somehal::driver:5] [32mInitializing rdrive with FDT at 0x40200000[m
[m[37m[ 31.686474 ax_task::api:137] [32mInitialize scheduling...[m
[m[37m[ 31.687105 ax_task::api:145] [32m  use Round-robin scheduler.[m
[m[37m[ 31.687676 ax_runtime:301] [32mInitialize interrupt handlers...[m
[m[37m[ 31.688309 ax_runtime::devices:2] [32mProbe platform devices...[m
[m[37m[ 31.853128 ax_runtime::mp:79] [32mSecondary CPU 1 started.[m
[m[37m[ 31.853773 ax_runtime::mp:110] [32mSecondary CPU 1 init OK.[m
[m[37m[ 31.855896 ax_runtime::mp:79] [32mSecondary CPU 2 started.[m
[m[37m[ 31.856536 ax_runtime::mp:110] [32mSecondary CPU 2 init OK.[m
[m[37m[ 31.858677 ax_runtime::mp:79] [32mSecondary CPU 3 started.[m
[m[37m[ 31.859316 ax_runtime::mp:110] [32mSecondary CPU 3 init OK.[m
[m[37m[ 31.861437 ax_runtime::mp:79] [32mSecondary CPU 4 started.[m
[m[37m[ 31.862058 ax_runtime::mp:110] [32mSecondary CPU 4 init OK.[m
[m[37m[ 31.864156 ax_runtime::mp:79] [32mSecondary CPU 5 started.[m
[m[37m[ 31.864773 ax_runtime::mp:110] [32mSecondary CPU 5 init OK.[m
[m[37m[ 31.866879 ax_runtime::mp:79] [32mSecondary CPU 6 started.[m
[m[37m[ 31.867496 ax_runtime::mp:110] [32mSecondary CPU 6 init OK.[m
[m[37m[ 31.869618 ax_runtime::mp:79] [32mSecondary CPU 7 started.[m
[m[37m[ 31.869618 ax_runtime:349] [32mPrimary CPU 0 init OK.[m
[m[37m[ 31.870230 ax_runtime::mp:110] [32mSecondary CPU 7 init OK.[m
[m

       d8888            888     888  d8b
      d88888            888     888  Y8P
     d88P888            888     888
    d88P 888  888  888  Y88b   d88P  888  .d8888b    .d88b.   888d888
   d88P  888  `Y8bd8P'   Y88b d88P   888  88K       d88""88b  888P"
  d88P   888    X88K      Y88o88P    888  "Y8888b.  888  888  888
 d8888888888  .d8""8b.     Y888P     888       X88  Y88..88P  888
d88P     888  888  888      Y8P      888   88888P'   "Y88P"   888


by AxVisor Team

[37m[ 31.874951 0:2 axvisor:73] [32mStarting virtualization...[m
[m[37m[ 31.875491 0:2 axvm::host::arceos:353] [32mEnabling hardware virtualization support on all cores...[m
[m[37m[ 31.876347 0:2 axvm::host::arceos:359] [32mCore 0 is initializing hardware virtualization support...[m
[m[37m[ 31.877209 0:2 axvm::timer:318] [32mInitializing AxVM timer wheel...[m
[m[37m[ 32.021570 0:2 axvm::host::arceos:361] [32mHardware virtualization support enabled on core 0[m
[m[37m[ 32.022429 1:19 axvm::host::arceos:371] [32mCore 1 is initializing hardware virtualization support...[m
[m[37m[ 32.022572 0:2 axvm::host::arceos:387] [32mWaiting for all cores to enable hardware virtualization...[m
[m[37m[ 32.023298 1:19 axvm::timer:318] [32mInitializing AxVM timer wheel...[m
[m[37m[ 32.022488 3:21 axvm::host::arceos:371] [32mCore 3 is initializing hardware virtualization support...[m
[m[37m[ 32.024863 1:19 axvm::host::arceos:374] [32mHardware virtualization support enabled on core 1[m
[m[37m[ 32.022450 2:20 axvm::host::arceos:371] [32mCore 2 is initializing hardware virtualization support...[m
[m[37m[ 32.025673 3:21 axvm::timer:318] [32mInitializing AxVM timer wheel...[m
[m[37m[ 32.027360 2:20 axvm::timer:318] [32mInitializing AxVM timer wheel...[m
[m[37m[ 32.028026 3:21 axvm::host::arceos:374] [32mHardware virtualization support enabled on core 3[m
[m[37m[ 32.028655 2:20 axvm::host::arceos:374] [32mHardware virtualization support enabled on core 2[m
[m[37m[ 32.022518 4:22 axvm::host::arceos:371] [32mCore 4 is initializing hardware virtualization support...[m
[m[37m[ 32.022563 6:24 axvm::host::arceos:371] [32mCore 6 is initializing hardware virtualization support...[m
[m[37m[ 32.031105 4:22 axvm::timer:318] [32mInitializing AxVM timer wheel...[m
[m[37m[ 32.031984 6:24 axvm::timer:318] [32mInitializing AxVM timer wheel...[m
[m[37m[ 32.032669 4:22 axvm::host::arceos:374] [32mHardware virtualization support enabled on core 4[m
[m[37m[ 32.033287 6:24 axvm::host::arceos:374] [32mHardware virtualization support enabled on core 6[m
[m[37m[ 32.022586 7:25 axvm::host::arceos:371] [32mCore 7 is initializing hardware virtualization support...[m
[m[37m[ 32.022540 5:23 axvm::host::arceos:371] [32mCore 5 is initializing hardware virtualization support...[m
[m[37m[ 32.035733 7:25 axvm::timer:318] [32mInitializing AxVM timer wheel...[m
[m[37m[ 32.036604 5:23 axvm::timer:318] [32mInitializing AxVM timer wheel...[m
[m[37m[ 32.037279 7:25 axvm::host::arceos:374] [32mHardware virtualization support enabled on core 7[m
[m[37m[ 32.037899 5:23 axvm::host::arceos:374] [32mHardware virtualization support enabled on core 5[m
[m[37m[ 32.039475 0:2 axvm::host::arceos:403] [32mAll cores have enabled hardware virtualization support.[m
[m[37m[ 32.040322 0:2 axvisor::config:90] [32mUsing static VM configs.[m
[m[37m[ 32.153383 0:2 axvm::arch::aarch64::fdt::core:68] [32mVM[1] virtual UART follows the host-selected UART: GuestSerialProfile { model: Uart16550, transport: Mmio { base: 718536704, length: 256, register_shift: 2, register_width: Dword }, irq: 108, clock_hz: 24000000 }[m
[m[37m[ 32.156500 0:2 axvm::arch::aarch64::fdt::core:79] [32mVM[1] virtual GIC follows host firmware resources: GuestGicProfile { compatible: "arm,gic-400", node_path: "/interrupt-controller@2a701000", node_phandle: Some(1), distributor: GuestMmioRegion { base: 711987200, length: 65536 }, cpu_region: CpuInterface(GuestMmioRegion { base: 711991296, length: 65536 }), its: [] }[m
[m[37m[ 32.159842 0:2 axvm::arch::aarch64::fdt::core:93] [32mVM[1] architectural timer follows host firmware PPIs[m
[m[37m[ 32.311735 0:2 axvm::arch::aarch64::fdt::core::parser:442] [32mCPU node: /cpus/cpu@0, node_id: 0x0, hardware_cpu_id: 0x0[m
[m[37m[ 32.312784 0:2 axvm::arch::aarch64::fdt::core::parser:442] [32mCPU node: /cpus/cpu@1, node_id: 0x1, hardware_cpu_id: 0x1[m
[m[37m[ 32.313822 0:2 axvm::arch::aarch64::fdt::core::parser:442] [32mCPU node: /cpus/cpu@2, node_id: 0x2, hardware_cpu_id: 0x2[m
[m[37m[ 32.314860 0:2 axvm::arch::aarch64::fdt::core::parser:442] [32mCPU node: /cpus/cpu@3, node_id: 0x3, hardware_cpu_id: 0x3[m
[m[37m[ 32.315898 0:2 axvm::arch::aarch64::fdt::core::parser:442] [32mCPU node: /cpus/cpu@100, node_id: 0x100, hardware_cpu_id: 0x100[m
[m[37m[ 32.316984 0:2 axvm::arch::aarch64::fdt::core::parser:442] [32mCPU node: /cpus/cpu@101, node_id: 0x101, hardware_cpu_id: 0x101[m
[m[37m[ 32.318067 0:2 axvm::arch::aarch64::fdt::core::parser:442] [32mCPU node: /cpus/cpu@102, node_id: 0x102, hardware_cpu_id: 0x102[m
[m[37m[ 32.319165 0:2 axvm::arch::aarch64::fdt::core::parser:442] [32mCPU node: /cpus/cpu@103, node_id: 0x103, hardware_cpu_id: 0x103[m
[m[37m[ 32.340038 0:2 axvm::arch::aarch64::fdt::core::parser:449] [32mFound 8 host CPU nodes[m
[m[37m[ 32.340799 0:2 axvm::arch::aarch64::fdt::core:144] [32mVM[1] DTB not found, generating from the VM configuration[m
[m[37m[ 32.740073 0:2 axvm::arch::aarch64::fdt::core::device:96] [32mFound excluded devices: ["/interrupt-controller@2a701000", "/serial@27310000", "/serial@2ad40000", "/serial@2ad50000", "/serial@2ad60000", "/serial@2ad70000", "/serial@2ad80000", "/serial@2ad90000", "/serial@2ada0000", "/serial@2adb0000", "/serial@2adc0000", "/serial@2afc0000", "/serial@2afd0000", "/timer", "/timer@2acc0000"][m
[m[37m[ 32.853545 0:2 axvm::arch::aarch64::fdt::core::device:96] [32mFound excluded devices: ["/interrupt-controller@2a701000", 7310000", "/serial@2ad40000", "/serial@2ad50000", "/serial@2ad60000", "/serial@2ad70000", "/serial@2ad80000", "/serial@2ad90000", "/serial@2ada0000", "/serial@2adb0000", "/serial@2adc0000", "/serial@2afc0000", "/serial@2afd0000", "/timer", "/timer@2acc0000"][m
[m[37m[ 32.857375 0:2 axvisor::config:137] [32mCreating VM[1] "linux-task123"[m
[m[37m[ 32.858031 0:2 axvm::arch::aarch64::vgic::plan:214] [32massigned_spis: 0 passthrough interrupts configured[m
[m[37m[ 32.859759 0:2 axvm::vm:904] [32mVM created: id=1[m
[m[37m[ 32.860410 0:2 axvisor::config:149] [32mVM[1] created success, loading images...[m
[m[37m[ 32.893367 0:2 axvm::boot::images:137] [32mLoading ramdisk image from memory (6106626 bytes) into GPA @0x8c000000[m
[m[37m[ 32.924328 0:2 axdevice::device:1232] [32mDeviceRuntime: registered device id=0[m
[m[37m[ 32.925039 0:2 axdevice::devm
[m[37m[ 32.925832 0:2 axdevice::device:1232] [32mDeviceRuntime: registered device id=2[m
[m[37m[ 32.926635 0:2 axdevice::device:1232] [32mDeviceRuntime: registered device id=3[m
[m[37m[ 32.927472 0:2 axvm::vm::prepare:82] [32mVM setup: id=1[m
[m[37m[ 33.039579 0:2 axvm::arch::aarch64::fdt::core:68] [32mVM[3] virtual UART follows the host-selected UART: GuestSerialProfile { model: Uart16550, transport: Mmio { base: 718536704, length: 256, register_shift: 2, register_width: Dword }, irq: 108, clock_hz: 24000000 }[m
[m[37m[ 33.042691 0:2 axvm::arch::aarch64::fdt::core:79] [32mVM[3] virtual GIC follows host firmware resources: GuestGicProfile { compatible: "arm,gic-400", node_path: "/interrupt-controller@2a701000", node_phandle: Some(1), distributor: GuestMmioRegion { base: 711987200, length: 65536 }, cpu_region: CpuInterface(GuestMmioRegion { base: 711991296, length: 65536 }), its: [] }[m
[m[37m[ 33.046023 0:2 axvm::arch::aarch64::fdt::core:93] [32mVM[3] architectural timer follows host firmware PPIs[m
[m[37m[ 33.198047 0:2 axvm::arch::aarch64::fdt::core::parser:442] [32mCPU node: /cpus/cpu@0, node_id: 0x0, hardware_cpu_id: 0x0[m
[m[37m[ 33.199116 0:2 axvm::arch::aarch64::fdt::core::parser:442] [32mCPU node: /cpus/cpu@1, node_id: 0x1, hardware_cpu_id: 0x1[m
[m[37m[ 33.200156 0:2 axvm::arch::aarch64::fdt::core::parser:442] [32mCPU node: /cpus/cpu@2, node_id: 0x2, hardware_cpu_id: 0x2[m
[m[37m[ 33.201194 0:2 axvm::arch::aarch64::fdt::core::parser:442] [32mCPU node: /cpus/cpu@3, node_id: 0x3, hardware_cpu_id: 0x3[m
[m[37m[ 33.202232 0:2 axvm::arch::aarch64::fdt::core::parser:442] [32mCPU node: /cpus/cpu@100, node_id: 0x100, hardware_cpu_id: 0x100[m
[m[37m[ 33.203318 0:2 axvm::arch::aarch64::fdt::core::parser:442] [32mCPU node: /cpus/cpu@101, node_id: 0x101, hardware_cpu_id: 0x101[m
[m[37m[ 33.204401 0:2 axvm::arch::aarch64::fdt::core::parser:442] [32mCPU node: /cpus/cpu@102, node_id: 0x102, hardware_cpu_id: 0x102[m
[m[37m[ 33.205483 0:2 axvm::arch::aarch64::fdt::core::parser:442] [32mCPU node: /cpus/cpu@103, node_id: 0x103, hardware_cpu_id: 0x103[m
[m[37m[ 33.226523 0:2 axvm::arch::aarch64::fdt::core::parser:449] [32mFound 8 host CPU nodes[m
[m[37m[ 33.227284 0:2 axvm::arch::aarch64::fdt::core:144] [32mVM[3] DTB not found, generating from the VM configuration[m
[m[37m[ 33.628348 0:2 axvm::arch::aarch64::fdt::core::device:96] [32mFound excluded devices: ["/interrupt-controller@2a701000", "/serial@27310000", "/serial@2ad40000", "/serial@2ad50000", "/serial@2ad60000", "/serial@2ad70000", "/serial@2ad80000", "/serial@2ad90000", "/serial@2ada0000", "/serial@2adb0000", "/serial@2adc0000", "/serial@2afc0000", "/serial@2afd0000", "/timer", "/timer@2acc0000"][m
[m[37m[ 33.741110 0:2 axvm::arch::aarch64::fdt::core::device:96] [32mFound excluded devices: ["/interrupt-controller@2a701000", , "/serial@2ad70000", "/serial@2ad80000", "/serial@2ad90000", "/serial@2ada0000", "/serial@2adb0000", "/serial@2adc0000", "/serial@2afc0000", "/serial@2afd0000", "/timer", "/timer@2acc0000"][m
[m[37m[ 33.744862 0:2 axvisor::config:137] [32mCreating VM[3] "rtthread-net"[m
[m[37m[ 33.745510 0:2 axvm::arch::aarch64::vgic::plan:214] [32massigned_spis: 0 passthrough interrupts configured[m
[m[37m[ 33.747209 0:2 axvm::vm:904] [32mVM created: id=3[m
[m[37m[ 35.734606 0:2 axvisor::config:149] [32mVM[3] created success, loading images...[m
[m[37m[ 35.742044 0:2 axdevice::device:1232] [32mDeviceRuntime: registered device id=0[m
[m[37m[ 35.742755 0:2 axdevice::device:1232] [32mDeviceRuntime: registered device id=1[m
[m[37m[ 35.743549 0:2 axdevice::device:1232] [32mDeviceRuntime: registered device id=2[m
[m[37m[ 35.744352 0:2 axdevice::device:1232] [32mDeviceRuntime: registered device id=3[m
[m[37m[ 35.745172 0:2 axvm::vm::prepare:82] [32mVM setup: id=3[m
[m[37m[ 35.745703 0:2 axvm::runtime:105] [32mInitializing VMM...[m
[m[37m[ 35.746259 0:2 axvm::runtime:116] [32mVMM starting, booting VMs...[m
[m[37m[ 35.746865 0:2 axvm::vm:1145] [32mStarting VM[1][m
[m[37m[ 35.747339 0:2 axvm::runtime::vcpus:395] [32mSpawning task for VM[1] VCpu[0][m
[m[37m[ 35.748043 0:2 axvm::runtime::vcpus:414] [32mVCpu task Task(33, "VM[1]-VCpu[0]") created cpumask: [4, ][m
[m[37m[ 35.749230 0:2 axvm::runtime:124] [32mVM[1] boot success[m
[m[37m[ 35.749238 4:33 axvm::runtime::vcpus:481] [32mVM[1] VCpu[0] waiting for running[m
[m[37m[ 35.749760 0:2 axvm::vm:1145] [32mStarting VM[3][m
[m[37m[ 35.750471 4:33 axvm::runtime::vcpus:559] [32mVM[1] VCpu[0] running...[m
[m[37m[ 35.750940 0:2 axvm::runtime::vcpus:395] [32mSpawning task for VM[3] VCpu[0][m
[m[37m[ 35.752277 0:2 axvm::runtime::vcpus:414] [32mVCpu task Task(35, "VM[3]-VCpu[0]") created cpumask: [6, ][m
[m[37m[ 35.753308 0:2 axvm::runtime:124] [32mVM[3] boot success[m
[mB[37m[ 35.753319 6:35 axvm::runtime::vcpus:481] [32mVM[3] VCpu[0] waiting for running[m
[m[37m[ 35.753932 0:2 axvisor:89] [32m[OK] Default guest initialized[m
[m[37m[ 35.754556 6:35 axvm::runtime::vcpus:559] [32mVM[3] VCpu[0] running...[m
[m
[VM 1] ooting Linux on physical CPU 0x0000000100 [0x411fd080]
[VM 3] [32m[I/rtdm.ofw] Memory node(0) ranges: 0x0000000040000000 - 0x0000000080000000[0m
[VM 1] Linux version 6.12.21 (yfblock@gem12) (aarch64-linux-gnu-gcc (GCC) 16.1.0, GNU ld (GNU Binutils) 2.46.1) #2 SMP PREEMPT Sun Aug 23 17:51:02 CST 2026
[VM 3] [32m[I/mm.memblock] System memory:[0m
[VM 1] Machine model: ROCK 4D
[VM 1] earlycon: uart8250 at MMIO32 0x000000002ad40000 (options '')
[VM 3] [32m[I/mm.memblock]                    [0x0000000040000000, 0x0000000080000000][0m
[VM 1] printk: legacy bootconsole [uart8250] enabled
[VM 3] [32m[I/mm.memblock] Reserved memory:[0m
[VM 1] efi: UEFI not found.
[VM 3] [32m[I/mm.memblock]                    [0x0000000040200000, 0x0000000040335000][0m
[VM 3] [32m[I/mm.memblock]                    [0x0000000040335000, 0x0000000044335000][0m
[VM 1] OF: reserved mem: Reserved memory: No reserved-memory node in the DT
[VM 1] Zone ranges:
[VM 3] [32m[I/mm.memblock]                    [0x0000000044335000, 0x0000000044535000][0m
[VM 1]   DMA      [mem 0x0000000080000000-0x000000009fffffff]
[VM 1]   DMA32    empty
[VM 3] [32m[I/mm.memblock]                    [0x0000000044535000, 0x0000000044536000][0m
[VM 1]   Normal   empty
[VM 1] Movable zone start for each node
[VM 1] Early memory node ranges
[VM 3] [32m[I/mm.memblock] physical memory region [0x0000000040000000-0x0000000040200000] installed to system page[0m
[VM 1]   node   0: [mem 0x0000000080000000-0x000000009fffffff]
[VM 1] Initmem setup node 0 [mem 0x0000000080000000-0x000000009fffffff]
[VM 3] [32m[I/mm.memblock] physical memory region [0x0000000044536000-0x0000000080000000] installed to system page[0m
[VM 1] psci: probing for conduit method from DT.
[VM 1] psci: PSCIv1.1 detected in firmware.
[VM 3] [32m[I/mm.memblock] 1003 MB memory installed to system page[0m
[VM 1] psci: Using standard PSCI v0.2 function IDs
[VM 1] psci: Trusted OS migration not required
[37m[ 35.905954 4:33 axvm::runtime::hvc:258] [32mVM[1] PSCI_FEATURES function_id=0x80000000[m
[m[VM 1] psci: SMC Calling Convention v1.2
[37m[ 35.911920 4:33 axvm::runtime::hvc:258] [32mVM[1] PSCI_FEATURES function_id=0xc4000001[m
[m[37m[ 35.912776 4:33 axvm::runtime::hvc:258] [32mVM[1] PSCI_FEATURES function_id=0xc400000e[m
[m[37m[ 35.913607 4:33 axvm::runtime::hvc:258] [32mVM[1] PSCI_FEATURES function_id=0xc4000012[m
[m[VM 3] [32m[I/osi.psci] Using PSCI v1.1 Function IDs[0m
[VM 3] 
[VM 3]  \ | /
[VM 1] percpu: Embedded 14 pages/cpu s28248 r0 d29096 u57344
[VM 3] - RT -     Thread Operating System
[VM 1] Detected PIPT I-cache on CPU0
[VM 3]  / | \     5.2.2 build Aug 24 2026 22:57:45
[VM 1] CPU features: detected: Spectre-BHB
[VM 3]  2006 - 2024 Copyright by RT-Thread team
[VM 1] CPU features: detected: ARM errata 1165522, 1319367, or 1530923
[VM 3] lwIP-2.1.2 initialized!
[VM 1] alternatives: applying boot alternatives
[VM 3] [32m[I/sal.skt] Socket Abstraction Layer initialize success.[0m
[VM 1] Kernel command line: console=ttyS0,1500000n8 earlycon=uart8250,mmio32,0x2ad40000 task2.count=10 task3.frames=3 task3.fault=normal rtbench.net.count=10
[VM 3] [32m[I/rtdm.mnt] File system initialization done[0m
[VM 1] Dentry cache hash table entries: 65536 (order: 7, 524288 bytes, linear)
[VM 3] Axvisor RT-Thread guest ready
[VM 1] Inode-cache hash table entries: 32768 (order: 6, 262144 bytes, linear)
[VM 3] TASK3_RTOS_READY ip=192.168.77.30 port=9877
[VM 1] Built 1 zonelists, mobility grouping on.  Total pages: 131072
[VM 1] mem auto-init: stack:all(zero), heap alloc:off, heap free:off
[VM 1] software IO TLB: SWIOTLB bounce buffer size adjusted to 0MB
[VM 1] software IO TLB: area num 2.
[VM 1] software IO TLB: mapped [mem 0x000000009f580000-0x000000009f600000] (0MB)
[VM 1] SLUB: HWalign=64, Order=0-3, MinObjects=0, CPUs=2, Nodes=1
[VM 1] rcu: Preemptible hierarchical RCU implementation.
[VM 1] rcu: RCU calculated value of scheduler-enlistment delay is 10 jiffies.
[VM 1] NR_IRQS: 64, nr_irqs: 64, preallocated irqs: 0
[VM 1] Root IRQ handler: gic_handle_irq
[VM 1] rcu: srcu_init: Setting srcu_struct sizes based on contention.
[VM 1] arch_timer: cp15 timer(s) running at 24.00MHz (virt).
[VM 1] clocksource: arch_sys_counter: mask: 0xffffffffffffff max_cycles: 0x588fe9dc0, max_idle_ns: 440795202592 ns
[VM 1] sched_clock: 56 bits at 24MHz, resolution 41ns, wraps every 4398046511097ns
[VM 1] Console: colour dummy device 80x25
[VM 1] Calibrating delay loop (skipped), value calculated using timer frequency.. 48.00 BogoMIPS (lpj=240000)
[VM 1] pid_max: default: 32768 minimum: 301
[VM 1] Mount-cache hash table entries: 1024 (order: 1, 8192 bytes, linear)
[VM 1] Mountpoint-cache hash table entries: 1024 (order: 1, 8192 bytes, linear)
[VM 1] /cpus/cpu-map/cluster0/core0: Can't get CPU for leaf core
[VM 1] cacheinfo: Unable to detect cache hierarchy for CPU 0
[VM 1] rcu: Hierarchical SRCU implementation.
[VM 1] rcu: 	Max phase no-delay instances is 1000.
[VM 1] EFI services will not be available.
[VM 1] smp: Bringing up secondary CPUs ...
[37m[ 36.221136 4:33 axvm::runtime::hvc:272] [32mVM[1] PSCI_CPU_ON target=0x101 entry=0x805e33e0 context=0x0[m
[m[37m[ 36.222047 4:33 axvm::runtime::vcpus:395] [32mSpawning task for VM[1] VCpu[1][m
[m[37m[ 36.222789 4:33 axvm::runtime::vcpus:414] [32mVCpu task Task(38, "VM[1]-VCpu[1]") created cpumask: [5, ][m
[m[37m[ 36.223711 5:38 axvm::runtime::vcpus:481] [32mVM[1] VCpu[1] waiting for running[m
[m[37m[ 36.224440 5:38 axvm::runtime::vcpus:559] [32mVM[1] VCpu[1] running...[m
[m[VM 1] Detected PIPT I-cache on CPU1
[VM 1] CPU1: Booted secondary processor 0x0000000101 [0x411fd080]
[VM 1] smp: Brought up 1 node, 2 CPUs
[VM 1] SMP: Total of 2 processors activated.
[VM 1] CPU: All CPU(s) started at EL1
[VM 1] CPU features: detected: 32-bit EL0 Support
[VM 1] CPU features: detected: CRC32 instructions
[VM 1] alternatives: applying system-wide alternatives
[VM 1] Memory: 497888K/524288K available (4992K kernel code, 700K rwdata, 952K rodata, 832K init, 349K bss, 24684K reserved, 0K 
[VM 1] devtmpfs: initialized
[VM 1] clocksource: jiffies: mask: 0xffffffff max_cycles: 0xffffffff, max_idle_ns: 19112604462750000 ns
[VM 1] futex hash table entries: 512 (order: 3, 32768 bytes, linear)
[VM 1] DMI not present or invalid.
[VM 1] NET: Registered PF_NETLINK/PF_ROUTE protocol family
[VM 1] DMA: preallocated 128 KiB GFP_KERNEL pool for atomic allocations
[VM 1] DMA: preallocated 128 KiB GFP_KERNEL|GFP_DMA pool for atomic allocations
[VM 1] DMA: preallocated 128 KiB GFP_KERNEL|GFP_DMA32 pool for atomic allocations
[VM 1] ASID allocator initialised with 65536 entries
[VM 1] Serial: AMBA PL011 UART driver
[VM 1] iommu: Default domain type: Translated
[VM 1] iommu: DMA domain TLB invalidation policy: strict mode
[VM 1] pps_core: LinuxPPS API ver. 1 registered
[VM 1] pps_core: Software ver. 5.3.6 - Copyright 2005-2007 Rodolfo Giometti <giometti@linux.it>
[VM 1] PTP clock support registered
[VM 1] clocksource: Switched to clocksource arch_sys_counter
[VM 1] NET: Registered PF_INET protocol family
[VM 1] IP idents hash table entries: 8192 (order: 4, 65536 bytes, linear)
[VM 1] tcp_listen_portaddr_hash hash table entries: 256 (order: 0, 4096 bytes, linear)
[VM 1] Table-perturb hash table entries: 65536 (order: 6, 262144 bytes, linear)
[VM 1] TCP established hash table entries: 4096 (order: 3, 32768 bytes, linear)
[VM 1] TCP bind hash table entries: 4096 (order: 5, 131072 bytes, linear)
[VM 1] TCP: Hash tables configured (established 4096 bind 4096)
[VM 1] UDP hash table entries: 256 (order: 1, 8192 bytes, linear)
[VM 1] UDP-Lite hash table entries: 256 (order: 1, 8192 bytes, linear)
[VM 1] NET: Registered PF_UNIX/PF_LOCAL protocol family
[VM 1] Unpacking initramfs...
[VM 1] workingset: timestamp_bits=62 max_order=17 bucket_order=0
[VM 1] io scheduler mq-deadline registered
[VM 1] io scheduler kyber registered
[VM 1] Serial: 8250/16550 driver, 4 ports, IRQ sharing disabled
[VM 1] printk: legacy console [ttyS0] disabled
[VM 1] 2ad40000.serial: ttyS0 at MMIO 0x2ad40000 (irq = 14, base_baud = 1500000) is a 16550A
[VM 1] printk: legacy console [ttyS0] enabled
[VM 1] printk: legacy console [ttyS0] enabled
[VM 1] printk: legacy bootconsole [uart8250] disabled
[VM 1] printk: legacy bootconsole [uart8250] disabled
[VM 1] SMCCC: SOC_ID: ARCH_SOC_ID not implemented, skipping ....
[VM 1] NET: Registered PF_INET6 protocol family
[VM 1] Segment Routing with IPv6
[VM 1] In-situ OAM (IOAM) with IPv6
[VM 1] sit: IPv6, IPv4 and MPLS over IPv4 tunneling driver
[VM 1] NET: Registered PF_PACKET protocol family
[VM 1] clk: Disabling unused clocks
[VM 1] Freeing initrd memory: 5960K
[VM 1] Freeing unused kernel memory: 832K
[VM 1] Run /init as init process
[VM 1] LINUX_SMP_READY configured=2 online=0-1 nproc=2
[VM 1] TASK123_LINUX_NET_READY ip=192.168.77.11 peer=192.168.77.30
[VM 1] TASK3_LINUX_NET_PROBE_READY count=10
[VM 1] TASK2_LINUX_BEGIN port=9876
[VM 1] === RT-IPC Benchmark Client ===
[VM 1] Target: 192.168.77.30:9876, count=10 per size
[VM 1] 
[VM 1] [client] fault profile: none
[VM 1] [client] connecting...
[VM 1] RTBENCH_NET_PROBE_READY listen=9879 count=10
[VM 3] msh />[32m[I/rtipic.srv] server starting on 192.168.77.30:9876[0m
[VM 3] RTIPC_SERVER_READY ip=192.168.77.30 port=9876
[VM 3] [32m[I/rtipic.srv] listening...[0m
[VM 1] [client] connected!
[VM 1] 
[VM 1] --- Payload 64B ---
[VM 3] [32m[I/rtipic.srv] client connected[0m
[VM 1]   sent=10  recv=10  loss=0%
[VM 1]   RTT: min=4ms avg=5ms max=12ms P50=4ms P95=5ms P99=5ms P99.9=5ms
[VM 1]   throughput=12.02KiB/s
[VM 1]   request_timeouts=0 protocol_errors=0 reconnects=0
[VM 1]   transport: retrans=0 timeouts=0 dup=0 reorder=0 errors=0
[VM 1] 
[VM 1] --- Payload 256B ---
[VM 1]   sent=10  recv=10  loss=0%
[VM 1]   RTT: min=3ms avg=6ms max=34ms P50=4ms P95=5ms P99=5ms P99.9=5ms
[VM 1]   throughput=35.71KiB/s
[VM 1]   request_timeouts=0 protocol_errors=0 reconnects=0
[VM 1]   transport: retrans=0 timeouts=0 dup=0 reorder=0 errors=0
[VM 1] 
[VM 1] --- Payload 1024B ---
[VM 1]   sent=10  recv=10  loss=0%
[VM 3] [33m[W/rtipic.srv] client disconnected[0m
[VM 1]   RTT: min=3ms avg=6ms max=34ms P50=4ms P95=4ms P99=4ms P99.9=4ms
[VM 1]   throughput=142.86KiB/s
[VM 1]   request_timeouts=0 protocol_errors=0 reconnects=0
[VM 1]   transport: retrans=0 timeouts=0 dup=0 reorder=0 errors=0
[VM 1] 
[VM 1] ========================================
[VM 1] ALL TESTS COMPLETE
[VM 1] ========================================
[VM 1] RT-IPC client exited with rc=0
[VM 1] TASK2_LINUX_END status=PASS
[VM 1] TASK3_LINUX_READY ip=192.168.77.11 peer=192.168.77.30:9877
[VM 1] TASK3_FRAME_CSV=FIXED,0,0,2,2,21649,984,0,0,0,0,96,3319,0,0,0
[VM 1] TASK3_FRAME_CSV=FIXED,1,1461,2,2,16624,949,0,0,0,0,86,3561,0,0,0
[VM 1] TASK3_FRAME_CSV=FIXED,2,2900,2,2,32767,958,0,0,0,0,82,3514,0,0,0
[VM 1] TASK3_FRAME_CSV=AI,0,0,2,2,21649,969,0,0,0,0,89,3323,0,0,0
[VM 1] TASK3_FRAME_CSV=AI,1,1461,2,2,16624,955,0,0,0,0,86,3408,0,0,0
[VM 1] TASK3_FRAME_CSV=AI,2,2900,2,2,32767,945,0,0,0,0,81,3399,0,0,0
[VM 3] TASK3_RTOS_FINAL requests=6 errors=0 duplicates=0 applied_steps=6 retries=0
[VM 3] TASK3_RTOS_FINAL_DONE
[VM 1] TASK3_SUMMARY_JSON={"schema":1,"frames_per_mode":3,"records":6,"elapsed_us":447710,"requests":6,"successes":6,"success_ra,"recovered":0,"reconnects":0,"injected_drops":0,"classification":{"correct":3,"total":3,"accuracy":1.000000,"confusion_matrix":[[0,0,0],[0,3,0],[0,0,0]]},"inference_us":{"min":945,"mean":960,"p50":955,"p95":984,"p99":984,"max":984},"round_trip_us":{"min":3319,"mean":3420,"p50":3399,"p95":3561,"p99":3561,"max":3561},"tracking_error_q15":{"fixed":{"min":0,"mean":1453,"p50":1461,"p95":2900,"p99":2900,"max":2900},"ai":{"min":0,"mean":1453,"p50":1461,"p95":2900,"p99":2900,"max":2900}},"settling":{"fixed":{"direction_changes":0,"successes":0,"mean_frames":0,"max_frames":0},"ai":{"direction_changes":0,"successes":0,"mean_frames":0,"max_frames":0}},"effective_payload_bytes_per_second":321}
[VM 1] TASK3_LINUX_END status=PASS
[VM 1] TASK123_LINUX_END status=PASS
[VM 3] RTBENCH_PMU status=ready event=0x8 cycles_delta=2140 instructions_delta=1549
[VM 3] RTBENCH_BEGIN samples=10 frequency=24000000 pmu_event=0x8
[VM 3] RTBENCH metric=timer_jitter run=1 expected=10 collected=10 missing=0 p50_ns=2209 p95_ns=53791 p99_ns=53791 p99_9_ns=53791 max_ns=53791 miss_100us=0 miss_500us=0 miss_1ms=0 mean_ns=16896 p50_cycles=551559 p95_cycles=558482 p99_cycles=558482 p99_9_cycles=558482 max_cycles=558482 mean_cycles=542579 p50_instructions=945501 p95_instructions=956773 p99_instructions=956773 p99_9_instructions=956773 max_instructions=956773 mean_instructions=929074
[VM 3] RTBENCH metric=callback_exec run=1 expected=10 collected=10 missing=0 p50_ns=291 p95_ns=291 p99_ns=291 p99_9_ns=291 max_260 p99_9_cycles=260 max_cycles=260 mean_cycles=210 p50_instructions=135 p95_instructions=135 p99_instructions=135 p99_9_instructions=135 max_instructions=135 mean_instructions=135
[VM 3] RTBENCH metric=timer_jitter run=2 expected=10 collected=10 missing=0 p50_ns=2500 p95_ns=54666 p99_ns=54666 p99_9_ns=54666 max_ns=54666 miss_100us=0 miss_500us=0 miss_1ms=0 mean_ns=15720 p50_cycles=552176 p95_cycles=558047 p99_cycles=558047 p99_9_cycles=558047 max_cycles=558047 mean_cycles=542047 p50_instructions=946611 p95_instructions=956535 p99_instructions=956535 p99_9_instructions=956535 max_instructions=956535 mean_instructions=928249
[VM 3] RTBENCH metric=callback_exec run=2 expected=10 collected=10 missing=0 p50_ns=291 p95_ns=291 p99_ns=291 p99_9_ns=291 max_miss_500us=0 miss_1ms=0 mean_ns=291 p50_cycles=199 p95_cycles=230 p99_cycles=230 p99_9_cycles=230 max_cycles=230 mean_cycles=201 p50_instructions=135 p95_instructions=135 p99_instructions=135 p99_9_instructions=135 max_instructions=135 mean_instructions=135
[VM 3] RTBENCH metric=timer_jitter run=3 expected=10 collected=10 missing=0 p50_ns=4834 p95_ns=52625 p99_ns=52625 p99_9_ns=52625 max_ns=52625 miss_100us=0 miss_500us=0 miss_1ms=0 mean_ns=15516 p50_cycles=551589 p95_cycles=558691 p99_cycles=558691 p99_9_cycles=558691 max_cycles=558691 mean_cycles=542458 p50_instructions=935374 p95_instructions=956394 p99_instructions=956394 p99_9_instructions=956394 max_instructions=956394 mean_instructions=927722
[VM 3] RTBENCH metric=callback_exec run=3 expected=10 collected=10 missing=0 p50_ns=291 p95_ns=291 p99_ns=291 p99_9_ns=291 max_ns=291 miss_100us=0 miss_500us=0 miss_1ms=0 mean_ns=291 p50_cycles=199 p95_cycles=243 p99_cycles=243 p99_9_cycles=243 max_cycles=243 mean_cycles=208 p50_instructions=135 p95_instructions=135 p99_instructions=135 p99_9_instructions=135 max_instructions=135 mean_instructions=135
[VM 3] RTBENCH metric=preemption run=1 expected=10 collected=10 missing=0 p50_ns=2333 p95_ns=2625 p99_ns=2625 p99_9_ns=2625 max_ns=2625 miss_100us=0 miss_500us=0 miss_1ms=0 mean_ns=2303 p50_cycles=1829 p95_cycles=2163 p99_cycles=2163 p99_9_cycles=2163 max_cycles=2163 mean_cycles=1872 p50_instructions=611 p95_instructions=611 p99_instructions=611 p99_9_instructions=611 max_instructions=611 mean_instructions=611
[VM 3] RTBENCH metric=irq run=1 expected=10 collected=10 missing=0 p50_ns=168000 p95_ns=171500 p99_ns=171500 p99_9_ns=171500 max_ns=171500 miss_100us=10 miss_500us=0 miss_1ms=0 mean_ns=167678 p50_cycles=1945 p95_cycles=2152 p99_cycles=2152 p99_9_cycles=2152 max_cycles=2152 mean_cycles=1977 p50_instructions=181 p95_instructions=181 p99_instructions=181 p99_9_instructions=181 max_instructions=181 mean_instructions=181
[VM 3] RTBENCH metric=irq_to_task run=1 expected=10 collected=10 missing=0 p50_ns=319083 p95_ns=759208 p99_ns=759208 p99_9_ns=759208 max_ns=759208 miss_100us=10 miss_500us=5 miss_1ms=0 mean_ns=498078 p50_cycles=5402 p95_cycles=9486 p99_cycles=9486 p99_9_cycles=9486 max_cycles=9486 mean_cycles=7161 p50_instructions=828 p95_instructions=1496 p99_instructions=1496 p99_9_instructions=1496 max_instructions=1496 mean_instructions=1110
[VM 3] RTBENCH metric=irq_disabled_duration run=1 expected=10 collected=10 missing=0 p50_ns=1166 p95_ns=1166 p99_ns=1166 p99_9_99_9_cycles=873 max_cycles=873 mean_cycles=863 p50_instructions=417 p95_instructions=417 p99_instructions=417 p99_9_instructions=417 max_instructions=417 mean_instructions=417
[VM 3] RTBENCH metric=mutex_inversion run=1 expected=10 collected=10 missing=0 p50_ns=8166 p95_ns=9041 p99_ns=9041 p99_9_ns=9041 max_ns=9041 miss_100us=0 miss_500us=0 miss_1ms=0 mean_ns=8282 p50_cycles=6664 p95_cycles=7463 p99_cycles=7463 p99_9_cycles=7463 max_cycles=7463 mean_cycles=6802 p50_instructions=2818 p95_instructions=2825 p99_instructions=2825 p99_9_instructions=2825 max_instructions=2825 mean_instructions=2820
[VM 3] RTBENCH metric=wake_under_load run=1 expected=10 collected=10 missing=0 p50_ns=1458 p95_ns=1750 p99_ns=1750 p99_9_ns=1750 max_ns=1750 miss_100us=0 miss_500us=0 miss_1ms=0 mean_ns=1574 p50_cycles=1292 p95_cycles=1325 p99_cycles=1325 p99_9_cycles=1325 max_cycles=1325 mean_cycles=1294 p50_instructions=611 p95_instructions=611 p99_instructions=611 p99_9_instructions=611 max_instructions=611 mean_instructions=611
[VM 3] RTBENCH metric=context_switch run=1 expected=10 collected=10 missing=0 p50_ns=9996875 p95_ns=10004458 p99_ns=10004458 p99_9_ns=10004458 max_ns=10004458 miss_100us=10 miss_500us=10 miss_1ms=10 mean_ns=9967474 p50_cycles=5412684 p95_cycles=5423352 p99_cycles=5423352 p99_9_cycles=5423352 max_cycles=5423352 mean_cycles=5388069 p50_instructions=9281030 p95_instructions=9299817 p99_instructions=9299817 p99_9_instructions=9299817 max_instructions=9299817 mean_instructions=9236016
[VM 3] RTBENCH metric=scheduler_decision run=1 expected=10 collected=10 missing=0 p50_ns=583 p95_ns=875 p99_ns=875 p99_9_ns=875 max_ns=875 miss_100us=0 miss_500us=0 miss_1ms=0 mean_ns=612 p50_cycles=454 p95_cycles=603 p99_cycles=603 p99_9_cycles=603 max_cycles=603 mean_cycles=470 p50_instructions=123 p95_instructions=123 p99_instructions=123 p99_9_instructions=123 max_instructions=123 mean_instructions=123
[VM 3] RTBENCH metric=sync_sem run=1 expected=10 collected=10 missing=0 p50_ns=1458 p95_ns=2041 p99_ns=2041 p99_9_ns=2041 max_ns=2041 miss_100us=0 miss_500us=0 miss_1ms=0 mean_ns=1574 p50_cycles=1201 p95_cycles=1717 p99_cycles=1717 p99_9_cycles=1717 max_cycles=1717 mean_cycles=1259 p50_instructions=338 p95_instructions=338 p99_instructions=338 p99_9_instructions=338 max_instructions=338 mean_instructions=338
[VM 3] RTBENCH metric=sync_mutex run=1 expected=10 collected=10 missing=0 p50_ns=2041 p95_ns=2333 p99_ns=2333 p99_9_ns=2333 max_ns=2333 miss_100us=0 miss_500us=0 miss_1ms=0 mean_ns=2070 p50_cycles=1750 p95_cycles=1794 p99_cycles=1794 p99_9_cycles=1794 max_cycles=1794 mean_cycles=1756 p50_instructions=448 p95_instructions=448 p99_instructions=448 p99_9_instructions=448 max_instructions=448 mean_instructions=448
[VM 3] RTBENCH metric=sync_mailbox run=1 expected=10 collected=10 missing=0 p50_ns=1166 p95_ns=1750 p99_ns=1750 p99_9_ns=1750 max_ns=1750 miss_100us=0 miss_500us=0 miss_1ms=0 mean_ns=1224 p50_cycles=957 p95_cycles=1381 p99_cycles=1381 p99_9_cycles=1381 max_cycles=1381 mean_cycles=1010 p50_instructions=363 p95_instructions=363 p99_instructions=363 p99_9_instructions=363 max_instructions=363 mean_instructions=363
[VM 3] RTBENCH metric=irq_handler_exec run=1 expected=10 collected=10 missing=0 p50_ns=0 p95_ns=291 p99_ns=291 p99_9_ns=291 max_ns=291 miss_100us=0 miss_500us=0 miss_1ms=0 mean_ns=87 p50_cycles=115 p95_cycles=116 p99_cycles=116 p99_9_cycles=116 max_cycles=116 mean_cycles=115 p50_instructions=22 p95_instructions=22 p99_instructions=22 p99_9_instructions=22 max_instructions=22 mean_instructions=22
[VM 3] RTBENCH metric=deadline_miss_under_load run=1 expected=10 collected=10 missing=0 p50_ns=4500 p95_ns=53834 p99_ns=53834 p99_9_ns=53834 max_ns=53834 miss_100us=0 miss_500us=0 miss_1ms=0 mean_ns=17879 p50_cycles=553590 p95_cycles=558524 p99_cycles=558524 p99_9_cycles=558524 max_cycles=558524 mean_cycles=542439 p50_instructions=948999 p95_instructions=957295 p99_instructions=957295 p99_9_instructions=957295 max_instructions=957295 mean_instructions=929055
[VM 3] RTBENCH_NET_READY port=9878 expected=10
[VM 1] RTBENCH_NET_PROBE_TRIGGERED count=10
[VM 1] RTBENCH_NET_PROBE_END sent=10 retries=0
[VM 1] reboot: Power down
[37m[ 89.701732 4:33 axvm::runtime::hvc:352] [33mVM[1] PSCI_SYSTEM_OFF[m
[m[37m[ 89.702354 4:33 axvm::vm:1235] [32mStopping VM[1]: SystemDown[m
[m
[Axvisor] VM[1] stopped; returning to the management shell
Welcome to AxVisor Sh[ell!
Type 'help' to see available commands
Use UP/DOWN arrows to navigate command history
Console shortcuts:
  Ctrl+X, then 37h  return to the Axvisor shell
  Ctrl+X, then [  attach the previous running guest
  Ctrl+X, then ]  attach the next running guest
Note: Running with limited features (filesystem support disabled).

m[2Kaxvisor:$ [ 89.702948 4:33 axvm::runtime::vcpus:644] [33mVM[1] VCpu[0] stopping because of VM stopping[m
[m[37m[ 89.704822 5:38 axvm::runtime::vcpus:644] [33mVM[1] VCpu[1] stopping because of VM stopping[m
[m[37m[ 89.706960 4:33 axvm::runtime::vcpus:682] [32mVM[1] VCpu[0] exiting...[m
[m[37m[ 89.707754 5:38 axvm::runtime::vcpus:651] [32mVM[1] VCpu[1] last VCpu exiting, decreasing running VM count[m
[m[37m[ 89.709352 5:38 axvm::runtime::vcpus:661] [32mVM[1] state changed to Stopped[m
[m[37m[ 89.710035 5:38 axvm::runtime::vcpus:682] [32mVM[1] VCpu[1] exiting...[m
[m