Booting Linux on physical CPU 0x0000000000 [0x410fd083]
Linux version 6.12.21 (yfblock@9950x) (aarch64-linux-gnu-gcc (Ubuntu 13.3.0-6ubuntu2~24.04.1) 13.3.0, GNU ld (GNU Binutils for Ubuntu) 2.42) #1 SMP PREEMPT Thu Aug 20 14:10:48 CST 2026
Machine model: linux,dummy-virt
efi: UEFI not found.
OF: reserved mem: Reserved memory: No reserved-memory node in the DT
Zone ranges:
  DMA      [mem 0x0000000080000000-0x000000009fffffff]
  DMA32    empty
  Normal   empty
Movable zone start for each node
Early memory node ranges
  node   0: [mem 0x0000000080000000-0x000000009fffffff]
Initmem setup node 0 [mem 0x0000000080000000-0x000000009fffffff]
psci: probing for conduit method from DT.
psci: PSCIv1.1 detected in firmware.
psci: Using standard PSCI v0.2 function IDs
psci: Trusted OS migration not required
psci: SMC Calling Convention v65535.65535
percpu: Embedded 14 pages/cpu s28248 r0 d29096 u57344
Detected PIPT I-cache on CPU0
CPU features: detected: GIC system register CPU interface
CPU features: detected: Spectre-v2
CPU features: detected: Spectre-v4
CPU features: detected: Spectre-BHB
CPU features: detected: ARM errata 1165522, 1319367, or 1530923
alternatives: applying boot alternatives
Kernel command line: console=ttyAMA0 task2.count=30000 task2.fault=none task3.frames=3 task3.fault=normal
Dentry cache hash table entries: 65536 (order: 7, 524288 bytes, linear)
Inode-cache hash table entries: 32768 (order: 6, 262144 bytes, linear)
Built 1 zonelists, mobility grouping on.  Total pages: 131072
mem auto-init: stack:all(zero), heap alloc:off, heap free:off
software IO TLB: SWIOTLB bounce buffer size adjusted to 0MB
software IO TLB: area num 2.
software IO TLB: mapped [mem 0x000000009f580000-0x000000009f600000] (0MB)
SLUB: HWalign=64, Order=0-3, MinObjects=0, CPUs=2, Nodes=1
rcu: Preemptible hierarchical RCU implementation.
rcu: RCU calculated value of scheduler-enlistment delay is 10 jiffies.
NR_IRQS: 64, nr_irqs: 64, preallocated irqs: 0
GICv3: 256 SPIs implemented
GICv3: 0 Extended SPIs implemented
Root IRQ handler: gic_handle_irq
GICv3: GICv3 features: 16 PPIs, RSS
GICv3: GICD_CTRL.DS=0, SCR_EL3.FIQ=0
GICv3: CPU0: found redistributor 0 region 0:0x00000000080a0000
ITS [mem 0x08080000-0x0809ffff]
ITS@0x0000000008080000: allocated 8192 Devices @80c40000 (indirect, esz 8, psz 64K, shr 1)
ITS@0x0000000008080000: allocated 8192 Interrupt Collections @80c50000 (flat, esz 8, psz 64K, shr 1)
GICv3: using LPI property table @0x0000000080c60000
GICv3: CPU0: using allocated LPI pending table @0x0000000080c70000
rcu: srcu_init: Setting srcu_struct sizes based on contention.
arch_timer: cp15 timer(s) running at 62.50MHz (virt).
clocksource: arch_sys_counter: mask: 0x1ffffffffffffff max_cycles: 0x1cd42e208c, max_idle_ns: 881590405314 ns
sched_clock: 57 bits at 63MHz, resolution 16ns, wraps every 4398046511096ns
Console: colour dummy device 80x25
Calibrating delay loop (skipped), value calculated using timer frequency.. 125.00 BogoMIPS (lpj=625000)
pid_max: default: 32768 minimum: 301
Mount-cache hash table entries: 1024 (order: 1, 8192 bytes, linear)
Mountpoint-cache hash table entries: 1024 (order: 1, 8192 bytes, linear)
/cpus/cpu-map/socket0/cluster0/core2: Can't get CPU for leaf core
cacheinfo: Unable to detect cache hierarchy for CPU 0
rcu: Hierarchical SRCU implementation.
rcu: 	Max phase no-delay instances is 1000.
EFI services will not be available.
smp: Bringing up secondary CPUs ...
Detected PIPT I-cache on CPU1
GICv3: CPU1: found redistributor 1 region 0:0x00000000080c0000
GICv3: CPU1: using allocated LPI pending table @0x0000000080c80000
CPU1: Booted secondary processor 0x0000000001 [0x410fd083]
smp: Brought up 1 node, 2 CPUs
SMP: Total of 2 processors activated.
CPU: All CPU(s) started at EL1
CPU features: detected: 32-bit EL0 Support
CPU features: detected: CRC32 instructions
alternatives: applying system-wide alternatives
Memory: 497472K/524288K available (4864K kernel code, 700K rwdata, 936K rodata, 1152K init, 345K bss, 24608K reserved, 0K cma-reserved)
devtmpfs: initialized
clocksource: jiffies: mask: 0xffffffff max_cycles: 0xffffffff, max_idle_ns: 19112604462750000 ns
futex hash table entries: 512 (order: 3, 32768 bytes, linear)
DMI not present or invalid.
NET: Registered PF_NETLINK/PF_ROUTE protocol family
DMA: preallocated 128 KiB GFP_KERNEL pool for atomic allocations
DMA: preallocated 128 KiB GFP_KERNEL|GFP_DMA pool for atomic allocations
DMA: preallocated 128 KiB GFP_KERNEL|GFP_DMA32 pool for atomic allocations
ASID allocator initialised with 65536 entries
Serial: AMBA PL011 UART driver
9000000.pl011: ttyAMA0 at MMIO 0x9000000 (irq = 13, base_baud = 0) is a PL011 rev1
printk: legacy console [ttyAMA0] enabled
iommu: Default domain type: Translated
iommu: DMA domain TLB invalidation policy: strict mode
pps_core: LinuxPPS API ver. 1 registered
pps_core: Software ver. 5.3.6 - Copyright 2005-2007 Rodolfo Giometti <giometti@linux.it>
PTP clock support registered
clocksource: Switched to clocksource arch_sys_counter
NET: Registered PF_INET protocol family
IP idents hash table entries: 8192 (order: 4, 65536 bytes, linear)
tcp_listen_portaddr_hash hash table entries: 256 (order: 0, 4096 bytes, linear)
Table-perturb hash table entries: 65536 (order: 6, 262144 bytes, linear)
TCP established hash table entries: 4096 (order: 3, 32768 bytes, linear)
TCP bind hash table entries: 4096 (order: 5, 131072 bytes, linear)
TCP: Hash tables configured (established 4096 bind 4096)
UDP hash table entries: 256 (order: 1, 8192 bytes, linear)
UDP-Lite hash table entries: 256 (order: 1, 8192 bytes, linear)
NET: Registered PF_UNIX/PF_LOCAL protocol family
Unpacking initramfs...
workingset: timestamp_bits=62 max_order=17 bucket_order=0
io scheduler mq-deadline registered
io scheduler kyber registered
Freeing initrd memory: 5692K
SMCCC: SOC_ID: ARCH_SOC_ID not implemented, skipping ....
NET: Registered PF_INET6 protocol family
Segment Routing with IPv6
In-situ OAM (IOAM) with IPv6
sit: IPv6, IPv4 and MPLS over IPv4 tunneling driver
NET: Registered PF_PACKET protocol family
clk: Disabling unused clocks
Freeing unused kernel memory: 1152K
Run /init as init process
LINUX_SMP_READY configured=2 online=0-1 nproc=2
TASK123_LINUX_NET_READY ip=192.168.77.11 peer=192.168.77.30
TASK2_LINUX_BEGIN port=9876
=== RT-IPC Benchmark Client ===
Target: 192.168.77.30:9876, count=30000 per size

[client] fault profile: none
random: crng init done
[client] connecting...
[client] connected!

--- Payload 64B ---
[progress] size=64 idx=1988 sent=1989 recv=1989 state=3 tx=1989 rx=1989 retrans=0 timeouts=0 dup=0 reorder=0 errors=0 acks=1989 stall=0ms
[progress] size=64 idx=3986 sent=3987 recv=3986 state=3 tx=3987 rx=3986 retrans=0 timeouts=0 dup=0 reorder=0 errors=0 acks=3987 stall=2ms
[progress] size=64 idx=5978 sent=5979 recv=5978 state=3 tx=5979 rx=5978 retrans=0 timeouts=0 dup=0 reorder=0 errors=0 acks=5979 stall=2ms
[progress] size=64 idx=7964 sent=7965 recv=7964 state=3 tx=7965 rx=7964 retrans=0 timeouts=0 dup=0 reorder=0 errors=0 acks=7965 stall=2ms
[progress] size=64 idx=9944 sent=9945 recv=9944 state=3 tx=9945 rx=9944 retrans=0 timeouts=0 dup=0 reorder=0 errors=0 acks=9945 stall=2ms
[progress] size=64 idx=11918 sent=11919 recv=11918 state=3 tx=11919 rx=11918 retrans=0 timeouts=0 dup=0 reorder=0 errors=0 acks=11919 stall=2ms
[progress] size=64 idx=13863 sent=13864 recv=13863 state=3 tx=13864 rx=13863 retrans=0 timeouts=0 dup=0 reorder=0 errors=0 acks=13863 stall=3ms
[client] fault injection: force disconnect at request=15000
[client] reconnect complete recovery_ms=206 attempts=1
[progress] size=64 idx=15750 sent=15751 recv=15750 state=3 tx=15751 rx=15750 retrans=0 timeouts=0 dup=0 reorder=0 errors=0 acks=15751 stall=3ms
[progress] size=64 idx=17703 sent=17704 recv=17704 state=3 tx=17704 rx=17704 retrans=0 timeouts=0 dup=0 reorder=0 errors=0 acks=17704 stall=0ms
[progress] size=64 idx=19674 sent=19675 recv=19675 state=3 tx=19675 rx=19675 retrans=0 timeouts=0 dup=0 reorder=0 errors=0 acks=19675 stall=0ms
[progress] size=64 idx=21648 sent=21649 recv=21648 state=3 tx=21649 rx=21648 retrans=0 timeouts=0 dup=0 reorder=0 errors=0 acks=21649 stall=3ms
[progress] size=64 idx=23619 sent=23620 recv=23620 state=3 tx=23620 rx=23620 retrans=0 timeouts=0 dup=0 reorder=0 errors=0 acks=23620 stall=0ms
[progress] size=64 idx=25610 sent=25611 recv=25610 state=3 tx=25611 rx=25610 retrans=0 timeouts=0 dup=0 reorder=0 errors=0 acks=25611 stall=3ms
[progress] size=64 idx=27600 sent=27601 recv=27600 state=3 tx=27601 rx=27600 retrans=0 timeouts=0 dup=0 reorder=0 errors=0 acks=27601 stall=3ms
[progress] size=64 idx=29571 sent=29572 recv=29571 state=3 tx=29572 rx=29571 retrans=0 timeouts=0 dup=0 reorder=0 errors=0 acks=29572 stall=3ms
  sent=30000  recv=30000  loss=0%
  RTT: min=0ms avg=2ms max=60ms P50=2ms P95=3ms P99=3ms P99.9=4ms
  throughput=24.62KiB/s
  request_timeouts=0 protocol_errors=0 reconnects=1
  transport: retrans=0 timeouts=0 dup=0 reorder=0 errors=0

--- Payload 256B ---
[progress] size=256 idx=2001 sent=2002 recv=2001 state=3 tx=32002 rx=32001 retrans=0 timeouts=0 dup=0 reorder=0 errors=0 acks=32002 stall=2ms
[progress] size=256 idx=3985 sent=3986 recv=3985 state=3 tx=33986 rx=33985 retrans=0 timeouts=0 dup=0 reorder=0 errors=0 acks=33986 stall=2ms
[progress] size=256 idx=5972 sent=5973 recv=5972 state=3 tx=35973 rx=35972 retrans=0 timeouts=0 dup=0 reorder=0 errors=0 acks=35973 stall=2ms
[progress] size=256 idx=7955 sent=7956 recv=7956 state=3 tx=37956 rx=37956 retrans=0 timeouts=0 dup=0 reorder=0 errors=0 acks=37956 stall=0ms
[progress] size=256 idx=9939 sent=9940 recv=9940 state=3 tx=39940 rx=39940 retrans=0 timeouts=0 dup=0 reorder=0 errors=0 acks=39940 stall=0ms
[progress] size=256 idx=11920 sent=11921 recv=11920 state=3 tx=41921 rx=41920 retrans=0 timeouts=0 dup=0 reorder=0 errors=0 acks=41921 stall=2ms
[progress] size=256 idx=13884 sent=13885 recv=13885 state=3 tx=43885 rx=43885 retrans=0 timeouts=0 dup=0 reorder=0 errors=0 acks=43885 stall=0ms
[progress] size=256 idx=15861 sent=15862 recv=15862 state=3 tx=45862 rx=45862 retrans=0 timeouts=0 dup=0 reorder=0 errors=0 acks=45862 stall=0ms
[progress] size=256 idx=17850 sent=17851 recv=17851 state=3 tx=47851 rx=47851 retrans=0 timeouts=0 dup=0 reorder=0 errors=0 acks=47851 stall=0ms
[progress] size=256 idx=19830 sent=19831 recv=19831 state=3 tx=49831 rx=49831 retrans=0 timeouts=0 dup=0 reorder=0 errors=0 acks=49831 stall=0ms
[progress] size=256 idx=21816 sent=21817 recv=21817 state=3 tx=51817 rx=51817 retrans=0 timeouts=0 dup=0 reorder=0 errors=0 acks=51817 stall=0ms
[progress] size=256 idx=23802 sent=23803 recv=23802 state=3 tx=53803 rx=53802 retrans=0 timeouts=0 dup=0 reorder=0 errors=0 acks=53803 stall=2ms
[progress] size=256 idx=25786 sent=25787 recv=25787 state=3 tx=55787 rx=55787 retrans=0 timeouts=0 dup=0 reorder=0 errors=0 acks=55787 stall=0ms
[progress] size=256 idx=27768 sent=27769 recv=27769 state=3 tx=57769 rx=57769 retrans=0 timeouts=0 dup=0 reorder=0 errors=0 acks=57769 stall=0ms
[progress] size=256 idx=29753 sent=29754 recv=29753 state=3 tx=59754 rx=59753 retrans=0 timeouts=0 dup=0 reorder=0 errors=0 acks=59754 stall=2ms
  sent=30000  recv=30000  loss=0%
  RTT: min=0ms avg=2ms max=45ms P50=2ms P95=3ms P99=3ms P99.9=3ms
  throughput=99.13KiB/s
  request_timeouts=0 protocol_errors=0 reconnects=0
  transport: retrans=0 timeouts=0 dup=0 reorder=0 errors=0

--- Payload 1024B ---
[progress] size=1024 idx=1988 sent=1989 recv=1988 state=3 tx=61989 rx=61988 retrans=0 timeouts=0 dup=0 reorder=0 errors=0 acks=61989 stall=2ms
[progress] size=1024 idx=3965 sent=3966 recv=3965 state=3 tx=63966 rx=63965 retrans=0 timeouts=0 dup=0 reorder=0 errors=0 acks=63966 stall=2ms
[progress] size=1024 idx=5942 sent=5943 recv=5942 state=3 tx=65943 rx=65942 retrans=0 timeouts=0 dup=0 reorder=0 errors=0 acks=65943 stall=2ms
[progress] size=1024 idx=7919 sent=7920 recv=7919 state=3 tx=67920 rx=67919 retrans=0 timeouts=0 dup=0 reorder=0 errors=0 acks=67920 stall=1ms
[progress] size=1024 idx=9892 sent=9893 recv=9892 state=3 tx=69893 rx=69892 retrans=0 timeouts=0 dup=0 reorder=0 errors=0 acks=69893 stall=1ms
[progress] size=1024 idx=11870 sent=11871 recv=11870 state=3 tx=71871 rx=71870 retrans=0 timeouts=0 dup=0 reorder=0 errors=0 acks=71871 stall=2ms
[progress] size=1024 idx=13844 sent=13845 recv=13844 state=3 tx=73845 rx=73844 retrans=0 timeouts=0 dup=0 reorder=0 errors=0 acks=73845 stall=1ms
[progress] size=1024 idx=15825 sent=15826 recv=15825 state=3 tx=75826 rx=75825 retrans=0 timeouts=0 dup=0 reorder=0 errors=0 acks=75826 stall=2ms
[progress] size=1024 idx=17802 sent=17803 recv=17802 state=3 tx=77803 rx=77802 retrans=0 timeouts=0 dup=0 reorder=0 errors=0 acks=77803 stall=2ms
[progress] size=1024 idx=19779 sent=19780 recv=19779 state=3 tx=79780 rx=79779 retrans=0 timeouts=0 dup=0 reorder=0 errors=0 acks=79780 stall=1ms
[progress] size=1024 idx=21749 sent=21750 recv=21749 state=3 tx=81750 rx=81749 retrans=0 timeouts=0 dup=0 reorder=0 errors=0 acks=81750 stall=1ms
[progress] size=1024 idx=23727 sent=23728 recv=23727 state=3 tx=83728 rx=83727 retrans=0 timeouts=0 dup=0 reorder=0 errors=0 acks=83728 stall=2ms
[progress] size=1024 idx=25697 sent=25698 recv=25697 state=3 tx=85698 rx=85697 retrans=0 timeouts=0 dup=0 reorder=0 errors=0 acks=85698 stall=1ms
[progress] size=1024 idx=27666 sent=27667 recv=27666 state=3 tx=87667 rx=87666 retrans=0 timeouts=0 dup=0 reorder=0 errors=0 acks=87667 stall=2ms
[progress] size=1024 idx=29647 sent=29648 recv=29647 state=3 tx=89648 rx=89647 retrans=0 timeouts=0 dup=0 reorder=0 errors=0 acks=89648 stall=1ms
  sent=30000  recv=30000  loss=0%
  RTT: min=0ms avg=2ms max=44ms P50=2ms P95=3ms P99=3ms P99.9=4ms
  throughput=395.15KiB/s
  request_timeouts=0 protocol_errors=0 reconnects=0
  transport: retrans=0 timeouts=0 dup=0 reorder=0 errors=0

========================================
ALL TESTS COMPLETE
========================================
RT-IPC client exited with rc=0
TASK2_LINUX_END status=PASS
TASK3_LINUX_READY ip=192.168.77.11 peer=192.168.77.30:9877
TASK3_FRAME_CSV=FIXED,0,0,2,2,21649,13589,0,0,0,0,169,3267,0,0,0
TASK3_FRAME_CSV=FIXED,1,1461,2,2,16624,411,0,0,0,0,102,2393,0,0,0
TASK3_FRAME_CSV=FIXED,2,2900,2,2,32767,412,0,0,0,0,85,2339,0,0,0
TASK3_FRAME_CSV=AI,0,0,2,2,21649,1223,0,0,0,0,106,2225,0,0,0
TASK3_FRAME_CSV=AI,1,1461,2,2,16624,1314,0,0,0,0,86,2242,0,0,0
TASK3_FRAME_CSV=AI,2,2900,2,2,32767,1082,0,0,0,0,82,2236,0,0,0
TASK3_SUMMARY_JSON={"schema":1,"frames_per_mode":3,"records":6,"elapsed_us":449623,"requests":6,"successes":6,"success_rate":1.000000,"application_errors":0,"application_timeouts":0,"transport_retries":0,"duplicates":0,"recovered":0,"reconnects":0,"injected_drops":0,"classification":{"correct":3,"total":3,"accuracy":1.000000,"confusion_matrix":[[0,0,0],[0,3,0],[0,0,0]]},"inference_us":{"min":411,"mean":3005,"p50":1082,"p95":13589,"p99":13589,"max":13589},"round_trip_us":{"min":2225,"mean":2450,"p50":2242,"p95":3267,"p99":3267,"max":3267},"tracking_error_q15":{"fixed":{"min":0,"mean":1453,"p50":1461,"p95":2900,"p99":2900,"max":2900},"ai":{"min":0,"mean":1453,"p50":1461,"p95":2900,"p99":2900,"max":2900}},"settling":{"fixed":{"direction_changes":0,"successes":0,"mean_frames":0,"max_frames":0},"ai":{"direction_changes":0,"successes":0,"mean_frames":0,"max_frames":0}},"effective_payload_bytes_per_second":320}
TASK3_LINUX_END status=PASS
TASK123_LINUX_END status=PASS

