Booting Linux on physical CPU 0x0000000000 [0x410fd034]
Linux version 6.12.21 (yfblock@9950x) (aarch64-buildroot-linux-musl-gcc.br_real (Buildroot -g5b1284e-dirty) 13.3.0, GNU ld (GNU Binutils) 2.43.1) #1 SMP PREEMPT Sat Aug 15 22:48:18 CST 2026
random: crng init done
Machine model: linux,dummy-virt
efi: UEFI not found.
OF: reserved mem: Reserved memory: No reserved-memory node in the DT
Zone ranges:
  DMA      [mem 0x0000000040000000-0x000000004fffffff]
  DMA32    empty
  Normal   empty
Movable zone start for each node
Early memory node ranges
  node   0: [mem 0x0000000040000000-0x000000004fffffff]
Initmem setup node 0 [mem 0x0000000040000000-0x000000004fffffff]
psci: probing for conduit method from DT.
psci: PSCIv1.1 detected in firmware.
psci: Using standard PSCI v0.2 function IDs
psci: Trusted OS migration not required
psci: SMC Calling Convention v1.0
percpu: Embedded 14 pages/cpu s28248 r0 d29096 u57344
Detected VIPT I-cache on CPU0
alternatives: applying boot alternatives
Kernel command line: console=ttyAMA0 rdinit=/sbin/init task3.frames=600
Dentry cache hash table entries: 32768 (order: 6, 262144 bytes, linear)
Inode-cache hash table entries: 16384 (order: 5, 131072 bytes, linear)
Built 1 zonelists, mobility grouping on.  Total pages: 65536
mem auto-init: stack:all(zero), heap alloc:off, heap free:off
software IO TLB: SWIOTLB bounce buffer size adjusted to 0MB
software IO TLB: area num 2.
software IO TLB: SWIOTLB bounce buffer size roundup to 0MB
software IO TLB: mapped [mem 0x000000004fe62000-0x000000004fee2000] (0MB)
SLUB: HWalign=64, Order=0-3, MinObjects=0, CPUs=2, Nodes=1
rcu: Preemptible hierarchical RCU implementation.
rcu: RCU calculated value of scheduler-enlistment delay is 10 jiffies.
NR_IRQS: 64, nr_irqs: 64, preallocated irqs: 0
Root IRQ handler: gic_handle_irq
rcu: srcu_init: Setting srcu_struct sizes based on contention.
arch_timer: cp15 timer(s) running at 62.50MHz (virt).
clocksource: arch_sys_counter: mask: 0x1ffffffffffffff max_cycles: 0x1cd42e208c, max_idle_ns: 881590405314 ns
sched_clock: 57 bits at 63MHz, resolution 16ns, wraps every 4398046511096ns
Console: colour dummy device 80x25
Calibrating delay loop (skipped), value calculated using timer frequency.. 125.00 BogoMIPS (lpj=625000)
pid_max: default: 32768 minimum: 301
Mount-cache hash table entries: 512 (order: 0, 4096 bytes, linear)
Mountpoint-cache hash table entries: 512 (order: 0, 4096 bytes, linear)
cacheinfo: Unable to detect cache hierarchy for CPU 0
rcu: Hierarchical SRCU implementation.
rcu: 	Max phase no-delay instances is 1000.
EFI services will not be available.
smp: Bringing up secondary CPUs ...
Detected VIPT I-cache on CPU1
CPU1: Booted secondary processor 0x0000000001 [0x410fd034]
smp: Brought up 1 node, 2 CPUs
SMP: Total of 2 processors activated.
CPU: All CPU(s) started at EL1
CPU features: detected: 32-bit EL0 Support
CPU features: detected: CRC32 instructions
alternatives: applying system-wide alternatives
Memory: 243300K/262144K available (4864K kernel code, 700K rwdata, 936K rodata, 832K init, 345K bss, 17012K reserved, 0K cma-reserved)
devtmpfs: initialized
clocksource: jiffies: mask: 0xffffffff max_cycles: 0xffffffff, max_idle_ns: 19112604462750000 ns
futex hash table entries: 512 (order: 3, 32768 bytes, linear)
DMI not present or invalid.
NET: Registered PF_NETLINK/PF_ROUTE protocol family
DMA: preallocated 128 KiB GFP_KERNEL pool for atomic allocations
DMA: preallocated 128 KiB GFP_KERNEL|GFP_DMA pool for atomic allocations
DMA: preallocated 128 KiB GFP_KERNEL|GFP_DMA32 pool for atomic allocations
ASID allocator initialised with 65536 entries
Serial: AMBA PL011 UART driver
9000000.pl011: ttyAMA0 at MMIO 0x9000000 (irq = 13, base_baud = 0) is a PL011 rev1
printk: legacy console [ttyAMA0] enabled
iommu: Default domain type: Translated
iommu: DMA domain TLB invalidation policy: strict mode
pps_core: LinuxPPS API ver. 1 registered
pps_core: Software ver. 5.3.6 - Copyright 2005-2007 Rodolfo Giometti <giometti@linux.it>
PTP clock support registered
clocksource: Switched to clocksource arch_sys_counter
NET: Registered PF_INET protocol family
IP idents hash table entries: 4096 (order: 3, 32768 bytes, linear)
tcp_listen_portaddr_hash hash table entries: 256 (order: 0, 4096 bytes, linear)
Table-perturb hash table entries: 65536 (order: 6, 262144 bytes, linear)
TCP established hash table entries: 2048 (order: 2, 16384 bytes, linear)
TCP bind hash table entries: 2048 (order: 4, 65536 bytes, linear)
TCP: Hash tables configured (established 2048 bind 2048)
UDP hash table entries: 256 (order: 1, 8192 bytes, linear)
UDP-Lite hash table entries: 256 (order: 1, 8192 bytes, linear)
NET: Registered PF_UNIX/PF_LOCAL protocol family
workingset: timestamp_bits=62 max_order=16 bucket_order=0
Unpacking initramfs...
io scheduler mq-deadline registered
io scheduler kyber registered
Freeing initrd memory: 2360K
NET: Registered PF_INET6 protocol family
Segment Routing with IPv6
In-situ OAM (IOAM) with IPv6
sit: IPv6, IPv4 and MPLS over IPv4 tunneling driver
NET: Registered PF_PACKET protocol family
clk: Disabling unused clocks
Freeing unused kernel memory: 832K
Run /sbin/init as init process
can't open /dev/null: No such file or directory
can't open /dev/null: No such file or directory
can't open /dev/null: No such file or directory
can't open /dev/null: No such file or directory
Saving 256 bits of creditable seed for next boot
Starting syslogd: OK
Starting klogd: OK
Running sysctl: OK
Starting network: OK
Starting crond: OK
TASK3_LINUX_READY ip=192.168.77.11 peer=192.168.77.30:9876
TASK3_FRAME_CSV=FIXED,0,0,2,2,21649,829,0,0,0,0,125,389,0,0,0
TASK3_FRAME_CSV=FIXED,1,1461,2,2,16624,642,0,0,0,0,126,966,0,0,0
TASK3_FRAME_CSV=FIXED,2,2900,2,2,32767,696,0,0,0,0,10,847,0,0,0
TASK3_FRAME_CSV=FIXED,3,4297,2,2,18314,621,0,0,0,0,10,825,0,0,0
TASK3_FRAME_CSV=FIXED,4,5632,2,2,1255,632,0,0,0,0,55,855,0,0,0
TASK3_FRAME_CSV=FIXED,5,6885,3,3,6864,738,0,0,0,0,73,930,0,0,0
TASK3_FRAME_CSV=FIXED,6,8041,3,3,20365,550,0,0,0,0,8,700,0,0,0
TASK3_FRAME_CSV=FIXED,7,9087,3,3,32767,775,0,0,0,0,68,628,0,0,0
TASK3_FRAME_CSV=FIXED,8,10011,3,3,32767,525,0,0,0,0,57,1037,0,0,0
TASK3_FRAME_CSV=FIXED,9,10806,3,3,32767,727,0,0,0,0,11,961,0,0,0
TASK3_FRAME_CSV=FIXED,10,11468,3,3,16663,622,0,0,0,0,72,946,0,0,0
TASK3_FRAME_CSV=FIXED,11,11994,3,3,32767,733,0,0,0,0,10,1723,0,0,0
TASK3_FRAME_CSV=FIXED,12,12388,3,3,32767,606,0,0,0,0,72,1134,0,0,0
TASK3_FRAME_CSV=FIXED,13,12656,3,3,32767,524,0,0,0,0,61,1073,0,0,0
TASK3_FRAME_CSV=FIXED,14,12805,3,3,32767,625,0,0,0,0,107,1003,0,0,0
TASK3_FRAME_CSV=FIXED,15,12847,3,3,32767,619,0,0,0,0,54,948,0,0,0
TASK3_FRAME_CSV=FIXED,16,12795,3,3,32767,1494,0,0,0,0,60,1118,0,0,0
TASK3_FRAME_CSV=FIXED,17,12665,3,3,17138,1628,0,0,0,0,82,923,0,0,0
TASK3_FRAME_CSV=FIXED,18,12474,3,3,23403,1502,0,0,0,0,60,1082,0,0,0
TASK3_FRAME_CSV=FIXED,19,12241,3,3,32767,1491,0,0,0,0,44,432,0,0,0
TASK3_FRAME_CSV=FIXED,20,11982,3,3,32767,619,0,0,0,0,61,1100,0,0,0
TASK3_FRAME_CSV=FIXED,21,11717,3,3,32767,621,0,0,0,0,54,838,0,0,0
TASK3_FRAME_CSV=FIXED,22,11463,3,3,32767,962,0,0,0,0,60,1165,0,0,0
TASK3_FRAME_CSV=FIXED,23,11236,3,3,25140,523,0,0,0,0,2,513,0,0,0
TASK3_FRAME_CSV=FIXED,24,11050,3,3,32767,754,0,0,0,0,10,873,0,0,0
TASK3_FRAME_CSV=FIXED,25,10917,3,3,24256,620,0,0,0,0,81,913,0,0,0
TASK3_FRAME_CSV=FIXED,26,10848,3,3,21493,525,0,0,0,0,11,879,0,0,0
TASK3_FRAME_CSV=FIXED,27,10848,3,3,20190,536,0,0,0,0,9,694,0,0,0
TASK3_FRAME_CSV=FIXED,28,10921,3,3,23687,609,0,0,0,0,11,1038,0,0,0
TASK3_FRAME_CSV=FIXED,29,11069,3,3,32767,730,0,0,0,0,67,619,0,0,0
TASK3_FRAME_CSV=FIXED,30,11288,3,3,32767,733,0,0,0,0,67,553,0,0,0
TASK3_FRAME_CSV=FIXED,31,11573,3,3,32767,615,0,0,0,0,5,844,0,0,0
TASK3_FRAME_CSV=FIXED,32,11915,3,3,32767,614,0,0,0,0,11,1061,0,0,0
TASK3_FRAME_CSV=FIXED,33,12302,3,3,22414,722,0,0,0,0,98,692,0,0,0
TASK3_FRAME_CSV=FIXED,34,12721,3,3,32767,609,0,0,0,0,52,586,0,0,0
TASK3_FRAME_CSV=FIXED,35,13156,3,3,31125,718,0,0,0,0,59,797,0,0,0
TASK3_FRAME_CSV=FIXED,36,13590,3,3,32767,730,0,0,0,0,72,947,0,0,0
TASK3_FRAME_CSV=FIXED,37,14004,3,3,32767,745,0,0,0,0,9,765,0,0,0
TASK3_FRAME_CSV=FIXED,38,14379,3,3,20973,722,0,0,0,0,82,1102,0,0,0
TASK3_FRAME_CSV=FIXED,39,14698,3,3,32767,706,0,0,0,0,74,915,0,0,0
TASK3_FRAME_CSV=FIXED,40,14941,3,3,32767,701,0,0,0,0,80,1002,0,0,0
TASK3_FRAME_CSV=FIXED,41,15093,3,3,32767,527,0,0,0,0,11,1067,0,0,0
TASK3_FRAME_CSV=FIXED,42,15138,3,3,26390,689,0,0,0,0,10,878,0,0,0
TASK3_FRAME_CSV=FIXED,43,15063,3,3,32767,527,0,0,0,0,47,816,0,0,0
TASK3_FRAME_CSV=FIXED,44,14859,3,3,32767,522,0,0,0,0,11,992,0,0,0
TASK3_FRAME_CSV=FIXED,45,14517,3,3,32767,694,0,0,0,0,47,952,0,0,0
TASK3_FRAME_CSV=FIXED,46,14033,3,3,22983,520,0,0,0,0,11,1012,0,0,0
TASK3_FRAME_CSV=FIXED,47,13407,3,3,22815,775,0,0,0,0,11,828,0,0,0
TASK3_FRAME_CSV=FIXED,48,12641,3,3,32767,524,0,0,0,0,9,1040,0,0,0
TASK3_FRAME_CSV=FIXED,49,11741,3,3,32767,527,0,0,0,0,9,1093,0,0,0
TASK3_FRAME_CSV=FIXED,50,10716,3,3,28501,523,0,0,0,0,11,884,0,0,0
TASK3_FRAME_CSV=FIXED,51,9578,3,3,18566,523,0,0,0,0,11,918,0,0,0
TASK3_FRAME_CSV=FIXED,52,8341,3,3,15006,527,0,0,0,0,9,807,0,0,0
TASK3_FRAME_CSV=FIXED,53,7023,3,3,16534,675,0,0,0,0,46,794,0,0,0
TASK3_FRAME_CSV=FIXED,54,5643,2,2,9041,678,0,0,0,0,9,874,0,0,0
TASK3_FRAME_CSV=FIXED,55,4222,2,2,11628,608,0,0,0,0,10,864,0,0,0
TASK3_FRAME_CSV=FIXED,56,2779,2,2,32268,749,0,0,0,0,8,704,0,0,0
TASK3_FRAME_CSV=FIXED,57,1339,2,2,13048,527,0,0,0,0,9,680,0,0,0
TASK3_FRAME_CSV=FIXED,58,-80,2,2,16992,602,0,0,0,0,10,1018,0,0,0
TASK3_FRAME_CSV=FIXED,59,-1455,2,2,27686,587,0,0,0,0,9,893,0,0,0
TASK3_FRAME_CSV=FIXED,60,-2768,2,2,27810,603,0,0,0,0,9,948,0,0,0
TASK3_FRAME_CSV=FIXED,61,-4001,2,2,13311,664,0,0,0,0,11,1024,0,0,0
TASK3_FRAME_CSV=FIXED,62,-5140,2,2,3211,602,0,0,0,0,9,921,0,0,0
TASK3_FRAME_CSV=FIXED,63,-6171,1,1,1098,997,0,0,0,0,11,1208,0,0,0
TASK3_FRAME_CSV=FIXED,64,-7086,1,1,7596,569,0,0,0,0,11,1077,0,0,0
TASK3_FRAME_CSV=FIXED,65,-7879,1,1,6665,976,0,0,0,0,8,1169,0,0,0
TASK3_FRAME_CSV=FIXED,66,-8545,1,1,27514,906,0,0,0,0,8,1158,0,0,0
TASK3_FRAME_CSV=FIXED,67,-9087,1,1,25114,706,0,0,0,0,2,425,0,0,0
TASK3_FRAME_CSV=FIXED,68,-9507,1,1,32767,906,0,0,0,0,9,1269,0,0,0
TASK3_FRAME_CSV=FIXED,69,-9813,1,1,22939,991,0,0,0,0,10,1136,0,0,0
TASK3_FRAME_CSV=FIXED,70,-10013,1,1,18543,597,0,0,0,0,5,757,0,0,0
TASK3_FRAME_CSV=FIXED,71,-10120,1,1,31427,518,0,0,0,0,4,759,0,0,0
TASK3_FRAME_CSV=FIXED,72,-10149,1,1,12925,597,0,0,0,0,2,586,0,0,0
TASK3_FRAME_CSV=FIXED,73,-10116,1,1,32767,895,0,0,0,0,11,1202,0,0,0
TASK3_FRAME_CSV=FIXED,74,-10037,1,1,32767,608,0,0,0,0,4,854,0,0,0
TASK3_FRAME_CSV=FIXED,75,-9931,1,1,15181,594,0,0,0,0,3,604,0,0,0
TASK3_FRAME_CSV=FIXED,76,-9815,1,1,32767,592,0,0,0,0,11,915,0,0,0
TASK3_FRAME_CSV=FIXED,77,-9706,1,1,32767,535,0,0,0,0,9,697,0,0,0
TASK3_FRAME_CSV=FIXED,78,-9622,1,1,8271,663,0,0,0,0,9,883,0,0,0
TASK3_FRAME_CSV=FIXED,79,-9577,1,1,25149,688,0,0,0,0,7,607,0,0,0
TASK3_FRAME_CSV=FIXED,80,-9584,1,1,32767,522,0,0,0,0,5,559,0,0,0
TASK3_FRAME_CSV=FIXED,81,-9654,1,1,20597,600,0,0,0,0,4,677,0,0,0
TASK3_FRAME_CSV=FIXED,82,-9793,1,1,22590,649,0,0,0,0,8,725,0,0,0
TASK3_FRAME_CSV=FIXED,83,-10007,1,1,13923,664,0,0,0,0,75,618,0,0,0
TASK3_FRAME_CSV=FIXED,84,-10298,1,1,32767,586,0,0,0,0,6,574,0,0,0
TASK3_FRAME_CSV=FIXED,85,-10664,1,1,19359,649,0,0,0,0,6,812,0,0,0
TASK3_FRAME_CSV=FIXED,86,-11101,1,1,32767,633,0,0,0,0,9,904,0,0,0
TASK3_FRAME_CSV=FIXED,87,-11599,1,1,22319,677,0,0,0,0,9,922,0,0,0
TASK3_FRAME_CSV=FIXED,88,-12150,1,1,32767,629,0,0,0,0,9,963,0,0,0
TASK3_FRAME_CSV=FIXED,89,-12740,1,1,32767,588,0,0,0,0,9,1016,0,0,0
TASK3_FRAME_CSV=FIXED,90,-13352,1,1,32767,674,0,0,0,0,3,717,0,0,0
TASK3_FRAME_CSV=FIXED,91,-13972,1,1,32767,692,0,0,0,0,2,631,0,0,0
TASK3_FRAME_CSV=FIXED,92,-14579,1,1,32767,626,0,0,0,0,44,806,0,0,0
TASK3_FRAME_CSV=FIXED,93,-15155,1,1,32767,624,0,0,0,0,9,788,0,0,0
TASK3_FRAME_CSV=FIXED,94,-15680,1,1,32767,665,0,0,0,0,10,790,0,0,0
TASK3_FRAME_CSV=FIXED,95,-16136,1,1,32767,651,0,0,0,0,4,438,0,0,0
TASK3_FRAME_CSV=FIXED,96,-16506,1,1,21077,628,0,0,0,0,9,828,0,0,0
TASK3_FRAME_CSV=FIXED,97,-16771,1,1,27320,522,0,0,0,0,4,523,0,0,0
TASK3_FRAME_CSV=FIXED,98,-16919,1,1,32767,619,0,0,0,0,9,760,0,0,0
TASK3_FRAME_CSV=FIXED,99,-16937,1,1,22257,526,0,0,0,0,11,934,0,0,0
TASK3_FRAME_CSV=FIXED,100,-16815,1,1,24136,601,0,0,0,0,10,783,0,0,0
TASK3_FRAME_CSV=FIXED,101,-16548,1,1,32767,619,0,0,0,0,8,875,0,0,0
TASK3_FRAME_CSV=FIXED,102,-16132,1,1,19376,697,0,0,0,0,8,499,0,0,0
TASK3_FRAME_CSV=FIXED,103,-15567,1,1,23252,519,0,0,0,0,11,932,0,0,0
TASK3_FRAME_CSV=FIXED,104,-14859,1,1,32767,618,0,0,0,0,9,783,0,0,0
TASK3_FRAME_CSV=FIXED,105,-14013,1,1,32767,861,0,0,0,0,10,1168,0,0,0
TASK3_FRAME_CSV=FIXED,106,-13040,1,1,31717,863,0,0,0,0,9,1139,0,0,0
TASK3_FRAME_CSV=FIXED,107,-11953,1,1,32767,528,0,0,0,0,9,876,0,0,0
TASK3_FRAME_CSV=FIXED,108,-10768,1,1,26137,1047,0,0,0,0,10,1023,0,0,0
TASK3_FRAME_CSV=FIXED,109,-9502,1,1,22427,655,0,0,0,0,10,932,0,0,0
TASK3_FRAME_CSV=FIXED,110,-8176,1,1,18623,924,0,0,0,0,9,1049,0,0,0
TASK3_FRAME_CSV=FIXED,111,-6810,1,1,6455,768,0,0,0,0,10,1087,0,0,0
TASK3_FRAME_CSV=FIXED,112,-5425,2,2,5146,576,0,0,0,0,9,1016,0,0,0
TASK3_FRAME_CSV=FIXED,113,-4043,2,2,12920,997,0,0,0,0,67,1038,0,0,0
TASK3_FRAME_CSV=FIXED,114,-2684,2,2,32767,966,0,0,0,0,11,1629,0,0,0
TASK3_FRAME_CSV=FIXED,115,-1369,2,2,32767,580,0,0,0,0,42,555,0,0,0
TASK3_FRAME_CSV=FIXED,116,-116,2,2,31113,579,0,0,0,0,96,855,0,0,0
TASK3_FRAME_CSV=FIXED,117,1060,2,2,16439,522,0,0,0,0,3,397,0,0,0
TASK3_FRAME_CSV=FIXED,118,2144,2,2,20183,844,0,0,0,0,109,1296,0,0,0
TASK3_FRAME_CSV=FIXED,119,3125,2,2,10837,840,0,0,0,0,60,1381,0,0,0
TASK3_FRAME_CSV=FIXED,120,3996,2,2,8812,572,0,0,0,0,9,950,0,0,0
TASK3_FRAME_CSV=FIXED,121,4753,2,2,16693,845,0,0,0,0,10,1224,0,0,0
TASK3_FRAME_CSV=FIXED,122,5393,2,2,11168,855,0,0,0,0,83,979,0,0,0
TASK3_FRAME_CSV=FIXED,123,5918,2,3,7070,1045,0,0,0,0,86,988,0,0,0
TASK3_FRAME_CSV=FIXED,124,6335,3,3,11164,811,0,0,0,0,2,708,0,0,0
TASK3_FRAME_CSV=FIXED,125,6650,3,3,4378,831,0,0,0,0,11,1073,0,0,0
TASK3_FRAME_CSV=FIXED,126,6875,3,3,6356,567,0,0,0,0,8,1025,0,0,0
TASK3_FRAME_CSV=FIXED,127,7023,3,3,8320,524,0,0,0,0,9,714,0,0,0
TASK3_FRAME_CSV=FIXED,128,7109,3,3,15534,879,0,0,0,0,46,988,0,0,0
TASK3_FRAME_CSV=FIXED,129,7149,3,3,14192,629,0,0,0,0,55,1002,0,0,0
TASK3_FRAME_CSV=FIXED,130,7161,3,3,7396,1039,0,0,0,0,11,1063,0,0,0
TASK3_FRAME_CSV=FIXED,131,7162,3,3,11971,1042,0,0,0,0,8,660,0,0,0
TASK3_FRAME_CSV=FIXED,132,7169,3,3,6468,1037,0,0,0,0,10,965,0,0,0
TASK3_FRAME_CSV=FIXED,133,7200,3,3,13077,527,0,0,0,0,105,1040,0,0,0
TASK3_FRAME_CSV=FIXED,134,7269,3,3,6304,527,0,0,0,0,9,1010,0,0,0
TASK3_FRAME_CSV=FIXED,135,7391,3,3,6502,526,0,0,0,0,52,919,0,0,0
TASK3_FRAME_CSV=FIXED,136,7575,3,3,8877,849,0,0,0,0,11,1047,0,0,0
TASK3_FRAME_CSV=FIXED,137,7833,3,3,17849,528,0,0,0,0,9,768,0,0,0
TASK3_FRAME_CSV=FIXED,138,8168,3,3,25644,552,0,0,0,0,8,837,0,0,0
TASK3_FRAME_CSV=FIXED,139,8584,3,3,11447,1037,0,0,0,0,9,924,0,0,0
TASK3_FRAME_CSV=FIXED,140,9080,3,3,12400,881,0,0,0,0,46,902,0,0,0
TASK3_FRAME_CSV=FIXED,141,9654,3,3,32767,1044,0,0,0,0,9,745,0,0,0
TASK3_FRAME_CSV=FIXED,142,10297,3,3,32767,528,0,0,0,0,9,800,0,0,0
TASK3_FRAME_CSV=FIXED,143,11001,3,3,32767,1050,0,0,0,0,8,864,0,0,0
TASK3_FRAME_CSV=FIXED,144,11753,3,3,32767,523,0,0,0,0,8,691,0,0,0
TASK3_FRAME_CSV=FIXED,145,12538,3,3,21355,639,0,0,0,0,11,959,0,0,0
TASK3_FRAME_CSV=FIXED,146,13340,3,3,32767,678,0,0,0,0,84,916,0,0,0
TASK3_FRAME_CSV=FIXED,147,14139,3,3,24204,520,0,0,0,0,3,399,0,0,0
TASK3_FRAME_CSV=FIXED,148,14918,3,3,32767,676,0,0,0,0,10,1002,0,0,0
TASK3_FRAME_CSV=FIXED,149,15655,3,3,32767,630,0,0,0,0,61,1058,0,0,0
TASK3_FRAME_CSV=FIXED,150,16333,3,3,32767,622,0,0,0,0,3,597,0,0,0
TASK3_FRAME_CSV=FIXED,151,16930,3,3,32767,519,0,0,0,0,4,836,0,0,0
TASK3_FRAME_CSV=FIXED,152,17431,3,3,32767,1056,0,0,0,0,9,638,0,0,0
TASK3_FRAME_CSV=FIXED,153,17818,3,3,32767,630,0,0,0,0,9,945,0,0,0
TASK3_FRAME_CSV=FIXED,154,18078,3,3,32767,630,0,0,0,0,12,944,0,0,0
TASK3_FRAME_CSV=FIXED,155,18200,3,3,32767,622,0,0,0,0,4,495,0,0,0
TASK3_FRAME_CSV=FIXED,156,18176,3,3,32767,621,0,0,0,0,4,483,0,0,0
TASK3_FRAME_CSV=FIXED,157,18000,3,3,32767,525,0,0,0,0,9,796,0,0,0
TASK3_FRAME_CSV=FIXED,158,17671,3,3,32767,630,0,0,0,0,11,985,0,0,0
TASK3_FRAME_CSV=FIXED,159,17190,3,3,32767,672,0,0,0,0,11,891,0,0,0
TASK3_FRAME_CSV=FIXED,160,16562,3,3,32767,634,0,0,0,0,11,874,0,0,0
TASK3_FRAME_CSV=FIXED,161,15796,3,3,32767,617,0,0,0,0,10,665,0,0,0
TASK3_FRAME_CSV=FIXED,162,14903,3,3,32767,592,0,0,0,0,10,617,0,0,0
TASK3_FRAME_CSV=FIXED,163,13897,3,3,32767,574,0,0,0,0,2,575,0,0,0
TASK3_FRAME_CSV=FIXED,164,12795,3,3,32767,1051,0,0,0,0,10,1066,0,0,0
TASK3_FRAME_CSV=FIXED,165,11615,3,3,22678,1050,0,0,0,0,9,733,0,0,0
TASK3_FRAME_CSV=FIXED,166,10376,3,3,32767,525,0,0,0,0,8,861,0,0,0
TASK3_FRAME_CSV=FIXED,167,9101,3,3,18854,525,0,0,0,0,9,705,0,0,0
TASK3_FRAME_CSV=FIXED,168,7809,3,3,12407,1056,0,0,0,0,11,994,0,0,0
TASK3_FRAME_CSV=FIXED,169,6522,3,3,4095,525,0,0,0,0,3,541,0,0,0
TASK3_FRAME_CSV=FIXED,170,5260,2,2,329,519,0,0,0,0,4,603,0,0,0
TASK3_FRAME_CSV=FIXED,171,4042,2,2,12908,526,0,0,0,0,9,924,0,0,0
TASK3_FRAME_CSV=FIXED,172,2885,2,2,18944,962,0,0,0,0,10,714,0,0,0
TASK3_FRAME_CSV=FIXED,173,1804,2,2,32767,1029,0,0,0,0,89,1017,0,0,0
TASK3_FRAME_CSV=FIXED,174,811,2,2,15269,635,0,0,0,0,90,968,0,0,0
TASK3_FRAME_CSV=FIXED,175,-85,2,2,32767,523,0,0,0,0,10,723,0,0,0
TASK3_FRAME_CSV=FIXED,176,-878,2,2,21986,535,0,0,0,0,9,550,0,0,0
TASK3_FRAME_CSV=FIXED,177,-1564,2,2,16544,527,0,0,0,0,9,687,0,0,0
TASK3_FRAME_CSV=FIXED,178,-2144,2,2,17185,1040,0,0,0,0,81,1010,0,0,0
TASK3_FRAME_CSV=FIXED,179,-2621,2,2,20407,1212,0,0,0,0,81,959,0,0,0
TASK3_FRAME_CSV=FIXED,180,-3003,2,2,13743,1030,0,0,0,0,84,991,0,0,0
TASK3_FRAME_CSV=FIXED,181,-3298,2,2,32767,1023,0,0,0,0,11,900,0,0,0
TASK3_FRAME_CSV=FIXED,182,-3519,2,2,12325,1016,0,0,0,0,10,865,0,0,0
TASK3_FRAME_CSV=FIXED,183,-3679,2,2,15847,1014,0,0,0,0,47,953,0,0,0
TASK3_FRAME_CSV=FIXED,184,-3795,2,2,9191,524,0,0,0,0,9,856,0,0,0
TASK3_FRAME_CSV=FIXED,185,-3882,2,2,8187,1036,0,0,0,0,9,759,0,0,0
TASK3_FRAME_CSV=FIXED,186,-3959,2,2,32767,524,0,0,0,0,9,756,0,0,0
TASK3_FRAME_CSV=FIXED,187,-4043,2,2,10338,532,0,0,0,0,9,775,0,0,0
TASK3_FRAME_CSV=FIXED,188,-4150,2,2,18507,539,0,0,0,0,9,778,0,0,0
TASK3_FRAME_CSV=FIXED,189,-4297,2,2,10053,634,0,0,0,0,11,1082,0,0,0
TASK3_FRAME_CSV=FIXED,190,-4497,2,2,10091,1045,0,0,0,0,50,835,0,0,0
TASK3_FRAME_CSV=FIXED,191,-4763,2,2,12776,546,0,0,0,0,55,1037,0,0,0
TASK3_FRAME_CSV=FIXED,192,-5105,2,2,10388,630,0,0,0,0,10,1225,0,0,0
TASK3_FRAME_CSV=FIXED,193,-5530,2,2,4464,630,0,0,0,0,10,1147,0,0,0
TASK3_FRAME_CSV=FIXED,194,-6041,1,2,3297,629,0,0,0,0,106,1100,0,0,0
TASK3_FRAME_CSV=FIXED,195,-6639,1,1,5981,537,0,0,0,0,89,709,0,0,0
TASK3_FRAME_CSV=FIXED,196,-7323,1,1,14506,629,0,0,0,0,58,1173,0,0,0
TASK3_FRAME_CSV=FIXED,197,-8085,1,1,5144,528,0,0,0,0,9,935,0,0,0
TASK3_FRAME_CSV=FIXED,198,-8919,1,1,32767,631,0,0,0,0,46,537,0,0,0
TASK3_FRAME_CSV=FIXED,199,-9812,1,1,16293,634,0,0,0,0,48,1156,0,0,0
TASK3_FRAME_CSV=FIXED,200,-10750,1,1,32767,634,0,0,0,0,89,1266,0,0,0
TASK3_FRAME_CSV=FIXED,201,-11717,1,1,32767,631,0,0,0,0,84,1033,0,0,0
TASK3_FRAME_CSV=FIXED,202,-12695,1,1,31860,688,0,0,0,0,11,1096,0,0,0
TASK3_FRAME_CSV=FIXED,203,-13664,1,1,32767,523,0,0,0,0,10,1080,0,0,0
TASK3_FRAME_CSV=FIXED,204,-14605,1,1,31927,626,0,0,0,0,8,606,0,0,0
TASK3_FRAME_CSV=FIXED,205,-15497,1,1,32767,631,0,0,0,0,11,958,0,0,0
TASK3_FRAME_CSV=FIXED,206,-16320,1,1,32767,979,0,0,0,0,11,1272,0,0,0
TASK3_FRAME_CSV=FIXED,207,-17055,1,1,32767,551,0,0,0,0,8,890,0,0,0
TASK3_FRAME_CSV=FIXED,208,-17686,1,1,22237,621,0,0,0,0,46,481,0,0,0
TASK3_FRAME_CSV=FIXED,209,-18195,1,1,32767,985,0,0,0,0,11,956,0,0,0
TASK3_FRAME_CSV=FIXED,210,-18572,1,1,27559,1001,0,0,0,0,4,569,0,0,0
TASK3_FRAME_CSV=FIXED,211,-18804,1,1,21263,527,0,0,0,0,11,991,0,0,0
TASK3_FRAME_CSV=FIXED,212,-18885,1,1,32767,524,0,0,0,0,8,629,0,0,0
TASK3_FRAME_CSV=FIXED,213,-18812,1,1,32767,521,0,0,0,0,7,592,0,0,0
TASK3_FRAME_CSV=FIXED,214,-18582,1,1,32767,1007,0,0,0,0,4,508,0,0,0
TASK3_FRAME_CSV=FIXED,215,-18200,1,1,32767,996,0,0,0,0,11,858,0,0,0
TASK3_FRAME_CSV=FIXED,216,-17672,1,1,31461,971,0,0,0,0,11,927,0,0,0
TASK3_FRAME_CSV=FIXED,217,-17006,1,1,22222,1067,0,0,0,0,11,961,0,0,0
TASK3_FRAME_CSV=FIXED,218,-16216,1,1,32767,520,0,0,0,0,10,920,0,0,0
TASK3_FRAME_CSV=FIXED,219,-15316,1,1,32767,982,0,0,0,0,10,991,0,0,0
TASK3_FRAME_CSV=FIXED,220,-14323,1,1,22575,974,0,0,0,0,90,917,0,0,0
TASK3_FRAME_CSV=FIXED,221,-13256,1,1,32767,975,0,0,0,0,10,969,0,0,0
TASK3_FRAME_CSV=FIXED,222,-12135,1,1,22705,1007,0,0,0,0,4,695,0,0,0
TASK3_FRAME_CSV=FIXED,223,-10981,1,1,32767,524,0,0,0,0,9,822,0,0,0
TASK3_FRAME_CSV=FIXED,224,-9815,1,1,32767,970,0,0,0,0,10,944,0,0,0
TASK3_FRAME_CSV=FIXED,225,-8656,1,1,32767,523,0,0,0,0,9,893,0,0,0
TASK3_FRAME_CSV=FIXED,226,-7524,1,1,32767,525,0,0,0,0,10,940,0,0,0
TASK3_FRAME_CSV=FIXED,227,-6437,1,1,16048,525,0,0,0,0,11,970,0,0,0
TASK3_FRAME_CSV=FIXED,228,-5411,2,2,7326,526,0,0,0,0,12,926,0,0,0
TASK3_FRAME_CSV=FIXED,229,-4458,2,2,15106,523,0,0,0,0,11,955,0,0,0
TASK3_FRAME_CSV=FIXED,230,-3590,2,2,18573,993,0,0,0,0,10,879,0,0,0
TASK3_FRAME_CSV=FIXED,231,-2813,2,2,14011,630,0,0,0,0,10,942,0,0,0
TASK3_FRAME_CSV=FIXED,232,-2133,2,2,22413,1009,0,0,0,0,10,1036,0,0,0
TASK3_FRAME_CSV=FIXED,233,-1551,2,2,30084,524,0,0,0,0,9,928,0,0,0
TASK3_FRAME_CSV=FIXED,234,-1064,2,2,20486,646,0,0,0,0,10,880,0,0,0
TASK3_FRAME_CSV=FIXED,235,-666,2,2,12875,978,0,0,0,0,2,436,0,0,0
TASK3_FRAME_CSV=FIXED,236,-351,2,2,32767,629,0,0,0,0,10,1087,0,0,0
TASK3_FRAME_CSV=FIXED,237,-107,2,2,32767,949,0,0,0,0,59,1020,0,0,0
TASK3_FRAME_CSV=FIXED,238,80,2,2,21439,631,0,0,0,0,56,905,0,0,0
TASK3_FRAME_CSV=FIXED,239,223,2,2,29750,631,0,0,0,0,71,1161,0,0,0
TASK3_FRAME_CSV=FIXED,240,339,2,2,31764,630,0,0,0,0,55,902,0,0,0
TASK3_FRAME_CSV=FIXED,241,446,2,2,22553,630,0,0,0,0,59,1059,0,0,0
TASK3_FRAME_CSV=FIXED,242,560,2,2,15070,619,0,0,0,0,23,581,0,0,0
TASK3_FRAME_CSV=FIXED,243,699,2,2,32767,622,0,0,0,0,53,502,0,0,0
TASK3_FRAME_CSV=FIXED,244,879,2,2,18816,628,0,0,0,0,9,949,0,0,0
TASK3_FRAME_CSV=FIXED,245,1115,2,2,32767,969,0,0,0,0,9,610,0,0,0
TASK3_FRAME_CSV=FIXED,246,1419,2,2,32767,627,0,0,0,0,6,466,0,0,0
TASK3_FRAME_CSV=FIXED,247,1804,2,2,20225,628,0,0,0,0,48,428,0,0,0
TASK3_FRAME_CSV=FIXED,248,2276,2,2,13432,659,0,0,0,0,54,520,0,0,0
TASK3_FRAME_CSV=FIXED,249,2842,2,2,13409,630,0,0,0,0,78,928,0,0,0
TASK3_FRAME_CSV=FIXED,250,3504,2,2,30028,528,0,0,0,0,10,759,0,0,0
TASK3_FRAME_CSV=FIXED,251,4259,2,2,14208,529,0,0,0,0,9,781,0,0,0
TASK3_FRAME_CSV=FIXED,252,5105,2,2,5093,948,0,0,0,0,7,689,0,0,0
TASK3_FRAME_CSV=FIXED,253,6034,3,2,4456,964,0,0,0,0,79,1134,0,0,0
TASK3_FRAME_CSV=FIXED,254,7034,3,3,4429,621,0,0,0,0,75,614,0,0,0
TASK3_FRAME_CSV=FIXED,255,8094,3,3,17777,524,0,0,0,0,9,863,0,0,0
TASK3_FRAME_CSV=FIXED,256,9196,3,3,32767,527,0,0,0,0,9,1130,0,0,0
TASK3_FRAME_CSV=FIXED,257,10325,3,3,24345,968,0,0,0,0,9,712,0,0,0
TASK3_FRAME_CSV=FIXED,258,11459,3,3,32767,630,0,0,0,0,4,622,0,0,0
TASK3_FRAME_CSV=FIXED,259,12580,3,3,24483,929,0,0,0,0,10,1047,0,0,0
TASK3_FRAME_CSV=FIXED,260,13666,3,3,32767,941,0,0,0,0,4,625,0,0,0
TASK3_FRAME_CSV=FIXED,261,14698,3,3,32767,916,0,0,0,0,10,1047,0,0,0
TASK3_FRAME_CSV=FIXED,262,15654,3,3,32767,629,0,0,0,0,48,829,0,0,0
TASK3_FRAME_CSV=FIXED,263,16517,3,3,32767,941,0,0,0,0,71,609,0,0,0
TASK3_FRAME_CSV=FIXED,264,17269,3,3,32767,903,0,0,0,0,11,954,0,0,0
TASK3_FRAME_CSV=FIXED,265,17895,3,3,32767,935,0,0,0,0,9,812,0,0,0
TASK3_FRAME_CSV=FIXED,266,18384,3,3,32767,527,0,0,0,0,85,1054,0,0,0
TASK3_FRAME_CSV=FIXED,267,18726,3,3,28185,630,0,0,0,0,96,999,0,0,0
TASK3_FRAME_CSV=FIXED,268,18914,3,3,32767,517,0,0,0,0,5,595,0,0,0
TASK3_FRAME_CSV=FIXED,269,18947,3,3,32767,922,0,0,0,0,11,909,0,0,0
TASK3_FRAME_CSV=FIXED,270,18825,3,3,32767,899,0,0,0,0,85,995,0,0,0
TASK3_FRAME_CSV=FIXED,271,18551,3,3,26246,526,0,0,0,0,6,468,0,0,0
TASK3_FRAME_CSV=FIXED,272,18134,3,3,32767,523,0,0,0,0,8,697,0,0,0
TASK3_FRAME_CSV=FIXED,273,17583,3,3,32767,973,0,0,0,0,85,979,0,0,0
TASK3_FRAME_CSV=FIXED,274,16912,3,3,32767,527,0,0,0,0,46,909,0,0,0
TASK3_FRAME_CSV=FIXED,275,16136,3,3,32767,532,0,0,0,0,9,692,0,0,0
TASK3_FRAME_CSV=FIXED,276,15274,3,3,32767,635,0,0,0,0,81,977,0,0,0
TASK3_FRAME_CSV=FIXED,277,14343,3,3,32767,628,0,0,0,0,95,960,0,0,0
TASK3_FRAME_CSV=FIXED,278,13364,3,3,32767,523,0,0,0,0,85,1121,0,0,0
TASK3_FRAME_CSV=FIXED,279,12357,3,3,32767,582,0,0,0,0,66,970,0,0,0
TASK3_FRAME_CSV=FIXED,280,11343,3,3,16815,619,0,0,0,0,85,1045,0,0,0
TASK3_FRAME_CSV=FIXED,281,10340,3,3,24252,621,0,0,0,0,10,996,0,0,0
TASK3_FRAME_CSV=FIXED,282,9367,3,3,20925,630,0,0,0,0,10,721,0,0,0
TASK3_FRAME_CSV=FIXED,283,8441,3,3,5759,590,0,0,0,0,11,1086,0,0,0
TASK3_FRAME_CSV=FIXED,284,7575,3,3,5880,660,0,0,0,0,10,1101,0,0,0
TASK3_FRAME_CSV=FIXED,285,6782,3,3,5126,912,0,0,0,0,10,847,0,0,0
TASK3_FRAME_CSV=FIXED,286,6069,3,2,2924,519,0,0,0,0,40,454,0,0,0
TASK3_FRAME_CSV=FIXED,287,5443,2,2,4268,639,0,0,0,0,56,843,0,0,0
TASK3_FRAME_CSV=FIXED,288,4907,2,2,2602,622,0,0,0,0,9,834,0,0,0
TASK3_FRAME_CSV=FIXED,289,4458,2,2,17736,531,0,0,0,0,53,864,0,0,0
TASK3_FRAME_CSV=FIXED,290,4094,2,2,21142,896,0,0,0,0,87,959,0,0,0
TASK3_FRAME_CSV=FIXED,291,3807,2,2,23021,623,0,0,0,0,47,621,0,0,0
TASK3_FRAME_CSV=FIXED,292,3588,2,2,9962,884,0,0,0,0,9,850,0,0,0
TASK3_FRAME_CSV=FIXED,293,3425,2,2,12518,622,0,0,0,0,3,492,0,0,0
TASK3_FRAME_CSV=FIXED,294,3303,2,2,11425,619,0,0,0,0,60,514,0,0,0
TASK3_FRAME_CSV=FIXED,295,3206,2,2,10119,526,0,0,0,0,9,758,0,0,0
TASK3_FRAME_CSV=FIXED,296,3119,2,2,15927,629,0,0,0,0,10,665,0,0,0
TASK3_FRAME_CSV=FIXED,297,3023,2,2,21082,628,0,0,0,0,10,1051,0,0,0
TASK3_FRAME_CSV=FIXED,298,2900,2,2,17269,624,0,0,0,0,4,559,0,0,0
TASK3_FRAME_CSV=FIXED,299,2736,2,2,11256,627,0,0,0,0,46,596,0,0,0
TASK3_FRAME_CSV=FIXED,300,2513,2,2,17526,635,0,0,0,0,11,1014,0,0,0
TASK3_FRAME_CSV=FIXED,301,2218,2,2,14540,630,0,0,0,0,10,1114,0,0,0
TASK3_FRAME_CSV=FIXED,302,1838,2,2,9534,874,0,0,0,0,11,924,0,0,0
TASK3_FRAME_CSV=FIXED,303,1365,2,2,23876,868,0,0,0,0,80,1073,0,0,0
TASK3_FRAME_CSV=FIXED,304,792,2,2,13684,888,0,0,0,0,82,1003,0,0,0
TASK3_FRAME_CSV=FIXED,305,114,2,2,16371,872,0,0,0,0,10,737,0,0,0
TASK3_FRAME_CSV=FIXED,306,-668,2,2,24236,890,0,0,0,0,11,934,0,0,0
TASK3_FRAME_CSV=FIXED,307,-1551,2,2,23047,869,0,0,0,0,11,989,0,0,0
TASK3_FRAME_CSV=FIXED,308,-2529,2,2,9898,880,0,0,0,0,11,992,0,0,0
TASK3_FRAME_CSV=FIXED,309,-3594,2,2,23142,839,0,0,0,0,81,955,0,0,0
TASK3_FRAME_CSV=FIXED,310,-4732,2,2,11027,907,0,0,0,0,11,1004,0,0,0
TASK3_FRAME_CSV=FIXED,311,-5930,2,1,3054,864,0,0,0,0,11,939,0,0,0
TASK3_FRAME_CSV=FIXED,312,-7169,1,1,11218,932,0,0,0,0,70,1019,0,0,0
TASK3_FRAME_CSV=FIXED,313,-8432,1,1,24440,908,0,0,0,0,79,948,0,0,0
TASK3_FRAME_CSV=FIXED,314,-9698,1,1,22841,895,0,0,0,0,3,446,0,0,0
TASK3_FRAME_CSV=FIXED,315,-10946,1,1,32767,841,0,0,0,0,11,1023,0,0,0
TASK3_FRAME_CSV=FIXED,316,-12155,1,1,32767,868,0,0,0,0,85,889,0,0,0
TASK3_FRAME_CSV=FIXED,317,-13305,1,1,32767,523,0,0,0,0,83,930,0,0,0
TASK3_FRAME_CSV=FIXED,318,-14375,1,1,32767,841,0,0,0,0,10,998,0,0,0
TASK3_FRAME_CSV=FIXED,319,-15348,1,1,32767,527,0,0,0,0,11,937,0,0,0
TASK3_FRAME_CSV=FIXED,320,-16206,1,1,32767,522,0,0,0,0,92,1069,0,0,0
TASK3_FRAME_CSV=FIXED,321,-16937,1,1,24730,631,0,0,0,0,86,969,0,0,0
TASK3_FRAME_CSV=FIXED,322,-17528,1,1,32767,891,0,0,0,0,50,865,0,0,0
TASK3_FRAME_CSV=FIXED,323,-17971,1,1,24088,782,0,0,0,0,9,987,0,0,0
TASK3_FRAME_CSV=FIXED,324,-18262,1,1,28151,615,0,0,0,0,58,1170,0,0,0
TASK3_FRAME_CSV=FIXED,325,-18399,1,1,32767,616,0,0,0,0,64,1164,0,0,0
TASK3_FRAME_CSV=FIXED,326,-18384,1,1,32767,623,0,0,0,0,7,643,0,0,0
TASK3_FRAME_CSV=FIXED,327,-18221,1,1,19779,636,0,0,0,0,5,566,0,0,0
TASK3_FRAME_CSV=FIXED,328,-17921,1,1,25223,629,0,0,0,0,10,1288,0,0,0
TASK3_FRAME_CSV=FIXED,329,-17492,1,1,32767,911,0,0,0,0,68,614,0,0,0
TASK3_FRAME_CSV=FIXED,330,-16951,1,1,32767,621,0,0,0,0,5,694,0,0,0
TASK3_FRAME_CSV=FIXED,331,-16312,1,1,32767,596,0,0,0,0,49,1121,0,0,0
TASK3_FRAME_CSV=FIXED,332,-15594,1,1,32767,738,0,0,0,0,43,607,0,0,0
TASK3_FRAME_CSV=FIXED,333,-14815,1,1,32767,885,0,0,0,0,41,536,0,0,0
TASK3_FRAME_CSV=FIXED,334,-13996,1,1,32767,621,0,0,0,0,75,599,0,0,0
TASK3_FRAME_CSV=FIXED,335,-13156,1,1,32767,630,0,0,0,0,83,1121,0,0,0
TASK3_FRAME_CSV=FIXED,336,-12315,1,1,32767,623,0,0,0,0,97,804,0,0,0
TASK3_FRAME_CSV=FIXED,337,-11491,1,1,29787,623,0,0,0,0,68,532,0,0,0
TASK3_FRAME_CSV=FIXED,338,-10700,1,1,30624,886,0,0,0,0,72,765,0,0,0
TASK3_FRAME_CSV=FIXED,339,-9959,1,1,32767,640,0,0,0,0,4,593,0,0,0
TASK3_FRAME_CSV=FIXED,340,-9279,1,1,32767,892,0,0,0,0,2,473,0,0,0
TASK3_FRAME_CSV=FIXED,341,-8670,1,1,28840,642,0,0,0,0,73,540,0,0,0
TASK3_FRAME_CSV=FIXED,342,-8139,1,1,20786,995,0,0,0,0,9,930,0,0,0
TASK3_FRAME_CSV=FIXED,343,-7690,1,1,22473,889,0,0,0,0,34,505,0,0,0
TASK3_FRAME_CSV=FIXED,344,-7323,1,1,17123,526,0,0,0,0,81,987,0,0,0
TASK3_FRAME_CSV=FIXED,345,-7035,1,1,11102,526,0,0,0,0,150,1292,0,0,0
TASK3_FRAME_CSV=FIXED,346,-6821,1,1,11365,524,0,0,0,0,11,986,0,0,0
TASK3_FRAME_CSV=FIXED,347,-6672,1,1,5368,627,0,0,0,0,6,697,0,0,0
TASK3_FRAME_CSV=FIXED,348,-6577,1,1,3934,810,0,0,0,0,79,1022,0,0,0
TASK3_FRAME_CSV=FIXED,349,-6522,1,1,3683,792,0,0,0,0,10,855,0,0,0
TASK3_FRAME_CSV=FIXED,350,-6492,1,1,3602,524,0,0,0,0,80,921,0,0,0
TASK3_FRAME_CSV=FIXED,351,-6471,1,1,4907,529,0,0,0,0,147,1145,0,0,0
TASK3_FRAME_CSV=FIXED,352,-6440,1,1,4076,526,0,0,0,0,101,1076,0,0,0
TASK3_FRAME_CSV=FIXED,353,-6383,1,1,1458,527,0,0,0,0,11,1113,0,0,0
TASK3_FRAME_CSV=FIXED,354,-6283,1,1,4363,523,0,0,0,0,79,964,0,0,0
TASK3_FRAME_CSV=FIXED,355,-6122,1,2,1568,523,0,0,0,0,9,753,0,0,0
TASK3_FRAME_CSV=FIXED,356,-5886,2,2,3651,519,0,0,0,0,9,887,0,0,0
TASK3_FRAME_CSV=FIXED,357,-5563,2,2,3898,800,0,0,0,0,10,905,0,0,0
TASK3_FRAME_CSV=FIXED,358,-5140,2,2,6061,808,0,0,0,0,10,916,0,0,0
TASK3_FRAME_CSV=FIXED,359,-4610,2,2,29222,816,0,0,0,0,10,803,0,0,0
TASK3_FRAME_CSV=FIXED,360,-3968,2,2,28418,809,0,0,0,0,9,848,0,0,0
TASK3_FRAME_CSV=FIXED,361,-3211,2,2,32767,801,0,0,0,0,9,731,0,0,0
TASK3_FRAME_CSV=FIXED,362,-2342,2,2,10995,843,0,0,0,0,55,1115,0,0,0
TASK3_FRAME_CSV=FIXED,363,-1365,2,2,32767,635,0,0,0,0,12,1218,0,0,0
TASK3_FRAME_CSV=FIXED,364,-287,2,2,16169,630,0,0,0,0,83,1035,0,0,0
TASK3_FRAME_CSV=FIXED,365,880,2,2,18496,635,0,0,0,0,82,911,0,0,0
TASK3_FRAME_CSV=FIXED,366,2122,2,2,9268,849,0,0,0,0,10,854,0,0,0
TASK3_FRAME_CSV=FIXED,367,3425,2,2,13973,769,0,0,0,0,11,976,0,0,0
TASK3_FRAME_CSV=FIXED,368,4768,2,2,18101,522,0,0,0,0,11,1067,0,0,0
TASK3_FRAME_CSV=FIXED,369,6134,3,2,3074,527,0,0,0,0,11,1009,0,0,0
TASK3_FRAME_CSV=FIXED,370,7500,3,3,10010,615,0,0,0,0,9,1041,0,0,0
TASK3_FRAME_CSV=FIXED,371,8846,3,3,16140,634,0,0,0,0,11,957,0,0,0
TASK3_FRAME_CSV=FIXED,372,10149,3,3,16208,635,0,0,0,0,11,1069,0,0,0
TASK3_FRAME_CSV=FIXED,373,11391,3,3,18302,621,0,0,0,0,4,618,0,0,0
TASK3_FRAME_CSV=FIXED,374,12550,3,3,31041,526,0,0,0,0,10,1105,0,0,0
TASK3_FRAME_CSV=FIXED,375,13609,3,3,32767,631,0,0,0,0,10,999,0,0,0
TASK3_FRAME_CSV=FIXED,376,14553,3,3,32767,830,0,0,0,0,5,660,0,0,0
TASK3_FRAME_CSV=FIXED,377,15369,3,3,32767,524,0,0,0,0,9,710,0,0,0
TASK3_FRAME_CSV=FIXED,378,16045,3,3,32767,799,0,0,0,0,9,649,0,0,0
TASK3_FRAME_CSV=FIXED,379,16576,3,3,32767,857,0,0,0,0,73,557,0,0,0
TASK3_FRAME_CSV=FIXED,380,16958,3,3,28990,818,0,0,0,0,5,545,0,0,0
TASK3_FRAME_CSV=FIXED,381,17190,3,3,32767,646,0,0,0,0,5,768,0,0,0
TASK3_FRAME_CSV=FIXED,382,17275,3,3,32767,646,0,0,0,0,5,673,0,0,0
TASK3_FRAME_CSV=FIXED,383,17220,3,3,32767,947,0,0,0,0,9,1025,0,0,0
TASK3_FRAME_CSV=FIXED,384,17034,3,3,32767,581,0,0,0,0,87,1286,0,0,0
TASK3_FRAME_CSV=FIXED,385,16729,3,3,32767,778,0,0,0,0,10,883,0,0,0
TASK3_FRAME_CSV=FIXED,386,16320,3,3,32767,835,0,0,0,0,73,647,0,0,0
TASK3_FRAME_CSV=FIXED,387,15823,3,3,32767,782,0,0,0,0,81,1021,0,0,0
TASK3_FRAME_CSV=FIXED,388,15257,3,3,32767,785,0,0,0,0,71,618,0,0,0
TASK3_FRAME_CSV=FIXED,389,14640,3,3,32767,757,0,0,0,0,64,1019,0,0,0
TASK3_FRAME_CSV=FIXED,390,13992,3,3,32767,620,0,0,0,0,74,649,0,0,0
TASK3_FRAME_CSV=FIXED,391,13332,3,3,32767,791,0,0,0,0,68,588,0,0,0
TASK3_FRAME_CSV=FIXED,392,12678,3,3,26486,752,0,0,0,0,80,899,0,0,0
TASK3_FRAME_CSV=FIXED,393,12048,3,3,32767,753,0,0,0,0,11,887,0,0,0
TASK3_FRAME_CSV=FIXED,394,11456,3,3,31947,635,0,0,0,0,88,1159,0,0,0
TASK3_FRAME_CSV=FIXED,395,10917,3,3,32767,765,0,0,0,0,47,800,0,0,0
TASK3_FRAME_CSV=FIXED,396,10441,3,3,15684,786,0,0,0,0,43,456,0,0,0
TASK3_FRAME_CSV=FIXED,397,10036,3,3,18727,769,0,0,0,0,101,897,0,0,0
TASK3_FRAME_CSV=FIXED,398,9707,3,3,15749,756,0,0,0,0,9,832,0,0,0
TASK3_FRAME_CSV=FIXED,399,9455,3,3,22864,756,0,0,0,0,45,843,0,0,0
TASK3_FRAME_CSV=FIXED,400,9279,3,3,32767,629,0,0,0,0,81,976,0,0,0
TASK3_FRAME_CSV=FIXED,401,9174,3,3,15287,779,0,0,0,0,8,846,0,0,0
TASK3_FRAME_CSV=FIXED,402,9133,3,3,13587,525,0,0,0,0,9,846,0,0,0
TASK3_FRAME_CSV=FIXED,403,9144,3,3,21791,799,0,0,0,0,42,739,0,0,0
TASK3_FRAME_CSV=FIXED,404,9196,3,3,32767,527,0,0,0,0,85,1013,0,0,0
TASK3_FRAME_CSV=FIXED,405,9274,3,3,27705,524,0,0,0,0,11,792,0,0,0
TASK3_FRAME_CSV=FIXED,406,9361,3,3,23485,801,0,0,0,0,12,797,0,0,0
TASK3_FRAME_CSV=FIXED,407,9440,3,3,14844,631,0,0,0,0,11,1119,0,0,0
TASK3_FRAME_CSV=FIXED,408,9493,3,3,17771,621,0,0,0,0,81,1112,0,0,0
TASK3_FRAME_CSV=FIXED,409,9502,3,3,14294,1020,0,0,0,0,10,1130,0,0,0
TASK3_FRAME_CSV=FIXED,410,9451,3,3,32767,630,0,0,0,0,11,933,0,0,0
TASK3_FRAME_CSV=FIXED,411,9323,3,3,18026,969,0,0,0,0,9,1073,0,0,0
TASK3_FRAME_CSV=FIXED,412,9104,3,3,12947,971,0,0,0,0,11,1298,0,0,0
TASK3_FRAME_CSV=FIXED,413,8782,3,3,14345,625,0,0,0,0,9,1131,0,0,0
TASK3_FRAME_CSV=FIXED,414,8347,3,3,22195,625,0,0,0,0,11,1046,0,0,0
TASK3_FRAME_CSV=FIXED,415,7793,3,3,8710,752,0,0,0,0,9,592,0,0,0
TASK3_FRAME_CSV=FIXED,416,7115,3,3,10412,616,0,0,0,0,9,1088,0,0,0
TASK3_FRAME_CSV=FIXED,417,6314,3,3,1954,623,0,0,0,0,6,726,0,0,0
TASK3_FRAME_CSV=FIXED,418,5393,2,2,8162,627,0,0,0,0,84,996,0,0,0
TASK3_FRAME_CSV=FIXED,419,4357,2,2,9408,626,0,0,0,0,148,671,0,0,0
TASK3_FRAME_CSV=FIXED,420,3216,2,2,12191,622,0,0,0,0,47,874,0,0,0
TASK3_FRAME_CSV=FIXED,421,1983,2,2,20838,625,0,0,0,0,96,719,0,0,0
TASK3_FRAME_CSV=FIXED,422,672,2,2,32767,627,0,0,0,0,76,677,0,0,0
TASK3_FRAME_CSV=FIXED,423,-699,2,2,16030,631,0,0,0,0,6,628,0,0,0
TASK3_FRAME_CSV=FIXED,424,-2111,2,2,32767,812,0,0,0,0,43,440,0,0,0
TASK3_FRAME_CSV=FIXED,425,-3543,2,2,11507,622,0,0,0,0,5,758,0,0,0
TASK3_FRAME_CSV=FIXED,426,-4974,2,2,6227,805,0,0,0,0,9,760,0,0,0
TASK3_FRAME_CSV=FIXED,427,-6383,1,1,4592,525,0,0,0,0,67,579,0,0,0
TASK3_FRAME_CSV=FIXED,428,-7749,1,1,28040,642,0,0,0,0,73,682,0,0,0
TASK3_FRAME_CSV=FIXED,429,-9050,1,1,13585,725,0,0,0,0,84,901,0,0,0
TASK3_FRAME_CSV=FIXED,430,-10268,1,1,32767,626,0,0,0,0,98,1089,0,0,0
TASK3_FRAME_CSV=FIXED,431,-11386,1,1,32767,523,0,0,0,0,11,1054,0,0,0
TASK3_FRAME_CSV=FIXED,432,-12388,1,1,25462,725,0,0,0,0,69,965,0,0,0
TASK3_FRAME_CSV=FIXED,433,-13264,1,1,32767,729,0,0,0,0,9,850,0,0,0
TASK3_FRAME_CSV=FIXED,434,-14005,1,1,32767,523,0,0,0,0,66,608,0,0,0
TASK3_FRAME_CSV=FIXED,435,-14603,1,1,32328,722,0,0,0,0,8,987,0,0,0
TASK3_FRAME_CSV=FIXED,436,-15057,1,1,31045,742,0,0,0,0,7,774,0,0,0
TASK3_FRAME_CSV=FIXED,437,-15369,1,1,32767,723,0,0,0,0,80,885,0,0,0
TASK3_FRAME_CSV=FIXED,438,-15541,1,1,23920,718,0,0,0,0,53,540,0,0,0
TASK3_FRAME_CSV=FIXED,439,-15583,1,1,28505,720,0,0,0,0,9,794,0,0,0
TASK3_FRAME_CSV=FIXED,440,-15503,1,1,32767,719,0,0,0,0,9,751,0,0,0
TASK3_FRAME_CSV=FIXED,441,-15316,1,1,32767,726,0,0,0,0,10,868,0,0,0
TASK3_FRAME_CSV=FIXED,442,-15036,1,1,32767,726,0,0,0,0,11,877,0,0,0
TASK3_FRAME_CSV=FIXED,443,-14680,1,1,32767,717,0,0,0,0,63,652,0,0,0
TASK3_FRAME_CSV=FIXED,444,-14266,1,1,31689,524,0,0,0,0,83,984,0,0,0
TASK3_FRAME_CSV=FIXED,445,-13813,1,1,32767,713,0,0,0,0,47,832,0,0,0
TASK3_FRAME_CSV=FIXED,446,-13340,1,1,32767,724,0,0,0,0,9,748,0,0,0
TASK3_FRAME_CSV=FIXED,447,-12865,1,1,32767,716,0,0,0,0,8,831,0,0,0
TASK3_FRAME_CSV=FIXED,448,-12405,1,1,32767,713,0,0,0,0,49,879,0,0,0
TASK3_FRAME_CSV=FIXED,449,-11977,1,1,25494,525,0,0,0,0,47,959,0,0,0
TASK3_FRAME_CSV=FIXED,450,-11594,1,1,32767,633,0,0,0,0,46,830,0,0,0
TASK3_FRAME_CSV=FIXED,451,-11268,1,1,32767,525,0,0,0,0,9,633,0,0,0
TASK3_FRAME_CSV=FIXED,452,-11008,1,1,23416,728,0,0,0,0,10,913,0,0,0
TASK3_FRAME_CSV=FIXED,453,-10819,1,1,32767,603,0,0,0,0,10,761,0,0,0
TASK3_FRAME_CSV=FIXED,454,-10705,1,1,28743,610,0,0,0,0,84,1053,0,0,0
TASK3_FRAME_CSV=FIXED,455,-10664,1,1,29379,609,0,0,0,0,83,950,0,0,0
TASK3_FRAME_CSV=FIXED,456,-10694,1,1,23194,527,0,0,0,0,49,936,0,0,0
TASK3_FRAME_CSV=FIXED,457,-10788,1,1,32767,608,0,0,0,0,79,890,0,0,0
TASK3_FRAME_CSV=FIXED,458,-10935,1,1,32767,588,0,0,0,0,85,1004,0,0,0
TASK3_FRAME_CSV=FIXED,459,-11125,1,1,22343,612,0,0,0,0,85,1008,0,0,0
TASK3_FRAME_CSV=FIXED,460,-11343,1,1,32767,584,0,0,0,0,46,836,0,0,0
TASK3_FRAME_CSV=FIXED,461,-11572,1,1,21308,608,0,0,0,0,78,966,0,0,0
TASK3_FRAME_CSV=FIXED,462,-11796,1,1,26989,529,0,0,0,0,107,1071,0,0,0
TASK3_FRAME_CSV=FIXED,463,-11996,1,1,21458,610,0,0,0,0,78,670,0,0,0
TASK3_FRAME_CSV=FIXED,464,-12155,1,1,32767,604,0,0,0,0,3,758,0,0,0
TASK3_FRAME_CSV=FIXED,465,-12254,1,1,20542,607,0,0,0,0,78,613,0,0,0
TASK3_FRAME_CSV=FIXED,466,-12277,1,1,32767,607,0,0,0,0,78,774,0,0,0
TASK3_FRAME_CSV=FIXED,467,-12208,1,1,32767,679,0,0,0,0,47,962,0,0,0
TASK3_FRAME_CSV=FIXED,468,-12033,1,1,32767,749,0,0,0,0,2,534,0,0,0
TASK3_FRAME_CSV=FIXED,469,-11741,1,1,32767,974,0,0,0,0,9,1251,0,0,0
TASK3_FRAME_CSV=FIXED,470,-11325,1,1,32767,603,0,0,0,0,4,565,0,0,0
TASK3_FRAME_CSV=FIXED,471,-10777,1,1,32767,682,0,0,0,0,2,466,0,0,0
TASK3_FRAME_CSV=FIXED,472,-10097,1,1,21179,606,0,0,0,0,5,582,0,0,0
TASK3_FRAME_CSV=FIXED,473,-9286,1,1,28423,994,0,0,0,0,10,1291,0,0,0
TASK3_FRAME_CSV=FIXED,474,-8347,1,1,6267,698,0,0,0,0,2,767,0,0,0
TASK3_FRAME_CSV=FIXED,475,-7288,1,1,18152,711,0,0,0,0,9,865,0,0,0
TASK3_FRAME_CSV=FIXED,476,-6121,1,1,15050,602,0,0,0,0,11,980,0,0,0
TASK3_FRAME_CSV=FIXED,477,-4859,2,2,5099,697,0,0,0,0,9,841,0,0,0
TASK3_FRAME_CSV=FIXED,478,-3519,2,2,24055,691,0,0,0,0,3,645,0,0,0
TASK3_FRAME_CSV=FIXED,479,-2118,2,2,25574,677,0,0,0,0,48,850,0,0,0
TASK3_FRAME_CSV=FIXED,480,-676,2,2,32767,605,0,0,0,0,81,1011,0,0,0
TASK3_FRAME_CSV=FIXED,481,785,2,2,16340,728,0,0,0,0,9,742,0,0,0
TASK3_FRAME_CSV=FIXED,482,2244,2,2,16035,690,0,0,0,0,10,868,0,0,0
TASK3_FRAME_CSV=FIXED,483,3679,2,2,9686,671,0,0,0,0,9,870,0,0,0
TASK3_FRAME_CSV=FIXED,484,5069,2,2,11097,693,0,0,0,0,8,503,0,0,0
TASK3_FRAME_CSV=FIXED,485,6395,3,3,2118,664,0,0,0,0,8,880,0,0,0
TASK3_FRAME_CSV=FIXED,486,7638,3,3,18301,686,0,0,0,0,54,788,0,0,0
TASK3_FRAME_CSV=FIXED,487,8782,3,3,29148,677,0,0,0,0,42,493,0,0,0
TASK3_FRAME_CSV=FIXED,488,9813,3,3,22809,523,0,0,0,0,10,847,0,0,0
TASK3_FRAME_CSV=FIXED,489,10720,3,3,32767,660,0,0,0,0,9,780,0,0,0
TASK3_FRAME_CSV=FIXED,490,11496,3,3,32767,709,0,0,0,0,9,811,0,0,0
TASK3_FRAME_CSV=FIXED,491,12137,3,3,32767,675,0,0,0,0,9,836,0,0,0
TASK3_FRAME_CSV=FIXED,492,12641,3,3,32767,524,0,0,0,0,11,870,0,0,0
TASK3_FRAME_CSV=FIXED,493,13012,3,3,32767,524,0,0,0,0,8,766,0,0,0
TASK3_FRAME_CSV=FIXED,494,13253,3,3,32767,651,0,0,0,0,8,960,0,0,0
TASK3_FRAME_CSV=FIXED,495,13374,3,3,32767,651,0,0,0,0,10,964,0,0,0
TASK3_FRAME_CSV=FIXED,496,13387,3,3,32767,519,0,0,0,0,91,710,0,0,0
TASK3_FRAME_CSV=FIXED,497,13305,3,3,32767,602,0,0,0,0,77,614,0,0,0
TASK3_FRAME_CSV=FIXED,498,13143,3,3,32767,522,0,0,0,0,9,930,0,0,0
TASK3_FRAME_CSV=FIXED,499,12919,3,3,32767,511,0,0,0,0,3,472,0,0,0
TASK3_FRAME_CSV=FIXED,500,12651,3,3,32767,569,0,0,0,0,11,1086,0,0,0
TASK3_FRAME_CSV=FIXED,501,12357,3,3,32767,895,0,0,0,0,59,1187,0,0,0
TASK3_FRAME_CSV=FIXED,502,12056,3,3,32767,600,0,0,0,0,46,959,0,0,0
TASK3_FRAME_CSV=FIXED,503,11764,3,3,20537,593,0,0,0,0,48,982,0,0,0
TASK3_FRAME_CSV=FIXED,504,11498,3,3,32767,562,0,0,0,0,11,1509,0,0,0
TASK3_FRAME_CSV=FIXED,505,11273,3,3,32767,594,0,0,0,0,48,488,0,0,0
TASK3_FRAME_CSV=FIXED,506,11101,3,3,28633,591,0,0,0,0,124,700,0,0,0
TASK3_FRAME_CSV=FIXED,507,10991,3,3,32767,590,0,0,0,0,38,513,0,0,0
TASK3_FRAME_CSV=FIXED,508,10950,3,3,19719,594,0,0,0,0,49,877,0,0,0
TASK3_FRAME_CSV=FIXED,509,10983,3,3,32767,718,0,0,0,0,4,557,0,0,0
TASK3_FRAME_CSV=FIXED,510,11090,3,3,30090,520,0,0,0,0,11,916,0,0,0
TASK3_FRAME_CSV=FIXED,511,11268,3,3,21454,662,0,0,0,0,2,682,0,0,0
TASK3_FRAME_CSV=FIXED,512,11512,3,3,21698,511,0,0,0,0,42,413,0,0,0
TASK3_FRAME_CSV=FIXED,513,11813,3,3,32767,514,0,0,0,0,42,386,0,0,0
TASK3_FRAME_CSV=FIXED,514,12159,3,3,32767,510,0,0,0,0,1,373,0,0,0
TASK3_FRAME_CSV=FIXED,515,12538,3,3,32767,588,0,0,0,0,1,362,0,0,0
TASK3_FRAME_CSV=FIXED,516,12933,3,3,32767,524,0,0,0,0,8,899,0,0,0
TASK3_FRAME_CSV=FIXED,517,13328,3,3,13815,586,0,0,0,0,4,568,0,0,0
TASK3_FRAME_CSV=FIXED,518,13703,3,3,26699,512,0,0,0,0,68,685,0,0,0
TASK3_FRAME_CSV=FIXED,519,14041,3,3,32767,655,0,0,0,0,36,355,0,0,0
TASK3_FRAME_CSV=FIXED,520,14323,3,3,32767,651,0,0,0,0,9,915,0,0,0
TASK3_FRAME_CSV=FIXED,521,14531,3,3,32767,645,0,0,0,0,4,578,0,0,0
TASK3_FRAME_CSV=FIXED,522,14648,3,3,27239,578,0,0,0,0,56,999,0,0,0
TASK3_FRAME_CSV=FIXED,523,14660,3,3,32767,638,0,0,0,0,9,922,0,0,0
TASK3_FRAME_CSV=FIXED,524,14553,3,3,32767,522,0,0,0,0,3,414,0,0,0
TASK3_FRAME_CSV=FIXED,525,14318,3,3,32767,598,0,0,0,0,47,901,0,0,0
TASK3_FRAME_CSV=FIXED,526,13947,3,3,32767,671,0,0,0,0,46,803,0,0,0
TASK3_FRAME_CSV=FIXED,527,13436,3,3,32767,669,0,0,0,0,47,761,0,0,0
TASK3_FRAME_CSV=FIXED,528,12784,3,3,32767,639,0,0,0,0,54,505,0,0,0
TASK3_FRAME_CSV=FIXED,529,11994,3,3,32767,661,0,0,0,0,40,517,0,0,0
TASK3_FRAME_CSV=FIXED,530,11072,3,3,32767,615,0,0,0,0,47,776,0,0,0
TASK3_FRAME_CSV=FIXED,531,10026,3,3,32767,581,0,0,0,0,67,540,0,0,0
TASK3_FRAME_CSV=FIXED,532,8869,3,3,13674,622,0,0,0,0,48,799,0,0,0
TASK3_FRAME_CSV=FIXED,533,7615,3,3,5310,523,0,0,0,0,8,695,0,0,0
TASK3_FRAME_CSV=FIXED,534,6283,3,3,1201,1038,0,0,0,0,11,1055,0,0,0
TASK3_FRAME_CSV=FIXED,535,4890,2,2,8711,520,0,0,0,0,10,810,0,0,0
TASK3_FRAME_CSV=FIXED,536,3458,2,2,10526,681,0,0,0,0,75,679,0,0,0
TASK3_FRAME_CSV=FIXED,537,2007,2,2,23087,655,0,0,0,0,9,793,0,0,0
TASK3_FRAME_CSV=FIXED,538,560,2,2,32767,650,0,0,0,0,9,749,0,0,0
TASK3_FRAME_CSV=FIXED,539,-863,2,2,32767,514,0,0,0,0,5,762,0,0,0
TASK3_FRAME_CSV=FIXED,540,-2240,2,2,32767,526,0,0,0,0,8,805,0,0,0
TASK3_FRAME_CSV=FIXED,541,-3553,2,2,19631,525,0,0,0,0,9,890,0,0,0
TASK3_FRAME_CSV=FIXED,542,-4784,2,2,5943,562,0,0,0,0,11,1038,0,0,0
TASK3_FRAME_CSV=FIXED,543,-5918,2,2,6323,853,0,0,0,0,11,1290,0,0,0
TASK3_FRAME_CSV=FIXED,544,-6943,1,1,5636,1082,0,0,0,0,6,784,0,0,0
TASK3_FRAME_CSV=FIXED,545,-7850,1,1,5551,1000,0,0,0,0,50,1050,0,0,0
TASK3_FRAME_CSV=FIXED,546,-8632,1,1,27362,575,0,0,0,0,7,718,0,0,0
TASK3_FRAME_CSV=FIXED,547,-9286,1,1,15024,574,0,0,0,0,10,902,0,0,0
TASK3_FRAME_CSV=FIXED,548,-9813,1,1,32767,580,0,0,0,0,48,939,0,0,0
TASK3_FRAME_CSV=FIXED,549,-10216,1,1,32767,846,0,0,0,0,60,1353,0,0,0
TASK3_FRAME_CSV=FIXED,550,-10503,1,1,29707,523,0,0,0,0,10,678,0,0,0
TASK3_FRAME_CSV=FIXED,551,-10682,1,1,32767,620,0,0,0,0,8,725,0,0,0
TASK3_FRAME_CSV=FIXED,552,-10768,1,1,18831,578,0,0,0,0,8,651,0,0,0
TASK3_FRAME_CSV=FIXED,553,-10772,1,1,25128,814,0,0,0,0,8,783,0,0,0
TASK3_FRAME_CSV=FIXED,554,-10713,1,1,32767,813,0,0,0,0,8,824,0,0,0
TASK3_FRAME_CSV=FIXED,555,-10607,1,1,28487,813,0,0,0,0,10,766,0,0,0
TASK3_FRAME_CSV=FIXED,556,-10471,1,1,32767,811,0,0,0,0,8,765,0,0,0
TASK3_FRAME_CSV=FIXED,557,-10325,1,1,20135,823,0,0,0,0,8,739,0,0,0
TASK3_FRAME_CSV=FIXED,558,-10184,1,1,14989,825,0,0,0,0,8,847,0,0,0
TASK3_FRAME_CSV=FIXED,559,-10067,1,1,26143,819,0,0,0,0,10,836,0,0,0
TASK3_FRAME_CSV=FIXED,560,-9988,1,1,32767,825,0,0,0,0,10,787,0,0,0
TASK3_FRAME_CSV=FIXED,561,-9959,1,1,32767,418,0,0,0,0,10,900,0,0,0
TASK3_FRAME_CSV=FIXED,562,-9992,1,1,21736,415,0,0,0,0,8,677,0,0,0
TASK3_FRAME_CSV=FIXED,563,-10093,1,1,16135,814,0,0,0,0,7,859,0,0,0
TASK3_FRAME_CSV=FIXED,564,-10269,1,1,21280,821,0,0,0,0,9,930,0,0,0
TASK3_FRAME_CSV=FIXED,565,-10521,1,1,32767,817,0,0,0,0,8,846,0,0,0
TASK3_FRAME_CSV=FIXED,566,-10848,1,1,19093,814,0,0,0,0,11,755,0,0,0
TASK3_FRAME_CSV=FIXED,567,-11244,1,1,31871,418,0,0,0,0,10,794,0,0,0
TASK3_FRAME_CSV=FIXED,568,-11702,1,1,32767,619,0,0,0,0,11,836,0,0,0
TASK3_FRAME_CSV=FIXED,569,-12212,1,1,26760,819,0,0,0,0,10,815,0,0,0
TASK3_FRAME_CSV=FIXED,570,-12760,1,1,32767,815,0,0,0,0,60,769,0,0,0
TASK3_FRAME_CSV=FIXED,571,-13332,1,1,18139,817,0,0,0,0,47,842,0,0,0
TASK3_FRAME_CSV=FIXED,572,-13910,1,1,26322,819,0,0,0,0,40,912,0,0,0
TASK3_FRAME_CSV=FIXED,573,-14476,1,1,32767,628,0,0,0,0,9,777,0,0,0
TASK3_FRAME_CSV=FIXED,574,-15011,1,1,29901,815,0,0,0,0,8,864,0,0,0
TASK3_FRAME_CSV=FIXED,575,-15497,1,1,32767,817,0,0,0,0,9,868,0,0,0
TASK3_FRAME_CSV=FIXED,576,-15913,1,1,32767,418,0,0,0,0,14,742,0,0,0
TASK3_FRAME_CSV=FIXED,577,-16244,1,1,23870,817,0,0,0,0,8,724,0,0,0
TASK3_FRAME_CSV=FIXED,578,-16471,1,1,32767,822,0,0,0,0,7,818,0,0,0
TASK3_FRAME_CSV=FIXED,579,-16581,1,1,27747,416,0,0,0,0,69,782,0,0,0
TASK3_FRAME_CSV=FIXED,580,-16562,1,1,32767,822,0,0,0,0,10,907,0,0,0
TASK3_FRAME_CSV=FIXED,581,-16405,1,1,22744,825,0,0,0,0,9,884,0,0,0
TASK3_FRAME_CSV=FIXED,582,-16103,1,1,32767,826,0,0,0,0,8,834,0,0,0
TASK3_FRAME_CSV=FIXED,583,-15654,1,1,17745,839,0,0,0,0,8,807,0,0,0
TASK3_FRAME_CSV=FIXED,584,-15057,1,1,32767,942,0,0,0,0,6,851,0,0,0
TASK3_FRAME_CSV=FIXED,585,-14318,1,1,32273,938,0,0,0,0,7,795,0,0,0
TASK3_FRAME_CSV=FIXED,586,-13443,1,1,32767,476,0,0,0,0,9,806,0,0,0
TASK3_FRAME_CSV=FIXED,587,-12442,1,1,32767,947,0,0,0,0,11,857,0,0,0
TASK3_FRAME_CSV=FIXED,588,-11330,1,1,23773,821,0,0,0,0,9,840,0,0,0
TASK3_FRAME_CSV=FIXED,589,-10120,1,1,32767,819,0,0,0,0,7,758,0,0,0
TASK3_FRAME_CSV=FIXED,590,-8833,1,1,19344,819,0,0,0,0,10,840,0,0,0
TASK3_FRAME_CSV=FIXED,591,-7486,1,1,23885,818,0,0,0,0,7,721,0,0,0
TASK3_FRAME_CSV=FIXED,592,-6101,1,1,5076,805,0,0,0,0,7,659,0,0,0
TASK3_FRAME_CSV=FIXED,593,-4700,2,2,10579,410,0,0,0,0,9,717,0,0,0
TASK3_FRAME_CSV=FIXED,594,-3303,2,2,32767,799,0,0,0,0,8,696,0,0,0
TASK3_FRAME_CSV=FIXED,595,-1932,2,2,28716,404,0,0,0,0,151,877,0,0,0
TASK3_FRAME_CSV=FIXED,596,-606,2,2,25631,406,0,0,0,0,8,620,0,0,0
TASK3_FRAME_CSV=FIXED,597,656,2,2,13084,404,0,0,0,0,10,850,0,0,0
TASK3_FRAME_CSV=FIXED,598,1838,2,2,32767,403,0,0,0,0,3,450,0,0,0
TASK3_FRAME_CSV=FIXED,599,2927,2,2,11062,408,0,0,0,0,10,798,0,0,0
TASK3_FRAME_CSV=AI,0,0,2,2,21649,399,0,0,0,0,16,203,0,0,0
TASK3_FRAME_CSV=AI,1,1461,2,2,16624,484,0,0,0,0,10,899,0,0,0
TASK3_FRAME_CSV=AI,2,2900,2,2,32767,646,0,0,0,0,11,1038,0,0,0
TASK3_FRAME_CSV=AI,3,4297,2,2,18314,646,0,0,0,0,11,821,0,0,0
TASK3_FRAME_CSV=AI,4,5632,2,2,1255,653,0,0,0,0,11,1309,0,0,0
TASK3_FRAME_CSV=AI,5,6885,3,3,6864,652,0,0,1000,4000,71,1154,0,0,0
TASK3_FRAME_CSV=AI,6,8041,3,3,20365,646,0,0,1000,8000,10,961,0,0,0
TASK3_FRAME_CSV=AI,7,9087,3,3,32767,956,0,0,750,11000,8,875,0,0,0
TASK3_FRAME_CSV=AI,8,10011,3,3,32767,635,0,0,562,13248,9,1072,0,0,0
TASK3_FRAME_CSV=AI,9,10806,3,3,32767,891,0,0,422,14936,85,999,0,0,0
TASK3_FRAME_CSV=AI,10,11468,3,3,16663,953,0,0,316,16200,88,1102,0,0,0
TASK3_FRAME_CSV=AI,11,11994,3,3,32767,1084,0,0,237,17148,41,592,0,0,0
TASK3_FRAME_CSV=AI,12,12388,3,3,32767,654,0,0,178,17860,84,1099,0,0,0
TASK3_FRAME_CSV=AI,13,12656,3,3,32767,632,0,0,133,18392,18,418,0,0,0
TASK3_FRAME_CSV=AI,14,12805,3,3,32767,645,0,0,100,18792,52,1151,0,0,0
TASK3_FRAME_CSV=AI,15,12847,3,3,32767,662,0,0,75,19092,3,558,0,0,0
TASK3_FRAME_CSV=AI,16,12795,3,3,32767,2024,0,0,56,19316,32,481,0,0,0
TASK3_FRAME_CSV=AI,17,12665,3,3,17138,1968,0,0,42,19484,10,812,0,0,0
TASK3_FRAME_CSV=AI,18,12474,3,3,23403,1561,0,0,32,19612,85,1361,0,0,0
TASK3_FRAME_CSV=AI,19,12241,3,3,32767,1646,0,0,24,19708,45,809,0,0,0
TASK3_FRAME_CSV=AI,20,11982,3,3,32767,1053,0,0,18,19780,81,911,0,0,0
TASK3_FRAME_CSV=AI,21,11717,3,3,32767,715,0,0,13,19832,65,928,0,0,0
TASK3_FRAME_CSV=AI,22,11463,3,3,32767,628,0,0,10,19872,48,468,0,0,0
TASK3_FRAME_CSV=AI,23,11236,3,3,25140,1036,0,0,8,19904,53,733,0,0,0
TASK3_FRAME_CSV=AI,24,11050,3,3,32767,637,0,0,6,19928,55,883,0,0,0
TASK3_FRAME_CSV=AI,25,10917,3,3,24256,629,0,0,4,19944,11,923,0,0,0
TASK3_FRAME_CSV=AI,26,10848,3,3,21493,635,0,0,3,19956,10,942,0,0,0
TASK3_FRAME_CSV=AI,27,10848,3,3,20190,1044,0,0,2,19964,11,849,0,0,0
TASK3_FRAME_CSV=AI,28,10921,3,3,23687,1106,0,0,2,19972,48,795,0,0,0
TASK3_FRAME_CSV=AI,29,11069,3,3,32767,1075,0,0,1,19976,8,763,0,0,0
TASK3_FRAME_CSV=AI,30,11288,3,3,32767,644,0,0,1,19980,11,1116,0,0,0
TASK3_FRAME_CSV=AI,31,11573,3,3,32767,535,0,0,1,19984,66,927,0,0,0
TASK3_FRAME_CSV=AI,32,11915,3,3,32767,531,0,0,1,19988,48,924,0,0,0
TASK3_FRAME_CSV=AI,33,12302,3,3,22414,532,0,0,0,19988,48,924,0,0,0
TASK3_FRAME_CSV=AI,34,12721,3,3,32767,530,0,0,0,19988,50,920,0,0,0
TASK3_FRAME_CSV=AI,35,13156,3,3,31125,1054,0,0,0,19988,11,831,0,0,0
TASK3_FRAME_CSV=AI,36,13590,3,3,32767,541,0,0,0,19988,8,829,0,0,0
TASK3_FRAME_CSV=AI,37,14004,3,3,32767,526,0,0,0,19988,10,745,0,0,0
TASK3_FRAME_CSV=AI,38,14379,3,3,20973,1041,0,0,0,19988,9,868,0,0,0
TASK3_FRAME_CSV=AI,39,14698,3,3,32767,1058,0,0,0,19988,44,457,0,0,0
TASK3_FRAME_CSV=AI,40,14941,3,3,32767,529,0,0,0,19988,8,886,0,0,0
TASK3_FRAME_CSV=AI,41,15093,3,3,32767,641,0,0,0,19988,9,1037,0,0,0
TASK3_FRAME_CSV=AI,42,15138,3,3,26390,686,0,0,0,19988,46,944,0,0,0
TASK3_FRAME_CSV=AI,43,15063,3,3,32767,636,0,0,0,19988,59,1110,0,0,0
TASK3_FRAME_CSV=AI,44,14859,3,3,32767,655,0,0,0,19988,49,1126,0,0,0
TASK3_FRAME_CSV=AI,45,14517,3,3,32767,659,0,0,0,19988,8,720,0,0,0
TASK3_FRAME_CSV=AI,46,14033,3,3,22983,678,0,0,0,19988,85,1145,0,0,0
TASK3_FRAME_CSV=AI,47,13407,3,3,22815,1011,0,0,0,19988,90,922,0,0,0
TASK3_FRAME_CSV=AI,48,12641,3,3,32767,628,0,0,0,19988,58,1105,0,0,0
TASK3_FRAME_CSV=AI,49,11741,3,3,32767,644,0,0,0,19988,2,458,0,0,0
TASK3_FRAME_CSV=AI,50,10716,3,3,28501,633,0,0,0,19988,55,934,0,0,0
TASK3_FRAME_CSV=AI,51,9578,3,3,18566,651,0,0,0,19988,56,932,0,0,0
TASK3_FRAME_CSV=AI,52,8341,3,3,15006,638,0,0,0,19988,55,974,0,0,0
TASK3_FRAME_CSV=AI,53,7023,3,3,16534,1045,0,0,0,19988,56,851,0,0,0
TASK3_FRAME_CSV=AI,54,5643,2,2,9041,631,0,0,-1000,15988,92,961,0,0,0
TASK3_FRAME_CSV=AI,55,4222,2,2,11628,629,0,0,-999,11992,48,455,0,0,0
TASK3_FRAME_CSV=AI,56,2779,2,2,32268,967,0,0,-749,8996,10,958,0,0,0
TASK3_FRAME_CSV=AI,57,1339,2,2,13048,1305,0,0,-562,6748,47,998,0,0,0
TASK3_FRAME_CSV=AI,58,-80,2,2,16992,526,0,0,-421,5064,63,1200,0,0,0
TASK3_FRAME_CSV=AI,59,-1455,2,2,27686,643,0,0,-316,3800,56,875,0,0,0
TASK3_FRAME_CSV=AI,60,-2768,2,2,27810,629,0,0,-237,2852,82,1162,0,0,0
TASK3_FRAME_CSV=AI,61,-4001,2,2,13311,634,0,0,-178,2140,111,982,0,0,0
TASK3_FRAME_CSV=AI,62,-5140,2,2,3211,635,0,0,-133,1608,109,1189,0,0,0
TASK3_FRAME_CSV=AI,63,-6171,1,1,1098,532,0,0,-1000,-2392,38,861,0,0,0
TASK3_FRAME_CSV=AI,64,-7086,1,1,7596,634,0,0,-1000,-6392,11,1025,0,0,0
TASK3_FRAME_CSV=AI,65,-7879,1,1,6665,1020,0,0,-850,-9792,85,985,0,0,0
TASK3_FRAME_CSV=AI,66,-8545,1,1,27514,632,0,0,-638,-12344,11,1048,0,0,0
TASK3_FRAME_CSV=AI,67,-9087,1,1,25114,1048,0,0,-478,-14256,11,939,0,0,0
TASK3_FRAME_CSV=AI,68,-9507,1,1,32767,643,0,0,-359,-15692,10,852,0,0,0
TASK3_FRAME_CSV=AI,69,-9813,1,1,22939,1032,0,0,-269,-16768,4,558,0,0,0
TASK3_FRAME_CSV=AI,70,-10013,1,1,18543,986,0,0,-202,-17576,11,974,0,0,0
TASK3_FRAME_CSV=AI,71,-10120,1,1,31427,1008,0,0,-151,-18180,11,1021,0,0,0
TASK3_FRAME_CSV=AI,72,-10149,1,1,12925,636,0,0,-113,-18632,9,971,0,0,0
TASK3_FRAME_CSV=AI,73,-10116,1,1,32767,1003,0,0,-85,-18972,11,993,0,0,0
TASK3_FRAME_CSV=AI,74,-10037,1,1,32767,1035,0,0,-64,-19228,79,1054,0,0,0
TASK3_FRAME_CSV=AI,75,-9931,1,1,15181,1035,0,0,-48,-19420,11,858,0,0,0
TASK3_FRAME_CSV=AI,76,-9815,1,1,32767,1010,0,0,-36,-19564,11,701,0,0,0
TASK3_FRAME_CSV=AI,77,-9706,1,1,32767,519,0,0,-27,-19672,11,995,0,0,0
TASK3_FRAME_CSV=AI,78,-9622,1,1,8271,666,0,0,-20,-19752,86,938,0,0,0
TASK3_FRAME_CSV=AI,79,-9577,1,1,25149,1032,0,0,-15,-19812,70,564,0,0,0
TASK3_FRAME_CSV=AI,80,-9584,1,1,32767,985,0,0,-11,-19856,85,1024,0,0,0
TASK3_FRAME_CSV=AI,81,-9654,1,1,20597,639,0,0,-9,-19892,10,976,0,0,0
TASK3_FRAME_CSV=AI,82,-9793,1,1,22590,630,0,0,-6,-19916,10,1073,0,0,0
TASK3_FRAME_CSV=AI,83,-10007,1,1,13923,1041,0,0,-5,-19936,10,827,0,0,0
TASK3_FRAME_CSV=AI,84,-10298,1,1,32767,542,0,0,-4,-19952,11,1095,0,0,0
TASK3_FRAME_CSV=AI,85,-10664,1,1,19359,639,0,0,-3,-19964,81,1086,0,0,0
TASK3_FRAME_CSV=AI,86,-11101,1,1,32767,552,0,0,-2,-19972,4,695,0,0,0
TASK3_FRAME_CSV=AI,87,-11599,1,1,22319,632,0,0,-1,-19976,9,1470,0,0,0
TASK3_FRAME_CSV=AI,88,-12150,1,1,32767,529,0,0,-1,-19980,9,804,0,0,0
TASK3_FRAME_CSV=AI,89,-12740,1,1,32767,560,0,0,-1,-19984,42,675,0,0,0
TASK3_FRAME_CSV=AI,90,-13352,1,1,32767,634,0,0,-1,-19988,85,1119,0,0,0
TASK3_FRAME_CSV=AI,91,-13972,1,1,32767,644,0,0,0,-19988,82,903,0,0,0
TASK3_FRAME_CSV=AI,92,-14579,1,1,32767,653,0,0,0,-19988,101,1207,0,0,0
TASK3_FRAME_CSV=AI,93,-15155,1,1,32767,636,0,0,0,-19988,82,1210,0,0,0
TASK3_FRAME_CSV=AI,94,-15680,1,1,32767,632,0,0,0,-19988,44,456,0,0,0
TASK3_FRAME_CSV=AI,95,-16136,1,1,32767,641,0,0,0,-19988,82,960,0,0,0
TASK3_FRAME_CSV=AI,96,-16506,1,1,21077,1020,0,0,0,-19988,2,561,0,0,0
TASK3_FRAME_CSV=AI,97,-16771,1,1,27320,670,0,0,0,-19988,82,838,0,0,0
TASK3_FRAME_CSV=AI,98,-16919,1,1,32767,629,0,0,0,-19988,3,593,0,0,0
TASK3_FRAME_CSV=AI,99,-16937,1,1,22257,1040,0,0,0,-19988,73,637,0,0,0
TASK3_FRAME_CSV=AI,100,-16815,1,1,24136,1008,0,0,0,-19988,5,770,0,0,0
TASK3_FRAME_CSV=AI,101,-16548,1,1,32767,981,0,0,0,-19988,12,888,0,0,0
TASK3_FRAME_CSV=AI,102,-16132,1,1,19376,633,0,0,0,-19988,70,886,0,0,0
TASK3_FRAME_CSV=AI,103,-15567,1,1,23252,1013,0,0,0,-19988,64,614,0,0,0
TASK3_FRAME_CSV=AI,104,-14859,1,1,32767,634,0,0,0,-19988,67,568,0,0,0
TASK3_FRAME_CSV=AI,105,-14013,1,1,32767,1006,0,0,0,-19988,78,750,0,0,0
TASK3_FRAME_CSV=AI,106,-13040,1,1,31717,628,0,0,0,-19988,73,613,0,0,0
TASK3_FRAME_CSV=AI,107,-11953,1,1,32767,995,0,0,0,-19988,11,942,0,0,0
TASK3_FRAME_CSV=AI,108,-10768,1,1,26137,977,0,0,0,-19988,80,896,0,0,0
TASK3_FRAME_CSV=AI,109,-9502,1,1,22427,529,0,0,0,-19988,9,946,0,0,0
TASK3_FRAME_CSV=AI,110,-8176,1,1,18623,976,0,0,0,-19988,83,936,0,0,0
TASK3_FRAME_CSV=AI,111,-6810,1,1,6455,974,0,0,0,-19988,11,956,0,0,0
TASK3_FRAME_CSV=AI,112,-5425,2,2,5146,1025,0,0,1000,-15988,80,961,0,0,0
TASK3_FRAME_CSV=AI,113,-4043,2,2,12920,628,0,0,999,-11992,47,965,0,0,0
TASK3_FRAME_CSV=AI,114,-2684,2,2,32767,530,0,0,749,-8996,46,870,0,0,0
TASK3_FRAME_CSV=AI,115,-1369,2,2,32767,528,0,0,562,-6748,50,1033,0,0,0
TASK3_FRAME_CSV=AI,116,-116,2,2,31113,523,0,0,421,-5064,8,805,0,0,0
TASK3_FRAME_CSV=AI,117,1060,2,2,16439,530,0,0,316,-3800,90,937,0,0,0
TASK3_FRAME_CSV=AI,118,2144,2,2,20183,527,0,0,237,-2852,9,640,0,0,0
TASK3_FRAME_CSV=AI,119,3125,2,2,10837,526,0,0,178,-2140,42,481,0,0,0
TASK3_FRAME_CSV=AI,120,3996,2,2,8812,983,0,0,133,-1608,9,959,0,0,0
TASK3_FRAME_CSV=AI,121,4753,2,2,16693,984,0,0,100,-1208,9,754,0,0,0
TASK3_FRAME_CSV=AI,122,5393,2,2,11168,1020,0,0,75,-908,10,842,0,0,0
TASK3_FRAME_CSV=AI,123,5918,2,3,7070,969,0,0,1000,3092,11,957,0,0,0
TASK3_FRAME_CSV=AI,124,6335,3,3,11164,943,0,0,1000,7092,8,900,0,0,0
TASK3_FRAME_CSV=AI,125,6650,3,3,4378,634,0,0,806,10316,97,1421,0,0,0
TASK3_FRAME_CSV=AI,126,6875,3,3,6356,634,0,0,605,12736,11,891,0,0,0
TASK3_FRAME_CSV=AI,127,7023,3,3,8320,638,0,0,454,14552,83,1050,0,0,0
TASK3_FRAME_CSV=AI,128,7109,3,3,15534,949,0,0,340,15912,10,979,0,0,0
TASK3_FRAME_CSV=AI,129,7149,3,3,14192,634,0,0,255,16932,3,434,0,0,0
TASK3_FRAME_CSV=AI,130,7161,3,3,7396,629,0,0,191,17696,80,1048,0,0,0
TASK3_FRAME_CSV=AI,131,7162,3,3,11971,605,0,0,144,18272,59,957,0,0,0
TASK3_FRAME_CSV=AI,132,7169,3,3,6468,634,0,0,108,18704,106,1239,0,0,0
TASK3_FRAME_CSV=AI,133,7200,3,3,13077,638,0,0,81,19028,105,983,0,0,0
TASK3_FRAME_CSV=AI,134,7269,3,3,6304,639,0,0,60,19268,10,1032,0,0,0
TASK3_FRAME_CSV=AI,135,7391,3,3,6502,640,0,0,45,19448,103,1084,0,0,0
TASK3_FRAME_CSV=AI,136,7575,3,3,8877,698,0,0,34,19584,10,1199,0,0,0
TASK3_FRAME_CSV=AI,137,7833,3,3,17849,637,0,0,26,19688,164,1514,0,0,0
TASK3_FRAME_CSV=AI,138,8168,3,3,25644,522,0,0,19,19764,6,567,0,0,0
TASK3_FRAME_CSV=AI,139,8584,3,3,11447,548,0,0,14,19820,8,766,0,0,0
TASK3_FRAME_CSV=AI,140,9080,3,3,12400,890,0,0,11,19864,82,1042,0,0,0
TASK3_FRAME_CSV=AI,141,9654,3,3,32767,980,0,0,8,19896,5,726,0,0,0
TASK3_FRAME_CSV=AI,142,10297,3,3,32767,937,0,0,6,19920,10,770,0,0,0
TASK3_FRAME_CSV=AI,143,11001,3,3,32767,984,0,0,5,19940,9,916,0,0,0
TASK3_FRAME_CSV=AI,144,11753,3,3,32767,977,0,0,3,19952,36,564,0,0,0
TASK3_FRAME_CSV=AI,145,12538,3,3,21355,980,0,0,3,19964,57,535,0,0,0
TASK3_FRAME_CSV=AI,146,13340,3,3,32767,637,0,0,2,19972,90,782,0,0,0
TASK3_FRAME_CSV=AI,147,14139,3,3,24204,656,0,0,1,19976,47,960,0,0,0
TASK3_FRAME_CSV=AI,148,14918,3,3,32767,985,0,0,1,19980,4,540,0,0,0
TASK3_FRAME_CSV=AI,149,15655,3,3,32767,624,0,0,1,19984,4,617,0,0,0
TASK3_FRAME_CSV=AI,150,16333,3,3,32767,673,0,0,1,19988,106,1035,0,0,0
TASK3_FRAME_CSV=AI,151,16930,3,3,32767,939,0,0,0,19988,45,948,0,0,0
TASK3_FRAME_CSV=AI,152,17431,3,3,32767,960,0,0,0,19988,32,482,0,0,0
TASK3_FRAME_CSV=AI,153,17818,3,3,32767,950,0,0,0,19988,46,951,0,0,0
TASK3_FRAME_CSV=AI,154,18078,3,3,32767,932,0,0,0,19988,88,982,0,0,0
TASK3_FRAME_CSV=AI,155,18200,3,3,32767,529,0,0,0,19988,91,998,0,0,0
TASK3_FRAME_CSV=AI,156,18176,3,3,32767,633,0,0,0,19988,11,1131,0,0,0
TASK3_FRAME_CSV=AI,157,18000,3,3,32767,968,0,0,0,19988,78,1130,0,0,0
TASK3_FRAME_CSV=AI,158,17671,3,3,32767,1001,0,0,0,19988,49,511,0,0,0
TASK3_FRAME_CSV=AI,159,17190,3,3,32767,1011,0,0,0,19988,68,489,0,0,0
TASK3_FRAME_CSV=AI,160,16562,3,3,32767,924,0,0,0,19988,9,894,0,0,0
TASK3_FRAME_CSV=AI,161,15796,3,3,32767,935,0,0,0,19988,11,1023,0,0,0
TASK3_FRAME_CSV=AI,162,14903,3,3,32767,929,0,0,0,19988,9,877,0,0,0
TASK3_FRAME_CSV=AI,163,13897,3,3,32767,927,0,0,0,19988,8,782,0,0,0
TASK3_FRAME_CSV=AI,164,12795,3,3,32767,918,0,0,0,19988,9,721,0,0,0
TASK3_FRAME_CSV=AI,165,11615,3,3,22678,630,0,0,0,19988,9,836,0,0,0
TASK3_FRAME_CSV=AI,166,10376,3,3,32767,928,0,0,0,19988,10,953,0,0,0
TASK3_FRAME_CSV=AI,167,9101,3,3,18854,646,0,0,0,19988,9,997,0,0,0
TASK3_FRAME_CSV=AI,168,7809,3,3,12407,650,0,0,0,19988,46,679,0,0,0
TASK3_FRAME_CSV=AI,169,6522,3,3,4095,630,0,0,0,19988,2,424,0,0,0
TASK3_FRAME_CSV=AI,170,5260,2,2,329,635,0,0,-1000,15988,11,963,0,0,0
TASK3_FRAME_CSV=AI,171,4042,2,2,12908,531,0,0,-999,11992,10,950,0,0,0
TASK3_FRAME_CSV=AI,172,2885,2,2,18944,624,0,0,-749,8996,10,1138,0,0,0
TASK3_FRAME_CSV=AI,173,1804,2,2,32767,627,0,0,-562,6748,9,1074,0,0,0
TASK3_FRAME_CSV=AI,174,811,2,2,15269,630,0,0,-421,5064,64,1027,0,0,0
TASK3_FRAME_CSV=AI,175,-85,2,2,32767,602,0,0,-316,3800,9,1363,0,0,0
TASK3_FRAME_CSV=AI,176,-878,2,2,21986,946,0,0,-237,2852,10,1042,0,0,0
TASK3_FRAME_CSV=AI,177,-1564,2,2,16544,636,0,0,-178,2140,80,1222,0,0,0
TASK3_FRAME_CSV=AI,178,-2144,2,2,17185,626,0,0,-133,1608,58,1112,0,0,0
TASK3_FRAME_CSV=AI,179,-2621,2,2,20407,630,0,0,-100,1208,3,471,0,0,0
TASK3_FRAME_CSV=AI,180,-3003,2,2,13743,593,0,0,-75,908,9,1307,0,0,0
TASK3_FRAME_CSV=AI,181,-3298,2,2,32767,635,0,0,-56,684,55,914,0,0,0
TASK3_FRAME_CSV=AI,182,-3519,2,2,12325,641,0,0,-42,516,98,1078,0,0,0
TASK3_FRAME_CSV=AI,183,-3679,2,2,15847,636,0,0,-32,388,60,1075,0,0,0
TASK3_FRAME_CSV=AI,184,-3795,2,2,9191,633,0,0,-24,292,56,995,0,0,0
TASK3_FRAME_CSV=AI,185,-3882,2,2,8187,926,0,0,-18,220,44,466,0,0,0
TASK3_FRAME_CSV=AI,186,-3959,2,2,32767,654,0,0,-13,168,11,874,0,0,0
TASK3_FRAME_CSV=AI,187,-4043,2,2,10338,646,0,0,-10,128,81,986,0,0,0
TASK3_FRAME_CSV=AI,188,-4150,2,2,18507,989,0,0,-8,96,43,474,0,0,0
TASK3_FRAME_CSV=AI,189,-4297,2,2,10053,970,0,0,-6,72,68,488,0,0,0
TASK3_FRAME_CSV=AI,190,-4497,2,2,10091,895,0,0,-4,56,90,1099,0,0,0
TASK3_FRAME_CSV=AI,191,-4763,2,2,12776,523,0,0,-3,44,3,640,0,0,0
TASK3_FRAME_CSV=AI,192,-5105,2,2,10388,896,0,0,-2,36,8,936,0,0,0
TASK3_FRAME_CSV=AI,193,-5530,2,2,4464,659,0,0,-2,28,49,1107,0,0,0
TASK3_FRAME_CSV=AI,194,-6041,1,2,3297,886,0,0,-1,24,46,891,0,0,0
TASK3_FRAME_CSV=AI,195,-6639,1,1,5981,898,0,0,-1000,-3976,46,891,0,0,0
TASK3_FRAME_CSV=AI,196,-7323,1,1,14506,886,0,0,-1000,-7976,10,607,0,0,0
TASK3_FRAME_CSV=AI,197,-8085,1,1,5144,644,0,0,-751,-10980,45,907,0,0,0
TASK3_FRAME_CSV=AI,198,-8919,1,1,32767,883,0,0,-563,-13232,9,827,0,0,0
TASK3_FRAME_CSV=AI,199,-9812,1,1,16293,926,0,0,-423,-14924,44,417,0,0,0
TASK3_FRAME_CSV=AI,200,-10750,1,1,32767,880,0,0,-317,-16192,11,975,0,0,0
TASK3_FRAME_CSV=AI,201,-11717,1,1,32767,881,0,0,-238,-17144,106,1013,0,0,0
TASK3_FRAME_CSV=AI,202,-12695,1,1,31860,878,0,0,-178,-17856,12,990,0,0,0
TASK3_FRAME_CSV=AI,203,-13664,1,1,32767,631,0,0,-134,-18392,2,375,0,0,0
TASK3_FRAME_CSV=AI,204,-14605,1,1,31927,880,0,0,-100,-18792,54,847,0,0,0
TASK3_FRAME_CSV=AI,205,-15497,1,1,32767,638,0,0,-75,-19092,45,913,0,0,0
TASK3_FRAME_CSV=AI,206,-16320,1,1,32767,917,0,0,-56,-19316,79,963,0,0,0
TASK3_FRAME_CSV=AI,207,-17055,1,1,32767,873,0,0,-42,-19484,43,853,0,0,0
TASK3_FRAME_CSV=AI,208,-17686,1,1,22237,859,0,0,-32,-19612,47,841,0,0,0
TASK3_FRAME_CSV=AI,209,-18195,1,1,32767,526,0,0,-24,-19708,10,842,0,0,0
TASK3_FRAME_CSV=AI,210,-18572,1,1,27559,634,0,0,-18,-19780,3,713,0,0,0
TASK3_FRAME_CSV=AI,211,-18804,1,1,21263,639,0,0,-13,-19832,85,1101,0,0,0
TASK3_FRAME_CSV=AI,212,-18885,1,1,32767,630,0,0,-10,-19872,81,1065,0,0,0
TASK3_FRAME_CSV=AI,213,-18812,1,1,32767,594,0,0,-8,-19904,51,1025,0,0,0
TASK3_FRAME_CSV=AI,214,-18582,1,1,32767,636,0,0,-6,-19928,12,1416,0,0,0
TASK3_FRAME_CSV=AI,215,-18200,1,1,32767,632,0,0,-4,-19944,84,1207,0,0,0
TASK3_FRAME_CSV=AI,216,-17672,1,1,31461,674,0,0,-3,-19956,11,1359,0,0,0
TASK3_FRAME_CSV=AI,217,-17006,1,1,22222,864,0,0,-2,-19964,9,837,0,0,0
TASK3_FRAME_CSV=AI,218,-16216,1,1,32767,677,0,0,-2,-19972,48,1016,0,0,0
TASK3_FRAME_CSV=AI,219,-15316,1,1,32767,519,0,0,-1,-19976,57,480,0,0,0
TASK3_FRAME_CSV=AI,220,-14323,1,1,22575,676,0,0,-1,-19980,11,1128,0,0,0
TASK3_FRAME_CSV=AI,221,-13256,1,1,32767,640,0,0,-1,-19984,86,974,0,0,0
TASK3_FRAME_CSV=AI,222,-12135,1,1,22705,662,0,0,-1,-19988,81,1090,0,0,0
TASK3_FRAME_CSV=AI,223,-10981,1,1,32767,668,0,0,0,-19988,87,1000,0,0,0
TASK3_FRAME_CSV=AI,224,-9815,1,1,32767,634,0,0,0,-19988,83,1030,0,0,0
TASK3_FRAME_CSV=AI,225,-8656,1,1,32767,785,0,0,0,-19988,83,1058,0,0,0
TASK3_FRAME_CSV=AI,226,-7524,1,1,32767,663,0,0,0,-19988,47,1001,0,0,0
TASK3_FRAME_CSV=AI,227,-6437,1,1,16048,661,0,0,0,-19988,9,1333,0,0,0
TASK3_FRAME_CSV=AI,228,-5411,2,2,7326,645,0,0,1000,-15988,40,528,0,0,0
TASK3_FRAME_CSV=AI,229,-4458,2,2,15106,907,0,0,999,-11992,10,712,0,0,0
TASK3_FRAME_CSV=AI,230,-3590,2,2,18573,527,0,0,749,-8996,45,629,0,0,0
TASK3_FRAME_CSV=AI,231,-2813,2,2,14011,535,0,0,562,-6748,50,904,0,0,0
TASK3_FRAME_CSV=AI,232,-2133,2,2,22413,528,0,0,421,-5064,11,758,0,0,0
TASK3_FRAME_CSV=AI,233,-1551,2,2,30084,489,0,0,316,-3800,9,683,0,0,0
TASK3_FRAME_CSV=AI,234,-1064,2,2,20486,881,0,0,237,-2852,80,808,0,0,0
TASK3_FRAME_CSV=AI,235,-666,2,2,12875,888,0,0,178,-2140,33,572,0,0,0
TASK3_FRAME_CSV=AI,236,-351,2,2,32767,924,0,0,133,-1608,50,763,0,0,0
TASK3_FRAME_CSV=AI,237,-107,2,2,32767,847,0,0,100,-1208,10,879,0,0,0
TASK3_FRAME_CSV=AI,238,80,2,2,21439,859,0,0,75,-908,83,1025,0,0,0
TASK3_FRAME_CSV=AI,239,223,2,2,29750,535,0,0,56,-684,10,883,0,0,0
TASK3_FRAME_CSV=AI,240,339,2,2,31764,878,0,0,42,-516,80,968,0,0,0
TASK3_FRAME_CSV=AI,241,446,2,2,22553,843,0,0,32,-388,84,1038,0,0,0
TASK3_FRAME_CSV=AI,242,560,2,2,15070,535,0,0,24,-292,81,955,0,0,0
TASK3_FRAME_CSV=AI,243,699,2,2,32767,845,0,0,18,-220,81,1038,0,0,0
TASK3_FRAME_CSV=AI,244,879,2,2,18816,641,0,0,13,-168,47,868,0,0,0
TASK3_FRAME_CSV=AI,245,1115,2,2,32767,534,0,0,10,-128,79,977,0,0,0
TASK3_FRAME_CSV=AI,246,1419,2,2,32767,826,0,0,8,-96,11,979,0,0,0
TASK3_FRAME_CSV=AI,247,1804,2,2,20225,837,0,0,6,-72,8,1023,0,0,0
TASK3_FRAME_CSV=AI,248,2276,2,2,13432,862,0,0,4,-56,80,912,0,0,0
TASK3_FRAME_CSV=AI,249,2842,2,2,13409,528,0,0,3,-44,55,898,0,0,0
TASK3_FRAME_CSV=AI,250,3504,2,2,30028,826,0,0,2,-36,47,890,0,0,0
TASK3_FRAME_CSV=AI,251,4259,2,2,14208,760,0,0,2,-28,45,929,0,0,0
TASK3_FRAME_CSV=AI,252,5105,2,2,5093,734,0,0,1,-24,10,1314,0,0,0
TASK3_FRAME_CSV=AI,253,6034,3,2,4456,635,0,0,1,-20,10,993,0,0,0
TASK3_FRAME_CSV=AI,254,7034,3,3,4429,756,0,0,1000,3980,81,958,0,0,0
TASK3_FRAME_CSV=AI,255,8094,3,3,17777,596,0,0,1000,7980,62,959,0,0,0
TASK3_FRAME_CSV=AI,256,9196,3,3,32767,614,0,0,751,10984,10,1065,0,0,0
TASK3_FRAME_CSV=AI,257,10325,3,3,24345,603,0,0,563,13236,18,1246,0,0,0
TASK3_FRAME_CSV=AI,258,11459,3,3,32767,627,0,0,422,14924,5,719,0,0,0
TASK3_FRAME_CSV=AI,259,12580,3,3,24483,529,0,0,317,16192,9,742,0,0,0
TASK3_FRAME_CSV=AI,260,13666,3,3,32767,593,0,0,238,17144,48,1048,0,0,0
TASK3_FRAME_CSV=AI,261,14698,3,3,32767,639,0,0,178,17856,84,1090,0,0,0
TASK3_FRAME_CSV=AI,262,15654,3,3,32767,629,0,0,134,18392,55,1116,0,0,0
TASK3_FRAME_CSV=AI,263,16517,3,3,32767,683,0,0,100,18792,83,972,0,0,0
TASK3_FRAME_CSV=AI,264,17269,3,3,32767,630,0,0,75,19092,69,552,0,0,0
TASK3_FRAME_CSV=AI,265,17895,3,3,32767,625,0,0,56,19316,71,753,0,0,0
TASK3_FRAME_CSV=AI,266,18384,3,3,32767,899,0,0,42,19484,40,408,0,0,0
TASK3_FRAME_CSV=AI,267,18726,3,3,28185,654,0,0,32,19612,69,689,0,0,0
TASK3_FRAME_CSV=AI,268,18914,3,3,32767,519,0,0,24,19708,91,425,0,0,0
TASK3_FRAME_CSV=AI,269,18947,3,3,32767,527,0,0,18,19780,8,672,0,0,0
TASK3_FRAME_CSV=AI,270,18825,3,3,32767,627,0,0,13,19832,2,437,0,0,0
TASK3_FRAME_CSV=AI,271,18551,3,3,26246,644,0,0,10,19872,105,1097,0,0,0
TASK3_FRAME_CSV=AI,272,18134,3,3,32767,841,0,0,8,19904,2,470,0,0,0
TASK3_FRAME_CSV=AI,273,17583,3,3,32767,839,0,0,6,19928,35,476,0,0,0
TASK3_FRAME_CSV=AI,274,16912,3,3,32767,815,0,0,4,19944,5,624,0,0,0
TASK3_FRAME_CSV=AI,275,16136,3,3,32767,629,0,0,3,19956,66,664,0,0,0
TASK3_FRAME_CSV=AI,276,15274,3,3,32767,627,0,0,2,19964,72,733,0,0,0
TASK3_FRAME_CSV=AI,277,14343,3,3,32767,582,0,0,2,19972,10,1071,0,0,0
TASK3_FRAME_CSV=AI,278,13364,3,3,32767,835,0,0,1,19976,9,877,0,0,0
TASK3_FRAME_CSV=AI,279,12357,3,3,32767,533,0,0,1,19980,8,714,0,0,0
TASK3_FRAME_CSV=AI,280,11343,3,3,16815,667,0,0,1,19984,84,952,0,0,0
TASK3_FRAME_CSV=AI,281,10340,3,3,24252,833,0,0,1,19988,81,897,0,0,0
TASK3_FRAME_CSV=AI,282,9367,3,3,20925,805,0,0,0,19988,10,863,0,0,0
TASK3_FRAME_CSV=AI,283,8441,3,3,5759,851,0,0,0,19988,8,800,0,0,0
TASK3_FRAME_CSV=AI,284,7575,3,3,5880,880,0,0,0,19988,35,380,0,0,0
TASK3_FRAME_CSV=AI,285,6782,3,3,5126,656,0,0,0,19988,10,939,0,0,0
TASK3_FRAME_CSV=AI,286,6069,3,2,2924,821,0,0,-1000,15988,11,958,0,0,0
TASK3_FRAME_CSV=AI,287,5443,2,2,4268,801,0,0,-999,11992,10,1000,0,0,0
TASK3_FRAME_CSV=AI,288,4907,2,2,2602,839,0,0,-749,8996,9,845,0,0,0
TASK3_FRAME_CSV=AI,289,4458,2,2,17736,741,0,0,-562,6748,11,900,0,0,0
TASK3_FRAME_CSV=AI,290,4094,2,2,21142,805,0,0,-421,5064,67,842,0,0,0
TASK3_FRAME_CSV=AI,291,3807,2,2,23021,830,0,0,-316,3800,8,685,0,0,0
TASK3_FRAME_CSV=AI,292,3588,2,2,9962,798,0,0,-237,2852,9,836,0,0,0
TASK3_FRAME_CSV=AI,293,3425,2,2,12518,637,0,0,-178,2140,11,960,0,0,0
TASK3_FRAME_CSV=AI,294,3303,2,2,11425,805,0,0,-133,1608,10,926,0,0,0
TASK3_FRAME_CSV=AI,295,3206,2,2,10119,825,0,0,-100,1208,9,844,0,0,0
TASK3_FRAME_CSV=AI,296,3119,2,2,15927,528,0,0,-75,908,9,771,0,0,0
TASK3_FRAME_CSV=AI,297,3023,2,2,21082,636,0,0,-56,684,11,1100,0,0,0
TASK3_FRAME_CSV=AI,298,2900,2,2,17269,825,0,0,-42,516,12,924,0,0,0
TASK3_FRAME_CSV=AI,299,2736,2,2,11256,540,0,0,-32,388,47,918,0,0,0
TASK3_FRAME_CSV=AI,300,2513,2,2,17526,643,0,0,-24,292,82,999,0,0,0
TASK3_FRAME_CSV=AI,301,2218,2,2,14540,530,0,0,-18,220,9,618,0,0,0
TASK3_FRAME_CSV=AI,302,1838,2,2,9534,890,0,0,-13,168,7,726,0,0,0
TASK3_FRAME_CSV=AI,303,1365,2,2,23876,630,0,0,-10,128,6,552,0,0,0
TASK3_FRAME_CSV=AI,304,792,2,2,13684,822,0,0,-8,96,6,606,0,0,0
TASK3_FRAME_CSV=AI,305,114,2,2,16371,822,0,0,-6,72,10,985,0,0,0
TASK3_FRAME_CSV=AI,306,-668,2,2,24236,806,0,0,-4,56,9,810,0,0,0
TASK3_FRAME_CSV=AI,307,-1551,2,2,23047,846,0,0,-3,44,12,902,0,0,0
TASK3_FRAME_CSV=AI,308,-2529,2,2,9898,533,0,0,-2,36,44,553,0,0,0
TASK3_FRAME_CSV=AI,309,-3594,2,2,23142,584,0,0,-2,28,5,436,0,0,0
TASK3_FRAME_CSV=AI,310,-4732,2,2,11027,638,0,0,-1,24,80,650,0,0,0
TASK3_FRAME_CSV=AI,311,-5930,2,1,3054,634,0,0,-1000,-3976,11,717,0,0,0
TASK3_FRAME_CSV=AI,312,-7169,1,1,11218,631,0,0,-1000,-7976,71,567,0,0,0
TASK3_FRAME_CSV=AI,313,-8432,1,1,24440,659,0,0,-751,-10980,11,1194,0,0,0
TASK3_FRAME_CSV=AI,314,-9698,1,1,22841,575,0,0,-563,-13232,51,1037,0,0,0
TASK3_FRAME_CSV=AI,315,-10946,1,1,32767,636,0,0,-423,-14924,85,965,0,0,0
TASK3_FRAME_CSV=AI,316,-12155,1,1,32767,640,0,0,-317,-16192,82,941,0,0,0
TASK3_FRAME_CSV=AI,317,-13305,1,1,32767,641,0,0,-238,-17144,10,892,0,0,0
TASK3_FRAME_CSV=AI,318,-14375,1,1,32767,527,0,0,-178,-17856,9,568,0,0,0
TASK3_FRAME_CSV=AI,319,-15348,1,1,32767,794,0,0,-134,-18392,64,762,0,0,0
TASK3_FRAME_CSV=AI,320,-16206,1,1,32767,528,0,0,-100,-18792,10,790,0,0,0
TASK3_FRAME_CSV=AI,321,-16937,1,1,24730,794,0,0,-75,-19092,7,771,0,0,0
TASK3_FRAME_CSV=AI,322,-17528,1,1,32767,642,0,0,-56,-19316,83,962,0,0,0
TASK3_FRAME_CSV=AI,323,-17971,1,1,24088,627,0,0,-42,-19484,69,534,0,0,0
TASK3_FRAME_CSV=AI,324,-18262,1,1,28151,764,0,0,-32,-19612,11,913,0,0,0
TASK3_FRAME_CSV=AI,325,-18399,1,1,32767,827,0,0,-24,-19708,87,787,0,0,0
TASK3_FRAME_CSV=AI,326,-18384,1,1,32767,763,0,0,-18,-19780,80,1006,0,0,0
TASK3_FRAME_CSV=AI,327,-18221,1,1,19779,793,0,0,-13,-19832,11,883,0,0,0
TASK3_FRAME_CSV=AI,328,-17921,1,1,25223,792,0,0,-10,-19872,9,794,0,0,0
TASK3_FRAME_CSV=AI,329,-17492,1,1,32767,528,0,0,-8,-19904,52,998,0,0,0
TASK3_FRAME_CSV=AI,330,-16951,1,1,32767,762,0,0,-6,-19928,83,1024,0,0,0
TASK3_FRAME_CSV=AI,331,-16312,1,1,32767,789,0,0,-4,-19944,9,925,0,0,0
TASK3_FRAME_CSV=AI,332,-15594,1,1,32767,531,0,0,-3,-19956,48,911,0,0,0
TASK3_FRAME_CSV=AI,333,-14815,1,1,32767,820,0,0,-2,-19964,81,882,0,0,0
TASK3_FRAME_CSV=AI,334,-13996,1,1,32767,526,0,0,-2,-19972,10,884,0,0,0
TASK3_FRAME_CSV=AI,335,-13156,1,1,32767,537,0,0,-1,-19976,11,951,0,0,0
TASK3_FRAME_CSV=AI,336,-12315,1,1,32767,644,0,0,-1,-19980,80,954,0,0,0
TASK3_FRAME_CSV=AI,337,-11491,1,1,29787,827,0,0,-1,-19984,10,786,0,0,0
TASK3_FRAME_CSV=AI,338,-10700,1,1,30624,762,0,0,-1,-19988,9,804,0,0,0
TASK3_FRAME_CSV=AI,339,-9959,1,1,32767,531,0,0,0,-19988,9,696,0,0,0
TASK3_FRAME_CSV=AI,340,-9279,1,1,32767,600,0,0,0,-19988,50,1114,0,0,0
TASK3_FRAME_CSV=AI,341,-8670,1,1,28840,645,0,0,0,-19988,84,1113,0,0,0
TASK3_FRAME_CSV=AI,342,-8139,1,1,20786,639,0,0,0,-19988,82,1123,0,0,0
TASK3_FRAME_CSV=AI,343,-7690,1,1,22473,805,0,0,0,-19988,86,1220,0,0,0
TASK3_FRAME_CSV=AI,344,-7323,1,1,17123,636,0,0,0,-19988,80,1029,0,0,0
TASK3_FRAME_CSV=AI,345,-7035,1,1,11102,602,0,0,0,-19988,11,1101,0,0,0
TASK3_FRAME_CSV=AI,346,-6821,1,1,11365,1031,0,0,0,-19988,91,1152,0,0,0
TASK3_FRAME_CSV=AI,347,-6672,1,1,5368,750,0,0,0,-19988,11,798,0,0,0
TASK3_FRAME_CSV=AI,348,-6577,1,1,3934,522,0,0,0,-19988,3,404,0,0,0
TASK3_FRAME_CSV=AI,349,-6522,1,1,3683,517,0,0,0,-19988,2,439,0,0,0
TASK3_FRAME_CSV=AI,350,-6492,1,1,3602,684,0,0,0,-19988,9,972,0,0,0
TASK3_FRAME_CSV=AI,351,-6471,1,1,4907,679,0,0,0,-19988,80,1063,0,0,0
TASK3_FRAME_CSV=AI,352,-6440,1,1,4076,914,0,0,0,-19988,47,945,0,0,0
TASK3_FRAME_CSV=AI,353,-6383,1,1,1458,956,0,0,0,-19988,116,1349,0,0,0
TASK3_FRAME_CSV=AI,354,-6283,1,1,4363,625,0,0,0,-19988,67,573,0,0,0
TASK3_FRAME_CSV=AI,355,-6122,1,2,1568,631,0,0,1000,-15988,76,653,0,0,0
TASK3_FRAME_CSV=AI,356,-5886,2,2,3651,963,0,0,999,-11992,86,1176,0,0,0
TASK3_FRAME_CSV=AI,357,-5563,2,2,3898,960,0,0,749,-8996,103,1438,0,0,0
TASK3_FRAME_CSV=AI,358,-5140,2,2,6061,523,0,0,562,-6748,3,530,0,0,0
TASK3_FRAME_CSV=AI,359,-4610,2,2,29222,523,0,0,421,-5064,8,513,0,0,0
TASK3_FRAME_CSV=AI,360,-3968,2,2,28418,624,0,0,316,-3800,84,947,0,0,0
TASK3_FRAME_CSV=AI,361,-3211,2,2,32767,768,0,0,237,-2852,96,639,0,0,0
TASK3_FRAME_CSV=AI,362,-2342,2,2,10995,628,0,0,178,-2140,86,1029,0,0,0
TASK3_FRAME_CSV=AI,363,-1365,2,2,32767,554,0,0,133,-1608,84,1048,0,0,0
TASK3_FRAME_CSV=AI,364,-287,2,2,16169,726,0,0,100,-1208,51,906,0,0,0
TASK3_FRAME_CSV=AI,365,880,2,2,18496,643,0,0,75,-908,89,1119,0,0,0
TASK3_FRAME_CSV=AI,366,2122,2,2,9268,623,0,0,56,-684,64,985,0,0,0
TASK3_FRAME_CSV=AI,367,3425,2,2,13973,741,0,0,42,-516,48,901,0,0,0
TASK3_FRAME_CSV=AI,368,4768,2,2,18101,766,0,0,32,-388,10,768,0,0,0
TASK3_FRAME_CSV=AI,369,6134,3,2,3074,534,0,0,24,-292,11,882,0,0,0
TASK3_FRAME_CSV=AI,370,7500,3,3,10010,745,0,0,1000,3708,79,957,0,0,0
TASK3_FRAME_CSV=AI,371,8846,3,3,16140,739,0,0,1000,7708,9,1002,0,0,0
TASK3_FRAME_CSV=AI,372,10149,3,3,16208,734,0,0,768,10780,11,1049,0,0,0
TASK3_FRAME_CSV=AI,373,11391,3,3,18302,729,0,0,576,13084,76,896,0,0,0
TASK3_FRAME_CSV=AI,374,12550,3,3,31041,534,0,0,432,14812,44,861,0,0,0
TASK3_FRAME_CSV=AI,375,13609,3,3,32767,626,0,0,324,16108,48,947,0,0,0
TASK3_FRAME_CSV=AI,376,14553,3,3,32767,529,0,0,243,17080,48,892,0,0,0
TASK3_FRAME_CSV=AI,377,15369,3,3,32767,522,0,0,182,17808,81,968,0,0,0
TASK3_FRAME_CSV=AI,378,16045,3,3,32767,533,0,0,137,18356,9,880,0,0,0
TASK3_FRAME_CSV=AI,379,16576,3,3,32767,870,0,0,102,18764,9,768,0,0,0
TASK3_FRAME_CSV=AI,380,16958,3,3,28990,717,0,0,77,19072,45,941,0,0,0
TASK3_FRAME_CSV=AI,381,17190,3,3,32767,728,0,0,58,19304,9,943,0,0,0
TASK3_FRAME_CSV=AI,382,17275,3,3,32767,964,0,0,43,19476,85,1098,0,0,0
TASK3_FRAME_CSV=AI,383,17220,3,3,32767,627,0,0,32,19604,93,1182,0,0,0
TASK3_FRAME_CSV=AI,384,17034,3,3,32767,633,0,0,24,19700,3,641,0,0,0
TASK3_FRAME_CSV=AI,385,16729,3,3,32767,635,0,0,18,19772,79,1173,0,0,0
TASK3_FRAME_CSV=AI,386,16320,3,3,32767,658,0,0,14,19828,48,969,0,0,0
TASK3_FRAME_CSV=AI,387,15823,3,3,32767,545,0,0,10,19868,108,995,0,0,0
TASK3_FRAME_CSV=AI,388,15257,3,3,32767,640,0,0,8,19900,9,974,0,0,0
TASK3_FRAME_CSV=AI,389,14640,3,3,32767,545,0,0,6,19924,8,783,0,0,0
TASK3_FRAME_CSV=AI,390,13992,3,3,32767,634,0,0,4,19940,9,1155,0,0,0
TASK3_FRAME_CSV=AI,391,13332,3,3,32767,627,0,0,3,19952,68,580,0,0,0
TASK3_FRAME_CSV=AI,392,12678,3,3,26486,529,0,0,3,19964,85,941,0,0,0
TASK3_FRAME_CSV=AI,393,12048,3,3,32767,560,0,0,2,19972,86,1207,0,0,0
TASK3_FRAME_CSV=AI,394,11456,3,3,31947,629,0,0,1,19976,80,963,0,0,0
TASK3_FRAME_CSV=AI,395,10917,3,3,32767,958,0,0,1,19980,87,1286,0,0,0
TASK3_FRAME_CSV=AI,396,10441,3,3,15684,599,0,0,1,19984,8,936,0,0,0
TASK3_FRAME_CSV=AI,397,10036,3,3,18727,601,0,0,1,19988,83,945,0,0,0
TASK3_FRAME_CSV=AI,398,9707,3,3,15749,957,0,0,0,19988,11,1248,0,0,0
TASK3_FRAME_CSV=AI,399,9455,3,3,22864,582,0,0,0,19988,9,826,0,0,0
TASK3_FRAME_CSV=AI,400,9279,3,3,32767,417,0,0,0,19988,68,818,0,0,0
TASK3_FRAME_CSV=AI,401,9174,3,3,15287,678,0,0,0,19988,50,848,0,0,0
TASK3_FRAME_CSV=AI,402,9133,3,3,13587,620,0,0,0,19988,38,766,0,0,0
TASK3_FRAME_CSV=AI,403,9144,3,3,21791,614,0,0,0,19988,9,771,0,0,0
TASK3_FRAME_CSV=AI,404,9196,3,3,32767,609,0,0,0,19988,60,788,0,0,0
TASK3_FRAME_CSV=AI,405,9274,3,3,27705,603,0,0,0,19988,10,913,0,0,0
TASK3_FRAME_CSV=AI,406,9361,3,3,23485,615,0,0,0,19988,8,795,0,0,0
TASK3_FRAME_CSV=AI,407,9440,3,3,14844,715,0,0,0,19988,79,844,0,0,0
TASK3_FRAME_CSV=AI,408,9493,3,3,17771,676,0,0,0,19988,9,926,0,0,0
TASK3_FRAME_CSV=AI,409,9502,3,3,14294,839,0,0,0,19988,10,837,0,0,0
TASK3_FRAME_CSV=AI,410,9451,3,3,32767,625,0,0,0,19988,61,754,0,0,0
TASK3_FRAME_CSV=AI,411,9323,3,3,18026,627,0,0,0,19988,60,733,0,0,0
TASK3_FRAME_CSV=AI,412,9104,3,3,12947,637,0,0,0,19988,63,862,0,0,0
TASK3_FRAME_CSV=AI,413,8782,3,3,14345,617,0,0,0,19988,36,720,0,0,0
TASK3_FRAME_CSV=AI,414,8347,3,3,22195,602,0,0,0,19988,7,872,0,0,0
TASK3_FRAME_CSV=AI,415,7793,3,3,8710,648,0,0,0,19988,71,809,0,0,0
TASK3_FRAME_CSV=AI,416,7115,3,3,10412,586,0,0,0,19988,69,853,0,0,0
TASK3_FRAME_CSV=AI,417,6314,3,3,1954,615,0,0,0,19988,74,766,0,0,0
TASK3_FRAME_CSV=AI,418,5393,2,2,8162,641,0,0,-1000,15988,39,727,0,0,0
TASK3_FRAME_CSV=AI,419,4357,2,2,9408,436,0,0,-999,11992,42,789,0,0,0
TASK3_FRAME_CSV=AI,420,3216,2,2,12191,615,0,0,-749,8996,9,763,0,0,0
TASK3_FRAME_CSV=AI,421,1983,2,2,20838,604,0,0,-562,6748,49,867,0,0,0
TASK3_FRAME_CSV=AI,422,672,2,2,32767,606,0,0,-421,5064,47,751,0,0,0
TASK3_FRAME_CSV=AI,423,-699,2,2,16030,633,0,0,-316,3800,9,752,0,0,0
TASK3_FRAME_CSV=AI,424,-2111,2,2,32767,612,0,0,-237,2852,10,748,0,0,0
TASK3_FRAME_CSV=AI,425,-3543,2,2,11507,436,0,0,-178,2140,50,868,0,0,0
TASK3_FRAME_CSV=AI,426,-4974,2,2,6227,423,0,0,-133,1608,60,792,0,0,0
TASK3_FRAME_CSV=AI,427,-6383,1,1,4592,414,0,0,-1000,-2392,66,765,0,0,0
TASK3_FRAME_CSV=AI,428,-7749,1,1,28040,649,0,0,-1000,-6392,11,759,0,0,0
TASK3_FRAME_CSV=AI,429,-9050,1,1,13585,630,0,0,-850,-9792,9,868,0,0,0
TASK3_FRAME_CSV=AI,430,-10268,1,1,32767,628,0,0,-638,-12344,10,639,0,0,0
TASK3_FRAME_CSV=AI,431,-11386,1,1,32767,651,0,0,-478,-14256,12,922,0,0,0
TASK3_FRAME_CSV=AI,432,-12388,1,1,25462,610,0,0,-359,-15692,64,784,0,0,0
TASK3_FRAME_CSV=AI,433,-13264,1,1,32767,584,0,0,-269,-16768,59,707,0,0,0
TASK3_FRAME_CSV=AI,434,-14005,1,1,32767,420,0,0,-202,-17576,69,815,0,0,0
TASK3_FRAME_CSV=AI,435,-14603,1,1,32328,437,0,0,-151,-18180,10,798,0,0,0
TASK3_FRAME_CSV=AI,436,-15057,1,1,31045,605,0,0,-113,-18632,9,793,0,0,0
TASK3_FRAME_CSV=AI,437,-15369,1,1,32767,577,0,0,-85,-18972,62,806,0,0,0
TASK3_FRAME_CSV=AI,438,-15541,1,1,23920,588,0,0,-64,-19228,7,775,0,0,0
TASK3_FRAME_CSV=AI,439,-15583,1,1,28505,683,0,0,-48,-19420,69,917,0,0,0
TASK3_FRAME_CSV=AI,440,-15503,1,1,32767,646,0,0,-36,-19564,6,836,0,0,0
TASK3_FRAME_CSV=AI,441,-15316,1,1,32767,601,0,0,-27,-19672,61,664,0,0,0
TASK3_FRAME_CSV=AI,442,-15036,1,1,32767,578,0,0,-20,-19752,9,686,0,0,0
TASK3_FRAME_CSV=AI,443,-14680,1,1,32767,765,0,0,-15,-19812,79,1023,0,0,0
TASK3_FRAME_CSV=AI,444,-14266,1,1,31689,755,0,0,-11,-19856,85,1037,0,0,0
TASK3_FRAME_CSV=AI,445,-13813,1,1,32767,613,0,0,-9,-19892,82,828,0,0,0
TASK3_FRAME_CSV=AI,446,-13340,1,1,32767,765,0,0,-6,-19916,51,921,0,0,0
TASK3_FRAME_CSV=AI,447,-12865,1,1,32767,612,0,0,-5,-19936,62,857,0,0,0
TASK3_FRAME_CSV=AI,448,-12405,1,1,32767,560,0,0,-4,-19952,77,952,0,0,0
TASK3_FRAME_CSV=AI,449,-11977,1,1,25494,409,0,0,-3,-19964,39,871,0,0,0
TASK3_FRAME_CSV=AI,450,-11594,1,1,32767,549,0,0,-2,-19972,87,964,0,0,0
TASK3_FRAME_CSV=AI,451,-11268,1,1,32767,985,0,0,-1,-19976,141,1172,0,0,0
TASK3_FRAME_CSV=AI,452,-11008,1,1,23416,571,0,0,-1,-19980,46,1050,0,0,0
TASK3_FRAME_CSV=AI,453,-10819,1,1,32767,608,0,0,-1,-19984,5,556,0,0,0
TASK3_FRAME_CSV=AI,454,-10705,1,1,28743,606,0,0,-1,-19988,72,628,0,0,0
TASK3_FRAME_CSV=AI,455,-10664,1,1,29379,606,0,0,0,-19988,2,592,0,0,0
TASK3_FRAME_CSV=AI,456,-10694,1,1,23194,674,0,0,0,-19988,3,506,0,0,0
TASK3_FRAME_CSV=AI,457,-10788,1,1,32767,600,0,0,0,-19988,2,511,0,0,0
TASK3_FRAME_CSV=AI,458,-10935,1,1,32767,605,0,0,0,-19988,3,569,0,0,0
TASK3_FRAME_CSV=AI,459,-11125,1,1,22343,595,0,0,0,-19988,13,664,0,0,0
TASK3_FRAME_CSV=AI,460,-11343,1,1,32767,685,0,0,0,-19988,5,609,0,0,0
TASK3_FRAME_CSV=AI,461,-11572,1,1,21308,685,0,0,0,-19988,121,642,0,0,0
TASK3_FRAME_CSV=AI,462,-11796,1,1,26989,600,0,0,0,-19988,73,623,0,0,0
TASK3_FRAME_CSV=AI,463,-11996,1,1,21458,606,0,0,0,-19988,81,869,0,0,0
TASK3_FRAME_CSV=AI,464,-12155,1,1,32767,810,0,0,0,-19988,83,916,0,0,0
TASK3_FRAME_CSV=AI,465,-12254,1,1,20542,653,0,0,0,-19988,61,885,0,0,0
TASK3_FRAME_CSV=AI,466,-12277,1,1,32767,658,0,0,0,-19988,82,890,0,0,0
TASK3_FRAME_CSV=AI,467,-12208,1,1,32767,593,0,0,0,-19988,11,858,0,0,0
TASK3_FRAME_CSV=AI,468,-12033,1,1,32767,642,0,0,0,-19988,9,623,0,0,0
TASK3_FRAME_CSV=AI,469,-11741,1,1,32767,671,0,0,0,-19988,4,445,0,0,0
TASK3_FRAME_CSV=AI,470,-11325,1,1,32767,646,0,0,0,-19988,8,708,0,0,0
TASK3_FRAME_CSV=AI,471,-10777,1,1,32767,643,0,0,0,-19988,9,819,0,0,0
TASK3_FRAME_CSV=AI,472,-10097,1,1,21179,520,0,0,0,-19988,9,830,0,0,0
TASK3_FRAME_CSV=AI,473,-9286,1,1,28423,639,0,0,0,-19988,9,910,0,0,0
TASK3_FRAME_CSV=AI,474,-8347,1,1,6267,650,0,0,0,-19988,9,856,0,0,0
TASK3_FRAME_CSV=AI,475,-7288,1,1,18152,671,0,0,0,-19988,9,848,0,0,0
TASK3_FRAME_CSV=AI,476,-6121,1,1,15050,1023,0,0,0,-19988,11,920,0,0,0
TASK3_FRAME_CSV=AI,477,-4859,2,2,5099,547,0,0,1000,-15988,10,929,0,0,0
TASK3_FRAME_CSV=AI,478,-3519,2,2,24055,695,0,0,999,-11992,8,745,0,0,0
TASK3_FRAME_CSV=AI,479,-2118,2,2,25574,589,0,0,749,-8996,62,1056,0,0,0
TASK3_FRAME_CSV=AI,480,-676,2,2,32767,673,0,0,562,-6748,48,772,0,0,0
TASK3_FRAME_CSV=AI,481,785,2,2,16340,594,0,0,421,-5064,9,947,0,0,0
TASK3_FRAME_CSV=AI,482,2244,2,2,16035,689,0,0,316,-3800,9,840,0,0,0
TASK3_FRAME_CSV=AI,483,3679,2,2,9686,613,0,0,237,-2852,61,951,0,0,0
TASK3_FRAME_CSV=AI,484,5069,2,2,11097,840,0,0,178,-2140,49,1051,0,0,0
TASK3_FRAME_CSV=AI,485,6395,3,3,2118,1072,0,0,1000,1860,47,1004,0,0,0
TASK3_FRAME_CSV=AI,486,7638,3,3,18301,555,0,0,1000,5860,85,1306,0,0,0
TASK3_FRAME_CSV=AI,487,8782,3,3,29148,676,0,0,883,9392,49,1040,0,0,0
TASK3_FRAME_CSV=AI,488,9813,3,3,22809,894,0,0,663,12044,11,1188,0,0,0
TASK3_FRAME_CSV=AI,489,10720,3,3,32767,593,0,0,497,14032,47,853,0,0,0
TASK3_FRAME_CSV=AI,490,11496,3,3,32767,799,0,0,373,15524,49,555,0,0,0
TASK3_FRAME_CSV=AI,491,12137,3,3,32767,620,0,0,279,16640,83,676,0,0,0
TASK3_FRAME_CSV=AI,492,12641,3,3,32767,604,0,0,210,17480,62,995,0,0,0
TASK3_FRAME_CSV=AI,493,13012,3,3,32767,574,0,0,157,18108,84,921,0,0,0
TASK3_FRAME_CSV=AI,494,13253,3,3,32767,563,0,0,118,18580,11,962,0,0,0
TASK3_FRAME_CSV=AI,495,13374,3,3,32767,603,0,0,88,18932,2,549,0,0,0
TASK3_FRAME_CSV=AI,496,13387,3,3,32767,561,0,0,66,19196,81,1107,0,0,0
TASK3_FRAME_CSV=AI,497,13305,3,3,32767,595,0,0,50,19396,73,649,0,0,0
TASK3_FRAME_CSV=AI,498,13143,3,3,32767,591,0,0,37,19544,66,614,0,0,0
TASK3_FRAME_CSV=AI,499,12919,3,3,32767,576,0,0,28,19656,11,1138,0,0,0
TASK3_FRAME_CSV=AI,500,12651,3,3,32767,587,0,0,21,19740,4,646,0,0,0
TASK3_FRAME_CSV=AI,501,12357,3,3,32767,836,0,0,16,19804,85,1168,0,0,0
TASK3_FRAME_CSV=AI,502,12056,3,3,32767,613,0,0,12,19852,69,564,0,0,0
TASK3_FRAME_CSV=AI,503,11764,3,3,20537,581,0,0,9,19888,69,1036,0,0,0
TASK3_FRAME_CSV=AI,504,11498,3,3,32767,621,0,0,7,19916,46,894,0,0,0
TASK3_FRAME_CSV=AI,505,11273,3,3,32767,609,0,0,5,19936,8,871,0,0,0
TASK3_FRAME_CSV=AI,506,11101,3,3,28633,617,0,0,4,19952,49,872,0,0,0
TASK3_FRAME_CSV=AI,507,10991,3,3,32767,616,0,0,3,19964,49,790,0,0,0
TASK3_FRAME_CSV=AI,508,10950,3,3,19719,811,0,0,2,19972,11,910,0,0,0
TASK3_FRAME_CSV=AI,509,10983,3,3,32767,598,0,0,1,19976,77,964,0,0,0
TASK3_FRAME_CSV=AI,510,11090,3,3,30090,525,0,0,1,19980,11,818,0,0,0
TASK3_FRAME_CSV=AI,511,11268,3,3,21454,651,0,0,1,19984,82,762,0,0,0
TASK3_FRAME_CSV=AI,512,11512,3,3,21698,611,0,0,1,19988,46,764,0,0,0
TASK3_FRAME_CSV=AI,513,11813,3,3,32767,535,0,0,0,19988,10,1085,0,0,0
TASK3_FRAME_CSV=AI,514,12159,3,3,32767,583,0,0,0,19988,48,894,0,0,0
TASK3_FRAME_CSV=AI,515,12538,3,3,32767,623,0,0,0,19988,46,875,0,0,0
TASK3_FRAME_CSV=AI,516,12933,3,3,32767,607,0,0,0,19988,47,922,0,0,0
TASK3_FRAME_CSV=AI,517,13328,3,3,13815,601,0,0,0,19988,71,960,0,0,0
TASK3_FRAME_CSV=AI,518,13703,3,3,26699,1033,0,0,0,19988,81,1080,0,0,0
TASK3_FRAME_CSV=AI,519,14041,3,3,32767,626,0,0,0,19988,4,499,0,0,0
TASK3_FRAME_CSV=AI,520,14323,3,3,32767,626,0,0,0,19988,9,797,0,0,0
TASK3_FRAME_CSV=AI,521,14531,3,3,32767,613,0,0,0,19988,44,766,0,0,0
TASK3_FRAME_CSV=AI,522,14648,3,3,27239,1068,0,0,0,19988,82,936,0,0,0
TASK3_FRAME_CSV=AI,523,14660,3,3,32767,527,0,0,0,19988,9,809,0,0,0
TASK3_FRAME_CSV=AI,524,14553,3,3,32767,970,0,0,0,19988,84,989,0,0,0
TASK3_FRAME_CSV=AI,525,14318,3,3,32767,1049,0,0,0,19988,83,1016,0,0,0
TASK3_FRAME_CSV=AI,526,13947,3,3,32767,991,0,0,0,19988,49,1004,0,0,0
TASK3_FRAME_CSV=AI,527,13436,3,3,32767,981,0,0,0,19988,48,1018,0,0,0
TASK3_FRAME_CSV=AI,528,12784,3,3,32767,1057,0,0,0,19988,82,1050,0,0,0
TASK3_FRAME_CSV=AI,529,11994,3,3,32767,555,0,0,0,19988,10,1283,0,0,0
TASK3_FRAME_CSV=AI,530,11072,3,3,32767,671,0,0,0,19988,86,1234,0,0,0
TASK3_FRAME_CSV=AI,531,10026,3,3,32767,874,0,0,0,19988,81,972,0,0,0
TASK3_FRAME_CSV=AI,532,8869,3,3,13674,651,0,0,0,19988,92,1249,0,0,0
TASK3_FRAME_CSV=AI,533,7615,3,3,5310,650,0,0,0,19988,96,1203,0,0,0
TASK3_FRAME_CSV=AI,534,6283,3,3,1201,1050,0,0,0,19988,84,1252,0,0,0
TASK3_FRAME_CSV=AI,535,4890,2,2,8711,531,0,0,-1000,15988,81,910,0,0,0
TASK3_FRAME_CSV=AI,536,3458,2,2,10526,834,0,0,-999,11992,69,585,0,0,0
TASK3_FRAME_CSV=AI,537,2007,2,2,23087,844,0,0,-749,8996,94,735,0,0,0
TASK3_FRAME_CSV=AI,538,560,2,2,32767,633,0,0,-562,6748,44,427,0,0,0
TASK3_FRAME_CSV=AI,539,-863,2,2,32767,633,0,0,-421,5064,45,515,0,0,0
TASK3_FRAME_CSV=AI,540,-2240,2,2,32767,1055,0,0,-316,3800,4,501,0,0,0
TASK3_FRAME_CSV=AI,541,-3553,2,2,19631,633,0,0,-237,2852,47,445,0,0,0
TASK3_FRAME_CSV=AI,542,-4784,2,2,5943,627,0,0,-178,2140,47,449,0,0,0
TASK3_FRAME_CSV=AI,543,-5918,2,2,6323,905,0,0,-133,1608,95,1183,0,0,0
TASK3_FRAME_CSV=AI,544,-6943,1,1,5636,665,0,0,-1000,-2392,84,860,0,0,0
TASK3_FRAME_CSV=AI,545,-7850,1,1,5551,828,0,0,-1000,-6392,6,931,0,0,0
TASK3_FRAME_CSV=AI,546,-8632,1,1,27362,1044,0,0,-850,-9792,4,624,0,0,0
TASK3_FRAME_CSV=AI,547,-9286,1,1,15024,700,0,0,-638,-12344,12,1138,0,0,0
TASK3_FRAME_CSV=AI,548,-9813,1,1,32767,1038,0,0,-478,-14256,84,937,0,0,0
TASK3_FRAME_CSV=AI,549,-10216,1,1,32767,636,0,0,-359,-15692,9,837,0,0,0
TASK3_FRAME_CSV=AI,550,-10503,1,1,29707,1043,0,0,-269,-16768,71,650,0,0,0
TASK3_FRAME_CSV=AI,551,-10682,1,1,32767,1041,0,0,-202,-17576,83,944,0,0,0
TASK3_FRAME_CSV=AI,552,-10768,1,1,18831,633,0,0,-151,-18180,94,1067,0,0,0
TASK3_FRAME_CSV=AI,553,-10772,1,1,25128,1036,0,0,-113,-18632,85,994,0,0,0
TASK3_FRAME_CSV=AI,554,-10713,1,1,32767,1040,0,0,-85,-18972,80,975,0,0,0
TASK3_FRAME_CSV=AI,555,-10607,1,1,28487,1037,0,0,-64,-19228,83,1061,0,0,0
TASK3_FRAME_CSV=AI,556,-10471,1,1,32767,1064,0,0,-48,-19420,85,951,0,0,0
TASK3_FRAME_CSV=AI,557,-10325,1,1,20135,1038,0,0,-36,-19564,81,900,0,0,0
TASK3_FRAME_CSV=AI,558,-10184,1,1,14989,855,0,0,-27,-19672,97,690,0,0,0
TASK3_FRAME_CSV=AI,559,-10067,1,1,26143,1062,0,0,-20,-19752,3,744,0,0,0
TASK3_FRAME_CSV=AI,560,-9988,1,1,32767,1040,0,0,-15,-19812,84,944,0,0,0
TASK3_FRAME_CSV=AI,561,-9959,1,1,32767,1053,0,0,-11,-19856,102,982,0,0,0
TASK3_FRAME_CSV=AI,562,-9992,1,1,21736,1056,0,0,-9,-19892,10,916,0,0,0
TASK3_FRAME_CSV=AI,563,-10093,1,1,16135,1064,0,0,-6,-19916,11,915,0,0,0
TASK3_FRAME_CSV=AI,564,-10269,1,1,21280,1044,0,0,-5,-19936,83,991,0,0,0
TASK3_FRAME_CSV=AI,565,-10521,1,1,32767,935,0,0,-4,-19952,83,1031,0,0,0
TASK3_FRAME_CSV=AI,566,-10848,1,1,19093,549,0,0,-3,-19964,58,997,0,0,0
TASK3_FRAME_CSV=AI,567,-11244,1,1,31871,543,0,0,-2,-19972,10,889,0,0,0
TASK3_FRAME_CSV=AI,568,-11702,1,1,32767,1077,0,0,-1,-19976,77,1006,0,0,0
TASK3_FRAME_CSV=AI,569,-12212,1,1,26760,533,0,0,-1,-19980,9,923,0,0,0
TASK3_FRAME_CSV=AI,570,-12760,1,1,32767,644,0,0,-1,-19984,86,857,0,0,0
TASK3_FRAME_CSV=AI,571,-13332,1,1,18139,536,0,0,-1,-19988,9,757,0,0,0
TASK3_FRAME_CSV=AI,572,-13910,1,1,26322,1069,0,0,0,-19988,44,652,0,0,0
TASK3_FRAME_CSV=AI,573,-14476,1,1,32767,1046,0,0,0,-19988,86,715,0,0,0
TASK3_FRAME_CSV=AI,574,-15011,1,1,29901,1039,0,0,0,-19988,78,655,0,0,0
TASK3_FRAME_CSV=AI,575,-15497,1,1,32767,912,0,0,0,-19988,93,955,0,0,0
TASK3_FRAME_CSV=AI,576,-15913,1,1,32767,538,0,0,0,-19988,46,975,0,0,0
TASK3_FRAME_CSV=AI,577,-16244,1,1,23870,637,0,0,0,-19988,61,1372,0,0,0
TASK3_FRAME_CSV=AI,578,-16471,1,1,32767,649,0,0,0,-19988,103,1132,0,0,0
TASK3_FRAME_CSV=AI,579,-16581,1,1,27747,657,0,0,0,-19988,46,531,0,0,0
TASK3_FRAME_CSV=AI,580,-16562,1,1,32767,658,0,0,0,-19988,4,589,0,0,0
TASK3_FRAME_CSV=AI,581,-16405,1,1,22744,868,0,0,0,-19988,90,743,0,0,0
TASK3_FRAME_CSV=AI,582,-16103,1,1,32767,915,0,0,0,-19988,81,1006,0,0,0
TASK3_FRAME_CSV=AI,583,-15654,1,1,17745,666,0,0,0,-19988,87,1302,0,0,0
TASK3_FRAME_CSV=AI,584,-15057,1,1,32767,630,0,0,0,-19988,19,396,0,0,0
TASK3_FRAME_CSV=AI,585,-14318,1,1,32273,651,0,0,0,-19988,52,647,0,0,0
TASK3_FRAME_CSV=AI,586,-13443,1,1,32767,646,0,0,0,-19988,43,459,0,0,0
TASK3_FRAME_CSV=AI,587,-12442,1,1,32767,907,0,0,0,-19988,72,693,0,0,0
TASK3_FRAME_CSV=AI,588,-11330,1,1,23773,529,0,0,0,-19988,39,771,0,0,0
TASK3_FRAME_CSV=AI,589,-10120,1,1,32767,932,0,0,0,-19988,9,666,0,0,0
TASK3_FRAME_CSV=AI,590,-8833,1,1,19344,1076,0,0,0,-19988,80,754,0,0,0
TASK3_FRAME_CSV=AI,591,-7486,1,1,23885,1036,0,0,0,-19988,99,693,0,0,0
TASK3_FRAME_CSV=AI,592,-6101,1,1,5076,530,0,0,0,-19988,9,691,0,0,0
TASK3_FRAME_CSV=AI,593,-4700,2,2,10579,897,0,0,1000,-15988,6,700,0,0,0
TASK3_FRAME_CSV=AI,594,-3303,2,2,32767,1042,0,0,999,-11992,11,1002,0,0,0
TASK3_FRAME_CSV=AI,595,-1932,2,2,28716,1047,0,0,749,-8996,81,939,0,0,0
TASK3_FRAME_CSV=AI,596,-606,2,2,25631,1044,0,0,562,-6748,79,958,0,0,0
TASK3_FRAME_CSV=AI,597,656,2,2,13084,1044,0,0,421,-5064,91,932,0,0,0
TASK3_FRAME_CSV=AI,598,1838,2,2,32767,1045,0,0,316,-3800,11,902,0,0,0
TASK3_FRAME_CSV=AI,599,2927,2,2,11062,1039,0,0,237,-2852,11,960,0,0,0
TASK3_SUMMARY_JSON={"schema":1,"frames_per_mode":600,"records":1200,"elapsed_us":119806724,"requests":1200,"successes":1200,"success_rate":1.000000,"application_errors":0,"application_timeouts":0,"transport_retries":0,"duplicates":0,"recovered":0,"reconnects":0,"injected_drops":0,"classification":{"correct":593,"total":600,"accuracy":0.988333,"confusion_matrix":[[224,2,0],[1,144,1],[0,3,225]]},"inference_us":{"min":399,"mean":712,"p50":640,"p95":1040,"p99":1082,"max":2024},"round_trip_us":{"min":203,"mean":862,"p50":883,"p95":1176,"p99":1359,"max":1723},"tracking_error_q15":{"fixed":{"min":0,"mean":9809,"p50":10325,"p95":17528,"p99":18726,"max":18947},"ai":{"min":0,"mean":6065,"p50":5720,"p95":12009,"p99":13551,"max":13887}},"settling":{"fixed":{"direction_changes":20,"successes":0,"mean_frames":0,"max_frames":0},"ai":{"direction_changes":20,"successes":0,"mean_frames":0,"max_frames":0}},"effective_payload_bytes_per_second":240}
reboot: Power down
