*** Booting Zephyr OS build v4.4.2 ***
RTIPC_SERVER_READY ip=192.168.77.30 port=9876
TASK3_RTOS_READY ip=192.168.77.30 port=9877

TASK3_RTOS_FINAL requests=6 errors=0 duplicates=0 applied_steps=6 retries=0
TASK3_RTOS_FINAL_DONE
RTBENCH_PMU status=unavailable event=0x8 reason=guest_pmu_unavailable units=ns
RTBENCH_BEGIN samples=10 expected=10 frequency=62500000 pmu_event=0x8
RTBENCH_NS metric=timer_jitter run=1 expected=10 collected=10 missing=0 p50_ns=647584 p95_ns=1295168 p99_ns=1295168 p99_9_ns=1295168 max_ns=1434736 mean_ns=662548
RTBENCH_NS metric=timer_jitter run=1 expected=10 collected=10 missing=0 p50_ns=647584 p95_ns=1295168 p99_ns=1295168 p99_9_ns=1295168 max_ns=1434736 mean_ns=662548
RTBENCH_NS metric=timer_jitter run=1 expected=10 collected=10 missing=0 p50_ns=647584 p95_ns=1295168 p99_ns=1295168 p99_9_ns=1295168 max_ns=1434736 mean_ns=662548
RTBENCH_NS metric=callback_exec run=1 expected=10 collected=10 missing=0 p50_ns=16 p95_ns=32 p99_ns=32 p99_9_ns=32 max_ns=32 mean_ns=19
RTBENCH_NS metric=callback_exec run=1 expected=10 collected=10 missing=0 p50_ns=16 p95_ns=32 p99_ns=32 p99_9_ns=32 max_ns=32 mean_ns=19
RTBENCH_NS metric=callback_exec run=1 expected=10 collected=10 missing=0 p50_ns=16 p95_ns=32 p99_ns=32 p99_9_ns=32 max_ns=32 mean_ns=19
RTBENCH_NS metric=preemption run=1 expected=10 collected=10 missing=0 p50_ns=80 p95_ns=96 p99_ns=96 p99_9_ns=96 max_ns=96 mean_ns=83
RTBENCH_NS metric=preemption run=1 expected=10 collected=10 missing=0 p50_ns=80 p95_ns=96 p99_ns=96 p99_9_ns=96 max_ns=96 mean_ns=83
RTBENCH_NS metric=preemption run=1 expected=10 collected=10 missing=0 p50_ns=80 p95_ns=96 p99_ns=96 p99_9_ns=96 max_ns=96 mean_ns=83
RTBENCH_NS metric=irq run=1 expected=10 collected=10 missing=0 p50_ns=32 p95_ns=32 p99_ns=32 p99_9_ns=32 max_ns=32 mean_ns=30
RTBENCH_NS metric=irq run=1 expected=10 collected=10 missing=0 p50_ns=32 p95_ns=32 p99_ns=32 p99_9_ns=32 max_ns=32 mean_ns=30
RTBENCH_NS metric=irq run=1 expected=10 collected=10 missing=0 p50_ns=32 p95_ns=32 p99_ns=32 p99_9_ns=32 max_ns=32 mean_ns=30
RTBENCH_NS metric=irq_to_task run=1 expected=10 collected=10 missing=0 p50_ns=80 p95_ns=96 p99_ns=96 p99_9_ns=96 max_ns=96 mean_ns=83
RTBENCH_NS metric=irq_to_task run=1 expected=10 collected=10 missing=0 p50_ns=80 p95_ns=96 p99_ns=96 p99_9_ns=96 max_ns=96 mean_ns=83
RTBENCH_NS metric=irq_to_task run=1 expected=10 collected=10 missing=0 p50_ns=80 p95_ns=96 p99_ns=96 p99_9_ns=96 max_ns=96 mean_ns=83
RTBENCH_NS metric=irq_disabled_duration run=1 expected=10 collected=10 missing=0 p50_ns=32 p95_ns=32 p99_ns=32 p99_9_ns=32 max_ns=32 mean_ns=28
RTBENCH_NS metric=irq_disabled_duration run=1 expected=10 collected=10 missing=0 p50_ns=32 p95_ns=32 p99_ns=32 p99_9_ns=32 max_ns=32 mean_ns=28
RTBENCH_NS metric=irq_disabled_duration run=1 expected=10 collected=10 missing=0 p50_ns=32 p95_ns=32 p99_ns=32 p99_9_ns=32 max_ns=32 mean_ns=28
RTBENCH_NS metric=mutex_inversion run=1 expected=10 collected=10 missing=0 p50_ns=96 p95_ns=96 p99_ns=96 p99_9_ns=96 max_ns=96 mean_ns=96
RTBENCH_NS metric=mutex_inversion run=1 expected=10 collected=10 missing=0 p50_ns=96 p95_ns=96 p99_ns=96 p99_9_ns=96 max_ns=96 mean_ns=96
RTBENCH_NS metric=mutex_inversion run=1 expected=10 collected=10 missing=0 p50_ns=96 p95_ns=96 p99_ns=96 p99_9_ns=96 max_ns=96 mean_ns=96
RTBENCH_NS metric=wake_under_load run=1 expected=10 collected=10 missing=0 p50_ns=80 p95_ns=80 p99_ns=80 p99_9_ns=80 max_ns=96 mean_ns=81
RTBENCH_NS metric=wake_under_load run=1 expected=10 collected=10 missing=0 p50_ns=80 p95_ns=80 p99_ns=80 p99_9_ns=80 max_ns=96 mean_ns=81
RTBENCH_NS metric=wake_under_load run=1 expected=10 collected=10 missing=0 p50_ns=80 p95_ns=80 p99_ns=80 p99_9_ns=80 max_ns=96 mean_ns=81
RTBENCH_NS metric=context_switch run=1 expected=10 collected=10 missing=0 p50_ns=80 p95_ns=96 p99_ns=96 p99_9_ns=96 max_ns=96 mean_ns=83
RTBENCH_NS metric=context_switch run=1 expected=10 collected=10 missing=0 p50_ns=80 p95_ns=96 p99_ns=96 p99_9_ns=96 max_ns=96 mean_ns=83
RTBENCH_NS metric=context_switch run=1 expected=10 collected=10 missing=0 p50_ns=80 p95_ns=96 p99_ns=96 p99_9_ns=96 max_ns=96 mean_ns=83
RTBENCH_NS metric=scheduler_decision run=1 expected=10 collected=10 missing=0 p50_ns=80 p95_ns=96 p99_ns=96 p99_9_ns=96 max_ns=96 mean_ns=86
RTBENCH_NS metric=scheduler_decision run=1 expected=10 collected=10 missing=0 p50_ns=80 p95_ns=96 p99_ns=96 p99_9_ns=96 max_ns=96 mean_ns=86
RTBENCH_NS metric=scheduler_decision run=1 expected=10 collected=10 missing=0 p50_ns=80 p95_ns=96 p99_ns=96 p99_9_ns=96 max_ns=96 mean_ns=86
RTBENCH_NS metric=sync_sem run=1 expected=10 collected=10 missing=0 p50_ns=80 p95_ns=80 p99_ns=80 p99_9_ns=80 max_ns=80 mean_ns=80
RTBENCH_NS metric=sync_sem run=1 expected=10 collected=10 missing=0 p50_ns=80 p95_ns=80 p99_ns=80 p99_9_ns=80 max_ns=80 mean_ns=80
RTBENCH_NS metric=sync_sem run=1 expected=10 collected=10 missing=0 p50_ns=80 p95_ns=80 p99_ns=80 p99_9_ns=80 max_ns=80 mean_ns=80
RTBENCH_NS metric=sync_mutex run=1 expected=10 collected=10 missing=0 p50_ns=96 p95_ns=96 p99_ns=96 p99_9_ns=96 max_ns=96 mean_ns=96
RTBENCH_NS metric=sync_mutex run=1 expected=10 collected=10 missing=0 p50_ns=96 p95_ns=96 p99_ns=96 p99_9_ns=96 max_ns=96 mean_ns=96
RTBENCH_NS metric=sync_mutex run=1 expected=10 collected=10 missing=0 p50_ns=96 p95_ns=96 p99_ns=96 p99_9_ns=96 max_ns=96 mean_ns=96
RTBENCH_NS metric=sync_mailbox run=1 expected=10 collected=10 missing=0 p50_ns=192 p95_ns=192 p99_ns=192 p99_9_ns=192 max_ns=192 mean_ns=188
RTBENCH_NS metric=sync_mailbox run=1 expected=10 collected=10 missing=0 p50_ns=192 p95_ns=192 p99_ns=192 p99_9_ns=192 max_ns=192 mean_ns=188
RTBENCH_NS metric=sync_mailbox run=1 expected=10 collected=10 missing=0 p50_ns=192 p95_ns=192 p99_ns=192 p99_9_ns=192 max_ns=192 mean_ns=188
RTBENCH_NS metric=irq_handler_exec run=1 expected=10 collected=10 missing=0 p50_ns=832 p95_ns=832 p99_ns=832 p99_9_ns=832 max_ns=832 mean_ns=825
RTBENCH_NS metric=irq_handler_exec run=1 expected=10 collected=10 missing=0 p50_ns=832 p95_ns=832 p99_ns=832 p99_9_ns=832 max_ns=832 mean_ns=825
RTBENCH_NS metric=irq_handler_exec run=1 expected=10 collected=10 missing=0 p50_ns=832 p95_ns=832 p99_ns=832 p99_9_ns=832 max_ns=832 mean_ns=825
RTBENCH_NS metric=deadline_miss_under_load run=1 expected=10 collected=10 missing=0 p50_ns=95968 p95_ns=174672 p99_ns=174672 p99_9_ns=174672 max_ns=203632 mean_ns=116238
RTBENCH_NS metric=deadline_miss_under_load run=1 expected=10 collected=10 missing=0 p50_ns=95968 p95_ns=174672 p99_ns=174672 p99_9_ns=174672 max_ns=203632 mean_ns=116238
RTBENCH_NS metric=deadline_miss_under_load run=1 expected=10 collected=10 missing=0 p50_ns=95968 p95_ns=174672 p99_ns=174672 p99_9_ns=174672 max_ns=203632 mean_ns=116238
RTBENCH_NS metric=net_event_latency run=1 expected=10 collected=10 missing=0 p50_ns=118640 p95_ns=1098816 p99_ns=1098816 p99_9_ns=1098816 max_ns=3559776 mean_ns=561192
RTBENCH_NS metric=net_event_latency run=1 expected=10 collected=10 missing=0 p50_ns=118640 p95_ns=1098816 p99_ns=1098816 p99_9_ns=1098816 max_ns=3559776 mean_ns=561192
RTBENCH_NS metric=net_event_latency run=1 expected=10 collected=10 missing=0 p50_ns=118640 p95_ns=1098816 p99_ns=1098816 p99_9_ns=1098816 max_ns=3559776 mean_ns=561192
RTBENCH_END status=PASS expected=10 collected=10 missing=0
RTBENCH_DONE
